Loaded Phase 1 model from checkpoints_indist_vanilla_2/phase1_best.pt
Loaded Phase 3 generator from checkpoints_indist_vanilla_2/phase3_generator.pt

Estimating average node count from val set...
/home1/sajan_rg/graphormer_eval/new_experiments/graph_exp_new/data.py:138: RuntimeWarning: k >= N for N * N square matrix. Attempting to use scipy.linalg.eigh instead.
  eigenvalues, eigenvectors = eigsh(
  avg_N ≈ 149.5 nodes per graph
  num_proxies (M) = 64
  max_k = 50  (max total proxies = 3200)
  oversample_factor = 4×  (generate 4×target, keep most diverse)

======================================================================================================
   k |   kept_proxies |  generated |     val_AP |   val_loss |    test_AP |  test_loss |    Δval_AP |     time
------------------------------------------------------------------------------------------------------
/home1/sajan_rg/graphormer_eval/new_experiments/graph_exp_new/data.py:138: RuntimeWarning: k >= N for N * N square matrix. Attempting to use scipy.linalg.eigh instead.
  eigenvalues, eigenvectors = eigsh(
   0 |              0 |          0 |     0.5019 |     0.5233 |     0.4931 |     0.5645 |    +0.0000 |     6.6s
/home1/sajan_rg/graphormer_eval/new_experiments/graph_exp_new/data.py:138: RuntimeWarning: k >= N for N * N square matrix. Attempting to use scipy.linalg.eigh instead.
  eigenvalues, eigenvectors = eigsh(
   1 |             64 |        256 |     0.4942 |     0.4858 |     0.4702 |     0.5282 |    -0.0077 |    40.0s
/home1/sajan_rg/graphormer_eval/new_experiments/graph_exp_new/data.py:138: RuntimeWarning: k >= N for N * N square matrix. Attempting to use scipy.linalg.eigh instead.
  eigenvalues, eigenvectors = eigsh(
   2 |            128 |        512 |     0.4428 |     0.5717 |     0.4345 |     0.5519 |    -0.0591 |   119.7s
/home1/sajan_rg/graphormer_eval/new_experiments/graph_exp_new/data.py:138: RuntimeWarning: k >= N for N * N square matrix. Attempting to use scipy.linalg.eigh instead.
  eigenvalues, eigenvectors = eigsh(
   3 |            192 |        768 |     0.4169 |     0.5920 |     0.3994 |     0.5999 |    -0.0849 |   130.9s

Plateau detected: val AP did not improve for 3 consecutive k steps. Stopping.

======================================================================================================
ABLATION SUMMARY
  Backbone:  vanilla_gt
  Generator: graph_coarsening
  Eval mode: phase1+gen
  M (num_proxies): 64
  avg_N: 149.5
  oversample_factor: 4×  (generate 4× target, FPS-select most diverse)

  Best proxy config:  k=1 (64 proxies selected from 256)
    val  AP: 0.4942 (Δ=-0.0077)
    test AP: 0.4702 (Δ=-0.0229)

  Baseline (k=0, no proxies):
    val  AP: 0.5019
    test AP: 0.4931

Results saved to checkpoints_indist_vanilla_2/ablation_results.json
