+ python main_adversarial_distillation.py --num_cycles 5 --run_stage1 --backbone vanilla_gt --generator flow_matching --num_proxies 16 --hidden_dim 512 --num_layers 4 --num_heads 8 --num_gred_layers 8 --num_transformer_layers 2 --state_dim 88 --batch_size 64 --num_workers 4 --s1_lr 3e-5 --s1_max_epochs 150 --s1_patience 15 --s2_lr 5e-5 --s2_max_epochs 1000 --s2_patience 100 --s3_lr_gen 3e-4 --s3_lr_transformer 5e-5 --s3_max_epochs 500 --s3_patience 50 --s3_grad_clip 0.5 --dropout 0.2 --s1_weight_decay 1e-3 --novelty_temperature 1 --novelty_alpha 0.1 --novelty_alpha_node 0.1 --diversity_weight 0.5 --distill_lr 1e-5 --distill_max_epochs 500 --distill_patience 80 --distill_temperature 1.5 --distill_kl_weight 0.5 --distill_node_weight 0.5 --distill_graph_weight 0.0001 --distill_task_weight 1 --gap_threshold 0.005 --distill_gap_threshold 0.003 --save_dir checkpoints_adv_distill_6
{'config': None, 'num_cycles': 5, 'resume_cycle': 0, 'gap_threshold': 0.005, 'distill_gap_threshold': 0.003, 'reinit_generator': False, 'run_stage1': True, 'generator': 'flow_matching', 'backbone': 'vanilla_gt', 'model_path': None, 'generator_path': None, 'hidden_dim': 512, 'num_layers': 4, 'num_heads': 8, 'output_dim': 10, 'dropout': 0.2, 'num_proxies': 16, 'use_lap_pe': True, 'lap_pe_dim': 8, 'state_dim': 88, 'num_gred_layers': 8, 'num_transformer_layers': 2, 'gred_expand': 1, 'r_min': 0.0, 'r_max': 1.0, 'max_phase': 6.28, 'gred_act': 'full-glu', 'max_hops': 40, 'dist_mask_workers': 8, 's1_lr': 3e-05, 's1_weight_decay': 0.001, 's1_max_epochs': 150, 's1_patience': 15, 's1_grad_clip': 1.0, 's2_lr': 5e-05, 's2_weight_decay': 0.0003, 's2_max_epochs': 1000, 's2_patience': 100, 's2_eval_every': 1, 's2_grad_clip': 1.0, 's3_lr_gen': 0.0003, 's3_lr_transformer': 5e-05, 's3_max_epochs': 500, 's3_patience': 50, 's3_grad_clip': 0.5, 's3_weight_decay': 0.0001, 'novelty_temperature': 1.0, 'novelty_alpha': 0.1, 'novelty_alpha_node': 0.1, 'diversity_weight': 0.5, 'gen_hidden_dim': 256, 'gen_num_layers': 4, 'gen_num_heads': 8, 'gen_dropout': 0.2, 'pma_query_mode': 'farthest_point', 'coarsen_gnn_type': 'GIN', 'coarsen_reg_weight': 0.1, 'coarsen_reg_type': 'mincut', 'gnn_layers': 4, 'gnn_type': 'GINE', 'pool_types': ['max'], 'decode_hidden': 128, 'decode_layers': 3, 'idx_emb_dim': 128, 'decode_mode': 'shared', 'denoiser_dim': 256, 'denoiser_layers': 4, 'denoiser_heads': 8, 'euler_steps': 1, 'use_cross_attn_routing': False, 'num_cross_layers': 2, 'cross_attn_proxy_self_attn': True, 'proxy_insertion_layers': '-1', 'separate_proxy_generators': False, 'separate_proxy_routers': False, 'proxy_aux_loss_decay': 1.0, 'distill_lr': 1e-05, 'distill_weight_decay': 0.0001, 'distill_max_epochs': 500, 'distill_patience': 80, 'distill_grad_clip': 1.0, 'distill_kl_weight': 0.5, 'distill_node_weight': 0.5, 'distill_graph_weight': 0.0001, 'distill_task_weight': 1.0, 'distill_temperature': 1.5, 'distill_partial_swap': False, 'readout_scope': 'all_tokens', 'batch_size': 64, 'num_workers': 4, 'lr_min': 1e-07, 'warmup_ratio': 0.05, 'recurrent_lr_factor': 1.0, 'save_dir': 'checkpoints_adv_distill_6', 'device': 'cuda'}
Saved code snapshot to checkpoints_adv_distill_6/code_snapshot.zip

######################################################################
#  RATCHET CYCLE 0/4
######################################################################

============================================================
STAGE 1: Pretrain backbone (vanilla_gt)
============================================================
  Parameters: 13,227,530
  S1 Epoch   1/150 [22.8s mem=8348MB] | train_loss=3.5565 train_AP=0.1793 | val_loss=0.6746 val_AP=0.2349
    -> New best val AP=0.2349, saved
  S1 Epoch   2/150 [22.0s mem=8348MB] | train_loss=0.4825 train_AP=0.2074 | val_loss=0.4555 val_AP=0.2255
  S1 Epoch   3/150 [22.4s mem=8348MB] | train_loss=0.3883 train_AP=0.2294 | val_loss=0.3487 val_AP=0.2589
    -> New best val AP=0.2589, saved
  S1 Epoch   4/150 [23.0s mem=8347MB] | train_loss=0.3804 train_AP=0.2407 | val_loss=0.3343 val_AP=0.2691
    -> New best val AP=0.2691, saved
  S1 Epoch   5/150 [22.4s mem=8351MB] | train_loss=0.3903 train_AP=0.2406 | val_loss=0.3514 val_AP=0.2676
  S1 Epoch   6/150 [22.3s mem=8345MB] | train_loss=0.3833 train_AP=0.2391 | val_loss=0.3587 val_AP=0.2615
  S1 Epoch   7/150 [22.5s mem=8355MB] | train_loss=0.3824 train_AP=0.2387 | val_loss=0.3342 val_AP=0.2733
    -> New best val AP=0.2733, saved
  S1 Epoch   8/150 [20.7s mem=8353MB] | train_loss=0.3716 train_AP=0.2430 | val_loss=0.3402 val_AP=0.2827
    -> New best val AP=0.2827, saved
  S1 Epoch   9/150 [22.3s mem=8354MB] | train_loss=0.3644 train_AP=0.2419 | val_loss=0.3410 val_AP=0.2530
  S1 Epoch  10/150 [22.8s mem=8352MB] | train_loss=0.3660 train_AP=0.2389 | val_loss=0.3506 val_AP=0.2752
  S1 Epoch  11/150 [22.8s mem=8356MB] | train_loss=0.3676 train_AP=0.2351 | val_loss=0.3304 val_AP=0.2631
  S1 Epoch  12/150 [21.7s mem=8349MB] | train_loss=0.3600 train_AP=0.2431 | val_loss=0.3246 val_AP=0.2713
  S1 Epoch  13/150 [22.7s mem=8344MB] | train_loss=0.3572 train_AP=0.2431 | val_loss=0.3298 val_AP=0.2621
  S1 Epoch  14/150 [22.7s mem=8351MB] | train_loss=0.3554 train_AP=0.2463 | val_loss=0.3257 val_AP=0.2733
  S1 Epoch  15/150 [22.4s mem=8351MB] | train_loss=0.3540 train_AP=0.2456 | val_loss=0.3391 val_AP=0.2716
  S1 Epoch  16/150 [22.9s mem=8352MB] | train_loss=0.3519 train_AP=0.2492 | val_loss=0.3199 val_AP=0.2807
  S1 Epoch  17/150 [21.7s mem=8353MB] | train_loss=0.3514 train_AP=0.2516 | val_loss=0.3357 val_AP=0.2740
  S1 Epoch  18/150 [22.0s mem=8349MB] | train_loss=0.3522 train_AP=0.2504 | val_loss=0.3476 val_AP=0.2527
  S1 Epoch  19/150 [22.3s mem=8349MB] | train_loss=0.3501 train_AP=0.2521 | val_loss=0.3376 val_AP=0.2726
  S1 Epoch  20/150 [22.0s mem=8353MB] | train_loss=0.3506 train_AP=0.2565 | val_loss=0.3225 val_AP=0.2862
    -> New best val AP=0.2862, saved
  S1 Epoch  21/150 [22.1s mem=8354MB] | train_loss=0.3481 train_AP=0.2564 | val_loss=0.3370 val_AP=0.2860
  S1 Epoch  22/150 [22.1s mem=8349MB] | train_loss=0.3442 train_AP=0.2551 | val_loss=0.3264 val_AP=0.2920
    -> New best val AP=0.2920, saved
  S1 Epoch  23/150 [22.2s mem=8351MB] | train_loss=0.3410 train_AP=0.2595 | val_loss=0.3396 val_AP=0.2894
  S1 Epoch  24/150 [21.9s mem=8346MB] | train_loss=0.3389 train_AP=0.2601 | val_loss=0.3206 val_AP=0.2933
    -> New best val AP=0.2933, saved
  S1 Epoch  25/150 [22.3s mem=8354MB] | train_loss=0.3410 train_AP=0.2605 | val_loss=0.3293 val_AP=0.2904
  S1 Epoch  26/150 [22.0s mem=8349MB] | train_loss=0.3388 train_AP=0.2625 | val_loss=0.3240 val_AP=0.2918
  S1 Epoch  27/150 [22.8s mem=8349MB] | train_loss=0.3383 train_AP=0.2632 | val_loss=0.3232 val_AP=0.2897
  S1 Epoch  28/150 [22.3s mem=8353MB] | train_loss=0.3393 train_AP=0.2627 | val_loss=0.3316 val_AP=0.2862
  S1 Epoch  29/150 [22.4s mem=8358MB] | train_loss=0.3357 train_AP=0.2677 | val_loss=0.3207 val_AP=0.2933
    -> New best val AP=0.2933, saved
  S1 Epoch  30/150 [21.2s mem=8349MB] | train_loss=0.3372 train_AP=0.2637 | val_loss=0.3192 val_AP=0.2956
    -> New best val AP=0.2956, saved
  S1 Epoch  31/150 [22.7s mem=8350MB] | train_loss=0.3363 train_AP=0.2662 | val_loss=0.3196 val_AP=0.2923
  S1 Epoch  32/150 [21.5s mem=8350MB] | train_loss=0.3345 train_AP=0.2695 | val_loss=0.3188 val_AP=0.3009
    -> New best val AP=0.3009, saved
  S1 Epoch  33/150 [21.3s mem=8336MB] | train_loss=0.3330 train_AP=0.2701 | val_loss=0.3185 val_AP=0.2860
  S1 Epoch  34/150 [21.0s mem=8348MB] | train_loss=0.3326 train_AP=0.2713 | val_loss=0.3144 val_AP=0.3011
    -> New best val AP=0.3011, saved
  S1 Epoch  35/150 [21.7s mem=8354MB] | train_loss=0.3320 train_AP=0.2736 | val_loss=0.3225 val_AP=0.3070
    -> New best val AP=0.3070, saved
  S1 Epoch  36/150 [22.4s mem=8351MB] | train_loss=0.3307 train_AP=0.2725 | val_loss=0.3116 val_AP=0.3138
    -> New best val AP=0.3138, saved
  S1 Epoch  37/150 [22.9s mem=8349MB] | train_loss=0.3298 train_AP=0.2765 | val_loss=0.3160 val_AP=0.3094
  S1 Epoch  38/150 [21.9s mem=8350MB] | train_loss=0.3276 train_AP=0.2800 | val_loss=0.3178 val_AP=0.3161
    -> New best val AP=0.3161, saved
  S1 Epoch  39/150 [21.4s mem=8346MB] | train_loss=0.3224 train_AP=0.2906 | val_loss=0.3158 val_AP=0.3133
  S1 Epoch  40/150 [23.0s mem=8353MB] | train_loss=0.3226 train_AP=0.2963 | val_loss=0.3114 val_AP=0.3294
    -> New best val AP=0.3294, saved
  S1 Epoch  41/150 [21.1s mem=8348MB] | train_loss=0.3191 train_AP=0.3047 | val_loss=0.3198 val_AP=0.3502
    -> New best val AP=0.3502, saved
  S1 Epoch  42/150 [21.5s mem=8350MB] | train_loss=0.3131 train_AP=0.3187 | val_loss=0.3223 val_AP=0.3537
    -> New best val AP=0.3537, saved
  S1 Epoch  43/150 [22.1s mem=8347MB] | train_loss=0.3126 train_AP=0.3223 | val_loss=0.3056 val_AP=0.3644
    -> New best val AP=0.3644, saved
  S1 Epoch  44/150 [21.4s mem=8353MB] | train_loss=0.3078 train_AP=0.3323 | val_loss=0.3004 val_AP=0.3632
  S1 Epoch  45/150 [22.7s mem=8350MB] | train_loss=0.3088 train_AP=0.3319 | val_loss=0.2952 val_AP=0.3615
  S1 Epoch  46/150 [22.3s mem=8355MB] | train_loss=0.3069 train_AP=0.3355 | val_loss=0.3007 val_AP=0.3643
  S1 Epoch  47/150 [22.2s mem=8352MB] | train_loss=0.3042 train_AP=0.3428 | val_loss=0.2949 val_AP=0.3736
    -> New best val AP=0.3736, saved
  S1 Epoch  48/150 [21.7s mem=8346MB] | train_loss=0.3024 train_AP=0.3480 | val_loss=0.3076 val_AP=0.3750
    -> New best val AP=0.3750, saved
  S1 Epoch  49/150 [21.3s mem=8354MB] | train_loss=0.3002 train_AP=0.3504 | val_loss=0.2974 val_AP=0.3767
    -> New best val AP=0.3767, saved
  S1 Epoch  50/150 [23.0s mem=8352MB] | train_loss=0.2998 train_AP=0.3533 | val_loss=0.2960 val_AP=0.3791
    -> New best val AP=0.3791, saved
  S1 Epoch  51/150 [21.2s mem=8353MB] | train_loss=0.2960 train_AP=0.3610 | val_loss=0.2938 val_AP=0.3848
    -> New best val AP=0.3848, saved
  S1 Epoch  52/150 [21.1s mem=8352MB] | train_loss=0.2926 train_AP=0.3673 | val_loss=0.2927 val_AP=0.3893
    -> New best val AP=0.3893, saved
  S1 Epoch  53/150 [21.9s mem=8352MB] | train_loss=0.2942 train_AP=0.3671 | val_loss=0.2969 val_AP=0.3877
  S1 Epoch  54/150 [21.3s mem=8347MB] | train_loss=0.2926 train_AP=0.3734 | val_loss=0.2994 val_AP=0.3889
  S1 Epoch  55/150 [21.9s mem=8352MB] | train_loss=0.2884 train_AP=0.3768 | val_loss=0.3178 val_AP=0.3908
    -> New best val AP=0.3908, saved
  S1 Epoch  56/150 [22.6s mem=8347MB] | train_loss=0.2861 train_AP=0.3822 | val_loss=0.3105 val_AP=0.3851
  S1 Epoch  57/150 [22.0s mem=8351MB] | train_loss=0.2879 train_AP=0.3849 | val_loss=0.3170 val_AP=0.3868
  S1 Epoch  58/150 [22.5s mem=8347MB] | train_loss=0.2831 train_AP=0.3942 | val_loss=0.3063 val_AP=0.3923
    -> New best val AP=0.3923, saved
  S1 Epoch  59/150 [22.2s mem=8349MB] | train_loss=0.2805 train_AP=0.3975 | val_loss=0.3177 val_AP=0.3936
    -> New best val AP=0.3936, saved
  S1 Epoch  60/150 [21.7s mem=8347MB] | train_loss=0.2781 train_AP=0.4076 | val_loss=0.3092 val_AP=0.3960
    -> New best val AP=0.3960, saved
  S1 Epoch  61/150 [20.6s mem=8355MB] | train_loss=0.2761 train_AP=0.4105 | val_loss=0.2838 val_AP=0.4006
    -> New best val AP=0.4006, saved
  S1 Epoch  62/150 [22.7s mem=8346MB] | train_loss=0.2744 train_AP=0.4210 | val_loss=0.3219 val_AP=0.3919
  S1 Epoch  63/150 [21.3s mem=8349MB] | train_loss=0.2716 train_AP=0.4258 | val_loss=0.3056 val_AP=0.4082
    -> New best val AP=0.4082, saved
  S1 Epoch  64/150 [22.3s mem=8346MB] | train_loss=0.2670 train_AP=0.4369 | val_loss=0.3152 val_AP=0.3938
  S1 Epoch  65/150 [22.3s mem=8348MB] | train_loss=0.2651 train_AP=0.4453 | val_loss=0.3131 val_AP=0.4020
  S1 Epoch  66/150 [21.7s mem=8349MB] | train_loss=0.2610 train_AP=0.4557 | val_loss=0.3117 val_AP=0.4159
    -> New best val AP=0.4159, saved
  S1 Epoch  67/150 [22.3s mem=8351MB] | train_loss=0.2614 train_AP=0.4577 | val_loss=0.3125 val_AP=0.4091
  S1 Epoch  68/150 [22.2s mem=8351MB] | train_loss=0.2585 train_AP=0.4652 | val_loss=0.3191 val_AP=0.4193
    -> New best val AP=0.4193, saved
  S1 Epoch  69/150 [22.0s mem=8349MB] | train_loss=0.2518 train_AP=0.4800 | val_loss=0.3054 val_AP=0.4184
  S1 Epoch  70/150 [19.9s mem=8352MB] | train_loss=0.2499 train_AP=0.4863 | val_loss=0.3410 val_AP=0.4158
  S1 Epoch  71/150 [21.9s mem=8354MB] | train_loss=0.2459 train_AP=0.4983 | val_loss=0.3334 val_AP=0.4214
    -> New best val AP=0.4214, saved
  S1 Epoch  72/150 [21.3s mem=8350MB] | train_loss=0.2427 train_AP=0.5056 | val_loss=0.3076 val_AP=0.4298
    -> New best val AP=0.4298, saved
  S1 Epoch  73/150 [20.8s mem=8347MB] | train_loss=0.2399 train_AP=0.5194 | val_loss=0.3736 val_AP=0.4165
  S1 Epoch  74/150 [22.6s mem=8350MB] | train_loss=0.2356 train_AP=0.5227 | val_loss=0.3580 val_AP=0.4217
  S1 Epoch  75/150 [22.3s mem=8349MB] | train_loss=0.2333 train_AP=0.5335 | val_loss=0.3745 val_AP=0.4258
  S1 Epoch  76/150 [22.1s mem=8348MB] | train_loss=0.2300 train_AP=0.5416 | val_loss=0.3439 val_AP=0.4356
    -> New best val AP=0.4356, saved
  S1 Epoch  77/150 [22.9s mem=8349MB] | train_loss=0.2277 train_AP=0.5512 | val_loss=0.3502 val_AP=0.4251
  S1 Epoch  78/150 [21.8s mem=8352MB] | train_loss=0.2244 train_AP=0.5576 | val_loss=0.3508 val_AP=0.4393
    -> New best val AP=0.4393, saved
  S1 Epoch  79/150 [22.4s mem=8347MB] | train_loss=0.2209 train_AP=0.5617 | val_loss=0.3258 val_AP=0.4426
    -> New best val AP=0.4426, saved
  S1 Epoch  80/150 [22.7s mem=8356MB] | train_loss=0.2171 train_AP=0.5733 | val_loss=0.3526 val_AP=0.4439
    -> New best val AP=0.4439, saved
  S1 Epoch  81/150 [21.1s mem=8353MB] | train_loss=0.2157 train_AP=0.5758 | val_loss=0.3520 val_AP=0.4397
  S1 Epoch  82/150 [21.0s mem=8355MB] | train_loss=0.2107 train_AP=0.5877 | val_loss=0.3591 val_AP=0.4560
    -> New best val AP=0.4560, saved
  S1 Epoch  83/150 [21.7s mem=8351MB] | train_loss=0.2087 train_AP=0.5972 | val_loss=0.3325 val_AP=0.4517
  S1 Epoch  84/150 [21.3s mem=8349MB] | train_loss=0.2045 train_AP=0.6038 | val_loss=0.3967 val_AP=0.4394
  S1 Epoch  85/150 [21.6s mem=8344MB] | train_loss=0.2035 train_AP=0.6112 | val_loss=0.3808 val_AP=0.4450
  S1 Epoch  86/150 [20.7s mem=8355MB] | train_loss=0.1990 train_AP=0.6190 | val_loss=0.4021 val_AP=0.4368
  S1 Epoch  87/150 [22.1s mem=8349MB] | train_loss=0.1973 train_AP=0.6242 | val_loss=0.4167 val_AP=0.4337
  S1 Epoch  88/150 [23.1s mem=8350MB] | train_loss=0.1931 train_AP=0.6317 | val_loss=0.3629 val_AP=0.4498
  S1 Epoch  89/150 [22.2s mem=8353MB] | train_loss=0.1925 train_AP=0.6361 | val_loss=0.4209 val_AP=0.4462
  S1 Epoch  90/150 [22.0s mem=8355MB] | train_loss=0.1873 train_AP=0.6473 | val_loss=0.4003 val_AP=0.4404
  S1 Epoch  91/150 [23.0s mem=8352MB] | train_loss=0.1839 train_AP=0.6567 | val_loss=0.4121 val_AP=0.4418
  S1 Epoch  92/150 [21.6s mem=8354MB] | train_loss=0.1822 train_AP=0.6616 | val_loss=0.4044 val_AP=0.4435
  S1 Epoch  93/150 [22.9s mem=8354MB] | train_loss=0.1794 train_AP=0.6686 | val_loss=0.4431 val_AP=0.4458
  S1 Epoch  94/150 [21.9s mem=8352MB] | train_loss=0.1765 train_AP=0.6741 | val_loss=0.4371 val_AP=0.4499
  S1 Epoch  95/150 [20.6s mem=8346MB] | train_loss=0.1734 train_AP=0.6789 | val_loss=0.4493 val_AP=0.4467
  S1 Epoch  96/150 [21.2s mem=8344MB] | train_loss=0.1720 train_AP=0.6831 | val_loss=0.4425 val_AP=0.4473
  S1 Epoch  97/150 [23.1s mem=8350MB] | train_loss=0.1706 train_AP=0.6875 | val_loss=0.4718 val_AP=0.4476
  Early stopping at epoch 97. Best val AP=0.4560 at epoch 82.
Stage 1 done. Best val AP=0.4560 at epoch 82.

============================================================
STAGE 2: Train generator (flow_matching) with self-novelty
  Backbone: vanilla_gt (frozen)
  alpha=0.1 alpha_node=0.1 T=1.0
============================================================
  Generator parameters: 3,684,864
  S2 Epoch   1/1000 [30.8s mem=7844MB] | total=0.5396 task=0.2051 | out_nov=0.0551 node_nov=0.0393 | div=0.0880 ip_mean=0.0880 | val_AP=0.4497 test_AP=0.4367
    -> New best val AP=0.4497
  S2 Epoch   2/1000 [31.0s mem=7847MB] | total=0.5164 task=0.1942 | out_nov=0.0406 node_nov=0.0214 | div=0.0568 ip_mean=0.0568 | val_AP=0.4476 test_AP=0.4414
  S2 Epoch   3/1000 [29.3s mem=7849MB] | total=0.4994 task=0.1908 | out_nov=0.0352 node_nov=0.0153 | div=0.0273 ip_mean=0.0273 | val_AP=0.4505 test_AP=0.4400
    -> New best val AP=0.4505
  S2 Epoch   4/1000 [30.8s mem=7846MB] | total=0.4936 task=0.1912 | out_nov=0.0337 node_nov=0.0133 | div=0.0142 ip_mean=0.0142 | val_AP=0.4539 test_AP=0.4433
    -> New best val AP=0.4539
  S2 Epoch   5/1000 [28.9s mem=7845MB] | total=0.4895 task=0.1893 | out_nov=0.0320 node_nov=0.0116 | div=0.0090 ip_mean=0.0090 | val_AP=0.4492 test_AP=0.4403
  S2 Epoch   6/1000 [30.4s mem=7844MB] | total=0.4882 task=0.1893 | out_nov=0.0331 node_nov=0.0123 | div=0.0068 ip_mean=0.0068 | val_AP=0.4476 test_AP=0.4426
  S2 Epoch   7/1000 [29.4s mem=7849MB] | total=0.4870 task=0.1888 | out_nov=0.0334 node_nov=0.0132 | div=0.0056 ip_mean=0.0056 | val_AP=0.4481 test_AP=0.4427
  S2 Epoch   8/1000 [29.8s mem=7849MB] | total=0.4871 task=0.1890 | out_nov=0.0323 node_nov=0.0116 | div=0.0049 ip_mean=0.0049 | val_AP=0.4524 test_AP=0.4452
  S2 Epoch   9/1000 [30.0s mem=7845MB] | total=0.4860 task=0.1882 | out_nov=0.0327 node_nov=0.0114 | div=0.0045 ip_mean=0.0045 | val_AP=0.4454 test_AP=0.4430
  S2 Epoch  10/1000 [29.5s mem=7847MB] | total=0.4857 task=0.1880 | out_nov=0.0328 node_nov=0.0113 | div=0.0041 ip_mean=0.0041 | val_AP=0.4522 test_AP=0.4407
  S2 Epoch  11/1000 [31.7s mem=7850MB] | total=0.4854 task=0.1882 | out_nov=0.0339 node_nov=0.0128 | div=0.0038 ip_mean=0.0038 | val_AP=0.4496 test_AP=0.4412
  S2 Epoch  12/1000 [29.9s mem=7850MB] | total=0.4852 task=0.1879 | out_nov=0.0338 node_nov=0.0122 | div=0.0038 ip_mean=0.0038 | val_AP=0.4538 test_AP=0.4453
  S2 Epoch  13/1000 [28.2s mem=7841MB] | total=0.4858 task=0.1883 | out_nov=0.0327 node_nov=0.0111 | div=0.0037 ip_mean=0.0037 | val_AP=0.4535 test_AP=0.4427
  S2 Epoch  14/1000 [29.1s mem=7848MB] | total=0.4847 task=0.1876 | out_nov=0.0346 node_nov=0.0122 | div=0.0036 ip_mean=0.0036 | val_AP=0.4512 test_AP=0.4410
  S2 Epoch  15/1000 [30.5s mem=7848MB] | total=0.4844 task=0.1876 | out_nov=0.0353 node_nov=0.0134 | div=0.0034 ip_mean=0.0034 | val_AP=0.4498 test_AP=0.4419
  S2 Epoch  16/1000 [29.4s mem=7847MB] | total=0.4834 task=0.1870 | out_nov=0.0373 node_nov=0.0150 | div=0.0033 ip_mean=0.0033 | val_AP=0.4515 test_AP=0.4432
  S2 Epoch  17/1000 [29.8s mem=7845MB] | total=0.4840 task=0.1877 | out_nov=0.0382 node_nov=0.0149 | div=0.0033 ip_mean=0.0033 | val_AP=0.4514 test_AP=0.4412
  S2 Epoch  18/1000 [30.2s mem=7849MB] | total=0.4836 task=0.1872 | out_nov=0.0374 node_nov=0.0145 | div=0.0033 ip_mean=0.0033 | val_AP=0.4562 test_AP=0.4398
    -> New best val AP=0.4562
  S2 Epoch  19/1000 [29.1s mem=7843MB] | total=0.4832 task=0.1873 | out_nov=0.0394 node_nov=0.0163 | div=0.0030 ip_mean=0.0030 | val_AP=0.4529 test_AP=0.4439
  S2 Epoch  20/1000 [30.9s mem=7844MB] | total=0.4820 task=0.1861 | out_nov=0.0388 node_nov=0.0159 | div=0.0027 ip_mean=0.0027 | val_AP=0.4533 test_AP=0.4404
  S2 Epoch  21/1000 [29.3s mem=7846MB] | total=0.4818 task=0.1863 | out_nov=0.0404 node_nov=0.0169 | div=0.0024 ip_mean=0.0024 | val_AP=0.4554 test_AP=0.4451
  S2 Epoch  22/1000 [29.5s mem=7846MB] | total=0.4806 task=0.1856 | out_nov=0.0420 node_nov=0.0183 | div=0.0021 ip_mean=0.0021 | val_AP=0.4536 test_AP=0.4415
  S2 Epoch  23/1000 [28.6s mem=7847MB] | total=0.4805 task=0.1859 | out_nov=0.0439 node_nov=0.0194 | div=0.0019 ip_mean=0.0019 | val_AP=0.4457 test_AP=0.4456
  S2 Epoch  24/1000 [29.8s mem=7848MB] | total=0.4798 task=0.1852 | out_nov=0.0430 node_nov=0.0190 | div=0.0016 ip_mean=0.0016 | val_AP=0.4558 test_AP=0.4419
  S2 Epoch  25/1000 [29.9s mem=7849MB] | total=0.4786 task=0.1840 | out_nov=0.0428 node_nov=0.0181 | div=0.0014 ip_mean=0.0014 | val_AP=0.4520 test_AP=0.4417
  S2 Epoch  26/1000 [29.7s mem=7840MB] | total=0.4790 task=0.1847 | out_nov=0.0448 node_nov=0.0204 | div=0.0015 ip_mean=0.0015 | val_AP=0.4415 test_AP=0.4367
  S2 Epoch  27/1000 [29.6s mem=7851MB] | total=0.4777 task=0.1844 | out_nov=0.0487 node_nov=0.0251 | div=0.0013 ip_mean=0.0013 | val_AP=0.4592 test_AP=0.4462
    -> New best val AP=0.4592
  S2 Epoch  28/1000 [29.0s mem=7844MB] | total=0.4773 task=0.1842 | out_nov=0.0491 node_nov=0.0258 | div=0.0014 ip_mean=0.0014 | val_AP=0.4503 test_AP=0.4435
  S2 Epoch  29/1000 [28.1s mem=7852MB] | total=0.4761 task=0.1833 | out_nov=0.0504 node_nov=0.0275 | div=0.0013 ip_mean=0.0013 | val_AP=0.4551 test_AP=0.4443
  S2 Epoch  30/1000 [30.2s mem=7850MB] | total=0.4755 task=0.1829 | out_nov=0.0507 node_nov=0.0297 | div=0.0013 ip_mean=0.0013 | val_AP=0.4570 test_AP=0.4461
  S2 Epoch  31/1000 [30.4s mem=7850MB] | total=0.4746 task=0.1820 | out_nov=0.0508 node_nov=0.0290 | div=0.0012 ip_mean=0.0012 | val_AP=0.4557 test_AP=0.4427
  S2 Epoch  32/1000 [29.1s mem=7587MB] | total=0.4739 task=0.1814 | out_nov=0.0512 node_nov=0.0295 | div=0.0011 ip_mean=0.0011 | val_AP=0.4457 test_AP=0.4427
  S2 Epoch  33/1000 [29.7s mem=7852MB] | total=0.4734 task=0.1808 | out_nov=0.0515 node_nov=0.0309 | div=0.0016 ip_mean=0.0016 | val_AP=0.4602 test_AP=0.4462
    -> New best val AP=0.4602
  S2 Epoch  34/1000 [28.1s mem=7843MB] | total=0.4722 task=0.1804 | out_nov=0.0537 node_nov=0.0355 | div=0.0015 ip_mean=0.0015 | val_AP=0.4590 test_AP=0.4475
  S2 Epoch  35/1000 [28.6s mem=7845MB] | total=0.4720 task=0.1808 | out_nov=0.0536 node_nov=0.0377 | div=0.0006 ip_mean=0.0006 | val_AP=0.4551 test_AP=0.4503
  S2 Epoch  36/1000 [29.5s mem=7846MB] | total=0.4710 task=0.1804 | out_nov=0.0548 node_nov=0.0411 | div=0.0004 ip_mean=0.0004 | val_AP=0.4472 test_AP=0.4466
  S2 Epoch  37/1000 [29.5s mem=7850MB] | total=0.4718 task=0.1814 | out_nov=0.0561 node_nov=0.0471 | div=0.0015 ip_mean=0.0015 | val_AP=0.4599 test_AP=0.4503
  S2 Epoch  38/1000 [28.4s mem=7845MB] | total=0.4699 task=0.1804 | out_nov=0.0569 node_nov=0.0501 | div=0.0004 ip_mean=0.0004 | val_AP=0.4606 test_AP=0.4512
    -> New best val AP=0.4606
  S2 Epoch  39/1000 [29.1s mem=7849MB] | total=0.4701 task=0.1804 | out_nov=0.0565 node_nov=0.0524 | div=0.0011 ip_mean=0.0011 | val_AP=0.4490 test_AP=0.4455
  S2 Epoch  40/1000 [31.3s mem=7843MB] | total=0.4709 task=0.1804 | out_nov=0.0560 node_nov=0.0526 | div=0.0027 ip_mean=0.0027 | val_AP=0.4537 test_AP=0.4487
  S2 Epoch  41/1000 [30.8s mem=7851MB] | total=0.4700 task=0.1806 | out_nov=0.0570 node_nov=0.0580 | div=0.0017 ip_mean=0.0017 | val_AP=0.4540 test_AP=0.4521
  S2 Epoch  42/1000 [29.6s mem=7849MB] | total=0.4694 task=0.1802 | out_nov=0.0570 node_nov=0.0600 | div=0.0018 ip_mean=0.0018 | val_AP=0.4576 test_AP=0.4497
  S2 Epoch  43/1000 [29.7s mem=7846MB] | total=0.4685 task=0.1802 | out_nov=0.0567 node_nov=0.0627 | div=0.0005 ip_mean=0.0005 | val_AP=0.4588 test_AP=0.4512
  S2 Epoch  44/1000 [29.1s mem=7847MB] | total=0.4687 task=0.1803 | out_nov=0.0577 node_nov=0.0648 | div=0.0013 ip_mean=0.0013 | val_AP=0.4560 test_AP=0.4476
  S2 Epoch  45/1000 [30.8s mem=7847MB] | total=0.4685 task=0.1811 | out_nov=0.0592 node_nov=0.0737 | div=0.0015 ip_mean=0.0015 | val_AP=0.4511 test_AP=0.4552
  S2 Epoch  46/1000 [30.1s mem=7849MB] | total=0.4674 task=0.1807 | out_nov=0.0592 node_nov=0.0795 | div=0.0011 ip_mean=0.0011 | val_AP=0.4595 test_AP=0.4496
  S2 Epoch  47/1000 [29.3s mem=7847MB] | total=0.4674 task=0.1813 | out_nov=0.0591 node_nov=0.0797 | div=-0.0001 ip_mean=-0.0001 | val_AP=0.4447 test_AP=0.4404
  S2 Epoch  48/1000 [30.7s mem=7850MB] | total=0.4672 task=0.1807 | out_nov=0.0592 node_nov=0.0821 | div=0.0013 ip_mean=0.0013 | val_AP=0.4544 test_AP=0.4540
  S2 Epoch  49/1000 [30.0s mem=7850MB] | total=0.4666 task=0.1809 | out_nov=0.0594 node_nov=0.0867 | div=0.0008 ip_mean=0.0008 | val_AP=0.4478 test_AP=0.4446
  S2 Epoch  50/1000 [31.4s mem=7852MB] | total=0.4664 task=0.1817 | out_nov=0.0610 node_nov=0.0938 | div=0.0004 ip_mean=0.0004 | val_AP=0.4557 test_AP=0.4534
  S2 Epoch  51/1000 [28.5s mem=7844MB] | total=0.4665 task=0.1816 | out_nov=0.0621 node_nov=0.1021 | div=0.0027 ip_mean=0.0027 | val_AP=0.4520 test_AP=0.4508
  S2 Epoch  52/1000 [29.9s mem=7850MB] | total=0.4648 task=0.1812 | out_nov=0.0619 node_nov=0.1082 | div=0.0012 ip_mean=0.0012 | val_AP=0.4429 test_AP=0.4412
  S2 Epoch  53/1000 [29.9s mem=7849MB] | total=0.4650 task=0.1821 | out_nov=0.0621 node_nov=0.1112 | div=0.0005 ip_mean=0.0005 | val_AP=0.4524 test_AP=0.4495
  S2 Epoch  54/1000 [30.7s mem=7843MB] | total=0.4652 task=0.1820 | out_nov=0.0623 node_nov=0.1147 | div=0.0018 ip_mean=0.0018 | val_AP=0.4431 test_AP=0.4466
  S2 Epoch  55/1000 [31.2s mem=7850MB] | total=0.4649 task=0.1826 | out_nov=0.0636 node_nov=0.1236 | div=0.0020 ip_mean=0.0020 | val_AP=0.4561 test_AP=0.4522
  S2 Epoch  56/1000 [30.1s mem=7850MB] | total=0.4639 task=0.1825 | out_nov=0.0634 node_nov=0.1280 | div=0.0011 ip_mean=0.0011 | val_AP=0.4480 test_AP=0.4506
  S2 Epoch  57/1000 [28.9s mem=7850MB] | total=0.4624 task=0.1820 | out_nov=0.0647 node_nov=0.1387 | div=0.0014 ip_mean=0.0014 | val_AP=0.4535 test_AP=0.4487
  S2 Epoch  58/1000 [26.9s mem=7845MB] | total=0.4632 task=0.1828 | out_nov=0.0645 node_nov=0.1442 | div=0.0025 ip_mean=0.0025 | val_AP=0.4526 test_AP=0.4485
  S2 Epoch  59/1000 [30.3s mem=7850MB] | total=0.4625 task=0.1836 | out_nov=0.0656 node_nov=0.1511 | div=0.0011 ip_mean=0.0011 | val_AP=0.4497 test_AP=0.4460
  S2 Epoch  60/1000 [29.8s mem=7847MB] | total=0.4613 task=0.1835 | out_nov=0.0660 node_nov=0.1583 | div=0.0004 ip_mean=0.0004 | val_AP=0.4503 test_AP=0.4468
  S2 Epoch  61/1000 [29.5s mem=7845MB] | total=0.4618 task=0.1835 | out_nov=0.0659 node_nov=0.1597 | div=0.0017 ip_mean=0.0017 | val_AP=0.4419 test_AP=0.4441
  S2 Epoch  62/1000 [27.9s mem=7839MB] | total=0.4613 task=0.1839 | out_nov=0.0666 node_nov=0.1667 | div=0.0015 ip_mean=0.0015 | val_AP=0.4477 test_AP=0.4412
  S2 Epoch  63/1000 [28.1s mem=7849MB] | total=0.4621 task=0.1841 | out_nov=0.0666 node_nov=0.1666 | div=0.0026 ip_mean=0.0026 | val_AP=0.4437 test_AP=0.4425
  S2 Epoch  64/1000 [27.5s mem=7845MB] | total=0.4618 task=0.1847 | out_nov=0.0681 node_nov=0.1750 | div=0.0029 ip_mean=0.0029 | val_AP=0.4538 test_AP=0.4474
  S2 Epoch  65/1000 [28.4s mem=7851MB] | total=0.4606 task=0.1837 | out_nov=0.0668 node_nov=0.1781 | div=0.0028 ip_mean=0.0028 | val_AP=0.4504 test_AP=0.4479
  S2 Epoch  66/1000 [28.3s mem=7848MB] | total=0.4602 task=0.1841 | out_nov=0.0672 node_nov=0.1849 | div=0.0026 ip_mean=0.0026 | val_AP=0.4442 test_AP=0.4410
  S2 Epoch  67/1000 [29.4s mem=7850MB] | total=0.4593 task=0.1835 | out_nov=0.0669 node_nov=0.1865 | div=0.0023 ip_mean=0.0023 | val_AP=0.4421 test_AP=0.4455
  S2 Epoch  68/1000 [28.8s mem=7843MB] | total=0.4582 task=0.1843 | out_nov=0.0688 node_nov=0.1991 | div=0.0015 ip_mean=0.0015 | val_AP=0.4426 test_AP=0.4425
  S2 Epoch  69/1000 [28.1s mem=7842MB] | total=0.4585 task=0.1842 | out_nov=0.0672 node_nov=0.2004 | div=0.0022 ip_mean=0.0022 | val_AP=0.4394 test_AP=0.4406
  S2 Epoch  70/1000 [29.7s mem=7848MB] | total=0.4584 task=0.1848 | out_nov=0.0690 node_nov=0.2089 | div=0.0030 ip_mean=0.0030 | val_AP=0.4464 test_AP=0.4442
  S2 Epoch  71/1000 [27.2s mem=7846MB] | total=0.4575 task=0.1848 | out_nov=0.0693 node_nov=0.2159 | div=0.0025 ip_mean=0.0025 | val_AP=0.4428 test_AP=0.4446
  S2 Epoch  72/1000 [27.6s mem=7839MB] | total=0.4565 task=0.1845 | out_nov=0.0689 node_nov=0.2189 | div=0.0016 ip_mean=0.0016 | val_AP=0.4440 test_AP=0.4406
  S2 Epoch  73/1000 [27.7s mem=7847MB] | total=0.4572 task=0.1855 | out_nov=0.0699 node_nov=0.2249 | div=0.0024 ip_mean=0.0024 | val_AP=0.4400 test_AP=0.4446
  S2 Epoch  74/1000 [28.9s mem=7847MB] | total=0.4568 task=0.1847 | out_nov=0.0690 node_nov=0.2236 | div=0.0027 ip_mean=0.0027 | val_AP=0.4401 test_AP=0.4433
  S2 Epoch  75/1000 [28.8s mem=7849MB] | total=0.4563 task=0.1856 | out_nov=0.0706 node_nov=0.2345 | div=0.0026 ip_mean=0.0026 | val_AP=0.4437 test_AP=0.4433
  S2 Epoch  76/1000 [28.5s mem=7839MB] | total=0.4558 task=0.1849 | out_nov=0.0698 node_nov=0.2347 | div=0.0027 ip_mean=0.0027 | val_AP=0.4429 test_AP=0.4425
  S2 Epoch  77/1000 [29.6s mem=7848MB] | total=0.4558 task=0.1856 | out_nov=0.0704 node_nov=0.2416 | div=0.0027 ip_mean=0.0027 | val_AP=0.4422 test_AP=0.4398
  S2 Epoch  78/1000 [28.3s mem=7585MB] | total=0.4562 task=0.1860 | out_nov=0.0712 node_nov=0.2456 | div=0.0038 ip_mean=0.0038 | val_AP=0.4336 test_AP=0.4368
  S2 Epoch  79/1000 [27.8s mem=7849MB] | total=0.4545 task=0.1851 | out_nov=0.0708 node_nov=0.2454 | div=0.0021 ip_mean=0.0021 | val_AP=0.4434 test_AP=0.4453
  S2 Epoch  80/1000 [27.7s mem=7854MB] | total=0.4553 task=0.1854 | out_nov=0.0706 node_nov=0.2485 | div=0.0035 ip_mean=0.0035 | val_AP=0.4417 test_AP=0.4421
  S2 Epoch  81/1000 [28.3s mem=7845MB] | total=0.4552 task=0.1862 | out_nov=0.0721 node_nov=0.2579 | div=0.0040 ip_mean=0.0040 | val_AP=0.4385 test_AP=0.4448
  S2 Epoch  82/1000 [28.5s mem=7841MB] | total=0.4545 task=0.1856 | out_nov=0.0717 node_nov=0.2593 | div=0.0040 ip_mean=0.0040 | val_AP=0.4383 test_AP=0.4390
  S2 Epoch  83/1000 [28.6s mem=7850MB] | total=0.4525 task=0.1855 | out_nov=0.0713 node_nov=0.2628 | div=0.0010 ip_mean=0.0010 | val_AP=0.4359 test_AP=0.4355
  S2 Epoch  84/1000 [29.9s mem=7842MB] | total=0.4540 task=0.1860 | out_nov=0.0717 node_nov=0.2644 | div=0.0031 ip_mean=0.0031 | val_AP=0.4440 test_AP=0.4438
  S2 Epoch  85/1000 [29.9s mem=7843MB] | total=0.4525 task=0.1859 | out_nov=0.0727 node_nov=0.2754 | div=0.0029 ip_mean=0.0029 | val_AP=0.4446 test_AP=0.4434
  S2 Epoch  86/1000 [29.9s mem=7852MB] | total=0.4536 task=0.1861 | out_nov=0.0715 node_nov=0.2682 | div=0.0030 ip_mean=0.0030 | val_AP=0.4423 test_AP=0.4432
  S2 Epoch  87/1000 [28.1s mem=7848MB] | total=0.4527 task=0.1859 | out_nov=0.0720 node_nov=0.2779 | div=0.0037 ip_mean=0.0037 | val_AP=0.4378 test_AP=0.4402
  S2 Epoch  88/1000 [31.2s mem=7847MB] | total=0.4524 task=0.1866 | out_nov=0.0736 node_nov=0.2820 | div=0.0026 ip_mean=0.0026 | val_AP=0.4418 test_AP=0.4405
  S2 Epoch  89/1000 [28.3s mem=7845MB] | total=0.4519 task=0.1851 | out_nov=0.0712 node_nov=0.2777 | div=0.0032 ip_mean=0.0032 | val_AP=0.4363 test_AP=0.4399
  S2 Epoch  90/1000 [27.9s mem=7845MB] | total=0.4517 task=0.1856 | out_nov=0.0729 node_nov=0.2850 | div=0.0037 ip_mean=0.0037 | val_AP=0.4380 test_AP=0.4397
  S2 Epoch  91/1000 [29.8s mem=7847MB] | total=0.4520 task=0.1853 | out_nov=0.0715 node_nov=0.2841 | div=0.0045 ip_mean=0.0045 | val_AP=0.4442 test_AP=0.4417
  S2 Epoch  92/1000 [28.1s mem=7852MB] | total=0.4508 task=0.1855 | out_nov=0.0728 node_nov=0.2909 | div=0.0034 ip_mean=0.0034 | val_AP=0.4428 test_AP=0.4426
  S2 Epoch  93/1000 [29.8s mem=7845MB] | total=0.4512 task=0.1849 | out_nov=0.0722 node_nov=0.2856 | div=0.0042 ip_mean=0.0042 | val_AP=0.4444 test_AP=0.4419
  S2 Epoch  94/1000 [29.0s mem=7850MB] | total=0.4495 task=0.1850 | out_nov=0.0726 node_nov=0.2935 | div=0.0021 ip_mean=0.0021 | val_AP=0.4358 test_AP=0.4426
  S2 Epoch  95/1000 [28.4s mem=7849MB] | total=0.4510 task=0.1853 | out_nov=0.0727 node_nov=0.2962 | div=0.0052 ip_mean=0.0052 | val_AP=0.4406 test_AP=0.4403
  S2 Epoch  96/1000 [28.7s mem=7854MB] | total=0.4501 task=0.1850 | out_nov=0.0723 node_nov=0.2976 | div=0.0042 ip_mean=0.0042 | val_AP=0.4405 test_AP=0.4410
  S2 Epoch  97/1000 [29.1s mem=7850MB] | total=0.4494 task=0.1849 | out_nov=0.0732 node_nov=0.3015 | div=0.0040 ip_mean=0.0040 | val_AP=0.4381 test_AP=0.4422
  S2 Epoch  98/1000 [29.6s mem=7845MB] | total=0.4494 task=0.1850 | out_nov=0.0727 node_nov=0.3048 | div=0.0044 ip_mean=0.0044 | val_AP=0.4358 test_AP=0.4403
  S2 Epoch  99/1000 [29.0s mem=7843MB] | total=0.4494 task=0.1854 | out_nov=0.0732 node_nov=0.3068 | div=0.0040 ip_mean=0.0040 | val_AP=0.4456 test_AP=0.4453
  S2 Epoch 100/1000 [29.9s mem=7849MB] | total=0.4485 task=0.1858 | out_nov=0.0741 node_nov=0.3147 | div=0.0031 ip_mean=0.0031 | val_AP=0.4401 test_AP=0.4402
  S2 Epoch 101/1000 [30.4s mem=7849MB] | total=0.4487 task=0.1849 | out_nov=0.0728 node_nov=0.3112 | div=0.0043 ip_mean=0.0043 | val_AP=0.4374 test_AP=0.4444
  S2 Epoch 102/1000 [28.7s mem=7848MB] | total=0.4482 task=0.1859 | out_nov=0.0743 node_nov=0.3234 | div=0.0043 ip_mean=0.0043 | val_AP=0.4446 test_AP=0.4398
  S2 Epoch 103/1000 [28.7s mem=7845MB] | total=0.4473 task=0.1850 | out_nov=0.0739 node_nov=0.3202 | div=0.0035 ip_mean=0.0035 | val_AP=0.4442 test_AP=0.4454
  S2 Epoch 104/1000 [28.4s mem=7849MB] | total=0.4465 task=0.1841 | out_nov=0.0733 node_nov=0.3193 | div=0.0033 ip_mean=0.0033 | val_AP=0.4411 test_AP=0.4468
  S2 Epoch 105/1000 [28.8s mem=7846MB] | total=0.4467 task=0.1848 | out_nov=0.0739 node_nov=0.3288 | div=0.0044 ip_mean=0.0044 | val_AP=0.4456 test_AP=0.4387
  S2 Epoch 106/1000 [30.1s mem=7845MB] | total=0.4452 task=0.1836 | out_nov=0.0738 node_nov=0.3298 | div=0.0039 ip_mean=0.0039 | val_AP=0.4406 test_AP=0.4443
  S2 Epoch 107/1000 [28.6s mem=7843MB] | total=0.4466 task=0.1850 | out_nov=0.0747 node_nov=0.3305 | div=0.0041 ip_mean=0.0041 | val_AP=0.4463 test_AP=0.4425
  S2 Epoch 108/1000 [28.6s mem=7848MB] | total=0.4461 task=0.1839 | out_nov=0.0736 node_nov=0.3291 | div=0.0049 ip_mean=0.0049 | val_AP=0.4316 test_AP=0.4377
  S2 Epoch 109/1000 [27.4s mem=7843MB] | total=0.4454 task=0.1844 | out_nov=0.0759 node_nov=0.3384 | div=0.0050 ip_mean=0.0050 | val_AP=0.4402 test_AP=0.4424
  S2 Epoch 110/1000 [27.3s mem=7851MB] | total=0.4448 task=0.1837 | out_nov=0.0744 node_nov=0.3391 | div=0.0048 ip_mean=0.0048 | val_AP=0.4397 test_AP=0.4405
  S2 Epoch 111/1000 [28.9s mem=7847MB] | total=0.4452 task=0.1843 | out_nov=0.0750 node_nov=0.3427 | div=0.0054 ip_mean=0.0054 | val_AP=0.4418 test_AP=0.4408
  S2 Epoch 112/1000 [27.8s mem=7846MB] | total=0.4437 task=0.1837 | out_nov=0.0750 node_nov=0.3461 | div=0.0041 ip_mean=0.0041 | val_AP=0.4398 test_AP=0.4416
  S2 Epoch 113/1000 [28.5s mem=7843MB] | total=0.4439 task=0.1844 | out_nov=0.0764 node_nov=0.3543 | div=0.0050 ip_mean=0.0050 | val_AP=0.4428 test_AP=0.4385
  S2 Epoch 114/1000 [27.5s mem=7846MB] | total=0.4431 task=0.1838 | out_nov=0.0757 node_nov=0.3529 | div=0.0042 ip_mean=0.0042 | val_AP=0.4456 test_AP=0.4461
  S2 Epoch 115/1000 [28.1s mem=7848MB] | total=0.4429 task=0.1835 | out_nov=0.0757 node_nov=0.3557 | div=0.0052 ip_mean=0.0052 | val_AP=0.4411 test_AP=0.4373
  S2 Epoch 116/1000 [30.0s mem=7846MB] | total=0.4423 task=0.1832 | out_nov=0.0753 node_nov=0.3575 | div=0.0048 ip_mean=0.0048 | val_AP=0.4383 test_AP=0.4443
  S2 Epoch 117/1000 [29.0s mem=7841MB] | total=0.4416 task=0.1828 | out_nov=0.0763 node_nov=0.3610 | div=0.0052 ip_mean=0.0052 | val_AP=0.4402 test_AP=0.4406
  S2 Epoch 118/1000 [30.2s mem=7848MB] | total=0.4428 task=0.1831 | out_nov=0.0760 node_nov=0.3614 | div=0.0068 ip_mean=0.0068 | val_AP=0.4332 test_AP=0.4425
  S2 Epoch 119/1000 [29.7s mem=7848MB] | total=0.4407 task=0.1819 | out_nov=0.0754 node_nov=0.3617 | div=0.0050 ip_mean=0.0050 | val_AP=0.4361 test_AP=0.4397
  S2 Epoch 120/1000 [29.8s mem=7848MB] | total=0.4397 task=0.1815 | out_nov=0.0763 node_nov=0.3653 | div=0.0047 ip_mean=0.0047 | val_AP=0.4468 test_AP=0.4427
  S2 Epoch 121/1000 [29.7s mem=7846MB] | total=0.4408 task=0.1821 | out_nov=0.0764 node_nov=0.3696 | div=0.0065 ip_mean=0.0065 | val_AP=0.4371 test_AP=0.4453
  S2 Epoch 122/1000 [28.2s mem=7843MB] | total=0.4402 task=0.1822 | out_nov=0.0762 node_nov=0.3707 | div=0.0054 ip_mean=0.0054 | val_AP=0.4460 test_AP=0.4409
  S2 Epoch 123/1000 [30.4s mem=7848MB] | total=0.4398 task=0.1823 | out_nov=0.0771 node_nov=0.3759 | div=0.0057 ip_mean=0.0057 | val_AP=0.4496 test_AP=0.4410
  S2 Epoch 124/1000 [29.9s mem=7844MB] | total=0.4390 task=0.1817 | out_nov=0.0773 node_nov=0.3777 | div=0.0057 ip_mean=0.0057 | val_AP=0.4475 test_AP=0.4394
  S2 Epoch 125/1000 [30.0s mem=7851MB] | total=0.4389 task=0.1819 | out_nov=0.0780 node_nov=0.3838 | div=0.0063 ip_mean=0.0063 | val_AP=0.4469 test_AP=0.4384
  S2 Epoch 126/1000 [28.0s mem=7848MB] | total=0.4379 task=0.1819 | out_nov=0.0777 node_nov=0.3867 | div=0.0048 ip_mean=0.0048 | val_AP=0.4494 test_AP=0.4426
  S2 Epoch 127/1000 [28.8s mem=7847MB] | total=0.4373 task=0.1808 | out_nov=0.0775 node_nov=0.3849 | div=0.0054 ip_mean=0.0054 | val_AP=0.4432 test_AP=0.4445
  S2 Epoch 128/1000 [29.1s mem=7845MB] | total=0.4367 task=0.1799 | out_nov=0.0773 node_nov=0.3866 | div=0.0063 ip_mean=0.0063 | val_AP=0.4429 test_AP=0.4417
  S2 Epoch 129/1000 [28.8s mem=7846MB] | total=0.4366 task=0.1811 | out_nov=0.0784 node_nov=0.3917 | div=0.0051 ip_mean=0.0051 | val_AP=0.4507 test_AP=0.4421
  S2 Epoch 130/1000 [30.0s mem=7846MB] | total=0.4361 task=0.1804 | out_nov=0.0782 node_nov=0.3928 | div=0.0058 ip_mean=0.0058 | val_AP=0.4356 test_AP=0.4402
  S2 Epoch 131/1000 [28.8s mem=7846MB] | total=0.4357 task=0.1802 | out_nov=0.0786 node_nov=0.3965 | div=0.0059 ip_mean=0.0059 | val_AP=0.4413 test_AP=0.4450
  S2 Epoch 132/1000 [29.3s mem=7846MB] | total=0.4359 task=0.1799 | out_nov=0.0782 node_nov=0.3952 | div=0.0067 ip_mean=0.0067 | val_AP=0.4506 test_AP=0.4410
  S2 Epoch 133/1000 [29.4s mem=7848MB] | total=0.4352 task=0.1799 | out_nov=0.0790 node_nov=0.4002 | div=0.0065 ip_mean=0.0065 | val_AP=0.4467 test_AP=0.4406
  S2 Epoch 134/1000 [28.0s mem=7851MB] | total=0.4351 task=0.1802 | out_nov=0.0792 node_nov=0.4016 | div=0.0060 ip_mean=0.0060 | val_AP=0.4486 test_AP=0.4421
  S2 Epoch 135/1000 [28.0s mem=7846MB] | total=0.4349 task=0.1798 | out_nov=0.0795 node_nov=0.4043 | div=0.0068 ip_mean=0.0068 | val_AP=0.4415 test_AP=0.4434
  S2 Epoch 136/1000 [28.2s mem=7840MB] | total=0.4344 task=0.1799 | out_nov=0.0793 node_nov=0.4089 | div=0.0066 ip_mean=0.0066 | val_AP=0.4480 test_AP=0.4505
  S2 Epoch 137/1000 [29.1s mem=7843MB] | total=0.4338 task=0.1795 | out_nov=0.0800 node_nov=0.4095 | div=0.0065 ip_mean=0.0065 | val_AP=0.4481 test_AP=0.4447
  S2 Epoch 138/1000 [29.7s mem=7845MB] | total=0.4342 task=0.1801 | out_nov=0.0809 node_nov=0.4152 | div=0.0074 ip_mean=0.0074 | val_AP=0.4468 test_AP=0.4399
  Early stopping at epoch 138. Best val AP=0.4606 at epoch 38.
Stage 2 done. Best val AP=0.4606 at epoch 38.

============================================================
STAGE 3: Joint finetune (backbone + generator)
  Backbone: vanilla_gt
  lr_gen=0.0003 lr_backbone=5e-05
============================================================
  S3 Epoch   1/500 [33.6s mem=10424MB] | total=0.4772 task=0.2051 train_AP=0.6039 | out_nov=0.0911 node_nov=0.1993 | div=0.0023 | val_AP=0.4445 test_AP=0.4388
    -> New best val AP=0.4445 (test=0.4388)
  S3 Epoch   2/500 [33.0s mem=10425MB] | total=0.4727 task=0.2019 train_AP=0.6098 | out_nov=0.0900 node_nov=0.2069 | div=0.0010 | val_AP=0.4374 test_AP=0.4392
  S3 Epoch   3/500 [35.4s mem=10434MB] | total=0.4701 task=0.2004 train_AP=0.6147 | out_nov=0.0886 node_nov=0.2133 | div=-0.0002 | val_AP=0.4490 test_AP=0.4411
    -> New best val AP=0.4490 (test=0.4411)
  S3 Epoch   4/500 [34.8s mem=10431MB] | total=0.4692 task=0.1999 train_AP=0.6145 | out_nov=0.0885 node_nov=0.2210 | div=0.0004 | val_AP=0.4391 test_AP=0.4401
  S3 Epoch   5/500 [34.4s mem=10430MB] | total=0.4702 task=0.2011 train_AP=0.6124 | out_nov=0.0871 node_nov=0.2290 | div=0.0013 | val_AP=0.4505 test_AP=0.4395
    -> New best val AP=0.4505 (test=0.4395)
  S3 Epoch   6/500 [35.1s mem=10432MB] | total=0.4703 task=0.2026 train_AP=0.6076 | out_nov=0.0878 node_nov=0.2402 | div=0.0010 | val_AP=0.4432 test_AP=0.4322
  S3 Epoch   7/500 [34.4s mem=10416MB] | total=0.4691 task=0.2022 train_AP=0.6122 | out_nov=0.0880 node_nov=0.2484 | div=0.0012 | val_AP=0.4578 test_AP=0.4466
    -> New best val AP=0.4578 (test=0.4466)
  S3 Epoch   8/500 [34.7s mem=10423MB] | total=0.4701 task=0.2041 train_AP=0.6026 | out_nov=0.0902 node_nov=0.2594 | div=0.0020 | val_AP=0.4455 test_AP=0.4432
  S3 Epoch   9/500 [32.9s mem=10437MB] | total=0.4696 task=0.2047 train_AP=0.6065 | out_nov=0.0912 node_nov=0.2661 | div=0.0013 | val_AP=0.4337 test_AP=0.4330
  S3 Epoch  10/500 [33.6s mem=10421MB] | total=0.4693 task=0.2052 train_AP=0.6053 | out_nov=0.0913 node_nov=0.2776 | div=0.0021 | val_AP=0.4295 test_AP=0.4313
  S3 Epoch  11/500 [31.8s mem=10431MB] | total=0.4676 task=0.2040 train_AP=0.6047 | out_nov=0.0912 node_nov=0.2822 | div=0.0019 | val_AP=0.4288 test_AP=0.4330
  S3 Epoch  12/500 [33.6s mem=10427MB] | total=0.4689 task=0.2064 train_AP=0.6033 | out_nov=0.0920 node_nov=0.2919 | div=0.0018 | val_AP=0.4364 test_AP=0.4402
  S3 Epoch  13/500 [33.1s mem=10423MB] | total=0.4673 task=0.2055 train_AP=0.6009 | out_nov=0.0934 node_nov=0.3022 | div=0.0026 | val_AP=0.4443 test_AP=0.4292
  S3 Epoch  14/500 [33.0s mem=10433MB] | total=0.4673 task=0.2061 train_AP=0.6037 | out_nov=0.0927 node_nov=0.3070 | div=0.0023 | val_AP=0.4425 test_AP=0.4332
  S3 Epoch  15/500 [33.5s mem=10428MB] | total=0.4678 task=0.2079 train_AP=0.5994 | out_nov=0.0965 node_nov=0.3156 | div=0.0021 | val_AP=0.4454 test_AP=0.4421
  S3 Epoch  16/500 [32.8s mem=10428MB] | total=0.4667 task=0.2083 train_AP=0.5928 | out_nov=0.0960 node_nov=0.3273 | div=0.0014 | val_AP=0.4305 test_AP=0.4306
  S3 Epoch  17/500 [33.0s mem=10432MB] | total=0.4649 task=0.2075 train_AP=0.6054 | out_nov=0.0993 node_nov=0.3350 | div=0.0017 | val_AP=0.4509 test_AP=0.4400
  S3 Epoch  18/500 [34.2s mem=10434MB] | total=0.4645 task=0.2082 train_AP=0.6001 | out_nov=0.0999 node_nov=0.3496 | div=0.0024 | val_AP=0.4271 test_AP=0.4371
  S3 Epoch  19/500 [34.4s mem=10432MB] | total=0.4647 task=0.2090 train_AP=0.6003 | out_nov=0.0986 node_nov=0.3518 | div=0.0015 | val_AP=0.4231 test_AP=0.4280
  S3 Epoch  20/500 [35.1s mem=10435MB] | total=0.4610 task=0.2069 train_AP=0.6050 | out_nov=0.0997 node_nov=0.3681 | div=0.0018 | val_AP=0.4536 test_AP=0.4434
  S3 Epoch  21/500 [33.1s mem=10424MB] | total=0.4615 task=0.2076 train_AP=0.6081 | out_nov=0.0994 node_nov=0.3782 | div=0.0032 | val_AP=0.4357 test_AP=0.4476
  S3 Epoch  22/500 [33.4s mem=10436MB] | total=0.4562 task=0.2053 train_AP=0.6091 | out_nov=0.1028 node_nov=0.3952 | div=0.0015 | val_AP=0.4535 test_AP=0.4391
  S3 Epoch  23/500 [32.4s mem=10420MB] | total=0.4563 task=0.2067 train_AP=0.6084 | out_nov=0.1044 node_nov=0.4132 | div=0.0027 | val_AP=0.4272 test_AP=0.4267
  S3 Epoch  24/500 [31.6s mem=10427MB] | total=0.4544 task=0.2064 train_AP=0.6082 | out_nov=0.1054 node_nov=0.4237 | div=0.0019 | val_AP=0.4393 test_AP=0.4342
  S3 Epoch  25/500 [32.8s mem=10429MB] | total=0.4509 task=0.2052 train_AP=0.6080 | out_nov=0.1085 node_nov=0.4389 | div=0.0009 | val_AP=0.4325 test_AP=0.4306
  S3 Epoch  26/500 [34.8s mem=10424MB] | total=0.4498 task=0.2046 train_AP=0.6127 | out_nov=0.1074 node_nov=0.4484 | div=0.0015 | val_AP=0.4538 test_AP=0.4519
  S3 Epoch  27/500 [33.5s mem=10429MB] | total=0.4459 task=0.2021 train_AP=0.6217 | out_nov=0.1084 node_nov=0.4716 | div=0.0036 | val_AP=0.4455 test_AP=0.4334
  S3 Epoch  28/500 [32.8s mem=10422MB] | total=0.4367 task=0.1952 train_AP=0.6327 | out_nov=0.1097 node_nov=0.4884 | div=0.0026 | val_AP=0.4555 test_AP=0.4545
  S3 Epoch  29/500 [35.3s mem=10425MB] | total=0.4347 task=0.1948 train_AP=0.6340 | out_nov=0.1067 node_nov=0.5053 | div=0.0022 | val_AP=0.4355 test_AP=0.4388
  S3 Epoch  30/500 [33.5s mem=10432MB] | total=0.4306 task=0.1922 train_AP=0.6394 | out_nov=0.1100 node_nov=0.5158 | div=0.0020 | val_AP=0.4332 test_AP=0.4325
  S3 Epoch  31/500 [33.7s mem=10433MB] | total=0.4241 task=0.1895 train_AP=0.6446 | out_nov=0.1119 node_nov=0.5483 | div=0.0012 | val_AP=0.4623 test_AP=0.4515
    -> New best val AP=0.4623 (test=0.4515)
  S3 Epoch  32/500 [33.1s mem=10438MB] | total=0.4214 task=0.1854 train_AP=0.6571 | out_nov=0.1119 node_nov=0.5500 | div=0.0045 | val_AP=0.4613 test_AP=0.4530
  S3 Epoch  33/500 [32.8s mem=10432MB] | total=0.4160 task=0.1823 train_AP=0.6615 | out_nov=0.1100 node_nov=0.5744 | div=0.0042 | val_AP=0.4515 test_AP=0.4543
  S3 Epoch  34/500 [33.2s mem=10427MB] | total=0.4095 task=0.1807 train_AP=0.6666 | out_nov=0.1118 node_nov=0.6065 | div=0.0013 | val_AP=0.4572 test_AP=0.4477
  S3 Epoch  35/500 [33.9s mem=10416MB] | total=0.4065 task=0.1782 train_AP=0.6756 | out_nov=0.1117 node_nov=0.6173 | div=0.0024 | val_AP=0.4481 test_AP=0.4468
  S3 Epoch  36/500 [33.3s mem=10420MB] | total=0.4033 task=0.1741 train_AP=0.6836 | out_nov=0.1149 node_nov=0.6187 | div=0.0051 | val_AP=0.4710 test_AP=0.4543
    -> New best val AP=0.4710 (test=0.4543)
  S3 Epoch  37/500 [33.5s mem=10426MB] | total=0.4002 task=0.1715 train_AP=0.6916 | out_nov=0.1127 node_nov=0.6524 | div=0.0104 | val_AP=0.4554 test_AP=0.4404
  S3 Epoch  38/500 [32.2s mem=10433MB] | total=0.3965 task=0.1733 train_AP=0.6876 | out_nov=0.1120 node_nov=0.6763 | div=0.0041 | val_AP=0.4602 test_AP=0.4563
  S3 Epoch  39/500 [32.7s mem=10430MB] | total=0.3899 task=0.1669 train_AP=0.6984 | out_nov=0.1105 node_nov=0.6855 | div=0.0052 | val_AP=0.4664 test_AP=0.4576
  S3 Epoch  40/500 [33.9s mem=10426MB] | total=0.3790 task=0.1601 train_AP=0.7127 | out_nov=0.1092 node_nov=0.7301 | div=0.0055 | val_AP=0.4665 test_AP=0.4629
  S3 Epoch  41/500 [33.3s mem=10424MB] | total=0.3800 task=0.1614 train_AP=0.7125 | out_nov=0.1126 node_nov=0.7283 | div=0.0054 | val_AP=0.4549 test_AP=0.4502
  S3 Epoch  42/500 [33.2s mem=10428MB] | total=0.3740 task=0.1594 train_AP=0.7170 | out_nov=0.1137 node_nov=0.7535 | div=0.0026 | val_AP=0.4608 test_AP=0.4589
  S3 Epoch  43/500 [33.9s mem=10424MB] | total=0.3687 task=0.1553 train_AP=0.7227 | out_nov=0.1126 node_nov=0.7755 | div=0.0045 | val_AP=0.4680 test_AP=0.4481
  S3 Epoch  44/500 [34.3s mem=10428MB] | total=0.3676 task=0.1569 train_AP=0.7197 | out_nov=0.1166 node_nov=0.7920 | div=0.0032 | val_AP=0.4661 test_AP=0.4694
  S3 Epoch  45/500 [33.4s mem=10432MB] | total=0.3603 task=0.1503 train_AP=0.7361 | out_nov=0.1158 node_nov=0.8289 | div=0.0089 | val_AP=0.4740 test_AP=0.4619
    -> New best val AP=0.4740 (test=0.4619)
  S3 Epoch  46/500 [34.7s mem=10425MB] | total=0.3533 task=0.1469 train_AP=0.7397 | out_nov=0.1153 node_nov=0.8444 | div=0.0047 | val_AP=0.4672 test_AP=0.4629
  S3 Epoch  47/500 [33.8s mem=10420MB] | total=0.3536 task=0.1484 train_AP=0.7375 | out_nov=0.1148 node_nov=0.8626 | div=0.0059 | val_AP=0.4716 test_AP=0.4608
  S3 Epoch  48/500 [33.6s mem=10416MB] | total=0.3507 task=0.1460 train_AP=0.7473 | out_nov=0.1143 node_nov=0.8573 | div=0.0038 | val_AP=0.4690 test_AP=0.4563
  S3 Epoch  49/500 [34.3s mem=10429MB] | total=0.3427 task=0.1407 train_AP=0.7596 | out_nov=0.1154 node_nov=0.8806 | div=0.0033 | val_AP=0.4728 test_AP=0.4614
  S3 Epoch  50/500 [34.1s mem=10428MB] | total=0.3382 task=0.1382 train_AP=0.7625 | out_nov=0.1155 node_nov=0.9055 | div=0.0043 | val_AP=0.4513 test_AP=0.4523
  S3 Epoch  51/500 [32.5s mem=10423MB] | total=0.3304 task=0.1331 train_AP=0.7688 | out_nov=0.1180 node_nov=0.9281 | div=0.0039 | val_AP=0.4779 test_AP=0.4761
    -> New best val AP=0.4779 (test=0.4761)
  S3 Epoch  52/500 [34.5s mem=10428MB] | total=0.3252 task=0.1309 train_AP=0.7803 | out_nov=0.1187 node_nov=0.9549 | div=0.0033 | val_AP=0.4381 test_AP=0.4272
  S3 Epoch  53/500 [32.8s mem=10425MB] | total=0.3235 task=0.1318 train_AP=0.7711 | out_nov=0.1190 node_nov=0.9739 | div=0.0019 | val_AP=0.4626 test_AP=0.4545
  S3 Epoch  54/500 [32.6s mem=10421MB] | total=0.3229 task=0.1343 train_AP=0.7713 | out_nov=0.1208 node_nov=1.0112 | div=0.0036 | val_AP=0.4603 test_AP=0.4617
  S3 Epoch  55/500 [33.6s mem=10429MB] | total=0.3186 task=0.1296 train_AP=0.7862 | out_nov=0.1188 node_nov=1.0220 | div=0.0060 | val_AP=0.4749 test_AP=0.4714
  S3 Epoch  56/500 [34.2s mem=10430MB] | total=0.3168 task=0.1280 train_AP=0.7833 | out_nov=0.1181 node_nov=1.0175 | div=0.0047 | val_AP=0.4618 test_AP=0.4620
  S3 Epoch  57/500 [33.8s mem=10421MB] | total=0.3105 task=0.1225 train_AP=0.7956 | out_nov=0.1164 node_nov=1.0336 | div=0.0059 | val_AP=0.4683 test_AP=0.4627
  S3 Epoch  58/500 [33.5s mem=10435MB] | total=0.3071 task=0.1219 train_AP=0.7937 | out_nov=0.1226 node_nov=1.0492 | div=0.0048 | val_AP=0.4782 test_AP=0.4600
    -> New best val AP=0.4782 (test=0.4600)
  S3 Epoch  59/500 [32.8s mem=10426MB] | total=0.3062 task=0.1211 train_AP=0.8044 | out_nov=0.1270 node_nov=1.0541 | div=0.0065 | val_AP=0.4561 test_AP=0.4467
  S3 Epoch  60/500 [33.5s mem=10424MB] | total=0.2977 task=0.1184 train_AP=0.8076 | out_nov=0.1264 node_nov=1.0972 | div=0.0033 | val_AP=0.4691 test_AP=0.4597
  S3 Epoch  61/500 [33.2s mem=10425MB] | total=0.2943 task=0.1140 train_AP=0.8155 | out_nov=0.1285 node_nov=1.0968 | div=0.0057 | val_AP=0.4745 test_AP=0.4734
  S3 Epoch  62/500 [32.3s mem=10416MB] | total=0.2888 task=0.1143 train_AP=0.8144 | out_nov=0.1260 node_nov=1.1366 | div=0.0015 | val_AP=0.4679 test_AP=0.4615
  S3 Epoch  63/500 [34.1s mem=10433MB] | total=0.2889 task=0.1138 train_AP=0.8112 | out_nov=0.1255 node_nov=1.1426 | div=0.0038 | val_AP=0.4634 test_AP=0.4669
  S3 Epoch  64/500 [32.6s mem=10427MB] | total=0.2838 task=0.1092 train_AP=0.8256 | out_nov=0.1286 node_nov=1.1479 | div=0.0046 | val_AP=0.4616 test_AP=0.4598
  S3 Epoch  65/500 [33.0s mem=10423MB] | total=0.2854 task=0.1074 train_AP=0.8278 | out_nov=0.1278 node_nov=1.1197 | div=0.0055 | val_AP=0.4625 test_AP=0.4611
  S3 Epoch  66/500 [32.2s mem=10424MB] | total=0.2804 task=0.1057 train_AP=0.8309 | out_nov=0.1272 node_nov=1.1567 | div=0.0061 | val_AP=0.4772 test_AP=0.4749
  S3 Epoch  67/500 [33.7s mem=10429MB] | total=0.2713 task=0.1037 train_AP=0.8393 | out_nov=0.1318 node_nov=1.2099 | div=0.0034 | val_AP=0.4604 test_AP=0.4570
  S3 Epoch  68/500 [34.6s mem=10435MB] | total=0.2684 task=0.1021 train_AP=0.8391 | out_nov=0.1357 node_nov=1.2123 | div=0.0022 | val_AP=0.4469 test_AP=0.4495
  S3 Epoch  69/500 [35.4s mem=10416MB] | total=0.2717 task=0.1037 train_AP=0.8401 | out_nov=0.1351 node_nov=1.1958 | div=0.0024 | val_AP=0.4782 test_AP=0.4722
    -> New best val AP=0.4782 (test=0.4722)
  S3 Epoch  70/500 [35.4s mem=10430MB] | total=0.2633 task=0.0984 train_AP=0.8503 | out_nov=0.1337 node_nov=1.2243 | div=0.0014 | val_AP=0.4869 test_AP=0.4836
    -> New best val AP=0.4869 (test=0.4836)
  S3 Epoch  71/500 [35.4s mem=10432MB] | total=0.2641 task=0.0979 train_AP=0.8517 | out_nov=0.1332 node_nov=1.2270 | div=0.0045 | val_AP=0.4707 test_AP=0.4652
  S3 Epoch  72/500 [33.7s mem=10422MB] | total=0.2554 task=0.0929 train_AP=0.8598 | out_nov=0.1361 node_nov=1.2535 | div=0.0028 | val_AP=0.4761 test_AP=0.4801
  S3 Epoch  73/500 [31.7s mem=10430MB] | total=0.2564 task=0.0934 train_AP=0.8599 | out_nov=0.1344 node_nov=1.2412 | div=0.0011 | val_AP=0.4957 test_AP=0.4823
    -> New best val AP=0.4957 (test=0.4823)
  S3 Epoch  74/500 [33.2s mem=10421MB] | total=0.2604 task=0.0922 train_AP=0.8573 | out_nov=0.1357 node_nov=1.2277 | div=0.0091 | val_AP=0.4795 test_AP=0.4749
  S3 Epoch  75/500 [33.6s mem=10435MB] | total=0.2538 task=0.0908 train_AP=0.8647 | out_nov=0.1317 node_nov=1.2499 | div=0.0023 | val_AP=0.4857 test_AP=0.4764
  S3 Epoch  76/500 [34.0s mem=10424MB] | total=0.2434 task=0.0840 train_AP=0.8746 | out_nov=0.1385 node_nov=1.2831 | div=0.0031 | val_AP=0.4827 test_AP=0.4915
  S3 Epoch  77/500 [33.5s mem=10434MB] | total=0.2458 task=0.0839 train_AP=0.8770 | out_nov=0.1400 node_nov=1.2884 | div=0.0096 | val_AP=0.4862 test_AP=0.4745
  S3 Epoch  78/500 [32.9s mem=10435MB] | total=0.2480 task=0.0899 train_AP=0.8723 | out_nov=0.1394 node_nov=1.2974 | div=0.0035 | val_AP=0.4879 test_AP=0.4819
  S3 Epoch  79/500 [33.2s mem=10428MB] | total=0.2426 task=0.0839 train_AP=0.8824 | out_nov=0.1362 node_nov=1.3041 | div=0.0055 | val_AP=0.4813 test_AP=0.4780
  S3 Epoch  80/500 [32.0s mem=10425MB] | total=0.2380 task=0.0818 train_AP=0.8828 | out_nov=0.1340 node_nov=1.3262 | div=0.0045 | val_AP=0.4699 test_AP=0.4857
  S3 Epoch  81/500 [31.7s mem=10424MB] | total=0.2359 task=0.0821 train_AP=0.8830 | out_nov=0.1426 node_nov=1.3402 | div=0.0040 | val_AP=0.4689 test_AP=0.4677
  S3 Epoch  82/500 [34.5s mem=10423MB] | total=0.2381 task=0.0815 train_AP=0.8841 | out_nov=0.1396 node_nov=1.3302 | div=0.0071 | val_AP=0.4815 test_AP=0.4832
  S3 Epoch  83/500 [32.8s mem=10429MB] | total=0.2340 task=0.0794 train_AP=0.8857 | out_nov=0.1402 node_nov=1.3374 | div=0.0046 | val_AP=0.4826 test_AP=0.4867
  S3 Epoch  84/500 [34.3s mem=10433MB] | total=0.2280 task=0.0791 train_AP=0.8938 | out_nov=0.1462 node_nov=1.3892 | div=0.0048 | val_AP=0.4699 test_AP=0.4744
  S3 Epoch  85/500 [33.4s mem=10432MB] | total=0.2292 task=0.0805 train_AP=0.8895 | out_nov=0.1433 node_nov=1.3896 | div=0.0041 | val_AP=0.4768 test_AP=0.4779
  S3 Epoch  86/500 [34.6s mem=10427MB] | total=0.2255 task=0.0761 train_AP=0.8943 | out_nov=0.1483 node_nov=1.3866 | div=0.0058 | val_AP=0.4740 test_AP=0.4684
  S3 Epoch  87/500 [33.7s mem=10422MB] | total=0.2170 task=0.0716 train_AP=0.9022 | out_nov=0.1438 node_nov=1.4184 | div=0.0034 | val_AP=0.4761 test_AP=0.4821
  S3 Epoch  88/500 [32.5s mem=10421MB] | total=0.2146 task=0.0716 train_AP=0.9049 | out_nov=0.1502 node_nov=1.4344 | div=0.0028 | val_AP=0.4888 test_AP=0.4959
  S3 Epoch  89/500 [33.3s mem=10432MB] | total=0.2135 task=0.0708 train_AP=0.9056 | out_nov=0.1529 node_nov=1.4353 | div=0.0030 | val_AP=0.4794 test_AP=0.4738
  S3 Epoch  90/500 [32.5s mem=10423MB] | total=0.2093 task=0.0685 train_AP=0.9105 | out_nov=0.1450 node_nov=1.4584 | div=0.0024 | val_AP=0.4846 test_AP=0.4718
  S3 Epoch  91/500 [33.4s mem=10425MB] | total=0.2108 task=0.0682 train_AP=0.9121 | out_nov=0.1469 node_nov=1.4386 | div=0.0023 | val_AP=0.4800 test_AP=0.4658
  S3 Epoch  92/500 [33.1s mem=10430MB] | total=0.2106 task=0.0676 train_AP=0.9125 | out_nov=0.1498 node_nov=1.4295 | div=0.0018 | val_AP=0.4830 test_AP=0.4764
  S3 Epoch  93/500 [31.2s mem=10422MB] | total=0.2111 task=0.0689 train_AP=0.9116 | out_nov=0.1561 node_nov=1.4315 | div=0.0019 | val_AP=0.4781 test_AP=0.4817
  S3 Epoch  94/500 [32.4s mem=10432MB] | total=0.2056 task=0.0623 train_AP=0.9187 | out_nov=0.1512 node_nov=1.4362 | div=0.0040 | val_AP=0.4812 test_AP=0.4813
  S3 Epoch  95/500 [34.6s mem=10431MB] | total=0.2073 task=0.0653 train_AP=0.9193 | out_nov=0.1495 node_nov=1.4547 | div=0.0050 | val_AP=0.4612 test_AP=0.4722
  S3 Epoch  96/500 [33.6s mem=10425MB] | total=0.2061 task=0.0626 train_AP=0.9217 | out_nov=0.1478 node_nov=1.4625 | div=0.0090 | val_AP=0.4762 test_AP=0.4697
  S3 Epoch  97/500 [32.7s mem=10427MB] | total=0.2061 task=0.0616 train_AP=0.9248 | out_nov=0.1437 node_nov=1.4301 | div=0.0039 | val_AP=0.4781 test_AP=0.4816
  S3 Epoch  98/500 [32.3s mem=10430MB] | total=0.2082 task=0.0616 train_AP=0.9221 | out_nov=0.1444 node_nov=1.4287 | div=0.0079 | val_AP=0.4840 test_AP=0.4708
  S3 Epoch  99/500 [32.3s mem=10432MB] | total=0.2020 task=0.0615 train_AP=0.9251 | out_nov=0.1437 node_nov=1.4601 | div=0.0019 | val_AP=0.4799 test_AP=0.4788
  S3 Epoch 100/500 [33.3s mem=10429MB] | total=0.1995 task=0.0595 train_AP=0.9274 | out_nov=0.1450 node_nov=1.4700 | div=0.0029 | val_AP=0.4879 test_AP=0.4784
  S3 Epoch 101/500 [33.4s mem=10424MB] | total=0.1984 task=0.0607 train_AP=0.9305 | out_nov=0.1528 node_nov=1.4814 | div=0.0021 | val_AP=0.4620 test_AP=0.4632
  S3 Epoch 102/500 [33.5s mem=10424MB] | total=0.1917 task=0.0561 train_AP=0.9328 | out_nov=0.1491 node_nov=1.4970 | div=0.0003 | val_AP=0.4707 test_AP=0.4624
  S3 Epoch 103/500 [31.7s mem=10434MB] | total=0.1946 task=0.0554 train_AP=0.9302 | out_nov=0.1461 node_nov=1.4778 | div=0.0033 | val_AP=0.4734 test_AP=0.4711
  S3 Epoch 104/500 [34.8s mem=10427MB] | total=0.1923 task=0.0550 train_AP=0.9359 | out_nov=0.1538 node_nov=1.4880 | div=0.0028 | val_AP=0.4815 test_AP=0.4800
  S3 Epoch 105/500 [35.5s mem=10428MB] | total=0.1941 task=0.0567 train_AP=0.9291 | out_nov=0.1482 node_nov=1.4885 | div=0.0021 | val_AP=0.4820 test_AP=0.4757
  S3 Epoch 106/500 [33.9s mem=10428MB] | total=0.1902 task=0.0533 train_AP=0.9359 | out_nov=0.1543 node_nov=1.4962 | div=0.0039 | val_AP=0.4669 test_AP=0.4645
  S3 Epoch 107/500 [35.2s mem=10427MB] | total=0.1894 task=0.0539 train_AP=0.9414 | out_nov=0.1569 node_nov=1.4933 | div=0.0011 | val_AP=0.4668 test_AP=0.4677
  S3 Epoch 108/500 [35.0s mem=10418MB] | total=0.1892 task=0.0515 train_AP=0.9413 | out_nov=0.1605 node_nov=1.4921 | div=0.0059 | val_AP=0.4684 test_AP=0.4642
  S3 Epoch 109/500 [34.1s mem=10433MB] | total=0.1887 task=0.0526 train_AP=0.9432 | out_nov=0.1614 node_nov=1.4858 | div=0.0016 | val_AP=0.4675 test_AP=0.4685
  S3 Epoch 110/500 [33.4s mem=10439MB] | total=0.1871 task=0.0493 train_AP=0.9460 | out_nov=0.1535 node_nov=1.4864 | div=0.0037 | val_AP=0.4647 test_AP=0.4767
  S3 Epoch 111/500 [34.3s mem=10431MB] | total=0.1859 task=0.0502 train_AP=0.9433 | out_nov=0.1562 node_nov=1.4935 | div=0.0015 | val_AP=0.4711 test_AP=0.4839
  S3 Epoch 112/500 [32.9s mem=10420MB] | total=0.1849 task=0.0517 train_AP=0.9419 | out_nov=0.1672 node_nov=1.5100 | div=0.0018 | val_AP=0.4725 test_AP=0.4683
  S3 Epoch 113/500 [33.4s mem=10426MB] | total=0.1844 task=0.0497 train_AP=0.9497 | out_nov=0.1612 node_nov=1.4995 | div=0.0015 | val_AP=0.4830 test_AP=0.4668
  S3 Epoch 114/500 [34.5s mem=10426MB] | total=0.1844 task=0.0452 train_AP=0.9521 | out_nov=0.1565 node_nov=1.4743 | div=0.0045 | val_AP=0.4683 test_AP=0.4663
  S3 Epoch 115/500 [34.2s mem=10429MB] | total=0.1820 task=0.0463 train_AP=0.9524 | out_nov=0.1582 node_nov=1.4865 | div=0.0003 | val_AP=0.4690 test_AP=0.4788
  S3 Epoch 116/500 [32.5s mem=10423MB] | total=0.1791 task=0.0441 train_AP=0.9526 | out_nov=0.1546 node_nov=1.5154 | div=0.0040 | val_AP=0.4741 test_AP=0.4759
  S3 Epoch 117/500 [33.3s mem=10430MB] | total=0.1798 task=0.0471 train_AP=0.9514 | out_nov=0.1582 node_nov=1.5226 | div=0.0015 | val_AP=0.4596 test_AP=0.4723
  S3 Epoch 118/500 [34.7s mem=10439MB] | total=0.1818 task=0.0448 train_AP=0.9528 | out_nov=0.1516 node_nov=1.4883 | div=0.0019 | val_AP=0.4738 test_AP=0.4746
  S3 Epoch 119/500 [32.6s mem=10424MB] | total=0.1781 task=0.0438 train_AP=0.9515 | out_nov=0.1575 node_nov=1.5034 | div=0.0008 | val_AP=0.4755 test_AP=0.4801
  S3 Epoch 120/500 [33.2s mem=10430MB] | total=0.1811 task=0.0462 train_AP=0.9566 | out_nov=0.1599 node_nov=1.4998 | div=0.0019 | val_AP=0.4668 test_AP=0.4672
  S3 Epoch 121/500 [34.2s mem=10423MB] | total=0.1784 task=0.0434 train_AP=0.9593 | out_nov=0.1614 node_nov=1.5037 | div=0.0030 | val_AP=0.4542 test_AP=0.4575
  S3 Epoch 122/500 [34.3s mem=10424MB] | total=0.1762 task=0.0459 train_AP=0.9567 | out_nov=0.1788 node_nov=1.5259 | div=0.0016 | val_AP=0.4606 test_AP=0.4741
  S3 Epoch 123/500 [34.5s mem=10419MB] | total=0.1749 task=0.0423 train_AP=0.9605 | out_nov=0.1706 node_nov=1.5126 | div=0.0020 | val_AP=0.4757 test_AP=0.4802
  Early stopping at epoch 123. Best val AP=0.4957 at epoch 73.
Stage 3 done. Best val AP=0.4957 at epoch 73.

  Cycle 0 proxy result: val_AP=0.4957 test_AP=0.4823

============================================================
DISTILLATION: Train M_base to mimic frozen M_proxy (+ proxies)
  kl_w=0.5 node_w=0.5 graph_w=0.0001 task_w=1.0 T=1.5
  lr=1e-05 patience=80
============================================================
  Student parameters: 13,227,530
  Distill Epoch   1/500 [32.0s mem=8757MB] | total=41.1058 kl=3.0265 node_l2=11.662153 graph_l2=335238.206342 task=0.2377 | val_AP=0.4305 test_AP=0.4248
    -> New best distilled val AP=0.4305 (test=0.4248)
  Distill Epoch   2/500 [32.0s mem=8752MB] | total=19.4130 kl=2.9034 node_l2=5.897926 graph_l2=147811.702022 task=0.2312 | val_AP=0.4227 test_AP=0.4202
  Distill Epoch   3/500 [31.5s mem=8753MB] | total=6.4950 kl=1.8803 node_l2=2.941897 graph_l2=39216.482066 task=0.1622 | val_AP=0.4590 test_AP=0.4530
    -> New best distilled val AP=0.4590 (test=0.4530)
  Distill Epoch   4/500 [31.4s mem=8749MB] | total=4.1947 kl=1.3471 node_l2=2.585539 graph_l2=21003.968882 task=0.1281 | val_AP=0.4699 test_AP=0.4701
    -> New best distilled val AP=0.4699 (test=0.4701)
  Distill Epoch   5/500 [32.3s mem=8751MB] | total=3.3994 kl=1.0367 node_l2=2.330177 graph_l2=16038.602941 task=0.1121 | val_AP=0.4730 test_AP=0.4751
    -> New best distilled val AP=0.4730 (test=0.4751)
  Distill Epoch   6/500 [30.5s mem=8765MB] | total=2.8239 kl=0.8757 node_l2=2.083397 graph_l2=12426.642860 task=0.1017 | val_AP=0.4751 test_AP=0.4765
    -> New best distilled val AP=0.4751 (test=0.4765)
  Distill Epoch   7/500 [30.2s mem=8756MB] | total=2.4369 kl=0.7361 node_l2=1.931173 graph_l2=10097.379978 task=0.0935 | val_AP=0.4796 test_AP=0.4789
    -> New best distilled val AP=0.4796 (test=0.4789)
  Distill Epoch   8/500 [30.3s mem=8756MB] | total=2.1901 kl=0.6756 node_l2=1.827537 graph_l2=8463.565703 task=0.0921 | val_AP=0.4805 test_AP=0.4783
    -> New best distilled val AP=0.4805 (test=0.4783)
  Distill Epoch   9/500 [31.2s mem=8758MB] | total=2.0030 kl=0.6094 node_l2=1.752710 graph_l2=7343.734794 task=0.0876 | val_AP=0.4784 test_AP=0.4788
  Distill Epoch  10/500 [32.3s mem=8759MB] | total=1.8648 kl=0.5665 node_l2=1.688810 graph_l2=6506.551080 task=0.0865 | val_AP=0.4803 test_AP=0.4780
  Distill Epoch  11/500 [30.0s mem=8756MB] | total=1.7576 kl=0.5344 node_l2=1.631649 graph_l2=5894.222478 task=0.0851 | val_AP=0.4803 test_AP=0.4776
  Distill Epoch  12/500 [31.5s mem=8751MB] | total=1.6496 kl=0.5018 node_l2=1.572588 graph_l2=5284.954795 task=0.0839 | val_AP=0.4811 test_AP=0.4788
    -> New best distilled val AP=0.4811 (test=0.4788)
  Distill Epoch  13/500 [32.4s mem=8755MB] | total=1.5658 kl=0.4710 node_l2=1.515472 graph_l2=4893.760915 task=0.0832 | val_AP=0.4803 test_AP=0.4799
  Distill Epoch  14/500 [33.2s mem=8759MB] | total=1.4823 kl=0.4528 node_l2=1.459583 graph_l2=4451.897181 task=0.0809 | val_AP=0.4823 test_AP=0.4803
    -> New best distilled val AP=0.4823 (test=0.4803)
  Distill Epoch  15/500 [30.2s mem=8764MB] | total=1.4328 kl=0.4441 node_l2=1.413825 graph_l2=4222.517160 task=0.0816 | val_AP=0.4824 test_AP=0.4799
    -> New best distilled val AP=0.4824 (test=0.4799)
  Distill Epoch  16/500 [30.6s mem=8769MB] | total=1.3732 kl=0.4318 node_l2=1.366683 graph_l2=3942.917325 task=0.0797 | val_AP=0.4819 test_AP=0.4812
  Distill Epoch  17/500 [30.8s mem=8751MB] | total=1.3332 kl=0.4208 node_l2=1.325172 graph_l2=3792.466334 task=0.0809 | val_AP=0.4809 test_AP=0.4811
  Distill Epoch  18/500 [32.7s mem=8758MB] | total=1.2698 kl=0.3951 node_l2=1.281353 graph_l2=3519.924938 task=0.0796 | val_AP=0.4807 test_AP=0.4826
  Distill Epoch  19/500 [30.8s mem=8758MB] | total=1.2452 kl=0.4048 node_l2=1.246141 graph_l2=3409.024209 task=0.0789 | val_AP=0.4864 test_AP=0.4789
    -> New best distilled val AP=0.4864 (test=0.4789)
  Distill Epoch  20/500 [31.6s mem=8749MB] | total=1.2063 kl=0.3864 node_l2=1.213306 graph_l2=3252.142067 task=0.0813 | val_AP=0.4880 test_AP=0.4827
    -> New best distilled val AP=0.4880 (test=0.4827)
  Distill Epoch  21/500 [30.0s mem=8756MB] | total=1.1741 kl=0.3814 node_l2=1.181543 graph_l2=3136.800332 task=0.0789 | val_AP=0.4839 test_AP=0.4782
  Distill Epoch  22/500 [31.3s mem=8759MB] | total=1.1485 kl=0.3764 node_l2=1.152514 graph_l2=3041.209993 task=0.0799 | val_AP=0.4868 test_AP=0.4765
  Distill Epoch  23/500 [31.1s mem=8752MB] | total=1.1115 kl=0.3578 node_l2=1.124490 graph_l2=2925.982771 task=0.0778 | val_AP=0.4894 test_AP=0.4861
    -> New best distilled val AP=0.4894 (test=0.4861)
  Distill Epoch  24/500 [31.7s mem=8762MB] | total=1.0962 kl=0.3557 node_l2=1.099011 graph_l2=2893.539478 task=0.0795 | val_AP=0.4810 test_AP=0.4814
  Distill Epoch  25/500 [33.3s mem=8759MB] | total=1.0711 kl=0.3549 node_l2=1.078119 graph_l2=2778.622279 task=0.0767 | val_AP=0.4885 test_AP=0.4864
  Distill Epoch  26/500 [30.6s mem=8757MB] | total=1.0570 kl=0.3567 node_l2=1.055884 graph_l2=2725.048040 task=0.0782 | val_AP=0.4935 test_AP=0.4869
    -> New best distilled val AP=0.4935 (test=0.4869)
  Distill Epoch  27/500 [31.3s mem=8754MB] | total=1.0428 kl=0.3592 node_l2=1.037878 graph_l2=2656.098924 task=0.0787 | val_AP=0.4897 test_AP=0.4889
  Distill Epoch  28/500 [31.6s mem=8761MB] | total=1.0286 kl=0.3542 node_l2=1.022254 graph_l2=2623.987886 task=0.0779 | val_AP=0.4833 test_AP=0.4829
  Distill Epoch  29/500 [32.6s mem=8760MB] | total=1.0055 kl=0.3396 node_l2=1.004885 graph_l2=2556.952518 task=0.0776 | val_AP=0.4864 test_AP=0.4853
  Distill Epoch  30/500 [31.0s mem=8762MB] | total=0.9940 kl=0.3364 node_l2=0.991963 graph_l2=2525.998058 task=0.0773 | val_AP=0.4853 test_AP=0.4826
  Distill Epoch  31/500 [29.8s mem=8765MB] | total=0.9810 kl=0.3274 node_l2=0.980966 graph_l2=2486.796161 task=0.0781 | val_AP=0.4891 test_AP=0.4851
  Distill Epoch  32/500 [31.3s mem=8759MB] | total=0.9645 kl=0.3175 node_l2=0.970671 graph_l2=2440.310299 task=0.0764 | val_AP=0.4825 test_AP=0.4765
  Distill Epoch  33/500 [31.6s mem=8755MB] | total=0.9543 kl=0.3198 node_l2=0.957711 graph_l2=2387.928775 task=0.0768 | val_AP=0.4909 test_AP=0.4829
  Distill Epoch  34/500 [32.2s mem=8762MB] | total=0.9427 kl=0.3194 node_l2=0.945350 graph_l2=2341.094847 task=0.0762 | val_AP=0.4860 test_AP=0.4852
  Distill Epoch  35/500 [31.5s mem=8757MB] | total=0.9349 kl=0.3139 node_l2=0.937340 graph_l2=2331.032550 task=0.0761 | val_AP=0.4877 test_AP=0.4820
  Distill Epoch  36/500 [30.5s mem=8758MB] | total=0.9210 kl=0.3052 node_l2=0.927931 graph_l2=2277.787198 task=0.0766 | val_AP=0.4872 test_AP=0.4842
  Distill Epoch  37/500 [31.0s mem=8768MB] | total=0.9215 kl=0.3137 node_l2=0.921556 graph_l2=2272.254162 task=0.0766 | val_AP=0.4876 test_AP=0.4813
  Distill Epoch  38/500 [31.3s mem=8756MB] | total=0.9095 kl=0.3037 node_l2=0.913314 graph_l2=2255.253226 task=0.0754 | val_AP=0.4872 test_AP=0.4863
  Distill Epoch  39/500 [31.0s mem=8754MB] | total=0.9022 kl=0.3052 node_l2=0.904606 graph_l2=2213.031931 task=0.0760 | val_AP=0.4876 test_AP=0.4863
  Distill Epoch  40/500 [32.0s mem=8759MB] | total=0.8956 kl=0.3038 node_l2=0.898183 graph_l2=2193.174836 task=0.0754 | val_AP=0.4864 test_AP=0.4789
  Distill Epoch  41/500 [30.9s mem=8765MB] | total=0.8855 kl=0.2963 node_l2=0.889223 graph_l2=2173.401886 task=0.0754 | val_AP=0.4898 test_AP=0.4840
  Distill Epoch  42/500 [31.6s mem=8757MB] | total=0.8818 kl=0.2938 node_l2=0.885610 graph_l2=2168.130344 task=0.0753 | val_AP=0.4924 test_AP=0.4860
  Distill Epoch  43/500 [31.2s mem=8760MB] | total=0.8773 kl=0.2843 node_l2=0.879488 graph_l2=2198.039686 task=0.0756 | val_AP=0.4895 test_AP=0.4825
  Distill Epoch  44/500 [29.3s mem=8758MB] | total=0.8639 kl=0.2897 node_l2=0.870037 graph_l2=2101.575006 task=0.0739 | val_AP=0.4924 test_AP=0.4886
  Distill Epoch  45/500 [29.0s mem=8756MB] | total=0.8655 kl=0.2912 node_l2=0.865659 graph_l2=2123.902852 task=0.0747 | val_AP=0.4894 test_AP=0.4792
  Distill Epoch  46/500 [29.8s mem=8758MB] | total=0.8575 kl=0.2797 node_l2=0.862250 graph_l2=2119.840399 task=0.0745 | val_AP=0.4861 test_AP=0.4823
  Distill Epoch  47/500 [30.5s mem=8768MB] | total=0.8474 kl=0.2807 node_l2=0.852470 graph_l2=2069.398071 task=0.0738 | val_AP=0.4887 test_AP=0.4819
  Distill Epoch  48/500 [30.3s mem=8754MB] | total=0.8416 kl=0.2753 node_l2=0.847380 graph_l2=2054.206711 task=0.0749 | val_AP=0.4897 test_AP=0.4822
  Distill Epoch  49/500 [29.9s mem=8757MB] | total=0.8418 kl=0.2839 node_l2=0.842664 graph_l2=2032.609076 task=0.0753 | val_AP=0.4913 test_AP=0.4831
  Distill Epoch  50/500 [29.5s mem=8753MB] | total=0.8334 kl=0.2757 node_l2=0.838384 graph_l2=2009.228215 task=0.0754 | val_AP=0.4864 test_AP=0.4831
  Distill Epoch  51/500 [30.1s mem=8762MB] | total=0.8244 kl=0.2682 node_l2=0.832502 graph_l2=2000.830160 task=0.0739 | val_AP=0.4882 test_AP=0.4821
  Distill Epoch  52/500 [32.6s mem=8761MB] | total=0.8215 kl=0.2705 node_l2=0.827214 graph_l2=1986.494339 task=0.0740 | val_AP=0.4926 test_AP=0.4897
  Distill Epoch  53/500 [32.3s mem=8762MB] | total=0.8145 kl=0.2663 node_l2=0.822163 graph_l2=1959.398351 task=0.0743 | val_AP=0.4912 test_AP=0.4843
  Distill Epoch  54/500 [30.6s mem=8752MB] | total=0.8107 kl=0.2703 node_l2=0.815750 graph_l2=1944.918779 task=0.0732 | val_AP=0.4895 test_AP=0.4849
  Distill Epoch  55/500 [30.1s mem=8757MB] | total=0.8082 kl=0.2676 node_l2=0.812080 graph_l2=1936.332604 task=0.0747 | val_AP=0.4929 test_AP=0.4837
  Distill Epoch  56/500 [30.5s mem=8763MB] | total=0.8008 kl=0.2608 node_l2=0.807833 graph_l2=1926.706557 task=0.0738 | val_AP=0.4872 test_AP=0.4855
  Distill Epoch  57/500 [30.2s mem=8761MB] | total=0.8011 kl=0.2592 node_l2=0.805532 graph_l2=1954.771020 task=0.0733 | val_AP=0.4898 test_AP=0.4841
  Distill Epoch  58/500 [30.8s mem=8763MB] | total=0.7970 kl=0.2687 node_l2=0.797729 graph_l2=1896.091882 task=0.0742 | val_AP=0.4897 test_AP=0.4892
  Distill Epoch  59/500 [31.9s mem=8753MB] | total=0.7977 kl=0.2706 node_l2=0.796297 graph_l2=1909.367870 task=0.0733 | val_AP=0.4852 test_AP=0.4821
  Distill Epoch  60/500 [32.3s mem=8766MB] | total=0.7859 kl=0.2566 node_l2=0.790260 graph_l2=1896.605318 task=0.0728 | val_AP=0.4898 test_AP=0.4878
  Distill Epoch  61/500 [32.2s mem=8755MB] | total=0.7887 kl=0.2579 node_l2=0.789186 graph_l2=1911.692736 task=0.0740 | val_AP=0.4919 test_AP=0.4839
  Distill Epoch  62/500 [32.7s mem=8759MB] | total=0.7772 kl=0.2532 node_l2=0.782147 graph_l2=1869.704438 task=0.0725 | val_AP=0.4872 test_AP=0.4879
  Distill Epoch  63/500 [30.9s mem=8753MB] | total=0.7730 kl=0.2513 node_l2=0.777757 graph_l2=1857.893073 task=0.0727 | val_AP=0.4873 test_AP=0.4857
  Distill Epoch  64/500 [29.4s mem=8759MB] | total=0.7782 kl=0.2592 node_l2=0.776794 graph_l2=1869.581801 task=0.0732 | val_AP=0.4920 test_AP=0.4870
  Distill Epoch  65/500 [31.7s mem=8759MB] | total=0.7763 kl=0.2564 node_l2=0.773265 graph_l2=1889.062172 task=0.0725 | val_AP=0.4932 test_AP=0.4900
  Distill Epoch  66/500 [31.4s mem=8752MB] | total=0.7644 kl=0.2529 node_l2=0.766214 graph_l2=1822.111938 task=0.0726 | val_AP=0.4901 test_AP=0.4881
  Distill Epoch  67/500 [30.1s mem=8763MB] | total=0.7619 kl=0.2502 node_l2=0.763812 graph_l2=1822.837137 task=0.0726 | val_AP=0.4853 test_AP=0.4842
  Distill Epoch  68/500 [29.8s mem=8750MB] | total=0.7539 kl=0.2434 node_l2=0.760253 graph_l2=1802.584433 task=0.0718 | val_AP=0.4900 test_AP=0.4905
  Distill Epoch  69/500 [32.9s mem=8757MB] | total=0.7527 kl=0.2476 node_l2=0.756175 graph_l2=1789.977734 task=0.0718 | val_AP=0.4837 test_AP=0.4841
  Distill Epoch  70/500 [30.8s mem=8750MB] | total=0.7554 kl=0.2543 node_l2=0.751887 graph_l2=1799.255874 task=0.0724 | val_AP=0.4891 test_AP=0.4867
  Distill Epoch  71/500 [31.8s mem=8761MB] | total=0.7548 kl=0.2546 node_l2=0.750367 graph_l2=1797.499653 task=0.0725 | val_AP=0.4910 test_AP=0.4895
  Distill Epoch  72/500 [32.5s mem=8760MB] | total=0.7459 kl=0.2453 node_l2=0.747233 graph_l2=1779.182945 task=0.0717 | val_AP=0.4898 test_AP=0.4846
  Distill Epoch  73/500 [30.3s mem=8752MB] | total=0.7435 kl=0.2442 node_l2=0.744776 graph_l2=1771.659268 task=0.0719 | val_AP=0.4928 test_AP=0.4856
  Distill Epoch  74/500 [31.4s mem=8759MB] | total=0.7390 kl=0.2419 node_l2=0.740346 graph_l2=1754.969862 task=0.0724 | val_AP=0.4878 test_AP=0.4857
  Distill Epoch  75/500 [29.8s mem=8754MB] | total=0.7442 kl=0.2523 node_l2=0.737591 graph_l2=1761.690007 task=0.0731 | val_AP=0.4911 test_AP=0.4880
  Distill Epoch  76/500 [29.7s mem=8746MB] | total=0.7349 kl=0.2446 node_l2=0.735051 graph_l2=1734.643182 task=0.0716 | val_AP=0.4873 test_AP=0.4878
  Distill Epoch  77/500 [31.3s mem=8749MB] | total=0.7318 kl=0.2399 node_l2=0.731050 graph_l2=1743.333573 task=0.0720 | val_AP=0.4932 test_AP=0.4908
  Distill Epoch  78/500 [31.3s mem=8760MB] | total=0.7244 kl=0.2315 node_l2=0.728617 graph_l2=1736.235446 task=0.0707 | val_AP=0.4888 test_AP=0.4892
  Distill Epoch  79/500 [30.9s mem=8763MB] | total=0.7298 kl=0.2412 node_l2=0.726742 graph_l2=1742.624311 task=0.0716 | val_AP=0.4890 test_AP=0.4878
  Distill Epoch  80/500 [30.7s mem=8757MB] | total=0.7260 kl=0.2397 node_l2=0.722547 graph_l2=1730.440795 task=0.0718 | val_AP=0.4912 test_AP=0.4922
  Distill Epoch  81/500 [31.4s mem=8770MB] | total=0.7194 kl=0.2342 node_l2=0.719870 graph_l2=1709.303292 task=0.0715 | val_AP=0.4950 test_AP=0.4895
    -> New best distilled val AP=0.4950 (test=0.4895)
  Distill Epoch  82/500 [30.9s mem=8751MB] | total=0.7228 kl=0.2458 node_l2=0.716987 graph_l2=1696.083689 task=0.0718 | val_AP=0.4917 test_AP=0.4869
  Distill Epoch  83/500 [31.1s mem=8758MB] | total=0.7180 kl=0.2399 node_l2=0.715039 graph_l2=1691.359726 task=0.0715 | val_AP=0.4940 test_AP=0.4887
  Distill Epoch  84/500 [32.0s mem=8764MB] | total=0.7194 kl=0.2405 node_l2=0.713820 graph_l2=1703.979985 task=0.0719 | val_AP=0.4907 test_AP=0.4906
  Distill Epoch  85/500 [30.6s mem=8754MB] | total=0.7127 kl=0.2303 node_l2=0.713078 graph_l2=1704.399826 task=0.0705 | val_AP=0.4910 test_AP=0.4927
  Distill Epoch  86/500 [31.9s mem=8752MB] | total=0.7083 kl=0.2294 node_l2=0.707614 graph_l2=1685.651850 task=0.0712 | val_AP=0.4936 test_AP=0.4889
  Distill Epoch  87/500 [31.6s mem=8754MB] | total=0.7054 kl=0.2284 node_l2=0.706037 graph_l2=1668.473111 task=0.0714 | val_AP=0.4914 test_AP=0.4898
  Distill Epoch  88/500 [30.4s mem=8766MB] | total=0.7114 kl=0.2414 node_l2=0.702698 graph_l2=1674.047848 task=0.0720 | val_AP=0.4917 test_AP=0.4862
  Distill Epoch  89/500 [29.9s mem=8762MB] | total=0.7099 kl=0.2373 node_l2=0.703188 graph_l2=1692.821180 task=0.0704 | val_AP=0.4947 test_AP=0.4916
  Distill Epoch  90/500 [31.7s mem=8758MB] | total=0.6995 kl=0.2291 node_l2=0.697496 graph_l2=1653.659467 task=0.0709 | val_AP=0.4938 test_AP=0.4883
  Distill Epoch  91/500 [32.6s mem=8756MB] | total=0.6975 kl=0.2251 node_l2=0.696069 graph_l2=1651.810462 task=0.0717 | val_AP=0.4907 test_AP=0.4867
  Distill Epoch  92/500 [30.9s mem=8763MB] | total=0.6988 kl=0.2293 node_l2=0.695333 graph_l2=1650.276596 task=0.0715 | val_AP=0.4930 test_AP=0.4928
  Distill Epoch  93/500 [31.3s mem=8768MB] | total=0.6895 kl=0.2191 node_l2=0.691634 graph_l2=1638.170384 task=0.0703 | val_AP=0.4903 test_AP=0.4871
  Distill Epoch  94/500 [30.8s mem=8761MB] | total=0.6915 kl=0.2215 node_l2=0.691178 graph_l2=1645.461052 task=0.0707 | val_AP=0.4919 test_AP=0.4878
  Distill Epoch  95/500 [32.0s mem=8476MB] | total=0.6930 kl=0.2265 node_l2=0.687846 graph_l2=1653.034937 task=0.0705 | val_AP=0.4884 test_AP=0.4889
  Distill Epoch  96/500 [29.3s mem=8761MB] | total=0.6957 kl=0.2313 node_l2=0.687437 graph_l2=1646.171261 task=0.0718 | val_AP=0.4912 test_AP=0.4889
  Distill Epoch  97/500 [29.5s mem=8756MB] | total=0.6910 kl=0.2311 node_l2=0.683582 graph_l2=1624.332568 task=0.0712 | val_AP=0.4900 test_AP=0.4877
  Distill Epoch  98/500 [30.7s mem=8758MB] | total=0.6905 kl=0.2272 node_l2=0.683158 graph_l2=1637.424245 task=0.0716 | val_AP=0.4906 test_AP=0.4874
  Distill Epoch  99/500 [30.6s mem=8761MB] | total=0.6859 kl=0.2245 node_l2=0.680953 graph_l2=1623.530062 task=0.0708 | val_AP=0.4918 test_AP=0.4837
  Distill Epoch 100/500 [32.0s mem=8751MB] | total=0.6830 kl=0.2267 node_l2=0.676701 graph_l2=1600.053317 task=0.0713 | val_AP=0.4915 test_AP=0.4893
  Distill Epoch 101/500 [32.2s mem=8761MB] | total=0.6806 kl=0.2199 node_l2=0.676642 graph_l2=1623.157656 task=0.0700 | val_AP=0.4948 test_AP=0.4899
  Distill Epoch 102/500 [32.9s mem=8759MB] | total=0.6753 kl=0.2189 node_l2=0.673430 graph_l2=1587.471566 task=0.0704 | val_AP=0.4906 test_AP=0.4882
  Distill Epoch 103/500 [30.8s mem=8759MB] | total=0.6739 kl=0.2193 node_l2=0.670883 graph_l2=1581.350473 task=0.0707 | val_AP=0.4936 test_AP=0.4933
  Distill Epoch 104/500 [30.3s mem=8758MB] | total=0.6803 kl=0.2203 node_l2=0.673296 graph_l2=1634.935495 task=0.0700 | val_AP=0.4956 test_AP=0.4880
    -> New best distilled val AP=0.4956 (test=0.4880)
  Distill Epoch 105/500 [31.6s mem=8757MB] | total=0.6781 kl=0.2292 node_l2=0.668374 graph_l2=1595.073988 task=0.0699 | val_AP=0.4882 test_AP=0.4905
  Distill Epoch 106/500 [30.8s mem=8760MB] | total=0.6729 kl=0.2240 node_l2=0.665779 graph_l2=1573.482181 task=0.0707 | val_AP=0.4912 test_AP=0.4931
  Distill Epoch 107/500 [31.6s mem=8763MB] | total=0.6718 kl=0.2211 node_l2=0.665549 graph_l2=1584.353205 task=0.0700 | val_AP=0.4916 test_AP=0.4878
  Distill Epoch 108/500 [31.2s mem=8756MB] | total=0.6671 kl=0.2174 node_l2=0.663647 graph_l2=1559.992144 task=0.0706 | val_AP=0.4918 test_AP=0.4895
  Distill Epoch 109/500 [32.1s mem=8766MB] | total=0.6643 kl=0.2165 node_l2=0.661165 graph_l2=1549.668457 task=0.0706 | val_AP=0.4920 test_AP=0.4875
  Distill Epoch 110/500 [30.1s mem=8756MB] | total=0.6703 kl=0.2226 node_l2=0.660880 graph_l2=1585.664098 task=0.0700 | val_AP=0.4907 test_AP=0.4923
  Distill Epoch 111/500 [30.8s mem=8752MB] | total=0.6681 kl=0.2239 node_l2=0.659059 graph_l2=1560.931847 task=0.0706 | val_AP=0.4893 test_AP=0.4877
  Distill Epoch 112/500 [30.4s mem=8760MB] | total=0.6550 kl=0.2100 node_l2=0.654613 graph_l2=1523.734702 task=0.0704 | val_AP=0.4885 test_AP=0.4864
  Distill Epoch 113/500 [30.5s mem=8762MB] | total=0.6609 kl=0.2205 node_l2=0.653340 graph_l2=1530.313001 task=0.0710 | val_AP=0.4881 test_AP=0.4896
  Distill Epoch 114/500 [30.4s mem=8749MB] | total=0.6583 kl=0.2143 node_l2=0.652744 graph_l2=1548.150211 task=0.0700 | val_AP=0.4875 test_AP=0.4853
  Distill Epoch 115/500 [32.7s mem=8760MB] | total=0.6577 kl=0.2175 node_l2=0.650601 graph_l2=1543.102431 task=0.0694 | val_AP=0.4864 test_AP=0.4917
  Distill Epoch 116/500 [33.0s mem=8755MB] | total=0.6535 kl=0.2155 node_l2=0.649676 graph_l2=1510.618660 task=0.0699 | val_AP=0.4881 test_AP=0.4885
  Distill Epoch 117/500 [30.2s mem=8754MB] | total=0.6517 kl=0.2089 node_l2=0.647946 graph_l2=1536.030163 task=0.0696 | val_AP=0.4944 test_AP=0.4978
  Distill Epoch 118/500 [32.4s mem=8764MB] | total=0.6577 kl=0.2141 node_l2=0.647985 graph_l2=1570.570598 task=0.0696 | val_AP=0.4893 test_AP=0.4910
  Distill Epoch 119/500 [31.1s mem=8751MB] | total=0.6562 kl=0.2149 node_l2=0.646857 graph_l2=1554.800521 task=0.0698 | val_AP=0.4927 test_AP=0.4889
  Distill Epoch 120/500 [33.4s mem=8754MB] | total=0.6508 kl=0.2122 node_l2=0.643462 graph_l2=1531.487385 task=0.0698 | val_AP=0.4880 test_AP=0.4908
  Distill Epoch 121/500 [32.3s mem=8757MB] | total=0.6479 kl=0.2079 node_l2=0.642973 graph_l2=1529.317063 task=0.0695 | val_AP=0.4890 test_AP=0.4877
  Distill Epoch 122/500 [30.7s mem=8756MB] | total=0.6470 kl=0.2124 node_l2=0.641002 graph_l2=1507.244171 task=0.0696 | val_AP=0.4913 test_AP=0.4941
  Distill Epoch 123/500 [32.8s mem=8753MB] | total=0.6457 kl=0.2127 node_l2=0.639229 graph_l2=1507.893297 task=0.0690 | val_AP=0.4887 test_AP=0.4911
  Distill Epoch 124/500 [30.5s mem=8762MB] | total=0.6432 kl=0.2038 node_l2=0.639113 graph_l2=1523.147442 task=0.0694 | val_AP=0.4922 test_AP=0.4963
  Distill Epoch 125/500 [32.0s mem=8753MB] | total=0.6438 kl=0.2107 node_l2=0.636891 graph_l2=1502.849513 task=0.0697 | val_AP=0.4897 test_AP=0.4912
  Distill Epoch 126/500 [31.2s mem=8746MB] | total=0.6436 kl=0.2087 node_l2=0.637153 graph_l2=1509.322421 task=0.0697 | val_AP=0.4920 test_AP=0.4956
  Distill Epoch 127/500 [31.1s mem=8757MB] | total=0.6331 kl=0.1950 node_l2=0.634576 graph_l2=1492.774137 task=0.0690 | val_AP=0.4910 test_AP=0.4923
  Distill Epoch 128/500 [30.7s mem=8754MB] | total=0.6423 kl=0.2153 node_l2=0.632002 graph_l2=1491.708034 task=0.0695 | val_AP=0.4904 test_AP=0.4915
  Distill Epoch 129/500 [30.9s mem=8758MB] | total=0.6344 kl=0.2054 node_l2=0.630544 graph_l2=1471.929945 task=0.0693 | val_AP=0.4900 test_AP=0.4941
  Distill Epoch 130/500 [29.7s mem=8758MB] | total=0.6333 kl=0.2036 node_l2=0.629531 graph_l2=1474.290872 task=0.0693 | val_AP=0.4899 test_AP=0.4911
  Distill Epoch 131/500 [31.6s mem=8763MB] | total=0.6417 kl=0.2157 node_l2=0.630202 graph_l2=1494.832954 task=0.0692 | val_AP=0.4947 test_AP=0.4966
  Distill Epoch 132/500 [31.4s mem=8756MB] | total=0.6340 kl=0.2089 node_l2=0.627186 graph_l2=1469.247546 task=0.0690 | val_AP=0.4931 test_AP=0.4931
  Distill Epoch 133/500 [32.1s mem=8751MB] | total=0.6304 kl=0.2031 node_l2=0.626349 graph_l2=1471.745340 task=0.0685 | val_AP=0.4921 test_AP=0.4903
  Distill Epoch 134/500 [30.2s mem=8748MB] | total=0.6272 kl=0.1988 node_l2=0.624492 graph_l2=1466.951510 task=0.0689 | val_AP=0.4926 test_AP=0.4929
  Distill Epoch 135/500 [31.6s mem=8752MB] | total=0.6272 kl=0.1989 node_l2=0.624606 graph_l2=1463.810943 task=0.0690 | val_AP=0.4917 test_AP=0.4911
  Distill Epoch 136/500 [31.7s mem=8754MB] | total=0.6224 kl=0.1916 node_l2=0.623381 graph_l2=1465.910309 task=0.0683 | val_AP=0.4940 test_AP=0.4975
  Distill Epoch 137/500 [32.5s mem=8757MB] | total=0.6245 kl=0.1978 node_l2=0.621665 graph_l2=1457.004917 task=0.0690 | val_AP=0.4912 test_AP=0.4927
  Distill Epoch 138/500 [33.4s mem=8754MB] | total=0.6207 kl=0.1962 node_l2=0.619970 graph_l2=1442.687710 task=0.0683 | val_AP=0.4907 test_AP=0.4955
  Distill Epoch 139/500 [33.5s mem=8753MB] | total=0.6214 kl=0.1971 node_l2=0.619631 graph_l2=1450.850455 task=0.0679 | val_AP=0.4911 test_AP=0.4916
  Distill Epoch 140/500 [32.4s mem=8754MB] | total=0.6234 kl=0.2049 node_l2=0.616922 graph_l2=1435.820577 task=0.0689 | val_AP=0.4905 test_AP=0.4935
  Distill Epoch 141/500 [30.5s mem=8747MB] | total=0.6245 kl=0.1969 node_l2=0.618157 graph_l2=1475.030285 task=0.0694 | val_AP=0.4905 test_AP=0.4877
  Distill Epoch 142/500 [32.7s mem=8753MB] | total=0.6190 kl=0.1990 node_l2=0.614514 graph_l2=1428.116150 task=0.0694 | val_AP=0.4968 test_AP=0.4939
    -> New best distilled val AP=0.4968 (test=0.4939)
  Distill Epoch 143/500 [32.6s mem=8759MB] | total=0.6206 kl=0.1992 node_l2=0.615559 graph_l2=1446.908414 task=0.0685 | val_AP=0.4894 test_AP=0.4930
  Distill Epoch 144/500 [31.7s mem=8755MB] | total=0.6188 kl=0.1919 node_l2=0.614941 graph_l2=1475.015670 task=0.0679 | val_AP=0.4950 test_AP=0.4961
  Distill Epoch 145/500 [31.4s mem=8747MB] | total=0.6161 kl=0.2002 node_l2=0.611196 graph_l2=1417.922910 task=0.0686 | val_AP=0.4907 test_AP=0.4928
  Distill Epoch 146/500 [30.9s mem=8756MB] | total=0.6166 kl=0.1974 node_l2=0.611675 graph_l2=1429.539779 task=0.0691 | val_AP=0.4948 test_AP=0.4920
  Distill Epoch 147/500 [31.0s mem=8755MB] | total=0.6127 kl=0.1886 node_l2=0.610885 graph_l2=1452.846331 task=0.0676 | val_AP=0.4915 test_AP=0.4988
  Distill Epoch 148/500 [30.6s mem=8763MB] | total=0.6114 kl=0.1962 node_l2=0.607984 graph_l2=1413.411678 task=0.0680 | val_AP=0.4898 test_AP=0.4943
  Distill Epoch 149/500 [30.5s mem=8484MB] | total=0.6147 kl=0.1979 node_l2=0.608811 graph_l2=1426.363589 task=0.0687 | val_AP=0.4880 test_AP=0.4916
  Distill Epoch 150/500 [30.1s mem=8749MB] | total=0.6102 kl=0.1946 node_l2=0.606543 graph_l2=1419.239432 task=0.0677 | val_AP=0.4926 test_AP=0.4953
  Distill Epoch 151/500 [32.1s mem=8762MB] | total=0.6126 kl=0.1945 node_l2=0.606340 graph_l2=1430.832638 task=0.0691 | val_AP=0.4923 test_AP=0.4988
  Distill Epoch 152/500 [31.3s mem=8750MB] | total=0.6162 kl=0.1987 node_l2=0.606923 graph_l2=1451.652655 task=0.0682 | val_AP=0.4915 test_AP=0.4924
  Distill Epoch 153/500 [31.5s mem=8757MB] | total=0.6109 kl=0.2004 node_l2=0.604450 graph_l2=1404.911075 task=0.0680 | val_AP=0.4944 test_AP=0.4970
  Distill Epoch 154/500 [30.7s mem=8766MB] | total=0.6226 kl=0.1923 node_l2=0.605856 graph_l2=1546.131581 task=0.0689 | val_AP=0.4922 test_AP=0.4908
  Distill Epoch 155/500 [32.2s mem=8754MB] | total=0.6077 kl=0.1961 node_l2=0.601666 graph_l2=1409.551241 task=0.0679 | val_AP=0.4916 test_AP=0.4910
  Distill Epoch 156/500 [30.2s mem=8759MB] | total=0.6092 kl=0.1973 node_l2=0.601052 graph_l2=1409.557581 task=0.0691 | val_AP=0.4922 test_AP=0.4980
  Distill Epoch 157/500 [29.6s mem=8761MB] | total=0.6032 kl=0.1899 node_l2=0.600533 graph_l2=1406.241787 task=0.0674 | val_AP=0.4939 test_AP=0.4957
  Distill Epoch 158/500 [30.4s mem=8758MB] | total=0.6027 kl=0.1938 node_l2=0.598903 graph_l2=1385.189212 task=0.0678 | val_AP=0.4893 test_AP=0.4960
  Distill Epoch 159/500 [30.1s mem=8767MB] | total=0.6041 kl=0.1972 node_l2=0.598085 graph_l2=1390.034638 task=0.0674 | val_AP=0.4873 test_AP=0.4930
  Distill Epoch 160/500 [29.8s mem=8757MB] | total=0.6005 kl=0.1917 node_l2=0.596542 graph_l2=1380.605951 task=0.0683 | val_AP=0.4933 test_AP=0.4943
  Distill Epoch 161/500 [29.7s mem=8759MB] | total=0.6010 kl=0.1927 node_l2=0.596618 graph_l2=1378.921471 task=0.0685 | val_AP=0.4931 test_AP=0.4948
  Distill Epoch 162/500 [30.6s mem=8753MB] | total=0.6011 kl=0.1903 node_l2=0.597215 graph_l2=1392.723662 task=0.0680 | val_AP=0.4905 test_AP=0.4964
  Distill Epoch 163/500 [32.5s mem=8484MB] | total=0.5989 kl=0.1929 node_l2=0.594374 graph_l2=1372.642381 task=0.0680 | val_AP=0.4904 test_AP=0.4939
  Distill Epoch 164/500 [29.8s mem=8760MB] | total=0.5992 kl=0.1899 node_l2=0.594301 graph_l2=1390.583241 task=0.0681 | val_AP=0.4944 test_AP=0.4959
  Distill Epoch 165/500 [32.9s mem=8756MB] | total=0.5946 kl=0.1905 node_l2=0.591413 graph_l2=1360.583478 task=0.0676 | val_AP=0.4965 test_AP=0.4969
  Distill Epoch 166/500 [31.5s mem=8755MB] | total=0.5970 kl=0.1894 node_l2=0.593227 graph_l2=1375.969538 task=0.0681 | val_AP=0.4941 test_AP=0.4970
  Distill Epoch 167/500 [30.4s mem=8760MB] | total=0.5916 kl=0.1836 node_l2=0.590895 graph_l2=1360.946764 task=0.0682 | val_AP=0.4926 test_AP=0.4903
  Distill Epoch 168/500 [29.6s mem=8757MB] | total=0.6007 kl=0.1891 node_l2=0.592478 graph_l2=1426.640761 task=0.0672 | val_AP=0.4928 test_AP=0.4958
  Distill Epoch 169/500 [30.7s mem=8756MB] | total=0.5891 kl=0.1821 node_l2=0.588212 graph_l2=1362.590654 task=0.0677 | val_AP=0.4900 test_AP=0.4935
  Distill Epoch 170/500 [30.2s mem=8761MB] | total=0.5911 kl=0.1877 node_l2=0.588409 graph_l2=1349.763206 task=0.0681 | val_AP=0.4932 test_AP=0.4957
  Distill Epoch 171/500 [31.1s mem=8755MB] | total=0.5902 kl=0.1848 node_l2=0.587922 graph_l2=1360.798845 task=0.0677 | val_AP=0.4919 test_AP=0.4925
  Distill Epoch 172/500 [32.3s mem=8754MB] | total=0.5954 kl=0.1829 node_l2=0.587685 graph_l2=1423.859370 task=0.0677 | val_AP=0.4918 test_AP=0.4982
  Distill Epoch 173/500 [31.4s mem=8753MB] | total=0.6037 kl=0.1806 node_l2=0.589641 graph_l2=1513.941837 task=0.0672 | val_AP=0.4914 test_AP=0.4954
  Distill Epoch 174/500 [31.4s mem=8752MB] | total=0.5888 kl=0.1872 node_l2=0.585096 graph_l2=1349.471562 task=0.0677 | val_AP=0.4936 test_AP=0.4932
  Distill Epoch 175/500 [30.8s mem=8757MB] | total=0.5873 kl=0.1831 node_l2=0.584738 graph_l2=1354.640460 task=0.0679 | val_AP=0.4926 test_AP=0.4909
  Distill Epoch 176/500 [29.8s mem=8758MB] | total=0.5893 kl=0.1915 node_l2=0.583772 graph_l2=1340.828213 task=0.0675 | val_AP=0.4972 test_AP=0.4945
    -> New best distilled val AP=0.4972 (test=0.4945)
  Distill Epoch 177/500 [32.1s mem=8763MB] | total=0.5859 kl=0.1823 node_l2=0.583245 graph_l2=1361.046152 task=0.0671 | val_AP=0.4951 test_AP=0.4961
  Distill Epoch 178/500 [31.0s mem=8762MB] | total=0.5873 kl=0.1883 node_l2=0.581522 graph_l2=1346.591623 task=0.0677 | val_AP=0.4898 test_AP=0.4969
  Distill Epoch 179/500 [32.3s mem=8767MB] | total=0.5860 kl=0.1872 node_l2=0.580940 graph_l2=1349.348217 task=0.0670 | val_AP=0.4917 test_AP=0.4950
  Distill Epoch 180/500 [30.0s mem=8757MB] | total=0.5826 kl=0.1842 node_l2=0.579623 graph_l2=1328.071770 task=0.0678 | val_AP=0.4904 test_AP=0.4960
  Distill Epoch 181/500 [31.6s mem=8751MB] | total=0.5858 kl=0.1910 node_l2=0.578869 graph_l2=1333.154213 task=0.0675 | val_AP=0.4975 test_AP=0.4969
    -> New best distilled val AP=0.4975 (test=0.4969)
  Distill Epoch 182/500 [32.4s mem=8754MB] | total=0.5780 kl=0.1798 node_l2=0.577394 graph_l2=1323.252757 task=0.0671 | val_AP=0.4961 test_AP=0.4972
  Distill Epoch 183/500 [31.0s mem=8765MB] | total=0.5788 kl=0.1826 node_l2=0.576767 graph_l2=1316.983921 task=0.0674 | val_AP=0.4927 test_AP=0.4923
  Distill Epoch 184/500 [30.8s mem=8761MB] | total=0.5782 kl=0.1801 node_l2=0.576834 graph_l2=1323.946792 task=0.0673 | val_AP=0.4946 test_AP=0.4947
  Distill Epoch 185/500 [30.1s mem=8754MB] | total=0.5762 kl=0.1778 node_l2=0.574986 graph_l2=1326.185280 task=0.0672 | val_AP=0.4907 test_AP=0.4937
  Distill Epoch 186/500 [29.5s mem=8755MB] | total=0.5735 kl=0.1759 node_l2=0.574293 graph_l2=1309.995742 task=0.0674 | val_AP=0.4920 test_AP=0.4960
  Distill Epoch 187/500 [32.2s mem=8764MB] | total=0.5739 kl=0.1809 node_l2=0.573596 graph_l2=1297.992651 task=0.0668 | val_AP=0.4943 test_AP=0.4927
  Distill Epoch 188/500 [31.2s mem=8762MB] | total=0.5782 kl=0.1830 node_l2=0.574479 graph_l2=1328.164012 task=0.0666 | val_AP=0.4905 test_AP=0.4950
  Distill Epoch 189/500 [32.3s mem=8756MB] | total=0.5773 kl=0.1809 node_l2=0.573343 graph_l2=1329.515504 task=0.0672 | val_AP=0.4972 test_AP=0.4985
  Distill Epoch 190/500 [31.2s mem=8754MB] | total=0.5748 kl=0.1785 node_l2=0.572620 graph_l2=1320.326934 task=0.0673 | val_AP=0.4945 test_AP=0.4989
  Distill Epoch 191/500 [30.1s mem=8750MB] | total=0.5706 kl=0.1735 node_l2=0.571222 graph_l2=1316.475046 task=0.0666 | val_AP=0.4898 test_AP=0.4961
  Distill Epoch 192/500 [29.9s mem=8756MB] | total=0.5722 kl=0.1766 node_l2=0.570156 graph_l2=1310.034613 task=0.0678 | val_AP=0.4896 test_AP=0.4939
  Distill Epoch 193/500 [30.2s mem=8766MB] | total=0.5731 kl=0.1779 node_l2=0.570247 graph_l2=1317.941169 task=0.0672 | val_AP=0.4920 test_AP=0.4951
  Distill Epoch 194/500 [31.2s mem=8762MB] | total=0.5705 kl=0.1792 node_l2=0.568543 graph_l2=1294.918127 task=0.0671 | val_AP=0.4946 test_AP=0.4969
  Distill Epoch 195/500 [31.4s mem=8754MB] | total=0.5700 kl=0.1805 node_l2=0.567863 graph_l2=1296.680537 task=0.0661 | val_AP=0.4913 test_AP=0.4977
  Distill Epoch 196/500 [31.8s mem=8758MB] | total=0.5698 kl=0.1748 node_l2=0.568667 graph_l2=1307.785222 task=0.0673 | val_AP=0.4917 test_AP=0.4961
  Distill Epoch 197/500 [30.3s mem=8759MB] | total=0.5696 kl=0.1763 node_l2=0.567300 graph_l2=1301.681414 task=0.0676 | val_AP=0.4937 test_AP=0.4989
  Distill Epoch 198/500 [32.0s mem=8758MB] | total=0.5673 kl=0.1766 node_l2=0.566025 graph_l2=1293.294075 task=0.0667 | val_AP=0.4953 test_AP=0.4970
  Distill Epoch 199/500 [30.5s mem=8759MB] | total=0.5819 kl=0.1764 node_l2=0.569222 graph_l2=1427.561823 task=0.0664 | val_AP=0.4951 test_AP=0.4954
  Distill Epoch 200/500 [32.0s mem=8757MB] | total=0.5681 kl=0.1780 node_l2=0.566464 graph_l2=1297.995614 task=0.0661 | val_AP=0.4947 test_AP=0.4979
  Distill Epoch 201/500 [32.7s mem=8768MB] | total=0.5660 kl=0.1737 node_l2=0.564852 graph_l2=1291.057466 task=0.0677 | val_AP=0.4916 test_AP=0.4964
  Distill Epoch 202/500 [33.1s mem=8756MB] | total=0.5660 kl=0.1755 node_l2=0.564624 graph_l2=1290.455079 task=0.0669 | val_AP=0.4951 test_AP=0.4963
  Distill Epoch 203/500 [33.8s mem=8768MB] | total=0.5611 kl=0.1722 node_l2=0.562698 graph_l2=1271.832945 task=0.0664 | val_AP=0.4921 test_AP=0.4956
  Distill Epoch 204/500 [33.2s mem=8745MB] | total=0.5600 kl=0.1688 node_l2=0.562206 graph_l2=1278.780092 task=0.0666 | val_AP=0.4932 test_AP=0.4936
  Distill Epoch 205/500 [30.0s mem=8763MB] | total=0.5614 kl=0.1702 node_l2=0.562213 graph_l2=1291.507856 task=0.0660 | val_AP=0.4935 test_AP=0.4931
  Distill Epoch 206/500 [29.6s mem=8758MB] | total=0.5637 kl=0.1762 node_l2=0.561075 graph_l2=1286.061923 task=0.0664 | val_AP=0.4902 test_AP=0.4911
  Distill Epoch 207/500 [32.0s mem=8759MB] | total=0.5593 kl=0.1695 node_l2=0.561149 graph_l2=1281.535019 task=0.0658 | val_AP=0.4931 test_AP=0.4950
  Distill Epoch 208/500 [30.7s mem=8753MB] | total=0.5576 kl=0.1704 node_l2=0.559589 graph_l2=1268.994920 task=0.0657 | val_AP=0.4914 test_AP=0.4955
  Distill Epoch 209/500 [30.8s mem=8753MB] | total=0.5664 kl=0.1738 node_l2=0.561081 graph_l2=1326.596392 task=0.0663 | val_AP=0.4904 test_AP=0.4967
  Distill Epoch 210/500 [30.0s mem=8766MB] | total=0.5571 kl=0.1698 node_l2=0.557862 graph_l2=1267.823925 task=0.0665 | val_AP=0.4932 test_AP=0.4923
  Distill Epoch 211/500 [31.4s mem=8756MB] | total=0.5606 kl=0.1755 node_l2=0.558552 graph_l2=1268.496246 task=0.0668 | val_AP=0.4926 test_AP=0.4976
  Distill Epoch 212/500 [31.2s mem=8754MB] | total=0.5582 kl=0.1736 node_l2=0.557185 graph_l2=1265.877546 task=0.0663 | val_AP=0.4926 test_AP=0.4932
  Distill Epoch 213/500 [30.6s mem=8763MB] | total=0.5532 kl=0.1682 node_l2=0.555921 graph_l2=1249.718573 task=0.0662 | val_AP=0.4942 test_AP=0.4931
  Distill Epoch 214/500 [30.5s mem=8762MB] | total=0.5543 kl=0.1694 node_l2=0.555554 graph_l2=1258.959436 task=0.0659 | val_AP=0.4958 test_AP=0.4957
  Distill Epoch 215/500 [31.5s mem=8756MB] | total=0.5528 kl=0.1680 node_l2=0.554967 graph_l2=1247.545679 task=0.0666 | val_AP=0.4926 test_AP=0.4977
  Distill Epoch 216/500 [32.5s mem=8754MB] | total=0.5578 kl=0.1724 node_l2=0.555930 graph_l2=1268.622702 task=0.0667 | val_AP=0.4974 test_AP=0.4967
  Distill Epoch 217/500 [31.9s mem=8754MB] | total=0.5522 kl=0.1686 node_l2=0.553476 graph_l2=1246.209453 task=0.0666 | val_AP=0.4947 test_AP=0.4959
  Distill Epoch 218/500 [31.5s mem=8758MB] | total=0.5512 kl=0.1700 node_l2=0.552724 graph_l2=1238.726267 task=0.0660 | val_AP=0.4934 test_AP=0.4945
  Distill Epoch 219/500 [32.5s mem=8750MB] | total=0.5506 kl=0.1679 node_l2=0.553246 graph_l2=1243.167330 task=0.0658 | val_AP=0.4936 test_AP=0.4939
  Distill Epoch 220/500 [29.4s mem=8755MB] | total=0.5524 kl=0.1688 node_l2=0.553466 graph_l2=1254.162489 task=0.0659 | val_AP=0.4900 test_AP=0.4976
  Distill Epoch 221/500 [31.7s mem=8756MB] | total=0.5507 kl=0.1681 node_l2=0.551845 graph_l2=1248.591046 task=0.0659 | val_AP=0.4933 test_AP=0.4964
  Distill Epoch 222/500 [30.8s mem=8768MB] | total=0.5521 kl=0.1734 node_l2=0.550800 graph_l2=1241.787315 task=0.0658 | val_AP=0.4941 test_AP=0.5019
  Distill Epoch 223/500 [33.5s mem=8756MB] | total=0.5495 kl=0.1648 node_l2=0.551025 graph_l2=1251.237368 task=0.0664 | val_AP=0.4967 test_AP=0.4979
  Distill Epoch 224/500 [30.6s mem=8754MB] | total=0.5485 kl=0.1666 node_l2=0.549784 graph_l2=1242.255632 task=0.0660 | val_AP=0.4920 test_AP=0.4929
  Distill Epoch 225/500 [29.9s mem=8762MB] | total=0.5515 kl=0.1714 node_l2=0.551131 graph_l2=1242.432352 task=0.0660 | val_AP=0.4963 test_AP=0.4985
  Distill Epoch 226/500 [30.7s mem=8756MB] | total=0.5568 kl=0.1660 node_l2=0.550825 graph_l2=1320.290057 task=0.0664 | val_AP=0.4931 test_AP=0.4971
  Distill Epoch 227/500 [31.0s mem=8756MB] | total=0.5501 kl=0.1720 node_l2=0.548528 graph_l2=1232.370563 task=0.0666 | val_AP=0.4910 test_AP=0.4951
  Distill Epoch 228/500 [30.4s mem=8760MB] | total=0.5500 kl=0.1720 node_l2=0.547832 graph_l2=1234.034220 task=0.0667 | val_AP=0.4934 test_AP=0.4948
  Distill Epoch 229/500 [30.0s mem=8759MB] | total=0.5428 kl=0.1608 node_l2=0.547405 graph_l2=1230.033444 task=0.0657 | val_AP=0.4929 test_AP=0.4979
  Distill Epoch 230/500 [30.5s mem=8750MB] | total=0.5469 kl=0.1691 node_l2=0.546407 graph_l2=1224.117061 task=0.0667 | val_AP=0.4926 test_AP=0.4955
  Distill Epoch 231/500 [30.0s mem=8758MB] | total=0.5450 kl=0.1643 node_l2=0.546576 graph_l2=1236.631989 task=0.0659 | val_AP=0.4895 test_AP=0.4979
  Distill Epoch 232/500 [30.7s mem=8750MB] | total=0.5475 kl=0.1703 node_l2=0.545701 graph_l2=1230.166367 task=0.0665 | val_AP=0.4936 test_AP=0.4986
  Distill Epoch 233/500 [31.2s mem=8753MB] | total=0.5489 kl=0.1717 node_l2=0.545810 graph_l2=1241.537844 task=0.0660 | val_AP=0.4933 test_AP=0.4951
  Distill Epoch 234/500 [30.6s mem=8761MB] | total=0.5415 kl=0.1610 node_l2=0.544824 graph_l2=1227.135402 task=0.0659 | val_AP=0.4922 test_AP=0.4959
  Distill Epoch 235/500 [30.4s mem=8764MB] | total=0.5431 kl=0.1639 node_l2=0.544387 graph_l2=1227.258630 task=0.0662 | val_AP=0.4912 test_AP=0.4950
  Distill Epoch 236/500 [30.6s mem=8753MB] | total=0.5425 kl=0.1639 node_l2=0.544240 graph_l2=1227.793931 task=0.0656 | val_AP=0.4918 test_AP=0.4953
  Distill Epoch 237/500 [29.9s mem=8751MB] | total=0.5392 kl=0.1605 node_l2=0.543376 graph_l2=1215.650108 task=0.0657 | val_AP=0.4946 test_AP=0.4974
  Distill Epoch 238/500 [30.4s mem=8750MB] | total=0.5407 kl=0.1645 node_l2=0.542093 graph_l2=1220.067493 task=0.0654 | val_AP=0.4922 test_AP=0.4962
  Distill Epoch 239/500 [30.2s mem=8759MB] | total=0.5445 kl=0.1671 node_l2=0.542869 graph_l2=1229.996552 task=0.0666 | val_AP=0.4924 test_AP=0.4952
  Distill Epoch 240/500 [31.9s mem=8760MB] | total=0.5340 kl=0.1530 node_l2=0.541530 graph_l2=1207.982704 task=0.0659 | val_AP=0.4909 test_AP=0.4966
  Distill Epoch 241/500 [30.4s mem=8761MB] | total=0.5523 kl=0.1695 node_l2=0.543547 graph_l2=1300.445366 task=0.0657 | val_AP=0.4918 test_AP=0.4976
  Distill Epoch 242/500 [31.8s mem=8760MB] | total=0.5385 kl=0.1604 node_l2=0.541830 graph_l2=1215.604073 task=0.0658 | val_AP=0.4902 test_AP=0.4974
  Distill Epoch 243/500 [31.4s mem=8764MB] | total=0.5371 kl=0.1600 node_l2=0.540440 graph_l2=1211.291224 task=0.0658 | val_AP=0.4944 test_AP=0.4943
  Distill Epoch 244/500 [32.5s mem=8754MB] | total=0.5355 kl=0.1612 node_l2=0.539064 graph_l2=1198.108704 task=0.0655 | val_AP=0.4881 test_AP=0.4963
  Distill Epoch 245/500 [32.7s mem=8765MB] | total=0.5463 kl=0.1633 node_l2=0.541510 graph_l2=1285.239887 task=0.0654 | val_AP=0.4918 test_AP=0.4959
  Distill Epoch 246/500 [32.9s mem=8763MB] | total=0.5385 kl=0.1648 node_l2=0.539041 graph_l2=1208.627747 task=0.0658 | val_AP=0.4950 test_AP=0.4982
  Distill Epoch 247/500 [30.2s mem=8755MB] | total=0.5376 kl=0.1660 node_l2=0.538029 graph_l2=1200.463427 task=0.0655 | val_AP=0.4956 test_AP=0.4989
  Distill Epoch 248/500 [31.7s mem=8757MB] | total=0.5366 kl=0.1625 node_l2=0.537990 graph_l2=1206.820612 task=0.0656 | val_AP=0.4954 test_AP=0.4983
  Distill Epoch 249/500 [31.7s mem=8756MB] | total=0.5358 kl=0.1648 node_l2=0.536952 graph_l2=1194.168183 task=0.0655 | val_AP=0.4920 test_AP=0.4990
  Distill Epoch 250/500 [31.8s mem=8757MB] | total=0.5334 kl=0.1570 node_l2=0.537663 graph_l2=1203.244859 task=0.0658 | val_AP=0.4933 test_AP=0.4977
  Distill Epoch 251/500 [32.4s mem=8750MB] | total=0.5328 kl=0.1598 node_l2=0.536833 graph_l2=1195.438528 task=0.0650 | val_AP=0.4964 test_AP=0.4976
  Distill Epoch 252/500 [30.7s mem=8752MB] | total=0.5337 kl=0.1593 node_l2=0.536544 graph_l2=1205.134593 task=0.0653 | val_AP=0.4897 test_AP=0.4939
  Distill Epoch 253/500 [30.2s mem=8765MB] | total=0.5350 kl=0.1615 node_l2=0.536448 graph_l2=1203.576588 task=0.0657 | val_AP=0.4934 test_AP=0.4955
  Distill Epoch 254/500 [30.0s mem=8764MB] | total=0.5338 kl=0.1607 node_l2=0.535558 graph_l2=1192.213672 task=0.0665 | val_AP=0.4918 test_AP=0.4975
  Distill Epoch 255/500 [30.9s mem=8761MB] | total=0.5328 kl=0.1571 node_l2=0.536398 graph_l2=1203.971803 task=0.0656 | val_AP=0.4935 test_AP=0.4994
  Distill Epoch 256/500 [32.1s mem=8759MB] | total=0.5264 kl=0.1512 node_l2=0.534155 graph_l2=1186.252443 task=0.0651 | val_AP=0.4914 test_AP=0.4965
  Distill Epoch 257/500 [30.0s mem=8754MB] | total=0.5294 kl=0.1562 node_l2=0.534325 graph_l2=1189.813039 task=0.0652 | val_AP=0.4923 test_AP=0.4987
  Distill Epoch 258/500 [32.2s mem=8753MB] | total=0.5288 kl=0.1578 node_l2=0.532541 graph_l2=1182.475619 task=0.0654 | val_AP=0.4918 test_AP=0.4988
  Distill Epoch 259/500 [31.0s mem=8756MB] | total=0.5332 kl=0.1619 node_l2=0.533509 graph_l2=1197.980841 task=0.0657 | val_AP=0.4974 test_AP=0.4999
  Distill Epoch 260/500 [30.8s mem=8760MB] | total=0.5321 kl=0.1605 node_l2=0.532745 graph_l2=1193.025517 task=0.0661 | val_AP=0.4924 test_AP=0.4984
  Distill Epoch 261/500 [30.1s mem=8757MB] | total=0.5296 kl=0.1595 node_l2=0.533096 graph_l2=1184.702720 task=0.0648 | val_AP=0.4928 test_AP=0.4977
  Distillation early stopping at epoch 261. Best val AP=0.4975 at epoch 181.
Distillation done. Best val AP (M_base)=0.4975 at epoch 181.

  Cycle 0 distillation gap: AP_proxy=0.4957 - AP_base=0.4975 = -0.0018

  WEIGHT SWAP: loading distilled weights as new M_proxy init
    Saved swapped model to checkpoints_adv_distill_6/cycle0/swapped_model.pt

  STOPPING: distillation gap (-0.0018) < threshold (0.003). Proxies offer nothing new to distill.

======================================================================
RATCHET COMPLETE — Summary across cycles:
======================================================================
 Cycle  AP_proxy(val)  AP_proxy(test)  AP_base(val)      Gap
------------------------------------------------------------
     0         0.4957          0.4823        0.4975  -0.0018

Full cycle log saved to checkpoints_adv_distill_6/ratchet_log.pkl
