+ python main_adversarial_distillation.py --num_cycles 5 --run_stage1 --backbone vanilla_gt --generator flow_matching --num_proxies 8 --hidden_dim 512 --num_layers 4 --num_heads 8 --num_gred_layers 8 --num_transformer_layers 2 --state_dim 88 --batch_size 32 --num_workers 4 --s1_lr 3e-5 --s1_max_epochs 300 --s1_patience 50 --s2_lr 3e-5 --s2_max_epochs 500 --s2_patience 50 --s3_lr_gen 3e-6 --s3_lr_transformer 1e-6 --s3_max_epochs 500 --s3_patience 50 --novelty_temperature 1.5 --novelty_alpha 0.1 --novelty_alpha_node 0.1 --diversity_weight 0.5 --distill_lr 3e-6 --distill_max_epochs 500 --distill_patience 40 --distill_temperature 1.5 --distill_kl_weight 0.5 --distill_node_weight 0.5 --distill_graph_weight 0.5 --distill_task_weight 1 --gap_threshold 0.005 --distill_gap_threshold 0.003 --save_dir checkpoints_adv_distill_4
{'config': None, 'num_cycles': 5, 'resume_cycle': 0, 'gap_threshold': 0.005, 'distill_gap_threshold': 0.003, 'reinit_generator': False, 'run_stage1': True, 'generator': 'flow_matching', 'backbone': 'vanilla_gt', 'model_path': None, 'generator_path': None, 'hidden_dim': 512, 'num_layers': 4, 'num_heads': 8, 'output_dim': 10, 'dropout': 0.1, 'num_proxies': 8, 'use_lap_pe': True, 'lap_pe_dim': 8, 'state_dim': 88, 'num_gred_layers': 8, 'num_transformer_layers': 2, 'gred_expand': 1, 'r_min': 0.0, 'r_max': 1.0, 'max_phase': 6.28, 'gred_act': 'full-glu', 'max_hops': 40, 'dist_mask_workers': 8, 's1_lr': 3e-05, 's1_weight_decay': 0.0003, 's1_max_epochs': 300, 's1_patience': 50, 's1_grad_clip': 1.0, 's2_lr': 3e-05, 's2_weight_decay': 0.0003, 's2_max_epochs': 500, 's2_patience': 50, 's2_eval_every': 1, 's2_grad_clip': 1.0, 's3_lr_gen': 3e-06, 's3_lr_transformer': 1e-06, 's3_max_epochs': 500, 's3_patience': 50, 's3_grad_clip': 1.0, 's3_weight_decay': 0.0001, 'novelty_temperature': 1.5, 'novelty_alpha': 0.1, 'novelty_alpha_node': 0.1, 'diversity_weight': 0.5, 'gen_hidden_dim': 256, 'gen_num_layers': 4, 'gen_num_heads': 8, 'gen_dropout': 0.2, 'pma_query_mode': 'farthest_point', 'coarsen_gnn_type': 'GIN', 'coarsen_reg_weight': 0.1, 'coarsen_reg_type': 'mincut', 'gnn_layers': 4, 'gnn_type': 'GINE', 'pool_types': ['max'], 'decode_hidden': 128, 'decode_layers': 3, 'idx_emb_dim': 128, 'decode_mode': 'shared', 'denoiser_dim': 256, 'denoiser_layers': 4, 'denoiser_heads': 8, 'euler_steps': 1, 'use_cross_attn_routing': False, 'num_cross_layers': 2, 'cross_attn_proxy_self_attn': True, 'proxy_insertion_layers': '-1', 'separate_proxy_generators': False, 'separate_proxy_routers': False, 'proxy_aux_loss_decay': 1.0, 'distill_lr': 3e-06, 'distill_weight_decay': 0.0001, 'distill_max_epochs': 500, 'distill_patience': 40, 'distill_grad_clip': 1.0, 'distill_kl_weight': 0.5, 'distill_node_weight': 0.5, 'distill_graph_weight': 0.5, 'distill_task_weight': 1.0, 'distill_temperature': 1.5, 'distill_partial_swap': False, 'readout_scope': 'all_tokens', 'batch_size': 32, 'num_workers': 4, 'lr_min': 1e-07, 'warmup_ratio': 0.05, 'recurrent_lr_factor': 1.0, 'save_dir': 'checkpoints_adv_distill_4', 'device': 'cuda'}
Saved code snapshot to checkpoints_adv_distill_4/code_snapshot.zip

######################################################################
#  RATCHET CYCLE 0/4
######################################################################

============================================================
STAGE 1: Pretrain backbone (vanilla_gt)
============================================================
  Parameters: 13,227,530
  S1 Epoch   1/300 [17.8s mem=4304MB] | train_loss=2.2711 train_AP=0.1893 | val_loss=0.4933 val_AP=0.2339
    -> New best val AP=0.2339, saved
  S1 Epoch   2/300 [17.4s mem=4301MB] | train_loss=0.5196 train_AP=0.2132 | val_loss=0.4047 val_AP=0.2398
    -> New best val AP=0.2398, saved
  S1 Epoch   3/300 [16.9s mem=4301MB] | train_loss=0.3897 train_AP=0.2365 | val_loss=0.3640 val_AP=0.2539
    -> New best val AP=0.2539, saved
  S1 Epoch   4/300 [16.3s mem=4301MB] | train_loss=0.3657 train_AP=0.2491 | val_loss=0.3650 val_AP=0.2660
    -> New best val AP=0.2660, saved
  S1 Epoch   5/300 [17.3s mem=4304MB] | train_loss=0.3670 train_AP=0.2482 | val_loss=0.3385 val_AP=0.2738
    -> New best val AP=0.2738, saved
  S1 Epoch   6/300 [16.3s mem=4303MB] | train_loss=0.3635 train_AP=0.2466 | val_loss=0.3329 val_AP=0.2870
    -> New best val AP=0.2870, saved
  S1 Epoch   7/300 [16.9s mem=4302MB] | train_loss=0.3661 train_AP=0.2459 | val_loss=0.3416 val_AP=0.2794
  S1 Epoch   8/300 [16.5s mem=4297MB] | train_loss=0.3655 train_AP=0.2468 | val_loss=0.3357 val_AP=0.2799
  S1 Epoch   9/300 [17.3s mem=4303MB] | train_loss=0.3613 train_AP=0.2439 | val_loss=0.3543 val_AP=0.2717
  S1 Epoch  10/300 [16.8s mem=4302MB] | train_loss=0.3547 train_AP=0.2489 | val_loss=0.3357 val_AP=0.2852
  S1 Epoch  11/300 [17.0s mem=4302MB] | train_loss=0.3474 train_AP=0.2525 | val_loss=0.3394 val_AP=0.2823
  S1 Epoch  12/300 [17.0s mem=4306MB] | train_loss=0.3518 train_AP=0.2516 | val_loss=0.3350 val_AP=0.2662
  S1 Epoch  13/300 [17.0s mem=4307MB] | train_loss=0.3499 train_AP=0.2529 | val_loss=0.3511 val_AP=0.2678
  S1 Epoch  14/300 [17.2s mem=4308MB] | train_loss=0.3462 train_AP=0.2528 | val_loss=0.3338 val_AP=0.2791
  S1 Epoch  15/300 [17.1s mem=4303MB] | train_loss=0.3401 train_AP=0.2632 | val_loss=0.3518 val_AP=0.2745
  S1 Epoch  16/300 [16.8s mem=4302MB] | train_loss=0.3371 train_AP=0.2668 | val_loss=0.3422 val_AP=0.2870
  S1 Epoch  17/300 [16.4s mem=4304MB] | train_loss=0.3341 train_AP=0.2692 | val_loss=0.3417 val_AP=0.2997
    -> New best val AP=0.2997, saved
  S1 Epoch  18/300 [17.0s mem=4302MB] | train_loss=0.3325 train_AP=0.2705 | val_loss=0.3201 val_AP=0.2980
  S1 Epoch  19/300 [16.7s mem=4304MB] | train_loss=0.3284 train_AP=0.2779 | val_loss=0.3270 val_AP=0.2961
  S1 Epoch  20/300 [16.5s mem=4304MB] | train_loss=0.3264 train_AP=0.2810 | val_loss=0.3167 val_AP=0.3014
    -> New best val AP=0.3014, saved
  S1 Epoch  21/300 [16.6s mem=4304MB] | train_loss=0.3254 train_AP=0.2837 | val_loss=0.3133 val_AP=0.3145
    -> New best val AP=0.3145, saved
  S1 Epoch  22/300 [17.1s mem=4303MB] | train_loss=0.3248 train_AP=0.2860 | val_loss=0.3170 val_AP=0.3062
  S1 Epoch  23/300 [16.7s mem=4303MB] | train_loss=0.3204 train_AP=0.2938 | val_loss=0.3107 val_AP=0.3351
    -> New best val AP=0.3351, saved
  S1 Epoch  24/300 [16.7s mem=4304MB] | train_loss=0.3169 train_AP=0.3041 | val_loss=0.3028 val_AP=0.3385
    -> New best val AP=0.3385, saved
  S1 Epoch  25/300 [16.8s mem=4303MB] | train_loss=0.3159 train_AP=0.3094 | val_loss=0.3165 val_AP=0.3352
  S1 Epoch  26/300 [16.5s mem=4306MB] | train_loss=0.3116 train_AP=0.3199 | val_loss=0.3135 val_AP=0.3639
    -> New best val AP=0.3639, saved
  S1 Epoch  27/300 [17.3s mem=4305MB] | train_loss=0.3075 train_AP=0.3292 | val_loss=0.3100 val_AP=0.3603
  S1 Epoch  28/300 [17.0s mem=4305MB] | train_loss=0.3060 train_AP=0.3335 | val_loss=0.2958 val_AP=0.3643
    -> New best val AP=0.3643, saved
  S1 Epoch  29/300 [17.0s mem=4304MB] | train_loss=0.3034 train_AP=0.3379 | val_loss=0.2943 val_AP=0.3717
    -> New best val AP=0.3717, saved
  S1 Epoch  30/300 [17.2s mem=4303MB] | train_loss=0.3024 train_AP=0.3438 | val_loss=0.3337 val_AP=0.3604
  S1 Epoch  31/300 [17.0s mem=4303MB] | train_loss=0.2995 train_AP=0.3466 | val_loss=0.2949 val_AP=0.3878
    -> New best val AP=0.3878, saved
  S1 Epoch  32/300 [16.6s mem=4305MB] | train_loss=0.2950 train_AP=0.3572 | val_loss=0.3066 val_AP=0.3855
  S1 Epoch  33/300 [16.3s mem=4303MB] | train_loss=0.2950 train_AP=0.3585 | val_loss=0.2951 val_AP=0.3839
  S1 Epoch  34/300 [17.0s mem=4302MB] | train_loss=0.2899 train_AP=0.3676 | val_loss=0.2854 val_AP=0.4123
    -> New best val AP=0.4123, saved
  S1 Epoch  35/300 [16.7s mem=4310MB] | train_loss=0.2876 train_AP=0.3764 | val_loss=0.3000 val_AP=0.3935
  S1 Epoch  36/300 [15.9s mem=4300MB] | train_loss=0.2854 train_AP=0.3789 | val_loss=0.2803 val_AP=0.4048
  S1 Epoch  37/300 [16.4s mem=4303MB] | train_loss=0.2832 train_AP=0.3857 | val_loss=0.2857 val_AP=0.4113
  S1 Epoch  38/300 [17.2s mem=4300MB] | train_loss=0.2808 train_AP=0.3909 | val_loss=0.2821 val_AP=0.4158
    -> New best val AP=0.4158, saved
  S1 Epoch  39/300 [17.4s mem=4304MB] | train_loss=0.2776 train_AP=0.3968 | val_loss=0.2842 val_AP=0.4268
    -> New best val AP=0.4268, saved
  S1 Epoch  40/300 [17.7s mem=4305MB] | train_loss=0.2764 train_AP=0.4011 | val_loss=0.2840 val_AP=0.4156
  S1 Epoch  41/300 [17.2s mem=4307MB] | train_loss=0.2719 train_AP=0.4078 | val_loss=0.2891 val_AP=0.4212
  S1 Epoch  42/300 [17.3s mem=4304MB] | train_loss=0.2699 train_AP=0.4129 | val_loss=0.2798 val_AP=0.4190
  S1 Epoch  43/300 [17.3s mem=4305MB] | train_loss=0.2654 train_AP=0.4269 | val_loss=0.2895 val_AP=0.4315
    -> New best val AP=0.4315, saved
  S1 Epoch  44/300 [17.0s mem=4305MB] | train_loss=0.2638 train_AP=0.4337 | val_loss=0.2852 val_AP=0.4249
  S1 Epoch  45/300 [17.1s mem=4303MB] | train_loss=0.2609 train_AP=0.4396 | val_loss=0.2994 val_AP=0.4401
    -> New best val AP=0.4401, saved
  S1 Epoch  46/300 [16.7s mem=4304MB] | train_loss=0.2569 train_AP=0.4480 | val_loss=0.2813 val_AP=0.4156
  S1 Epoch  47/300 [17.1s mem=4303MB] | train_loss=0.2529 train_AP=0.4605 | val_loss=0.2955 val_AP=0.4243
  S1 Epoch  48/300 [17.5s mem=4308MB] | train_loss=0.2466 train_AP=0.4765 | val_loss=0.3026 val_AP=0.4477
    -> New best val AP=0.4477, saved
  S1 Epoch  49/300 [17.8s mem=4305MB] | train_loss=0.2464 train_AP=0.4809 | val_loss=0.2925 val_AP=0.4535
    -> New best val AP=0.4535, saved
  S1 Epoch  50/300 [17.8s mem=4307MB] | train_loss=0.2399 train_AP=0.4992 | val_loss=0.3138 val_AP=0.4402
  S1 Epoch  51/300 [17.5s mem=4307MB] | train_loss=0.2365 train_AP=0.5044 | val_loss=0.3187 val_AP=0.4430
  S1 Epoch  52/300 [17.0s mem=4304MB] | train_loss=0.2323 train_AP=0.5151 | val_loss=0.2944 val_AP=0.4486
  S1 Epoch  53/300 [17.3s mem=4303MB] | train_loss=0.2282 train_AP=0.5214 | val_loss=0.3402 val_AP=0.4554
    -> New best val AP=0.4554, saved
  S1 Epoch  54/300 [16.8s mem=4304MB] | train_loss=0.2239 train_AP=0.5385 | val_loss=0.3076 val_AP=0.4445
  S1 Epoch  55/300 [16.6s mem=4309MB] | train_loss=0.2232 train_AP=0.5373 | val_loss=0.3167 val_AP=0.4653
    -> New best val AP=0.4653, saved
  S1 Epoch  56/300 [16.8s mem=4304MB] | train_loss=0.2170 train_AP=0.5565 | val_loss=0.3522 val_AP=0.4593
  S1 Epoch  57/300 [16.3s mem=4301MB] | train_loss=0.2126 train_AP=0.5630 | val_loss=0.3490 val_AP=0.4254
  S1 Epoch  58/300 [16.6s mem=4303MB] | train_loss=0.2060 train_AP=0.5734 | val_loss=0.3169 val_AP=0.4667
    -> New best val AP=0.4667, saved
  S1 Epoch  59/300 [16.6s mem=4302MB] | train_loss=0.2037 train_AP=0.5810 | val_loss=0.3076 val_AP=0.4686
    -> New best val AP=0.4686, saved
  S1 Epoch  60/300 [16.5s mem=4299MB] | train_loss=0.1965 train_AP=0.6011 | val_loss=0.3551 val_AP=0.4637
  S1 Epoch  61/300 [16.9s mem=4303MB] | train_loss=0.1905 train_AP=0.6161 | val_loss=0.3613 val_AP=0.4549
  S1 Epoch  62/300 [17.0s mem=4301MB] | train_loss=0.1871 train_AP=0.6194 | val_loss=0.3647 val_AP=0.4629
  S1 Epoch  63/300 [16.6s mem=4302MB] | train_loss=0.1814 train_AP=0.6294 | val_loss=0.3440 val_AP=0.4675
  S1 Epoch  64/300 [15.8s mem=4303MB] | train_loss=0.1764 train_AP=0.6500 | val_loss=0.3825 val_AP=0.4788
    -> New best val AP=0.4788, saved
  S1 Epoch  65/300 [16.8s mem=4302MB] | train_loss=0.1732 train_AP=0.6602 | val_loss=0.3469 val_AP=0.4773
  S1 Epoch  66/300 [16.9s mem=4304MB] | train_loss=0.1659 train_AP=0.6732 | val_loss=0.3828 val_AP=0.4665
  S1 Epoch  67/300 [17.0s mem=4304MB] | train_loss=0.1647 train_AP=0.6774 | val_loss=0.3665 val_AP=0.4681
  S1 Epoch  68/300 [16.8s mem=4303MB] | train_loss=0.1564 train_AP=0.6994 | val_loss=0.4157 val_AP=0.4776
  S1 Epoch  69/300 [17.3s mem=4302MB] | train_loss=0.1517 train_AP=0.7055 | val_loss=0.4099 val_AP=0.4651
  S1 Epoch  70/300 [16.7s mem=4303MB] | train_loss=0.1487 train_AP=0.7151 | val_loss=0.4566 val_AP=0.4693
  S1 Epoch  71/300 [16.6s mem=4304MB] | train_loss=0.1454 train_AP=0.7221 | val_loss=0.4481 val_AP=0.4686
  S1 Epoch  72/300 [16.8s mem=4298MB] | train_loss=0.1421 train_AP=0.7304 | val_loss=0.4100 val_AP=0.4597
  S1 Epoch  73/300 [17.1s mem=4304MB] | train_loss=0.1371 train_AP=0.7428 | val_loss=0.4409 val_AP=0.4707
  S1 Epoch  74/300 [17.4s mem=4305MB] | train_loss=0.1330 train_AP=0.7513 | val_loss=0.4611 val_AP=0.4696
  S1 Epoch  75/300 [17.1s mem=4304MB] | train_loss=0.1276 train_AP=0.7661 | val_loss=0.5244 val_AP=0.4697
  S1 Epoch  76/300 [16.2s mem=4301MB] | train_loss=0.1239 train_AP=0.7743 | val_loss=0.4941 val_AP=0.4658
  S1 Epoch  77/300 [16.8s mem=4305MB] | train_loss=0.1211 train_AP=0.7805 | val_loss=0.5081 val_AP=0.4669
  S1 Epoch  78/300 [16.7s mem=4300MB] | train_loss=0.1175 train_AP=0.7845 | val_loss=0.5395 val_AP=0.4783
  S1 Epoch  79/300 [16.9s mem=4301MB] | train_loss=0.1146 train_AP=0.7973 | val_loss=0.5112 val_AP=0.4730
  S1 Epoch  80/300 [16.5s mem=4306MB] | train_loss=0.1111 train_AP=0.8091 | val_loss=0.5651 val_AP=0.4697
  S1 Epoch  81/300 [16.5s mem=4301MB] | train_loss=0.1079 train_AP=0.8149 | val_loss=0.5301 val_AP=0.4643
  S1 Epoch  82/300 [16.3s mem=4307MB] | train_loss=0.1048 train_AP=0.8228 | val_loss=0.5274 val_AP=0.4836
    -> New best val AP=0.4836, saved
  S1 Epoch  83/300 [16.6s mem=4305MB] | train_loss=0.1005 train_AP=0.8325 | val_loss=0.5763 val_AP=0.4805
  S1 Epoch  84/300 [17.1s mem=4304MB] | train_loss=0.0993 train_AP=0.8374 | val_loss=0.5897 val_AP=0.4722
  S1 Epoch  85/300 [16.1s mem=4302MB] | train_loss=0.0949 train_AP=0.8432 | val_loss=0.5502 val_AP=0.4841
    -> New best val AP=0.4841, saved
  S1 Epoch  86/300 [16.4s mem=4304MB] | train_loss=0.0942 train_AP=0.8504 | val_loss=0.5983 val_AP=0.4739
  S1 Epoch  87/300 [16.7s mem=4306MB] | train_loss=0.0906 train_AP=0.8605 | val_loss=0.6005 val_AP=0.4785
  S1 Epoch  88/300 [16.7s mem=4303MB] | train_loss=0.0886 train_AP=0.8639 | val_loss=0.5671 val_AP=0.4740
  S1 Epoch  89/300 [16.4s mem=4305MB] | train_loss=0.0861 train_AP=0.8693 | val_loss=0.5677 val_AP=0.4831
  S1 Epoch  90/300 [16.7s mem=4301MB] | train_loss=0.0845 train_AP=0.8752 | val_loss=0.6817 val_AP=0.4627
  S1 Epoch  91/300 [16.9s mem=4297MB] | train_loss=0.0810 train_AP=0.8825 | val_loss=0.6413 val_AP=0.4886
    -> New best val AP=0.4886, saved
  S1 Epoch  92/300 [16.6s mem=4307MB] | train_loss=0.0797 train_AP=0.8843 | val_loss=0.7008 val_AP=0.4740
  S1 Epoch  93/300 [16.5s mem=4304MB] | train_loss=0.0753 train_AP=0.8942 | val_loss=0.6500 val_AP=0.4737
  S1 Epoch  94/300 [16.9s mem=4302MB] | train_loss=0.0742 train_AP=0.8965 | val_loss=0.5802 val_AP=0.4880
  S1 Epoch  95/300 [16.3s mem=4302MB] | train_loss=0.0728 train_AP=0.8986 | val_loss=0.6698 val_AP=0.4816
  S1 Epoch  96/300 [16.0s mem=4303MB] | train_loss=0.0693 train_AP=0.9080 | val_loss=0.6004 val_AP=0.4806
  S1 Epoch  97/300 [16.4s mem=4297MB] | train_loss=0.0701 train_AP=0.9080 | val_loss=0.6448 val_AP=0.4825
  S1 Epoch  98/300 [16.5s mem=4307MB] | train_loss=0.0678 train_AP=0.9127 | val_loss=0.6800 val_AP=0.4786
  S1 Epoch  99/300 [16.7s mem=4305MB] | train_loss=0.0680 train_AP=0.9129 | val_loss=0.6619 val_AP=0.4957
    -> New best val AP=0.4957, saved
  S1 Epoch 100/300 [17.1s mem=4304MB] | train_loss=0.0652 train_AP=0.9138 | val_loss=0.7160 val_AP=0.4844
  S1 Epoch 101/300 [16.0s mem=4302MB] | train_loss=0.0643 train_AP=0.9170 | val_loss=0.6140 val_AP=0.4885
  S1 Epoch 102/300 [16.9s mem=4305MB] | train_loss=0.0630 train_AP=0.9228 | val_loss=0.7397 val_AP=0.4878
  S1 Epoch 103/300 [16.3s mem=4301MB] | train_loss=0.0606 train_AP=0.9249 | val_loss=0.7146 val_AP=0.4868
  S1 Epoch 104/300 [16.1s mem=4304MB] | train_loss=0.0580 train_AP=0.9327 | val_loss=0.8359 val_AP=0.4835
  S1 Epoch 105/300 [16.8s mem=4304MB] | train_loss=0.0571 train_AP=0.9314 | val_loss=0.7467 val_AP=0.4824
  S1 Epoch 106/300 [17.1s mem=4304MB] | train_loss=0.0564 train_AP=0.9352 | val_loss=0.8143 val_AP=0.4839
  S1 Epoch 107/300 [16.3s mem=4303MB] | train_loss=0.0541 train_AP=0.9342 | val_loss=0.7503 val_AP=0.4919
  S1 Epoch 108/300 [16.9s mem=4303MB] | train_loss=0.0518 train_AP=0.9419 | val_loss=0.6703 val_AP=0.4767
  S1 Epoch 109/300 [16.8s mem=4301MB] | train_loss=0.0510 train_AP=0.9411 | val_loss=0.7506 val_AP=0.4818
  S1 Epoch 110/300 [16.7s mem=4300MB] | train_loss=0.0514 train_AP=0.9435 | val_loss=0.7724 val_AP=0.4945
  S1 Epoch 111/300 [16.6s mem=4304MB] | train_loss=0.0503 train_AP=0.9432 | val_loss=0.8361 val_AP=0.4961
    -> New best val AP=0.4961, saved
  S1 Epoch 112/300 [16.6s mem=4299MB] | train_loss=0.0496 train_AP=0.9461 | val_loss=0.8306 val_AP=0.4820
  S1 Epoch 113/300 [16.5s mem=4300MB] | train_loss=0.0489 train_AP=0.9472 | val_loss=0.8616 val_AP=0.4916
  S1 Epoch 114/300 [17.2s mem=4306MB] | train_loss=0.0465 train_AP=0.9512 | val_loss=0.8655 val_AP=0.4924
  S1 Epoch 115/300 [16.7s mem=4304MB] | train_loss=0.0462 train_AP=0.9510 | val_loss=0.8145 val_AP=0.5013
    -> New best val AP=0.5013, saved
  S1 Epoch 116/300 [16.1s mem=4304MB] | train_loss=0.0450 train_AP=0.9546 | val_loss=0.8568 val_AP=0.4902
  S1 Epoch 117/300 [17.1s mem=4302MB] | train_loss=0.0451 train_AP=0.9556 | val_loss=0.7022 val_AP=0.4934
  S1 Epoch 118/300 [16.6s mem=4302MB] | train_loss=0.0422 train_AP=0.9588 | val_loss=0.8677 val_AP=0.4906
  S1 Epoch 119/300 [16.2s mem=4301MB] | train_loss=0.0431 train_AP=0.9574 | val_loss=0.7614 val_AP=0.4955
  S1 Epoch 120/300 [16.5s mem=4302MB] | train_loss=0.0421 train_AP=0.9606 | val_loss=0.7736 val_AP=0.4939
  S1 Epoch 121/300 [17.2s mem=4306MB] | train_loss=0.0405 train_AP=0.9633 | val_loss=0.8785 val_AP=0.4949
  S1 Epoch 122/300 [17.3s mem=4308MB] | train_loss=0.0393 train_AP=0.9621 | val_loss=0.8772 val_AP=0.4908
  S1 Epoch 123/300 [16.9s mem=4304MB] | train_loss=0.0397 train_AP=0.9632 | val_loss=0.8958 val_AP=0.4892
  S1 Epoch 124/300 [16.8s mem=4306MB] | train_loss=0.0387 train_AP=0.9619 | val_loss=0.8734 val_AP=0.4876
  S1 Epoch 125/300 [16.9s mem=4304MB] | train_loss=0.0359 train_AP=0.9686 | val_loss=0.9903 val_AP=0.4854
  S1 Epoch 126/300 [17.0s mem=4309MB] | train_loss=0.0360 train_AP=0.9686 | val_loss=0.9194 val_AP=0.4915
  S1 Epoch 127/300 [17.0s mem=4303MB] | train_loss=0.0351 train_AP=0.9677 | val_loss=0.9499 val_AP=0.4858
  S1 Epoch 128/300 [17.2s mem=4308MB] | train_loss=0.0354 train_AP=0.9678 | val_loss=0.9798 val_AP=0.4926
  S1 Epoch 129/300 [16.1s mem=4303MB] | train_loss=0.0343 train_AP=0.9697 | val_loss=0.9820 val_AP=0.4928
  S1 Epoch 130/300 [16.7s mem=4304MB] | train_loss=0.0334 train_AP=0.9724 | val_loss=0.9374 val_AP=0.4964
  S1 Epoch 131/300 [17.0s mem=4302MB] | train_loss=0.0330 train_AP=0.9733 | val_loss=0.9944 val_AP=0.4982
  S1 Epoch 132/300 [16.8s mem=4302MB] | train_loss=0.0327 train_AP=0.9723 | val_loss=0.9592 val_AP=0.4929
  S1 Epoch 133/300 [16.7s mem=4304MB] | train_loss=0.0339 train_AP=0.9708 | val_loss=1.0545 val_AP=0.4835
  S1 Epoch 134/300 [16.5s mem=4304MB] | train_loss=0.0315 train_AP=0.9748 | val_loss=0.9486 val_AP=0.4724
  S1 Epoch 135/300 [16.7s mem=4301MB] | train_loss=0.0318 train_AP=0.9729 | val_loss=0.9620 val_AP=0.4936
  S1 Epoch 136/300 [17.3s mem=4304MB] | train_loss=0.0320 train_AP=0.9721 | val_loss=1.0098 val_AP=0.4785
  S1 Epoch 137/300 [16.6s mem=4302MB] | train_loss=0.0302 train_AP=0.9764 | val_loss=0.9135 val_AP=0.4910
  S1 Epoch 138/300 [16.9s mem=4303MB] | train_loss=0.0302 train_AP=0.9773 | val_loss=1.0168 val_AP=0.4887
  S1 Epoch 139/300 [16.9s mem=4301MB] | train_loss=0.0295 train_AP=0.9770 | val_loss=1.0804 val_AP=0.4851
  S1 Epoch 140/300 [16.9s mem=4304MB] | train_loss=0.0289 train_AP=0.9767 | val_loss=1.0762 val_AP=0.4809
  S1 Epoch 141/300 [16.5s mem=4308MB] | train_loss=0.0293 train_AP=0.9766 | val_loss=1.1065 val_AP=0.4958
  S1 Epoch 142/300 [16.3s mem=4305MB] | train_loss=0.0277 train_AP=0.9793 | val_loss=0.9497 val_AP=0.4984
  S1 Epoch 143/300 [17.3s mem=4308MB] | train_loss=0.0282 train_AP=0.9781 | val_loss=1.0160 val_AP=0.4912
  S1 Epoch 144/300 [16.9s mem=4305MB] | train_loss=0.0269 train_AP=0.9825 | val_loss=1.1382 val_AP=0.4866
  S1 Epoch 145/300 [15.8s mem=4303MB] | train_loss=0.0278 train_AP=0.9818 | val_loss=1.0326 val_AP=0.4830
  S1 Epoch 146/300 [16.6s mem=4302MB] | train_loss=0.0267 train_AP=0.9809 | val_loss=1.0768 val_AP=0.4829
  S1 Epoch 147/300 [16.3s mem=4303MB] | train_loss=0.0270 train_AP=0.9813 | val_loss=1.0924 val_AP=0.4926
  S1 Epoch 148/300 [16.8s mem=4303MB] | train_loss=0.0250 train_AP=0.9821 | val_loss=1.1859 val_AP=0.4843
  S1 Epoch 149/300 [16.7s mem=4306MB] | train_loss=0.0251 train_AP=0.9820 | val_loss=1.0541 val_AP=0.4975
  S1 Epoch 150/300 [16.6s mem=4305MB] | train_loss=0.0255 train_AP=0.9823 | val_loss=1.2508 val_AP=0.4958
  S1 Epoch 151/300 [17.3s mem=4303MB] | train_loss=0.0254 train_AP=0.9825 | val_loss=1.0999 val_AP=0.4953
  S1 Epoch 152/300 [16.7s mem=4302MB] | train_loss=0.0255 train_AP=0.9815 | val_loss=1.0719 val_AP=0.4890
  S1 Epoch 153/300 [15.8s mem=4302MB] | train_loss=0.0240 train_AP=0.9834 | val_loss=1.1093 val_AP=0.4869
  S1 Epoch 154/300 [16.8s mem=4303MB] | train_loss=0.0234 train_AP=0.9848 | val_loss=1.0528 val_AP=0.4866
  S1 Epoch 155/300 [16.6s mem=4307MB] | train_loss=0.0245 train_AP=0.9846 | val_loss=1.0545 val_AP=0.4950
  S1 Epoch 156/300 [17.0s mem=4301MB] | train_loss=0.0227 train_AP=0.9843 | val_loss=1.1596 val_AP=0.4933
  S1 Epoch 157/300 [16.3s mem=4303MB] | train_loss=0.0239 train_AP=0.9835 | val_loss=1.1643 val_AP=0.4920
  S1 Epoch 158/300 [17.1s mem=4303MB] | train_loss=0.0226 train_AP=0.9861 | val_loss=1.1531 val_AP=0.4884
  S1 Epoch 159/300 [17.2s mem=4299MB] | train_loss=0.0225 train_AP=0.9853 | val_loss=1.2040 val_AP=0.4851
  S1 Epoch 160/300 [16.9s mem=4301MB] | train_loss=0.0215 train_AP=0.9870 | val_loss=1.2168 val_AP=0.4887
  S1 Epoch 161/300 [16.6s mem=4304MB] | train_loss=0.0224 train_AP=0.9867 | val_loss=1.1750 val_AP=0.4885
  S1 Epoch 162/300 [16.8s mem=4302MB] | train_loss=0.0226 train_AP=0.9865 | val_loss=1.1863 val_AP=0.4921
  S1 Epoch 163/300 [17.2s mem=4302MB] | train_loss=0.0219 train_AP=0.9873 | val_loss=1.2962 val_AP=0.4842
  S1 Epoch 164/300 [16.2s mem=4304MB] | train_loss=0.0221 train_AP=0.9871 | val_loss=1.2132 val_AP=0.4822
  S1 Epoch 165/300 [16.6s mem=4305MB] | train_loss=0.0211 train_AP=0.9863 | val_loss=1.2462 val_AP=0.4857
  Early stopping at epoch 165. Best val AP=0.5013 at epoch 115.
Stage 1 done. Best val AP=0.5013 at epoch 115.

============================================================
STAGE 2: Train generator (flow_matching) with self-novelty
  Backbone: vanilla_gt (frozen)
  alpha=0.1 alpha_node=0.1 T=1.5
============================================================
  Generator parameters: 3,684,864
  S2 Epoch   1/500 [20.6s mem=3929MB] | total=0.3769 task=0.0434 | out_nov=0.0186 node_nov=0.0231 | div=0.0753 ip_mean=0.0753 | val_AP=0.4985 test_AP=0.4835
    -> New best val AP=0.4985
  S2 Epoch   2/500 [20.2s mem=3928MB] | total=0.3507 task=0.0387 | out_nov=0.0156 node_nov=0.0186 | div=0.0308 ip_mean=0.0308 | val_AP=0.4977 test_AP=0.4870
  S2 Epoch   3/500 [20.0s mem=3928MB] | total=0.3407 task=0.0379 | out_nov=0.0138 node_nov=0.0158 | div=0.0114 ip_mean=0.0114 | val_AP=0.4985 test_AP=0.4840
  S2 Epoch   4/500 [20.0s mem=3930MB] | total=0.3373 task=0.0371 | out_nov=0.0135 node_nov=0.0152 | div=0.0061 ip_mean=0.0061 | val_AP=0.4980 test_AP=0.4877
  S2 Epoch   5/500 [20.8s mem=3930MB] | total=0.3365 task=0.0370 | out_nov=0.0131 node_nov=0.0144 | div=0.0045 ip_mean=0.0045 | val_AP=0.5014 test_AP=0.4881
    -> New best val AP=0.5014
  S2 Epoch   6/500 [20.2s mem=3932MB] | total=0.3347 task=0.0354 | out_nov=0.0126 node_nov=0.0142 | div=0.0039 ip_mean=0.0039 | val_AP=0.5025 test_AP=0.4896
    -> New best val AP=0.5025
  S2 Epoch   7/500 [20.1s mem=3930MB] | total=0.3345 task=0.0353 | out_nov=0.0123 node_nov=0.0132 | div=0.0034 ip_mean=0.0034 | val_AP=0.4993 test_AP=0.4889
  S2 Epoch   8/500 [20.2s mem=3929MB] | total=0.3334 task=0.0343 | out_nov=0.0121 node_nov=0.0132 | div=0.0031 ip_mean=0.0031 | val_AP=0.4975 test_AP=0.4872
  S2 Epoch   9/500 [20.1s mem=3931MB] | total=0.3337 task=0.0346 | out_nov=0.0118 node_nov=0.0126 | div=0.0031 ip_mean=0.0031 | val_AP=0.4998 test_AP=0.4875
  S2 Epoch  10/500 [20.5s mem=3930MB] | total=0.3336 task=0.0346 | out_nov=0.0118 node_nov=0.0125 | div=0.0028 ip_mean=0.0028 | val_AP=0.5014 test_AP=0.4876
  S2 Epoch  11/500 [20.7s mem=3933MB] | total=0.3330 task=0.0341 | out_nov=0.0116 node_nov=0.0123 | div=0.0025 ip_mean=0.0025 | val_AP=0.4981 test_AP=0.4883
  S2 Epoch  12/500 [20.5s mem=3933MB] | total=0.3335 task=0.0346 | out_nov=0.0117 node_nov=0.0123 | div=0.0026 ip_mean=0.0026 | val_AP=0.4991 test_AP=0.4928
  S2 Epoch  13/500 [20.6s mem=3928MB] | total=0.3330 task=0.0343 | out_nov=0.0120 node_nov=0.0125 | div=0.0022 ip_mean=0.0022 | val_AP=0.4969 test_AP=0.4876
  S2 Epoch  14/500 [20.5s mem=3932MB] | total=0.3321 task=0.0334 | out_nov=0.0118 node_nov=0.0123 | div=0.0022 ip_mean=0.0022 | val_AP=0.4999 test_AP=0.4913
  S2 Epoch  15/500 [20.1s mem=3927MB] | total=0.3322 task=0.0336 | out_nov=0.0121 node_nov=0.0129 | div=0.0020 ip_mean=0.0020 | val_AP=0.4985 test_AP=0.4900
  S2 Epoch  16/500 [20.2s mem=3930MB] | total=0.3323 task=0.0338 | out_nov=0.0126 node_nov=0.0131 | div=0.0022 ip_mean=0.0022 | val_AP=0.4981 test_AP=0.4888
  S2 Epoch  17/500 [20.6s mem=3930MB] | total=0.3325 task=0.0342 | out_nov=0.0130 node_nov=0.0136 | div=0.0020 ip_mean=0.0020 | val_AP=0.4968 test_AP=0.4902
  S2 Epoch  18/500 [20.2s mem=3935MB] | total=0.3323 task=0.0339 | out_nov=0.0132 node_nov=0.0139 | div=0.0022 ip_mean=0.0022 | val_AP=0.4984 test_AP=0.4918
  S2 Epoch  19/500 [20.4s mem=3928MB] | total=0.3315 task=0.0336 | out_nov=0.0145 node_nov=0.0156 | div=0.0020 ip_mean=0.0020 | val_AP=0.4976 test_AP=0.4873
  S2 Epoch  20/500 [20.1s mem=3926MB] | total=0.3309 task=0.0333 | out_nov=0.0156 node_nov=0.0170 | div=0.0018 ip_mean=0.0018 | val_AP=0.4985 test_AP=0.4932
  S2 Epoch  21/500 [20.1s mem=3932MB] | total=0.3311 task=0.0336 | out_nov=0.0165 node_nov=0.0185 | div=0.0019 ip_mean=0.0019 | val_AP=0.4959 test_AP=0.4913
  S2 Epoch  22/500 [19.8s mem=3927MB] | total=0.3307 task=0.0334 | out_nov=0.0167 node_nov=0.0190 | div=0.0017 ip_mean=0.0017 | val_AP=0.4941 test_AP=0.4898
  S2 Epoch  23/500 [20.7s mem=3934MB] | total=0.3301 task=0.0330 | out_nov=0.0176 node_nov=0.0199 | div=0.0017 ip_mean=0.0017 | val_AP=0.4965 test_AP=0.4882
  S2 Epoch  24/500 [20.3s mem=3927MB] | total=0.3299 task=0.0331 | out_nov=0.0188 node_nov=0.0231 | div=0.0019 ip_mean=0.0019 | val_AP=0.4924 test_AP=0.4893
  S2 Epoch  25/500 [19.5s mem=3932MB] | total=0.3298 task=0.0333 | out_nov=0.0188 node_nov=0.0244 | div=0.0016 ip_mean=0.0016 | val_AP=0.4965 test_AP=0.4931
  S2 Epoch  26/500 [19.7s mem=3931MB] | total=0.3288 task=0.0329 | out_nov=0.0193 node_nov=0.0271 | div=0.0011 ip_mean=0.0011 | val_AP=0.4991 test_AP=0.4923
  S2 Epoch  27/500 [20.4s mem=3930MB] | total=0.3282 task=0.0327 | out_nov=0.0199 node_nov=0.0326 | div=0.0016 ip_mean=0.0016 | val_AP=0.4981 test_AP=0.4903
  S2 Epoch  28/500 [20.2s mem=3927MB] | total=0.3273 task=0.0325 | out_nov=0.0212 node_nov=0.0402 | div=0.0019 ip_mean=0.0019 | val_AP=0.4997 test_AP=0.4934
  S2 Epoch  29/500 [20.3s mem=3930MB] | total=0.3269 task=0.0322 | out_nov=0.0217 node_nov=0.0474 | div=0.0032 ip_mean=0.0032 | val_AP=0.4991 test_AP=0.4951
  S2 Epoch  30/500 [20.0s mem=3925MB] | total=0.3255 task=0.0324 | out_nov=0.0224 node_nov=0.0543 | div=0.0016 ip_mean=0.0016 | val_AP=0.5000 test_AP=0.4914
  S2 Epoch  31/500 [19.7s mem=3929MB] | total=0.3252 task=0.0321 | out_nov=0.0231 node_nov=0.0601 | div=0.0026 ip_mean=0.0026 | val_AP=0.5018 test_AP=0.4951
  S2 Epoch  32/500 [21.1s mem=3928MB] | total=0.3237 task=0.0324 | out_nov=0.0231 node_nov=0.0656 | div=0.0003 ip_mean=0.0003 | val_AP=0.4999 test_AP=0.4966
  S2 Epoch  33/500 [20.3s mem=3931MB] | total=0.3229 task=0.0324 | out_nov=0.0239 node_nov=0.0755 | div=0.0009 ip_mean=0.0009 | val_AP=0.5030 test_AP=0.4946
    -> New best val AP=0.5030
  S2 Epoch  34/500 [20.9s mem=3930MB] | total=0.3226 task=0.0321 | out_nov=0.0236 node_nov=0.0788 | div=0.0014 ip_mean=0.0014 | val_AP=0.4984 test_AP=0.4918
  S2 Epoch  35/500 [20.7s mem=3928MB] | total=0.3230 task=0.0327 | out_nov=0.0242 node_nov=0.0850 | div=0.0024 ip_mean=0.0024 | val_AP=0.4989 test_AP=0.4939
  S2 Epoch  36/500 [20.6s mem=3933MB] | total=0.3227 task=0.0325 | out_nov=0.0245 node_nov=0.0895 | div=0.0034 ip_mean=0.0034 | val_AP=0.5008 test_AP=0.4953
  S2 Epoch  37/500 [20.7s mem=3930MB] | total=0.3210 task=0.0326 | out_nov=0.0250 node_nov=0.0938 | div=0.0005 ip_mean=0.0005 | val_AP=0.5019 test_AP=0.4944
  S2 Epoch  38/500 [20.4s mem=3932MB] | total=0.3209 task=0.0326 | out_nov=0.0247 node_nov=0.0963 | div=0.0008 ip_mean=0.0008 | val_AP=0.5018 test_AP=0.4940
  S2 Epoch  39/500 [19.8s mem=3931MB] | total=0.3200 task=0.0329 | out_nov=0.0251 node_nov=0.1014 | div=-0.0004 ip_mean=-0.0004 | val_AP=0.5007 test_AP=0.4943
  S2 Epoch  40/500 [19.7s mem=3930MB] | total=0.3212 task=0.0328 | out_nov=0.0251 node_nov=0.1016 | div=0.0021 ip_mean=0.0021 | val_AP=0.5036 test_AP=0.4955
    -> New best val AP=0.5036
  S2 Epoch  41/500 [21.0s mem=3927MB] | total=0.3205 task=0.0333 | out_nov=0.0253 node_nov=0.1032 | div=0.0001 ip_mean=0.0001 | val_AP=0.5035 test_AP=0.4948
  S2 Epoch  42/500 [20.5s mem=3931MB] | total=0.3211 task=0.0328 | out_nov=0.0257 node_nov=0.1074 | div=0.0031 ip_mean=0.0031 | val_AP=0.5017 test_AP=0.4895
  S2 Epoch  43/500 [20.6s mem=3929MB] | total=0.3214 task=0.0339 | out_nov=0.0260 node_nov=0.1080 | div=0.0018 ip_mean=0.0018 | val_AP=0.5003 test_AP=0.4948
  S2 Epoch  44/500 [20.7s mem=3930MB] | total=0.3204 task=0.0334 | out_nov=0.0260 node_nov=0.1104 | div=0.0012 ip_mean=0.0012 | val_AP=0.4989 test_AP=0.4918
  S2 Epoch  45/500 [20.5s mem=3935MB] | total=0.3198 task=0.0335 | out_nov=0.0255 node_nov=0.1105 | div=-0.0001 ip_mean=-0.0001 | val_AP=0.4993 test_AP=0.4939
  S2 Epoch  46/500 [20.8s mem=3934MB] | total=0.3206 task=0.0337 | out_nov=0.0263 node_nov=0.1128 | div=0.0015 ip_mean=0.0015 | val_AP=0.5006 test_AP=0.4927
  S2 Epoch  47/500 [20.7s mem=3928MB] | total=0.3196 task=0.0335 | out_nov=0.0261 node_nov=0.1160 | div=0.0007 ip_mean=0.0007 | val_AP=0.5013 test_AP=0.4946
  S2 Epoch  48/500 [20.4s mem=3934MB] | total=0.3189 task=0.0332 | out_nov=0.0263 node_nov=0.1168 | div=-0.0000 ip_mean=-0.0000 | val_AP=0.4985 test_AP=0.4927
  S2 Epoch  49/500 [20.4s mem=3931MB] | total=0.3186 task=0.0334 | out_nov=0.0264 node_nov=0.1179 | div=-0.0008 ip_mean=-0.0008 | val_AP=0.5008 test_AP=0.4933
  S2 Epoch  50/500 [19.8s mem=3930MB] | total=0.3189 task=0.0334 | out_nov=0.0268 node_nov=0.1201 | div=0.0005 ip_mean=0.0005 | val_AP=0.4983 test_AP=0.4923
  S2 Epoch  51/500 [20.1s mem=3932MB] | total=0.3196 task=0.0333 | out_nov=0.0267 node_nov=0.1213 | div=0.0022 ip_mean=0.0022 | val_AP=0.4996 test_AP=0.4947
  S2 Epoch  52/500 [20.2s mem=3931MB] | total=0.3191 task=0.0332 | out_nov=0.0263 node_nov=0.1211 | div=0.0013 ip_mean=0.0013 | val_AP=0.5010 test_AP=0.4942
  S2 Epoch  53/500 [20.3s mem=3929MB] | total=0.3186 task=0.0332 | out_nov=0.0263 node_nov=0.1219 | div=0.0005 ip_mean=0.0005 | val_AP=0.4990 test_AP=0.4950
  S2 Epoch  54/500 [20.8s mem=3928MB] | total=0.3191 task=0.0334 | out_nov=0.0270 node_nov=0.1228 | div=0.0015 ip_mean=0.0015 | val_AP=0.5002 test_AP=0.4952
  S2 Epoch  55/500 [20.7s mem=3929MB] | total=0.3191 task=0.0337 | out_nov=0.0267 node_nov=0.1235 | div=0.0007 ip_mean=0.0007 | val_AP=0.4997 test_AP=0.4900
  S2 Epoch  56/500 [20.1s mem=3925MB] | total=0.3185 task=0.0334 | out_nov=0.0267 node_nov=0.1242 | div=0.0002 ip_mean=0.0002 | val_AP=0.5007 test_AP=0.4941
  S2 Epoch  57/500 [20.6s mem=3932MB] | total=0.3196 task=0.0338 | out_nov=0.0272 node_nov=0.1252 | div=0.0022 ip_mean=0.0022 | val_AP=0.4995 test_AP=0.4974
  S2 Epoch  58/500 [20.3s mem=3927MB] | total=0.3178 task=0.0332 | out_nov=0.0265 node_nov=0.1253 | div=-0.0004 ip_mean=-0.0004 | val_AP=0.4994 test_AP=0.4953
  S2 Epoch  59/500 [20.0s mem=3934MB] | total=0.3200 task=0.0339 | out_nov=0.0270 node_nov=0.1263 | div=0.0027 ip_mean=0.0027 | val_AP=0.4996 test_AP=0.4939
  S2 Epoch  60/500 [20.7s mem=3932MB] | total=0.3197 task=0.0340 | out_nov=0.0268 node_nov=0.1277 | div=0.0022 ip_mean=0.0022 | val_AP=0.4980 test_AP=0.4904
  S2 Epoch  61/500 [20.6s mem=3935MB] | total=0.3198 task=0.0339 | out_nov=0.0268 node_nov=0.1268 | div=0.0026 ip_mean=0.0026 | val_AP=0.5018 test_AP=0.4950
  S2 Epoch  62/500 [20.2s mem=3934MB] | total=0.3180 task=0.0336 | out_nov=0.0275 node_nov=0.1297 | div=0.0001 ip_mean=0.0001 | val_AP=0.4971 test_AP=0.4923
  S2 Epoch  63/500 [20.0s mem=3930MB] | total=0.3184 task=0.0336 | out_nov=0.0271 node_nov=0.1292 | div=0.0008 ip_mean=0.0008 | val_AP=0.4979 test_AP=0.4912
  S2 Epoch  64/500 [20.4s mem=3933MB] | total=0.3176 task=0.0338 | out_nov=0.0270 node_nov=0.1290 | div=-0.0013 ip_mean=-0.0013 | val_AP=0.5028 test_AP=0.4967
  S2 Epoch  65/500 [20.3s mem=3928MB] | total=0.3190 task=0.0342 | out_nov=0.0274 node_nov=0.1313 | div=0.0014 ip_mean=0.0014 | val_AP=0.5014 test_AP=0.4957
  S2 Epoch  66/500 [20.8s mem=3927MB] | total=0.3176 task=0.0337 | out_nov=0.0272 node_nov=0.1308 | div=-0.0007 ip_mean=-0.0007 | val_AP=0.5002 test_AP=0.4928
  S2 Epoch  67/500 [20.0s mem=3933MB] | total=0.3182 task=0.0337 | out_nov=0.0276 node_nov=0.1331 | div=0.0011 ip_mean=0.0011 | val_AP=0.4969 test_AP=0.4942
  S2 Epoch  68/500 [20.3s mem=3931MB] | total=0.3172 task=0.0337 | out_nov=0.0274 node_nov=0.1339 | div=-0.0008 ip_mean=-0.0008 | val_AP=0.5003 test_AP=0.4936
  S2 Epoch  69/500 [20.8s mem=3928MB] | total=0.3183 task=0.0340 | out_nov=0.0274 node_nov=0.1343 | div=0.0011 ip_mean=0.0011 | val_AP=0.5001 test_AP=0.4926
  S2 Epoch  70/500 [20.2s mem=3933MB] | total=0.3183 task=0.0341 | out_nov=0.0278 node_nov=0.1366 | div=0.0013 ip_mean=0.0013 | val_AP=0.5019 test_AP=0.4956
  S2 Epoch  71/500 [20.1s mem=3930MB] | total=0.3170 task=0.0337 | out_nov=0.0279 node_nov=0.1397 | div=-0.0000 ip_mean=-0.0000 | val_AP=0.4964 test_AP=0.4910
  S2 Epoch  72/500 [20.6s mem=3929MB] | total=0.3173 task=0.0340 | out_nov=0.0278 node_nov=0.1394 | div=-0.0001 ip_mean=-0.0001 | val_AP=0.5000 test_AP=0.4951
  S2 Epoch  73/500 [20.8s mem=3930MB] | total=0.3173 task=0.0340 | out_nov=0.0285 node_nov=0.1412 | div=0.0004 ip_mean=0.0004 | val_AP=0.4999 test_AP=0.4897
  S2 Epoch  74/500 [20.7s mem=3926MB] | total=0.3179 task=0.0342 | out_nov=0.0283 node_nov=0.1429 | div=0.0016 ip_mean=0.0016 | val_AP=0.4984 test_AP=0.4908
  S2 Epoch  75/500 [20.1s mem=3932MB] | total=0.3170 task=0.0342 | out_nov=0.0287 node_nov=0.1434 | div=0.0001 ip_mean=0.0001 | val_AP=0.5001 test_AP=0.4962
  S2 Epoch  76/500 [20.1s mem=3933MB] | total=0.3167 task=0.0341 | out_nov=0.0284 node_nov=0.1445 | div=-0.0001 ip_mean=-0.0001 | val_AP=0.4984 test_AP=0.4947
  S2 Epoch  77/500 [20.1s mem=3926MB] | total=0.3172 task=0.0342 | out_nov=0.0288 node_nov=0.1474 | div=0.0012 ip_mean=0.0012 | val_AP=0.4985 test_AP=0.4946
  S2 Epoch  78/500 [20.3s mem=3930MB] | total=0.3176 task=0.0340 | out_nov=0.0281 node_nov=0.1457 | div=0.0021 ip_mean=0.0021 | val_AP=0.4974 test_AP=0.4901
  S2 Epoch  79/500 [20.2s mem=3932MB] | total=0.3164 task=0.0339 | out_nov=0.0289 node_nov=0.1500 | div=0.0008 ip_mean=0.0008 | val_AP=0.4997 test_AP=0.4900
  S2 Epoch  80/500 [20.0s mem=3934MB] | total=0.3164 task=0.0338 | out_nov=0.0289 node_nov=0.1506 | div=0.0010 ip_mean=0.0010 | val_AP=0.4980 test_AP=0.4924
  S2 Epoch  81/500 [19.4s mem=3930MB] | total=0.3172 task=0.0341 | out_nov=0.0296 node_nov=0.1542 | div=0.0028 ip_mean=0.0028 | val_AP=0.4990 test_AP=0.4892
  S2 Epoch  82/500 [20.5s mem=3930MB] | total=0.3162 task=0.0342 | out_nov=0.0293 node_nov=0.1552 | div=0.0008 ip_mean=0.0008 | val_AP=0.4983 test_AP=0.4938
  S2 Epoch  83/500 [20.3s mem=3932MB] | total=0.3157 task=0.0340 | out_nov=0.0292 node_nov=0.1548 | div=0.0003 ip_mean=0.0003 | val_AP=0.4994 test_AP=0.4889
  S2 Epoch  84/500 [20.2s mem=3928MB] | total=0.3155 task=0.0341 | out_nov=0.0298 node_nov=0.1592 | div=0.0004 ip_mean=0.0004 | val_AP=0.5004 test_AP=0.4916
  S2 Epoch  85/500 [19.9s mem=3930MB] | total=0.3159 task=0.0341 | out_nov=0.0294 node_nov=0.1594 | div=0.0015 ip_mean=0.0015 | val_AP=0.4972 test_AP=0.4924
  S2 Epoch  86/500 [20.4s mem=3928MB] | total=0.3165 task=0.0343 | out_nov=0.0297 node_nov=0.1610 | div=0.0025 ip_mean=0.0025 | val_AP=0.4994 test_AP=0.4917
  S2 Epoch  87/500 [20.4s mem=3926MB] | total=0.3143 task=0.0339 | out_nov=0.0295 node_nov=0.1621 | div=-0.0009 ip_mean=-0.0009 | val_AP=0.5008 test_AP=0.4913
  S2 Epoch  88/500 [20.6s mem=3927MB] | total=0.3155 task=0.0342 | out_nov=0.0297 node_nov=0.1638 | div=0.0013 ip_mean=0.0013 | val_AP=0.5017 test_AP=0.4929
  S2 Epoch  89/500 [20.7s mem=3931MB] | total=0.3154 task=0.0337 | out_nov=0.0296 node_nov=0.1648 | div=0.0024 ip_mean=0.0024 | val_AP=0.5005 test_AP=0.4967
  S2 Epoch  90/500 [20.6s mem=3930MB] | total=0.3147 task=0.0342 | out_nov=0.0294 node_nov=0.1660 | div=0.0000 ip_mean=0.0000 | val_AP=0.5040 test_AP=0.4919
    -> New best val AP=0.5040
  S2 Epoch  91/500 [21.2s mem=3930MB] | total=0.3154 task=0.0341 | out_nov=0.0295 node_nov=0.1675 | div=0.0020 ip_mean=0.0020 | val_AP=0.4973 test_AP=0.4970
  S2 Epoch  92/500 [20.5s mem=3926MB] | total=0.3151 task=0.0343 | out_nov=0.0299 node_nov=0.1692 | div=0.0015 ip_mean=0.0015 | val_AP=0.5002 test_AP=0.4943
  S2 Epoch  93/500 [20.6s mem=3932MB] | total=0.3143 task=0.0343 | out_nov=0.0301 node_nov=0.1705 | div=0.0002 ip_mean=0.0002 | val_AP=0.5003 test_AP=0.4914
  S2 Epoch  94/500 [20.1s mem=3929MB] | total=0.3153 task=0.0347 | out_nov=0.0301 node_nov=0.1724 | div=0.0017 ip_mean=0.0017 | val_AP=0.4982 test_AP=0.4893
  S2 Epoch  95/500 [20.2s mem=3934MB] | total=0.3140 task=0.0344 | out_nov=0.0301 node_nov=0.1728 | div=-0.0002 ip_mean=-0.0002 | val_AP=0.4994 test_AP=0.4917
  S2 Epoch  96/500 [20.7s mem=3926MB] | total=0.3143 task=0.0344 | out_nov=0.0304 node_nov=0.1738 | div=0.0008 ip_mean=0.0008 | val_AP=0.5023 test_AP=0.4931
  S2 Epoch  97/500 [20.3s mem=3926MB] | total=0.3129 task=0.0341 | out_nov=0.0301 node_nov=0.1756 | div=-0.0012 ip_mean=-0.0012 | val_AP=0.5003 test_AP=0.4930
  S2 Epoch  98/500 [20.5s mem=3932MB] | total=0.3146 task=0.0344 | out_nov=0.0303 node_nov=0.1773 | div=0.0019 ip_mean=0.0019 | val_AP=0.4988 test_AP=0.4927
  S2 Epoch  99/500 [21.0s mem=3928MB] | total=0.3140 task=0.0345 | out_nov=0.0302 node_nov=0.1776 | div=0.0006 ip_mean=0.0006 | val_AP=0.4975 test_AP=0.4915
  S2 Epoch 100/500 [20.6s mem=3933MB] | total=0.3148 task=0.0342 | out_nov=0.0301 node_nov=0.1778 | div=0.0028 ip_mean=0.0028 | val_AP=0.4993 test_AP=0.4926
  S2 Epoch 101/500 [20.2s mem=3931MB] | total=0.3147 task=0.0349 | out_nov=0.0303 node_nov=0.1788 | div=0.0014 ip_mean=0.0014 | val_AP=0.4982 test_AP=0.4911
  S2 Epoch 102/500 [20.8s mem=3928MB] | total=0.3134 task=0.0342 | out_nov=0.0304 node_nov=0.1796 | div=0.0005 ip_mean=0.0005 | val_AP=0.4964 test_AP=0.4926
  S2 Epoch 103/500 [20.1s mem=3928MB] | total=0.3146 task=0.0343 | out_nov=0.0304 node_nov=0.1819 | div=0.0030 ip_mean=0.0030 | val_AP=0.5016 test_AP=0.4921
  S2 Epoch 104/500 [20.2s mem=3927MB] | total=0.3134 task=0.0342 | out_nov=0.0303 node_nov=0.1824 | div=0.0009 ip_mean=0.0009 | val_AP=0.4986 test_AP=0.4914
  S2 Epoch 105/500 [20.1s mem=3926MB] | total=0.3143 task=0.0343 | out_nov=0.0307 node_nov=0.1813 | div=0.0023 ip_mean=0.0023 | val_AP=0.5025 test_AP=0.4927
  S2 Epoch 106/500 [20.8s mem=3933MB] | total=0.3137 task=0.0344 | out_nov=0.0303 node_nov=0.1817 | div=0.0010 ip_mean=0.0010 | val_AP=0.5051 test_AP=0.4901
    -> New best val AP=0.5051
  S2 Epoch 107/500 [19.9s mem=3932MB] | total=0.3133 task=0.0349 | out_nov=0.0307 node_nov=0.1845 | div=-0.0002 ip_mean=-0.0002 | val_AP=0.5012 test_AP=0.4959
  S2 Epoch 108/500 [20.2s mem=3929MB] | total=0.3136 task=0.0346 | out_nov=0.0307 node_nov=0.1866 | div=0.0014 ip_mean=0.0014 | val_AP=0.5011 test_AP=0.4923
  S2 Epoch 109/500 [19.7s mem=3932MB] | total=0.3132 task=0.0343 | out_nov=0.0308 node_nov=0.1865 | div=0.0013 ip_mean=0.0013 | val_AP=0.5000 test_AP=0.5013
  S2 Epoch 110/500 [20.5s mem=3923MB] | total=0.3118 task=0.0342 | out_nov=0.0306 node_nov=0.1869 | div=-0.0013 ip_mean=-0.0013 | val_AP=0.5019 test_AP=0.4906
  S2 Epoch 111/500 [20.4s mem=3929MB] | total=0.3138 task=0.0345 | out_nov=0.0309 node_nov=0.1868 | div=0.0021 ip_mean=0.0021 | val_AP=0.4998 test_AP=0.4941
  S2 Epoch 112/500 [20.6s mem=3929MB] | total=0.3140 task=0.0348 | out_nov=0.0312 node_nov=0.1889 | div=0.0025 ip_mean=0.0025 | val_AP=0.5019 test_AP=0.4902
  S2 Epoch 113/500 [19.7s mem=3933MB] | total=0.3130 task=0.0340 | out_nov=0.0308 node_nov=0.1887 | div=0.0017 ip_mean=0.0017 | val_AP=0.5015 test_AP=0.4932
  S2 Epoch 114/500 [20.7s mem=3931MB] | total=0.3130 task=0.0342 | out_nov=0.0309 node_nov=0.1878 | div=0.0015 ip_mean=0.0015 | val_AP=0.5017 test_AP=0.4934
  S2 Epoch 115/500 [20.4s mem=3930MB] | total=0.3134 task=0.0350 | out_nov=0.0309 node_nov=0.1905 | div=0.0010 ip_mean=0.0010 | val_AP=0.5021 test_AP=0.4905
  S2 Epoch 116/500 [20.7s mem=3929MB] | total=0.3129 task=0.0343 | out_nov=0.0309 node_nov=0.1920 | div=0.0016 ip_mean=0.0016 | val_AP=0.5027 test_AP=0.4942
  S2 Epoch 117/500 [20.8s mem=3931MB] | total=0.3135 task=0.0343 | out_nov=0.0308 node_nov=0.1903 | div=0.0026 ip_mean=0.0026 | val_AP=0.5001 test_AP=0.4980
  S2 Epoch 118/500 [20.3s mem=3929MB] | total=0.3132 task=0.0346 | out_nov=0.0315 node_nov=0.1947 | div=0.0024 ip_mean=0.0024 | val_AP=0.5015 test_AP=0.4886
  S2 Epoch 119/500 [20.0s mem=3929MB] | total=0.3133 task=0.0351 | out_nov=0.0317 node_nov=0.1943 | div=0.0015 ip_mean=0.0015 | val_AP=0.5009 test_AP=0.4928
  S2 Epoch 120/500 [21.2s mem=3926MB] | total=0.3131 task=0.0346 | out_nov=0.0314 node_nov=0.1945 | div=0.0022 ip_mean=0.0022 | val_AP=0.4964 test_AP=0.4922
  S2 Epoch 121/500 [21.1s mem=3930MB] | total=0.3130 task=0.0346 | out_nov=0.0313 node_nov=0.1945 | div=0.0020 ip_mean=0.0020 | val_AP=0.5006 test_AP=0.4918
  S2 Epoch 122/500 [20.2s mem=3929MB] | total=0.3125 task=0.0346 | out_nov=0.0311 node_nov=0.1945 | div=0.0008 ip_mean=0.0008 | val_AP=0.4989 test_AP=0.4904
  S2 Epoch 123/500 [20.4s mem=3933MB] | total=0.3131 task=0.0348 | out_nov=0.0312 node_nov=0.1966 | div=0.0022 ip_mean=0.0022 | val_AP=0.5032 test_AP=0.4944
  S2 Epoch 124/500 [20.0s mem=3926MB] | total=0.3127 task=0.0345 | out_nov=0.0308 node_nov=0.1949 | div=0.0015 ip_mean=0.0015 | val_AP=0.5028 test_AP=0.4967
  S2 Epoch 125/500 [20.5s mem=3932MB] | total=0.3131 task=0.0348 | out_nov=0.0311 node_nov=0.1967 | div=0.0022 ip_mean=0.0022 | val_AP=0.4996 test_AP=0.4913
  S2 Epoch 126/500 [20.2s mem=3932MB] | total=0.3127 task=0.0343 | out_nov=0.0314 node_nov=0.1970 | div=0.0025 ip_mean=0.0025 | val_AP=0.5007 test_AP=0.4923
  S2 Epoch 127/500 [20.8s mem=3932MB] | total=0.3119 task=0.0347 | out_nov=0.0316 node_nov=0.1997 | div=0.0006 ip_mean=0.0006 | val_AP=0.4971 test_AP=0.4937
  S2 Epoch 128/500 [20.7s mem=3930MB] | total=0.3128 task=0.0351 | out_nov=0.0319 node_nov=0.2003 | div=0.0019 ip_mean=0.0019 | val_AP=0.4999 test_AP=0.4933
  S2 Epoch 129/500 [20.8s mem=3929MB] | total=0.3109 task=0.0341 | out_nov=0.0312 node_nov=0.1991 | div=-0.0002 ip_mean=-0.0002 | val_AP=0.5014 test_AP=0.4935
  S2 Epoch 130/500 [20.7s mem=3928MB] | total=0.3127 task=0.0345 | out_nov=0.0309 node_nov=0.1982 | div=0.0022 ip_mean=0.0022 | val_AP=0.5019 test_AP=0.4917
  S2 Epoch 131/500 [19.8s mem=3930MB] | total=0.3119 task=0.0346 | out_nov=0.0317 node_nov=0.2019 | div=0.0013 ip_mean=0.0013 | val_AP=0.5072 test_AP=0.4931
    -> New best val AP=0.5072
  S2 Epoch 132/500 [20.3s mem=3929MB] | total=0.3121 task=0.0345 | out_nov=0.0314 node_nov=0.2003 | div=0.0016 ip_mean=0.0016 | val_AP=0.5011 test_AP=0.4950
  S2 Epoch 133/500 [20.7s mem=3930MB] | total=0.3125 task=0.0350 | out_nov=0.0317 node_nov=0.2006 | div=0.0016 ip_mean=0.0016 | val_AP=0.5006 test_AP=0.4966
  S2 Epoch 134/500 [20.2s mem=3929MB] | total=0.3135 task=0.0350 | out_nov=0.0319 node_nov=0.2033 | div=0.0041 ip_mean=0.0041 | val_AP=0.5009 test_AP=0.4964
  S2 Epoch 135/500 [20.8s mem=3927MB] | total=0.3115 task=0.0346 | out_nov=0.0313 node_nov=0.2021 | div=0.0004 ip_mean=0.0004 | val_AP=0.5024 test_AP=0.4935
  S2 Epoch 136/500 [20.8s mem=3928MB] | total=0.3112 task=0.0345 | out_nov=0.0315 node_nov=0.2036 | div=0.0006 ip_mean=0.0006 | val_AP=0.5024 test_AP=0.4910
  S2 Epoch 137/500 [20.2s mem=3931MB] | total=0.3113 task=0.0345 | out_nov=0.0318 node_nov=0.2054 | div=0.0012 ip_mean=0.0012 | val_AP=0.5047 test_AP=0.4902
  S2 Epoch 138/500 [20.0s mem=3927MB] | total=0.3104 task=0.0343 | out_nov=0.0314 node_nov=0.2060 | div=-0.0003 ip_mean=-0.0003 | val_AP=0.5001 test_AP=0.4959
  S2 Epoch 139/500 [20.9s mem=3930MB] | total=0.3127 task=0.0353 | out_nov=0.0320 node_nov=0.2065 | div=0.0025 ip_mean=0.0025 | val_AP=0.4983 test_AP=0.4936
  S2 Epoch 140/500 [20.5s mem=3924MB] | total=0.3113 task=0.0344 | out_nov=0.0319 node_nov=0.2068 | div=0.0014 ip_mean=0.0014 | val_AP=0.5030 test_AP=0.4918
  S2 Epoch 141/500 [20.0s mem=3930MB] | total=0.3125 task=0.0353 | out_nov=0.0321 node_nov=0.2098 | div=0.0027 ip_mean=0.0027 | val_AP=0.5071 test_AP=0.4937
  S2 Epoch 142/500 [20.3s mem=3933MB] | total=0.3111 task=0.0350 | out_nov=0.0323 node_nov=0.2085 | div=0.0003 ip_mean=0.0003 | val_AP=0.5031 test_AP=0.4923
  S2 Epoch 143/500 [20.5s mem=3928MB] | total=0.3122 task=0.0346 | out_nov=0.0316 node_nov=0.2052 | div=0.0025 ip_mean=0.0025 | val_AP=0.5039 test_AP=0.4945
  S2 Epoch 144/500 [19.4s mem=3934MB] | total=0.3115 task=0.0349 | out_nov=0.0319 node_nov=0.2097 | div=0.0014 ip_mean=0.0014 | val_AP=0.4999 test_AP=0.4965
  S2 Epoch 145/500 [20.4s mem=3931MB] | total=0.3124 task=0.0345 | out_nov=0.0317 node_nov=0.2068 | div=0.0035 ip_mean=0.0035 | val_AP=0.4996 test_AP=0.4933
  S2 Epoch 146/500 [20.6s mem=3929MB] | total=0.3124 task=0.0351 | out_nov=0.0325 node_nov=0.2106 | div=0.0033 ip_mean=0.0033 | val_AP=0.4992 test_AP=0.4921
  S2 Epoch 147/500 [19.7s mem=3926MB] | total=0.3121 task=0.0352 | out_nov=0.0321 node_nov=0.2120 | div=0.0026 ip_mean=0.0026 | val_AP=0.4997 test_AP=0.4989
  S2 Epoch 148/500 [20.8s mem=3930MB] | total=0.3118 task=0.0346 | out_nov=0.0319 node_nov=0.2107 | div=0.0029 ip_mean=0.0029 | val_AP=0.5011 test_AP=0.4937
  S2 Epoch 149/500 [20.2s mem=3931MB] | total=0.3127 task=0.0348 | out_nov=0.0321 node_nov=0.2126 | div=0.0047 ip_mean=0.0047 | val_AP=0.5024 test_AP=0.4930
  S2 Epoch 150/500 [20.2s mem=3930MB] | total=0.3108 task=0.0349 | out_nov=0.0321 node_nov=0.2114 | div=0.0005 ip_mean=0.0005 | val_AP=0.5001 test_AP=0.4952
  S2 Epoch 151/500 [20.4s mem=3928MB] | total=0.3109 task=0.0349 | out_nov=0.0320 node_nov=0.2114 | div=0.0006 ip_mean=0.0006 | val_AP=0.4989 test_AP=0.4907
  S2 Epoch 152/500 [19.8s mem=3932MB] | total=0.3114 task=0.0350 | out_nov=0.0315 node_nov=0.2114 | div=0.0015 ip_mean=0.0015 | val_AP=0.5014 test_AP=0.4933
  S2 Epoch 153/500 [20.1s mem=3928MB] | total=0.3107 task=0.0349 | out_nov=0.0325 node_nov=0.2128 | div=0.0006 ip_mean=0.0006 | val_AP=0.5050 test_AP=0.4950
  S2 Epoch 154/500 [19.8s mem=3929MB] | total=0.3112 task=0.0346 | out_nov=0.0320 node_nov=0.2123 | div=0.0020 ip_mean=0.0020 | val_AP=0.5040 test_AP=0.4991
  S2 Epoch 155/500 [19.5s mem=3927MB] | total=0.3111 task=0.0350 | out_nov=0.0325 node_nov=0.2146 | div=0.0016 ip_mean=0.0016 | val_AP=0.5049 test_AP=0.4899
  S2 Epoch 156/500 [20.2s mem=3929MB] | total=0.3103 task=0.0351 | out_nov=0.0326 node_nov=0.2169 | div=0.0005 ip_mean=0.0005 | val_AP=0.5003 test_AP=0.4931
  S2 Epoch 157/500 [20.2s mem=3929MB] | total=0.3113 task=0.0352 | out_nov=0.0327 node_nov=0.2195 | div=0.0027 ip_mean=0.0027 | val_AP=0.4989 test_AP=0.4888
  S2 Epoch 158/500 [20.3s mem=3927MB] | total=0.3109 task=0.0352 | out_nov=0.0326 node_nov=0.2174 | div=0.0014 ip_mean=0.0014 | val_AP=0.5073 test_AP=0.4949
    -> New best val AP=0.5073
  S2 Epoch 159/500 [19.8s mem=3931MB] | total=0.3109 task=0.0349 | out_nov=0.0325 node_nov=0.2165 | div=0.0018 ip_mean=0.0018 | val_AP=0.5027 test_AP=0.4953
  S2 Epoch 160/500 [20.3s mem=3931MB] | total=0.3107 task=0.0354 | out_nov=0.0329 node_nov=0.2171 | div=0.0007 ip_mean=0.0007 | val_AP=0.5031 test_AP=0.4966
  S2 Epoch 161/500 [19.8s mem=3927MB] | total=0.3107 task=0.0345 | out_nov=0.0322 node_nov=0.2172 | div=0.0022 ip_mean=0.0022 | val_AP=0.5014 test_AP=0.4957
  S2 Epoch 162/500 [20.3s mem=3925MB] | total=0.3107 task=0.0353 | out_nov=0.0326 node_nov=0.2178 | div=0.0009 ip_mean=0.0009 | val_AP=0.5015 test_AP=0.4898
  S2 Epoch 163/500 [19.6s mem=3931MB] | total=0.3096 task=0.0350 | out_nov=0.0327 node_nov=0.2189 | div=-0.0005 ip_mean=-0.0005 | val_AP=0.5011 test_AP=0.4907
  S2 Epoch 164/500 [19.5s mem=3927MB] | total=0.3108 task=0.0348 | out_nov=0.0323 node_nov=0.2194 | div=0.0023 ip_mean=0.0023 | val_AP=0.5031 test_AP=0.4964
  S2 Epoch 165/500 [20.0s mem=3936MB] | total=0.3109 task=0.0349 | out_nov=0.0327 node_nov=0.2200 | div=0.0026 ip_mean=0.0026 | val_AP=0.5021 test_AP=0.4948
  S2 Epoch 166/500 [20.3s mem=3929MB] | total=0.3101 task=0.0347 | out_nov=0.0324 node_nov=0.2218 | div=0.0017 ip_mean=0.0017 | val_AP=0.5034 test_AP=0.4934
  S2 Epoch 167/500 [20.2s mem=3933MB] | total=0.3084 task=0.0345 | out_nov=0.0326 node_nov=0.2216 | div=-0.0012 ip_mean=-0.0012 | val_AP=0.5009 test_AP=0.4961
  S2 Epoch 168/500 [20.1s mem=3928MB] | total=0.3113 task=0.0350 | out_nov=0.0329 node_nov=0.2231 | div=0.0037 ip_mean=0.0037 | val_AP=0.5026 test_AP=0.4979
  S2 Epoch 169/500 [20.1s mem=3934MB] | total=0.3093 task=0.0349 | out_nov=0.0327 node_nov=0.2229 | div=0.0000 ip_mean=0.0000 | val_AP=0.5005 test_AP=0.4937
  S2 Epoch 170/500 [20.7s mem=3930MB] | total=0.3091 task=0.0344 | out_nov=0.0322 node_nov=0.2232 | div=0.0003 ip_mean=0.0003 | val_AP=0.5046 test_AP=0.4926
  S2 Epoch 171/500 [20.1s mem=3929MB] | total=0.3105 task=0.0352 | out_nov=0.0331 node_nov=0.2243 | div=0.0020 ip_mean=0.0020 | val_AP=0.5014 test_AP=0.4940
  S2 Epoch 172/500 [19.7s mem=3930MB] | total=0.3091 task=0.0349 | out_nov=0.0328 node_nov=0.2250 | div=-0.0002 ip_mean=-0.0002 | val_AP=0.4999 test_AP=0.4944
  S2 Epoch 173/500 [19.9s mem=3929MB] | total=0.3104 task=0.0351 | out_nov=0.0331 node_nov=0.2255 | div=0.0023 ip_mean=0.0023 | val_AP=0.5039 test_AP=0.4989
  S2 Epoch 174/500 [20.0s mem=3933MB] | total=0.3092 task=0.0347 | out_nov=0.0325 node_nov=0.2234 | div=0.0003 ip_mean=0.0003 | val_AP=0.5027 test_AP=0.4968
  S2 Epoch 175/500 [20.8s mem=3927MB] | total=0.3109 task=0.0350 | out_nov=0.0331 node_nov=0.2265 | div=0.0037 ip_mean=0.0037 | val_AP=0.5018 test_AP=0.4947
  S2 Epoch 176/500 [20.4s mem=3935MB] | total=0.3103 task=0.0350 | out_nov=0.0329 node_nov=0.2266 | div=0.0026 ip_mean=0.0026 | val_AP=0.5019 test_AP=0.4916
  S2 Epoch 177/500 [20.0s mem=3933MB] | total=0.3093 task=0.0352 | out_nov=0.0333 node_nov=0.2289 | div=0.0007 ip_mean=0.0007 | val_AP=0.5034 test_AP=0.4900
  S2 Epoch 178/500 [20.4s mem=3930MB] | total=0.3099 task=0.0350 | out_nov=0.0329 node_nov=0.2256 | div=0.0016 ip_mean=0.0016 | val_AP=0.5056 test_AP=0.4966
  S2 Epoch 179/500 [20.4s mem=3928MB] | total=0.3095 task=0.0350 | out_nov=0.0327 node_nov=0.2262 | div=0.0007 ip_mean=0.0007 | val_AP=0.5018 test_AP=0.4946
  S2 Epoch 180/500 [20.5s mem=3931MB] | total=0.3091 task=0.0348 | out_nov=0.0330 node_nov=0.2274 | div=0.0005 ip_mean=0.0005 | val_AP=0.5049 test_AP=0.4972
  S2 Epoch 181/500 [20.6s mem=3931MB] | total=0.3090 task=0.0345 | out_nov=0.0322 node_nov=0.2249 | div=0.0004 ip_mean=0.0004 | val_AP=0.5032 test_AP=0.4926
  S2 Epoch 182/500 [20.3s mem=3926MB] | total=0.3097 task=0.0346 | out_nov=0.0321 node_nov=0.2244 | div=0.0015 ip_mean=0.0015 | val_AP=0.5015 test_AP=0.4962
  S2 Epoch 183/500 [20.1s mem=3930MB] | total=0.3088 task=0.0343 | out_nov=0.0324 node_nov=0.2276 | div=0.0009 ip_mean=0.0009 | val_AP=0.5022 test_AP=0.4940
  S2 Epoch 184/500 [20.3s mem=3929MB] | total=0.3090 task=0.0345 | out_nov=0.0328 node_nov=0.2291 | div=0.0014 ip_mean=0.0014 | val_AP=0.5010 test_AP=0.4904
  S2 Epoch 185/500 [20.3s mem=3932MB] | total=0.3090 task=0.0353 | out_nov=0.0328 node_nov=0.2303 | div=0.0001 ip_mean=0.0001 | val_AP=0.5002 test_AP=0.4983
  S2 Epoch 186/500 [20.2s mem=3932MB] | total=0.3093 task=0.0343 | out_nov=0.0327 node_nov=0.2278 | div=0.0021 ip_mean=0.0021 | val_AP=0.5018 test_AP=0.4923
  S2 Epoch 187/500 [20.6s mem=3931MB] | total=0.3106 task=0.0345 | out_nov=0.0330 node_nov=0.2281 | div=0.0044 ip_mean=0.0044 | val_AP=0.5014 test_AP=0.5006
  S2 Epoch 188/500 [20.2s mem=3927MB] | total=0.3096 task=0.0349 | out_nov=0.0332 node_nov=0.2291 | div=0.0018 ip_mean=0.0018 | val_AP=0.5024 test_AP=0.4958
  S2 Epoch 189/500 [20.4s mem=3930MB] | total=0.3083 task=0.0347 | out_nov=0.0328 node_nov=0.2300 | div=-0.0002 ip_mean=-0.0002 | val_AP=0.5039 test_AP=0.4951
  S2 Epoch 190/500 [20.6s mem=3926MB] | total=0.3096 task=0.0352 | out_nov=0.0327 node_nov=0.2301 | div=0.0015 ip_mean=0.0015 | val_AP=0.5004 test_AP=0.4954
  S2 Epoch 191/500 [20.7s mem=3929MB] | total=0.3088 task=0.0349 | out_nov=0.0329 node_nov=0.2304 | div=0.0006 ip_mean=0.0006 | val_AP=0.4978 test_AP=0.4999
  S2 Epoch 192/500 [20.4s mem=3802MB] | total=0.3088 task=0.0344 | out_nov=0.0328 node_nov=0.2328 | div=0.0020 ip_mean=0.0020 | val_AP=0.4981 test_AP=0.4931
  S2 Epoch 193/500 [20.6s mem=3933MB] | total=0.3093 task=0.0343 | out_nov=0.0328 node_nov=0.2318 | div=0.0028 ip_mean=0.0028 | val_AP=0.5008 test_AP=0.4955
  S2 Epoch 194/500 [20.5s mem=3929MB] | total=0.3093 task=0.0343 | out_nov=0.0329 node_nov=0.2317 | div=0.0029 ip_mean=0.0029 | val_AP=0.5001 test_AP=0.4950
  S2 Epoch 195/500 [20.0s mem=3931MB] | total=0.3097 task=0.0348 | out_nov=0.0330 node_nov=0.2311 | div=0.0026 ip_mean=0.0026 | val_AP=0.4989 test_AP=0.4940
  S2 Epoch 196/500 [20.2s mem=3931MB] | total=0.3093 task=0.0344 | out_nov=0.0328 node_nov=0.2323 | div=0.0029 ip_mean=0.0029 | val_AP=0.4974 test_AP=0.4951
  S2 Epoch 197/500 [20.7s mem=3932MB] | total=0.3089 task=0.0349 | out_nov=0.0335 node_nov=0.2341 | div=0.0016 ip_mean=0.0016 | val_AP=0.4987 test_AP=0.4961
  S2 Epoch 198/500 [20.8s mem=3930MB] | total=0.3084 task=0.0348 | out_nov=0.0333 node_nov=0.2349 | div=0.0009 ip_mean=0.0009 | val_AP=0.5014 test_AP=0.4981
  S2 Epoch 199/500 [20.4s mem=3929MB] | total=0.3077 task=0.0345 | out_nov=0.0329 node_nov=0.2334 | div=-0.0003 ip_mean=-0.0003 | val_AP=0.5000 test_AP=0.4950
  S2 Epoch 200/500 [21.0s mem=3930MB] | total=0.3074 task=0.0344 | out_nov=0.0328 node_nov=0.2350 | div=-0.0004 ip_mean=-0.0004 | val_AP=0.5036 test_AP=0.4971
  S2 Epoch 201/500 [20.5s mem=3929MB] | total=0.3096 task=0.0348 | out_nov=0.0334 node_nov=0.2331 | div=0.0030 ip_mean=0.0030 | val_AP=0.5035 test_AP=0.4958
  S2 Epoch 202/500 [20.4s mem=3929MB] | total=0.3082 task=0.0344 | out_nov=0.0329 node_nov=0.2344 | div=0.0010 ip_mean=0.0010 | val_AP=0.5017 test_AP=0.4972
  S2 Epoch 203/500 [20.1s mem=3935MB] | total=0.3083 task=0.0349 | out_nov=0.0332 node_nov=0.2358 | div=0.0005 ip_mean=0.0005 | val_AP=0.5013 test_AP=0.4906
  S2 Epoch 204/500 [20.3s mem=3929MB] | total=0.3076 task=0.0342 | out_nov=0.0326 node_nov=0.2364 | div=0.0005 ip_mean=0.0005 | val_AP=0.5020 test_AP=0.4958
  S2 Epoch 205/500 [20.6s mem=3927MB] | total=0.3088 task=0.0343 | out_nov=0.0328 node_nov=0.2362 | div=0.0029 ip_mean=0.0029 | val_AP=0.5028 test_AP=0.4887
  S2 Epoch 206/500 [19.9s mem=3928MB] | total=0.3089 task=0.0343 | out_nov=0.0327 node_nov=0.2355 | div=0.0028 ip_mean=0.0028 | val_AP=0.5020 test_AP=0.4966
  S2 Epoch 207/500 [21.0s mem=3930MB] | total=0.3077 task=0.0347 | out_nov=0.0333 node_nov=0.2376 | div=0.0002 ip_mean=0.0002 | val_AP=0.5052 test_AP=0.4943
  S2 Epoch 208/500 [20.6s mem=3931MB] | total=0.3079 task=0.0348 | out_nov=0.0336 node_nov=0.2381 | div=0.0005 ip_mean=0.0005 | val_AP=0.5013 test_AP=0.5007
  Early stopping at epoch 208. Best val AP=0.5073 at epoch 158.
Stage 2 done. Best val AP=0.5073 at epoch 158.

============================================================
STAGE 3: Joint finetune (backbone + generator)
  Backbone: vanilla_gt
  lr_gen=3e-06 lr_backbone=1e-06
============================================================
  S3 Epoch   1/500 [22.3s mem=5250MB] | total=0.3144 task=0.0496 train_AP=0.9462 | out_nov=0.0556 node_nov=0.3100 | div=0.0028 | val_AP=0.5078 test_AP=0.4945
    -> New best val AP=0.5078 (test=0.4945)
  S3 Epoch   2/500 [22.4s mem=5260MB] | total=0.3119 task=0.0480 train_AP=0.9494 | out_nov=0.0543 node_nov=0.3109 | div=0.0008 | val_AP=0.5038 test_AP=0.5003
  S3 Epoch   3/500 [22.9s mem=5260MB] | total=0.3109 task=0.0464 train_AP=0.9520 | out_nov=0.0524 node_nov=0.3121 | div=0.0019 | val_AP=0.5025 test_AP=0.4959
  S3 Epoch   4/500 [22.3s mem=5255MB] | total=0.3094 task=0.0447 train_AP=0.9538 | out_nov=0.0513 node_nov=0.3117 | div=0.0021 | val_AP=0.5069 test_AP=0.4966
  S3 Epoch   5/500 [22.4s mem=5254MB] | total=0.3073 task=0.0434 train_AP=0.9567 | out_nov=0.0504 node_nov=0.3121 | div=0.0003 | val_AP=0.5017 test_AP=0.5021
  S3 Epoch   6/500 [22.6s mem=5253MB] | total=0.3083 task=0.0432 train_AP=0.9572 | out_nov=0.0488 node_nov=0.3121 | div=0.0024 | val_AP=0.5035 test_AP=0.4981
  S3 Epoch   7/500 [21.5s mem=5253MB] | total=0.3080 task=0.0430 train_AP=0.9564 | out_nov=0.0489 node_nov=0.3147 | div=0.0028 | val_AP=0.5026 test_AP=0.5046
  S3 Epoch   8/500 [22.6s mem=5251MB] | total=0.3053 task=0.0406 train_AP=0.9604 | out_nov=0.0471 node_nov=0.3164 | div=0.0020 | val_AP=0.5007 test_AP=0.4995
  S3 Epoch   9/500 [23.2s mem=5254MB] | total=0.3032 task=0.0404 train_AP=0.9591 | out_nov=0.0470 node_nov=0.3203 | div=-0.0010 | val_AP=0.5019 test_AP=0.4958
  S3 Epoch  10/500 [22.7s mem=5257MB] | total=0.3036 task=0.0405 train_AP=0.9594 | out_nov=0.0468 node_nov=0.3238 | div=0.0003 | val_AP=0.5036 test_AP=0.4943
  S3 Epoch  11/500 [22.3s mem=5249MB] | total=0.3037 task=0.0398 train_AP=0.9616 | out_nov=0.0467 node_nov=0.3260 | div=0.0024 | val_AP=0.5070 test_AP=0.5000
  S3 Epoch  12/500 [22.6s mem=5256MB] | total=0.3030 task=0.0400 train_AP=0.9581 | out_nov=0.0456 node_nov=0.3309 | div=0.0013 | val_AP=0.5040 test_AP=0.4977
  S3 Epoch  13/500 [22.3s mem=5253MB] | total=0.3011 task=0.0386 train_AP=0.9627 | out_nov=0.0452 node_nov=0.3348 | div=0.0010 | val_AP=0.5062 test_AP=0.4968
  S3 Epoch  14/500 [22.8s mem=5253MB] | total=0.3002 task=0.0383 train_AP=0.9628 | out_nov=0.0449 node_nov=0.3383 | div=0.0006 | val_AP=0.5038 test_AP=0.4987
  S3 Epoch  15/500 [22.0s mem=5251MB] | total=0.2997 task=0.0378 train_AP=0.9624 | out_nov=0.0440 node_nov=0.3445 | div=0.0015 | val_AP=0.5004 test_AP=0.4986
  S3 Epoch  16/500 [22.8s mem=5249MB] | total=0.2978 task=0.0367 train_AP=0.9686 | out_nov=0.0444 node_nov=0.3502 | div=0.0011 | val_AP=0.5013 test_AP=0.4987
  S3 Epoch  17/500 [23.2s mem=5256MB] | total=0.2968 task=0.0366 train_AP=0.9647 | out_nov=0.0434 node_nov=0.3552 | div=0.0000 | val_AP=0.5055 test_AP=0.4978
  S3 Epoch  18/500 [22.3s mem=5253MB] | total=0.2960 task=0.0362 train_AP=0.9663 | out_nov=0.0431 node_nov=0.3591 | div=0.0001 | val_AP=0.4995 test_AP=0.4974
  S3 Epoch  19/500 [22.7s mem=5259MB] | total=0.2947 task=0.0357 train_AP=0.9665 | out_nov=0.0432 node_nov=0.3643 | div=-0.0005 | val_AP=0.5019 test_AP=0.5002
  S3 Epoch  20/500 [22.7s mem=5255MB] | total=0.2956 task=0.0365 train_AP=0.9661 | out_nov=0.0436 node_nov=0.3708 | div=0.0010 | val_AP=0.5019 test_AP=0.5036
  S3 Epoch  21/500 [22.7s mem=5253MB] | total=0.2938 task=0.0360 train_AP=0.9642 | out_nov=0.0436 node_nov=0.3759 | div=-0.0005 | val_AP=0.5000 test_AP=0.5014
  S3 Epoch  22/500 [22.5s mem=5251MB] | total=0.2944 task=0.0358 train_AP=0.9668 | out_nov=0.0425 node_nov=0.3807 | div=0.0018 | val_AP=0.5010 test_AP=0.4989
  S3 Epoch  23/500 [21.8s mem=5262MB] | total=0.2927 task=0.0350 train_AP=0.9648 | out_nov=0.0429 node_nov=0.3860 | div=0.0013 | val_AP=0.5007 test_AP=0.5029
  S3 Epoch  24/500 [22.0s mem=5252MB] | total=0.2921 task=0.0351 train_AP=0.9687 | out_nov=0.0432 node_nov=0.3906 | div=0.0007 | val_AP=0.4991 test_AP=0.4960
  S3 Epoch  25/500 [22.5s mem=5257MB] | total=0.2910 task=0.0345 train_AP=0.9686 | out_nov=0.0432 node_nov=0.3978 | div=0.0012 | val_AP=0.5006 test_AP=0.4980
  S3 Epoch  26/500 [22.9s mem=5252MB] | total=0.2907 task=0.0343 train_AP=0.9665 | out_nov=0.0425 node_nov=0.4003 | div=0.0014 | val_AP=0.4979 test_AP=0.5003
  S3 Epoch  27/500 [22.6s mem=5258MB] | total=0.2899 task=0.0345 train_AP=0.9690 | out_nov=0.0433 node_nov=0.4063 | div=0.0007 | val_AP=0.4991 test_AP=0.4978
  S3 Epoch  28/500 [22.9s mem=5258MB] | total=0.2881 task=0.0337 train_AP=0.9683 | out_nov=0.0430 node_nov=0.4112 | div=-0.0005 | val_AP=0.4986 test_AP=0.4995
  S3 Epoch  29/500 [22.5s mem=5262MB] | total=0.2875 task=0.0336 train_AP=0.9697 | out_nov=0.0426 node_nov=0.4184 | div=-0.0001 | val_AP=0.5007 test_AP=0.5002
  S3 Epoch  30/500 [22.0s mem=5256MB] | total=0.2877 task=0.0334 train_AP=0.9689 | out_nov=0.0429 node_nov=0.4212 | div=0.0016 | val_AP=0.4993 test_AP=0.4977
  S3 Epoch  31/500 [23.1s mem=5256MB] | total=0.2864 task=0.0325 train_AP=0.9702 | out_nov=0.0426 node_nov=0.4261 | div=0.0015 | val_AP=0.4988 test_AP=0.4921
  S3 Epoch  32/500 [23.0s mem=5247MB] | total=0.2859 task=0.0328 train_AP=0.9705 | out_nov=0.0431 node_nov=0.4281 | div=0.0004 | val_AP=0.4998 test_AP=0.5024
  S3 Epoch  33/500 [22.6s mem=5245MB] | total=0.2853 task=0.0322 train_AP=0.9715 | out_nov=0.0429 node_nov=0.4321 | div=0.0011 | val_AP=0.5020 test_AP=0.4981
  S3 Epoch  34/500 [22.5s mem=5254MB] | total=0.2845 task=0.0315 train_AP=0.9731 | out_nov=0.0424 node_nov=0.4362 | div=0.0017 | val_AP=0.4972 test_AP=0.4963
  S3 Epoch  35/500 [22.9s mem=5258MB] | total=0.2832 task=0.0319 train_AP=0.9723 | out_nov=0.0424 node_nov=0.4393 | div=-0.0011 | val_AP=0.4992 test_AP=0.4950
  S3 Epoch  36/500 [22.1s mem=5252MB] | total=0.2836 task=0.0315 train_AP=0.9709 | out_nov=0.0424 node_nov=0.4418 | div=0.0011 | val_AP=0.4961 test_AP=0.4957
  S3 Epoch  37/500 [22.6s mem=5257MB] | total=0.2827 task=0.0311 train_AP=0.9733 | out_nov=0.0425 node_nov=0.4449 | div=0.0006 | val_AP=0.5016 test_AP=0.4991
  S3 Epoch  38/500 [21.9s mem=5250MB] | total=0.2830 task=0.0314 train_AP=0.9736 | out_nov=0.0426 node_nov=0.4465 | div=0.0009 | val_AP=0.4977 test_AP=0.4974
  S3 Epoch  39/500 [21.4s mem=5252MB] | total=0.2822 task=0.0311 train_AP=0.9744 | out_nov=0.0427 node_nov=0.4484 | div=0.0005 | val_AP=0.5008 test_AP=0.4959
  S3 Epoch  40/500 [22.4s mem=5253MB] | total=0.2816 task=0.0309 train_AP=0.9705 | out_nov=0.0431 node_nov=0.4527 | div=0.0006 | val_AP=0.4988 test_AP=0.4968
  S3 Epoch  41/500 [22.4s mem=5253MB] | total=0.2817 task=0.0299 train_AP=0.9749 | out_nov=0.0416 node_nov=0.4558 | div=0.0029 | val_AP=0.4980 test_AP=0.4992
  S3 Epoch  42/500 [22.6s mem=5257MB] | total=0.2806 task=0.0301 train_AP=0.9735 | out_nov=0.0413 node_nov=0.4582 | div=0.0009 | val_AP=0.4971 test_AP=0.4976
  S3 Epoch  43/500 [22.8s mem=5256MB] | total=0.2806 task=0.0299 train_AP=0.9747 | out_nov=0.0424 node_nov=0.4605 | div=0.0020 | val_AP=0.4985 test_AP=0.4924
  S3 Epoch  44/500 [22.4s mem=5253MB] | total=0.2800 task=0.0303 train_AP=0.9762 | out_nov=0.0431 node_nov=0.4617 | div=0.0003 | val_AP=0.5006 test_AP=0.4986
  S3 Epoch  45/500 [22.4s mem=5257MB] | total=0.2793 task=0.0297 train_AP=0.9764 | out_nov=0.0425 node_nov=0.4653 | div=0.0008 | val_AP=0.4931 test_AP=0.4942
  S3 Epoch  46/500 [22.1s mem=5256MB] | total=0.2792 task=0.0297 train_AP=0.9747 | out_nov=0.0423 node_nov=0.4668 | div=0.0008 | val_AP=0.4993 test_AP=0.5012
  S3 Epoch  47/500 [22.2s mem=5253MB] | total=0.2795 task=0.0298 train_AP=0.9738 | out_nov=0.0420 node_nov=0.4701 | div=0.0019 | val_AP=0.4994 test_AP=0.5016
  S3 Epoch  48/500 [21.7s mem=5259MB] | total=0.2795 task=0.0302 train_AP=0.9750 | out_nov=0.0422 node_nov=0.4698 | div=0.0009 | val_AP=0.4979 test_AP=0.4963
  S3 Epoch  49/500 [22.4s mem=5246MB] | total=0.2776 task=0.0291 train_AP=0.9766 | out_nov=0.0423 node_nov=0.4700 | div=-0.0006 | val_AP=0.4966 test_AP=0.4979
  S3 Epoch  50/500 [22.5s mem=5253MB] | total=0.2783 task=0.0293 train_AP=0.9755 | out_nov=0.0420 node_nov=0.4722 | div=0.0008 | val_AP=0.4968 test_AP=0.4951
  S3 Epoch  51/500 [22.3s mem=5254MB] | total=0.2770 task=0.0291 train_AP=0.9772 | out_nov=0.0426 node_nov=0.4731 | div=-0.0010 | val_AP=0.4956 test_AP=0.4928
  Early stopping at epoch 51. Best val AP=0.5078 at epoch 1.
Stage 3 done. Best val AP=0.5078 at epoch 1.

  Cycle 0 proxy result: val_AP=0.5078 test_AP=0.4945

============================================================
DISTILLATION: Train M_base to mimic frozen M_proxy (+ proxies)
  kl_w=0.5 node_w=0.5 graph_w=0.5 task_w=1.0 T=1.5
  lr=3e-06 patience=40
============================================================
  Student parameters: 13,227,530
  Distill Epoch   1/500 [20.3s mem=4662MB] | total=7922.5025 kl=0.5246 node_l2=0.604930 graph_l2=15843.798152 task=0.0386 | val_AP=0.5004 test_AP=0.4949
    -> New best distilled val AP=0.5004 (test=0.4949)
  Distill Epoch   2/500 [20.7s mem=4662MB] | total=5671.9384 kl=0.5283 node_l2=0.473870 graph_l2=11342.796115 task=0.0392 | val_AP=0.5002 test_AP=0.4922
  Distill Epoch   3/500 [21.4s mem=4654MB] | total=3411.9711 kl=0.4845 node_l2=0.340075 graph_l2=6823.034341 task=0.0417 | val_AP=0.5027 test_AP=0.4910
    -> New best distilled val AP=0.5027 (test=0.4910)
  Distill Epoch   4/500 [21.6s mem=4667MB] | total=2107.9659 kl=0.4497 node_l2=0.260312 graph_l2=4215.135775 task=0.0431 | val_AP=0.5048 test_AP=0.4942
    -> New best distilled val AP=0.5048 (test=0.4942)
  Distill Epoch   5/500 [21.2s mem=4663MB] | total=1585.0237 kl=0.3869 node_l2=0.227782 graph_l2=3169.348883 task=0.0420 | val_AP=0.5062 test_AP=0.4950
    -> New best distilled val AP=0.5062 (test=0.4950)
  Distill Epoch   6/500 [20.8s mem=4659MB] | total=1404.7236 kl=0.3651 node_l2=0.216096 graph_l2=2808.784128 task=0.0409 | val_AP=0.5077 test_AP=0.4969
    -> New best distilled val AP=0.5077 (test=0.4969)
  Distill Epoch   7/500 [20.9s mem=4661MB] | total=1302.5933 kl=0.3504 node_l2=0.208705 graph_l2=2604.544793 task=0.0414 | val_AP=0.5079 test_AP=0.4966
    -> New best distilled val AP=0.5079 (test=0.4966)
  Distill Epoch   8/500 [20.2s mem=4665MB] | total=1200.0286 kl=0.3287 node_l2=0.201996 graph_l2=2399.446539 task=0.0399 | val_AP=0.5082 test_AP=0.4968
    -> New best distilled val AP=0.5082 (test=0.4968)
  Distill Epoch   9/500 [20.7s mem=4660MB] | total=1160.2841 kl=0.3184 node_l2=0.198527 graph_l2=2319.970235 task=0.0405 | val_AP=0.5083 test_AP=0.4979
    -> New best distilled val AP=0.5083 (test=0.4979)
  Distill Epoch  10/500 [20.8s mem=4664MB] | total=1077.9651 kl=0.3185 node_l2=0.193582 graph_l2=2155.336616 task=0.0407 | val_AP=0.5070 test_AP=0.4967
  Distill Epoch  11/500 [20.7s mem=4657MB] | total=1064.1528 kl=0.2988 node_l2=0.191862 graph_l2=2127.732997 task=0.0410 | val_AP=0.5064 test_AP=0.4965
  Distill Epoch  12/500 [21.3s mem=4657MB] | total=1028.0547 kl=0.3010 node_l2=0.189459 graph_l2=2055.536674 task=0.0411 | val_AP=0.5062 test_AP=0.4966
  Distill Epoch  13/500 [20.2s mem=4663MB] | total=989.0548 kl=0.2912 node_l2=0.187107 graph_l2=1977.549413 task=0.0409 | val_AP=0.5059 test_AP=0.4975
  Distill Epoch  14/500 [21.1s mem=4661MB] | total=966.5191 kl=0.2914 node_l2=0.185757 graph_l2=1932.479711 task=0.0407 | val_AP=0.5054 test_AP=0.4978
  Distill Epoch  15/500 [20.8s mem=4660MB] | total=928.6573 kl=0.2814 node_l2=0.183259 graph_l2=1856.767768 task=0.0411 | val_AP=0.5060 test_AP=0.4989
  Distill Epoch  16/500 [20.5s mem=4661MB] | total=916.7985 kl=0.2823 node_l2=0.182775 graph_l2=1833.050910 task=0.0405 | val_AP=0.5041 test_AP=0.4964
  Distill Epoch  17/500 [20.6s mem=4665MB] | total=921.8991 kl=0.2754 node_l2=0.182452 graph_l2=1843.258315 task=0.0410 | val_AP=0.5040 test_AP=0.4971
  Distill Epoch  18/500 [21.0s mem=4665MB] | total=875.1321 kl=0.2775 node_l2=0.180658 graph_l2=1749.724626 task=0.0407 | val_AP=0.5040 test_AP=0.4967
  Distill Epoch  19/500 [21.2s mem=4659MB] | total=879.1755 kl=0.2813 node_l2=0.180493 graph_l2=1757.806316 task=0.0415 | val_AP=0.5051 test_AP=0.4955
  Distill Epoch  20/500 [21.5s mem=4662MB] | total=868.3877 kl=0.2734 node_l2=0.180283 graph_l2=1736.241797 task=0.0400 | val_AP=0.5041 test_AP=0.4961
  Distill Epoch  21/500 [20.6s mem=4658MB] | total=843.6868 kl=0.2591 node_l2=0.178616 graph_l2=1686.855850 task=0.0400 | val_AP=0.5024 test_AP=0.4967
  Distill Epoch  22/500 [20.8s mem=4662MB] | total=831.6603 kl=0.2646 node_l2=0.178501 graph_l2=1662.795455 task=0.0410 | val_AP=0.5037 test_AP=0.4968
  Distill Epoch  23/500 [21.2s mem=4663MB] | total=814.7350 kl=0.2580 node_l2=0.177288 graph_l2=1628.954868 task=0.0399 | val_AP=0.5025 test_AP=0.4968
  Distill Epoch  24/500 [21.0s mem=4662MB] | total=816.0653 kl=0.2577 node_l2=0.177570 graph_l2=1631.616254 task=0.0396 | val_AP=0.5042 test_AP=0.4960
  Distill Epoch  25/500 [20.6s mem=4659MB] | total=821.4332 kl=0.2565 node_l2=0.177752 graph_l2=1642.352520 task=0.0398 | val_AP=0.5029 test_AP=0.4960
  Distill Epoch  26/500 [20.6s mem=4668MB] | total=815.0143 kl=0.2570 node_l2=0.177032 graph_l2=1629.513853 task=0.0403 | val_AP=0.5035 test_AP=0.4963
  Distill Epoch  27/500 [20.8s mem=4670MB] | total=791.8732 kl=0.2509 node_l2=0.176028 graph_l2=1583.238688 task=0.0404 | val_AP=0.5028 test_AP=0.4979
  Distill Epoch  28/500 [20.8s mem=4660MB] | total=789.8208 kl=0.2564 node_l2=0.175638 graph_l2=1579.128911 task=0.0403 | val_AP=0.5026 test_AP=0.4946
  Distill Epoch  29/500 [20.9s mem=4657MB] | total=806.3871 kl=0.2600 node_l2=0.176061 graph_l2=1612.258124 task=0.0400 | val_AP=0.5035 test_AP=0.4971
  Distill Epoch  30/500 [21.1s mem=4661MB] | total=776.9372 kl=0.2519 node_l2=0.174991 graph_l2=1553.366435 task=0.0405 | val_AP=0.5032 test_AP=0.4956
  Distill Epoch  31/500 [21.2s mem=4659MB] | total=788.3352 kl=0.2468 node_l2=0.175299 graph_l2=1576.168161 task=0.0401 | val_AP=0.5017 test_AP=0.4956
  Distill Epoch  32/500 [20.8s mem=4666MB] | total=760.8312 kl=0.2414 node_l2=0.174158 graph_l2=1521.167651 task=0.0396 | val_AP=0.5037 test_AP=0.4968
  Distill Epoch  33/500 [21.0s mem=4663MB] | total=754.9429 kl=0.2461 node_l2=0.173690 graph_l2=1509.387153 task=0.0394 | val_AP=0.5015 test_AP=0.4948
  Distill Epoch  34/500 [20.3s mem=4661MB] | total=784.6982 kl=0.2319 node_l2=0.175013 graph_l2=1568.910701 task=0.0394 | val_AP=0.5017 test_AP=0.4969
  Distill Epoch  35/500 [20.8s mem=4664MB] | total=760.7936 kl=0.2488 node_l2=0.174021 graph_l2=1521.084365 task=0.0400 | val_AP=0.5027 test_AP=0.4970
  Distill Epoch  36/500 [21.3s mem=4664MB] | total=758.7997 kl=0.2441 node_l2=0.173508 graph_l2=1517.102270 task=0.0398 | val_AP=0.5022 test_AP=0.4946
  Distill Epoch  37/500 [20.8s mem=4657MB] | total=779.3089 kl=0.2487 node_l2=0.174694 graph_l2=1558.113601 task=0.0404 | val_AP=0.5041 test_AP=0.4954
  Distill Epoch  38/500 [20.6s mem=4660MB] | total=759.9536 kl=0.2437 node_l2=0.173581 graph_l2=1519.410596 task=0.0397 | val_AP=0.5039 test_AP=0.4963
  Distill Epoch  39/500 [19.9s mem=4662MB] | total=765.9269 kl=0.2373 node_l2=0.173833 graph_l2=1531.364366 task=0.0391 | val_AP=0.5035 test_AP=0.4966
  Distill Epoch  40/500 [20.9s mem=4655MB] | total=748.0949 kl=0.2360 node_l2=0.173147 graph_l2=1495.701131 task=0.0398 | val_AP=0.5030 test_AP=0.4952
  Distill Epoch  41/500 [20.8s mem=4653MB] | total=763.5541 kl=0.2396 node_l2=0.173827 graph_l2=1526.615675 task=0.0396 | val_AP=0.5020 test_AP=0.4943
  Distill Epoch  42/500 [20.3s mem=4667MB] | total=739.0539 kl=0.2287 node_l2=0.172913 graph_l2=1477.628763 task=0.0387 | val_AP=0.5003 test_AP=0.4944
  Distill Epoch  43/500 [20.1s mem=4662MB] | total=739.6891 kl=0.2417 node_l2=0.172487 graph_l2=1478.883882 task=0.0401 | val_AP=0.5027 test_AP=0.4942
  Distill Epoch  44/500 [19.3s mem=4667MB] | total=738.8954 kl=0.2308 node_l2=0.172269 graph_l2=1477.309119 task=0.0393 | val_AP=0.5033 test_AP=0.4941
  Distill Epoch  45/500 [19.5s mem=4653MB] | total=726.3689 kl=0.2375 node_l2=0.171655 graph_l2=1452.249217 task=0.0397 | val_AP=0.5035 test_AP=0.4926
  Distill Epoch  46/500 [20.0s mem=4663MB] | total=739.9209 kl=0.2336 node_l2=0.172340 graph_l2=1479.356890 task=0.0395 | val_AP=0.5026 test_AP=0.4948
  Distill Epoch  47/500 [20.0s mem=4661MB] | total=727.4820 kl=0.2324 node_l2=0.171803 graph_l2=1454.481046 task=0.0393 | val_AP=0.5026 test_AP=0.4929
  Distill Epoch  48/500 [19.5s mem=4660MB] | total=724.8009 kl=0.2275 node_l2=0.171633 graph_l2=1449.124713 task=0.0390 | val_AP=0.5016 test_AP=0.4945
  Distill Epoch  49/500 [19.5s mem=4668MB] | total=727.7076 kl=0.2402 node_l2=0.171907 graph_l2=1454.923431 task=0.0398 | val_AP=0.5030 test_AP=0.4958
  Distillation early stopping at epoch 49. Best val AP=0.5083 at epoch 9.
Distillation done. Best val AP (M_base)=0.5083 at epoch 9.

  Cycle 0 distillation gap: AP_proxy=0.5078 - AP_base=0.5083 = -0.0005

  WEIGHT SWAP: loading distilled weights as new M_proxy init
    Saved swapped model to checkpoints_adv_distill_4/cycle0/swapped_model.pt

  STOPPING: distillation gap (-0.0005) < threshold (0.003). Proxies offer nothing new to distill.

======================================================================
RATCHET COMPLETE — Summary across cycles:
======================================================================
 Cycle  AP_proxy(val)  AP_proxy(test)  AP_base(val)      Gap
------------------------------------------------------------
     0         0.5078          0.4945        0.5083  -0.0005