+ python main_adversarial_distillation.py --num_cycles 5 --run_stage1 --backbone vanilla_gt --generator flow_matching --num_proxies 8 --hidden_dim 512 --num_layers 4 --num_heads 8 --num_gred_layers 8 --num_transformer_layers 2 --state_dim 88 --use_lap_pe --lap_pe_dim 8 --batch_size 64 --num_workers 4 --s1_lr 3e-5 --s1_max_epochs 300 --s1_patience 50 --s2_lr 3e-5 --s2_max_epochs 500 --s2_patience 50 --s3_lr_gen 3e-6 --s3_lr_transformer 1e-6 --s3_max_epochs 500 --s3_patience 50 --novelty_temperature 1.5 --novelty_alpha 2.0 --novelty_alpha_node 1.0 --diversity_weight 1.0 --distill_lr 3e-6 --distill_max_epochs 500 --distill_patience 40 --distill_temperature 1.5 --distill_kl_weight 1.5 --distill_node_weight 1.0 --distill_graph_weight 1 --distill_task_weight 0.5 --gap_threshold 0.005 --distill_gap_threshold 0.003 --save_dir checkpoints_adv_distill_3
{'config': None, 'num_cycles': 5, 'resume_cycle': 0, 'gap_threshold': 0.005, 'distill_gap_threshold': 0.003, 'reinit_generator': False, 'run_stage1': True, 'generator': 'flow_matching', 'backbone': 'vanilla_gt', 'model_path': None, 'generator_path': None, 'hidden_dim': 512, 'num_layers': 4, 'num_heads': 8, 'output_dim': 10, 'dropout': 0.1, 'num_proxies': 8, 'use_lap_pe': True, 'lap_pe_dim': 8, 'state_dim': 88, 'num_gred_layers': 8, 'num_transformer_layers': 2, 'gred_expand': 1, 'r_min': 0.0, 'r_max': 1.0, 'max_phase': 6.28, 'gred_act': 'full-glu', 'max_hops': 40, 'dist_mask_workers': 8, 's1_lr': 3e-05, 's1_weight_decay': 0.0003, 's1_max_epochs': 300, 's1_patience': 50, 's1_grad_clip': 1.0, 's2_lr': 3e-05, 's2_weight_decay': 0.0003, 's2_max_epochs': 500, 's2_patience': 50, 's2_eval_every': 1, 's2_grad_clip': 1.0, 's3_lr_gen': 3e-06, 's3_lr_transformer': 1e-06, 's3_max_epochs': 500, 's3_patience': 50, 's3_grad_clip': 1.0, 's3_weight_decay': 0.0001, 'novelty_temperature': 1.5, 'novelty_alpha': 2.0, 'novelty_alpha_node': 1.0, 'diversity_weight': 1.0, 'gen_hidden_dim': 256, 'gen_num_layers': 4, 'gen_num_heads': 8, 'gen_dropout': 0.2, 'pma_query_mode': 'farthest_point', 'coarsen_gnn_type': 'GIN', 'coarsen_reg_weight': 0.1, 'coarsen_reg_type': 'mincut', 'gnn_layers': 4, 'gnn_type': 'GINE', 'pool_types': ['max'], 'decode_hidden': 128, 'decode_layers': 3, 'idx_emb_dim': 128, 'decode_mode': 'shared', 'denoiser_dim': 256, 'denoiser_layers': 4, 'denoiser_heads': 8, 'euler_steps': 1, 'use_cross_attn_routing': False, 'num_cross_layers': 2, 'cross_attn_proxy_self_attn': True, 'proxy_insertion_layers': '-1', 'separate_proxy_generators': False, 'separate_proxy_routers': False, 'proxy_aux_loss_decay': 1.0, 'distill_lr': 3e-06, 'distill_weight_decay': 0.0001, 'distill_max_epochs': 500, 'distill_patience': 40, 'distill_grad_clip': 1.0, 'distill_kl_weight': 1.5, 'distill_node_weight': 1.0, 'distill_graph_weight': 1.0, 'distill_task_weight': 0.5, 'distill_temperature': 1.5, 'distill_partial_swap': False, 'readout_scope': 'all_tokens', 'batch_size': 64, 'num_workers': 4, 'lr_min': 1e-07, 'warmup_ratio': 0.05, 'recurrent_lr_factor': 1.0, 'save_dir': 'checkpoints_adv_distill_3', 'device': 'cuda'}
Saved code snapshot to checkpoints_adv_distill_3/code_snapshot.zip

######################################################################
#  RATCHET CYCLE 0/4
######################################################################

============================================================
STAGE 1: Pretrain backbone (vanilla_gt)
============================================================
  Parameters: 13,227,530
  S1 Epoch   1/300 [28.8s mem=8352MB] | train_loss=2.3289 train_AP=0.1874 | val_loss=0.6111 val_AP=0.2352
    -> New best val AP=0.2352, saved
  S1 Epoch   2/300 [28.4s mem=8354MB] | train_loss=0.6808 train_AP=0.2040 | val_loss=0.4020 val_AP=0.2354
    -> New best val AP=0.2354, saved
  S1 Epoch   3/300 [28.9s mem=8351MB] | train_loss=0.4400 train_AP=0.2291 | val_loss=0.4238 val_AP=0.2372
    -> New best val AP=0.2372, saved
  S1 Epoch   4/300 [29.6s mem=8345MB] | train_loss=0.3790 train_AP=0.2415 | val_loss=0.3367 val_AP=0.2611
    -> New best val AP=0.2611, saved
  S1 Epoch   5/300 [29.0s mem=8350MB] | train_loss=0.3594 train_AP=0.2496 | val_loss=0.3318 val_AP=0.2758
    -> New best val AP=0.2758, saved
  S1 Epoch   6/300 [29.0s mem=8351MB] | train_loss=0.3543 train_AP=0.2526 | val_loss=0.3391 val_AP=0.2712
  S1 Epoch   7/300 [29.1s mem=8350MB] | train_loss=0.3566 train_AP=0.2496 | val_loss=0.3384 val_AP=0.2624
  S1 Epoch   8/300 [29.1s mem=8352MB] | train_loss=0.3534 train_AP=0.2503 | val_loss=0.3388 val_AP=0.2681
  S1 Epoch   9/300 [29.0s mem=8348MB] | train_loss=0.3599 train_AP=0.2473 | val_loss=0.3470 val_AP=0.2728
  S1 Epoch  10/300 [29.2s mem=8346MB] | train_loss=0.3569 train_AP=0.2455 | val_loss=0.4265 val_AP=0.2381
  S1 Epoch  11/300 [28.7s mem=8352MB] | train_loss=0.3641 train_AP=0.2438 | val_loss=0.3460 val_AP=0.2733
  S1 Epoch  12/300 [28.6s mem=8347MB] | train_loss=0.3522 train_AP=0.2489 | val_loss=0.3327 val_AP=0.2813
    -> New best val AP=0.2813, saved
  S1 Epoch  13/300 [29.4s mem=8357MB] | train_loss=0.3515 train_AP=0.2479 | val_loss=0.3474 val_AP=0.2661
  S1 Epoch  14/300 [28.3s mem=8353MB] | train_loss=0.3480 train_AP=0.2496 | val_loss=0.3404 val_AP=0.2765
  S1 Epoch  15/300 [28.6s mem=8075MB] | train_loss=0.3480 train_AP=0.2488 | val_loss=0.3265 val_AP=0.2772
  S1 Epoch  16/300 [28.0s mem=8351MB] | train_loss=0.3448 train_AP=0.2496 | val_loss=0.3424 val_AP=0.2628
  S1 Epoch  17/300 [27.8s mem=8355MB] | train_loss=0.3498 train_AP=0.2480 | val_loss=0.3343 val_AP=0.2674
  S1 Epoch  18/300 [22.4s mem=8344MB] | train_loss=0.3431 train_AP=0.2516 | val_loss=0.3366 val_AP=0.2707
  S1 Epoch  19/300 [22.1s mem=8351MB] | train_loss=0.3413 train_AP=0.2539 | val_loss=0.3230 val_AP=0.2800
  S1 Epoch  20/300 [26.2s mem=8346MB] | train_loss=0.3422 train_AP=0.2546 | val_loss=0.3315 val_AP=0.2900
    -> New best val AP=0.2900, saved
  S1 Epoch  21/300 [28.9s mem=8347MB] | train_loss=0.3360 train_AP=0.2597 | val_loss=0.3310 val_AP=0.2924
    -> New best val AP=0.2924, saved
  S1 Epoch  22/300 [29.1s mem=8346MB] | train_loss=0.3366 train_AP=0.2591 | val_loss=0.3223 val_AP=0.2653
  S1 Epoch  23/300 [28.2s mem=8351MB] | train_loss=0.3355 train_AP=0.2600 | val_loss=0.3213 val_AP=0.2951
    -> New best val AP=0.2951, saved
  S1 Epoch  24/300 [28.2s mem=8347MB] | train_loss=0.3377 train_AP=0.2590 | val_loss=0.3207 val_AP=0.2905
  S1 Epoch  25/300 [28.7s mem=8350MB] | train_loss=0.3338 train_AP=0.2637 | val_loss=0.3245 val_AP=0.2919
  S1 Epoch  26/300 [28.8s mem=8353MB] | train_loss=0.3345 train_AP=0.2613 | val_loss=0.3249 val_AP=0.2920
  S1 Epoch  27/300 [29.2s mem=8350MB] | train_loss=0.3363 train_AP=0.2639 | val_loss=0.3181 val_AP=0.2926
  S1 Epoch  28/300 [28.4s mem=8348MB] | train_loss=0.3331 train_AP=0.2643 | val_loss=0.3203 val_AP=0.2804
  S1 Epoch  29/300 [28.9s mem=8349MB] | train_loss=0.3335 train_AP=0.2676 | val_loss=0.3467 val_AP=0.2927
  S1 Epoch  30/300 [28.2s mem=8346MB] | train_loss=0.3315 train_AP=0.2690 | val_loss=0.3270 val_AP=0.2985
    -> New best val AP=0.2985, saved
  S1 Epoch  31/300 [29.2s mem=8352MB] | train_loss=0.3310 train_AP=0.2680 | val_loss=0.3252 val_AP=0.2909
  S1 Epoch  32/300 [28.8s mem=8351MB] | train_loss=0.3279 train_AP=0.2741 | val_loss=0.3203 val_AP=0.2909
  S1 Epoch  33/300 [29.5s mem=8352MB] | train_loss=0.3276 train_AP=0.2732 | val_loss=0.3281 val_AP=0.3021
    -> New best val AP=0.3021, saved
  S1 Epoch  34/300 [28.9s mem=8352MB] | train_loss=0.3275 train_AP=0.2746 | val_loss=0.3273 val_AP=0.2933
  S1 Epoch  35/300 [29.4s mem=8352MB] | train_loss=0.3286 train_AP=0.2759 | val_loss=0.3281 val_AP=0.3020
  S1 Epoch  36/300 [29.0s mem=8354MB] | train_loss=0.3263 train_AP=0.2788 | val_loss=0.3202 val_AP=0.3050
    -> New best val AP=0.3050, saved
  S1 Epoch  37/300 [22.0s mem=8358MB] | train_loss=0.3242 train_AP=0.2825 | val_loss=0.3169 val_AP=0.3104
    -> New best val AP=0.3104, saved
  S1 Epoch  38/300 [22.2s mem=8353MB] | train_loss=0.3220 train_AP=0.2854 | val_loss=0.3171 val_AP=0.3068
  S1 Epoch  39/300 [25.0s mem=8351MB] | train_loss=0.3207 train_AP=0.2907 | val_loss=0.3221 val_AP=0.3017
  S1 Epoch  40/300 [28.8s mem=8354MB] | train_loss=0.3194 train_AP=0.2938 | val_loss=0.3269 val_AP=0.3219
    -> New best val AP=0.3219, saved
  S1 Epoch  41/300 [28.7s mem=8351MB] | train_loss=0.3199 train_AP=0.2948 | val_loss=0.3217 val_AP=0.3047
  S1 Epoch  42/300 [28.7s mem=8353MB] | train_loss=0.3161 train_AP=0.3045 | val_loss=0.3146 val_AP=0.3188
  S1 Epoch  43/300 [29.3s mem=8348MB] | train_loss=0.3130 train_AP=0.3132 | val_loss=0.3242 val_AP=0.3292
    -> New best val AP=0.3292, saved
  S1 Epoch  44/300 [28.6s mem=8348MB] | train_loss=0.3102 train_AP=0.3238 | val_loss=0.3075 val_AP=0.3513
    -> New best val AP=0.3513, saved
  S1 Epoch  45/300 [28.8s mem=8355MB] | train_loss=0.3047 train_AP=0.3363 | val_loss=0.3114 val_AP=0.3582
    -> New best val AP=0.3582, saved
  S1 Epoch  46/300 [28.8s mem=8352MB] | train_loss=0.3009 train_AP=0.3447 | val_loss=0.3033 val_AP=0.3610
    -> New best val AP=0.3610, saved
  S1 Epoch  47/300 [28.4s mem=8353MB] | train_loss=0.2981 train_AP=0.3506 | val_loss=0.2992 val_AP=0.3658
    -> New best val AP=0.3658, saved
  S1 Epoch  48/300 [28.8s mem=8353MB] | train_loss=0.2944 train_AP=0.3647 | val_loss=0.3002 val_AP=0.3730
    -> New best val AP=0.3730, saved
  S1 Epoch  49/300 [28.3s mem=8355MB] | train_loss=0.2920 train_AP=0.3635 | val_loss=0.3070 val_AP=0.3766
    -> New best val AP=0.3766, saved
  S1 Epoch  50/300 [29.1s mem=8353MB] | train_loss=0.2909 train_AP=0.3694 | val_loss=0.3072 val_AP=0.3733
  S1 Epoch  51/300 [28.7s mem=8352MB] | train_loss=0.2870 train_AP=0.3783 | val_loss=0.3002 val_AP=0.3797
    -> New best val AP=0.3797, saved
  S1 Epoch  52/300 [29.0s mem=8347MB] | train_loss=0.2842 train_AP=0.3893 | val_loss=0.3100 val_AP=0.3877
    -> New best val AP=0.3877, saved
  S1 Epoch  53/300 [28.1s mem=8350MB] | train_loss=0.2831 train_AP=0.3915 | val_loss=0.3073 val_AP=0.3815
  S1 Epoch  54/300 [29.2s mem=8353MB] | train_loss=0.2801 train_AP=0.3985 | val_loss=0.3014 val_AP=0.3877
  S1 Epoch  55/300 [28.9s mem=8358MB] | train_loss=0.2749 train_AP=0.4139 | val_loss=0.3035 val_AP=0.3882
    -> New best val AP=0.3882, saved
  S1 Epoch  56/300 [23.1s mem=8348MB] | train_loss=0.2744 train_AP=0.4150 | val_loss=0.2963 val_AP=0.3904
    -> New best val AP=0.3904, saved
  S1 Epoch  57/300 [21.9s mem=8353MB] | train_loss=0.2715 train_AP=0.4254 | val_loss=0.3116 val_AP=0.4000
    -> New best val AP=0.4000, saved
  S1 Epoch  58/300 [24.4s mem=8348MB] | train_loss=0.2655 train_AP=0.4392 | val_loss=0.3055 val_AP=0.3923
  S1 Epoch  59/300 [28.7s mem=8354MB] | train_loss=0.2627 train_AP=0.4451 | val_loss=0.3189 val_AP=0.3781
  S1 Epoch  60/300 [28.6s mem=8352MB] | train_loss=0.2623 train_AP=0.4502 | val_loss=0.3283 val_AP=0.3955
  S1 Epoch  61/300 [28.6s mem=8345MB] | train_loss=0.2562 train_AP=0.4672 | val_loss=0.3212 val_AP=0.4063
    -> New best val AP=0.4063, saved
  S1 Epoch  62/300 [28.7s mem=8352MB] | train_loss=0.2513 train_AP=0.4841 | val_loss=0.3371 val_AP=0.4116
    -> New best val AP=0.4116, saved
  S1 Epoch  63/300 [29.6s mem=8354MB] | train_loss=0.2469 train_AP=0.4955 | val_loss=0.3050 val_AP=0.4094
  S1 Epoch  64/300 [28.4s mem=8352MB] | train_loss=0.2401 train_AP=0.5133 | val_loss=0.3263 val_AP=0.4227
    -> New best val AP=0.4227, saved
  S1 Epoch  65/300 [29.0s mem=8347MB] | train_loss=0.2349 train_AP=0.5290 | val_loss=0.3090 val_AP=0.4259
    -> New best val AP=0.4259, saved
  S1 Epoch  66/300 [28.9s mem=8352MB] | train_loss=0.2310 train_AP=0.5371 | val_loss=0.3192 val_AP=0.4242
  S1 Epoch  67/300 [28.2s mem=8350MB] | train_loss=0.2256 train_AP=0.5543 | val_loss=0.3253 val_AP=0.4217
  S1 Epoch  68/300 [29.6s mem=8349MB] | train_loss=0.2217 train_AP=0.5679 | val_loss=0.3507 val_AP=0.4175
  S1 Epoch  69/300 [28.5s mem=8350MB] | train_loss=0.2163 train_AP=0.5769 | val_loss=0.3449 val_AP=0.4278
    -> New best val AP=0.4278, saved
  S1 Epoch  70/300 [29.2s mem=8354MB] | train_loss=0.2129 train_AP=0.5832 | val_loss=0.3466 val_AP=0.4371
    -> New best val AP=0.4371, saved
  S1 Epoch  71/300 [28.4s mem=8350MB] | train_loss=0.2093 train_AP=0.5921 | val_loss=0.3672 val_AP=0.4316
  S1 Epoch  72/300 [29.0s mem=8351MB] | train_loss=0.2039 train_AP=0.6050 | val_loss=0.3633 val_AP=0.4369
  S1 Epoch  73/300 [28.9s mem=8354MB] | train_loss=0.1992 train_AP=0.6109 | val_loss=0.3634 val_AP=0.4347
  S1 Epoch  74/300 [28.3s mem=8353MB] | train_loss=0.1960 train_AP=0.6212 | val_loss=0.3938 val_AP=0.4417
    -> New best val AP=0.4417, saved
  S1 Epoch  75/300 [24.0s mem=8357MB] | train_loss=0.1906 train_AP=0.6349 | val_loss=0.4168 val_AP=0.4180
  S1 Epoch  76/300 [21.4s mem=8349MB] | train_loss=0.1878 train_AP=0.6416 | val_loss=0.3829 val_AP=0.4342
  S1 Epoch  77/300 [22.2s mem=8345MB] | train_loss=0.1828 train_AP=0.6528 | val_loss=0.4136 val_AP=0.4291
  S1 Epoch  78/300 [28.7s mem=8351MB] | train_loss=0.1780 train_AP=0.6588 | val_loss=0.4205 val_AP=0.4406
  S1 Epoch  79/300 [28.9s mem=8353MB] | train_loss=0.1756 train_AP=0.6699 | val_loss=0.3889 val_AP=0.4517
    -> New best val AP=0.4517, saved
  S1 Epoch  80/300 [28.5s mem=8352MB] | train_loss=0.1718 train_AP=0.6777 | val_loss=0.4415 val_AP=0.4478
  S1 Epoch  81/300 [29.2s mem=8348MB] | train_loss=0.1670 train_AP=0.6891 | val_loss=0.4132 val_AP=0.4548
    -> New best val AP=0.4548, saved
  S1 Epoch  82/300 [28.2s mem=8353MB] | train_loss=0.1622 train_AP=0.7012 | val_loss=0.4042 val_AP=0.4515
  S1 Epoch  83/300 [28.2s mem=8351MB] | train_loss=0.1608 train_AP=0.7046 | val_loss=0.3838 val_AP=0.4601
    -> New best val AP=0.4601, saved
  S1 Epoch  84/300 [28.5s mem=8343MB] | train_loss=0.1546 train_AP=0.7184 | val_loss=0.4956 val_AP=0.4598
  S1 Epoch  85/300 [28.6s mem=8353MB] | train_loss=0.1516 train_AP=0.7264 | val_loss=0.4421 val_AP=0.4513
  S1 Epoch  86/300 [28.6s mem=8344MB] | train_loss=0.1480 train_AP=0.7342 | val_loss=0.4481 val_AP=0.4554
  S1 Epoch  87/300 [28.9s mem=8352MB] | train_loss=0.1451 train_AP=0.7423 | val_loss=0.4597 val_AP=0.4709
    -> New best val AP=0.4709, saved
  S1 Epoch  88/300 [29.1s mem=8353MB] | train_loss=0.1411 train_AP=0.7495 | val_loss=0.4714 val_AP=0.4665
  S1 Epoch  89/300 [28.7s mem=8348MB] | train_loss=0.1368 train_AP=0.7539 | val_loss=0.4447 val_AP=0.4563
  S1 Epoch  90/300 [28.4s mem=8345MB] | train_loss=0.1333 train_AP=0.7638 | val_loss=0.5053 val_AP=0.4627
  S1 Epoch  91/300 [28.7s mem=8353MB] | train_loss=0.1328 train_AP=0.7685 | val_loss=0.5126 val_AP=0.4768
    -> New best val AP=0.4768, saved
  S1 Epoch  92/300 [28.5s mem=8347MB] | train_loss=0.1281 train_AP=0.7828 | val_loss=0.4501 val_AP=0.4875
    -> New best val AP=0.4875, saved
  S1 Epoch  93/300 [29.3s mem=8348MB] | train_loss=0.1245 train_AP=0.7895 | val_loss=0.4986 val_AP=0.4762
  S1 Epoch  94/300 [27.0s mem=8355MB] | train_loss=0.1225 train_AP=0.7960 | val_loss=0.4773 val_AP=0.4737
  S1 Epoch  95/300 [22.7s mem=8343MB] | train_loss=0.1186 train_AP=0.8031 | val_loss=0.5129 val_AP=0.4737
  S1 Epoch  96/300 [22.1s mem=8351MB] | train_loss=0.1157 train_AP=0.8067 | val_loss=0.5192 val_AP=0.4773
  S1 Epoch  97/300 [27.2s mem=8358MB] | train_loss=0.1143 train_AP=0.8133 | val_loss=0.5194 val_AP=0.4654
  S1 Epoch  98/300 [29.0s mem=8353MB] | train_loss=0.1097 train_AP=0.8217 | val_loss=0.5143 val_AP=0.4786
  S1 Epoch  99/300 [29.0s mem=8346MB] | train_loss=0.1076 train_AP=0.8251 | val_loss=0.5326 val_AP=0.4741
  S1 Epoch 100/300 [29.1s mem=8345MB] | train_loss=0.1066 train_AP=0.8318 | val_loss=0.5903 val_AP=0.4794
  S1 Epoch 101/300 [29.2s mem=8353MB] | train_loss=0.1046 train_AP=0.8345 | val_loss=0.5743 val_AP=0.4769
  S1 Epoch 102/300 [28.9s mem=8351MB] | train_loss=0.1011 train_AP=0.8432 | val_loss=0.5486 val_AP=0.4803
  S1 Epoch 103/300 [29.3s mem=8353MB] | train_loss=0.0964 train_AP=0.8511 | val_loss=0.6058 val_AP=0.4808
  S1 Epoch 104/300 [28.9s mem=8349MB] | train_loss=0.0946 train_AP=0.8540 | val_loss=0.5737 val_AP=0.4822
  S1 Epoch 105/300 [28.2s mem=8351MB] | train_loss=0.0923 train_AP=0.8621 | val_loss=0.6283 val_AP=0.4731
  S1 Epoch 106/300 [28.9s mem=8337MB] | train_loss=0.0916 train_AP=0.8635 | val_loss=0.5980 val_AP=0.4758
  S1 Epoch 107/300 [28.8s mem=8352MB] | train_loss=0.0885 train_AP=0.8697 | val_loss=0.7186 val_AP=0.4791
  S1 Epoch 108/300 [28.2s mem=8346MB] | train_loss=0.0870 train_AP=0.8729 | val_loss=0.6145 val_AP=0.4938
    -> New best val AP=0.4938, saved
  S1 Epoch 109/300 [28.6s mem=8353MB] | train_loss=0.0856 train_AP=0.8772 | val_loss=0.6630 val_AP=0.4834
  S1 Epoch 110/300 [29.2s mem=8351MB] | train_loss=0.0845 train_AP=0.8790 | val_loss=0.6275 val_AP=0.4890
  S1 Epoch 111/300 [28.9s mem=8356MB] | train_loss=0.0810 train_AP=0.8858 | val_loss=0.6307 val_AP=0.4769
  S1 Epoch 112/300 [29.1s mem=8351MB] | train_loss=0.0791 train_AP=0.8895 | val_loss=0.6464 val_AP=0.4884
  S1 Epoch 113/300 [28.4s mem=8348MB] | train_loss=0.0770 train_AP=0.8921 | val_loss=0.6809 val_AP=0.4817
  S1 Epoch 114/300 [21.9s mem=8354MB] | train_loss=0.0751 train_AP=0.8968 | val_loss=0.6425 val_AP=0.4881
  S1 Epoch 115/300 [22.3s mem=8352MB] | train_loss=0.0730 train_AP=0.8994 | val_loss=0.6398 val_AP=0.4856
  S1 Epoch 116/300 [24.3s mem=8352MB] | train_loss=0.0718 train_AP=0.9019 | val_loss=0.6387 val_AP=0.4796
  S1 Epoch 117/300 [28.7s mem=8349MB] | train_loss=0.0697 train_AP=0.9034 | val_loss=0.6434 val_AP=0.4896
  S1 Epoch 118/300 [29.2s mem=8352MB] | train_loss=0.0700 train_AP=0.9070 | val_loss=0.6915 val_AP=0.4859
  S1 Epoch 119/300 [29.1s mem=8355MB] | train_loss=0.0681 train_AP=0.9107 | val_loss=0.6815 val_AP=0.4751
  S1 Epoch 120/300 [28.9s mem=8351MB] | train_loss=0.0663 train_AP=0.9110 | val_loss=0.7768 val_AP=0.4868
  S1 Epoch 121/300 [28.8s mem=8354MB] | train_loss=0.0643 train_AP=0.9178 | val_loss=0.6618 val_AP=0.4860
  S1 Epoch 122/300 [28.7s mem=8356MB] | train_loss=0.0643 train_AP=0.9159 | val_loss=0.6484 val_AP=0.4820
  S1 Epoch 123/300 [29.2s mem=8352MB] | train_loss=0.0625 train_AP=0.9219 | val_loss=0.6982 val_AP=0.4926
  S1 Epoch 124/300 [29.0s mem=8072MB] | train_loss=0.0609 train_AP=0.9273 | val_loss=0.7122 val_AP=0.4917
  S1 Epoch 125/300 [28.7s mem=8352MB] | train_loss=0.0606 train_AP=0.9256 | val_loss=0.7310 val_AP=0.4888
  S1 Epoch 126/300 [29.1s mem=8350MB] | train_loss=0.0569 train_AP=0.9323 | val_loss=0.7459 val_AP=0.4935
  S1 Epoch 127/300 [28.5s mem=8352MB] | train_loss=0.0581 train_AP=0.9254 | val_loss=0.8151 val_AP=0.4939
    -> New best val AP=0.4939, saved
  S1 Epoch 128/300 [28.4s mem=8353MB] | train_loss=0.0564 train_AP=0.9297 | val_loss=0.7907 val_AP=0.4834
  S1 Epoch 129/300 [28.6s mem=8356MB] | train_loss=0.0550 train_AP=0.9363 | val_loss=0.7908 val_AP=0.4854
  S1 Epoch 130/300 [28.5s mem=8355MB] | train_loss=0.0541 train_AP=0.9393 | val_loss=0.6573 val_AP=0.4894
  S1 Epoch 131/300 [28.6s mem=8347MB] | train_loss=0.0541 train_AP=0.9356 | val_loss=0.6960 val_AP=0.4840
  S1 Epoch 132/300 [28.4s mem=8350MB] | train_loss=0.0532 train_AP=0.9391 | val_loss=0.8304 val_AP=0.4828
  S1 Epoch 133/300 [24.7s mem=8346MB] | train_loss=0.0506 train_AP=0.9439 | val_loss=0.7723 val_AP=0.4866
  S1 Epoch 134/300 [21.7s mem=8353MB] | train_loss=0.0507 train_AP=0.9413 | val_loss=0.8222 val_AP=0.4974
    -> New best val AP=0.4974, saved
  S1 Epoch 135/300 [22.3s mem=8351MB] | train_loss=0.0494 train_AP=0.9464 | val_loss=0.7849 val_AP=0.4904
  S1 Epoch 136/300 [29.0s mem=8351MB] | train_loss=0.0492 train_AP=0.9450 | val_loss=0.7697 val_AP=0.4853
  S1 Epoch 137/300 [29.0s mem=8353MB] | train_loss=0.0497 train_AP=0.9455 | val_loss=0.7821 val_AP=0.4947
  S1 Epoch 138/300 [28.7s mem=8353MB] | train_loss=0.0468 train_AP=0.9493 | val_loss=0.8183 val_AP=0.4985
    -> New best val AP=0.4985, saved
  S1 Epoch 139/300 [28.8s mem=8350MB] | train_loss=0.0453 train_AP=0.9511 | val_loss=0.8305 val_AP=0.4912
  S1 Epoch 140/300 [28.9s mem=8355MB] | train_loss=0.0464 train_AP=0.9514 | val_loss=0.8273 val_AP=0.4897
  S1 Epoch 141/300 [28.8s mem=8351MB] | train_loss=0.0455 train_AP=0.9510 | val_loss=0.8299 val_AP=0.4910
  S1 Epoch 142/300 [28.5s mem=8358MB] | train_loss=0.0452 train_AP=0.9523 | val_loss=0.8462 val_AP=0.4840
  S1 Epoch 143/300 [28.8s mem=8351MB] | train_loss=0.0427 train_AP=0.9549 | val_loss=0.8387 val_AP=0.4866
  S1 Epoch 144/300 [28.7s mem=8351MB] | train_loss=0.0422 train_AP=0.9577 | val_loss=0.8102 val_AP=0.4842
  S1 Epoch 145/300 [28.3s mem=8351MB] | train_loss=0.0416 train_AP=0.9552 | val_loss=0.8443 val_AP=0.4911
  S1 Epoch 146/300 [28.2s mem=8352MB] | train_loss=0.0410 train_AP=0.9579 | val_loss=0.8469 val_AP=0.4946
  S1 Epoch 147/300 [28.3s mem=8351MB] | train_loss=0.0409 train_AP=0.9570 | val_loss=0.8485 val_AP=0.4886
  S1 Epoch 148/300 [28.2s mem=8349MB] | train_loss=0.0410 train_AP=0.9587 | val_loss=0.8199 val_AP=0.4972
  S1 Epoch 149/300 [28.9s mem=8356MB] | train_loss=0.0387 train_AP=0.9633 | val_loss=0.8476 val_AP=0.4925
  S1 Epoch 150/300 [28.5s mem=8348MB] | train_loss=0.0384 train_AP=0.9622 | val_loss=0.9115 val_AP=0.4897
  S1 Epoch 151/300 [28.8s mem=8353MB] | train_loss=0.0361 train_AP=0.9667 | val_loss=0.8714 val_AP=0.4933
  S1 Epoch 152/300 [28.7s mem=8350MB] | train_loss=0.0363 train_AP=0.9658 | val_loss=0.9056 val_AP=0.4874
  S1 Epoch 153/300 [23.1s mem=8354MB] | train_loss=0.0365 train_AP=0.9639 | val_loss=0.8727 val_AP=0.4910
  S1 Epoch 154/300 [22.2s mem=8353MB] | train_loss=0.0357 train_AP=0.9646 | val_loss=0.8642 val_AP=0.4925
  S1 Epoch 155/300 [26.3s mem=8353MB] | train_loss=0.0356 train_AP=0.9650 | val_loss=0.8957 val_AP=0.4965
  S1 Epoch 156/300 [29.4s mem=8351MB] | train_loss=0.0347 train_AP=0.9667 | val_loss=0.8734 val_AP=0.4953
  S1 Epoch 157/300 [28.6s mem=8353MB] | train_loss=0.0355 train_AP=0.9653 | val_loss=0.9072 val_AP=0.4906
  S1 Epoch 158/300 [28.5s mem=8349MB] | train_loss=0.0347 train_AP=0.9680 | val_loss=0.9708 val_AP=0.4924
  S1 Epoch 159/300 [28.6s mem=8352MB] | train_loss=0.0342 train_AP=0.9671 | val_loss=0.9514 val_AP=0.4951
  S1 Epoch 160/300 [28.1s mem=8354MB] | train_loss=0.0330 train_AP=0.9710 | val_loss=0.9790 val_AP=0.4995
    -> New best val AP=0.4995, saved
  S1 Epoch 161/300 [28.7s mem=8352MB] | train_loss=0.0335 train_AP=0.9688 | val_loss=0.9132 val_AP=0.4910
  S1 Epoch 162/300 [29.0s mem=8346MB] | train_loss=0.0316 train_AP=0.9692 | val_loss=1.0132 val_AP=0.4929
  S1 Epoch 163/300 [28.9s mem=8351MB] | train_loss=0.0323 train_AP=0.9704 | val_loss=0.9479 val_AP=0.4949
  S1 Epoch 164/300 [28.2s mem=8352MB] | train_loss=0.0306 train_AP=0.9718 | val_loss=0.9846 val_AP=0.4920
  S1 Epoch 165/300 [28.3s mem=8350MB] | train_loss=0.0303 train_AP=0.9724 | val_loss=1.0349 val_AP=0.5042
    -> New best val AP=0.5042, saved
  S1 Epoch 166/300 [28.6s mem=8352MB] | train_loss=0.0299 train_AP=0.9728 | val_loss=1.0159 val_AP=0.4963
  S1 Epoch 167/300 [28.6s mem=8352MB] | train_loss=0.0304 train_AP=0.9735 | val_loss=1.0039 val_AP=0.4946
  S1 Epoch 168/300 [28.6s mem=8354MB] | train_loss=0.0306 train_AP=0.9736 | val_loss=1.0014 val_AP=0.4939
  S1 Epoch 169/300 [28.9s mem=8353MB] | train_loss=0.0298 train_AP=0.9719 | val_loss=0.9956 val_AP=0.4927
  S1 Epoch 170/300 [27.9s mem=8354MB] | train_loss=0.0290 train_AP=0.9754 | val_loss=1.0152 val_AP=0.4883
  S1 Epoch 171/300 [28.8s mem=8353MB] | train_loss=0.0294 train_AP=0.9736 | val_loss=1.0263 val_AP=0.5007
  S1 Epoch 172/300 [24.6s mem=8355MB] | train_loss=0.0278 train_AP=0.9770 | val_loss=1.0145 val_AP=0.5002
  S1 Epoch 173/300 [23.0s mem=8353MB] | train_loss=0.0278 train_AP=0.9776 | val_loss=0.9562 val_AP=0.4981
  S1 Epoch 174/300 [22.4s mem=8346MB] | train_loss=0.0278 train_AP=0.9779 | val_loss=0.9625 val_AP=0.4974
  S1 Epoch 175/300 [29.3s mem=8352MB] | train_loss=0.0272 train_AP=0.9763 | val_loss=1.0211 val_AP=0.5030
  S1 Epoch 176/300 [28.2s mem=8348MB] | train_loss=0.0257 train_AP=0.9787 | val_loss=1.0192 val_AP=0.4988
  S1 Epoch 177/300 [28.8s mem=8353MB] | train_loss=0.0269 train_AP=0.9784 | val_loss=1.0719 val_AP=0.4974
  S1 Epoch 178/300 [29.3s mem=8348MB] | train_loss=0.0254 train_AP=0.9812 | val_loss=0.9896 val_AP=0.4965
  S1 Epoch 179/300 [28.8s mem=8345MB] | train_loss=0.0258 train_AP=0.9801 | val_loss=1.0511 val_AP=0.5001
  S1 Epoch 180/300 [28.7s mem=8355MB] | train_loss=0.0258 train_AP=0.9786 | val_loss=1.0452 val_AP=0.4924
  S1 Epoch 181/300 [29.2s mem=8353MB] | train_loss=0.0250 train_AP=0.9801 | val_loss=1.0662 val_AP=0.4898
  S1 Epoch 182/300 [28.5s mem=8352MB] | train_loss=0.0243 train_AP=0.9784 | val_loss=1.0729 val_AP=0.4967
  S1 Epoch 183/300 [27.9s mem=8348MB] | train_loss=0.0250 train_AP=0.9793 | val_loss=1.1066 val_AP=0.4864
  S1 Epoch 184/300 [28.4s mem=8345MB] | train_loss=0.0239 train_AP=0.9812 | val_loss=1.1357 val_AP=0.4922
  S1 Epoch 185/300 [28.6s mem=8354MB] | train_loss=0.0237 train_AP=0.9800 | val_loss=1.1079 val_AP=0.4914
  S1 Epoch 186/300 [29.4s mem=8351MB] | train_loss=0.0235 train_AP=0.9816 | val_loss=1.1196 val_AP=0.4989
  S1 Epoch 187/300 [28.1s mem=8347MB] | train_loss=0.0235 train_AP=0.9825 | val_loss=1.0791 val_AP=0.4998
  S1 Epoch 188/300 [28.4s mem=8353MB] | train_loss=0.0226 train_AP=0.9817 | val_loss=1.1385 val_AP=0.4891
  S1 Epoch 189/300 [29.1s mem=8351MB] | train_loss=0.0233 train_AP=0.9826 | val_loss=1.1092 val_AP=0.4990
  S1 Epoch 190/300 [29.2s mem=8348MB] | train_loss=0.0229 train_AP=0.9828 | val_loss=1.1013 val_AP=0.4930
  S1 Epoch 191/300 [26.7s mem=8353MB] | train_loss=0.0223 train_AP=0.9828 | val_loss=1.0863 val_AP=0.4949
  S1 Epoch 192/300 [22.2s mem=8355MB] | train_loss=0.0228 train_AP=0.9835 | val_loss=1.1096 val_AP=0.4940
  S1 Epoch 193/300 [22.7s mem=8352MB] | train_loss=0.0218 train_AP=0.9843 | val_loss=1.1427 val_AP=0.4992
  S1 Epoch 194/300 [27.7s mem=8347MB] | train_loss=0.0224 train_AP=0.9840 | val_loss=1.1740 val_AP=0.4907
  S1 Epoch 195/300 [29.1s mem=8353MB] | train_loss=0.0216 train_AP=0.9836 | val_loss=1.1101 val_AP=0.4957
  S1 Epoch 196/300 [28.9s mem=8351MB] | train_loss=0.0221 train_AP=0.9821 | val_loss=1.1846 val_AP=0.4950
  S1 Epoch 197/300 [29.0s mem=8352MB] | train_loss=0.0212 train_AP=0.9850 | val_loss=1.1099 val_AP=0.4983
  S1 Epoch 198/300 [28.6s mem=8350MB] | train_loss=0.0212 train_AP=0.9848 | val_loss=1.2134 val_AP=0.4960
  S1 Epoch 199/300 [28.6s mem=8355MB] | train_loss=0.0207 train_AP=0.9854 | val_loss=1.1705 val_AP=0.4979
  S1 Epoch 200/300 [29.1s mem=8351MB] | train_loss=0.0210 train_AP=0.9842 | val_loss=1.1528 val_AP=0.4916
  S1 Epoch 201/300 [28.3s mem=8348MB] | train_loss=0.0201 train_AP=0.9860 | val_loss=1.1495 val_AP=0.4950
  S1 Epoch 202/300 [28.6s mem=8348MB] | train_loss=0.0200 train_AP=0.9838 | val_loss=1.0969 val_AP=0.4960
  S1 Epoch 203/300 [28.9s mem=8349MB] | train_loss=0.0198 train_AP=0.9852 | val_loss=1.2125 val_AP=0.4954
  S1 Epoch 204/300 [28.8s mem=8357MB] | train_loss=0.0196 train_AP=0.9867 | val_loss=1.2036 val_AP=0.4951
  S1 Epoch 205/300 [28.6s mem=8352MB] | train_loss=0.0192 train_AP=0.9877 | val_loss=1.1617 val_AP=0.4862
  S1 Epoch 206/300 [28.5s mem=8354MB] | train_loss=0.0193 train_AP=0.9853 | val_loss=1.1565 val_AP=0.4924
  S1 Epoch 207/300 [28.1s mem=8351MB] | train_loss=0.0186 train_AP=0.9885 | val_loss=1.2280 val_AP=0.4938
  S1 Epoch 208/300 [28.3s mem=8350MB] | train_loss=0.0189 train_AP=0.9875 | val_loss=1.1985 val_AP=0.4935
  S1 Epoch 209/300 [28.6s mem=8352MB] | train_loss=0.0188 train_AP=0.9877 | val_loss=1.2485 val_AP=0.4980
  S1 Epoch 210/300 [28.4s mem=8352MB] | train_loss=0.0182 train_AP=0.9875 | val_loss=1.2397 val_AP=0.4948
  S1 Epoch 211/300 [22.4s mem=8350MB] | train_loss=0.0185 train_AP=0.9865 | val_loss=1.2166 val_AP=0.4935
  S1 Epoch 212/300 [22.0s mem=8350MB] | train_loss=0.0178 train_AP=0.9884 | val_loss=1.2128 val_AP=0.4986
  S1 Epoch 213/300 [23.7s mem=8346MB] | train_loss=0.0181 train_AP=0.9883 | val_loss=1.1959 val_AP=0.4988
  S1 Epoch 214/300 [28.9s mem=8353MB] | train_loss=0.0176 train_AP=0.9887 | val_loss=1.2159 val_AP=0.4950
  S1 Epoch 215/300 [28.3s mem=8351MB] | train_loss=0.0185 train_AP=0.9864 | val_loss=1.1861 val_AP=0.4969
  Early stopping at epoch 215. Best val AP=0.5042 at epoch 165.
Stage 1 done. Best val AP=0.5042 at epoch 165.

============================================================
STAGE 2: Train generator (flow_matching) with self-novelty
  Backbone: vanilla_gt (frozen)
  alpha=2.0 alpha_node=1.0 T=1.5
============================================================
  Generator parameters: 3,684,864
  S2 Epoch   1/500 [38.4s mem=7609MB] | total=4.0396 task=0.0707 | out_nov=0.0268 node_nov=0.0420 | div=0.0645 ip_mean=0.0645 | val_AP=0.4796 test_AP=0.4836
    -> New best val AP=0.4796
  S2 Epoch   2/500 [38.7s mem=7608MB] | total=3.9908 task=0.1041 | out_nov=0.0450 node_nov=0.0717 | div=0.0485 ip_mean=0.0485 | val_AP=0.4660 test_AP=0.4653
  S2 Epoch   3/500 [38.2s mem=7611MB] | total=3.9384 task=0.1504 | out_nov=0.0728 node_nov=0.1136 | div=0.0470 ip_mean=0.0470 | val_AP=0.4559 test_AP=0.4468
  S2 Epoch   4/500 [38.2s mem=7605MB] | total=3.8991 task=0.1799 | out_nov=0.0954 node_nov=0.1448 | div=0.0548 ip_mean=0.0548 | val_AP=0.4231 test_AP=0.4409
  S2 Epoch   5/500 [38.7s mem=7604MB] | total=3.8615 task=0.2201 | out_nov=0.1254 node_nov=0.1834 | div=0.0755 ip_mean=0.0755 | val_AP=0.4089 test_AP=0.4154
  S2 Epoch   6/500 [38.2s mem=7604MB] | total=3.8113 task=0.2519 | out_nov=0.1576 node_nov=0.2298 | div=0.1043 ip_mean=0.1043 | val_AP=0.3872 test_AP=0.3871
  S2 Epoch   7/500 [38.6s mem=7606MB] | total=3.7433 task=0.2832 | out_nov=0.1958 node_nov=0.2881 | div=0.1399 ip_mean=0.1399 | val_AP=0.3581 test_AP=0.3664
  S2 Epoch   8/500 [38.1s mem=7611MB] | total=3.6466 task=0.2992 | out_nov=0.2300 node_nov=0.3372 | div=0.1447 ip_mean=0.1447 | val_AP=0.3441 test_AP=0.3369
  S2 Epoch   9/500 [38.3s mem=7607MB] | total=3.4482 task=0.3416 | out_nov=0.2751 node_nov=0.4106 | div=0.0674 ip_mean=0.0674 | val_AP=0.2964 test_AP=0.3017
  S2 Epoch  10/500 [38.1s mem=7609MB] | total=3.2662 task=0.3923 | out_nov=0.3322 node_nov=0.4818 | div=0.0201 ip_mean=0.0201 | val_AP=0.2749 test_AP=0.2879
  S2 Epoch  11/500 [32.1s mem=7607MB] | total=3.1913 task=0.4187 | out_nov=0.3558 node_nov=0.5268 | div=0.0109 ip_mean=0.0109 | val_AP=0.2674 test_AP=0.2734
  S2 Epoch  12/500 [28.2s mem=7605MB] | total=3.1524 task=0.4234 | out_nov=0.3607 node_nov=0.5576 | div=0.0081 ip_mean=0.0081 | val_AP=0.2569 test_AP=0.2743
  S2 Epoch  13/500 [35.4s mem=7610MB] | total=3.1297 task=0.4195 | out_nov=0.3595 node_nov=0.5799 | div=0.0093 ip_mean=0.0093 | val_AP=0.2523 test_AP=0.2583
  S2 Epoch  14/500 [37.8s mem=7607MB] | total=3.1158 task=0.4225 | out_nov=0.3618 node_nov=0.5951 | div=0.0121 ip_mean=0.0121 | val_AP=0.2398 test_AP=0.2487
  S2 Epoch  15/500 [38.4s mem=7601MB] | total=3.0954 task=0.4265 | out_nov=0.3640 node_nov=0.6123 | div=0.0093 ip_mean=0.0093 | val_AP=0.2397 test_AP=0.2494
  S2 Epoch  16/500 [37.7s mem=7604MB] | total=3.0806 task=0.4275 | out_nov=0.3650 node_nov=0.6266 | div=0.0098 ip_mean=0.0098 | val_AP=0.2326 test_AP=0.2417
  S2 Epoch  17/500 [38.6s mem=7604MB] | total=3.0718 task=0.4289 | out_nov=0.3663 node_nov=0.6384 | div=0.0139 ip_mean=0.0139 | val_AP=0.2320 test_AP=0.2395
  S2 Epoch  18/500 [37.8s mem=7610MB] | total=3.0606 task=0.4312 | out_nov=0.3673 node_nov=0.6472 | div=0.0112 ip_mean=0.0112 | val_AP=0.2345 test_AP=0.2461
  S2 Epoch  19/500 [38.3s mem=7609MB] | total=3.0534 task=0.4346 | out_nov=0.3693 node_nov=0.6557 | div=0.0131 ip_mean=0.0131 | val_AP=0.2378 test_AP=0.2507
  S2 Epoch  20/500 [37.3s mem=7602MB] | total=3.0508 task=0.4327 | out_nov=0.3685 node_nov=0.6600 | div=0.0152 ip_mean=0.0152 | val_AP=0.2402 test_AP=0.2410
  S2 Epoch  21/500 [38.9s mem=7606MB] | total=3.0466 task=0.4360 | out_nov=0.3702 node_nov=0.6666 | div=0.0175 ip_mean=0.0175 | val_AP=0.2497 test_AP=0.2522
  S2 Epoch  22/500 [37.8s mem=7612MB] | total=3.0421 task=0.4331 | out_nov=0.3687 node_nov=0.6711 | div=0.0175 ip_mean=0.0175 | val_AP=0.2489 test_AP=0.2482
  S2 Epoch  23/500 [38.1s mem=7606MB] | total=3.0394 task=0.4362 | out_nov=0.3702 node_nov=0.6751 | div=0.0188 ip_mean=0.0188 | val_AP=0.2495 test_AP=0.2487
  S2 Epoch  24/500 [38.1s mem=7605MB] | total=3.0390 task=0.4357 | out_nov=0.3695 node_nov=0.6804 | div=0.0227 ip_mean=0.0227 | val_AP=0.2474 test_AP=0.2494
  S2 Epoch  25/500 [34.5s mem=7601MB] | total=3.0307 task=0.4356 | out_nov=0.3701 node_nov=0.6850 | div=0.0202 ip_mean=0.0202 | val_AP=0.2494 test_AP=0.2534
  S2 Epoch  26/500 [29.1s mem=7608MB] | total=3.0311 task=0.4362 | out_nov=0.3704 node_nov=0.6881 | div=0.0239 ip_mean=0.0239 | val_AP=0.2445 test_AP=0.2405
  S2 Epoch  27/500 [33.8s mem=7607MB] | total=3.0272 task=0.4362 | out_nov=0.3708 node_nov=0.6924 | div=0.0249 ip_mean=0.0249 | val_AP=0.2535 test_AP=0.2578
  S2 Epoch  28/500 [37.9s mem=7605MB] | total=3.0265 task=0.4378 | out_nov=0.3713 node_nov=0.6948 | div=0.0260 ip_mean=0.0260 | val_AP=0.2573 test_AP=0.2598
  S2 Epoch  29/500 [37.5s mem=7608MB] | total=3.0260 task=0.4366 | out_nov=0.3700 node_nov=0.6975 | div=0.0270 ip_mean=0.0270 | val_AP=0.2502 test_AP=0.2622
  S2 Epoch  30/500 [38.0s mem=7605MB] | total=3.0239 task=0.4374 | out_nov=0.3707 node_nov=0.6997 | div=0.0277 ip_mean=0.0277 | val_AP=0.2468 test_AP=0.2512
  S2 Epoch  31/500 [38.2s mem=7605MB] | total=3.0200 task=0.4373 | out_nov=0.3704 node_nov=0.7040 | div=0.0274 ip_mean=0.0274 | val_AP=0.2476 test_AP=0.2617
  S2 Epoch  32/500 [37.7s mem=7609MB] | total=3.0189 task=0.4419 | out_nov=0.3729 node_nov=0.7057 | div=0.0284 ip_mean=0.0284 | val_AP=0.2480 test_AP=0.2628
  S2 Epoch  33/500 [38.2s mem=7602MB] | total=3.0198 task=0.4383 | out_nov=0.3706 node_nov=0.7074 | div=0.0301 ip_mean=0.0301 | val_AP=0.2480 test_AP=0.2501
  S2 Epoch  34/500 [37.5s mem=7608MB] | total=3.0164 task=0.4415 | out_nov=0.3721 node_nov=0.7095 | div=0.0286 ip_mean=0.0286 | val_AP=0.2506 test_AP=0.2544
  S2 Epoch  35/500 [37.8s mem=7603MB] | total=3.0131 task=0.4442 | out_nov=0.3739 node_nov=0.7129 | div=0.0296 ip_mean=0.0296 | val_AP=0.2476 test_AP=0.2540
  S2 Epoch  36/500 [37.6s mem=7598MB] | total=3.0105 task=0.4409 | out_nov=0.3725 node_nov=0.7145 | div=0.0292 ip_mean=0.0292 | val_AP=0.2464 test_AP=0.2567
  S2 Epoch  37/500 [37.0s mem=7613MB] | total=3.0116 task=0.4424 | out_nov=0.3729 node_nov=0.7170 | div=0.0322 ip_mean=0.0322 | val_AP=0.2511 test_AP=0.2571
  S2 Epoch  38/500 [37.7s mem=7603MB] | total=3.0068 task=0.4452 | out_nov=0.3741 node_nov=0.7208 | div=0.0307 ip_mean=0.0307 | val_AP=0.2452 test_AP=0.2567
  S2 Epoch  39/500 [37.6s mem=7612MB] | total=3.0018 task=0.4447 | out_nov=0.3738 node_nov=0.7228 | div=0.0275 ip_mean=0.0275 | val_AP=0.2471 test_AP=0.2546
  S2 Epoch  40/500 [28.4s mem=7604MB] | total=2.9983 task=0.4457 | out_nov=0.3740 node_nov=0.7271 | div=0.0277 ip_mean=0.0277 | val_AP=0.2596 test_AP=0.2644
  S2 Epoch  41/500 [32.8s mem=7608MB] | total=2.9822 task=0.4492 | out_nov=0.3751 node_nov=0.7376 | div=0.0210 ip_mean=0.0210 | val_AP=0.2508 test_AP=0.2511
  S2 Epoch  42/500 [37.5s mem=7600MB] | total=2.9694 task=0.4493 | out_nov=0.3754 node_nov=0.7474 | div=0.0183 ip_mean=0.0183 | val_AP=0.2498 test_AP=0.2491
  S2 Epoch  43/500 [37.5s mem=7606MB] | total=2.9612 task=0.4512 | out_nov=0.3754 node_nov=0.7559 | div=0.0167 ip_mean=0.0167 | val_AP=0.2427 test_AP=0.2510
  S2 Epoch  44/500 [38.5s mem=7601MB] | total=2.9477 task=0.4517 | out_nov=0.3759 node_nov=0.7685 | div=0.0162 ip_mean=0.0162 | val_AP=0.2422 test_AP=0.2597
  S2 Epoch  45/500 [38.1s mem=7606MB] | total=2.9413 task=0.4553 | out_nov=0.3775 node_nov=0.7767 | div=0.0177 ip_mean=0.0177 | val_AP=0.2350 test_AP=0.2358
  S2 Epoch  46/500 [37.6s mem=7605MB] | total=2.9247 task=0.4587 | out_nov=0.3791 node_nov=0.7899 | div=0.0141 ip_mean=0.0141 | val_AP=0.2386 test_AP=0.2443
  S2 Epoch  47/500 [37.8s mem=7610MB] | total=2.9117 task=0.4603 | out_nov=0.3791 node_nov=0.8072 | div=0.0167 ip_mean=0.0167 | val_AP=0.2325 test_AP=0.2338
  S2 Epoch  48/500 [38.7s mem=7603MB] | total=2.8987 task=0.4650 | out_nov=0.3815 node_nov=0.8246 | div=0.0213 ip_mean=0.0213 | val_AP=0.2344 test_AP=0.2334
  S2 Epoch  49/500 [38.2s mem=7602MB] | total=2.8869 task=0.4737 | out_nov=0.3835 node_nov=0.8378 | div=0.0179 ip_mean=0.0179 | val_AP=0.2282 test_AP=0.2210
  S2 Epoch  50/500 [37.3s mem=7608MB] | total=2.8753 task=0.4730 | out_nov=0.3838 node_nov=0.8587 | div=0.0286 ip_mean=0.0286 | val_AP=0.2473 test_AP=0.2504
  S2 Epoch  51/500 [37.7s mem=7603MB] | total=2.8584 task=0.4884 | out_nov=0.3890 node_nov=0.8786 | div=0.0266 ip_mean=0.0266 | val_AP=0.2291 test_AP=0.2223
  Early stopping at epoch 51. Best val AP=0.4796 at epoch 1.
Stage 2 done. Best val AP=0.4796 at epoch 1.

============================================================
STAGE 3: Joint finetune (backbone + generator)
  Backbone: vanilla_gt
  lr_gen=3e-06 lr_backbone=1e-06
============================================================
  S3 Epoch   1/500 [44.6s mem=10126MB] | total=3.8802 task=0.0899 train_AP=0.9308 | out_nov=0.0558 node_nov=0.1522 | div=0.0540 | val_AP=0.4819 test_AP=0.4813
    -> New best val AP=0.4819 (test=0.4813)
  S3 Epoch   2/500 [41.0s mem=10130MB] | total=3.8567 task=0.0865 train_AP=0.9251 | out_nov=0.0618 node_nov=0.1568 | div=0.0505 | val_AP=0.4684 test_AP=0.4648
  S3 Epoch   3/500 [34.0s mem=10138MB] | total=3.8322 task=0.1000 train_AP=0.9023 | out_nov=0.0747 node_nov=0.1648 | div=0.0464 | val_AP=0.4513 test_AP=0.4603
  S3 Epoch   4/500 [42.7s mem=10138MB] | total=3.7994 task=0.1159 train_AP=0.8763 | out_nov=0.0938 node_nov=0.1723 | div=0.0434 | val_AP=0.4240 test_AP=0.4387
  S3 Epoch   5/500 [44.4s mem=10134MB] | total=3.7664 task=0.1583 train_AP=0.8076 | out_nov=0.1271 node_nov=0.1797 | div=0.0420 | val_AP=0.3930 test_AP=0.4110
  S3 Epoch   6/500 [44.7s mem=10132MB] | total=3.7497 task=0.2134 train_AP=0.7269 | out_nov=0.1615 node_nov=0.1824 | div=0.0418 | val_AP=0.3543 test_AP=0.3676
  S3 Epoch   7/500 [44.8s mem=10134MB] | total=3.7586 task=0.2743 train_AP=0.6268 | out_nov=0.1868 node_nov=0.1845 | div=0.0424 | val_AP=0.3302 test_AP=0.3455
  S3 Epoch   8/500 [44.5s mem=10133MB] | total=3.7707 task=0.3073 train_AP=0.5577 | out_nov=0.1959 node_nov=0.1864 | div=0.0416 | val_AP=0.3123 test_AP=0.3237
  S3 Epoch   9/500 [44.5s mem=10141MB] | total=3.7828 task=0.3247 train_AP=0.5010 | out_nov=0.1977 node_nov=0.1881 | div=0.0416 | val_AP=0.3081 test_AP=0.3104
  S3 Epoch  10/500 [43.9s mem=10135MB] | total=3.7957 task=0.3341 train_AP=0.4602 | out_nov=0.1963 node_nov=0.1861 | div=0.0404 | val_AP=0.3004 test_AP=0.3009
  S3 Epoch  11/500 [44.1s mem=10134MB] | total=3.7989 task=0.3506 train_AP=0.4284 | out_nov=0.2034 node_nov=0.1834 | div=0.0385 | val_AP=0.2944 test_AP=0.2966
  S3 Epoch  12/500 [44.6s mem=10129MB] | total=3.8008 task=0.3576 train_AP=0.4142 | out_nov=0.2071 node_nov=0.1790 | div=0.0362 | val_AP=0.2982 test_AP=0.2997
  S3 Epoch  13/500 [44.4s mem=10141MB] | total=3.8063 task=0.3549 train_AP=0.4074 | out_nov=0.2038 node_nov=0.1749 | div=0.0338 | val_AP=0.2965 test_AP=0.3025
  S3 Epoch  14/500 [43.5s mem=10136MB] | total=3.8105 task=0.3544 train_AP=0.4038 | out_nov=0.2019 node_nov=0.1725 | div=0.0325 | val_AP=0.3017 test_AP=0.3009
  S3 Epoch  15/500 [33.9s mem=10135MB] | total=3.8178 task=0.3549 train_AP=0.4008 | out_nov=0.1998 node_nov=0.1678 | div=0.0302 | val_AP=0.3103 test_AP=0.3029
  S3 Epoch  16/500 [36.7s mem=10146MB] | total=3.8242 task=0.3564 train_AP=0.3927 | out_nov=0.1982 node_nov=0.1641 | div=0.0283 | val_AP=0.3038 test_AP=0.3044
  S3 Epoch  17/500 [43.8s mem=10137MB] | total=3.8298 task=0.3526 train_AP=0.3914 | out_nov=0.1940 node_nov=0.1609 | div=0.0261 | val_AP=0.2988 test_AP=0.3033
  S3 Epoch  18/500 [44.4s mem=10131MB] | total=3.8385 task=0.3616 train_AP=0.3759 | out_nov=0.1944 node_nov=0.1575 | div=0.0232 | val_AP=0.2987 test_AP=0.3073
  S3 Epoch  19/500 [45.1s mem=10132MB] | total=3.8454 task=0.3683 train_AP=0.3623 | out_nov=0.1946 node_nov=0.1542 | div=0.0204 | val_AP=0.2910 test_AP=0.2892
  S3 Epoch  20/500 [44.1s mem=10142MB] | total=3.8490 task=0.3670 train_AP=0.3667 | out_nov=0.1919 node_nov=0.1522 | div=0.0179 | val_AP=0.2819 test_AP=0.2840
  S3 Epoch  21/500 [43.3s mem=10139MB] | total=3.8508 task=0.3690 train_AP=0.3506 | out_nov=0.1913 node_nov=0.1519 | div=0.0164 | val_AP=0.2754 test_AP=0.2746
  S3 Epoch  22/500 [44.0s mem=10136MB] | total=3.8540 task=0.3723 train_AP=0.3395 | out_nov=0.1906 node_nov=0.1517 | div=0.0146 | val_AP=0.2815 test_AP=0.2856
  S3 Epoch  23/500 [44.3s mem=10133MB] | total=3.8535 task=0.3673 train_AP=0.3385 | out_nov=0.1871 node_nov=0.1522 | div=0.0126 | val_AP=0.2832 test_AP=0.2831
  S3 Epoch  24/500 [44.2s mem=10150MB] | total=3.8533 task=0.3684 train_AP=0.3346 | out_nov=0.1862 node_nov=0.1541 | div=0.0114 | val_AP=0.2753 test_AP=0.2759
  S3 Epoch  25/500 [44.1s mem=10137MB] | total=3.8503 task=0.3679 train_AP=0.3364 | out_nov=0.1856 node_nov=0.1570 | div=0.0106 | val_AP=0.2935 test_AP=0.2944
  S3 Epoch  26/500 [43.8s mem=10141MB] | total=3.8519 task=0.3584 train_AP=0.3462 | out_nov=0.1783 node_nov=0.1592 | div=0.0094 | val_AP=0.3049 test_AP=0.3024
  S3 Epoch  27/500 [41.8s mem=10145MB] | total=3.8481 task=0.3573 train_AP=0.3468 | out_nov=0.1776 node_nov=0.1622 | div=0.0082 | val_AP=0.3057 test_AP=0.3078
  S3 Epoch  28/500 [34.0s mem=10144MB] | total=3.8427 task=0.3633 train_AP=0.3386 | out_nov=0.1807 node_nov=0.1665 | div=0.0073 | val_AP=0.2921 test_AP=0.2971
  S3 Epoch  29/500 [40.6s mem=10140MB] | total=3.8332 task=0.3576 train_AP=0.3406 | out_nov=0.1803 node_nov=0.1698 | div=0.0061 | val_AP=0.3107 test_AP=0.3072
  S3 Epoch  30/500 [44.2s mem=10138MB] | total=3.8311 task=0.3622 train_AP=0.3446 | out_nov=0.1812 node_nov=0.1739 | div=0.0052 | val_AP=0.3037 test_AP=0.3037
  S3 Epoch  31/500 [44.3s mem=10140MB] | total=3.8272 task=0.3602 train_AP=0.3386 | out_nov=0.1801 node_nov=0.1780 | div=0.0051 | val_AP=0.3048 test_AP=0.3102
  S3 Epoch  32/500 [44.1s mem=10134MB] | total=3.8185 task=0.3620 train_AP=0.3387 | out_nov=0.1822 node_nov=0.1834 | div=0.0043 | val_AP=0.3112 test_AP=0.3027
  S3 Epoch  33/500 [44.8s mem=10131MB] | total=3.8146 task=0.3699 train_AP=0.3317 | out_nov=0.1854 node_nov=0.1887 | div=0.0042 | val_AP=0.3097 test_AP=0.3079
  S3 Epoch  34/500 [44.5s mem=10136MB] | total=3.8089 task=0.3710 train_AP=0.3334 | out_nov=0.1861 node_nov=0.1935 | div=0.0037 | val_AP=0.3009 test_AP=0.3049
  S3 Epoch  35/500 [45.0s mem=10135MB] | total=3.8011 task=0.3698 train_AP=0.3269 | out_nov=0.1867 node_nov=0.1989 | div=0.0035 | val_AP=0.2897 test_AP=0.2962
  S3 Epoch  36/500 [45.5s mem=10131MB] | total=3.7954 task=0.3787 train_AP=0.3243 | out_nov=0.1911 node_nov=0.2047 | div=0.0036 | val_AP=0.3058 test_AP=0.3044
  S3 Epoch  37/500 [44.2s mem=10129MB] | total=3.7879 task=0.3763 train_AP=0.3276 | out_nov=0.1902 node_nov=0.2110 | div=0.0030 | val_AP=0.3046 test_AP=0.3006
  S3 Epoch  38/500 [43.7s mem=10137MB] | total=3.7786 task=0.3795 train_AP=0.3205 | out_nov=0.1932 node_nov=0.2172 | div=0.0027 | val_AP=0.2995 test_AP=0.3062
  S3 Epoch  39/500 [44.5s mem=10132MB] | total=3.7694 task=0.3815 train_AP=0.3231 | out_nov=0.1948 node_nov=0.2253 | div=0.0028 | val_AP=0.2840 test_AP=0.2946
  S3 Epoch  40/500 [36.6s mem=10133MB] | total=3.7633 task=0.3894 train_AP=0.3192 | out_nov=0.1985 node_nov=0.2318 | div=0.0027 | val_AP=0.2920 test_AP=0.2964
  S3 Epoch  41/500 [34.7s mem=10134MB] | total=3.7521 task=0.3891 train_AP=0.3090 | out_nov=0.1992 node_nov=0.2409 | div=0.0024 | val_AP=0.2929 test_AP=0.2964
  S3 Epoch  42/500 [43.5s mem=10129MB] | total=3.7430 task=0.3915 train_AP=0.3065 | out_nov=0.2000 node_nov=0.2508 | div=0.0024 | val_AP=0.2925 test_AP=0.3015
  S3 Epoch  43/500 [44.9s mem=10131MB] | total=3.7287 task=0.3915 train_AP=0.3055 | out_nov=0.2016 node_nov=0.2621 | div=0.0024 | val_AP=0.2821 test_AP=0.2766
  S3 Epoch  44/500 [43.7s mem=10130MB] | total=3.7192 task=0.3973 train_AP=0.2963 | out_nov=0.2032 node_nov=0.2740 | div=0.0023 | val_AP=0.2829 test_AP=0.2849
  S3 Epoch  45/500 [44.5s mem=10139MB] | total=3.7091 task=0.3948 train_AP=0.2941 | out_nov=0.2011 node_nov=0.2860 | div=0.0025 | val_AP=0.2866 test_AP=0.2846
  S3 Epoch  46/500 [44.2s mem=10132MB] | total=3.6853 task=0.4007 train_AP=0.2889 | out_nov=0.2083 node_nov=0.3012 | div=0.0024 | val_AP=0.2832 test_AP=0.2761
  S3 Epoch  47/500 [44.2s mem=10137MB] | total=3.6734 task=0.3998 train_AP=0.2854 | out_nov=0.2067 node_nov=0.3157 | div=0.0027 | val_AP=0.2805 test_AP=0.2731
  S3 Epoch  48/500 [44.1s mem=10127MB] | total=3.6587 task=0.4012 train_AP=0.2785 | out_nov=0.2067 node_nov=0.3319 | div=0.0029 | val_AP=0.2750 test_AP=0.2621
  S3 Epoch  49/500 [44.7s mem=10143MB] | total=3.6381 task=0.3983 train_AP=0.2810 | out_nov=0.2070 node_nov=0.3490 | div=0.0029 | val_AP=0.2576 test_AP=0.2572
  S3 Epoch  50/500 [44.4s mem=10132MB] | total=3.6186 task=0.4022 train_AP=0.2722 | out_nov=0.2089 node_nov=0.3685 | div=0.0028 | val_AP=0.2675 test_AP=0.2578
  S3 Epoch  51/500 [44.3s mem=10138MB] | total=3.6005 task=0.4056 train_AP=0.2697 | out_nov=0.2115 node_nov=0.3844 | div=0.0024 | val_AP=0.2646 test_AP=0.2550
  Early stopping at epoch 51. Best val AP=0.4819 at epoch 1.
Stage 3 done. Best val AP=0.4819 at epoch 1.

  Cycle 0 proxy result: val_AP=0.4819 test_AP=0.4813

============================================================
DISTILLATION: Train M_base to mimic frozen M_proxy (+ proxies)
  kl_w=1.5 node_w=1.0 graph_w=1.0 task_w=0.5 T=1.5
  lr=3e-06 patience=40
============================================================
  Student parameters: 13,227,530
  Distill Epoch   1/500 [39.6s mem=8757MB] | total=4101.5977 kl=1.4178 node_l2=0.221323 graph_l2=4099.235194 task=0.0289 | val_AP=0.4984 test_AP=0.4940
    -> New best distilled val AP=0.4984 (test=0.4940)
  Distill Epoch   2/500 [31.5s mem=8759MB] | total=3435.3786 kl=1.1702 node_l2=0.203949 graph_l2=3433.403430 task=0.0317 | val_AP=0.4955 test_AP=0.4909
  Distill Epoch   3/500 [36.8s mem=8756MB] | total=3173.6119 kl=1.0441 node_l2=0.197284 graph_l2=3171.831600 task=0.0335 | val_AP=0.4939 test_AP=0.4905
  Distill Epoch   4/500 [41.4s mem=8757MB] | total=3098.8904 kl=1.0520 node_l2=0.194674 graph_l2=3097.099575 task=0.0363 | val_AP=0.4925 test_AP=0.4901
  Distill Epoch   5/500 [41.2s mem=8758MB] | total=2912.7800 kl=0.9478 node_l2=0.189287 graph_l2=2911.151049 task=0.0358 | val_AP=0.4923 test_AP=0.4899
  Distill Epoch   6/500 [41.7s mem=8758MB] | total=2850.6847 kl=0.9296 node_l2=0.186851 graph_l2=2849.084669 task=0.0376 | val_AP=0.4925 test_AP=0.4887
  Distill Epoch   7/500 [41.4s mem=8761MB] | total=2783.0447 kl=0.8658 node_l2=0.184417 graph_l2=2781.541617 task=0.0401 | val_AP=0.4912 test_AP=0.4880
  Distill Epoch   8/500 [40.9s mem=8761MB] | total=2695.5037 kl=0.8265 node_l2=0.182224 graph_l2=2694.062914 task=0.0377 | val_AP=0.4895 test_AP=0.4892
  Distill Epoch   9/500 [42.2s mem=8758MB] | total=2683.9747 kl=0.8253 node_l2=0.181217 graph_l2=2682.536324 task=0.0385 | val_AP=0.4881 test_AP=0.4891
  Distill Epoch  10/500 [42.0s mem=8754MB] | total=2667.1958 kl=0.8266 node_l2=0.180511 graph_l2=2665.756154 task=0.0387 | val_AP=0.4881 test_AP=0.4882
  Distill Epoch  11/500 [41.6s mem=8756MB] | total=2601.0833 kl=0.8196 node_l2=0.178637 graph_l2=2599.654869 task=0.0407 | val_AP=0.4873 test_AP=0.4882
  Distill Epoch  12/500 [41.7s mem=8748MB] | total=2594.6156 kl=0.8307 node_l2=0.178009 graph_l2=2593.171110 task=0.0407 | val_AP=0.4864 test_AP=0.4869
  Distill Epoch  13/500 [41.4s mem=8751MB] | total=2547.4287 kl=0.7786 node_l2=0.176833 graph_l2=2546.063061 task=0.0418 | val_AP=0.4856 test_AP=0.4869
  Distill Epoch  14/500 [40.5s mem=8759MB] | total=2532.4782 kl=0.7531 node_l2=0.176354 graph_l2=2531.151473 task=0.0415 | val_AP=0.4843 test_AP=0.4866
  Distill Epoch  15/500 [32.1s mem=8745MB] | total=2537.8703 kl=0.8349 node_l2=0.176225 graph_l2=2536.420690 task=0.0421 | val_AP=0.4840 test_AP=0.4865
  Distill Epoch  16/500 [36.2s mem=8758MB] | total=2551.4308 kl=0.7694 node_l2=0.176225 graph_l2=2550.078562 task=0.0438 | val_AP=0.4851 test_AP=0.4867
  Distill Epoch  17/500 [41.9s mem=8752MB] | total=2494.5297 kl=0.7330 node_l2=0.174873 graph_l2=2493.234374 task=0.0421 | val_AP=0.4861 test_AP=0.4878
  Distill Epoch  18/500 [42.6s mem=8756MB] | total=2487.0679 kl=0.7428 node_l2=0.174778 graph_l2=2485.757591 task=0.0428 | val_AP=0.4824 test_AP=0.4867
  Distill Epoch  19/500 [42.8s mem=8755MB] | total=2504.3221 kl=0.7121 node_l2=0.174848 graph_l2=2503.057729 task=0.0429 | val_AP=0.4832 test_AP=0.4852
  Distill Epoch  20/500 [41.8s mem=8762MB] | total=2476.0140 kl=0.7075 node_l2=0.174185 graph_l2=2474.756598 task=0.0440 | val_AP=0.4840 test_AP=0.4855
  Distill Epoch  21/500 [41.6s mem=8752MB] | total=2473.4152 kl=0.7154 node_l2=0.173836 graph_l2=2472.147079 task=0.0423 | val_AP=0.4841 test_AP=0.4852
  Distill Epoch  22/500 [41.6s mem=8758MB] | total=2486.9065 kl=0.7126 node_l2=0.173967 graph_l2=2485.642273 task=0.0428 | val_AP=0.4845 test_AP=0.4849
  Distill Epoch  23/500 [41.5s mem=8756MB] | total=2442.0224 kl=0.7210 node_l2=0.173146 graph_l2=2440.746739 task=0.0420 | val_AP=0.4847 test_AP=0.4863
  Distill Epoch  24/500 [41.9s mem=8758MB] | total=2473.6123 kl=0.6854 node_l2=0.173613 graph_l2=2472.388884 task=0.0434 | val_AP=0.4838 test_AP=0.4864
  Distill Epoch  25/500 [41.4s mem=8763MB] | total=2435.9937 kl=0.7008 node_l2=0.172616 graph_l2=2434.748280 task=0.0433 | val_AP=0.4855 test_AP=0.4842
  Distill Epoch  26/500 [41.4s mem=8752MB] | total=2423.7657 kl=0.7201 node_l2=0.172476 graph_l2=2422.491016 task=0.0442 | val_AP=0.4845 test_AP=0.4843
  Distill Epoch  27/500 [41.2s mem=8750MB] | total=2408.8609 kl=0.7077 node_l2=0.171989 graph_l2=2407.605836 task=0.0431 | val_AP=0.4833 test_AP=0.4847
  Distill Epoch  28/500 [32.4s mem=8750MB] | total=2409.2295 kl=0.6851 node_l2=0.171867 graph_l2=2408.009259 task=0.0413 | val_AP=0.4842 test_AP=0.4829
  Distill Epoch  29/500 [35.6s mem=8757MB] | total=2402.5265 kl=0.6795 node_l2=0.171517 graph_l2=2401.315028 task=0.0416 | val_AP=0.4818 test_AP=0.4834
  Distill Epoch  30/500 [41.3s mem=8753MB] | total=2416.0729 kl=0.6693 node_l2=0.171480 graph_l2=2414.876061 task=0.0429 | val_AP=0.4825 test_AP=0.4836
  Distill Epoch  31/500 [41.1s mem=8762MB] | total=2413.8304 kl=0.6698 node_l2=0.171563 graph_l2=2412.633048 task=0.0422 | val_AP=0.4821 test_AP=0.4844
  Distill Epoch  32/500 [41.8s mem=8754MB] | total=2406.7955 kl=0.6524 node_l2=0.171504 graph_l2=2405.623432 task=0.0439 | val_AP=0.4835 test_AP=0.4843
  Distill Epoch  33/500 [41.7s mem=8753MB] | total=2403.2547 kl=0.6571 node_l2=0.171133 graph_l2=2402.076477 task=0.0428 | val_AP=0.4850 test_AP=0.4843
  Distill Epoch  34/500 [41.1s mem=8754MB] | total=2381.3228 kl=0.6373 node_l2=0.170903 graph_l2=2380.174553 task=0.0426 | val_AP=0.4830 test_AP=0.4820
  Distill Epoch  35/500 [42.0s mem=8758MB] | total=2386.8212 kl=0.6785 node_l2=0.170883 graph_l2=2385.610907 task=0.0431 | val_AP=0.4845 test_AP=0.4816
  Distill Epoch  36/500 [41.9s mem=8759MB] | total=2376.4602 kl=0.6727 node_l2=0.170561 graph_l2=2375.259087 task=0.0429 | val_AP=0.4836 test_AP=0.4843
  Distill Epoch  37/500 [41.5s mem=8760MB] | total=2421.7693 kl=0.6889 node_l2=0.171191 graph_l2=2420.542610 task=0.0442 | val_AP=0.4849 test_AP=0.4831
  Distill Epoch  38/500 [41.9s mem=8766MB] | total=2383.5949 kl=0.6372 node_l2=0.170244 graph_l2=2382.447409 task=0.0430 | val_AP=0.4821 test_AP=0.4834
  Distill Epoch  39/500 [41.5s mem=8760MB] | total=2376.7137 kl=0.6810 node_l2=0.170155 graph_l2=2375.500233 task=0.0437 | val_AP=0.4841 test_AP=0.4832
  Distill Epoch  40/500 [41.0s mem=8752MB] | total=2400.9820 kl=0.6259 node_l2=0.170585 graph_l2=2399.851747 task=0.0418 | val_AP=0.4844 test_AP=0.4812
  Distill Epoch  41/500 [32.9s mem=8746MB] | total=2397.8340 kl=0.6787 node_l2=0.170613 graph_l2=2396.623758 task=0.0432 | val_AP=0.4833 test_AP=0.4826
  Distillation early stopping at epoch 41. Best val AP=0.4984 at epoch 1.
Distillation done. Best val AP (M_base)=0.4984 at epoch 1.

  Cycle 0 distillation gap: AP_proxy=0.4819 - AP_base=0.4984 = -0.0165

  WEIGHT SWAP: loading distilled weights as new M_proxy init
    Saved swapped model to checkpoints_adv_distill_3/cycle0/swapped_model.pt

  STOPPING: distillation gap (-0.0165) < threshold (0.003). Proxies offer nothing new to distill.

======================================================================
RATCHET COMPLETE — Summary across cycles:
======================================================================
 Cycle  AP_proxy(val)  AP_proxy(test)  AP_base(val)      Gap
------------------------------------------------------------
     0         0.4819          0.4813        0.4984  -0.0165

Full cycle log saved to checkpoints_adv_distill_3/ratchet_log.pkl
