Pipeline B — End-to-End Training
  Backbone: vanilla_gt
  Generator: score_based
  Proxies: 128, Warmup: 2 epochs
  Readout: all_tokens, MMD lambda: 0.0
  Device: cuda
  Total parameters: 7,513,738
    Model:     3,770,378
    Generator: 3,743,360
Epoch   1/500 [23.3s mem=2735MB] proxies=OFF (warmup) | train_loss=2.4812 mmd=0.0000 train_AP=0.1739 | val_loss=0.5515 val_AP=0.2222 | test_loss=0.5540 test_AP=0.2160
  -> New best val loss=0.5515 (test AP=0.2160), saved to checkpoints_e2e_nov/best_e2e.pt
Epoch   2/500 [21.6s mem=2739MB] proxies=OFF (warmup) | train_loss=0.5526 mmd=0.0000 train_AP=0.2103 | val_loss=0.4010 val_AP=0.2488 | test_loss=0.4012 test_AP=0.2456
  -> New best val loss=0.4010 (test AP=0.2456), saved to checkpoints_e2e_nov/best_e2e.pt
Epoch   3/500 [43.9s mem=5251MB] proxies=ON | train_loss=0.6260 mmd=0.0000 div=0.9451 proxy_cos=0.9451±0.0060 train_AP=0.2313 | val_loss=0.3134 val_AP=0.3300 | test_loss=0.3154 test_AP=0.3319
  -> New best val loss=0.3134 (test AP=0.3319), saved to checkpoints_e2e_nov/best_e2e.pt
Epoch   4/500 [42.1s mem=5256MB] proxies=ON | train_loss=0.3363 mmd=0.0000 div=0.9383 proxy_cos=0.9383±0.0067 train_AP=0.2834 | val_loss=0.3223 val_AP=0.3340 | test_loss=0.3247 test_AP=0.3348
Epoch   5/500 [41.9s mem=5256MB] proxies=ON | train_loss=0.3381 mmd=0.0000 div=0.9354 proxy_cos=0.9354±0.0071 train_AP=0.2786 | val_loss=0.3356 val_AP=0.3351 | test_loss=0.3389 test_AP=0.3316
Epoch   6/500 [45.6s mem=5256MB] proxies=ON | train_loss=0.3342 mmd=0.0000 div=0.9338 proxy_cos=0.9338±0.0074 train_AP=0.2868 | val_loss=0.3191 val_AP=0.3302 | test_loss=0.3213 test_AP=0.3340
Epoch   7/500 [42.4s mem=5255MB] proxies=ON | train_loss=0.3323 mmd=0.0000 div=0.9331 proxy_cos=0.9331±0.0076 train_AP=0.2855 | val_loss=0.3136 val_AP=0.3395 | test_loss=0.3161 test_AP=0.3369
Epoch   8/500 [42.5s mem=5243MB] proxies=ON | train_loss=0.3335 mmd=0.0000 div=0.9332 proxy_cos=0.9332±0.0077 train_AP=0.2855 | val_loss=0.3187 val_AP=0.3476 | test_loss=0.3217 test_AP=0.3455
Epoch   9/500 [42.8s mem=5249MB] proxies=ON | train_loss=0.3294 mmd=0.0000 div=0.9339 proxy_cos=0.9339±0.0078 train_AP=0.2923 | val_loss=0.3376 val_AP=0.3304 | test_loss=0.3395 test_AP=0.3359
Epoch  10/500 [45.6s mem=5254MB] proxies=ON | train_loss=0.3314 mmd=0.0000 div=0.9344 proxy_cos=0.9344±0.0080 train_AP=0.2937 | val_loss=0.3226 val_AP=0.3392 | test_loss=0.3252 test_AP=0.3398
Epoch  11/500 [42.2s mem=5257MB] proxies=ON | train_loss=0.3299 mmd=0.0000 div=0.9345 proxy_cos=0.9345±0.0081 train_AP=0.2924 | val_loss=0.3044 val_AP=0.3464 | test_loss=0.3073 test_AP=0.3461
  -> New best val loss=0.3044 (test AP=0.3461), saved to checkpoints_e2e_nov/best_e2e.pt
Epoch  12/500 [42.6s mem=5252MB] proxies=ON | train_loss=0.3292 mmd=0.0000 div=0.9335 proxy_cos=0.9335±0.0084 train_AP=0.2973 | val_loss=0.3059 val_AP=0.3534 | test_loss=0.3076 test_AP=0.3476
Epoch  13/500 [43.5s mem=5246MB] proxies=ON | train_loss=0.3237 mmd=0.0000 div=0.9299 proxy_cos=0.9299±0.0091 train_AP=0.3058 | val_loss=0.3075 val_AP=0.3364 | test_loss=0.3110 test_AP=0.3309
Epoch  14/500 [44.7s mem=5255MB] proxies=ON | train_loss=0.3242 mmd=0.0000 div=0.9210 proxy_cos=0.9210±0.0106 train_AP=0.3055 | val_loss=0.3252 val_AP=0.3388 | test_loss=0.3253 test_AP=0.3421
Epoch  15/500 [42.3s mem=5248MB] proxies=ON | train_loss=0.3204 mmd=0.0000 div=0.9105 proxy_cos=0.9105±0.0122 train_AP=0.3157 | val_loss=0.2960 val_AP=0.3530 | test_loss=0.3008 test_AP=0.3425
  -> New best val loss=0.2960 (test AP=0.3425), saved to checkpoints_e2e_nov/best_e2e.pt
Epoch  16/500 [42.2s mem=5246MB] proxies=ON | train_loss=0.3144 mmd=0.0000 div=0.8815 proxy_cos=0.8815±0.0166 train_AP=0.3211 | val_loss=0.2935 val_AP=0.3895 | test_loss=0.3012 test_AP=0.3666
  -> New best val loss=0.2935 (test AP=0.3666), saved to checkpoints_e2e_nov/best_e2e.pt
Epoch  17/500 [44.3s mem=5263MB] proxies=ON | train_loss=0.3175 mmd=0.0000 div=0.7905 proxy_cos=0.7905±0.0289 train_AP=0.3211 | val_loss=0.3301 val_AP=0.3552 | test_loss=0.3358 test_AP=0.3440
Epoch  18/500 [43.4s mem=5257MB] proxies=ON | train_loss=0.3173 mmd=0.0000 div=0.4930 proxy_cos=0.4930±0.0612 train_AP=0.3205 | val_loss=1.0887 val_AP=0.2412 | test_loss=1.1178 test_AP=0.2365
Epoch  19/500 [42.7s mem=5252MB] proxies=ON | train_loss=0.3110 mmd=0.0000 div=0.2751 proxy_cos=0.2751±0.0799 train_AP=0.3265 | val_loss=1.1875 val_AP=0.2815 | test_loss=1.2499 test_AP=0.2796
Epoch  20/500 [42.1s mem=5250MB] proxies=ON | train_loss=0.3115 mmd=0.0000 div=0.2032 proxy_cos=0.2032±0.0861 train_AP=0.3247 | val_loss=1.4358 val_AP=0.2821 | test_loss=1.4892 test_AP=0.2816
Epoch  21/500 [46.0s mem=5250MB] proxies=ON | train_loss=0.3088 mmd=0.0000 div=0.1628 proxy_cos=0.1628±0.0904 train_AP=0.3282 | val_loss=0.9584 val_AP=0.2952 | test_loss=0.9977 test_AP=0.2842
Epoch  22/500 [42.5s mem=5260MB] proxies=ON | train_loss=0.3080 mmd=0.0000 div=0.1447 proxy_cos=0.1447±0.0933 train_AP=0.3294 | val_loss=1.6645 val_AP=0.2262 | test_loss=1.7404 test_AP=0.2195
Epoch  23/500 [42.1s mem=5252MB] proxies=ON | train_loss=0.3048 mmd=0.0000 div=0.1328 proxy_cos=0.1328±0.0959 train_AP=0.3376 | val_loss=1.1124 val_AP=0.2900 | test_loss=1.1751 test_AP=0.2848
Epoch  24/500 [43.2s mem=5250MB] proxies=ON | train_loss=0.3026 mmd=0.0000 div=0.1181 proxy_cos=0.1181±0.0989 train_AP=0.3423 | val_loss=0.7305 val_AP=0.2780 | test_loss=0.7589 test_AP=0.2625
Epoch  25/500 [44.9s mem=5253MB] proxies=ON | train_loss=0.2964 mmd=0.0000 div=0.0983 proxy_cos=0.0983±0.1021 train_AP=0.3513 | val_loss=1.1616 val_AP=0.2598 | test_loss=1.1690 test_AP=0.2535
Epoch  26/500 [42.4s mem=5256MB] proxies=ON | train_loss=0.2980 mmd=0.0000 div=0.1001 proxy_cos=0.1001±0.1035 train_AP=0.3524 | val_loss=1.3381 val_AP=0.2679 | test_loss=1.3788 test_AP=0.2676
Epoch  27/500 [42.1s mem=5255MB] proxies=ON | train_loss=0.2966 mmd=0.0000 div=0.0970 proxy_cos=0.0970±0.1056 train_AP=0.3510 | val_loss=0.9992 val_AP=0.2583 | test_loss=1.0471 test_AP=0.2499
Epoch  28/500 [44.1s mem=5255MB] proxies=ON | train_loss=0.2941 mmd=0.0000 div=0.0828 proxy_cos=0.0828±0.1082 train_AP=0.3552 | val_loss=0.9837 val_AP=0.2488 | test_loss=1.0751 test_AP=0.2359
Epoch  29/500 [43.9s mem=5248MB] proxies=ON | train_loss=0.2906 mmd=0.0000 div=0.0767 proxy_cos=0.0767±0.1101 train_AP=0.3628 | val_loss=1.7538 val_AP=0.2264 | test_loss=1.8579 test_AP=0.2234
Epoch  30/500 [42.4s mem=5240MB] proxies=ON | train_loss=0.2877 mmd=0.0000 div=0.0743 proxy_cos=0.0743±0.1119 train_AP=0.3696 | val_loss=1.7787 val_AP=0.2423 | test_loss=1.8060 test_AP=0.2351
Epoch  31/500 [42.0s mem=5251MB] proxies=ON | train_loss=0.2862 mmd=0.0000 div=0.0713 proxy_cos=0.0713±0.1133 train_AP=0.3757 | val_loss=1.5494 val_AP=0.2320 | test_loss=1.5666 test_AP=0.2241
Epoch  32/500 [45.1s mem=5248MB] proxies=ON | train_loss=0.2837 mmd=0.0000 div=0.0698 proxy_cos=0.0698±0.1149 train_AP=0.3789 | val_loss=1.0763 val_AP=0.2799 | test_loss=1.1507 test_AP=0.2636
Epoch  33/500 [43.1s mem=5269MB] proxies=ON | train_loss=0.2809 mmd=0.0000 div=0.0622 proxy_cos=0.0622±0.1171 train_AP=0.3847 | val_loss=1.5204 val_AP=0.2198 | test_loss=1.5629 test_AP=0.2191
Epoch  34/500 [42.2s mem=5257MB] proxies=ON | train_loss=0.2824 mmd=0.0000 div=0.0689 proxy_cos=0.0689±0.1176 train_AP=0.3846 | val_loss=1.1335 val_AP=0.2615 | test_loss=1.2072 test_AP=0.2541
Epoch  35/500 [42.5s mem=5259MB] proxies=ON | train_loss=0.2771 mmd=0.0000 div=0.0612 proxy_cos=0.0612±0.1196 train_AP=0.3968 | val_loss=1.7650 val_AP=0.2512 | test_loss=1.8500 test_AP=0.2525
Epoch  36/500 [45.8s mem=5252MB] proxies=ON | train_loss=0.2776 mmd=0.0000 div=0.0631 proxy_cos=0.0631±0.1206 train_AP=0.3991 | val_loss=0.8972 val_AP=0.2845 | test_loss=0.9224 test_AP=0.2792
Epoch  37/500 [43.0s mem=5259MB] proxies=ON | train_loss=0.2735 mmd=0.0000 div=0.0617 proxy_cos=0.0617±0.1223 train_AP=0.4054 | val_loss=1.2982 val_AP=0.2154 | test_loss=1.3635 test_AP=0.2175
Epoch  38/500 [42.4s mem=5249MB] proxies=ON | train_loss=0.2763 mmd=0.0000 div=0.0624 proxy_cos=0.0624±0.1236 train_AP=0.4012 | val_loss=1.9787 val_AP=0.2025 | test_loss=2.0234 test_AP=0.2063
Epoch  39/500 [43.3s mem=5252MB] proxies=ON | train_loss=0.2732 mmd=0.0000 div=0.0575 proxy_cos=0.0575±0.1251 train_AP=0.4095 | val_loss=0.8124 val_AP=0.2807 | test_loss=0.8379 test_AP=0.2687
Epoch  40/500 [44.9s mem=5269MB] proxies=ON | train_loss=0.2701 mmd=0.0000 div=0.0577 proxy_cos=0.0577±0.1264 train_AP=0.4198 | val_loss=1.0072 val_AP=0.2608 | test_loss=1.0785 test_AP=0.2540
Epoch  41/500 [42.0s mem=5252MB] proxies=ON | train_loss=0.2715 mmd=0.0000 div=0.0585 proxy_cos=0.0585±0.1277 train_AP=0.4148 | val_loss=0.5208 val_AP=0.3086 | test_loss=0.5571 test_AP=0.2906
Epoch  42/500 [42.2s mem=5262MB] proxies=ON | train_loss=0.2703 mmd=0.0000 div=0.0589 proxy_cos=0.0589±0.1288 train_AP=0.4160 | val_loss=1.0170 val_AP=0.2572 | test_loss=1.0543 test_AP=0.2455
Epoch  43/500 [44.5s mem=5253MB] proxies=ON | train_loss=0.2692 mmd=0.0000 div=0.0582 proxy_cos=0.0582±0.1301 train_AP=0.4237 | val_loss=0.7104 val_AP=0.3231 | test_loss=0.7336 test_AP=0.3013
Epoch  44/500 [43.6s mem=5256MB] proxies=ON | train_loss=0.2698 mmd=0.0000 div=0.0583 proxy_cos=0.0583±0.1312 train_AP=0.4186 | val_loss=1.7120 val_AP=0.2033 | test_loss=1.7784 test_AP=0.2021
Epoch  45/500 [42.4s mem=5115MB] proxies=ON | train_loss=0.2670 mmd=0.0000 div=0.0525 proxy_cos=0.0525±0.1329 train_AP=0.4280 | val_loss=2.0856 val_AP=0.2072 | test_loss=2.1512 test_AP=0.2037
Epoch  46/500 [43.1s mem=5261MB] proxies=ON | train_loss=0.2646 mmd=0.0000 div=0.0532 proxy_cos=0.0532±0.1340 train_AP=0.4330 | val_loss=1.4395 val_AP=0.2207 | test_loss=1.4954 test_AP=0.2220
Epoch  47/500 [45.2s mem=5253MB] proxies=ON | train_loss=0.2652 mmd=0.0000 div=0.0513 proxy_cos=0.0513±0.1355 train_AP=0.4379 | val_loss=1.1836 val_AP=0.2119 | test_loss=1.2095 test_AP=0.2154
Epoch  48/500 [43.5s mem=5252MB] proxies=ON | train_loss=0.2658 mmd=0.0000 div=0.0587 proxy_cos=0.0587±0.1362 train_AP=0.4322 | val_loss=0.5132 val_AP=0.3223 | test_loss=0.5405 test_AP=0.3142
Epoch  49/500 [42.5s mem=5245MB] proxies=ON | train_loss=0.2658 mmd=0.0000 div=0.0539 proxy_cos=0.0539±0.1378 train_AP=0.4319 | val_loss=0.8270 val_AP=0.3035 | test_loss=0.8376 test_AP=0.2975
Epoch  50/500 [43.0s mem=5246MB] proxies=ON | train_loss=0.2615 mmd=0.0000 div=0.0498 proxy_cos=0.0498±0.1393 train_AP=0.4443 | val_loss=1.0567 val_AP=0.2324 | test_loss=1.0775 test_AP=0.2338
Epoch  51/500 [45.7s mem=5247MB] proxies=ON | train_loss=0.2635 mmd=0.0000 div=0.0535 proxy_cos=0.0535±0.1405 train_AP=0.4407 | val_loss=0.9695 val_AP=0.2570 | test_loss=0.9880 test_AP=0.2604
Epoch  52/500 [42.3s mem=5250MB] proxies=ON | train_loss=0.2618 mmd=0.0000 div=0.0491 proxy_cos=0.0491±0.1417 train_AP=0.4475 | val_loss=2.1417 val_AP=0.2091 | test_loss=2.1763 test_AP=0.2186
Epoch  53/500 [42.3s mem=5257MB] proxies=ON | train_loss=0.2606 mmd=0.0000 div=0.0490 proxy_cos=0.0490±0.1429 train_AP=0.4469 | val_loss=1.9017 val_AP=0.1882 | test_loss=1.9394 test_AP=0.1935
Epoch  54/500 [43.0s mem=5256MB] proxies=ON | train_loss=0.2580 mmd=0.0000 div=0.0492 proxy_cos=0.0492±0.1440 train_AP=0.4536 | val_loss=1.1761 val_AP=0.2697 | test_loss=1.2002 test_AP=0.2715
Epoch  55/500 [44.8s mem=5260MB] proxies=ON | train_loss=0.2586 mmd=0.0000 div=0.0527 proxy_cos=0.0527±0.1447 train_AP=0.4536 | val_loss=1.0447 val_AP=0.2203 | test_loss=1.0645 test_AP=0.2263
Epoch  56/500 [43.1s mem=5265MB] proxies=ON | train_loss=0.2580 mmd=0.0000 div=0.0483 proxy_cos=0.0483±0.1459 train_AP=0.4603 | val_loss=1.0486 val_AP=0.2205 | test_loss=1.0998 test_AP=0.2164
Epoch  57/500 [42.2s mem=5250MB] proxies=ON | train_loss=0.2568 mmd=0.0000 div=0.0450 proxy_cos=0.0450±0.1476 train_AP=0.4562 | val_loss=0.7221 val_AP=0.2679 | test_loss=0.7456 test_AP=0.2736
Epoch  58/500 [44.2s mem=5259MB] proxies=ON | train_loss=0.2579 mmd=0.0000 div=0.0523 proxy_cos=0.0523±0.1477 train_AP=0.4564 | val_loss=1.4183 val_AP=0.1823 | test_loss=1.4616 test_AP=0.1936
Epoch  59/500 [44.3s mem=5251MB] proxies=ON | train_loss=0.2559 mmd=0.0000 div=0.0473 proxy_cos=0.0473±0.1495 train_AP=0.4642 | val_loss=1.0537 val_AP=0.2483 | test_loss=1.0660 test_AP=0.2515
Epoch  60/500 [42.2s mem=5258MB] proxies=ON | train_loss=0.2567 mmd=0.0000 div=0.0501 proxy_cos=0.0501±0.1500 train_AP=0.4612 | val_loss=0.6392 val_AP=0.3021 | test_loss=0.6674 test_AP=0.3000
Epoch  61/500 [42.2s mem=5260MB] proxies=ON | train_loss=0.2544 mmd=0.0000 div=0.0497 proxy_cos=0.0497±0.1511 train_AP=0.4693 | val_loss=0.7600 val_AP=0.2778 | test_loss=0.7702 test_AP=0.2724
Epoch  62/500 [45.0s mem=5252MB] proxies=ON | train_loss=0.2526 mmd=0.0000 div=0.0502 proxy_cos=0.0502±0.1525 train_AP=0.4747 | val_loss=1.4080 val_AP=0.2084 | test_loss=1.4226 test_AP=0.2107
Epoch  63/500 [43.4s mem=5250MB] proxies=ON | train_loss=0.2528 mmd=0.0000 div=0.0474 proxy_cos=0.0474±0.1539 train_AP=0.4728 | val_loss=1.0745 val_AP=0.2281 | test_loss=1.0920 test_AP=0.2350
Epoch  64/500 [42.5s mem=5257MB] proxies=ON | train_loss=0.2524 mmd=0.0000 div=0.0476 proxy_cos=0.0476±0.1548 train_AP=0.4688 | val_loss=0.8647 val_AP=0.2388 | test_loss=0.8646 test_AP=0.2424
Epoch  65/500 [42.8s mem=5247MB] proxies=ON | train_loss=0.2506 mmd=0.0000 div=0.0484 proxy_cos=0.0484±0.1560 train_AP=0.4750 | val_loss=0.9433 val_AP=0.2543 | test_loss=0.9283 test_AP=0.2581
Epoch  66/500 [45.9s mem=5250MB] proxies=ON | train_loss=0.2513 mmd=0.0000 div=0.0490 proxy_cos=0.0490±0.1568 train_AP=0.4762 | val_loss=0.9458 val_AP=0.2634 | test_loss=0.9387 test_AP=0.2603
Early stopping at epoch 66 (patience=50). Best val loss=0.2935 at epoch 16.
Diagnostic: train_loss vs val_AP correlation = -0.0393

Training complete. Best val loss=0.2935 at epoch 16.
Diagnostics saved to checkpoints_e2e_nov/e2e_diagnostics.pkl
Pipeline B — End-to-End Training
  Backbone: vanilla_gt
  Generator: score_based
  Proxies: 128, Warmup: 2 epochs
  Readout: all_tokens, MMD lambda: 0.0
  Device: cuda
  Total parameters: 16,966,282
    Model:     13,222,922
    Generator: 3,743,360
Epoch   1/500 [50.9s mem=8368MB] proxies=OFF (warmup) | train_loss=2.8471 mmd=0.0000 train_AP=0.1919 | val_loss=0.5844 val_AP=0.2424 | test_loss=0.5902 test_AP=0.2357
  -> New best val loss=0.5844 (test AP=0.2357), saved to checkpoints_e2e_nov/best_e2e.pt
Epoch   2/500 [50.1s mem=8367MB] proxies=OFF (warmup) | train_loss=0.6566 mmd=0.0000 train_AP=0.2040 | val_loss=0.5587 val_AP=0.2455 | test_loss=0.5636 test_AP=0.2396
  -> New best val loss=0.5587 (test AP=0.2396), saved to checkpoints_e2e_nov/best_e2e.pt
Epoch   3/500 [101.1s mem=13438MB] proxies=ON | train_loss=0.8900 mmd=0.0000 div=0.9548 proxy_cos=0.9548±0.0049 train_AP=0.2328 | val_loss=0.3676 val_AP=0.3007 | test_loss=0.3698 test_AP=0.2961
  -> New best val loss=0.3676 (test AP=0.2961), saved to checkpoints_e2e_nov/best_e2e.pt
Epoch   4/500 [98.7s mem=13447MB] proxies=ON | train_loss=0.3721 mmd=0.0000 div=0.9545 proxy_cos=0.9545±0.0050 train_AP=0.2623 | val_loss=0.3536 val_AP=0.3078 | test_loss=0.3569 test_AP=0.3094
  -> New best val loss=0.3536 (test AP=0.3094), saved to checkpoints_e2e_nov/best_e2e.pt
Epoch   5/500 [101.1s mem=13425MB] proxies=ON | train_loss=0.3663 mmd=0.0000 div=0.9551 proxy_cos=0.9551±0.0049 train_AP=0.2599 | val_loss=0.3557 val_AP=0.2848 | test_loss=0.3584 test_AP=0.2863
Epoch   6/500 [98.1s mem=13433MB] proxies=ON | train_loss=0.3772 mmd=0.0000 div=0.9564 proxy_cos=0.9564±0.0048 train_AP=0.2506 | val_loss=0.3653 val_AP=0.3025 | test_loss=0.3648 test_AP=0.3009
Epoch   7/500 [100.5s mem=13431MB] proxies=ON | train_loss=0.3718 mmd=0.0000 div=0.9581 proxy_cos=0.9581±0.0047 train_AP=0.2538 | val_loss=0.3877 val_AP=0.2989 | test_loss=0.3899 test_AP=0.2975
Epoch   8/500 [98.5s mem=13443MB] proxies=ON | train_loss=0.3684 mmd=0.0000 div=0.9596 proxy_cos=0.9596±0.0045 train_AP=0.2573 | val_loss=0.3656 val_AP=0.2965 | test_loss=0.3689 test_AP=0.2861
Epoch   9/500 [100.4s mem=13437MB] proxies=ON | train_loss=0.3646 mmd=0.0000 div=0.9616 proxy_cos=0.9616±0.0044 train_AP=0.2591 | val_loss=0.3289 val_AP=0.3048 | test_loss=0.3297 test_AP=0.3014
  -> New best val loss=0.3289 (test AP=0.3014), saved to checkpoints_e2e_nov/best_e2e.pt
Epoch  10/500 [99.0s mem=13427MB] proxies=ON | train_loss=0.3637 mmd=0.0000 div=0.9644 proxy_cos=0.9644±0.0041 train_AP=0.2577 | val_loss=0.4707 val_AP=0.2909 | test_loss=0.4691 test_AP=0.2913
Epoch  11/500 [101.2s mem=13440MB] proxies=ON | train_loss=0.3691 mmd=0.0000 div=0.9662 proxy_cos=0.9662±0.0039 train_AP=0.2608 | val_loss=0.3472 val_AP=0.2830 | test_loss=0.3464 test_AP=0.2779
Epoch  12/500 [97.8s mem=13428MB] proxies=ON | train_loss=0.3602 mmd=0.0000 div=0.9679 proxy_cos=0.9679±0.0038 train_AP=0.2541 | val_loss=0.3357 val_AP=0.3243 | test_loss=0.3334 test_AP=0.3256
Epoch  13/500 [101.0s mem=13432MB] proxies=ON | train_loss=0.3553 mmd=0.0000 div=0.9683 proxy_cos=0.9683±0.0038 train_AP=0.2580 | val_loss=0.3465 val_AP=0.2913 | test_loss=0.3488 test_AP=0.2924
Epoch  14/500 [98.4s mem=13435MB] proxies=ON | train_loss=0.3464 mmd=0.0000 div=0.9671 proxy_cos=0.9671±0.0040 train_AP=0.2734 | val_loss=0.3351 val_AP=0.3149 | test_loss=0.3351 test_AP=0.3080
Epoch  15/500 [100.7s mem=13425MB] proxies=ON | train_loss=0.3366 mmd=0.0000 div=0.9634 proxy_cos=0.9634±0.0045 train_AP=0.2804 | val_loss=0.2968 val_AP=0.3482 | test_loss=0.3007 test_AP=0.3409
  -> New best val loss=0.2968 (test AP=0.3409), saved to checkpoints_e2e_nov/best_e2e.pt
Epoch  16/500 [97.9s mem=13438MB] proxies=ON | train_loss=0.3430 mmd=0.0000 div=0.9556 proxy_cos=0.9556±0.0056 train_AP=0.2770 | val_loss=0.3195 val_AP=0.3493 | test_loss=0.3339 test_AP=0.3269
Epoch  17/500 [100.3s mem=13440MB] proxies=ON | train_loss=0.3416 mmd=0.0000 div=0.9463 proxy_cos=0.9463±0.0070 train_AP=0.2787 | val_loss=0.3058 val_AP=0.3427 | test_loss=0.3113 test_AP=0.3318
Epoch  18/500 [98.1s mem=13427MB] proxies=ON | train_loss=0.3307 mmd=0.0000 div=0.8987 proxy_cos=0.8987±0.0133 train_AP=0.2915 | val_loss=0.3703 val_AP=0.3131 | test_loss=0.3758 test_AP=0.3081
Epoch  19/500 [101.3s mem=13435MB] proxies=ON | train_loss=0.3366 mmd=0.0000 div=0.5148 proxy_cos=0.5148±0.0520 train_AP=0.2882 | val_loss=0.5003 val_AP=0.3246 | test_loss=0.5338 test_AP=0.3175
Epoch  20/500 [97.7s mem=13426MB] proxies=ON | train_loss=0.3253 mmd=0.0000 div=0.1492 proxy_cos=0.1492±0.0819 train_AP=0.2967 | val_loss=0.2967 val_AP=0.3564 | test_loss=0.2994 test_AP=0.3514
  -> New best val loss=0.2967 (test AP=0.3514), saved to checkpoints_e2e_nov/best_e2e.pt
Epoch  21/500 [100.7s mem=13422MB] proxies=ON | train_loss=0.3264 mmd=0.0000 div=0.1001 proxy_cos=0.1001±0.0873 train_AP=0.2949 | val_loss=0.3243 val_AP=0.3427 | test_loss=0.3277 test_AP=0.3308
Epoch  22/500 [99.0s mem=13438MB] proxies=ON | train_loss=0.3192 mmd=0.0000 div=0.0569 proxy_cos=0.0569±0.0918 train_AP=0.3055 | val_loss=0.2924 val_AP=0.3642 | test_loss=0.2954 test_AP=0.3544
  -> New best val loss=0.2924 (test AP=0.3544), saved to checkpoints_e2e_nov/best_e2e.pt
Epoch  23/500 [101.0s mem=13440MB] proxies=ON | train_loss=0.3170 mmd=0.0000 div=0.0591 proxy_cos=0.0591±0.0933 train_AP=0.3092 | val_loss=0.3243 val_AP=0.3262 | test_loss=0.3247 test_AP=0.3260
Epoch  24/500 [98.3s mem=13442MB] proxies=ON | train_loss=0.3162 mmd=0.0000 div=0.0525 proxy_cos=0.0525±0.0956 train_AP=0.3090 | val_loss=0.3147 val_AP=0.3765 | test_loss=0.3180 test_AP=0.3591
Epoch  25/500 [100.8s mem=13426MB] proxies=ON | train_loss=0.3147 mmd=0.0000 div=0.0565 proxy_cos=0.0565±0.0973 train_AP=0.3141 | val_loss=0.3468 val_AP=0.3475 | test_loss=0.3528 test_AP=0.3389
Epoch  26/500 [98.4s mem=13437MB] proxies=ON | train_loss=0.3138 mmd=0.0000 div=0.0437 proxy_cos=0.0437±0.1002 train_AP=0.3139 | val_loss=0.3096 val_AP=0.3678 | test_loss=0.3120 test_AP=0.3601
Epoch  27/500 [101.0s mem=13436MB] proxies=ON | train_loss=0.3118 mmd=0.0000 div=0.0579 proxy_cos=0.0579±0.1009 train_AP=0.3159 | val_loss=0.3250 val_AP=0.3648 | test_loss=0.3273 test_AP=0.3562
Epoch  28/500 [98.0s mem=13436MB] proxies=ON | train_loss=0.3119 mmd=0.0000 div=0.0338 proxy_cos=0.0338±0.1050 train_AP=0.3166 | val_loss=0.3051 val_AP=0.3487 | test_loss=0.3080 test_AP=0.3429
Epoch  29/500 [100.8s mem=13424MB] proxies=ON | train_loss=0.3048 mmd=0.0000 div=0.0218 proxy_cos=0.0218±0.1073 train_AP=0.3269 | val_loss=0.2943 val_AP=0.3832 | test_loss=0.2947 test_AP=0.3793
Epoch  30/500 [97.9s mem=13437MB] proxies=ON | train_loss=0.3017 mmd=0.0000 div=0.0330 proxy_cos=0.0330±0.1075 train_AP=0.3342 | val_loss=0.3886 val_AP=0.3492 | test_loss=0.4028 test_AP=0.3402
Epoch  31/500 [101.4s mem=13433MB] proxies=ON | train_loss=0.3015 mmd=0.0000 div=0.0476 proxy_cos=0.0476±0.1079 train_AP=0.3341 | val_loss=0.3072 val_AP=0.3896 | test_loss=0.3124 test_AP=0.3695
Epoch  32/500 [97.5s mem=13432MB] proxies=ON | train_loss=0.2988 mmd=0.0000 div=0.0318 proxy_cos=0.0318±0.1111 train_AP=0.3389 | val_loss=0.3078 val_AP=0.3859 | test_loss=0.3178 test_AP=0.3653
Epoch  33/500 [100.9s mem=13429MB] proxies=ON | train_loss=0.2899 mmd=0.0000 div=0.0287 proxy_cos=0.0287±0.1129 train_AP=0.3570 | val_loss=0.2960 val_AP=0.3762 | test_loss=0.3026 test_AP=0.3626
Epoch  34/500 [98.8s mem=13435MB] proxies=ON | train_loss=0.2869 mmd=0.0000 div=0.0318 proxy_cos=0.0318±0.1138 train_AP=0.3658 | val_loss=0.3225 val_AP=0.3289 | test_loss=0.3238 test_AP=0.3204
Epoch  35/500 [100.6s mem=13428MB] proxies=ON | train_loss=0.2854 mmd=0.0000 div=0.0317 proxy_cos=0.0317±0.1154 train_AP=0.3725 | val_loss=1.0200 val_AP=0.2894 | test_loss=0.9225 test_AP=0.2801
Epoch  36/500 [98.3s mem=13430MB] proxies=ON | train_loss=0.2833 mmd=0.0000 div=0.0293 proxy_cos=0.0293±0.1170 train_AP=0.3761 | val_loss=0.5149 val_AP=0.2471 | test_loss=0.5178 test_AP=0.2431
Epoch  37/500 [101.1s mem=13430MB] proxies=ON | train_loss=0.2812 mmd=0.0000 div=0.0273 proxy_cos=0.0273±0.1185 train_AP=0.3796 | val_loss=0.2743 val_AP=0.4220 | test_loss=0.2817 test_AP=0.4030
  -> New best val loss=0.2743 (test AP=0.4030), saved to checkpoints_e2e_nov/best_e2e.pt
Epoch  38/500 [97.9s mem=13438MB] proxies=ON | train_loss=0.2793 mmd=0.0000 div=0.0268 proxy_cos=0.0268±0.1198 train_AP=0.3826 | val_loss=0.2786 val_AP=0.4299 | test_loss=0.2829 test_AP=0.4178
Epoch  39/500 [100.7s mem=13436MB] proxies=ON | train_loss=0.2770 mmd=0.0000 div=0.0281 proxy_cos=0.0281±0.1210 train_AP=0.3871 | val_loss=0.5381 val_AP=0.3679 | test_loss=0.5406 test_AP=0.3661
Epoch  40/500 [97.9s mem=13432MB] proxies=ON | train_loss=0.2765 mmd=0.0000 div=0.0299 proxy_cos=0.0299±0.1221 train_AP=0.3904 | val_loss=0.3162 val_AP=0.4008 | test_loss=0.3279 test_AP=0.3811
Epoch  41/500 [100.8s mem=13426MB] proxies=ON | train_loss=0.2749 mmd=0.0000 div=0.0245 proxy_cos=0.0245±0.1241 train_AP=0.3949 | val_loss=2.4757 val_AP=0.2106 | test_loss=2.4292 test_AP=0.2109
Epoch  42/500 [98.3s mem=13424MB] proxies=ON | train_loss=0.2778 mmd=0.0000 div=0.0318 proxy_cos=0.0318±0.1247 train_AP=0.3916 | val_loss=0.2574 val_AP=0.4623 | test_loss=0.2638 test_AP=0.4340
  -> New best val loss=0.2574 (test AP=0.4340), saved to checkpoints_e2e_nov/best_e2e.pt
Epoch  43/500 [101.0s mem=13436MB] proxies=ON | train_loss=0.2740 mmd=0.0000 div=0.0277 proxy_cos=0.0277±0.1264 train_AP=0.3946 | val_loss=0.6799 val_AP=0.3492 | test_loss=0.6500 test_AP=0.3277
Epoch  44/500 [98.8s mem=13433MB] proxies=ON | train_loss=0.2722 mmd=0.0000 div=0.0281 proxy_cos=0.0281±0.1276 train_AP=0.3982 | val_loss=0.2590 val_AP=0.4529 | test_loss=0.2675 test_AP=0.4292
Epoch  45/500 [100.8s mem=13434MB] proxies=ON | train_loss=0.2706 mmd=0.0000 div=0.0213 proxy_cos=0.0213±0.1297 train_AP=0.4032 | val_loss=0.2978 val_AP=0.4047 | test_loss=0.2946 test_AP=0.3959
Epoch  46/500 [98.0s mem=12938MB] proxies=ON | train_loss=0.2698 mmd=0.0000 div=0.0230 proxy_cos=0.0230±0.1304 train_AP=0.4049 | val_loss=0.2940 val_AP=0.4066 | test_loss=0.3078 test_AP=0.3842
Epoch  47/500 [100.5s mem=13434MB] proxies=ON | train_loss=0.2681 mmd=0.0000 div=0.0208 proxy_cos=0.0208±0.1320 train_AP=0.4075 | val_loss=0.8587 val_AP=0.2060 | test_loss=0.8854 test_AP=0.2063
Epoch  48/500 [98.1s mem=13439MB] proxies=ON | train_loss=0.2716 mmd=0.0000 div=0.0312 proxy_cos=0.0312±0.1322 train_AP=0.3997 | val_loss=0.2650 val_AP=0.4443 | test_loss=0.2735 test_AP=0.4242
Epoch  49/500 [101.2s mem=13416MB] proxies=ON | train_loss=0.2670 mmd=0.0000 div=0.0238 proxy_cos=0.0238±0.1343 train_AP=0.4072 | val_loss=0.5567 val_AP=0.2959 | test_loss=0.5443 test_AP=0.2903
Epoch  50/500 [97.9s mem=13432MB] proxies=ON | train_loss=0.2659 mmd=0.0000 div=0.0250 proxy_cos=0.0250±0.1355 train_AP=0.4129 | val_loss=0.2889 val_AP=0.4144 | test_loss=0.2935 test_AP=0.4044
Epoch  51/500 [101.6s mem=13425MB] proxies=ON | train_loss=0.2629 mmd=0.0000 div=0.0166 proxy_cos=0.0166±0.1377 train_AP=0.4211 | val_loss=0.2891 val_AP=0.4279 | test_loss=0.2987 test_AP=0.4075
Epoch  52/500 [98.8s mem=13436MB] proxies=ON | train_loss=0.2639 mmd=0.0000 div=0.0221 proxy_cos=0.0221±0.1381 train_AP=0.4163 | val_loss=0.2751 val_AP=0.4598 | test_loss=0.2785 test_AP=0.4416
Epoch  53/500 [101.0s mem=13447MB] proxies=ON | train_loss=0.2637 mmd=0.0000 div=0.0230 proxy_cos=0.0230±0.1395 train_AP=0.4177 | val_loss=0.6452 val_AP=0.3215 | test_loss=0.6387 test_AP=0.3050
Epoch  54/500 [97.7s mem=13442MB] proxies=ON | train_loss=0.2627 mmd=0.0000 div=0.0288 proxy_cos=0.0288±0.1402 train_AP=0.4154 | val_loss=0.3092 val_AP=0.3785 | test_loss=0.3088 test_AP=0.3774
Epoch  55/500 [100.8s mem=13442MB] proxies=ON | train_loss=0.2630 mmd=0.0000 div=0.0236 proxy_cos=0.0236±0.1421 train_AP=0.4159 | val_loss=0.2741 val_AP=0.4299 | test_loss=0.2826 test_AP=0.4149
Epoch  56/500 [98.4s mem=13434MB] proxies=ON | train_loss=0.2601 mmd=0.0000 div=0.0219 proxy_cos=0.0219±0.1436 train_AP=0.4247 | val_loss=0.2568 val_AP=0.4585 | test_loss=0.2654 test_AP=0.4392
  -> New best val loss=0.2568 (test AP=0.4392), saved to checkpoints_e2e_nov/best_e2e.pt
Epoch  57/500 [100.7s mem=13436MB] proxies=ON | train_loss=0.2588 mmd=0.0000 div=0.0221 proxy_cos=0.0221±0.1448 train_AP=0.4300 | val_loss=0.2674 val_AP=0.4659 | test_loss=0.2748 test_AP=0.4463
Epoch  58/500 [98.5s mem=13429MB] proxies=ON | train_loss=0.2582 mmd=0.0000 div=0.0250 proxy_cos=0.0250±0.1457 train_AP=0.4282 | val_loss=0.2589 val_AP=0.4552 | test_loss=0.2612 test_AP=0.4443
Epoch  59/500 [101.1s mem=13434MB] proxies=ON | train_loss=0.2576 mmd=0.0000 div=0.0209 proxy_cos=0.0209±0.1476 train_AP=0.4282 | val_loss=0.2575 val_AP=0.4623 | test_loss=0.2666 test_AP=0.4384
Epoch  60/500 [98.5s mem=13434MB] proxies=ON | train_loss=0.2558 mmd=0.0000 div=0.0269 proxy_cos=0.0269±0.1483 train_AP=0.4279 | val_loss=0.2643 val_AP=0.4597 | test_loss=0.2636 test_AP=0.4473
Epoch  61/500 [100.7s mem=13432MB] proxies=ON | train_loss=0.2573 mmd=0.0000 div=0.0228 proxy_cos=0.0228±0.1500 train_AP=0.4283 | val_loss=1.1898 val_AP=0.2724 | test_loss=1.1457 test_AP=0.2607
Epoch  62/500 [97.9s mem=13437MB] proxies=ON | train_loss=0.2564 mmd=0.0000 div=0.0260 proxy_cos=0.0260±0.1512 train_AP=0.4316 | val_loss=0.2823 val_AP=0.4109 | test_loss=0.2900 test_AP=0.3926
Epoch  63/500 [100.4s mem=13427MB] proxies=ON | train_loss=0.2565 mmd=0.0000 div=0.0222 proxy_cos=0.0222±0.1529 train_AP=0.4298 | val_loss=0.2808 val_AP=0.4260 | test_loss=0.2903 test_AP=0.4059
Epoch  64/500 [97.8s mem=13427MB] proxies=ON | train_loss=0.2529 mmd=0.0000 div=0.0194 proxy_cos=0.0194±0.1545 train_AP=0.4396 | val_loss=0.2755 val_AP=0.4308 | test_loss=0.2860 test_AP=0.4028
Epoch  65/500 [100.2s mem=13438MB] proxies=ON | train_loss=0.2526 mmd=0.0000 div=0.0250 proxy_cos=0.0250±0.1551 train_AP=0.4386 | val_loss=0.2660 val_AP=0.4498 | test_loss=0.2720 test_AP=0.4293
Epoch  66/500 [98.1s mem=13429MB] proxies=ON | train_loss=0.2507 mmd=0.0000 div=0.0229 proxy_cos=0.0229±0.1567 train_AP=0.4442 | val_loss=0.2581 val_AP=0.4559 | test_loss=0.2634 test_AP=0.4368
Epoch  67/500 [100.8s mem=13431MB] proxies=ON | train_loss=0.2507 mmd=0.0000 div=0.0277 proxy_cos=0.0277±0.1572 train_AP=0.4391 | val_loss=0.3008 val_AP=0.4320 | test_loss=0.3140 test_AP=0.4054
Epoch  68/500 [62.0s mem=13437MB] proxies=ON | train_loss=0.2506 mmd=0.0000 div=0.0229 proxy_cos=0.0229±0.1592 train_AP=0.4440 | val_loss=0.2691 val_AP=0.4430 | test_loss=0.2799 test_AP=0.4268
Epoch  69/500 [90.0s mem=13431MB] proxies=ON | train_loss=0.2486 mmd=0.0000 div=0.0245 proxy_cos=0.0245±0.1604 train_AP=0.4484 | val_loss=0.2621 val_AP=0.4705 | test_loss=0.2719 test_AP=0.4475
Epoch  70/500 [101.0s mem=13437MB] proxies=ON | train_loss=0.2453 mmd=0.0000 div=0.0244 proxy_cos=0.0244±0.1616 train_AP=0.4527 | val_loss=0.4089 val_AP=0.3794 | test_loss=0.3635 test_AP=0.3797
Epoch  71/500 [98.1s mem=13433MB] proxies=ON | train_loss=0.2437 mmd=0.0000 div=0.0228 proxy_cos=0.0228±0.1625 train_AP=0.4542 | val_loss=0.2568 val_AP=0.4744 | test_loss=0.2666 test_AP=0.4399
Epoch  72/500 [101.0s mem=13436MB] proxies=ON | train_loss=0.2430 mmd=0.0000 div=0.0206 proxy_cos=0.0206±0.1640 train_AP=0.4557 | val_loss=0.3169 val_AP=0.4000 | test_loss=0.3192 test_AP=0.3890
Epoch  73/500 [98.3s mem=13431MB] proxies=ON | train_loss=0.2434 mmd=0.0000 div=0.0244 proxy_cos=0.0244±0.1645 train_AP=0.4525 | val_loss=0.3882 val_AP=0.3819 | test_loss=0.3986 test_AP=0.3684
Epoch  74/500 [100.7s mem=13443MB] proxies=ON | train_loss=0.2442 mmd=0.0000 div=0.0224 proxy_cos=0.0224±0.1656 train_AP=0.4513 | val_loss=0.6012 val_AP=0.3676 | test_loss=0.6526 test_AP=0.3483
Epoch  75/500 [98.0s mem=13439MB] proxies=ON | train_loss=0.2411 mmd=0.0000 div=0.0285 proxy_cos=0.0285±0.1661 train_AP=0.4561 | val_loss=0.2932 val_AP=0.4513 | test_loss=0.2860 test_AP=0.4418
Epoch  76/500 [100.9s mem=13435MB] proxies=ON | train_loss=0.2427 mmd=0.0000 div=0.0275 proxy_cos=0.0275±0.1672 train_AP=0.4589 | val_loss=0.3047 val_AP=0.4268 | test_loss=0.3108 test_AP=0.4159
Epoch  77/500 [98.2s mem=13431MB] proxies=ON | train_loss=0.2389 mmd=0.0000 div=0.0188 proxy_cos=0.0188±0.1692 train_AP=0.4648 | val_loss=0.2857 val_AP=0.4333 | test_loss=0.2942 test_AP=0.4196
Epoch  78/500 [100.5s mem=13443MB] proxies=ON | train_loss=0.2370 mmd=0.0000 div=0.0231 proxy_cos=0.0231±0.1695 train_AP=0.4713 | val_loss=0.2773 val_AP=0.4386 | test_loss=0.2860 test_AP=0.4206
Epoch  79/500 [98.5s mem=13438MB] proxies=ON | train_loss=0.2337 mmd=0.0000 div=0.0182 proxy_cos=0.0182±0.1709 train_AP=0.4804 | val_loss=0.5959 val_AP=0.3226 | test_loss=0.6032 test_AP=0.3044
Epoch  80/500 [100.5s mem=13429MB] proxies=ON | train_loss=0.2317 mmd=0.0000 div=0.0194 proxy_cos=0.0194±0.1715 train_AP=0.4861 | val_loss=0.3145 val_AP=0.4085 | test_loss=0.3239 test_AP=0.3894
Epoch  81/500 [98.2s mem=13442MB] proxies=ON | train_loss=0.2305 mmd=0.0000 div=0.0249 proxy_cos=0.0249±0.1718 train_AP=0.4868 | val_loss=0.7172 val_AP=0.3403 | test_loss=0.7514 test_AP=0.3323
Epoch  82/500 [100.5s mem=13442MB] proxies=ON | train_loss=0.2286 mmd=0.0000 div=0.0243 proxy_cos=0.0243±0.1728 train_AP=0.4892 | val_loss=0.3120 val_AP=0.3985 | test_loss=0.3193 test_AP=0.3915
Epoch  83/500 [98.1s mem=13430MB] proxies=ON | train_loss=0.2309 mmd=0.0000 div=0.0262 proxy_cos=0.0262±0.1733 train_AP=0.4814 | val_loss=0.3192 val_AP=0.4287 | test_loss=0.3252 test_AP=0.4150
Epoch  84/500 [100.6s mem=13429MB] proxies=ON | train_loss=0.2264 mmd=0.0000 div=0.0220 proxy_cos=0.0220±0.1749 train_AP=0.4957 | val_loss=2.4741 val_AP=0.2722 | test_loss=2.4540 test_AP=0.2595
Epoch  85/500 [97.9s mem=13427MB] proxies=ON | train_loss=0.2262 mmd=0.0000 div=0.0214 proxy_cos=0.0214±0.1759 train_AP=0.5008 | val_loss=0.3965 val_AP=0.3465 | test_loss=0.3991 test_AP=0.3308
Epoch  86/500 [100.5s mem=13429MB] proxies=ON | train_loss=0.2246 mmd=0.0000 div=0.0210 proxy_cos=0.0210±0.1768 train_AP=0.5024 | val_loss=0.2927 val_AP=0.4719 | test_loss=0.2987 test_AP=0.4572
Epoch  87/500 [97.9s mem=13440MB] proxies=ON | train_loss=0.2232 mmd=0.0000 div=0.0263 proxy_cos=0.0263±0.1767 train_AP=0.5094 | val_loss=1.2716 val_AP=0.2889 | test_loss=1.1790 test_AP=0.2778
Epoch  88/500 [100.9s mem=13440MB] proxies=ON | train_loss=0.2179 mmd=0.0000 div=0.0265 proxy_cos=0.0265±0.1777 train_AP=0.5167 | val_loss=3.3786 val_AP=0.2746 | test_loss=3.3174 test_AP=0.2575
Epoch  89/500 [98.0s mem=13430MB] proxies=ON | train_loss=0.2193 mmd=0.0000 div=0.0240 proxy_cos=0.0240±0.1791 train_AP=0.5153 | val_loss=0.3974 val_AP=0.3635 | test_loss=0.3883 test_AP=0.3616
Epoch  90/500 [101.3s mem=13431MB] proxies=ON | train_loss=0.2149 mmd=0.0000 div=0.0227 proxy_cos=0.0227±0.1801 train_AP=0.5232 | val_loss=0.3239 val_AP=0.4622 | test_loss=0.3114 test_AP=0.4396
Epoch  91/500 [98.2s mem=13425MB] proxies=ON | train_loss=0.2166 mmd=0.0000 div=0.0234 proxy_cos=0.0234±0.1807 train_AP=0.5283 | val_loss=0.3539 val_AP=0.4372 | test_loss=0.3442 test_AP=0.4171
Epoch  92/500 [100.9s mem=13437MB] proxies=ON | train_loss=0.2122 mmd=0.0000 div=0.0224 proxy_cos=0.0224±0.1816 train_AP=0.5401 | val_loss=0.7836 val_AP=0.4209 | test_loss=0.6704 test_AP=0.3975
Epoch  93/500 [98.3s mem=13432MB] proxies=ON | train_loss=0.2100 mmd=0.0000 div=0.0205 proxy_cos=0.0205±0.1827 train_AP=0.5399 | val_loss=0.2946 val_AP=0.4500 | test_loss=0.2931 test_AP=0.4462
Epoch  94/500 [101.3s mem=13436MB] proxies=ON | train_loss=0.2096 mmd=0.0000 div=0.0226 proxy_cos=0.0226±0.1831 train_AP=0.5440 | val_loss=1.3711 val_AP=0.4017 | test_loss=1.3262 test_AP=0.3648
Epoch  95/500 [99.2s mem=13431MB] proxies=ON | train_loss=0.2061 mmd=0.0000 div=0.0230 proxy_cos=0.0230±0.1836 train_AP=0.5492 | val_loss=1.1034 val_AP=0.3160 | test_loss=1.0152 test_AP=0.3069
Epoch  96/500 [101.0s mem=13435MB] proxies=ON | train_loss=0.2079 mmd=0.0000 div=0.0230 proxy_cos=0.0230±0.1844 train_AP=0.5470 | val_loss=2.0471 val_AP=0.3403 | test_loss=2.0011 test_AP=0.3254
Epoch  97/500 [99.4s mem=13434MB] proxies=ON | train_loss=0.2049 mmd=0.0000 div=0.0314 proxy_cos=0.0314±0.1829 train_AP=0.5495 | val_loss=0.2701 val_AP=0.4694 | test_loss=0.2785 test_AP=0.4576
Epoch  98/500 [101.7s mem=13438MB] proxies=ON | train_loss=0.2052 mmd=0.0000 div=0.0216 proxy_cos=0.0216±0.1856 train_AP=0.5505 | val_loss=0.7580 val_AP=0.3086 | test_loss=0.7323 test_AP=0.2982
Epoch  99/500 [98.7s mem=13433MB] proxies=ON | train_loss=0.2005 mmd=0.0000 div=0.0191 proxy_cos=0.0191±0.1868 train_AP=0.5568 | val_loss=0.3672 val_AP=0.4378 | test_loss=0.3594 test_AP=0.4265
Epoch 100/500 [100.2s mem=13439MB] proxies=ON | train_loss=0.1965 mmd=0.0000 div=0.0197 proxy_cos=0.0197±0.1873 train_AP=0.5656 | val_loss=0.6010 val_AP=0.4116 | test_loss=0.5732 test_AP=0.3855
Epoch 101/500 [99.0s mem=13425MB] proxies=ON | train_loss=0.1980 mmd=0.0000 div=0.0217 proxy_cos=0.0217±0.1876 train_AP=0.5738 | val_loss=0.6309 val_AP=0.4243 | test_loss=0.6512 test_AP=0.3901
Epoch 102/500 [101.0s mem=13434MB] proxies=ON | train_loss=0.1959 mmd=0.0000 div=0.0229 proxy_cos=0.0229±0.1880 train_AP=0.5754 | val_loss=4.8316 val_AP=0.2953 | test_loss=4.8119 test_AP=0.2678
Epoch 103/500 [98.1s mem=13428MB] proxies=ON | train_loss=0.1908 mmd=0.0000 div=0.0208 proxy_cos=0.0208±0.1892 train_AP=0.5840 | val_loss=1.3178 val_AP=0.3238 | test_loss=1.3599 test_AP=0.3075
Epoch 104/500 [101.1s mem=13435MB] proxies=ON | train_loss=0.1921 mmd=0.0000 div=0.0213 proxy_cos=0.0213±0.1895 train_AP=0.5826 | val_loss=4.3770 val_AP=0.3121 | test_loss=4.5113 test_AP=0.2980
Epoch 105/500 [99.1s mem=13429MB] proxies=ON | train_loss=0.1903 mmd=0.0000 div=0.0199 proxy_cos=0.0199±0.1904 train_AP=0.5899 | val_loss=3.2525 val_AP=0.3322 | test_loss=3.1904 test_AP=0.3129
Epoch 106/500 [100.7s mem=13426MB] proxies=ON | train_loss=0.1889 mmd=0.0000 div=0.0229 proxy_cos=0.0229±0.1905 train_AP=0.5917 | val_loss=1.7214 val_AP=0.3547 | test_loss=1.6384 test_AP=0.3341
Early stopping at epoch 106 (patience=50). Best val loss=0.2568 at epoch 56.
Diagnostic: train_loss vs val_AP correlation = -0.2938

Training complete. Best val loss=0.2568 at epoch 56.
Diagnostics saved to checkpoints_e2e_nov/e2e_diagnostics.pkl
