[Peptides-func] task=multi_label level=graph metric=macro_ap (higher_is_better=True)
trainable params: 3.291M
epoch 000 |  25.1s | train loss 0.4697 AP 0.1663 | val loss 0.3747 AP 0.2030 | test loss 0.3745 AP 0.2041 | best val 0.2030 (epoch 0, test 0.20407455703755573)
epoch 001 |  24.5s | train loss 0.3665 AP 0.1667 | val loss 0.3573 AP 0.1984 | test loss 0.3572 AP 0.1927 | best val 0.2030 (epoch 0, test 0.20407455703755573)
epoch 002 |  24.4s | train loss 0.3602 AP 0.1796 | val loss 0.3535 AP 0.2257 | test loss 0.3540 AP 0.2210 | best val 0.2257 (epoch 2, test 0.22102183850607265)
epoch 003 |  24.9s | train loss 0.3307 AP 0.2593 | val loss 0.3723 AP 0.2272 | test loss 0.3747 AP 0.2210 | best val 0.2272 (epoch 3, test 0.22099853867435226)
epoch 004 |  24.8s | train loss 0.3178 AP 0.2890 | val loss 0.3738 AP 0.2576 | test loss 0.3756 AP 0.2490 | best val 0.2576 (epoch 4, test 0.24895147492121975)
epoch 005 |  23.8s | train loss 0.3084 AP 0.3173 | val loss 0.3644 AP 0.2743 | test loss 0.3663 AP 0.2687 | best val 0.2743 (epoch 5, test 0.2687123710671133)
epoch 006 |  25.2s | train loss 0.3053 AP 0.3235 | val loss 0.3558 AP 0.2917 | test loss 0.3617 AP 0.2808 | best val 0.2917 (epoch 6, test 0.2808145393404512)
epoch 007 |  25.3s | train loss 0.2996 AP 0.3402 | val loss 0.3601 AP 0.2802 | test loss 0.3627 AP 0.2695 | best val 0.2917 (epoch 6, test 0.2808145393404512)
epoch 008 |  25.3s | train loss 0.2969 AP 0.3453 | val loss 0.3736 AP 0.2761 | test loss 0.3775 AP 0.2689 | best val 0.2917 (epoch 6, test 0.2808145393404512)
epoch 009 |  25.6s | train loss 0.2960 AP 0.3497 | val loss 0.3703 AP 0.2752 | test loss 0.3700 AP 0.2726 | best val 0.2917 (epoch 6, test 0.2808145393404512)
epoch 010 |  25.4s | train loss 0.2886 AP 0.3669 | val loss 0.3857 AP 0.2727 | test loss 0.3877 AP 0.2653 | best val 0.2917 (epoch 6, test 0.2808145393404512)
epoch 011 |  24.8s | train loss 0.2865 AP 0.3730 | val loss 0.3794 AP 0.2784 | test loss 0.3799 AP 0.2726 | best val 0.2917 (epoch 6, test 0.2808145393404512)
epoch 012 |  25.1s | train loss 0.2786 AP 0.3957 | val loss 0.3890 AP 0.2822 | test loss 0.3932 AP 0.2657 | best val 0.2917 (epoch 6, test 0.2808145393404512)
epoch 013 |  24.7s | train loss 0.2795 AP 0.3917 | val loss 0.3745 AP 0.3007 | test loss 0.3760 AP 0.2971 | best val 0.3007 (epoch 13, test 0.2970917516011647)
epoch 014 |  24.7s | train loss 0.2762 AP 0.4034 | val loss 0.3738 AP 0.2954 | test loss 0.3738 AP 0.2898 | best val 0.3007 (epoch 13, test 0.2970917516011647)
epoch 015 |  25.2s | train loss 0.2738 AP 0.4101 | val loss 0.3845 AP 0.2847 | test loss 0.3833 AP 0.2784 | best val 0.3007 (epoch 13, test 0.2970917516011647)
epoch 016 |  25.8s | train loss 0.2722 AP 0.4161 | val loss 0.3871 AP 0.3013 | test loss 0.3883 AP 0.2919 | best val 0.3013 (epoch 16, test 0.29187347501070704)
epoch 017 |  25.5s | train loss 0.2722 AP 0.4137 | val loss 0.3766 AP 0.2959 | test loss 0.3772 AP 0.2823 | best val 0.3013 (epoch 16, test 0.29187347501070704)
epoch 018 |  24.8s | train loss 0.2695 AP 0.4227 | val loss 0.3784 AP 0.3058 | test loss 0.3765 AP 0.3034 | best val 0.3058 (epoch 18, test 0.30344077350964643)
epoch 019 |  25.4s | train loss 0.2654 AP 0.4300 | val loss 0.3709 AP 0.3063 | test loss 0.3715 AP 0.2998 | best val 0.3063 (epoch 19, test 0.29976612968327687)
epoch 020 |  24.8s | train loss 0.2611 AP 0.4402 | val loss 0.3832 AP 0.3193 | test loss 0.3863 AP 0.3125 | best val 0.3193 (epoch 20, test 0.3124779288284335)
epoch 021 |  24.8s | train loss 0.2611 AP 0.4414 | val loss 0.3817 AP 0.3276 | test loss 0.3830 AP 0.3258 | best val 0.3276 (epoch 21, test 0.3258046446063647)
epoch 022 |  24.7s | train loss 0.2577 AP 0.4577 | val loss 0.3775 AP 0.3361 | test loss 0.3829 AP 0.3245 | best val 0.3361 (epoch 22, test 0.3245248990956425)
epoch 023 |  25.3s | train loss 0.2555 AP 0.4581 | val loss 0.3688 AP 0.3287 | test loss 0.3707 AP 0.3254 | best val 0.3361 (epoch 22, test 0.3245248990956425)
epoch 024 |  24.1s | train loss 0.2535 AP 0.4632 | val loss 0.3717 AP 0.3326 | test loss 0.3723 AP 0.3282 | best val 0.3361 (epoch 22, test 0.3245248990956425)
epoch 025 |  23.2s | train loss 0.2508 AP 0.4714 | val loss 0.3880 AP 0.3207 | test loss 0.3956 AP 0.3146 | best val 0.3361 (epoch 22, test 0.3245248990956425)
epoch 026 |  22.8s | train loss 0.2514 AP 0.4692 | val loss 0.3724 AP 0.3565 | test loss 0.3780 AP 0.3447 | best val 0.3565 (epoch 26, test 0.3447284193942121)
epoch 027 |  22.5s | train loss 0.2509 AP 0.4732 | val loss 0.3910 AP 0.3224 | test loss 0.3951 AP 0.3193 | best val 0.3565 (epoch 26, test 0.3447284193942121)
epoch 028 |  23.6s | train loss 0.2479 AP 0.4801 | val loss 0.3913 AP 0.3389 | test loss 0.3915 AP 0.3403 | best val 0.3565 (epoch 26, test 0.3447284193942121)
epoch 029 |  24.1s | train loss 0.2457 AP 0.4874 | val loss 0.3997 AP 0.3380 | test loss 0.4064 AP 0.3322 | best val 0.3565 (epoch 26, test 0.3447284193942121)
epoch 030 |  23.6s | train loss 0.2443 AP 0.4951 | val loss 0.3809 AP 0.3189 | test loss 0.3815 AP 0.3142 | best val 0.3565 (epoch 26, test 0.3447284193942121)
epoch 031 |  23.9s | train loss 0.2429 AP 0.4930 | val loss 0.3764 AP 0.3486 | test loss 0.3793 AP 0.3415 | best val 0.3565 (epoch 26, test 0.3447284193942121)
epoch 032 |  23.8s | train loss 0.2404 AP 0.5005 | val loss 0.3771 AP 0.3603 | test loss 0.3800 AP 0.3515 | best val 0.3603 (epoch 32, test 0.35149799524353675)
epoch 033 |  23.8s | train loss 0.2394 AP 0.5053 | val loss 0.4011 AP 0.3254 | test loss 0.4019 AP 0.3207 | best val 0.3603 (epoch 32, test 0.35149799524353675)
epoch 034 |  23.3s | train loss 0.2376 AP 0.5115 | val loss 0.3860 AP 0.3359 | test loss 0.3861 AP 0.3352 | best val 0.3603 (epoch 32, test 0.35149799524353675)
epoch 035 |  23.2s | train loss 0.2361 AP 0.5119 | val loss 0.4098 AP 0.3266 | test loss 0.4203 AP 0.3106 | best val 0.3603 (epoch 32, test 0.35149799524353675)
epoch 036 |  23.4s | train loss 0.2334 AP 0.5218 | val loss 0.4329 AP 0.3245 | test loss 0.4352 AP 0.3160 | best val 0.3603 (epoch 32, test 0.35149799524353675)
epoch 037 |  22.3s | train loss 0.2307 AP 0.5330 | val loss 0.4122 AP 0.3419 | test loss 0.4141 AP 0.3324 | best val 0.3603 (epoch 32, test 0.35149799524353675)
epoch 038 |  23.2s | train loss 0.2325 AP 0.5294 | val loss 0.3833 AP 0.3486 | test loss 0.3888 AP 0.3387 | best val 0.3603 (epoch 32, test 0.35149799524353675)
epoch 039 |  23.1s | train loss 0.2293 AP 0.5407 | val loss 0.4193 AP 0.3363 | test loss 0.4215 AP 0.3221 | best val 0.3603 (epoch 32, test 0.35149799524353675)
epoch 040 |  22.6s | train loss 0.2321 AP 0.5318 | val loss 0.4139 AP 0.3301 | test loss 0.4178 AP 0.3209 | best val 0.3603 (epoch 32, test 0.35149799524353675)
epoch 041 |  23.1s | train loss 0.2262 AP 0.5474 | val loss 0.4169 AP 0.3255 | test loss 0.4177 AP 0.3207 | best val 0.3603 (epoch 32, test 0.35149799524353675)
epoch 042 |  24.2s | train loss 0.2236 AP 0.5543 | val loss 0.4105 AP 0.3350 | test loss 0.4127 AP 0.3306 | best val 0.3603 (epoch 32, test 0.35149799524353675)
epoch 043 |  24.0s | train loss 0.2237 AP 0.5563 | val loss 0.4295 AP 0.3268 | test loss 0.4355 AP 0.3180 | best val 0.3603 (epoch 32, test 0.35149799524353675)
epoch 044 |  25.2s | train loss 0.2229 AP 0.5619 | val loss 0.4363 AP 0.3228 | test loss 0.4395 AP 0.3185 | best val 0.3603 (epoch 32, test 0.35149799524353675)
epoch 045 |  25.2s | train loss 0.2244 AP 0.5562 | val loss 0.4248 AP 0.3309 | test loss 0.4294 AP 0.3302 | best val 0.3603 (epoch 32, test 0.35149799524353675)
epoch 046 |  24.7s | train loss 0.2194 AP 0.5650 | val loss 0.4005 AP 0.3478 | test loss 0.4046 AP 0.3378 | best val 0.3603 (epoch 32, test 0.35149799524353675)
epoch 047 |  22.8s | train loss 0.2177 AP 0.5730 | val loss 0.4365 AP 0.3303 | test loss 0.4363 AP 0.3244 | best val 0.3603 (epoch 32, test 0.35149799524353675)
epoch 048 |  22.9s | train loss 0.2166 AP 0.5757 | val loss 0.4228 AP 0.3255 | test loss 0.4211 AP 0.3188 | best val 0.3603 (epoch 32, test 0.35149799524353675)
epoch 049 |  22.7s | train loss 0.2148 AP 0.5876 | val loss 0.4445 AP 0.3375 | test loss 0.4464 AP 0.3271 | best val 0.3603 (epoch 32, test 0.35149799524353675)
epoch 050 |  23.3s | train loss 0.2125 AP 0.5932 | val loss 0.4126 AP 0.3391 | test loss 0.4129 AP 0.3363 | best val 0.3603 (epoch 32, test 0.35149799524353675)
epoch 051 |  23.2s | train loss 0.2120 AP 0.5987 | val loss 0.4318 AP 0.3296 | test loss 0.4304 AP 0.3208 | best val 0.3603 (epoch 32, test 0.35149799524353675)
epoch 052 |  23.1s | train loss 0.2098 AP 0.6016 | val loss 0.4498 AP 0.3328 | test loss 0.4542 AP 0.3221 | best val 0.3603 (epoch 32, test 0.35149799524353675)
epoch 053 |  24.0s | train loss 0.2089 AP 0.6060 | val loss 0.3930 AP 0.3748 | test loss 0.3931 AP 0.3615 | best val 0.3748 (epoch 53, test 0.36149627360351083)
epoch 054 |  23.6s | train loss 0.2071 AP 0.6049 | val loss 0.4373 AP 0.3470 | test loss 0.4432 AP 0.3422 | best val 0.3748 (epoch 53, test 0.36149627360351083)
epoch 055 |  23.4s | train loss 0.2045 AP 0.6170 | val loss 0.4680 AP 0.3364 | test loss 0.4644 AP 0.3308 | best val 0.3748 (epoch 53, test 0.36149627360351083)
epoch 056 |  23.4s | train loss 0.2032 AP 0.6206 | val loss 0.4508 AP 0.3523 | test loss 0.4579 AP 0.3396 | best val 0.3748 (epoch 53, test 0.36149627360351083)
epoch 057 |  23.1s | train loss 0.1989 AP 0.6270 | val loss 0.4599 AP 0.3435 | test loss 0.4643 AP 0.3228 | best val 0.3748 (epoch 53, test 0.36149627360351083)
epoch 058 |  23.7s | train loss 0.1967 AP 0.6382 | val loss 0.4574 AP 0.3518 | test loss 0.4588 AP 0.3402 | best val 0.3748 (epoch 53, test 0.36149627360351083)
epoch 059 |  23.9s | train loss 0.1956 AP 0.6390 | val loss 0.4419 AP 0.3576 | test loss 0.4457 AP 0.3482 | best val 0.3748 (epoch 53, test 0.36149627360351083)
epoch 060 |  23.1s | train loss 0.1943 AP 0.6457 | val loss 0.4434 AP 0.3395 | test loss 0.4439 AP 0.3266 | best val 0.3748 (epoch 53, test 0.36149627360351083)
epoch 061 |  24.1s | train loss 0.1925 AP 0.6476 | val loss 0.4470 AP 0.3495 | test loss 0.4530 AP 0.3352 | best val 0.3748 (epoch 53, test 0.36149627360351083)
epoch 062 |  23.8s | train loss 0.1900 AP 0.6526 | val loss 0.4752 AP 0.3515 | test loss 0.4737 AP 0.3414 | best val 0.3748 (epoch 53, test 0.36149627360351083)
epoch 063 |  23.8s | train loss 0.1898 AP 0.6588 | val loss 0.4772 AP 0.3371 | test loss 0.4841 AP 0.3204 | best val 0.3748 (epoch 53, test 0.36149627360351083)
epoch 064 |  24.1s | train loss 0.1898 AP 0.6610 | val loss 0.4409 AP 0.3627 | test loss 0.4500 AP 0.3324 | best val 0.3748 (epoch 53, test 0.36149627360351083)
epoch 065 |  23.5s | train loss 0.1822 AP 0.6755 | val loss 0.4775 AP 0.3492 | test loss 0.4792 AP 0.3399 | best val 0.3748 (epoch 53, test 0.36149627360351083)
epoch 066 |  23.8s | train loss 0.1831 AP 0.6743 | val loss 0.4655 AP 0.3586 | test loss 0.4782 AP 0.3434 | best val 0.3748 (epoch 53, test 0.36149627360351083)
epoch 067 |  24.8s | train loss 0.1783 AP 0.6818 | val loss 0.4604 AP 0.3666 | test loss 0.4651 AP 0.3473 | best val 0.3748 (epoch 53, test 0.36149627360351083)
epoch 068 |  24.8s | train loss 0.1801 AP 0.6828 | val loss 0.4455 AP 0.3666 | test loss 0.4464 AP 0.3509 | best val 0.3748 (epoch 53, test 0.36149627360351083)
epoch 069 |  22.3s | train loss 0.1752 AP 0.6957 | val loss 0.4781 AP 0.3560 | test loss 0.4819 AP 0.3369 | best val 0.3748 (epoch 53, test 0.36149627360351083)
epoch 070 |  22.6s | train loss 0.1746 AP 0.6961 | val loss 0.4688 AP 0.3639 | test loss 0.4748 AP 0.3410 | best val 0.3748 (epoch 53, test 0.36149627360351083)
epoch 071 |  22.0s | train loss 0.1693 AP 0.7072 | val loss 0.4924 AP 0.3695 | test loss 0.4982 AP 0.3449 | best val 0.3748 (epoch 53, test 0.36149627360351083)
epoch 072 |  22.5s | train loss 0.1711 AP 0.7111 | val loss 0.4930 AP 0.3560 | test loss 0.5021 AP 0.3314 | best val 0.3748 (epoch 53, test 0.36149627360351083)
epoch 073 |  22.4s | train loss 0.1699 AP 0.7079 | val loss 0.4835 AP 0.3534 | test loss 0.4901 AP 0.3463 | best val 0.3748 (epoch 53, test 0.36149627360351083)
epoch 074 |  22.8s | train loss 0.1673 AP 0.7114 | val loss 0.4365 AP 0.3874 | test loss 0.4478 AP 0.3760 | best val 0.3874 (epoch 74, test 0.3759712960720075)
epoch 075 |  22.4s | train loss 0.1630 AP 0.7237 | val loss 0.4720 AP 0.3682 | test loss 0.4687 AP 0.3574 | best val 0.3874 (epoch 74, test 0.3759712960720075)
epoch 076 |  22.6s | train loss 0.1596 AP 0.7304 | val loss 0.4908 AP 0.3723 | test loss 0.5019 AP 0.3477 | best val 0.3874 (epoch 74, test 0.3759712960720075)
epoch 077 |  22.3s | train loss 0.1604 AP 0.7257 | val loss 0.4725 AP 0.3891 | test loss 0.4810 AP 0.3656 | best val 0.3891 (epoch 77, test 0.36561778181587684)
epoch 078 |  22.3s | train loss 0.1584 AP 0.7320 | val loss 0.5258 AP 0.3471 | test loss 0.5223 AP 0.3370 | best val 0.3891 (epoch 77, test 0.36561778181587684)
epoch 079 |  22.3s | train loss 0.1578 AP 0.7354 | val loss 0.5100 AP 0.3481 | test loss 0.5083 AP 0.3385 | best val 0.3891 (epoch 77, test 0.36561778181587684)
epoch 080 |  21.9s | train loss 0.1537 AP 0.7449 | val loss 0.4699 AP 0.3657 | test loss 0.4756 AP 0.3428 | best val 0.3891 (epoch 77, test 0.36561778181587684)
epoch 081 |  22.6s | train loss 0.1530 AP 0.7488 | val loss 0.5254 AP 0.3712 | test loss 0.5323 AP 0.3507 | best val 0.3891 (epoch 77, test 0.36561778181587684)
epoch 082 |  22.5s | train loss 0.1517 AP 0.7537 | val loss 0.5214 AP 0.3624 | test loss 0.5220 AP 0.3551 | best val 0.3891 (epoch 77, test 0.36561778181587684)
epoch 083 |  22.0s | train loss 0.1472 AP 0.7615 | val loss 0.5078 AP 0.3782 | test loss 0.5120 AP 0.3553 | best val 0.3891 (epoch 77, test 0.36561778181587684)
epoch 084 |  22.6s | train loss 0.1466 AP 0.7619 | val loss 0.4982 AP 0.3688 | test loss 0.5018 AP 0.3531 | best val 0.3891 (epoch 77, test 0.36561778181587684)
epoch 085 |  22.6s | train loss 0.1433 AP 0.7746 | val loss 0.5073 AP 0.3738 | test loss 0.5105 AP 0.3626 | best val 0.3891 (epoch 77, test 0.36561778181587684)
epoch 086 |  22.1s | train loss 0.1432 AP 0.7677 | val loss 0.5519 AP 0.3595 | test loss 0.5522 AP 0.3393 | best val 0.3891 (epoch 77, test 0.36561778181587684)
epoch 087 |  21.9s | train loss 0.1372 AP 0.7874 | val loss 0.5496 AP 0.3646 | test loss 0.5471 AP 0.3578 | best val 0.3891 (epoch 77, test 0.36561778181587684)
epoch 088 |  21.6s | train loss 0.1386 AP 0.7806 | val loss 0.5645 AP 0.3583 | test loss 0.5554 AP 0.3512 | best val 0.3891 (epoch 77, test 0.36561778181587684)
epoch 089 |  22.5s | train loss 0.1347 AP 0.7879 | val loss 0.5412 AP 0.3755 | test loss 0.5477 AP 0.3604 | best val 0.3891 (epoch 77, test 0.36561778181587684)
epoch 090 |  22.7s | train loss 0.1319 AP 0.7986 | val loss 0.5604 AP 0.3695 | test loss 0.5516 AP 0.3574 | best val 0.3891 (epoch 77, test 0.36561778181587684)
epoch 091 |  22.0s | train loss 0.1295 AP 0.8055 | val loss 0.5477 AP 0.3708 | test loss 0.5407 AP 0.3576 | best val 0.3891 (epoch 77, test 0.36561778181587684)
epoch 092 |  22.2s | train loss 0.1284 AP 0.8055 | val loss 0.5828 AP 0.3649 | test loss 0.5780 AP 0.3593 | best val 0.3891 (epoch 77, test 0.36561778181587684)
epoch 093 |  22.7s | train loss 0.1250 AP 0.8112 | val loss 0.5610 AP 0.3541 | test loss 0.5594 AP 0.3377 | best val 0.3891 (epoch 77, test 0.36561778181587684)
epoch 094 |  22.8s | train loss 0.1240 AP 0.8127 | val loss 0.5664 AP 0.3769 | test loss 0.5629 AP 0.3655 | best val 0.3891 (epoch 77, test 0.36561778181587684)
epoch 095 |  23.3s | train loss 0.1213 AP 0.8193 | val loss 0.6032 AP 0.3608 | test loss 0.6022 AP 0.3474 | best val 0.3891 (epoch 77, test 0.36561778181587684)
epoch 096 |  22.9s | train loss 0.1186 AP 0.8248 | val loss 0.5490 AP 0.3800 | test loss 0.5478 AP 0.3657 | best val 0.3891 (epoch 77, test 0.36561778181587684)
epoch 097 |  23.8s | train loss 0.1166 AP 0.8266 | val loss 0.6024 AP 0.3617 | test loss 0.5995 AP 0.3577 | best val 0.3891 (epoch 77, test 0.36561778181587684)
epoch 098 |  22.9s | train loss 0.1140 AP 0.8342 | val loss 0.5981 AP 0.3655 | test loss 0.5992 AP 0.3719 | best val 0.3891 (epoch 77, test 0.36561778181587684)
epoch 099 |  22.8s | train loss 0.1152 AP 0.8305 | val loss 0.5984 AP 0.3665 | test loss 0.6021 AP 0.3550 | best val 0.3891 (epoch 77, test 0.36561778181587684)
epoch 100 |  23.5s | train loss 0.1149 AP 0.8283 | val loss 0.5936 AP 0.3912 | test loss 0.6099 AP 0.3601 | best val 0.3912 (epoch 100, test 0.3601216559246375)
epoch 101 |  22.4s | train loss 0.1099 AP 0.8444 | val loss 0.6021 AP 0.3796 | test loss 0.6134 AP 0.3661 | best val 0.3912 (epoch 100, test 0.3601216559246375)
epoch 102 |  22.4s | train loss 0.1065 AP 0.8523 | val loss 0.6222 AP 0.3780 | test loss 0.6291 AP 0.3627 | best val 0.3912 (epoch 100, test 0.3601216559246375)
epoch 103 |  22.3s | train loss 0.1051 AP 0.8549 | val loss 0.5974 AP 0.3792 | test loss 0.6060 AP 0.3756 | best val 0.3912 (epoch 100, test 0.3601216559246375)
epoch 104 |  23.2s | train loss 0.1046 AP 0.8536 | val loss 0.6116 AP 0.3711 | test loss 0.6157 AP 0.3567 | best val 0.3912 (epoch 100, test 0.3601216559246375)
epoch 105 |  22.1s | train loss 0.1013 AP 0.8621 | val loss 0.6605 AP 0.3685 | test loss 0.6543 AP 0.3535 | best val 0.3912 (epoch 100, test 0.3601216559246375)
epoch 106 |  24.1s | train loss 0.0987 AP 0.8655 | val loss 0.6042 AP 0.3869 | test loss 0.6265 AP 0.3628 | best val 0.3912 (epoch 100, test 0.3601216559246375)
epoch 107 |  23.0s | train loss 0.0976 AP 0.8671 | val loss 0.6737 AP 0.3588 | test loss 0.6924 AP 0.3342 | best val 0.3912 (epoch 100, test 0.3601216559246375)
epoch 108 |  22.9s | train loss 0.0994 AP 0.8627 | val loss 0.6419 AP 0.3644 | test loss 0.6434 AP 0.3652 | best val 0.3912 (epoch 100, test 0.3601216559246375)
epoch 109 |  23.2s | train loss 0.0927 AP 0.8759 | val loss 0.7008 AP 0.3611 | test loss 0.7113 AP 0.3465 | best val 0.3912 (epoch 100, test 0.3601216559246375)
epoch 110 |  23.0s | train loss 0.0932 AP 0.8737 | val loss 0.6952 AP 0.3760 | test loss 0.7015 AP 0.3413 | best val 0.3912 (epoch 100, test 0.3601216559246375)
epoch 111 |  23.2s | train loss 0.0919 AP 0.8786 | val loss 0.6583 AP 0.3837 | test loss 0.6772 AP 0.3602 | best val 0.3912 (epoch 100, test 0.3601216559246375)
epoch 112 |  23.2s | train loss 0.0902 AP 0.8829 | val loss 0.6427 AP 0.3882 | test loss 0.6602 AP 0.3738 | best val 0.3912 (epoch 100, test 0.3601216559246375)
epoch 113 |  24.9s | train loss 0.0875 AP 0.8857 | val loss 0.6836 AP 0.3843 | test loss 0.6879 AP 0.3771 | best val 0.3912 (epoch 100, test 0.3601216559246375)
epoch 114 |  23.5s | train loss 0.0858 AP 0.8896 | val loss 0.7123 AP 0.3740 | test loss 0.7165 AP 0.3590 | best val 0.3912 (epoch 100, test 0.3601216559246375)
epoch 115 |  22.6s | train loss 0.0830 AP 0.8966 | val loss 0.7078 AP 0.3836 | test loss 0.7359 AP 0.3579 | best val 0.3912 (epoch 100, test 0.3601216559246375)
epoch 116 |  22.6s | train loss 0.0821 AP 0.8988 | val loss 0.7183 AP 0.3793 | test loss 0.7447 AP 0.3627 | best val 0.3912 (epoch 100, test 0.3601216559246375)
epoch 117 |  22.0s | train loss 0.0816 AP 0.8972 | val loss 0.6850 AP 0.3958 | test loss 0.7047 AP 0.3722 | best val 0.3958 (epoch 117, test 0.37219855009879715)
epoch 118 |  21.7s | train loss 0.0806 AP 0.9010 | val loss 0.7121 AP 0.3865 | test loss 0.7239 AP 0.3686 | best val 0.3958 (epoch 117, test 0.37219855009879715)
epoch 119 |  22.7s | train loss 0.0787 AP 0.9034 | val loss 0.7329 AP 0.3822 | test loss 0.7428 AP 0.3697 | best val 0.3958 (epoch 117, test 0.37219855009879715)
epoch 120 |  22.4s | train loss 0.0774 AP 0.9044 | val loss 0.6998 AP 0.3982 | test loss 0.7210 AP 0.3812 | best val 0.3982 (epoch 120, test 0.3811892183595032)
epoch 121 |  22.2s | train loss 0.0728 AP 0.9107 | val loss 0.7075 AP 0.4038 | test loss 0.7263 AP 0.3880 | best val 0.4038 (epoch 121, test 0.38801124682035326)
epoch 122 |  23.7s | train loss 0.0756 AP 0.9083 | val loss 0.7637 AP 0.3680 | test loss 0.7903 AP 0.3506 | best val 0.4038 (epoch 121, test 0.38801124682035326)
epoch 123 |  23.8s | train loss 0.0712 AP 0.9147 | val loss 0.7354 AP 0.3879 | test loss 0.7545 AP 0.3706 | best val 0.4038 (epoch 121, test 0.38801124682035326)
epoch 124 |  23.9s | train loss 0.0714 AP 0.9155 | val loss 0.7232 AP 0.3847 | test loss 0.7505 AP 0.3632 | best val 0.4038 (epoch 121, test 0.38801124682035326)
epoch 125 |  24.9s | train loss 0.0704 AP 0.9192 | val loss 0.7349 AP 0.3914 | test loss 0.7655 AP 0.3724 | best val 0.4038 (epoch 121, test 0.38801124682035326)
epoch 126 |  25.1s | train loss 0.0669 AP 0.9239 | val loss 0.7632 AP 0.3882 | test loss 0.7861 AP 0.3701 | best val 0.4038 (epoch 121, test 0.38801124682035326)
epoch 127 |  24.8s | train loss 0.0661 AP 0.9243 | val loss 0.7722 AP 0.3881 | test loss 0.8020 AP 0.3732 | best val 0.4038 (epoch 121, test 0.38801124682035326)
epoch 128 |  24.7s | train loss 0.0654 AP 0.9241 | val loss 0.7863 AP 0.3871 | test loss 0.8112 AP 0.3717 | best val 0.4038 (epoch 121, test 0.38801124682035326)
epoch 129 |  25.5s | train loss 0.0636 AP 0.9305 | val loss 0.7850 AP 0.3853 | test loss 0.8128 AP 0.3710 | best val 0.4038 (epoch 121, test 0.38801124682035326)
epoch 130 |  24.6s | train loss 0.0614 AP 0.9329 | val loss 0.8067 AP 0.3891 | test loss 0.8331 AP 0.3740 | best val 0.4038 (epoch 121, test 0.38801124682035326)
epoch 131 |  24.9s | train loss 0.0612 AP 0.9311 | val loss 0.8005 AP 0.3951 | test loss 0.8268 AP 0.3770 | best val 0.4038 (epoch 121, test 0.38801124682035326)
epoch 132 |  25.1s | train loss 0.0612 AP 0.9344 | val loss 0.8125 AP 0.3815 | test loss 0.8287 AP 0.3684 | best val 0.4038 (epoch 121, test 0.38801124682035326)
epoch 133 |  25.0s | train loss 0.0585 AP 0.9372 | val loss 0.8456 AP 0.3941 | test loss 0.8790 AP 0.3660 | best val 0.4038 (epoch 121, test 0.38801124682035326)
epoch 134 |  25.4s | train loss 0.0577 AP 0.9377 | val loss 0.8374 AP 0.3883 | test loss 0.8534 AP 0.3725 | best val 0.4038 (epoch 121, test 0.38801124682035326)
epoch 135 |  25.1s | train loss 0.0569 AP 0.9410 | val loss 0.8206 AP 0.4027 | test loss 0.8396 AP 0.3802 | best val 0.4038 (epoch 121, test 0.38801124682035326)
epoch 136 |  23.0s | train loss 0.0572 AP 0.9401 | val loss 0.8351 AP 0.3924 | test loss 0.8599 AP 0.3743 | best val 0.4038 (epoch 121, test 0.38801124682035326)
epoch 137 |  22.9s | train loss 0.0545 AP 0.9422 | val loss 0.8352 AP 0.3944 | test loss 0.8689 AP 0.3736 | best val 0.4038 (epoch 121, test 0.38801124682035326)
epoch 138 |  22.3s | train loss 0.0534 AP 0.9435 | val loss 0.8824 AP 0.3833 | test loss 0.9266 AP 0.3619 | best val 0.4038 (epoch 121, test 0.38801124682035326)
epoch 139 |  23.5s | train loss 0.0534 AP 0.9436 | val loss 0.8316 AP 0.3990 | test loss 0.8705 AP 0.3791 | best val 0.4038 (epoch 121, test 0.38801124682035326)
epoch 140 |  22.8s | train loss 0.0504 AP 0.9474 | val loss 0.8794 AP 0.3932 | test loss 0.9214 AP 0.3771 | best val 0.4038 (epoch 121, test 0.38801124682035326)
epoch 141 |  23.3s | train loss 0.0504 AP 0.9500 | val loss 0.9097 AP 0.3921 | test loss 0.9453 AP 0.3692 | best val 0.4038 (epoch 121, test 0.38801124682035326)
epoch 142 |  22.8s | train loss 0.0509 AP 0.9491 | val loss 0.8759 AP 0.3960 | test loss 0.9193 AP 0.3799 | best val 0.4038 (epoch 121, test 0.38801124682035326)
epoch 143 |  22.9s | train loss 0.0490 AP 0.9535 | val loss 0.8997 AP 0.4028 | test loss 0.9456 AP 0.3809 | best val 0.4038 (epoch 121, test 0.38801124682035326)
epoch 144 |  23.0s | train loss 0.0470 AP 0.9538 | val loss 0.9084 AP 0.3979 | test loss 0.9530 AP 0.3749 | best val 0.4038 (epoch 121, test 0.38801124682035326)
epoch 145 |  23.7s | train loss 0.0471 AP 0.9554 | val loss 0.9336 AP 0.3932 | test loss 0.9658 AP 0.3798 | best val 0.4038 (epoch 121, test 0.38801124682035326)
epoch 146 |  23.5s | train loss 0.0460 AP 0.9547 | val loss 0.9661 AP 0.3885 | test loss 0.9943 AP 0.3746 | best val 0.4038 (epoch 121, test 0.38801124682035326)
epoch 147 |  23.3s | train loss 0.0472 AP 0.9540 | val loss 0.9036 AP 0.4001 | test loss 0.9393 AP 0.3881 | best val 0.4038 (epoch 121, test 0.38801124682035326)
epoch 148 |  22.4s | train loss 0.0448 AP 0.9578 | val loss 0.9674 AP 0.3941 | test loss 0.9961 AP 0.3797 | best val 0.4038 (epoch 121, test 0.38801124682035326)
epoch 149 |  22.7s | train loss 0.0437 AP 0.9597 | val loss 0.9413 AP 0.3860 | test loss 0.9736 AP 0.3801 | best val 0.4038 (epoch 121, test 0.38801124682035326)
epoch 150 |  22.4s | train loss 0.0448 AP 0.9573 | val loss 0.9324 AP 0.3984 | test loss 0.9708 AP 0.3864 | best val 0.4038 (epoch 121, test 0.38801124682035326)
epoch 151 |  24.0s | train loss 0.0430 AP 0.9603 | val loss 0.9578 AP 0.3988 | test loss 0.9958 AP 0.3814 | best val 0.4038 (epoch 121, test 0.38801124682035326)
epoch 152 |  23.4s | train loss 0.0412 AP 0.9646 | val loss 0.9577 AP 0.4027 | test loss 0.9972 AP 0.3878 | best val 0.4038 (epoch 121, test 0.38801124682035326)
epoch 153 |  23.1s | train loss 0.0407 AP 0.9639 | val loss 0.9728 AP 0.3945 | test loss 1.0074 AP 0.3879 | best val 0.4038 (epoch 121, test 0.38801124682035326)
epoch 154 |  22.9s | train loss 0.0395 AP 0.9641 | val loss 0.9968 AP 0.3920 | test loss 1.0291 AP 0.3843 | best val 0.4038 (epoch 121, test 0.38801124682035326)
epoch 155 |  23.3s | train loss 0.0390 AP 0.9655 | val loss 0.9876 AP 0.3920 | test loss 1.0179 AP 0.3882 | best val 0.4038 (epoch 121, test 0.38801124682035326)
epoch 156 |  22.8s | train loss 0.0390 AP 0.9653 | val loss 0.9787 AP 0.3925 | test loss 1.0180 AP 0.3908 | best val 0.4038 (epoch 121, test 0.38801124682035326)
epoch 157 |  23.1s | train loss 0.0376 AP 0.9664 | val loss 0.9772 AP 0.3969 | test loss 1.0206 AP 0.3891 | best val 0.4038 (epoch 121, test 0.38801124682035326)
epoch 158 |  23.8s | train loss 0.0377 AP 0.9670 | val loss 0.9976 AP 0.3933 | test loss 1.0364 AP 0.3874 | best val 0.4038 (epoch 121, test 0.38801124682035326)
epoch 159 |  23.7s | train loss 0.0362 AP 0.9725 | val loss 1.0295 AP 0.3919 | test loss 1.0632 AP 0.3850 | best val 0.4038 (epoch 121, test 0.38801124682035326)
epoch 160 |  23.0s | train loss 0.0365 AP 0.9695 | val loss 1.0086 AP 0.4006 | test loss 1.0549 AP 0.3890 | best val 0.4038 (epoch 121, test 0.38801124682035326)
epoch 161 |  22.9s | train loss 0.0354 AP 0.9725 | val loss 1.0295 AP 0.3980 | test loss 1.0745 AP 0.3887 | best val 0.4038 (epoch 121, test 0.38801124682035326)
early stopping at epoch 161 (no val improvement in 40 epochs)
BEST: val AP 0.4038 | test AP 0.3880 (epoch 121)
