{'dataset': 'Peptides-func', 'max_hops': 40, 'use_lap_pe': False, 'lap_pe_dim': 8, 'hidden_dim': 96, 'hop_dim': 16, 'fuse_mode': 'concat_proj', 'khop_per_block': False, 'khop_num_heads': 4, 'no_residual_self': False, 'num_layers': 1, 'num_heads': 8, 'num_cross_layers': 1, 'no_proxy_self_attn': True, 'share_blocks': True, 'graph_pool': 'sum', 'dropout': 0.2, 'aux_loss_weight': 1.0, 'aux_loss_decay': 1.0, 'final_sa_layers': 0, 'final_sa_heads': 0, 'generator': 'graph_coarsening', 'num_proxies': 128, 'score_hidden': 128, 'score_layers': 0, 'score_heads': 8, 'gnn_layers': 15, 'gnn_type': 'GINE', 'pool_types': ['mean'], 'decode_hidden': 128, 'decode_layers': 1, 'idx_emb_dim': 64, 'decode_mode': 'shared', 'pma_query_mode': 'farthest_point', 'coarsen_gnn_type': 'GIN', 'coarsen_reg_weight': 0.2, 'lr': 0.001, 'lr_min': 1e-06, 'weight_decay': 0.0003, 'batch_size': 32, 'max_epochs': 200, 'patience': 40, 'warmup_ratio': 0.05, 'grad_clip': 1.0, 'num_workers': 4, 'dist_mask_workers': 8, 'device': None, 'save_dir': 'checkpoints_khop_cross_attn', 'seed': 0}
Unknown =  []
[Peptides-func] task=multi_label level=graph metric=macro_ap (higher_is_better=True)
  Loading cached distance masks from ./data/Peptides-func/dist_masks/train.pkl
  Loading cached distance masks from ./data/Peptides-func/dist_masks/val.pkl
  Loading cached distance masks from ./data/Peptides-func/dist_masks/test.pkl
trainable params: 0.620M
epoch 000 | 202.4s | train loss 0.4452 AP 0.1903 | val loss 0.3345 AP 0.2767 | test loss 0.3343 AP 0.2730 | best val 0.2767 (epoch 0, test 0.27298651773056803)
epoch 001 | 173.7s | train loss 0.3339 AP 0.2556 | val loss 0.3127 AP 0.3146 | test loss 0.3117 AP 0.3116 | best val 0.3146 (epoch 1, test 0.31156640328311525)
epoch 002 | 180.5s | train loss 0.3168 AP 0.2959 | val loss 0.3133 AP 0.3406 | test loss 0.3111 AP 0.3415 | best val 0.3406 (epoch 2, test 0.3415412725851536)
epoch 003 | 172.5s | train loss 0.3030 AP 0.3315 | val loss 0.2807 AP 0.4013 | test loss 0.2809 AP 0.3988 | best val 0.4013 (epoch 3, test 0.39877176151286464)
epoch 004 | 172.2s | train loss 0.2870 AP 0.3698 | val loss 0.2762 AP 0.4205 | test loss 0.2770 AP 0.4076 | best val 0.4205 (epoch 4, test 0.40757191058200837)
epoch 005 | 176.1s | train loss 0.2731 AP 0.3980 | val loss 0.2550 AP 0.4661 | test loss 0.2591 AP 0.4584 | best val 0.4661 (epoch 5, test 0.4583666278732699)
epoch 006 | 172.0s | train loss 0.2635 AP 0.4225 | val loss 0.2526 AP 0.4608 | test loss 0.2572 AP 0.4479 | best val 0.4661 (epoch 5, test 0.4583666278732699)
epoch 007 | 174.9s | train loss 0.2544 AP 0.4471 | val loss 0.2438 AP 0.4914 | test loss 0.2516 AP 0.4787 | best val 0.4914 (epoch 7, test 0.47865640276568844)
epoch 008 | 175.7s | train loss 0.2451 AP 0.4663 | val loss 0.2380 AP 0.5122 | test loss 0.2443 AP 0.4988 | best val 0.5122 (epoch 8, test 0.49883345425330805)
epoch 009 | 173.7s | train loss 0.2379 AP 0.4889 | val loss 0.2333 AP 0.5101 | test loss 0.2428 AP 0.4972 | best val 0.5122 (epoch 8, test 0.49883345425330805)
epoch 010 | 172.3s | train loss 0.2318 AP 0.5022 | val loss 0.2314 AP 0.5296 | test loss 0.2389 AP 0.5153 | best val 0.5296 (epoch 10, test 0.5153464336285515)
epoch 011 | 176.2s | train loss 0.2247 AP 0.5183 | val loss 0.2264 AP 0.5446 | test loss 0.2336 AP 0.5190 | best val 0.5446 (epoch 11, test 0.5190186995478003)
epoch 012 | 173.9s | train loss 0.2180 AP 0.5370 | val loss 0.2249 AP 0.5527 | test loss 0.2343 AP 0.5358 | best val 0.5527 (epoch 12, test 0.5357593115644075)
epoch 013 | 174.6s | train loss 0.2128 AP 0.5471 | val loss 0.2257 AP 0.5520 | test loss 0.2347 AP 0.5209 | best val 0.5527 (epoch 12, test 0.5357593115644075)
epoch 014 | 176.3s | train loss 0.2060 AP 0.5633 | val loss 0.2288 AP 0.5618 | test loss 0.2345 AP 0.5385 | best val 0.5618 (epoch 14, test 0.5385376653582734)
epoch 015 | 174.0s | train loss 0.2019 AP 0.5768 | val loss 0.2210 AP 0.5695 | test loss 0.2263 AP 0.5536 | best val 0.5695 (epoch 15, test 0.5535503079911115)
epoch 016 | 186.1s | train loss 0.1961 AP 0.5887 | val loss 0.2158 AP 0.5905 | test loss 0.2204 AP 0.5605 | best val 0.5905 (epoch 16, test 0.5604800050047877)
epoch 017 | 175.9s | train loss 0.1893 AP 0.6122 | val loss 0.2140 AP 0.5914 | test loss 0.2232 AP 0.5728 | best val 0.5914 (epoch 17, test 0.5728459261962341)
epoch 018 | 175.9s | train loss 0.1859 AP 0.6201 | val loss 0.2119 AP 0.6162 | test loss 0.2181 AP 0.5765 | best val 0.6162 (epoch 18, test 0.5765151780875611)
epoch 019 | 174.1s | train loss 0.1799 AP 0.6328 | val loss 0.2194 AP 0.6058 | test loss 0.2272 AP 0.5770 | best val 0.6162 (epoch 18, test 0.5765151780875611)
epoch 020 | 179.1s | train loss 0.1763 AP 0.6522 | val loss 0.2311 AP 0.6098 | test loss 0.2378 AP 0.5726 | best val 0.6162 (epoch 18, test 0.5765151780875611)
epoch 021 | 174.4s | train loss 0.1723 AP 0.6645 | val loss 0.2242 AP 0.6051 | test loss 0.2324 AP 0.5861 | best val 0.6162 (epoch 18, test 0.5765151780875611)
epoch 022 | 189.0s | train loss 0.1690 AP 0.6687 | val loss 0.2288 AP 0.6200 | test loss 0.2402 AP 0.5929 | best val 0.6200 (epoch 22, test 0.5928993556278325)
epoch 023 | 175.4s | train loss 0.1639 AP 0.6817 | val loss 0.2285 AP 0.6265 | test loss 0.2390 AP 0.5922 | best val 0.6265 (epoch 23, test 0.5921726473277619)
epoch 024 | 180.5s | train loss 0.1601 AP 0.6865 | val loss 0.2281 AP 0.6189 | test loss 0.2362 AP 0.5991 | best val 0.6265 (epoch 23, test 0.5921726473277619)
epoch 025 | 186.0s | train loss 0.1594 AP 0.6926 | val loss 0.2417 AP 0.6161 | test loss 0.2577 AP 0.5791 | best val 0.6265 (epoch 23, test 0.5921726473277619)
epoch 026 | 174.7s | train loss 0.1531 AP 0.7108 | val loss 0.2238 AP 0.6300 | test loss 0.2375 AP 0.6072 | best val 0.6300 (epoch 26, test 0.6072317296624897)
epoch 027 | 174.8s | train loss 0.1506 AP 0.7166 | val loss 0.2346 AP 0.6226 | test loss 0.2423 AP 0.6067 | best val 0.6300 (epoch 26, test 0.6072317296624897)
epoch 028 | 174.5s | train loss 0.1477 AP 0.7203 | val loss 0.2324 AP 0.6329 | test loss 0.2492 AP 0.6185 | best val 0.6329 (epoch 28, test 0.6184801340260797)
epoch 029 | 177.7s | train loss 0.1451 AP 0.7259 | val loss 0.2204 AP 0.6319 | test loss 0.2340 AP 0.6042 | best val 0.6329 (epoch 28, test 0.6184801340260797)
epoch 030 | 174.6s | train loss 0.1419 AP 0.7430 | val loss 0.2153 AP 0.6496 | test loss 0.2297 AP 0.6158 | best val 0.6496 (epoch 30, test 0.6157843411249491)
epoch 031 | 177.0s | train loss 0.1407 AP 0.7451 | val loss 0.2272 AP 0.6380 | test loss 0.2451 AP 0.6148 | best val 0.6496 (epoch 30, test 0.6157843411249491)
epoch 032 | 177.1s | train loss 0.1353 AP 0.7528 | val loss 0.2346 AP 0.6441 | test loss 0.2568 AP 0.6161 | best val 0.6496 (epoch 30, test 0.6157843411249491)
epoch 033 | 177.0s | train loss 0.1328 AP 0.7596 | val loss 0.2383 AP 0.6420 | test loss 0.2493 AP 0.6248 | best val 0.6496 (epoch 30, test 0.6157843411249491)
epoch 034 | 175.8s | train loss 0.1301 AP 0.7695 | val loss 0.2333 AP 0.6305 | test loss 0.2483 AP 0.6180 | best val 0.6496 (epoch 30, test 0.6157843411249491)
epoch 035 | 178.2s | train loss 0.1288 AP 0.7750 | val loss 0.2422 AP 0.6557 | test loss 0.2540 AP 0.6431 | best val 0.6557 (epoch 35, test 0.6431293940357345)
epoch 036 | 173.9s | train loss 0.1262 AP 0.7781 | val loss 0.2357 AP 0.6494 | test loss 0.2485 AP 0.6318 | best val 0.6557 (epoch 35, test 0.6431293940357345)
epoch 037 | 174.4s | train loss 0.1229 AP 0.7910 | val loss 0.2480 AP 0.6499 | test loss 0.2597 AP 0.6277 | best val 0.6557 (epoch 35, test 0.6431293940357345)
epoch 038 | 175.7s | train loss 0.1202 AP 0.7991 | val loss 0.2473 AP 0.6521 | test loss 0.2582 AP 0.6361 | best val 0.6557 (epoch 35, test 0.6431293940357345)
epoch 039 | 173.8s | train loss 0.1212 AP 0.7981 | val loss 0.2501 AP 0.6370 | test loss 0.2566 AP 0.6293 | best val 0.6557 (epoch 35, test 0.6431293940357345)
epoch 040 | 175.7s | train loss 0.1190 AP 0.7988 | val loss 0.2350 AP 0.6655 | test loss 0.2514 AP 0.6501 | best val 0.6655 (epoch 40, test 0.6500828316431726)
epoch 041 | 175.4s | train loss 0.1156 AP 0.8118 | val loss 0.2319 AP 0.6544 | test loss 0.2444 AP 0.6400 | best val 0.6655 (epoch 40, test 0.6500828316431726)
epoch 042 | 176.6s | train loss 0.1132 AP 0.8170 | val loss 0.2456 AP 0.6574 | test loss 0.2588 AP 0.6369 | best val 0.6655 (epoch 40, test 0.6500828316431726)
epoch 043 | 174.6s | train loss 0.1123 AP 0.8125 | val loss 0.2203 AP 0.6708 | test loss 0.2470 AP 0.6419 | best val 0.6708 (epoch 43, test 0.6418929924920611)
epoch 044 | 190.0s | train loss 0.1085 AP 0.8296 | val loss 0.2437 AP 0.6629 | test loss 0.2582 AP 0.6408 | best val 0.6708 (epoch 43, test 0.6418929924920611)
epoch 045 | 174.8s | train loss 0.1059 AP 0.8317 | val loss 0.2491 AP 0.6647 | test loss 0.2588 AP 0.6490 | best val 0.6708 (epoch 43, test 0.6418929924920611)
epoch 046 | 174.3s | train loss 0.1066 AP 0.8332 | val loss 0.2456 AP 0.6564 | test loss 0.2600 AP 0.6527 | best val 0.6708 (epoch 43, test 0.6418929924920611)
epoch 047 | 176.8s | train loss 0.1042 AP 0.8376 | val loss 0.2548 AP 0.6614 | test loss 0.2722 AP 0.6655 | best val 0.6708 (epoch 43, test 0.6418929924920611)
epoch 048 | 177.4s | train loss 0.1028 AP 0.8372 | val loss 0.2476 AP 0.6677 | test loss 0.2631 AP 0.6577 | best val 0.6708 (epoch 43, test 0.6418929924920611)
epoch 049 | 175.2s | train loss 0.0986 AP 0.8481 | val loss 0.2634 AP 0.6747 | test loss 0.2792 AP 0.6629 | best val 0.6747 (epoch 49, test 0.6629487921316242)
epoch 050 | 175.1s | train loss 0.0988 AP 0.8477 | val loss 0.2415 AP 0.6698 | test loss 0.2484 AP 0.6621 | best val 0.6747 (epoch 49, test 0.6629487921316242)
epoch 051 | 175.6s | train loss 0.0970 AP 0.8531 | val loss 0.2428 AP 0.6715 | test loss 0.2525 AP 0.6644 | best val 0.6747 (epoch 49, test 0.6629487921316242)
epoch 052 | 176.3s | train loss 0.0937 AP 0.8604 | val loss 0.2665 AP 0.6615 | test loss 0.2668 AP 0.6732 | best val 0.6747 (epoch 49, test 0.6629487921316242)
epoch 053 | 176.8s | train loss 0.0940 AP 0.8609 | val loss 0.2591 AP 0.6605 | test loss 0.2702 AP 0.6658 | best val 0.6747 (epoch 49, test 0.6629487921316242)
epoch 054 | 175.4s | train loss 0.0924 AP 0.8645 | val loss 0.2546 AP 0.6752 | test loss 0.2720 AP 0.6636 | best val 0.6752 (epoch 54, test 0.6636376164252489)
epoch 055 | 187.1s | train loss 0.0898 AP 0.8716 | val loss 0.2611 AP 0.6627 | test loss 0.2781 AP 0.6584 | best val 0.6752 (epoch 54, test 0.6636376164252489)
epoch 056 | 187.0s | train loss 0.0899 AP 0.8678 | val loss 0.2635 AP 0.6701 | test loss 0.2734 AP 0.6576 | best val 0.6752 (epoch 54, test 0.6636376164252489)
epoch 057 | 191.0s | train loss 0.0888 AP 0.8737 | val loss 0.2678 AP 0.6663 | test loss 0.2888 AP 0.6524 | best val 0.6752 (epoch 54, test 0.6636376164252489)
epoch 058 | 188.8s | train loss 0.0857 AP 0.8777 | val loss 0.2745 AP 0.6744 | test loss 0.2924 AP 0.6725 | best val 0.6752 (epoch 54, test 0.6636376164252489)
epoch 059 | 175.0s | train loss 0.0855 AP 0.8819 | val loss 0.2581 AP 0.6723 | test loss 0.2655 AP 0.6713 | best val 0.6752 (epoch 54, test 0.6636376164252489)
epoch 060 | 174.4s | train loss 0.0836 AP 0.8856 | val loss 0.2615 AP 0.6893 | test loss 0.2935 AP 0.6705 | best val 0.6893 (epoch 60, test 0.6704723843878051)
epoch 061 | 176.1s | train loss 0.0823 AP 0.8824 | val loss 0.2643 AP 0.6785 | test loss 0.2873 AP 0.6652 | best val 0.6893 (epoch 60, test 0.6704723843878051)
epoch 062 | 175.3s | train loss 0.0803 AP 0.8882 | val loss 0.2723 AP 0.6747 | test loss 0.2992 AP 0.6702 | best val 0.6893 (epoch 60, test 0.6704723843878051)
epoch 063 | 173.5s | train loss 0.0808 AP 0.8887 | val loss 0.2784 AP 0.6731 | test loss 0.2910 AP 0.6691 | best val 0.6893 (epoch 60, test 0.6704723843878051)
epoch 064 | 177.6s | train loss 0.0797 AP 0.8935 | val loss 0.2636 AP 0.6814 | test loss 0.2785 AP 0.6729 | best val 0.6893 (epoch 60, test 0.6704723843878051)
epoch 065 | 174.8s | train loss 0.0792 AP 0.8904 | val loss 0.2771 AP 0.6776 | test loss 0.2834 AP 0.6717 | best val 0.6893 (epoch 60, test 0.6704723843878051)
epoch 066 | 176.8s | train loss 0.0762 AP 0.8992 | val loss 0.2846 AP 0.6690 | test loss 0.3005 AP 0.6564 | best val 0.6893 (epoch 60, test 0.6704723843878051)
epoch 067 | 186.5s | train loss 0.0750 AP 0.9025 | val loss 0.2866 AP 0.6768 | test loss 0.3019 AP 0.6662 | best val 0.6893 (epoch 60, test 0.6704723843878051)
epoch 068 | 183.8s | train loss 0.0758 AP 0.8987 | val loss 0.2742 AP 0.6740 | test loss 0.2932 AP 0.6716 | best val 0.6893 (epoch 60, test 0.6704723843878051)
epoch 069 | 183.7s | train loss 0.0733 AP 0.9055 | val loss 0.2739 AP 0.6823 | test loss 0.2854 AP 0.6803 | best val 0.6893 (epoch 60, test 0.6704723843878051)
epoch 070 | 189.1s | train loss 0.0698 AP 0.9097 | val loss 0.2900 AP 0.6829 | test loss 0.2997 AP 0.6813 | best val 0.6893 (epoch 60, test 0.6704723843878051)
epoch 071 | 186.0s | train loss 0.0716 AP 0.9089 | val loss 0.2801 AP 0.6831 | test loss 0.2927 AP 0.6813 | best val 0.6893 (epoch 60, test 0.6704723843878051)
epoch 072 | 185.3s | train loss 0.0688 AP 0.9128 | val loss 0.2823 AP 0.6834 | test loss 0.3053 AP 0.6686 | best val 0.6893 (epoch 60, test 0.6704723843878051)
epoch 073 | 189.0s | train loss 0.0670 AP 0.9164 | val loss 0.2882 AP 0.6887 | test loss 0.3098 AP 0.6828 | best val 0.6893 (epoch 60, test 0.6704723843878051)
epoch 074 | 182.3s | train loss 0.0695 AP 0.9157 | val loss 0.2730 AP 0.6817 | test loss 0.2744 AP 0.6901 | best val 0.6893 (epoch 60, test 0.6704723843878051)
epoch 075 | 184.5s | train loss 0.0668 AP 0.9176 | val loss 0.2888 AP 0.6783 | test loss 0.2913 AP 0.6860 | best val 0.6893 (epoch 60, test 0.6704723843878051)
epoch 076 | 186.5s | train loss 0.0644 AP 0.9223 | val loss 0.2871 AP 0.6736 | test loss 0.2900 AP 0.6841 | best val 0.6893 (epoch 60, test 0.6704723843878051)
epoch 077 | 186.2s | train loss 0.0657 AP 0.9207 | val loss 0.2938 AP 0.6721 | test loss 0.2924 AP 0.6849 | best val 0.6893 (epoch 60, test 0.6704723843878051)
epoch 078 | 185.1s | train loss 0.0631 AP 0.9272 | val loss 0.3056 AP 0.6714 | test loss 0.3178 AP 0.6706 | best val 0.6893 (epoch 60, test 0.6704723843878051)
epoch 079 | 186.5s | train loss 0.0622 AP 0.9283 | val loss 0.3062 AP 0.6659 | test loss 0.3087 AP 0.6819 | best val 0.6893 (epoch 60, test 0.6704723843878051)
epoch 080 | 184.3s | train loss 0.0618 AP 0.9269 | val loss 0.3071 AP 0.6657 | test loss 0.3101 AP 0.6876 | best val 0.6893 (epoch 60, test 0.6704723843878051)
epoch 081 | 183.7s | train loss 0.0611 AP 0.9295 | val loss 0.3139 AP 0.6718 | test loss 0.3140 AP 0.6759 | best val 0.6893 (epoch 60, test 0.6704723843878051)
epoch 082 | 185.5s | train loss 0.0594 AP 0.9323 | val loss 0.3053 AP 0.6845 | test loss 0.3133 AP 0.6877 | best val 0.6893 (epoch 60, test 0.6704723843878051)
epoch 083 | 185.1s | train loss 0.0586 AP 0.9357 | val loss 0.3094 AP 0.6762 | test loss 0.3080 AP 0.6897 | best val 0.6893 (epoch 60, test 0.6704723843878051)
epoch 084 | 185.2s | train loss 0.0587 AP 0.9320 | val loss 0.3112 AP 0.6712 | test loss 0.3056 AP 0.6847 | best val 0.6893 (epoch 60, test 0.6704723843878051)
epoch 085 | 185.6s | train loss 0.0561 AP 0.9392 | val loss 0.3121 AP 0.6803 | test loss 0.3030 AP 0.6959 | best val 0.6893 (epoch 60, test 0.6704723843878051)
epoch 086 | 182.9s | train loss 0.0583 AP 0.9347 | val loss 0.3181 AP 0.6829 | test loss 0.3208 AP 0.6900 | best val 0.6893 (epoch 60, test 0.6704723843878051)
epoch 087 | 189.2s | train loss 0.0569 AP 0.9377 | val loss 0.3350 AP 0.6855 | test loss 0.3331 AP 0.6829 | best val 0.6893 (epoch 60, test 0.6704723843878051)
epoch 088 | 186.6s | train loss 0.0546 AP 0.9419 | val loss 0.3183 AP 0.6862 | test loss 0.3232 AP 0.6883 | best val 0.6893 (epoch 60, test 0.6704723843878051)
epoch 089 | 185.0s | train loss 0.0529 AP 0.9467 | val loss 0.3374 AP 0.6867 | test loss 0.3360 AP 0.6920 | best val 0.6893 (epoch 60, test 0.6704723843878051)
epoch 090 | 187.2s | train loss 0.0531 AP 0.9438 | val loss 0.3305 AP 0.6839 | test loss 0.3250 AP 0.6920 | best val 0.6893 (epoch 60, test 0.6704723843878051)
epoch 091 | 183.8s | train loss 0.0524 AP 0.9458 | val loss 0.3406 AP 0.6849 | test loss 0.3435 AP 0.6905 | best val 0.6893 (epoch 60, test 0.6704723843878051)
epoch 092 | 192.5s | train loss 0.0521 AP 0.9465 | val loss 0.3357 AP 0.6742 | test loss 0.3218 AP 0.6861 | best val 0.6893 (epoch 60, test 0.6704723843878051)
epoch 093 | 188.4s | train loss 0.0517 AP 0.9464 | val loss 0.3345 AP 0.6819 | test loss 0.3269 AP 0.6874 | best val 0.6893 (epoch 60, test 0.6704723843878051)
epoch 094 | 185.0s | train loss 0.0504 AP 0.9482 | val loss 0.3400 AP 0.6815 | test loss 0.3391 AP 0.6898 | best val 0.6893 (epoch 60, test 0.6704723843878051)
epoch 095 | 184.9s | train loss 0.0509 AP 0.9481 | val loss 0.3233 AP 0.6807 | test loss 0.3195 AP 0.6915 | best val 0.6893 (epoch 60, test 0.6704723843878051)
epoch 096 | 187.3s | train loss 0.0492 AP 0.9482 | val loss 0.3268 AP 0.6916 | test loss 0.3343 AP 0.6935 | best val 0.6916 (epoch 96, test 0.6934932956638671)
epoch 097 | 184.4s | train loss 0.0480 AP 0.9515 | val loss 0.3341 AP 0.6875 | test loss 0.3414 AP 0.6912 | best val 0.6916 (epoch 96, test 0.6934932956638671)
epoch 098 | 183.8s | train loss 0.0483 AP 0.9507 | val loss 0.3265 AP 0.6940 | test loss 0.3316 AP 0.6859 | best val 0.6940 (epoch 98, test 0.6858519610352608)
epoch 099 | 185.8s | train loss 0.0480 AP 0.9523 | val loss 0.3354 AP 0.6907 | test loss 0.3341 AP 0.6895 | best val 0.6940 (epoch 98, test 0.6858519610352608)
epoch 100 | 183.3s | train loss 0.0458 AP 0.9565 | val loss 0.3391 AP 0.6863 | test loss 0.3397 AP 0.6825 | best val 0.6940 (epoch 98, test 0.6858519610352608)
epoch 101 | 183.9s | train loss 0.0467 AP 0.9535 | val loss 0.3402 AP 0.6843 | test loss 0.3374 AP 0.6851 | best val 0.6940 (epoch 98, test 0.6858519610352608)
epoch 102 | 185.4s | train loss 0.0433 AP 0.9587 | val loss 0.3662 AP 0.6782 | test loss 0.3690 AP 0.6864 | best val 0.6940 (epoch 98, test 0.6858519610352608)
epoch 103 | 185.3s | train loss 0.0433 AP 0.9588 | val loss 0.3600 AP 0.6819 | test loss 0.3624 AP 0.6833 | best val 0.6940 (epoch 98, test 0.6858519610352608)
epoch 104 | 183.9s | train loss 0.0441 AP 0.9613 | val loss 0.3378 AP 0.6787 | test loss 0.3363 AP 0.6825 | best val 0.6940 (epoch 98, test 0.6858519610352608)
epoch 105 | 185.4s | train loss 0.0420 AP 0.9604 | val loss 0.3646 AP 0.6847 | test loss 0.3628 AP 0.6951 | best val 0.6940 (epoch 98, test 0.6858519610352608)
epoch 106 | 184.0s | train loss 0.0426 AP 0.9614 | val loss 0.3611 AP 0.6821 | test loss 0.3524 AP 0.6890 | best val 0.6940 (epoch 98, test 0.6858519610352608)
epoch 107 | 185.8s | train loss 0.0431 AP 0.9623 | val loss 0.3446 AP 0.6918 | test loss 0.3448 AP 0.6931 | best val 0.6940 (epoch 98, test 0.6858519610352608)
epoch 108 | 185.5s | train loss 0.0430 AP 0.9602 | val loss 0.3445 AP 0.6875 | test loss 0.3458 AP 0.6942 | best val 0.6940 (epoch 98, test 0.6858519610352608)
epoch 109 | 183.9s | train loss 0.0416 AP 0.9624 | val loss 0.3413 AP 0.6897 | test loss 0.3468 AP 0.6983 | best val 0.6940 (epoch 98, test 0.6858519610352608)
epoch 110 | 187.2s | train loss 0.0392 AP 0.9685 | val loss 0.3568 AP 0.6888 | test loss 0.3633 AP 0.6867 | best val 0.6940 (epoch 98, test 0.6858519610352608)
epoch 111 | 186.1s | train loss 0.0390 AP 0.9687 | val loss 0.3722 AP 0.6846 | test loss 0.3659 AP 0.6978 | best val 0.6940 (epoch 98, test 0.6858519610352608)
epoch 112 | 184.1s | train loss 0.0387 AP 0.9662 | val loss 0.3658 AP 0.6864 | test loss 0.3633 AP 0.6978 | best val 0.6940 (epoch 98, test 0.6858519610352608)
epoch 113 | 189.1s | train loss 0.0373 AP 0.9679 | val loss 0.3612 AP 0.6935 | test loss 0.3659 AP 0.7016 | best val 0.6940 (epoch 98, test 0.6858519610352608)
epoch 114 | 186.2s | train loss 0.0388 AP 0.9677 | val loss 0.3593 AP 0.6868 | test loss 0.3662 AP 0.6971 | best val 0.6940 (epoch 98, test 0.6858519610352608)
epoch 115 | 185.9s | train loss 0.0380 AP 0.9671 | val loss 0.3537 AP 0.6919 | test loss 0.3636 AP 0.6956 | best val 0.6940 (epoch 98, test 0.6858519610352608)
epoch 116 | 185.7s | train loss 0.0351 AP 0.9737 | val loss 0.3801 AP 0.6877 | test loss 0.3836 AP 0.6953 | best val 0.6940 (epoch 98, test 0.6858519610352608)
epoch 117 | 183.9s | train loss 0.0363 AP 0.9724 | val loss 0.3673 AP 0.6879 | test loss 0.3823 AP 0.6943 | best val 0.6940 (epoch 98, test 0.6858519610352608)
epoch 118 | 189.8s | train loss 0.0366 AP 0.9699 | val loss 0.3664 AP 0.6898 | test loss 0.3752 AP 0.6923 | best val 0.6940 (epoch 98, test 0.6858519610352608)
epoch 119 | 189.0s | train loss 0.0360 AP 0.9709 | val loss 0.3650 AP 0.6849 | test loss 0.3701 AP 0.6960 | best val 0.6940 (epoch 98, test 0.6858519610352608)
epoch 120 | 185.3s | train loss 0.0352 AP 0.9737 | val loss 0.3660 AP 0.6885 | test loss 0.3768 AP 0.6923 | best val 0.6940 (epoch 98, test 0.6858519610352608)
epoch 121 | 186.2s | train loss 0.0338 AP 0.9718 | val loss 0.3815 AP 0.6865 | test loss 0.3856 AP 0.6910 | best val 0.6940 (epoch 98, test 0.6858519610352608)
epoch 122 | 186.7s | train loss 0.0328 AP 0.9730 | val loss 0.3947 AP 0.6824 | test loss 0.3950 AP 0.6931 | best val 0.6940 (epoch 98, test 0.6858519610352608)
epoch 123 | 186.6s | train loss 0.0336 AP 0.9752 | val loss 0.3961 AP 0.6824 | test loss 0.3943 AP 0.6916 | best val 0.6940 (epoch 98, test 0.6858519610352608)
epoch 124 | 184.0s | train loss 0.0332 AP 0.9722 | val loss 0.3867 AP 0.6838 | test loss 0.3898 AP 0.6974 | best val 0.6940 (epoch 98, test 0.6858519610352608)
epoch 125 | 187.9s | train loss 0.0329 AP 0.9773 | val loss 0.3768 AP 0.6848 | test loss 0.3871 AP 0.6955 | best val 0.6940 (epoch 98, test 0.6858519610352608)
epoch 126 | 185.9s | train loss 0.0319 AP 0.9768 | val loss 0.3832 AP 0.6915 | test loss 0.3946 AP 0.6957 | best val 0.6940 (epoch 98, test 0.6858519610352608)
epoch 127 | 185.1s | train loss 0.0306 AP 0.9777 | val loss 0.4005 AP 0.6873 | test loss 0.4075 AP 0.6960 | best val 0.6940 (epoch 98, test 0.6858519610352608)
epoch 128 | 186.9s | train loss 0.0313 AP 0.9797 | val loss 0.4076 AP 0.6840 | test loss 0.4091 AP 0.6948 | best val 0.6940 (epoch 98, test 0.6858519610352608)
epoch 129 | 184.5s | train loss 0.0305 AP 0.9779 | val loss 0.4073 AP 0.6842 | test loss 0.4090 AP 0.6954 | best val 0.6940 (epoch 98, test 0.6858519610352608)
epoch 130 | 198.7s | train loss 0.0303 AP 0.9763 | val loss 0.3923 AP 0.6865 | test loss 0.3979 AP 0.6967 | best val 0.6940 (epoch 98, test 0.6858519610352608)
epoch 131 | 184.1s | train loss 0.0296 AP 0.9780 | val loss 0.4144 AP 0.6822 | test loss 0.4154 AP 0.6938 | best val 0.6940 (epoch 98, test 0.6858519610352608)
epoch 132 | 185.6s | train loss 0.0283 AP 0.9808 | val loss 0.4167 AP 0.6878 | test loss 0.4192 AP 0.6979 | best val 0.6940 (epoch 98, test 0.6858519610352608)
epoch 133 | 199.2s | train loss 0.0285 AP 0.9789 | val loss 0.4097 AP 0.6869 | test loss 0.4161 AP 0.6967 | best val 0.6940 (epoch 98, test 0.6858519610352608)
epoch 134 | 185.5s | train loss 0.0283 AP 0.9796 | val loss 0.4335 AP 0.6820 | test loss 0.4327 AP 0.6963 | best val 0.6940 (epoch 98, test 0.6858519610352608)
epoch 135 | 182.3s | train loss 0.0289 AP 0.9792 | val loss 0.4079 AP 0.6817 | test loss 0.4109 AP 0.6991 | best val 0.6940 (epoch 98, test 0.6858519610352608)
epoch 136 | 186.9s | train loss 0.0272 AP 0.9803 | val loss 0.4280 AP 0.6831 | test loss 0.4194 AP 0.7031 | best val 0.6940 (epoch 98, test 0.6858519610352608)
epoch 137 | 185.5s | train loss 0.0264 AP 0.9818 | val loss 0.4326 AP 0.6784 | test loss 0.4238 AP 0.7021 | best val 0.6940 (epoch 98, test 0.6858519610352608)
epoch 138 | 183.9s | train loss 0.0278 AP 0.9791 | val loss 0.4161 AP 0.6872 | test loss 0.4208 AP 0.7033 | best val 0.6940 (epoch 98, test 0.6858519610352608)
early stopping at epoch 138 (no val improvement in 40 epochs)
BEST: val AP 0.6940 | test AP 0.6859 (epoch 98)
