[Peptides-func] task=multi_label level=graph metric=macro_ap (higher_is_better=True)
trainable params: 3.275M
epoch 000 | 108.7s | train loss 0.5142 AP 0.1642 | val loss 0.4152 AP 0.1932 | test loss 0.4152 AP 0.1865 | best val 0.1932 (epoch 0, test 0.18645590776364024)
epoch 001 |  82.4s | train loss 0.3817 AP 0.1655 | val loss 0.3591 AP 0.2033 | test loss 0.3592 AP 0.1963 | best val 0.2033 (epoch 1, test 0.19632457213121218)
epoch 002 |  85.9s | train loss 0.3630 AP 0.1706 | val loss 0.3545 AP 0.2112 | test loss 0.3540 AP 0.2079 | best val 0.2112 (epoch 2, test 0.2079306559201488)
epoch 003 |  94.0s | train loss 0.3461 AP 0.2256 | val loss 0.3265 AP 0.3188 | test loss 0.3295 AP 0.3064 | best val 0.3188 (epoch 3, test 0.3063985000712076)
epoch 004 |  99.4s | train loss 0.3229 AP 0.2874 | val loss 0.2997 AP 0.3572 | test loss 0.3044 AP 0.3440 | best val 0.3572 (epoch 4, test 0.34395646092375404)
epoch 005 | 101.5s | train loss 0.3061 AP 0.3250 | val loss 0.2997 AP 0.3657 | test loss 0.3041 AP 0.3504 | best val 0.3657 (epoch 5, test 0.3503504098405853)
epoch 006 |  85.0s | train loss 0.3000 AP 0.3358 | val loss 0.2901 AP 0.3789 | test loss 0.2933 AP 0.3783 | best val 0.3789 (epoch 6, test 0.3782633700945671)
epoch 007 |  86.2s | train loss 0.2957 AP 0.3513 | val loss 0.2947 AP 0.3743 | test loss 0.2980 AP 0.3683 | best val 0.3789 (epoch 6, test 0.3782633700945671)
epoch 008 |  97.7s | train loss 0.2888 AP 0.3673 | val loss 0.2858 AP 0.3977 | test loss 0.2896 AP 0.3911 | best val 0.3977 (epoch 8, test 0.39110591724420496)
epoch 009 | 105.4s | train loss 0.2816 AP 0.3848 | val loss 0.2830 AP 0.4139 | test loss 0.2866 AP 0.3983 | best val 0.4139 (epoch 9, test 0.39825340693667266)
epoch 010 | 105.0s | train loss 0.2817 AP 0.3858 | val loss 0.2888 AP 0.4164 | test loss 0.2952 AP 0.3985 | best val 0.4164 (epoch 10, test 0.39849828999757725)
epoch 011 | 105.9s | train loss 0.2710 AP 0.4110 | val loss 0.2760 AP 0.4299 | test loss 0.2824 AP 0.4102 | best val 0.4299 (epoch 11, test 0.4102084327012115)
epoch 012 |  94.7s | train loss 0.2707 AP 0.4125 | val loss 0.2779 AP 0.4151 | test loss 0.2864 AP 0.4004 | best val 0.4299 (epoch 11, test 0.4102084327012115)
epoch 013 |  95.6s | train loss 0.2674 AP 0.4233 | val loss 0.2654 AP 0.4451 | test loss 0.2724 AP 0.4365 | best val 0.4451 (epoch 13, test 0.43647836877833124)
epoch 014 |  99.2s | train loss 0.2633 AP 0.4288 | val loss 0.2695 AP 0.4462 | test loss 0.2779 AP 0.4254 | best val 0.4462 (epoch 14, test 0.42541336112879674)
epoch 015 | 100.1s | train loss 0.2596 AP 0.4388 | val loss 0.2887 AP 0.4340 | test loss 0.2951 AP 0.4099 | best val 0.4462 (epoch 14, test 0.42541336112879674)
epoch 016 | 102.5s | train loss 0.2599 AP 0.4382 | val loss 0.2598 AP 0.4705 | test loss 0.2702 AP 0.4425 | best val 0.4705 (epoch 16, test 0.44246356491343014)
epoch 017 |  85.0s | train loss 0.2517 AP 0.4604 | val loss 0.2605 AP 0.4629 | test loss 0.2707 AP 0.4442 | best val 0.4705 (epoch 16, test 0.44246356491343014)
epoch 018 |  95.2s | train loss 0.2526 AP 0.4588 | val loss 0.2743 AP 0.4482 | test loss 0.2797 AP 0.4417 | best val 0.4705 (epoch 16, test 0.44246356491343014)
epoch 019 |  96.0s | train loss 0.2516 AP 0.4579 | val loss 0.2543 AP 0.4686 | test loss 0.2607 AP 0.4528 | best val 0.4705 (epoch 16, test 0.44246356491343014)
epoch 020 | 100.0s | train loss 0.2476 AP 0.4725 | val loss 0.2575 AP 0.4819 | test loss 0.2652 AP 0.4621 | best val 0.4819 (epoch 20, test 0.46214754933298624)
epoch 021 |  94.2s | train loss 0.2448 AP 0.4822 | val loss 0.2555 AP 0.4785 | test loss 0.2622 AP 0.4569 | best val 0.4819 (epoch 20, test 0.46214754933298624)
epoch 022 |  95.2s | train loss 0.2443 AP 0.4812 | val loss 0.2563 AP 0.4856 | test loss 0.2662 AP 0.4590 | best val 0.4856 (epoch 22, test 0.459014631582089)
epoch 023 |  88.5s | train loss 0.2402 AP 0.4880 | val loss 0.2539 AP 0.4865 | test loss 0.2577 AP 0.4684 | best val 0.4865 (epoch 23, test 0.4684107082659703)
epoch 024 |  83.7s | train loss 0.2415 AP 0.4913 | val loss 0.2611 AP 0.4911 | test loss 0.2731 AP 0.4597 | best val 0.4911 (epoch 24, test 0.4596559257530489)
epoch 025 |  96.2s | train loss 0.2363 AP 0.5037 | val loss 0.2553 AP 0.5039 | test loss 0.2601 AP 0.4864 | best val 0.5039 (epoch 25, test 0.48644487671737197)
epoch 026 | 105.7s | train loss 0.2366 AP 0.5047 | val loss 0.2543 AP 0.5098 | test loss 0.2603 AP 0.4795 | best val 0.5098 (epoch 26, test 0.4794503751491641)
epoch 027 |  86.5s | train loss 0.2339 AP 0.5075 | val loss 0.2514 AP 0.5134 | test loss 0.2572 AP 0.4835 | best val 0.5134 (epoch 27, test 0.48346317194895133)
epoch 028 | 100.7s | train loss 0.2313 AP 0.5183 | val loss 0.2471 AP 0.5134 | test loss 0.2536 AP 0.4896 | best val 0.5134 (epoch 28, test 0.4896120485694005)
epoch 029 |  90.0s | train loss 0.2324 AP 0.5211 | val loss 0.2705 AP 0.4911 | test loss 0.2756 AP 0.4669 | best val 0.5134 (epoch 28, test 0.4896120485694005)
epoch 030 |  98.9s | train loss 0.2280 AP 0.5285 | val loss 0.2479 AP 0.5106 | test loss 0.2557 AP 0.4911 | best val 0.5134 (epoch 28, test 0.4896120485694005)
epoch 031 |  97.7s | train loss 0.2253 AP 0.5416 | val loss 0.2519 AP 0.5160 | test loss 0.2620 AP 0.4737 | best val 0.5160 (epoch 31, test 0.47371405954309476)
epoch 032 |  98.0s | train loss 0.2253 AP 0.5367 | val loss 0.2567 AP 0.5027 | test loss 0.2603 AP 0.4733 | best val 0.5160 (epoch 31, test 0.47371405954309476)
epoch 033 |  95.1s | train loss 0.2212 AP 0.5492 | val loss 0.2486 AP 0.5359 | test loss 0.2537 AP 0.4973 | best val 0.5359 (epoch 33, test 0.49726694789129244)
epoch 034 |  86.4s | train loss 0.2235 AP 0.5437 | val loss 0.2472 AP 0.5382 | test loss 0.2600 AP 0.4889 | best val 0.5382 (epoch 34, test 0.48885166720724954)
epoch 035 | 101.6s | train loss 0.2199 AP 0.5569 | val loss 0.2723 AP 0.5018 | test loss 0.2821 AP 0.4736 | best val 0.5382 (epoch 34, test 0.48885166720724954)
epoch 036 | 102.0s | train loss 0.2190 AP 0.5583 | val loss 0.2496 AP 0.5319 | test loss 0.2566 AP 0.5012 | best val 0.5382 (epoch 34, test 0.48885166720724954)
epoch 037 |  94.6s | train loss 0.2159 AP 0.5662 | val loss 0.2585 AP 0.5175 | test loss 0.2649 AP 0.4970 | best val 0.5382 (epoch 34, test 0.48885166720724954)
epoch 038 |  95.0s | train loss 0.2159 AP 0.5697 | val loss 0.2465 AP 0.5543 | test loss 0.2551 AP 0.5145 | best val 0.5543 (epoch 38, test 0.514505148949517)
epoch 039 |  99.5s | train loss 0.2136 AP 0.5811 | val loss 0.2503 AP 0.5500 | test loss 0.2591 AP 0.5165 | best val 0.5543 (epoch 38, test 0.514505148949517)
epoch 040 |  85.3s | train loss 0.2102 AP 0.5866 | val loss 0.2548 AP 0.5234 | test loss 0.2620 AP 0.4930 | best val 0.5543 (epoch 38, test 0.514505148949517)
epoch 041 |  85.1s | train loss 0.2123 AP 0.5802 | val loss 0.2566 AP 0.5249 | test loss 0.2654 AP 0.5029 | best val 0.5543 (epoch 38, test 0.514505148949517)
epoch 042 | 108.6s | train loss 0.2069 AP 0.5930 | val loss 0.2729 AP 0.5310 | test loss 0.2838 AP 0.5016 | best val 0.5543 (epoch 38, test 0.514505148949517)
epoch 043 | 100.7s | train loss 0.2078 AP 0.6000 | val loss 0.2512 AP 0.5575 | test loss 0.2588 AP 0.5137 | best val 0.5575 (epoch 43, test 0.5137287036544035)
epoch 044 |  93.8s | train loss 0.2037 AP 0.6065 | val loss 0.2457 AP 0.5425 | test loss 0.2554 AP 0.5211 | best val 0.5575 (epoch 43, test 0.5137287036544035)
epoch 045 |  95.8s | train loss 0.2015 AP 0.6136 | val loss 0.2552 AP 0.5554 | test loss 0.2652 AP 0.5199 | best val 0.5575 (epoch 43, test 0.5137287036544035)
epoch 046 |  96.4s | train loss 0.2002 AP 0.6159 | val loss 0.2653 AP 0.5463 | test loss 0.2774 AP 0.5134 | best val 0.5575 (epoch 43, test 0.5137287036544035)
epoch 047 |  98.5s | train loss 0.1984 AP 0.6184 | val loss 0.2518 AP 0.5472 | test loss 0.2584 AP 0.5184 | best val 0.5575 (epoch 43, test 0.5137287036544035)
epoch 048 |  85.6s | train loss 0.1971 AP 0.6247 | val loss 0.2602 AP 0.5478 | test loss 0.2708 AP 0.5234 | best val 0.5575 (epoch 43, test 0.5137287036544035)
epoch 049 |  95.7s | train loss 0.1954 AP 0.6275 | val loss 0.2538 AP 0.5364 | test loss 0.2551 AP 0.5184 | best val 0.5575 (epoch 43, test 0.5137287036544035)
epoch 050 |  99.1s | train loss 0.1939 AP 0.6370 | val loss 0.2506 AP 0.5722 | test loss 0.2608 AP 0.5331 | best val 0.5722 (epoch 50, test 0.5331010464556891)
epoch 051 |  97.8s | train loss 0.1920 AP 0.6389 | val loss 0.2570 AP 0.5512 | test loss 0.2640 AP 0.5312 | best val 0.5722 (epoch 50, test 0.5331010464556891)
epoch 052 |  83.1s | train loss 0.1910 AP 0.6429 | val loss 0.2480 AP 0.5662 | test loss 0.2545 AP 0.5433 | best val 0.5722 (epoch 50, test 0.5331010464556891)
epoch 053 |  88.8s | train loss 0.1904 AP 0.6441 | val loss 0.2478 AP 0.5776 | test loss 0.2594 AP 0.5437 | best val 0.5776 (epoch 53, test 0.5436903174028269)
epoch 054 |  98.5s | train loss 0.1837 AP 0.6623 | val loss 0.2581 AP 0.5516 | test loss 0.2675 AP 0.5339 | best val 0.5776 (epoch 53, test 0.5436903174028269)
epoch 055 |  96.1s | train loss 0.1840 AP 0.6625 | val loss 0.2565 AP 0.5627 | test loss 0.2698 AP 0.5490 | best val 0.5776 (epoch 53, test 0.5436903174028269)
epoch 056 |  93.0s | train loss 0.1793 AP 0.6705 | val loss 0.2553 AP 0.5733 | test loss 0.2634 AP 0.5606 | best val 0.5776 (epoch 53, test 0.5436903174028269)
epoch 057 |  95.8s | train loss 0.1808 AP 0.6687 | val loss 0.2536 AP 0.5792 | test loss 0.2630 AP 0.5522 | best val 0.5792 (epoch 57, test 0.5521802854484048)
epoch 058 |  95.2s | train loss 0.1747 AP 0.6900 | val loss 0.2687 AP 0.5654 | test loss 0.2879 AP 0.5353 | best val 0.5792 (epoch 57, test 0.5521802854484048)
epoch 059 |  96.7s | train loss 0.1743 AP 0.6849 | val loss 0.2507 AP 0.5878 | test loss 0.2671 AP 0.5591 | best val 0.5878 (epoch 59, test 0.5591394281276478)
epoch 060 |  89.3s | train loss 0.1753 AP 0.6789 | val loss 0.2574 AP 0.5817 | test loss 0.2656 AP 0.5608 | best val 0.5878 (epoch 59, test 0.5591394281276478)
epoch 061 |  96.8s | train loss 0.1702 AP 0.6934 | val loss 0.2547 AP 0.5818 | test loss 0.2686 AP 0.5470 | best val 0.5878 (epoch 59, test 0.5591394281276478)
epoch 062 |  93.0s | train loss 0.1689 AP 0.7009 | val loss 0.2499 AP 0.5823 | test loss 0.2620 AP 0.5543 | best val 0.5878 (epoch 59, test 0.5591394281276478)
epoch 063 | 100.3s | train loss 0.1648 AP 0.7137 | val loss 0.2532 AP 0.5875 | test loss 0.2747 AP 0.5508 | best val 0.5878 (epoch 59, test 0.5591394281276478)
epoch 064 | 104.2s | train loss 0.1654 AP 0.7086 | val loss 0.2526 AP 0.5820 | test loss 0.2690 AP 0.5551 | best val 0.5878 (epoch 59, test 0.5591394281276478)
epoch 065 | 107.5s | train loss 0.1620 AP 0.7195 | val loss 0.2615 AP 0.5768 | test loss 0.2704 AP 0.5611 | best val 0.5878 (epoch 59, test 0.5591394281276478)
epoch 066 | 106.9s | train loss 0.1604 AP 0.7219 | val loss 0.2599 AP 0.5826 | test loss 0.2830 AP 0.5466 | best val 0.5878 (epoch 59, test 0.5591394281276478)
epoch 067 |  99.2s | train loss 0.1578 AP 0.7267 | val loss 0.2805 AP 0.5686 | test loss 0.2862 AP 0.5542 | best val 0.5878 (epoch 59, test 0.5591394281276478)
epoch 068 |  86.9s | train loss 0.1549 AP 0.7332 | val loss 0.2732 AP 0.5909 | test loss 0.2845 AP 0.5657 | best val 0.5909 (epoch 68, test 0.5657320384108057)
epoch 069 | 103.5s | train loss 0.1584 AP 0.7297 | val loss 0.2748 AP 0.5719 | test loss 0.2866 AP 0.5591 | best val 0.5909 (epoch 68, test 0.5657320384108057)
epoch 070 |  95.5s | train loss 0.1510 AP 0.7478 | val loss 0.2736 AP 0.5725 | test loss 0.2870 AP 0.5602 | best val 0.5909 (epoch 68, test 0.5657320384108057)
epoch 071 | 108.4s | train loss 0.1484 AP 0.7511 | val loss 0.2816 AP 0.5732 | test loss 0.2931 AP 0.5494 | best val 0.5909 (epoch 68, test 0.5657320384108057)
epoch 072 | 100.4s | train loss 0.1446 AP 0.7595 | val loss 0.2647 AP 0.5854 | test loss 0.2726 AP 0.5673 | best val 0.5909 (epoch 68, test 0.5657320384108057)
epoch 073 |  94.1s | train loss 0.1440 AP 0.7609 | val loss 0.2686 AP 0.5740 | test loss 0.2894 AP 0.5562 | best val 0.5909 (epoch 68, test 0.5657320384108057)
epoch 074 |  83.1s | train loss 0.1424 AP 0.7674 | val loss 0.2764 AP 0.5829 | test loss 0.2859 AP 0.5656 | best val 0.5909 (epoch 68, test 0.5657320384108057)
epoch 075 |  98.2s | train loss 0.1396 AP 0.7686 | val loss 0.2791 AP 0.5690 | test loss 0.2919 AP 0.5591 | best val 0.5909 (epoch 68, test 0.5657320384108057)
epoch 076 |  98.1s | train loss 0.1405 AP 0.7700 | val loss 0.2608 AP 0.5987 | test loss 0.2830 AP 0.5660 | best val 0.5987 (epoch 76, test 0.5659978334148371)
epoch 077 |  83.0s | train loss 0.1361 AP 0.7773 | val loss 0.2706 AP 0.5822 | test loss 0.2942 AP 0.5582 | best val 0.5987 (epoch 76, test 0.5659978334148371)
epoch 078 |  95.4s | train loss 0.1337 AP 0.7830 | val loss 0.2856 AP 0.5819 | test loss 0.3142 AP 0.5538 | best val 0.5987 (epoch 76, test 0.5659978334148371)
epoch 079 |  96.3s | train loss 0.1296 AP 0.7921 | val loss 0.2763 AP 0.5919 | test loss 0.3009 AP 0.5591 | best val 0.5987 (epoch 76, test 0.5659978334148371)
epoch 080 |  95.6s | train loss 0.1284 AP 0.7953 | val loss 0.2784 AP 0.5942 | test loss 0.3040 AP 0.5639 | best val 0.5987 (epoch 76, test 0.5659978334148371)
epoch 081 |  93.3s | train loss 0.1255 AP 0.7981 | val loss 0.2944 AP 0.5800 | test loss 0.3119 AP 0.5639 | best val 0.5987 (epoch 76, test 0.5659978334148371)
epoch 082 | 100.3s | train loss 0.1236 AP 0.8047 | val loss 0.2945 AP 0.5761 | test loss 0.3155 AP 0.5688 | best val 0.5987 (epoch 76, test 0.5659978334148371)
epoch 083 |  84.1s | train loss 0.1223 AP 0.8081 | val loss 0.2865 AP 0.5844 | test loss 0.3112 AP 0.5682 | best val 0.5987 (epoch 76, test 0.5659978334148371)
epoch 084 |  84.1s | train loss 0.1198 AP 0.8150 | val loss 0.2897 AP 0.5915 | test loss 0.3111 AP 0.5739 | best val 0.5987 (epoch 76, test 0.5659978334148371)
epoch 085 |  82.8s | train loss 0.1182 AP 0.8162 | val loss 0.2886 AP 0.5958 | test loss 0.3105 AP 0.5757 | best val 0.5987 (epoch 76, test 0.5659978334148371)
epoch 086 |  96.5s | train loss 0.1166 AP 0.8233 | val loss 0.2960 AP 0.5887 | test loss 0.3225 AP 0.5628 | best val 0.5987 (epoch 76, test 0.5659978334148371)
epoch 087 |  83.8s | train loss 0.1138 AP 0.8283 | val loss 0.3099 AP 0.5683 | test loss 0.3227 AP 0.5696 | best val 0.5987 (epoch 76, test 0.5659978334148371)
epoch 088 |  84.3s | train loss 0.1140 AP 0.8280 | val loss 0.3230 AP 0.5804 | test loss 0.3487 AP 0.5648 | best val 0.5987 (epoch 76, test 0.5659978334148371)
epoch 089 |  89.8s | train loss 0.1105 AP 0.8358 | val loss 0.2985 AP 0.5839 | test loss 0.3307 AP 0.5540 | best val 0.5987 (epoch 76, test 0.5659978334148371)
epoch 090 |  89.0s | train loss 0.1083 AP 0.8411 | val loss 0.3185 AP 0.5905 | test loss 0.3392 AP 0.5683 | best val 0.5987 (epoch 76, test 0.5659978334148371)
epoch 091 |  99.0s | train loss 0.1055 AP 0.8444 | val loss 0.3276 AP 0.5709 | test loss 0.3471 AP 0.5630 | best val 0.5987 (epoch 76, test 0.5659978334148371)
epoch 092 |  92.7s | train loss 0.1022 AP 0.8485 | val loss 0.3301 AP 0.5631 | test loss 0.3366 AP 0.5696 | best val 0.5987 (epoch 76, test 0.5659978334148371)
epoch 093 | 107.9s | train loss 0.1042 AP 0.8499 | val loss 0.3244 AP 0.5792 | test loss 0.3312 AP 0.5808 | best val 0.5987 (epoch 76, test 0.5659978334148371)
epoch 094 | 102.2s | train loss 0.1005 AP 0.8554 | val loss 0.3250 AP 0.5871 | test loss 0.3611 AP 0.5697 | best val 0.5987 (epoch 76, test 0.5659978334148371)
epoch 095 |  94.8s | train loss 0.0944 AP 0.8620 | val loss 0.3206 AP 0.5974 | test loss 0.3499 AP 0.5695 | best val 0.5987 (epoch 76, test 0.5659978334148371)
epoch 096 | 100.6s | train loss 0.0944 AP 0.8656 | val loss 0.3272 AP 0.5940 | test loss 0.3584 AP 0.5729 | best val 0.5987 (epoch 76, test 0.5659978334148371)
epoch 097 | 102.5s | train loss 0.0914 AP 0.8703 | val loss 0.3483 AP 0.5892 | test loss 0.3781 AP 0.5730 | best val 0.5987 (epoch 76, test 0.5659978334148371)
epoch 098 | 100.9s | train loss 0.0918 AP 0.8723 | val loss 0.3324 AP 0.5987 | test loss 0.3580 AP 0.5769 | best val 0.5987 (epoch 76, test 0.5659978334148371)
epoch 099 | 103.7s | train loss 0.0881 AP 0.8778 | val loss 0.3462 AP 0.5925 | test loss 0.3679 AP 0.5672 | best val 0.5987 (epoch 76, test 0.5659978334148371)
epoch 100 |  95.9s | train loss 0.0855 AP 0.8835 | val loss 0.3367 AP 0.5998 | test loss 0.3680 AP 0.5702 | best val 0.5998 (epoch 100, test 0.5701971223208322)
epoch 101 |  97.3s | train loss 0.0823 AP 0.8886 | val loss 0.3791 AP 0.5923 | test loss 0.4044 AP 0.5663 | best val 0.5998 (epoch 100, test 0.5701971223208322)
epoch 102 |  95.2s | train loss 0.0823 AP 0.8877 | val loss 0.3545 AP 0.5912 | test loss 0.3762 AP 0.5782 | best val 0.5998 (epoch 100, test 0.5701971223208322)
epoch 103 |  82.5s | train loss 0.0789 AP 0.8960 | val loss 0.3696 AP 0.5733 | test loss 0.3976 AP 0.5595 | best val 0.5998 (epoch 100, test 0.5701971223208322)
epoch 104 |  97.0s | train loss 0.0802 AP 0.8963 | val loss 0.3648 AP 0.5891 | test loss 0.3968 AP 0.5733 | best val 0.5998 (epoch 100, test 0.5701971223208322)
epoch 105 |  82.1s | train loss 0.0759 AP 0.9008 | val loss 0.3748 AP 0.5767 | test loss 0.3982 AP 0.5662 | best val 0.5998 (epoch 100, test 0.5701971223208322)
epoch 106 |  95.4s | train loss 0.0779 AP 0.8974 | val loss 0.3942 AP 0.5711 | test loss 0.4279 AP 0.5477 | best val 0.5998 (epoch 100, test 0.5701971223208322)
epoch 107 |  85.3s | train loss 0.0742 AP 0.9066 | val loss 0.3852 AP 0.5821 | test loss 0.4064 AP 0.5606 | best val 0.5998 (epoch 100, test 0.5701971223208322)
epoch 108 | 101.7s | train loss 0.0703 AP 0.9107 | val loss 0.3944 AP 0.5938 | test loss 0.4044 AP 0.5809 | best val 0.5998 (epoch 100, test 0.5701971223208322)
epoch 109 | 100.8s | train loss 0.0708 AP 0.9117 | val loss 0.3709 AP 0.5889 | test loss 0.4101 AP 0.5649 | best val 0.5998 (epoch 100, test 0.5701971223208322)
epoch 110 |  98.5s | train loss 0.0655 AP 0.9200 | val loss 0.3987 AP 0.5843 | test loss 0.4252 AP 0.5694 | best val 0.5998 (epoch 100, test 0.5701971223208322)
epoch 111 |  84.3s | train loss 0.0659 AP 0.9213 | val loss 0.4084 AP 0.5862 | test loss 0.4193 AP 0.5695 | best val 0.5998 (epoch 100, test 0.5701971223208322)
epoch 112 | 105.0s | train loss 0.0629 AP 0.9250 | val loss 0.4216 AP 0.5742 | test loss 0.4379 AP 0.5676 | best val 0.5998 (epoch 100, test 0.5701971223208322)
epoch 113 | 103.2s | train loss 0.0612 AP 0.9280 | val loss 0.4233 AP 0.5888 | test loss 0.4473 AP 0.5684 | best val 0.5998 (epoch 100, test 0.5701971223208322)
epoch 114 |  86.1s | train loss 0.0624 AP 0.9276 | val loss 0.4210 AP 0.5973 | test loss 0.4417 AP 0.5702 | best val 0.5998 (epoch 100, test 0.5701971223208322)
epoch 115 | 104.9s | train loss 0.0602 AP 0.9308 | val loss 0.4080 AP 0.5894 | test loss 0.4474 AP 0.5632 | best val 0.5998 (epoch 100, test 0.5701971223208322)
epoch 116 |  95.3s | train loss 0.0592 AP 0.9349 | val loss 0.4162 AP 0.6039 | test loss 0.4426 AP 0.5750 | best val 0.6039 (epoch 116, test 0.5749564437004618)
epoch 117 |  91.9s | train loss 0.0548 AP 0.9401 | val loss 0.4366 AP 0.5836 | test loss 0.4490 AP 0.5657 | best val 0.6039 (epoch 116, test 0.5749564437004618)
epoch 118 | 100.5s | train loss 0.0579 AP 0.9360 | val loss 0.4343 AP 0.5910 | test loss 0.4583 AP 0.5756 | best val 0.6039 (epoch 116, test 0.5749564437004618)
epoch 119 |  93.7s | train loss 0.0523 AP 0.9445 | val loss 0.4307 AP 0.5835 | test loss 0.4502 AP 0.5708 | best val 0.6039 (epoch 116, test 0.5749564437004618)
epoch 120 | 105.4s | train loss 0.0536 AP 0.9428 | val loss 0.4341 AP 0.5958 | test loss 0.4701 AP 0.5752 | best val 0.6039 (epoch 116, test 0.5749564437004618)
epoch 121 |  85.2s | train loss 0.0498 AP 0.9479 | val loss 0.4241 AP 0.6093 | test loss 0.4567 AP 0.5814 | best val 0.6093 (epoch 121, test 0.5813650270767832)
epoch 122 |  85.2s | train loss 0.0498 AP 0.9493 | val loss 0.4575 AP 0.5851 | test loss 0.4796 AP 0.5739 | best val 0.6093 (epoch 121, test 0.5813650270767832)
epoch 123 |  88.7s | train loss 0.0486 AP 0.9519 | val loss 0.4360 AP 0.6024 | test loss 0.4759 AP 0.5750 | best val 0.6093 (epoch 121, test 0.5813650270767832)
epoch 124 |  98.1s | train loss 0.0455 AP 0.9554 | val loss 0.4740 AP 0.5841 | test loss 0.5014 AP 0.5644 | best val 0.6093 (epoch 121, test 0.5813650270767832)
epoch 125 |  98.1s | train loss 0.0454 AP 0.9565 | val loss 0.4668 AP 0.5931 | test loss 0.4957 AP 0.5769 | best val 0.6093 (epoch 121, test 0.5813650270767832)
epoch 126 |  96.8s | train loss 0.0442 AP 0.9588 | val loss 0.4591 AP 0.5981 | test loss 0.4912 AP 0.5767 | best val 0.6093 (epoch 121, test 0.5813650270767832)
epoch 127 |  95.8s | train loss 0.0425 AP 0.9619 | val loss 0.4772 AP 0.5964 | test loss 0.5063 AP 0.5828 | best val 0.6093 (epoch 121, test 0.5813650270767832)
epoch 128 |  93.4s | train loss 0.0404 AP 0.9625 | val loss 0.4710 AP 0.5972 | test loss 0.5057 AP 0.5757 | best val 0.6093 (epoch 121, test 0.5813650270767832)
epoch 129 |  92.3s | train loss 0.0398 AP 0.9621 | val loss 0.4830 AP 0.5916 | test loss 0.5179 AP 0.5691 | best val 0.6093 (epoch 121, test 0.5813650270767832)
epoch 130 |  81.7s | train loss 0.0387 AP 0.9670 | val loss 0.4883 AP 0.5931 | test loss 0.5390 AP 0.5755 | best val 0.6093 (epoch 121, test 0.5813650270767832)
epoch 131 | 101.7s | train loss 0.0391 AP 0.9669 | val loss 0.4989 AP 0.5877 | test loss 0.5213 AP 0.5695 | best val 0.6093 (epoch 121, test 0.5813650270767832)
epoch 132 | 102.4s | train loss 0.0370 AP 0.9668 | val loss 0.5232 AP 0.5862 | test loss 0.5509 AP 0.5670 | best val 0.6093 (epoch 121, test 0.5813650270767832)
epoch 133 |  94.7s | train loss 0.0367 AP 0.9689 | val loss 0.5273 AP 0.5846 | test loss 0.5656 AP 0.5597 | best val 0.6093 (epoch 121, test 0.5813650270767832)
epoch 134 | 100.7s | train loss 0.0352 AP 0.9712 | val loss 0.5226 AP 0.5850 | test loss 0.5551 AP 0.5729 | best val 0.6093 (epoch 121, test 0.5813650270767832)
epoch 135 |  84.7s | train loss 0.0362 AP 0.9709 | val loss 0.5145 AP 0.6018 | test loss 0.5596 AP 0.5707 | best val 0.6093 (epoch 121, test 0.5813650270767832)
epoch 136 |  92.2s | train loss 0.0350 AP 0.9735 | val loss 0.5202 AP 0.5843 | test loss 0.5540 AP 0.5583 | best val 0.6093 (epoch 121, test 0.5813650270767832)
epoch 137 |  84.4s | train loss 0.0329 AP 0.9766 | val loss 0.5160 AP 0.5939 | test loss 0.5461 AP 0.5774 | best val 0.6093 (epoch 121, test 0.5813650270767832)
epoch 138 |  96.1s | train loss 0.0316 AP 0.9768 | val loss 0.5494 AP 0.5926 | test loss 0.5650 AP 0.5847 | best val 0.6093 (epoch 121, test 0.5813650270767832)
epoch 139 |  95.9s | train loss 0.0287 AP 0.9790 | val loss 0.5473 AP 0.5913 | test loss 0.5820 AP 0.5716 | best val 0.6093 (epoch 121, test 0.5813650270767832)
epoch 140 |  99.4s | train loss 0.0273 AP 0.9821 | val loss 0.5563 AP 0.5889 | test loss 0.5920 AP 0.5720 | best val 0.6093 (epoch 121, test 0.5813650270767832)
epoch 141 |  85.7s | train loss 0.0272 AP 0.9816 | val loss 0.5657 AP 0.5961 | test loss 0.6028 AP 0.5762 | best val 0.6093 (epoch 121, test 0.5813650270767832)
epoch 142 | 101.5s | train loss 0.0271 AP 0.9807 | val loss 0.5811 AP 0.5835 | test loss 0.5945 AP 0.5753 | best val 0.6093 (epoch 121, test 0.5813650270767832)
epoch 143 |  77.5s | train loss 0.0260 AP 0.9834 | val loss 0.5680 AP 0.5901 | test loss 0.6095 AP 0.5691 | best val 0.6093 (epoch 121, test 0.5813650270767832)
epoch 144 |  92.7s | train loss 0.0269 AP 0.9818 | val loss 0.5870 AP 0.5860 | test loss 0.6114 AP 0.5620 | best val 0.6093 (epoch 121, test 0.5813650270767832)
epoch 145 |  96.1s | train loss 0.0256 AP 0.9830 | val loss 0.5901 AP 0.5901 | test loss 0.6275 AP 0.5731 | best val 0.6093 (epoch 121, test 0.5813650270767832)
epoch 146 |  88.2s | train loss 0.0255 AP 0.9846 | val loss 0.5985 AP 0.5883 | test loss 0.6266 AP 0.5698 | best val 0.6093 (epoch 121, test 0.5813650270767832)
epoch 147 |  89.8s | train loss 0.0235 AP 0.9860 | val loss 0.6133 AP 0.5872 | test loss 0.6453 AP 0.5655 | best val 0.6093 (epoch 121, test 0.5813650270767832)
epoch 148 |  97.4s | train loss 0.0227 AP 0.9871 | val loss 0.6228 AP 0.5824 | test loss 0.6573 AP 0.5640 | best val 0.6093 (epoch 121, test 0.5813650270767832)
epoch 149 |  88.7s | train loss 0.0223 AP 0.9862 | val loss 0.6159 AP 0.5877 | test loss 0.6575 AP 0.5716 | best val 0.6093 (epoch 121, test 0.5813650270767832)
epoch 150 | 100.3s | train loss 0.0216 AP 0.9880 | val loss 0.6286 AP 0.5849 | test loss 0.6589 AP 0.5694 | best val 0.6093 (epoch 121, test 0.5813650270767832)
epoch 151 |  91.0s | train loss 0.0219 AP 0.9874 | val loss 0.6316 AP 0.5819 | test loss 0.6550 AP 0.5666 | best val 0.6093 (epoch 121, test 0.5813650270767832)
epoch 152 | 104.5s | train loss 0.0207 AP 0.9885 | val loss 0.6245 AP 0.5925 | test loss 0.6677 AP 0.5697 | best val 0.6093 (epoch 121, test 0.5813650270767832)
epoch 153 | 105.5s | train loss 0.0207 AP 0.9877 | val loss 0.6410 AP 0.5833 | test loss 0.6775 AP 0.5674 | best val 0.6093 (epoch 121, test 0.5813650270767832)
epoch 154 | 101.4s | train loss 0.0200 AP 0.9897 | val loss 0.6374 AP 0.5888 | test loss 0.6837 AP 0.5678 | best val 0.6093 (epoch 121, test 0.5813650270767832)
epoch 155 | 100.1s | train loss 0.0202 AP 0.9886 | val loss 0.6582 AP 0.5823 | test loss 0.6904 AP 0.5654 | best val 0.6093 (epoch 121, test 0.5813650270767832)
epoch 156 | 101.8s | train loss 0.0181 AP 0.9906 | val loss 0.6557 AP 0.5860 | test loss 0.6912 AP 0.5665 | best val 0.6093 (epoch 121, test 0.5813650270767832)
epoch 157 |  97.8s | train loss 0.0183 AP 0.9907 | val loss 0.6490 AP 0.5878 | test loss 0.6941 AP 0.5697 | best val 0.6093 (epoch 121, test 0.5813650270767832)
epoch 158 |  96.3s | train loss 0.0179 AP 0.9904 | val loss 0.6591 AP 0.5874 | test loss 0.7067 AP 0.5680 | best val 0.6093 (epoch 121, test 0.5813650270767832)
epoch 159 |  97.0s | train loss 0.0172 AP 0.9913 | val loss 0.6657 AP 0.5882 | test loss 0.7136 AP 0.5707 | best val 0.6093 (epoch 121, test 0.5813650270767832)
epoch 160 |  95.7s | train loss 0.0172 AP 0.9916 | val loss 0.6688 AP 0.5888 | test loss 0.7131 AP 0.5666 | best val 0.6093 (epoch 121, test 0.5813650270767832)
epoch 161 |  96.7s | train loss 0.0160 AP 0.9927 | val loss 0.6729 AP 0.5932 | test loss 0.7187 AP 0.5631 | best val 0.6093 (epoch 121, test 0.5813650270767832)
early stopping at epoch 161 (no val improvement in 40 epochs)
BEST: val AP 0.6093 | test AP 0.5814 (epoch 121)
