Pipeline B — End-to-End Training
  Backbone: hybrid
  Generator: graph_coarsening
  Proxies: 64, Warmup: 0 epochs
  Readout: all_tokens, MMD lambda: 0.0
  Cross-attn routing: layers=2, proxy_self_attn=True
  Multi-point proxy: insertion_layers=0,3,6, separate_gens=True, separate_routers=True, aux_decay=1.0
  GRED: layers=8, state_dim=88, max_hops=40, act=full-glu
  Hybrid: transformer_layers=2
  Device: cuda
  Loading cached distance masks from ./data/Peptides-func/dist_masks/train.pkl
  Loading cached distance masks from ./data/Peptides-func/dist_masks/val.pkl
  Loading cached distance masks from ./data/Peptides-func/dist_masks/test.pkl
  Total parameters: 22,422,538
    Model (incl. multi-point gen+router): 22,422,538
    Generator (inside wrapper):           1,202,496
Epoch   1/200 [578.4s mem=45616MB] proxies=ON | train_loss=1.7716 mmd=0.0000 train_AP=0.1848 | val_loss=2.5267 val_AP=0.2198 | test_loss=2.5271 test_AP=0.2185
  -> New best val AP=0.2198 (test AP=0.2185), saved to checkpoints_e2e_cross_multipt_full/best_e2e.pt
Epoch   2/200 [573.8s mem=45621MB] proxies=ON | train_loss=0.4718 mmd=0.0000 train_AP=0.2177 | val_loss=3.2236 val_AP=0.1715 | test_loss=3.2175 test_AP=0.1716
Epoch   3/200 [298.5s mem=45625MB] proxies=ON | train_loss=0.4280 mmd=0.0000 train_AP=0.2311 | val_loss=2.4805 val_AP=0.2119 | test_loss=2.4887 test_AP=0.2114
Epoch   4/200 [295.2s mem=45619MB] proxies=ON | train_loss=0.4154 mmd=0.0000 train_AP=0.2337 | val_loss=1.4368 val_AP=0.2399 | test_loss=1.4582 test_AP=0.2321
  -> New best val AP=0.2399 (test AP=0.2321), saved to checkpoints_e2e_cross_multipt_full/best_e2e.pt
Epoch   5/200 [293.4s mem=45609MB] proxies=ON | train_loss=0.3987 mmd=0.0000 train_AP=0.2353 | val_loss=1.5409 val_AP=0.2410 | test_loss=1.5586 test_AP=0.2297
  -> New best val AP=0.2410 (test AP=0.2297), saved to checkpoints_e2e_cross_multipt_full/best_e2e.pt
Epoch   6/200 [293.4s mem=45626MB] proxies=ON | train_loss=0.3843 mmd=0.0000 train_AP=0.2386 | val_loss=1.0622 val_AP=0.2295 | test_loss=1.0637 test_AP=0.2268
Epoch   7/200 [293.5s mem=45613MB] proxies=ON | train_loss=0.3686 mmd=0.0000 train_AP=0.2448 | val_loss=1.3524 val_AP=0.2304 | test_loss=1.3312 test_AP=0.2318
Epoch   8/200 [294.9s mem=45614MB] proxies=ON | train_loss=0.3624 mmd=0.0000 train_AP=0.2468 | val_loss=1.3041 val_AP=0.2538 | test_loss=1.3077 test_AP=0.2534
  -> New best val AP=0.2538 (test AP=0.2534), saved to checkpoints_e2e_cross_multipt_full/best_e2e.pt
Epoch   9/200 [293.8s mem=45627MB] proxies=ON | train_loss=0.3610 mmd=0.0000 train_AP=0.2503 | val_loss=1.2393 val_AP=0.2762 | test_loss=1.2245 test_AP=0.2802
  -> New best val AP=0.2762 (test AP=0.2802), saved to checkpoints_e2e_cross_multipt_full/best_e2e.pt
Epoch  10/200 [294.6s mem=45615MB] proxies=ON | train_loss=0.3537 mmd=0.0000 train_AP=0.2520 | val_loss=1.7981 val_AP=0.1941 | test_loss=1.7822 test_AP=0.1886
Epoch  11/200 [293.9s mem=45613MB] proxies=ON | train_loss=0.3493 mmd=0.0000 train_AP=0.2540 | val_loss=2.5774 val_AP=0.2388 | test_loss=2.5620 test_AP=0.2423
Epoch  12/200 [293.5s mem=45611MB] proxies=ON | train_loss=0.3482 mmd=0.0000 train_AP=0.2555 | val_loss=2.4469 val_AP=0.2760 | test_loss=2.4551 test_AP=0.2719
Epoch  13/200 [295.4s mem=45606MB] proxies=ON | train_loss=0.3420 mmd=0.0000 train_AP=0.2602 | val_loss=1.5503 val_AP=0.2293 | test_loss=1.5464 test_AP=0.2272
Epoch  14/200 [293.8s mem=45613MB] proxies=ON | train_loss=0.3388 mmd=0.0000 train_AP=0.2635 | val_loss=4.3090 val_AP=0.1879 | test_loss=4.3144 test_AP=0.1959
Epoch  15/200 [292.8s mem=45627MB] proxies=ON | train_loss=0.3354 mmd=0.0000 train_AP=0.2713 | val_loss=5.0051 val_AP=0.1763 | test_loss=5.0325 test_AP=0.1790
Epoch  16/200 [294.8s mem=45615MB] proxies=ON | train_loss=0.3338 mmd=0.0000 train_AP=0.2734 | val_loss=2.0856 val_AP=0.2094 | test_loss=2.1536 test_AP=0.2054
Epoch  17/200 [292.8s mem=45643MB] proxies=ON | train_loss=0.3303 mmd=0.0000 train_AP=0.2776 | val_loss=1.2257 val_AP=0.2233 | test_loss=1.2794 test_AP=0.2220
Epoch  18/200 [293.2s mem=45611MB] proxies=ON | train_loss=0.3276 mmd=0.0000 train_AP=0.2804 | val_loss=0.7274 val_AP=0.2232 | test_loss=0.7441 test_AP=0.2240
Epoch  19/200 [293.5s mem=45615MB] proxies=ON | train_loss=0.3266 mmd=0.0000 train_AP=0.2832 | val_loss=1.2244 val_AP=0.2275 | test_loss=1.2041 test_AP=0.2264
Epoch  20/200 [294.1s mem=45616MB] proxies=ON | train_loss=0.3241 mmd=0.0000 train_AP=0.2888 | val_loss=0.7102 val_AP=0.2753 | test_loss=0.7131 test_AP=0.2775
Epoch  21/200 [294.2s mem=45615MB] proxies=ON | train_loss=0.3230 mmd=0.0000 train_AP=0.2926 | val_loss=0.6686 val_AP=0.2049 | test_loss=0.6895 test_AP=0.2077
Epoch  22/200 [294.6s mem=45608MB] proxies=ON | train_loss=0.3230 mmd=0.0000 train_AP=0.2928 | val_loss=0.6572 val_AP=0.2812 | test_loss=0.6631 test_AP=0.2822
  -> New best val AP=0.2812 (test AP=0.2822), saved to checkpoints_e2e_cross_multipt_full/best_e2e.pt
Epoch  23/200 [294.1s mem=45618MB] proxies=ON | train_loss=0.3193 mmd=0.0000 train_AP=0.3004 | val_loss=0.4817 val_AP=0.2812 | test_loss=0.4836 test_AP=0.2795
  -> New best val AP=0.2812 (test AP=0.2795), saved to checkpoints_e2e_cross_multipt_full/best_e2e.pt
Epoch  24/200 [296.5s mem=45611MB] proxies=ON | train_loss=0.3185 mmd=0.0000 train_AP=0.3040 | val_loss=0.8630 val_AP=0.3050 | test_loss=0.8484 test_AP=0.3029
  -> New best val AP=0.3050 (test AP=0.3029), saved to checkpoints_e2e_cross_multipt_full/best_e2e.pt
Epoch  25/200 [294.7s mem=45626MB] proxies=ON | train_loss=0.3186 mmd=0.0000 train_AP=0.3053 | val_loss=0.6962 val_AP=0.2951 | test_loss=0.7133 test_AP=0.2838
Epoch  26/200 [297.6s mem=45612MB] proxies=ON | train_loss=0.3140 mmd=0.0000 train_AP=0.3141 | val_loss=0.5816 val_AP=0.3183 | test_loss=0.5748 test_AP=0.3175
  -> New best val AP=0.3183 (test AP=0.3175), saved to checkpoints_e2e_cross_multipt_full/best_e2e.pt
Epoch  27/200 [294.0s mem=45625MB] proxies=ON | train_loss=0.3129 mmd=0.0000 train_AP=0.3149 | val_loss=0.5651 val_AP=0.2766 | test_loss=0.5636 test_AP=0.2792
Epoch  28/200 [294.5s mem=45612MB] proxies=ON | train_loss=0.3137 mmd=0.0000 train_AP=0.3139 | val_loss=0.7857 val_AP=0.3033 | test_loss=0.7826 test_AP=0.3058
Epoch  29/200 [295.7s mem=45614MB] proxies=ON | train_loss=0.3141 mmd=0.0000 train_AP=0.3122 | val_loss=1.0536 val_AP=0.2837 | test_loss=1.0035 test_AP=0.2853
Epoch  30/200 [295.0s mem=45607MB] proxies=ON | train_loss=0.3115 mmd=0.0000 train_AP=0.3198 | val_loss=0.7794 val_AP=0.2944 | test_loss=0.7836 test_AP=0.2946
Epoch  31/200 [295.1s mem=45604MB] proxies=ON | train_loss=0.3109 mmd=0.0000 train_AP=0.3220 | val_loss=0.7689 val_AP=0.2999 | test_loss=0.7606 test_AP=0.2920
Epoch  32/200 [380.1s mem=45614MB] proxies=ON | train_loss=0.3112 mmd=0.0000 train_AP=0.3201 | val_loss=0.5162 val_AP=0.3316 | test_loss=0.5147 test_AP=0.3236
  -> New best val AP=0.3316 (test AP=0.3236), saved to checkpoints_e2e_cross_multipt_full/best_e2e.pt
Epoch  33/200 [295.1s mem=45628MB] proxies=ON | train_loss=0.3102 mmd=0.0000 train_AP=0.3229 | val_loss=0.4316 val_AP=0.3177 | test_loss=0.4475 test_AP=0.3099
Epoch  34/200 [318.1s mem=45619MB] proxies=ON | train_loss=0.3113 mmd=0.0000 train_AP=0.3216 | val_loss=0.3878 val_AP=0.3402 | test_loss=0.3825 test_AP=0.3337
  -> New best val AP=0.3402 (test AP=0.3337), saved to checkpoints_e2e_cross_multipt_full/best_e2e.pt
Epoch  35/200 [497.3s mem=45617MB] proxies=ON | train_loss=0.3087 mmd=0.0000 train_AP=0.3255 | val_loss=0.4563 val_AP=0.3221 | test_loss=0.4417 test_AP=0.3270
Epoch  36/200 [501.8s mem=45635MB] proxies=ON | train_loss=0.3100 mmd=0.0000 train_AP=0.3227 | val_loss=0.3788 val_AP=0.3450 | test_loss=0.3777 test_AP=0.3421
  -> New best val AP=0.3450 (test AP=0.3421), saved to checkpoints_e2e_cross_multipt_full/best_e2e.pt
Epoch  37/200 [501.0s mem=45622MB] proxies=ON | train_loss=0.3041 mmd=0.0000 train_AP=0.3330 | val_loss=0.3260 val_AP=0.3635 | test_loss=0.3241 test_AP=0.3649
  -> New best val AP=0.3635 (test AP=0.3649), saved to checkpoints_e2e_cross_multipt_full/best_e2e.pt
Epoch  38/200 [497.5s mem=45623MB] proxies=ON | train_loss=0.3089 mmd=0.0000 train_AP=0.3250 | val_loss=0.3250 val_AP=0.3862 | test_loss=0.3239 test_AP=0.3713
  -> New best val AP=0.3862 (test AP=0.3713), saved to checkpoints_e2e_cross_multipt_full/best_e2e.pt
Epoch  39/200 [505.1s mem=45624MB] proxies=ON | train_loss=0.3046 mmd=0.0000 train_AP=0.3363 | val_loss=0.3523 val_AP=0.3600 | test_loss=0.3525 test_AP=0.3549
Epoch  40/200 [496.6s mem=45611MB] proxies=ON | train_loss=0.3039 mmd=0.0000 train_AP=0.3376 | val_loss=0.3812 val_AP=0.3437 | test_loss=0.3940 test_AP=0.3374
Epoch  41/200 [506.0s mem=45608MB] proxies=ON | train_loss=0.3037 mmd=0.0000 train_AP=0.3385 | val_loss=0.3542 val_AP=0.3497 | test_loss=0.3555 test_AP=0.3424
Epoch  42/200 [502.4s mem=45626MB] proxies=ON | train_loss=0.3040 mmd=0.0000 train_AP=0.3389 | val_loss=0.3098 val_AP=0.3980 | test_loss=0.3074 test_AP=0.3849
  -> New best val AP=0.3980 (test AP=0.3849), saved to checkpoints_e2e_cross_multipt_full/best_e2e.pt
Epoch  43/200 [495.8s mem=45631MB] proxies=ON | train_loss=0.3015 mmd=0.0000 train_AP=0.3471 | val_loss=0.3120 val_AP=0.3763 | test_loss=0.3127 test_AP=0.3769
Epoch  44/200 [506.2s mem=45617MB] proxies=ON | train_loss=0.2997 mmd=0.0000 train_AP=0.3474 | val_loss=0.3144 val_AP=0.3877 | test_loss=0.3183 test_AP=0.3748
Epoch  45/200 [497.6s mem=45616MB] proxies=ON | train_loss=0.2973 mmd=0.0000 train_AP=0.3523 | val_loss=0.3634 val_AP=0.3497 | test_loss=0.3676 test_AP=0.3477
Epoch  46/200 [501.4s mem=45621MB] proxies=ON | train_loss=0.2968 mmd=0.0000 train_AP=0.3549 | val_loss=0.2930 val_AP=0.3961 | test_loss=0.2947 test_AP=0.3890
Epoch  47/200 [502.4s mem=45626MB] proxies=ON | train_loss=0.2967 mmd=0.0000 train_AP=0.3528 | val_loss=0.3915 val_AP=0.3595 | test_loss=0.3883 test_AP=0.3533
Epoch  48/200 [498.3s mem=45612MB] proxies=ON | train_loss=0.2955 mmd=0.0000 train_AP=0.3565 | val_loss=0.3349 val_AP=0.3735 | test_loss=0.3452 test_AP=0.3602
Epoch  49/200 [497.8s mem=45619MB] proxies=ON | train_loss=0.2972 mmd=0.0000 train_AP=0.3541 | val_loss=0.4594 val_AP=0.3509 | test_loss=0.4787 test_AP=0.3418
Epoch  50/200 [503.0s mem=45622MB] proxies=ON | train_loss=0.2971 mmd=0.0000 train_AP=0.3564 | val_loss=0.3578 val_AP=0.3784 | test_loss=0.3613 test_AP=0.3701
Epoch  51/200 [498.3s mem=45629MB] proxies=ON | train_loss=0.2933 mmd=0.0000 train_AP=0.3628 | val_loss=0.4231 val_AP=0.3714 | test_loss=0.4335 test_AP=0.3531
Epoch  52/200 [503.5s mem=45610MB] proxies=ON | train_loss=0.2927 mmd=0.0000 train_AP=0.3684 | val_loss=0.3485 val_AP=0.3752 | test_loss=0.3557 test_AP=0.3738
Epoch  53/200 [503.1s mem=45618MB] proxies=ON | train_loss=0.2913 mmd=0.0000 train_AP=0.3666 | val_loss=0.3939 val_AP=0.3687 | test_loss=0.3942 test_AP=0.3562
Epoch  54/200 [503.4s mem=45598MB] proxies=ON | train_loss=0.2884 mmd=0.0000 train_AP=0.3736 | val_loss=0.4065 val_AP=0.3761 | test_loss=0.4217 test_AP=0.3548
Epoch  55/200 [499.9s mem=45617MB] proxies=ON | train_loss=0.2920 mmd=0.0000 train_AP=0.3670 | val_loss=0.3149 val_AP=0.3830 | test_loss=0.3219 test_AP=0.3748
Epoch  56/200 [502.0s mem=45625MB] proxies=ON | train_loss=0.2909 mmd=0.0000 train_AP=0.3719 | val_loss=0.3318 val_AP=0.3764 | test_loss=0.3318 test_AP=0.3577
Epoch  57/200 [499.4s mem=45630MB] proxies=ON | train_loss=0.2891 mmd=0.0000 train_AP=0.3706 | val_loss=0.3417 val_AP=0.3852 | test_loss=0.4049 test_AP=0.3623
Epoch  58/200 [502.5s mem=45606MB] proxies=ON | train_loss=0.2926 mmd=0.0000 train_AP=0.3708 | val_loss=0.2886 val_AP=0.4136 | test_loss=0.2972 test_AP=0.3947
  -> New best val AP=0.4136 (test AP=0.3947), saved to checkpoints_e2e_cross_multipt_full/best_e2e.pt
Epoch  59/200 [503.2s mem=45622MB] proxies=ON | train_loss=0.2897 mmd=0.0000 train_AP=0.3715 | val_loss=0.2755 val_AP=0.4241 | test_loss=0.2813 test_AP=0.4089
  -> New best val AP=0.4241 (test AP=0.4089), saved to checkpoints_e2e_cross_multipt_full/best_e2e.pt
Epoch  60/200 [497.3s mem=45610MB] proxies=ON | train_loss=0.2904 mmd=0.0000 train_AP=0.3729 | val_loss=0.3058 val_AP=0.3996 | test_loss=0.3199 test_AP=0.3800
Epoch  61/200 [505.1s mem=45608MB] proxies=ON | train_loss=0.2885 mmd=0.0000 train_AP=0.3712 | val_loss=0.3107 val_AP=0.4078 | test_loss=0.3182 test_AP=0.3876
Epoch  62/200 [501.0s mem=45602MB] proxies=ON | train_loss=0.2886 mmd=0.0000 train_AP=0.3726 | val_loss=0.2943 val_AP=0.4089 | test_loss=0.3010 test_AP=0.3976
Epoch  63/200 [497.9s mem=45615MB] proxies=ON | train_loss=0.2868 mmd=0.0000 train_AP=0.3774 | val_loss=0.2910 val_AP=0.4086 | test_loss=0.2971 test_AP=0.4008
Epoch  64/200 [501.2s mem=45632MB] proxies=ON | train_loss=0.2874 mmd=0.0000 train_AP=0.3791 | val_loss=0.2832 val_AP=0.4039 | test_loss=0.2849 test_AP=0.3975
Epoch  65/200 [498.6s mem=45628MB] proxies=ON | train_loss=0.2874 mmd=0.0000 train_AP=0.3761 | val_loss=0.2975 val_AP=0.3996 | test_loss=0.3073 test_AP=0.3865
Epoch  66/200 [500.5s mem=45621MB] proxies=ON | train_loss=0.2860 mmd=0.0000 train_AP=0.3776 | val_loss=0.2870 val_AP=0.4155 | test_loss=0.2934 test_AP=0.4018
Epoch  67/200 [503.4s mem=45621MB] proxies=ON | train_loss=0.2856 mmd=0.0000 train_AP=0.3807 | val_loss=0.2690 val_AP=0.4309 | test_loss=0.2767 test_AP=0.4100
  -> New best val AP=0.4309 (test AP=0.4100), saved to checkpoints_e2e_cross_multipt_full/best_e2e.pt
Epoch  68/200 [500.5s mem=45614MB] proxies=ON | train_loss=0.2852 mmd=0.0000 train_AP=0.3810 | val_loss=0.4039 val_AP=0.3531 | test_loss=0.4309 test_AP=0.3391
Epoch  69/200 [505.3s mem=45609MB] proxies=ON | train_loss=0.2846 mmd=0.0000 train_AP=0.3807 | val_loss=0.3030 val_AP=0.3991 | test_loss=0.3102 test_AP=0.3905
Epoch  70/200 [496.8s mem=45608MB] proxies=ON | train_loss=0.2867 mmd=0.0000 train_AP=0.3798 | val_loss=0.2858 val_AP=0.4166 | test_loss=0.2894 test_AP=0.3986
Epoch  71/200 [504.2s mem=45625MB] proxies=ON | train_loss=0.2822 mmd=0.0000 train_AP=0.3865 | val_loss=0.4650 val_AP=0.3524 | test_loss=0.4595 test_AP=0.3389
Epoch  72/200 [479.5s mem=45625MB] proxies=ON | train_loss=0.2851 mmd=0.0000 train_AP=0.3834 | val_loss=0.3101 val_AP=0.4012 | test_loss=0.3100 test_AP=0.3884
Epoch  73/200 [352.3s mem=45626MB] proxies=ON | train_loss=0.2850 mmd=0.0000 train_AP=0.3837 | val_loss=0.5885 val_AP=0.3337 | test_loss=0.5950 test_AP=0.3191
Epoch  74/200 [351.2s mem=45625MB] proxies=ON | train_loss=0.2839 mmd=0.0000 train_AP=0.3793 | val_loss=0.2914 val_AP=0.4285 | test_loss=0.2910 test_AP=0.4170
Epoch  75/200 [348.8s mem=45613MB] proxies=ON | train_loss=0.2811 mmd=0.0000 train_AP=0.3939 | val_loss=0.3078 val_AP=0.4004 | test_loss=0.3174 test_AP=0.3923
Epoch  76/200 [350.8s mem=45601MB] proxies=ON | train_loss=0.2839 mmd=0.0000 train_AP=0.3866 | val_loss=0.2821 val_AP=0.4262 | test_loss=0.2847 test_AP=0.4151
Epoch  77/200 [350.0s mem=45616MB] proxies=ON | train_loss=0.2820 mmd=0.0000 train_AP=0.3883 | val_loss=0.3688 val_AP=0.4134 | test_loss=0.4093 test_AP=0.3804
Epoch  78/200 [349.4s mem=45614MB] proxies=ON | train_loss=0.2819 mmd=0.0000 train_AP=0.3894 | val_loss=0.2690 val_AP=0.4452 | test_loss=0.2762 test_AP=0.4259
  -> New best val AP=0.4452 (test AP=0.4259), saved to checkpoints_e2e_cross_multipt_full/best_e2e.pt
Epoch  79/200 [350.1s mem=45609MB] proxies=ON | train_loss=0.2827 mmd=0.0000 train_AP=0.3899 | val_loss=0.2806 val_AP=0.4272 | test_loss=0.2840 test_AP=0.4127
Epoch  80/200 [353.3s mem=45623MB] proxies=ON | train_loss=0.2801 mmd=0.0000 train_AP=0.3959 | val_loss=0.2677 val_AP=0.4424 | test_loss=0.2721 test_AP=0.4280
Epoch  81/200 [349.9s mem=45622MB] proxies=ON | train_loss=0.2788 mmd=0.0000 train_AP=0.3960 | val_loss=0.3232 val_AP=0.4120 | test_loss=0.3228 test_AP=0.4083
Epoch  82/200 [440.0s mem=45628MB] proxies=ON | train_loss=0.2796 mmd=0.0000 train_AP=0.3938 | val_loss=0.2813 val_AP=0.4282 | test_loss=0.2924 test_AP=0.4122
Epoch  83/200 [534.1s mem=45616MB] proxies=ON | train_loss=0.2772 mmd=0.0000 train_AP=0.3980 | val_loss=0.2738 val_AP=0.4437 | test_loss=0.2776 test_AP=0.4224
Epoch  84/200 [532.3s mem=45618MB] proxies=ON | train_loss=0.2769 mmd=0.0000 train_AP=0.4004 | val_loss=0.2932 val_AP=0.3946 | test_loss=0.2943 test_AP=0.3902
Epoch  85/200 [531.3s mem=45625MB] proxies=ON | train_loss=0.2767 mmd=0.0000 train_AP=0.3969 | val_loss=0.2670 val_AP=0.4340 | test_loss=0.2711 test_AP=0.4244
Epoch  86/200 [533.3s mem=45615MB] proxies=ON | train_loss=0.2758 mmd=0.0000 train_AP=0.4054 | val_loss=0.2690 val_AP=0.4380 | test_loss=0.2725 test_AP=0.4251
Epoch  87/200 [531.4s mem=45631MB] proxies=ON | train_loss=0.2747 mmd=0.0000 train_AP=0.4032 | val_loss=0.2840 val_AP=0.4384 | test_loss=0.2883 test_AP=0.4229
Epoch  88/200 [533.1s mem=45633MB] proxies=ON | train_loss=0.2771 mmd=0.0000 train_AP=0.3987 | val_loss=0.2849 val_AP=0.4307 | test_loss=0.2924 test_AP=0.4209
Epoch  89/200 [535.7s mem=45608MB] proxies=ON | train_loss=0.2763 mmd=0.0000 train_AP=0.4035 | val_loss=0.2684 val_AP=0.4437 | test_loss=0.2696 test_AP=0.4306
Epoch  90/200 [530.4s mem=45618MB] proxies=ON | train_loss=0.2745 mmd=0.0000 train_AP=0.4092 | val_loss=0.2613 val_AP=0.4522 | test_loss=0.2673 test_AP=0.4428
  -> New best val AP=0.4522 (test AP=0.4428), saved to checkpoints_e2e_cross_multipt_full/best_e2e.pt
Epoch  91/200 [529.4s mem=45623MB] proxies=ON | train_loss=0.2755 mmd=0.0000 train_AP=0.4058 | val_loss=0.2761 val_AP=0.4414 | test_loss=0.2810 test_AP=0.4257
Epoch  92/200 [529.3s mem=45618MB] proxies=ON | train_loss=0.2736 mmd=0.0000 train_AP=0.4070 | val_loss=0.2838 val_AP=0.4458 | test_loss=0.2957 test_AP=0.4241
Epoch  93/200 [533.5s mem=45633MB] proxies=ON | train_loss=0.2744 mmd=0.0000 train_AP=0.4065 | val_loss=0.5608 val_AP=0.4078 | test_loss=0.5357 test_AP=0.3912
Epoch  94/200 [534.0s mem=45621MB] proxies=ON | train_loss=0.2739 mmd=0.0000 train_AP=0.4082 | val_loss=0.2978 val_AP=0.4257 | test_loss=0.3119 test_AP=0.4054
Epoch  95/200 [528.5s mem=45613MB] proxies=ON | train_loss=0.2735 mmd=0.0000 train_AP=0.4094 | val_loss=0.2898 val_AP=0.4319 | test_loss=0.2908 test_AP=0.4222
Epoch  96/200 [530.4s mem=45608MB] proxies=ON | train_loss=0.2719 mmd=0.0000 train_AP=0.4128 | val_loss=0.2726 val_AP=0.4461 | test_loss=0.2789 test_AP=0.4283
Epoch  97/200 [532.7s mem=45619MB] proxies=ON | train_loss=0.2744 mmd=0.0000 train_AP=0.4071 | val_loss=0.3005 val_AP=0.4450 | test_loss=0.3074 test_AP=0.4278
Epoch  98/200 [614.1s mem=45627MB] proxies=ON | train_loss=0.2713 mmd=0.0000 train_AP=0.4139 | val_loss=0.3112 val_AP=0.4369 | test_loss=0.3187 test_AP=0.4140
Epoch  99/200 [633.7s mem=45611MB] proxies=ON | train_loss=0.2730 mmd=0.0000 train_AP=0.4114 | val_loss=0.2635 val_AP=0.4528 | test_loss=0.2711 test_AP=0.4341
  -> New best val AP=0.4528 (test AP=0.4341), saved to checkpoints_e2e_cross_multipt_full/best_e2e.pt
Epoch 100/200 [622.0s mem=45601MB] proxies=ON | train_loss=0.2700 mmd=0.0000 train_AP=0.4203 | val_loss=0.2699 val_AP=0.4527 | test_loss=0.2770 test_AP=0.4350
Epoch 101/200 [633.2s mem=45614MB] proxies=ON | train_loss=0.2702 mmd=0.0000 train_AP=0.4179 | val_loss=0.2590 val_AP=0.4679 | test_loss=0.2645 test_AP=0.4431
  -> New best val AP=0.4679 (test AP=0.4431), saved to checkpoints_e2e_cross_multipt_full/best_e2e.pt
Epoch 102/200 [636.3s mem=45616MB] proxies=ON | train_loss=0.2699 mmd=0.0000 train_AP=0.4185 | val_loss=0.2698 val_AP=0.4588 | test_loss=0.2777 test_AP=0.4366
Epoch 103/200 [618.8s mem=45618MB] proxies=ON | train_loss=0.2703 mmd=0.0000 train_AP=0.4165 | val_loss=0.2902 val_AP=0.4485 | test_loss=0.2993 test_AP=0.4208
Epoch 104/200 [628.0s mem=45603MB] proxies=ON | train_loss=0.2708 mmd=0.0000 train_AP=0.4187 | val_loss=0.2832 val_AP=0.4449 | test_loss=0.2887 test_AP=0.4291
Epoch 105/200 [623.1s mem=45613MB] proxies=ON | train_loss=0.2690 mmd=0.0000 train_AP=0.4211 | val_loss=0.2702 val_AP=0.4531 | test_loss=0.2759 test_AP=0.4377
Epoch 106/200 [632.8s mem=45606MB] proxies=ON | train_loss=0.2703 mmd=0.0000 train_AP=0.4148 | val_loss=0.2781 val_AP=0.4543 | test_loss=0.2849 test_AP=0.4344
Epoch 107/200 [632.7s mem=45621MB] proxies=ON | train_loss=0.2696 mmd=0.0000 train_AP=0.4226 | val_loss=0.2749 val_AP=0.4564 | test_loss=0.2836 test_AP=0.4360
Epoch 108/200 [618.0s mem=45609MB] proxies=ON | train_loss=0.2686 mmd=0.0000 train_AP=0.4209 | val_loss=0.2802 val_AP=0.4581 | test_loss=0.2877 test_AP=0.4477
Epoch 109/200 [630.9s mem=45612MB] proxies=ON | train_loss=0.2690 mmd=0.0000 train_AP=0.4245 | val_loss=0.2772 val_AP=0.4596 | test_loss=0.2839 test_AP=0.4429
Epoch 110/200 [626.5s mem=45616MB] proxies=ON | train_loss=0.2678 mmd=0.0000 train_AP=0.4224 | val_loss=0.2689 val_AP=0.4652 | test_loss=0.2761 test_AP=0.4471
Epoch 111/200 [632.4s mem=45617MB] proxies=ON | train_loss=0.2672 mmd=0.0000 train_AP=0.4250 | val_loss=0.2821 val_AP=0.4576 | test_loss=0.2918 test_AP=0.4414
Epoch 112/200 [634.8s mem=45609MB] proxies=ON | train_loss=0.2668 mmd=0.0000 train_AP=0.4282 | val_loss=0.2663 val_AP=0.4739 | test_loss=0.2768 test_AP=0.4450
  -> New best val AP=0.4739 (test AP=0.4450), saved to checkpoints_e2e_cross_multipt_full/best_e2e.pt
Epoch 113/200 [614.7s mem=45609MB] proxies=ON | train_loss=0.2645 mmd=0.0000 train_AP=0.4296 | val_loss=0.2658 val_AP=0.4677 | test_loss=0.2743 test_AP=0.4501
Epoch 114/200 [634.2s mem=45609MB] proxies=ON | train_loss=0.2661 mmd=0.0000 train_AP=0.4303 | val_loss=0.2654 val_AP=0.4594 | test_loss=0.2737 test_AP=0.4388
Epoch 115/200 [620.9s mem=45629MB] proxies=ON | train_loss=0.2646 mmd=0.0000 train_AP=0.4315 | val_loss=0.2595 val_AP=0.4690 | test_loss=0.2702 test_AP=0.4413
Epoch 116/200 [626.9s mem=45628MB] proxies=ON | train_loss=0.2658 mmd=0.0000 train_AP=0.4273 | val_loss=0.2571 val_AP=0.4774 | test_loss=0.2611 test_AP=0.4572
  -> New best val AP=0.4774 (test AP=0.4572), saved to checkpoints_e2e_cross_multipt_full/best_e2e.pt
Epoch 117/200 [633.0s mem=45628MB] proxies=ON | train_loss=0.2642 mmd=0.0000 train_AP=0.4309 | val_loss=0.2585 val_AP=0.4745 | test_loss=0.2631 test_AP=0.4532
Epoch 118/200 [619.7s mem=45628MB] proxies=ON | train_loss=0.2643 mmd=0.0000 train_AP=0.4343 | val_loss=0.2625 val_AP=0.4725 | test_loss=0.2707 test_AP=0.4567
Epoch 119/200 [631.9s mem=45622MB] proxies=ON | train_loss=0.2631 mmd=0.0000 train_AP=0.4370 | val_loss=0.2595 val_AP=0.4661 | test_loss=0.2672 test_AP=0.4471
Epoch 120/200 [622.2s mem=45620MB] proxies=ON | train_loss=0.2635 mmd=0.0000 train_AP=0.4351 | val_loss=0.2757 val_AP=0.4544 | test_loss=0.2828 test_AP=0.4373
Epoch 121/200 [426.5s mem=45621MB] proxies=ON | train_loss=0.2630 mmd=0.0000 train_AP=0.4348 | val_loss=0.2565 val_AP=0.4736 | test_loss=0.2635 test_AP=0.4602
Epoch 122/200 [428.1s mem=45613MB] proxies=ON | train_loss=0.2623 mmd=0.0000 train_AP=0.4363 | val_loss=0.2581 val_AP=0.4728 | test_loss=0.2674 test_AP=0.4559
Epoch 123/200 [427.6s mem=45612MB] proxies=ON | train_loss=0.2623 mmd=0.0000 train_AP=0.4342 | val_loss=0.2646 val_AP=0.4607 | test_loss=0.2728 test_AP=0.4477
Epoch 124/200 [421.8s mem=45629MB] proxies=ON | train_loss=0.2615 mmd=0.0000 train_AP=0.4420 | val_loss=0.2687 val_AP=0.4621 | test_loss=0.2738 test_AP=0.4513
Epoch 125/200 [432.2s mem=45617MB] proxies=ON | train_loss=0.2606 mmd=0.0000 train_AP=0.4427 | val_loss=0.2613 val_AP=0.4690 | test_loss=0.2652 test_AP=0.4597
Epoch 126/200 [431.1s mem=45612MB] proxies=ON | train_loss=0.2611 mmd=0.0000 train_AP=0.4392 | val_loss=0.2555 val_AP=0.4777 | test_loss=0.2624 test_AP=0.4648
  -> New best val AP=0.4777 (test AP=0.4648), saved to checkpoints_e2e_cross_multipt_full/best_e2e.pt
Epoch 127/200 [414.7s mem=45625MB] proxies=ON | train_loss=0.2595 mmd=0.0000 train_AP=0.4416 | val_loss=0.2578 val_AP=0.4743 | test_loss=0.2642 test_AP=0.4573
Epoch 128/200 [435.7s mem=45624MB] proxies=ON | train_loss=0.2601 mmd=0.0000 train_AP=0.4416 | val_loss=0.2677 val_AP=0.4671 | test_loss=0.2750 test_AP=0.4522
Epoch 129/200 [428.0s mem=45638MB] proxies=ON | train_loss=0.2595 mmd=0.0000 train_AP=0.4468 | val_loss=0.2761 val_AP=0.4618 | test_loss=0.2869 test_AP=0.4448
Epoch 130/200 [421.2s mem=45635MB] proxies=ON | train_loss=0.2601 mmd=0.0000 train_AP=0.4446 | val_loss=0.2673 val_AP=0.4709 | test_loss=0.2772 test_AP=0.4561
Epoch 131/200 [432.4s mem=45620MB] proxies=ON | train_loss=0.2594 mmd=0.0000 train_AP=0.4438 | val_loss=0.2599 val_AP=0.4739 | test_loss=0.2664 test_AP=0.4673
Epoch 132/200 [427.3s mem=45629MB] proxies=ON | train_loss=0.2577 mmd=0.0000 train_AP=0.4468 | val_loss=0.2670 val_AP=0.4684 | test_loss=0.2776 test_AP=0.4520
Epoch 133/200 [422.3s mem=45615MB] proxies=ON | train_loss=0.2578 mmd=0.0000 train_AP=0.4481 | val_loss=0.2641 val_AP=0.4828 | test_loss=0.2741 test_AP=0.4619
  -> New best val AP=0.4828 (test AP=0.4619), saved to checkpoints_e2e_cross_multipt_full/best_e2e.pt
Epoch 134/200 [431.4s mem=45608MB] proxies=ON | train_loss=0.2583 mmd=0.0000 train_AP=0.4477 | val_loss=0.2668 val_AP=0.4681 | test_loss=0.2741 test_AP=0.4640
Epoch 135/200 [361.0s mem=45610MB] proxies=ON | train_loss=0.2572 mmd=0.0000 train_AP=0.4477 | val_loss=0.2764 val_AP=0.4723 | test_loss=0.2809 test_AP=0.4632
Epoch 136/200 [298.4s mem=45610MB] proxies=ON | train_loss=0.2572 mmd=0.0000 train_AP=0.4518 | val_loss=0.2720 val_AP=0.4650 | test_loss=0.2908 test_AP=0.4449
Epoch 137/200 [297.0s mem=45620MB] proxies=ON | train_loss=0.2561 mmd=0.0000 train_AP=0.4534 | val_loss=0.2708 val_AP=0.4597 | test_loss=0.2848 test_AP=0.4436
Epoch 138/200 [296.4s mem=45609MB] proxies=ON | train_loss=0.2548 mmd=0.0000 train_AP=0.4525 | val_loss=0.2642 val_AP=0.4585 | test_loss=0.2722 test_AP=0.4494
Epoch 139/200 [296.1s mem=45609MB] proxies=ON | train_loss=0.2555 mmd=0.0000 train_AP=0.4547 | val_loss=0.2880 val_AP=0.4542 | test_loss=0.3014 test_AP=0.4372
Epoch 140/200 [297.1s mem=45624MB] proxies=ON | train_loss=0.2547 mmd=0.0000 train_AP=0.4545 | val_loss=0.2641 val_AP=0.4763 | test_loss=0.2720 test_AP=0.4564
Epoch 141/200 [296.8s mem=45628MB] proxies=ON | train_loss=0.2544 mmd=0.0000 train_AP=0.4564 | val_loss=0.2880 val_AP=0.4595 | test_loss=0.2993 test_AP=0.4464
Epoch 142/200 [297.0s mem=45622MB] proxies=ON | train_loss=0.2537 mmd=0.0000 train_AP=0.4567 | val_loss=0.2681 val_AP=0.4691 | test_loss=0.2763 test_AP=0.4565
Epoch 143/200 [296.0s mem=45630MB] proxies=ON | train_loss=0.2537 mmd=0.0000 train_AP=0.4606 | val_loss=0.2604 val_AP=0.4842 | test_loss=0.2705 test_AP=0.4664
  -> New best val AP=0.4842 (test AP=0.4664), saved to checkpoints_e2e_cross_multipt_full/best_e2e.pt
Epoch 144/200 [294.6s mem=45618MB] proxies=ON | train_loss=0.2526 mmd=0.0000 train_AP=0.4646 | val_loss=0.2974 val_AP=0.4606 | test_loss=0.3022 test_AP=0.4499
Epoch 145/200 [294.6s mem=45623MB] proxies=ON | train_loss=0.2531 mmd=0.0000 train_AP=0.4590 | val_loss=0.2755 val_AP=0.4598 | test_loss=0.2936 test_AP=0.4394
Epoch 146/200 [294.5s mem=45623MB] proxies=ON | train_loss=0.2524 mmd=0.0000 train_AP=0.4641 | val_loss=0.2680 val_AP=0.4695 | test_loss=0.2751 test_AP=0.4607
Epoch 147/200 [294.7s mem=45626MB] proxies=ON | train_loss=0.2532 mmd=0.0000 train_AP=0.4599 | val_loss=0.2584 val_AP=0.4829 | test_loss=0.2661 test_AP=0.4679
Epoch 148/200 [293.5s mem=45621MB] proxies=ON | train_loss=0.2526 mmd=0.0000 train_AP=0.4593 | val_loss=0.2593 val_AP=0.4780 | test_loss=0.2687 test_AP=0.4685
Epoch 149/200 [296.5s mem=45606MB] proxies=ON | train_loss=0.2516 mmd=0.0000 train_AP=0.4629 | val_loss=0.2576 val_AP=0.4800 | test_loss=0.2670 test_AP=0.4740
Epoch 150/200 [293.7s mem=45630MB] proxies=ON | train_loss=0.2514 mmd=0.0000 train_AP=0.4662 | val_loss=0.2633 val_AP=0.4828 | test_loss=0.2711 test_AP=0.4679
Epoch 151/200 [294.4s mem=45626MB] proxies=ON | train_loss=0.2521 mmd=0.0000 train_AP=0.4641 | val_loss=0.2668 val_AP=0.4696 | test_loss=0.2810 test_AP=0.4542
Epoch 152/200 [293.5s mem=45610MB] proxies=ON | train_loss=0.2510 mmd=0.0000 train_AP=0.4671 | val_loss=0.2694 val_AP=0.4674 | test_loss=0.2846 test_AP=0.4538
Epoch 153/200 [295.6s mem=45622MB] proxies=ON | train_loss=0.2508 mmd=0.0000 train_AP=0.4627 | val_loss=0.2635 val_AP=0.4801 | test_loss=0.2744 test_AP=0.4733
Epoch 154/200 [296.0s mem=45614MB] proxies=ON | train_loss=0.2503 mmd=0.0000 train_AP=0.4674 | val_loss=0.2623 val_AP=0.4710 | test_loss=0.2667 test_AP=0.4603
Epoch 155/200 [296.0s mem=45617MB] proxies=ON | train_loss=0.2488 mmd=0.0000 train_AP=0.4694 | val_loss=0.2681 val_AP=0.4744 | test_loss=0.2796 test_AP=0.4671
Epoch 156/200 [295.2s mem=45624MB] proxies=ON | train_loss=0.2502 mmd=0.0000 train_AP=0.4700 | val_loss=0.2726 val_AP=0.4748 | test_loss=0.2833 test_AP=0.4556
Epoch 157/200 [295.9s mem=45614MB] proxies=ON | train_loss=0.2506 mmd=0.0000 train_AP=0.4676 | val_loss=0.2663 val_AP=0.4745 | test_loss=0.2741 test_AP=0.4719
Epoch 158/200 [295.1s mem=45628MB] proxies=ON | train_loss=0.2493 mmd=0.0000 train_AP=0.4717 | val_loss=0.2637 val_AP=0.4791 | test_loss=0.2782 test_AP=0.4657
Epoch 159/200 [296.3s mem=45619MB] proxies=ON | train_loss=0.2490 mmd=0.0000 train_AP=0.4737 | val_loss=0.2544 val_AP=0.4921 | test_loss=0.2690 test_AP=0.4790
  -> New best val AP=0.4921 (test AP=0.4790), saved to checkpoints_e2e_cross_multipt_full/best_e2e.pt
Epoch 160/200 [295.7s mem=45617MB] proxies=ON | train_loss=0.2490 mmd=0.0000 train_AP=0.4677 | val_loss=0.2563 val_AP=0.4867 | test_loss=0.2719 test_AP=0.4676
Epoch 161/200 [296.8s mem=45609MB] proxies=ON | train_loss=0.2478 mmd=0.0000 train_AP=0.4751 | val_loss=0.2681 val_AP=0.4774 | test_loss=0.2845 test_AP=0.4681
Epoch 162/200 [297.3s mem=45620MB] proxies=ON | train_loss=0.2477 mmd=0.0000 train_AP=0.4735 | val_loss=0.2627 val_AP=0.4774 | test_loss=0.2787 test_AP=0.4639
Epoch 163/200 [297.5s mem=45606MB] proxies=ON | train_loss=0.2479 mmd=0.0000 train_AP=0.4732 | val_loss=0.2712 val_AP=0.4705 | test_loss=0.2869 test_AP=0.4573
Epoch 164/200 [297.7s mem=45625MB] proxies=ON | train_loss=0.2476 mmd=0.0000 train_AP=0.4762 | val_loss=0.2756 val_AP=0.4682 | test_loss=0.2908 test_AP=0.4560
Epoch 165/200 [540.4s mem=45627MB] proxies=ON | train_loss=0.2479 mmd=0.0000 train_AP=0.4754 | val_loss=0.2612 val_AP=0.4852 | test_loss=0.2708 test_AP=0.4761
Epoch 166/200 [537.2s mem=45614MB] proxies=ON | train_loss=0.2477 mmd=0.0000 train_AP=0.4721 | val_loss=0.2661 val_AP=0.4713 | test_loss=0.2824 test_AP=0.4593
Epoch 167/200 [537.3s mem=45612MB] proxies=ON | train_loss=0.2466 mmd=0.0000 train_AP=0.4765 | val_loss=0.2664 val_AP=0.4685 | test_loss=0.2860 test_AP=0.4539
Epoch 168/200 [538.0s mem=45639MB] proxies=ON | train_loss=0.2466 mmd=0.0000 train_AP=0.4763 | val_loss=0.2625 val_AP=0.4828 | test_loss=0.2782 test_AP=0.4679
Epoch 169/200 [537.8s mem=45631MB] proxies=ON | train_loss=0.2462 mmd=0.0000 train_AP=0.4762 | val_loss=0.2686 val_AP=0.4790 | test_loss=0.2815 test_AP=0.4622
Epoch 170/200 [542.8s mem=45625MB] proxies=ON | train_loss=0.2449 mmd=0.0000 train_AP=0.4784 | val_loss=0.2838 val_AP=0.4734 | test_loss=0.3071 test_AP=0.4509
Epoch 171/200 [541.2s mem=45626MB] proxies=ON | train_loss=0.2472 mmd=0.0000 train_AP=0.4739 | val_loss=0.3035 val_AP=0.4647 | test_loss=0.3235 test_AP=0.4432
Epoch 172/200 [540.2s mem=45629MB] proxies=ON | train_loss=0.2459 mmd=0.0000 train_AP=0.4782 | val_loss=0.2786 val_AP=0.4713 | test_loss=0.2945 test_AP=0.4518
Epoch 173/200 [543.7s mem=45623MB] proxies=ON | train_loss=0.2457 mmd=0.0000 train_AP=0.4774 | val_loss=0.2915 val_AP=0.4632 | test_loss=0.3137 test_AP=0.4474
Epoch 174/200 [539.9s mem=45618MB] proxies=ON | train_loss=0.2451 mmd=0.0000 train_AP=0.4799 | val_loss=0.3020 val_AP=0.4550 | test_loss=0.3248 test_AP=0.4421
Epoch 175/200 [540.8s mem=45609MB] proxies=ON | train_loss=0.2447 mmd=0.0000 train_AP=0.4806 | val_loss=0.2832 val_AP=0.4678 | test_loss=0.3066 test_AP=0.4518
Epoch 176/200 [519.1s mem=45615MB] proxies=ON | train_loss=0.2453 mmd=0.0000 train_AP=0.4784 | val_loss=0.2732 val_AP=0.4774 | test_loss=0.2946 test_AP=0.4569
Epoch 177/200 [519.1s mem=45616MB] proxies=ON | train_loss=0.2446 mmd=0.0000 train_AP=0.4818 | val_loss=0.2768 val_AP=0.4742 | test_loss=0.2966 test_AP=0.4545
Epoch 178/200 [521.9s mem=45626MB] proxies=ON | train_loss=0.2444 mmd=0.0000 train_AP=0.4848 | val_loss=0.2782 val_AP=0.4789 | test_loss=0.3025 test_AP=0.4594
Epoch 179/200 [519.2s mem=45609MB] proxies=ON | train_loss=0.2459 mmd=0.0000 train_AP=0.4814 | val_loss=0.2781 val_AP=0.4761 | test_loss=0.3011 test_AP=0.4547
Epoch 180/200 [539.7s mem=45611MB] proxies=ON | train_loss=0.2454 mmd=0.0000 train_AP=0.4786 | val_loss=0.2969 val_AP=0.4709 | test_loss=0.3111 test_AP=0.4554
Epoch 181/200 [540.1s mem=45622MB] proxies=ON | train_loss=0.2447 mmd=0.0000 train_AP=0.4794 | val_loss=0.3148 val_AP=0.4613 | test_loss=0.3272 test_AP=0.4519
Epoch 182/200 [541.0s mem=45609MB] proxies=ON | train_loss=0.2442 mmd=0.0000 train_AP=0.4788 | val_loss=0.3054 val_AP=0.4683 | test_loss=0.3161 test_AP=0.4549
Epoch 183/200 [532.2s mem=45631MB] proxies=ON | train_loss=0.2438 mmd=0.0000 train_AP=0.4830 | val_loss=0.3056 val_AP=0.4655 | test_loss=0.3227 test_AP=0.4529
Epoch 184/200 [529.1s mem=45613MB] proxies=ON | train_loss=0.2448 mmd=0.0000 train_AP=0.4831 | val_loss=0.2999 val_AP=0.4659 | test_loss=0.3206 test_AP=0.4531
Epoch 185/200 [528.8s mem=45633MB] proxies=ON | train_loss=0.2441 mmd=0.0000 train_AP=0.4813 | val_loss=0.2993 val_AP=0.4673 | test_loss=0.3188 test_AP=0.4501
Epoch 186/200 [522.7s mem=45611MB] proxies=ON | train_loss=0.2445 mmd=0.0000 train_AP=0.4831 | val_loss=0.3005 val_AP=0.4701 | test_loss=0.3194 test_AP=0.4490
Epoch 187/200 [302.8s mem=45616MB] proxies=ON | train_loss=0.2432 mmd=0.0000 train_AP=0.4821 | val_loss=0.3086 val_AP=0.4655 | test_loss=0.3267 test_AP=0.4478
Epoch 188/200 [301.0s mem=45619MB] proxies=ON | train_loss=0.2422 mmd=0.0000 train_AP=0.4869 | val_loss=0.3011 val_AP=0.4674 | test_loss=0.3226 test_AP=0.4487
Epoch 189/200 [300.0s mem=45623MB] proxies=ON | train_loss=0.2442 mmd=0.0000 train_AP=0.4814 | val_loss=0.3066 val_AP=0.4626 | test_loss=0.3278 test_AP=0.4470
Epoch 190/200 [299.5s mem=45633MB] proxies=ON | train_loss=0.2449 mmd=0.0000 train_AP=0.4751 | val_loss=0.3017 val_AP=0.4654 | test_loss=0.3238 test_AP=0.4502
Epoch 191/200 [299.3s mem=45626MB] proxies=ON | train_loss=0.2439 mmd=0.0000 train_AP=0.4809 | val_loss=0.3024 val_AP=0.4650 | test_loss=0.3241 test_AP=0.4506
Epoch 192/200 [299.8s mem=45632MB] proxies=ON | train_loss=0.2437 mmd=0.0000 train_AP=0.4788 | val_loss=0.3025 val_AP=0.4656 | test_loss=0.3256 test_AP=0.4491
Epoch 193/200 [298.8s mem=45623MB] proxies=ON | train_loss=0.2434 mmd=0.0000 train_AP=0.4827 | val_loss=0.3005 val_AP=0.4655 | test_loss=0.3233 test_AP=0.4488
Epoch 194/200 [333.5s mem=45631MB] proxies=ON | train_loss=0.2440 mmd=0.0000 train_AP=0.4878 | val_loss=0.2995 val_AP=0.4671 | test_loss=0.3202 test_AP=0.4496
Epoch 195/200 [443.1s mem=45608MB] proxies=ON | train_loss=0.2441 mmd=0.0000 train_AP=0.4864 | val_loss=0.2979 val_AP=0.4674 | test_loss=0.3188 test_AP=0.4503
Epoch 196/200 [440.8s mem=45607MB] proxies=ON | train_loss=0.2448 mmd=0.0000 train_AP=0.4788 | val_loss=0.2976 val_AP=0.4678 | test_loss=0.3185 test_AP=0.4506
Epoch 197/200 [438.0s mem=45619MB] proxies=ON | train_loss=0.2425 mmd=0.0000 train_AP=0.4830 | val_loss=0.2968 val_AP=0.4680 | test_loss=0.3180 test_AP=0.4503
Epoch 198/200 [442.6s mem=45629MB] proxies=ON | train_loss=0.2431 mmd=0.0000 train_AP=0.4839 | val_loss=0.2982 val_AP=0.4671 | test_loss=0.3191 test_AP=0.4502
Epoch 199/200 [440.8s mem=45608MB] proxies=ON | train_loss=0.2435 mmd=0.0000 train_AP=0.4837 | val_loss=0.2973 val_AP=0.4672 | test_loss=0.3189 test_AP=0.4503
Epoch 200/200 [438.5s mem=45611MB] proxies=ON | train_loss=0.2426 mmd=0.0000 train_AP=0.4874 | val_loss=0.2958 val_AP=0.4676 | test_loss=0.3181 test_AP=0.4501
Diagnostic: train_loss vs val_AP correlation = -0.4510

Training complete. Best val AP=0.4921 at epoch 159.
Diagnostics saved to checkpoints_e2e_cross_multipt_full/e2e_diagnostics.pkl
