Pipeline B — End-to-End Training
  Backbone: vanilla_gt
  Generator: graph_coarsening
  Proxies: 64, Warmup: 0 epochs
  Readout: all_tokens, MMD lambda: 0.0
  Device: cuda
  Total parameters: 6,115,146
    Model:     4,912,650
    Generator: 1,202,496
Epoch   1/200 [35.6s mem=23723MB] proxies=ON | train_loss=2.1927 mmd=0.0000 div=0.9520 proxy_cos=0.9520±0.0072 train_AP=0.2030 | val_loss=0.6801 val_AP=0.2718 | test_loss=0.6834 test_AP=0.2705
  -> New best val AP=0.2718 (test AP=0.2705), saved to checkpoints_e2e_full_readout/best_e2e.pt
Epoch   2/200 [53.6s mem=23748MB] proxies=ON | train_loss=0.8428 mmd=0.0000 div=0.9395 proxy_cos=0.9395±0.0095 train_AP=0.1868 | val_loss=0.6998 val_AP=0.2539 | test_loss=0.7021 test_AP=0.2525
Epoch   3/200 [89.0s mem=23719MB] proxies=ON | train_loss=0.8515 mmd=0.0000 div=0.2468 proxy_cos=0.2468±0.0981 train_AP=0.1677 | val_loss=0.6998 val_AP=0.1725 | test_loss=0.6962 test_AP=0.1706
Epoch   4/200 [95.4s mem=23754MB] proxies=ON | train_loss=0.9866 mmd=0.0000 div=0.0897 proxy_cos=0.0897±0.1279 train_AP=0.1672 | val_loss=0.6635 val_AP=0.1680 | test_loss=0.6635 test_AP=0.1678
Epoch   5/200 [86.0s mem=23728MB] proxies=ON | train_loss=1.1088 mmd=0.0000 div=0.0721 proxy_cos=0.0721±0.1455 train_AP=0.1671 | val_loss=0.7835 val_AP=0.1666 | test_loss=0.7846 test_AP=0.1651
Epoch   6/200 [95.0s mem=23751MB] proxies=ON | train_loss=1.2337 mmd=0.0000 div=0.0827 proxy_cos=0.0827±0.1578 train_AP=0.1651 | val_loss=3.7720 val_AP=0.2438 | test_loss=3.7723 test_AP=0.2434
Epoch   7/200 [88.3s mem=23723MB] proxies=ON | train_loss=1.2019 mmd=0.0000 div=0.1780 proxy_cos=0.1780±0.1650 train_AP=0.1669 | val_loss=0.6233 val_AP=0.1648 | test_loss=0.6233 test_AP=0.1647
Epoch   8/200 [95.1s mem=23746MB] proxies=ON | train_loss=0.6364 mmd=0.0000 div=0.0590 proxy_cos=0.0590±0.1988 train_AP=0.1690 | val_loss=0.5893 val_AP=0.1648 | test_loss=0.5893 test_AP=0.1647
Epoch   9/200 [95.0s mem=23754MB] proxies=ON | train_loss=0.5692 mmd=0.0000 div=0.0014 proxy_cos=0.0014±0.2101 train_AP=0.1658 | val_loss=0.5513 val_AP=0.1648 | test_loss=0.5513 test_AP=0.1647
Epoch  10/200 [94.9s mem=23754MB] proxies=ON | train_loss=0.5368 mmd=0.0000 div=0.0022 proxy_cos=0.0022±0.2127 train_AP=0.1651 | val_loss=0.5230 val_AP=0.1648 | test_loss=0.5230 test_AP=0.1647
Epoch  11/200 [88.9s mem=23744MB] proxies=ON | train_loss=0.5124 mmd=0.0000 div=0.0053 proxy_cos=0.0053±0.2156 train_AP=0.1648 | val_loss=0.5017 val_AP=0.1648 | test_loss=0.5017 test_AP=0.1647
Epoch  12/200 [92.9s mem=23748MB] proxies=ON | train_loss=0.4921 mmd=0.0000 div=0.0019 proxy_cos=0.0019±0.2184 train_AP=0.1642 | val_loss=0.4833 val_AP=0.1648 | test_loss=0.4833 test_AP=0.1647
Epoch  13/200 [95.7s mem=23747MB] proxies=ON | train_loss=0.4752 mmd=0.0000 div=0.0012 proxy_cos=0.0012±0.2197 train_AP=0.1647 | val_loss=0.4681 val_AP=0.1648 | test_loss=0.4682 test_AP=0.1647
Epoch  14/200 [92.2s mem=23708MB] proxies=ON | train_loss=0.4614 mmd=0.0000 div=0.0014 proxy_cos=0.0014±0.2207 train_AP=0.1628 | val_loss=0.4554 val_AP=0.1648 | test_loss=0.4555 test_AP=0.1647
Epoch  15/200 [90.3s mem=23767MB] proxies=ON | train_loss=0.4496 mmd=0.0000 div=0.0013 proxy_cos=0.0013±0.2218 train_AP=0.1638 | val_loss=0.4447 val_AP=0.1648 | test_loss=0.4447 test_AP=0.1647
Epoch  16/200 [95.1s mem=23752MB] proxies=ON | train_loss=0.4396 mmd=0.0000 div=0.0012 proxy_cos=0.0012±0.2228 train_AP=0.1654 | val_loss=0.4354 val_AP=0.1648 | test_loss=0.4354 test_AP=0.1647
Epoch  17/200 [90.3s mem=23751MB] proxies=ON | train_loss=0.4309 mmd=0.0000 div=0.0013 proxy_cos=0.0013±0.2236 train_AP=0.1645 | val_loss=0.4273 val_AP=0.1648 | test_loss=0.4273 test_AP=0.1647
Epoch  18/200 [90.1s mem=23720MB] proxies=ON | train_loss=0.4234 mmd=0.0000 div=0.0013 proxy_cos=0.0013±0.2246 train_AP=0.1644 | val_loss=0.4202 val_AP=0.1648 | test_loss=0.4203 test_AP=0.1647
Epoch  19/200 [96.3s mem=23744MB] proxies=ON | train_loss=0.4167 mmd=0.0000 div=0.0012 proxy_cos=0.0012±0.2251 train_AP=0.1640 | val_loss=0.4140 val_AP=0.1648 | test_loss=0.4140 test_AP=0.1647
Epoch  20/200 [96.1s mem=23726MB] proxies=ON | train_loss=0.4108 mmd=0.0000 div=0.0010 proxy_cos=0.0010±0.2263 train_AP=0.1635 | val_loss=0.4085 val_AP=0.1648 | test_loss=0.4085 test_AP=0.1647
Epoch  21/200 [96.0s mem=23756MB] proxies=ON | train_loss=0.4056 mmd=0.0000 div=0.0015 proxy_cos=0.0015±0.2272 train_AP=0.1649 | val_loss=0.4036 val_AP=0.1648 | test_loss=0.4036 test_AP=0.1647
Epoch  22/200 [91.8s mem=23726MB] proxies=ON | train_loss=0.4010 mmd=0.0000 div=0.0013 proxy_cos=0.0013±0.2281 train_AP=0.1635 | val_loss=0.3992 val_AP=0.1648 | test_loss=0.3993 test_AP=0.1647
Epoch  23/200 [106.1s mem=23755MB] proxies=ON | train_loss=0.3969 mmd=0.0000 div=0.0012 proxy_cos=0.0012±0.2288 train_AP=0.1632 | val_loss=0.3953 val_AP=0.1648 | test_loss=0.3954 test_AP=0.1647
Epoch  24/200 [92.1s mem=23750MB] proxies=ON | train_loss=0.3932 mmd=0.0000 div=0.0009 proxy_cos=0.0009±0.2297 train_AP=0.1631 | val_loss=0.3918 val_AP=0.1648 | test_loss=0.3919 test_AP=0.1647
Epoch  25/200 [96.2s mem=23709MB] proxies=ON | train_loss=0.3898 mmd=0.0000 div=0.0009 proxy_cos=0.0009±0.2302 train_AP=0.1637 | val_loss=0.3886 val_AP=0.1648 | test_loss=0.3887 test_AP=0.1647
Epoch  26/200 [100.7s mem=23699MB] proxies=ON | train_loss=0.3868 mmd=0.0000 div=0.0012 proxy_cos=0.0012±0.2308 train_AP=0.1632 | val_loss=0.3858 val_AP=0.1648 | test_loss=0.3859 test_AP=0.1647
Epoch  27/200 [91.3s mem=23745MB] proxies=ON | train_loss=0.3841 mmd=0.0000 div=0.0011 proxy_cos=0.0011±0.2316 train_AP=0.1631 | val_loss=0.3832 val_AP=0.1648 | test_loss=0.3833 test_AP=0.1647
Epoch  28/200 [92.8s mem=23719MB] proxies=ON | train_loss=0.3817 mmd=0.0000 div=0.0011 proxy_cos=0.0011±0.2320 train_AP=0.1644 | val_loss=0.3809 val_AP=0.1648 | test_loss=0.3810 test_AP=0.1647
Epoch  29/200 [104.4s mem=23744MB] proxies=ON | train_loss=0.3795 mmd=0.0000 div=0.0011 proxy_cos=0.0011±0.2323 train_AP=0.1632 | val_loss=0.3788 val_AP=0.1648 | test_loss=0.3789 test_AP=0.1647
Epoch  30/200 [92.7s mem=23709MB] proxies=ON | train_loss=0.3775 mmd=0.0000 div=0.0009 proxy_cos=0.0009±0.2329 train_AP=0.1615 | val_loss=0.3769 val_AP=0.1648 | test_loss=0.3770 test_AP=0.1647
Epoch  31/200 [91.0s mem=23750MB] proxies=ON | train_loss=0.3757 mmd=0.0000 div=0.0011 proxy_cos=0.0011±0.2337 train_AP=0.1630 | val_loss=0.3752 val_AP=0.1648 | test_loss=0.3752 test_AP=0.1647
Early stopping at epoch 31 (patience=30). Best val AP=0.2718 at epoch 1.
Diagnostic: train_loss vs val_AP correlation = 0.7498

Training complete. Best val AP=0.2718 at epoch 1.
Diagnostics saved to checkpoints_e2e_full_readout/e2e_diagnostics.pkl
