{'dataset': 'Peptides-func', 'hidden_dim': 768, 'num_heads': 32, 'num_layers': 12, 'ffn_dim': None, 'dropout': 0.2, 'attention_dropout': 0.2, 'activation_dropout': 0.1, 'multi_hop_max_dist': 40, 'spatial_pos_max': 40, 'edge_type': 'multi_hop', 'lr': 0.001, 'lr_min': 1e-06, 'weight_decay': 0.0003, 'batch_size': 8, 'max_epochs': 200, 'patience': 40, 'reduce_lr_patience': 10, 'warmup_ratio': 0.05, 'grad_clip': 1.0, 'num_workers': 1, 'device': None, 'save_dir': 'checkpoints_graphormer', 'seed': 0, 'checkpoint': None}
Unknown args =  ['--ffn_ratio', '1']
[Peptides-func] task=multi_label level=graph metric=macro_ap (higher_is_better=True)
Loading datasets...
Wrapping datasets for lazy Graphormer preprocessing...
trainable params: 86.453M
Graphormer config: hidden_dim=768, num_heads=32, head_dim=24, num_layers=12, ffn_dim=3072
ReduceLROnPlateau: mode=max, patience=10, factor=0.5, min_lr=1e-06
Traceback (most recent call last):
  File "/home1/sajan_rg/graphormer_eval/new_experiments/graph_exp_new/train_graphormer.py", line 637, in <module>
    main()
    ~~~~^^
  File "/home1/sajan_rg/graphormer_eval/new_experiments/graph_exp_new/train_graphormer.py", line 579, in main
    tr_loss, tr_metric = run_epoch(
                         ~~~~~~~~~^
        model, train_loader, task, args.device,
        ^^^^^^^^^^^^^^^^^^^^^^^^^^^^^^^^^^^^^^^
        optimizer=optimizer, scheduler=scheduler, grad_clip=args.grad_clip,
        ^^^^^^^^^^^^^^^^^^^^^^^^^^^^^^^^^^^^^^^^^^^^^^^^^^^^^^^^^^^^^^^^^^^
    )
    ^
  File "/home1/sajan_rg/graphormer_eval/new_experiments/graph_exp_new/train_graphormer.py", line 427, in run_epoch
    loss.backward()
    ~~~~~~~~~~~~~^^
  File "/home1/sajan_rg/.local/lib/python3.13/site-packages/torch/_tensor.py", line 631, in backward
    torch.autograd.backward(
    ~~~~~~~~~~~~~~~~~~~~~~~^
        self, gradient, retain_graph, create_graph, inputs=inputs
        ^^^^^^^^^^^^^^^^^^^^^^^^^^^^^^^^^^^^^^^^^^^^^^^^^^^^^^^^^
    )
    ^
  File "/home1/sajan_rg/.local/lib/python3.13/site-packages/torch/autograd/__init__.py", line 381, in backward
    _engine_run_backward(
    ~~~~~~~~~~~~~~~~~~~~^
        tensors,
        ^^^^^^^^
    ...<5 lines>...
        accumulate_grad=True,
        ^^^^^^^^^^^^^^^^^^^^^
    )
    ^
  File "/home1/sajan_rg/.local/lib/python3.13/site-packages/torch/autograd/graph.py", line 869, in _engine_run_backward
    return Variable._execution_engine.run_backward(  # Calls into the C++ engine to run the backward pass
           ~~~~~~~~~~~~~~~~~~~~~~~~~~~~~~~~~~~~~~~^^^^^^^^^^^^^^^^^^^^^^^^^^^^^^^^^^^^^^^^^^^^^^^^^^^^^^^
        t_outputs, *args, **kwargs
        ^^^^^^^^^^^^^^^^^^^^^^^^^^
    )  # Calls into the C++ engine to run the backward pass
    ^
torch.OutOfMemoryError: CUDA out of memory. Tried to allocate 17.05 GiB. GPU 0 has a total capacity of 94.96 GiB of which 9.33 GiB is free. Process 618700 has 11.42 GiB memory in use. Including non-PyTorch memory, this process has 74.07 GiB memory in use. Of the allocated memory 34.91 GiB is allocated by PyTorch, and 38.51 GiB is reserved by PyTorch but unallocated. If reserved but unallocated memory is large try setting PYTORCH_CUDA_ALLOC_CONF=expandable_segments:True to avoid fragmentation.  See documentation for Memory Management  (https://docs.pytorch.org/docs/stable/notes/cuda.html#optimizing-memory-usage-with-pytorch-cuda-alloc-conf)
