{'dataset': 'Peptides-func', 'max_hops': 40, 'use_lap_pe': False, 'lap_pe_dim': 8, 'hidden_dim': 320, 'num_heads': 20, 'ffn_ratio': 4, 'num_layers': 1, 'dropout': 0.2, 'graph_pool': 'sum', 'hop_mode': 'window', 'hop_window': 1, 'num_global_heads': 0, 'lr': 0.001, 'lr_min': 1e-06, 'weight_decay': 0.0003, 'batch_size': 64, 'max_epochs': 200, 'patience': 40, 'warmup_ratio': 0.05, 'grad_clip': 1.0, 'num_workers': 4, 'dist_mask_workers': 8, 'device': None, 'save_dir': 'checkpoints_hop_masked', 'seed': 0}
Unknown args =  []
[Peptides-func] task=multi_label level=graph metric=macro_ap (higher_is_better=True)
  Loading cached distance masks from ./data/Peptides-func/dist_masks/train.pkl
  Loading cached distance masks from ./data/Peptides-func/dist_masks/val.pkl
  Loading cached distance masks from ./data/Peptides-func/dist_masks/test.pkl
Head -> hop set assignment:
  head 0: [0, 1, 2]
  head 1: [0, 2, 3, 4]
  head 2: [0, 4, 5, 6]
  head 3: [0, 6, 7, 8]
  head 4: [0, 8, 9, 10]
  head 5: [0, 10, 11, 12]
  head 6: [0, 12, 13, 14]
  head 7: [0, 14, 15, 16]
  head 8: [0, 16, 17, 18]
  head 9: [0, 18, 19, 20]
  head 10: [0, 20, 21, 22]
  head 11: [0, 22, 23, 24]
  head 12: [0, 24, 25, 26]
  head 13: [0, 26, 27, 28]
  head 14: [0, 28, 29, 30]
  head 15: [0, 30, 31, 32]
  head 16: [0, 32, 33, 34]
  head 17: [0, 34, 35, 36]
  head 18: [0, 36, 37, 38]
  head 19: [0, 38, 39]
trainable params: 1.498M
epoch 000 | 145.0s | train loss 0.4125 AP 0.1790 | val loss 0.3260 AP 0.2835 | test loss 0.3268 AP 0.2770 | best val 0.2835 (epoch 0, test 0.2770314392219145)
epoch 001 | 147.9s | train loss 0.3121 AP 0.3144 | val loss 0.2912 AP 0.3855 | test loss 0.2914 AP 0.3822 | best val 0.3855 (epoch 1, test 0.3821698998668236)
epoch 002 | 146.4s | train loss 0.2914 AP 0.3651 | val loss 0.2763 AP 0.4146 | test loss 0.2779 AP 0.4026 | best val 0.4146 (epoch 2, test 0.4025714011660987)
epoch 003 | 146.4s | train loss 0.2784 AP 0.3939 | val loss 0.2642 AP 0.4374 | test loss 0.2660 AP 0.4245 | best val 0.4374 (epoch 3, test 0.4245257920078723)
epoch 004 | 147.7s | train loss 0.2714 AP 0.4155 | val loss 0.2578 AP 0.4639 | test loss 0.2607 AP 0.4450 | best val 0.4639 (epoch 4, test 0.4449522496146333)
epoch 005 | 147.1s | train loss 0.2623 AP 0.4405 | val loss 0.2530 AP 0.4891 | test loss 0.2600 AP 0.4599 | best val 0.4891 (epoch 5, test 0.45994715202487557)
epoch 006 | 148.8s | train loss 0.2572 AP 0.4565 | val loss 0.2428 AP 0.5123 | test loss 0.2509 AP 0.4836 | best val 0.5123 (epoch 6, test 0.4836135583512841)
epoch 007 | 147.8s | train loss 0.2543 AP 0.4675 | val loss 0.2482 AP 0.5087 | test loss 0.2524 AP 0.4856 | best val 0.5123 (epoch 6, test 0.4836135583512841)
epoch 008 | 147.2s | train loss 0.2495 AP 0.4807 | val loss 0.2521 AP 0.5078 | test loss 0.2589 AP 0.4849 | best val 0.5123 (epoch 6, test 0.4836135583512841)
epoch 009 | 146.6s | train loss 0.2455 AP 0.4887 | val loss 0.2384 AP 0.5095 | test loss 0.2469 AP 0.4929 | best val 0.5123 (epoch 6, test 0.4836135583512841)
epoch 010 | 146.3s | train loss 0.2420 AP 0.5020 | val loss 0.2332 AP 0.5412 | test loss 0.2453 AP 0.5001 | best val 0.5412 (epoch 10, test 0.5000779276100553)
epoch 011 | 141.5s | train loss 0.2427 AP 0.5004 | val loss 0.2455 AP 0.5308 | test loss 0.2534 AP 0.5034 | best val 0.5412 (epoch 10, test 0.5000779276100553)
epoch 012 | 142.0s | train loss 0.2380 AP 0.5105 | val loss 0.2339 AP 0.5432 | test loss 0.2417 AP 0.5240 | best val 0.5432 (epoch 12, test 0.5239994305167331)
epoch 013 | 139.4s | train loss 0.2323 AP 0.5338 | val loss 0.2318 AP 0.5534 | test loss 0.2439 AP 0.5118 | best val 0.5534 (epoch 13, test 0.511760143065327)
epoch 014 | 142.4s | train loss 0.2289 AP 0.5404 | val loss 0.2262 AP 0.5541 | test loss 0.2361 AP 0.5350 | best val 0.5541 (epoch 14, test 0.5349792784904197)
epoch 015 | 141.6s | train loss 0.2253 AP 0.5532 | val loss 0.2262 AP 0.5602 | test loss 0.2365 AP 0.5389 | best val 0.5602 (epoch 15, test 0.538929391170179)
epoch 016 | 144.0s | train loss 0.2259 AP 0.5534 | val loss 0.2278 AP 0.5638 | test loss 0.2362 AP 0.5452 | best val 0.5638 (epoch 16, test 0.5452249476277921)
epoch 017 | 142.1s | train loss 0.2193 AP 0.5657 | val loss 0.2285 AP 0.5636 | test loss 0.2377 AP 0.5463 | best val 0.5638 (epoch 16, test 0.5452249476277921)
epoch 018 | 140.8s | train loss 0.2227 AP 0.5606 | val loss 0.2332 AP 0.5563 | test loss 0.2424 AP 0.5356 | best val 0.5638 (epoch 16, test 0.5452249476277921)
epoch 019 | 142.9s | train loss 0.2195 AP 0.5697 | val loss 0.2358 AP 0.5700 | test loss 0.2440 AP 0.5433 | best val 0.5700 (epoch 19, test 0.5432742113517575)
epoch 020 | 140.0s | train loss 0.2129 AP 0.5847 | val loss 0.2146 AP 0.5937 | test loss 0.2227 AP 0.5698 | best val 0.5937 (epoch 20, test 0.5697654030322071)
epoch 021 | 143.5s | train loss 0.2103 AP 0.5945 | val loss 0.2206 AP 0.5991 | test loss 0.2322 AP 0.5657 | best val 0.5991 (epoch 21, test 0.5656780075898216)
epoch 022 | 140.1s | train loss 0.2088 AP 0.6019 | val loss 0.2117 AP 0.6070 | test loss 0.2224 AP 0.5805 | best val 0.6070 (epoch 22, test 0.5804746691061011)
epoch 023 | 141.7s | train loss 0.2044 AP 0.6086 | val loss 0.2195 AP 0.6025 | test loss 0.2274 AP 0.5830 | best val 0.6070 (epoch 22, test 0.5804746691061011)
epoch 024 | 140.1s | train loss 0.2029 AP 0.6186 | val loss 0.2086 AP 0.6177 | test loss 0.2215 AP 0.5881 | best val 0.6177 (epoch 24, test 0.5881189511597824)
epoch 025 | 141.8s | train loss 0.1992 AP 0.6262 | val loss 0.2109 AP 0.6163 | test loss 0.2224 AP 0.5856 | best val 0.6177 (epoch 24, test 0.5881189511597824)
epoch 026 | 140.2s | train loss 0.1983 AP 0.6324 | val loss 0.2092 AP 0.6097 | test loss 0.2180 AP 0.5942 | best val 0.6177 (epoch 24, test 0.5881189511597824)
epoch 027 | 143.1s | train loss 0.1949 AP 0.6392 | val loss 0.2025 AP 0.6317 | test loss 0.2189 AP 0.5994 | best val 0.6317 (epoch 27, test 0.5994284366515147)
epoch 028 | 142.1s | train loss 0.1961 AP 0.6376 | val loss 0.2089 AP 0.6245 | test loss 0.2217 AP 0.5979 | best val 0.6317 (epoch 27, test 0.5994284366515147)
epoch 029 | 140.4s | train loss 0.1904 AP 0.6524 | val loss 0.2110 AP 0.6219 | test loss 0.2201 AP 0.5961 | best val 0.6317 (epoch 27, test 0.5994284366515147)
epoch 030 | 142.8s | train loss 0.1895 AP 0.6548 | val loss 0.2068 AP 0.6327 | test loss 0.2237 AP 0.5983 | best val 0.6327 (epoch 30, test 0.5982825623955997)
epoch 031 | 142.7s | train loss 0.1853 AP 0.6672 | val loss 0.2052 AP 0.6435 | test loss 0.2158 AP 0.6175 | best val 0.6435 (epoch 31, test 0.6174856269940274)
epoch 032 | 140.4s | train loss 0.1828 AP 0.6729 | val loss 0.2072 AP 0.6468 | test loss 0.2157 AP 0.6209 | best val 0.6468 (epoch 32, test 0.620858959321344)
epoch 033 | 140.5s | train loss 0.1796 AP 0.6820 | val loss 0.2078 AP 0.6403 | test loss 0.2185 AP 0.6108 | best val 0.6468 (epoch 32, test 0.620858959321344)
epoch 034 | 140.0s | train loss 0.1783 AP 0.6844 | val loss 0.2042 AP 0.6573 | test loss 0.2156 AP 0.6253 | best val 0.6573 (epoch 34, test 0.6252520365926155)
epoch 035 | 140.4s | train loss 0.1754 AP 0.6978 | val loss 0.2070 AP 0.6561 | test loss 0.2170 AP 0.6302 | best val 0.6573 (epoch 34, test 0.6252520365926155)
epoch 036 | 141.9s | train loss 0.1733 AP 0.7016 | val loss 0.2071 AP 0.6666 | test loss 0.2273 AP 0.6221 | best val 0.6666 (epoch 36, test 0.6221090567616925)
epoch 037 | 140.7s | train loss 0.1700 AP 0.7081 | val loss 0.2012 AP 0.6543 | test loss 0.2123 AP 0.6251 | best val 0.6666 (epoch 36, test 0.6221090567616925)
epoch 038 | 140.0s | train loss 0.1695 AP 0.7085 | val loss 0.2017 AP 0.6618 | test loss 0.2127 AP 0.6236 | best val 0.6666 (epoch 36, test 0.6221090567616925)
epoch 039 | 141.9s | train loss 0.1646 AP 0.7179 | val loss 0.1984 AP 0.6561 | test loss 0.2112 AP 0.6370 | best val 0.6666 (epoch 36, test 0.6221090567616925)
epoch 040 | 141.3s | train loss 0.1618 AP 0.7234 | val loss 0.2025 AP 0.6581 | test loss 0.2150 AP 0.6296 | best val 0.6666 (epoch 36, test 0.6221090567616925)
epoch 041 | 142.0s | train loss 0.1618 AP 0.7300 | val loss 0.2026 AP 0.6640 | test loss 0.2122 AP 0.6330 | best val 0.6666 (epoch 36, test 0.6221090567616925)
epoch 042 | 139.5s | train loss 0.1588 AP 0.7329 | val loss 0.1966 AP 0.6663 | test loss 0.2093 AP 0.6406 | best val 0.6666 (epoch 36, test 0.6221090567616925)
epoch 043 | 140.8s | train loss 0.1549 AP 0.7454 | val loss 0.2082 AP 0.6393 | test loss 0.2168 AP 0.6097 | best val 0.6666 (epoch 36, test 0.6221090567616925)
epoch 044 | 140.5s | train loss 0.1535 AP 0.7459 | val loss 0.1994 AP 0.6640 | test loss 0.2107 AP 0.6400 | best val 0.6666 (epoch 36, test 0.6221090567616925)
epoch 045 | 140.2s | train loss 0.1535 AP 0.7495 | val loss 0.2018 AP 0.6571 | test loss 0.2147 AP 0.6399 | best val 0.6666 (epoch 36, test 0.6221090567616925)
epoch 046 | 140.7s | train loss 0.1502 AP 0.7584 | val loss 0.2003 AP 0.6615 | test loss 0.2140 AP 0.6369 | best val 0.6666 (epoch 36, test 0.6221090567616925)
epoch 047 | 140.4s | train loss 0.1482 AP 0.7583 | val loss 0.2002 AP 0.6676 | test loss 0.2120 AP 0.6435 | best val 0.6676 (epoch 47, test 0.6435410351443395)
epoch 048 | 141.2s | train loss 0.1443 AP 0.7707 | val loss 0.2008 AP 0.6607 | test loss 0.2072 AP 0.6485 | best val 0.6676 (epoch 47, test 0.6435410351443395)
epoch 049 | 140.8s | train loss 0.1419 AP 0.7756 | val loss 0.2014 AP 0.6777 | test loss 0.2155 AP 0.6535 | best val 0.6777 (epoch 49, test 0.653494733780129)
epoch 050 | 140.5s | train loss 0.1415 AP 0.7723 | val loss 0.2055 AP 0.6811 | test loss 0.2164 AP 0.6600 | best val 0.6811 (epoch 50, test 0.6599515592288704)
epoch 051 | 142.0s | train loss 0.1400 AP 0.7777 | val loss 0.2002 AP 0.6746 | test loss 0.2124 AP 0.6548 | best val 0.6811 (epoch 50, test 0.6599515592288704)
epoch 052 | 139.3s | train loss 0.1344 AP 0.7878 | val loss 0.2023 AP 0.6839 | test loss 0.2176 AP 0.6573 | best val 0.6839 (epoch 52, test 0.6573360013239666)
epoch 053 | 142.8s | train loss 0.1343 AP 0.7872 | val loss 0.1950 AP 0.6748 | test loss 0.2118 AP 0.6651 | best val 0.6839 (epoch 52, test 0.6573360013239666)
epoch 054 | 142.7s | train loss 0.1311 AP 0.7943 | val loss 0.2043 AP 0.6792 | test loss 0.2170 AP 0.6537 | best val 0.6839 (epoch 52, test 0.6573360013239666)
epoch 055 | 143.2s | train loss 0.1276 AP 0.8052 | val loss 0.2084 AP 0.6741 | test loss 0.2186 AP 0.6662 | best val 0.6839 (epoch 52, test 0.6573360013239666)
epoch 056 | 141.0s | train loss 0.1275 AP 0.8034 | val loss 0.2163 AP 0.6750 | test loss 0.2331 AP 0.6572 | best val 0.6839 (epoch 52, test 0.6573360013239666)
epoch 057 | 140.8s | train loss 0.1262 AP 0.8084 | val loss 0.2000 AP 0.6855 | test loss 0.2174 AP 0.6686 | best val 0.6855 (epoch 57, test 0.6686396794819229)
epoch 058 | 141.2s | train loss 0.1233 AP 0.8095 | val loss 0.2157 AP 0.6750 | test loss 0.2252 AP 0.6639 | best val 0.6855 (epoch 57, test 0.6686396794819229)
epoch 059 | 141.6s | train loss 0.1196 AP 0.8188 | val loss 0.2041 AP 0.6912 | test loss 0.2178 AP 0.6712 | best val 0.6912 (epoch 59, test 0.6711631813477329)
epoch 060 | 140.5s | train loss 0.1194 AP 0.8237 | val loss 0.2111 AP 0.6760 | test loss 0.2176 AP 0.6662 | best val 0.6912 (epoch 59, test 0.6711631813477329)
epoch 061 | 141.5s | train loss 0.1154 AP 0.8319 | val loss 0.2188 AP 0.6699 | test loss 0.2224 AP 0.6608 | best val 0.6912 (epoch 59, test 0.6711631813477329)
epoch 062 | 142.7s | train loss 0.1142 AP 0.8348 | val loss 0.2002 AP 0.6891 | test loss 0.2154 AP 0.6777 | best val 0.6912 (epoch 59, test 0.6711631813477329)
epoch 063 | 153.5s | train loss 0.1114 AP 0.8393 | val loss 0.2040 AP 0.6916 | test loss 0.2176 AP 0.6813 | best val 0.6916 (epoch 63, test 0.6813023686596386)
epoch 064 | 153.3s | train loss 0.1094 AP 0.8428 | val loss 0.2083 AP 0.6803 | test loss 0.2230 AP 0.6661 | best val 0.6916 (epoch 63, test 0.6813023686596386)
epoch 065 | 152.8s | train loss 0.1123 AP 0.8380 | val loss 0.2083 AP 0.6793 | test loss 0.2201 AP 0.6644 | best val 0.6916 (epoch 63, test 0.6813023686596386)
epoch 066 | 153.1s | train loss 0.1067 AP 0.8486 | val loss 0.2191 AP 0.6911 | test loss 0.2304 AP 0.6833 | best val 0.6916 (epoch 63, test 0.6813023686596386)
epoch 067 | 151.5s | train loss 0.1052 AP 0.8510 | val loss 0.2176 AP 0.6797 | test loss 0.2294 AP 0.6690 | best val 0.6916 (epoch 63, test 0.6813023686596386)
epoch 068 | 154.1s | train loss 0.1010 AP 0.8571 | val loss 0.2375 AP 0.6765 | test loss 0.2594 AP 0.6648 | best val 0.6916 (epoch 63, test 0.6813023686596386)
epoch 069 | 151.6s | train loss 0.1015 AP 0.8583 | val loss 0.2182 AP 0.6863 | test loss 0.2329 AP 0.6759 | best val 0.6916 (epoch 63, test 0.6813023686596386)
epoch 070 | 146.7s | train loss 0.1003 AP 0.8627 | val loss 0.2153 AP 0.6864 | test loss 0.2296 AP 0.6738 | best val 0.6916 (epoch 63, test 0.6813023686596386)
epoch 071 | 145.5s | train loss 0.0976 AP 0.8643 | val loss 0.2330 AP 0.6900 | test loss 0.2428 AP 0.6801 | best val 0.6916 (epoch 63, test 0.6813023686596386)
epoch 072 | 143.0s | train loss 0.0978 AP 0.8646 | val loss 0.2144 AP 0.6829 | test loss 0.2297 AP 0.6724 | best val 0.6916 (epoch 63, test 0.6813023686596386)
epoch 073 | 146.8s | train loss 0.0955 AP 0.8645 | val loss 0.2177 AP 0.6933 | test loss 0.2304 AP 0.6854 | best val 0.6933 (epoch 73, test 0.6854480758289123)
epoch 074 | 146.3s | train loss 0.0948 AP 0.8742 | val loss 0.2282 AP 0.6857 | test loss 0.2424 AP 0.6843 | best val 0.6933 (epoch 73, test 0.6854480758289123)
epoch 075 | 146.5s | train loss 0.0929 AP 0.8762 | val loss 0.2283 AP 0.6913 | test loss 0.2350 AP 0.6786 | best val 0.6933 (epoch 73, test 0.6854480758289123)
epoch 076 | 147.5s | train loss 0.0943 AP 0.8734 | val loss 0.2215 AP 0.6860 | test loss 0.2315 AP 0.6730 | best val 0.6933 (epoch 73, test 0.6854480758289123)
epoch 077 | 147.1s | train loss 0.0882 AP 0.8841 | val loss 0.2248 AP 0.6861 | test loss 0.2414 AP 0.6807 | best val 0.6933 (epoch 73, test 0.6854480758289123)
epoch 078 | 148.7s | train loss 0.0896 AP 0.8825 | val loss 0.2476 AP 0.6855 | test loss 0.2596 AP 0.6763 | best val 0.6933 (epoch 73, test 0.6854480758289123)
epoch 079 | 144.2s | train loss 0.0882 AP 0.8874 | val loss 0.2242 AP 0.6931 | test loss 0.2458 AP 0.6793 | best val 0.6933 (epoch 73, test 0.6854480758289123)
epoch 080 | 142.4s | train loss 0.0832 AP 0.8924 | val loss 0.2293 AP 0.6873 | test loss 0.2393 AP 0.6736 | best val 0.6933 (epoch 73, test 0.6854480758289123)
epoch 081 | 142.5s | train loss 0.0829 AP 0.8929 | val loss 0.2261 AP 0.6872 | test loss 0.2420 AP 0.6798 | best val 0.6933 (epoch 73, test 0.6854480758289123)
epoch 082 | 143.9s | train loss 0.0827 AP 0.8940 | val loss 0.2334 AP 0.6937 | test loss 0.2532 AP 0.6790 | best val 0.6937 (epoch 82, test 0.67895440195396)
epoch 083 | 141.2s | train loss 0.0823 AP 0.8907 | val loss 0.2262 AP 0.6905 | test loss 0.2408 AP 0.6716 | best val 0.6937 (epoch 82, test 0.67895440195396)
epoch 084 | 141.8s | train loss 0.0809 AP 0.9002 | val loss 0.2249 AP 0.6958 | test loss 0.2408 AP 0.6806 | best val 0.6958 (epoch 84, test 0.6806011771136734)
epoch 085 | 141.4s | train loss 0.0788 AP 0.9040 | val loss 0.2288 AP 0.6965 | test loss 0.2452 AP 0.6896 | best val 0.6965 (epoch 85, test 0.6896217139566992)
epoch 086 | 140.3s | train loss 0.0784 AP 0.8990 | val loss 0.2535 AP 0.6925 | test loss 0.2691 AP 0.6920 | best val 0.6965 (epoch 85, test 0.6896217139566992)
epoch 087 | 141.0s | train loss 0.0771 AP 0.9023 | val loss 0.2361 AP 0.6829 | test loss 0.2488 AP 0.6802 | best val 0.6965 (epoch 85, test 0.6896217139566992)
epoch 088 | 140.4s | train loss 0.0774 AP 0.9048 | val loss 0.2314 AP 0.6832 | test loss 0.2453 AP 0.6742 | best val 0.6965 (epoch 85, test 0.6896217139566992)
epoch 089 | 140.7s | train loss 0.0765 AP 0.9037 | val loss 0.2591 AP 0.6879 | test loss 0.2730 AP 0.6941 | best val 0.6965 (epoch 85, test 0.6896217139566992)
epoch 090 | 142.5s | train loss 0.0732 AP 0.9117 | val loss 0.2453 AP 0.6903 | test loss 0.2658 AP 0.6912 | best val 0.6965 (epoch 85, test 0.6896217139566992)
epoch 091 | 142.2s | train loss 0.0712 AP 0.9127 | val loss 0.2538 AP 0.6899 | test loss 0.2681 AP 0.6906 | best val 0.6965 (epoch 85, test 0.6896217139566992)
epoch 092 | 143.8s | train loss 0.0706 AP 0.9161 | val loss 0.2753 AP 0.6969 | test loss 0.2886 AP 0.6952 | best val 0.6969 (epoch 92, test 0.6952387803384728)
epoch 093 | 140.5s | train loss 0.0723 AP 0.9152 | val loss 0.2506 AP 0.6888 | test loss 0.2667 AP 0.6889 | best val 0.6969 (epoch 92, test 0.6952387803384728)
epoch 094 | 139.5s | train loss 0.0714 AP 0.9132 | val loss 0.2472 AP 0.6947 | test loss 0.2686 AP 0.6817 | best val 0.6969 (epoch 92, test 0.6952387803384728)
epoch 095 | 142.4s | train loss 0.0692 AP 0.9208 | val loss 0.2618 AP 0.6924 | test loss 0.2745 AP 0.6862 | best val 0.6969 (epoch 92, test 0.6952387803384728)
epoch 096 | 141.6s | train loss 0.0686 AP 0.9207 | val loss 0.2458 AP 0.6817 | test loss 0.2629 AP 0.6769 | best val 0.6969 (epoch 92, test 0.6952387803384728)
epoch 097 | 142.7s | train loss 0.0680 AP 0.9245 | val loss 0.2605 AP 0.6916 | test loss 0.2807 AP 0.6899 | best val 0.6969 (epoch 92, test 0.6952387803384728)
epoch 098 | 142.6s | train loss 0.0648 AP 0.9311 | val loss 0.2596 AP 0.6820 | test loss 0.2661 AP 0.6743 | best val 0.6969 (epoch 92, test 0.6952387803384728)
epoch 099 | 143.4s | train loss 0.0661 AP 0.9272 | val loss 0.2583 AP 0.6962 | test loss 0.2754 AP 0.6943 | best val 0.6969 (epoch 92, test 0.6952387803384728)
epoch 100 | 144.1s | train loss 0.0638 AP 0.9294 | val loss 0.2497 AP 0.6927 | test loss 0.2660 AP 0.6874 | best val 0.6969 (epoch 92, test 0.6952387803384728)
epoch 101 | 146.6s | train loss 0.0620 AP 0.9330 | val loss 0.2628 AP 0.6938 | test loss 0.2754 AP 0.6881 | best val 0.6969 (epoch 92, test 0.6952387803384728)
epoch 102 | 148.4s | train loss 0.0642 AP 0.9322 | val loss 0.2597 AP 0.6989 | test loss 0.2803 AP 0.6907 | best val 0.6989 (epoch 102, test 0.6906995164472103)
epoch 103 | 147.9s | train loss 0.0614 AP 0.9303 | val loss 0.2575 AP 0.6957 | test loss 0.2710 AP 0.6962 | best val 0.6989 (epoch 102, test 0.6906995164472103)
epoch 104 | 148.3s | train loss 0.0609 AP 0.9342 | val loss 0.2556 AP 0.6886 | test loss 0.2708 AP 0.6878 | best val 0.6989 (epoch 102, test 0.6906995164472103)
epoch 105 | 149.4s | train loss 0.0600 AP 0.9381 | val loss 0.2825 AP 0.6955 | test loss 0.3011 AP 0.7006 | best val 0.6989 (epoch 102, test 0.6906995164472103)
epoch 106 | 149.3s | train loss 0.0598 AP 0.9366 | val loss 0.2713 AP 0.7031 | test loss 0.2899 AP 0.6921 | best val 0.7031 (epoch 106, test 0.6921405176070823)
epoch 107 | 149.1s | train loss 0.0585 AP 0.9386 | val loss 0.2634 AP 0.6955 | test loss 0.2858 AP 0.6903 | best val 0.7031 (epoch 106, test 0.6921405176070823)
epoch 108 | 152.7s | train loss 0.0581 AP 0.9387 | val loss 0.2719 AP 0.6964 | test loss 0.2878 AP 0.6955 | best val 0.7031 (epoch 106, test 0.6921405176070823)
epoch 109 | 156.6s | train loss 0.0566 AP 0.9429 | val loss 0.2741 AP 0.7014 | test loss 0.2973 AP 0.6949 | best val 0.7031 (epoch 106, test 0.6921405176070823)
epoch 110 | 155.9s | train loss 0.0556 AP 0.9447 | val loss 0.2819 AP 0.6908 | test loss 0.2972 AP 0.6877 | best val 0.7031 (epoch 106, test 0.6921405176070823)
epoch 111 | 155.7s | train loss 0.0553 AP 0.9478 | val loss 0.2700 AP 0.6942 | test loss 0.2854 AP 0.6905 | best val 0.7031 (epoch 106, test 0.6921405176070823)
epoch 112 | 155.3s | train loss 0.0544 AP 0.9478 | val loss 0.2648 AP 0.6949 | test loss 0.2813 AP 0.6913 | best val 0.7031 (epoch 106, test 0.6921405176070823)
epoch 113 | 153.8s | train loss 0.0551 AP 0.9466 | val loss 0.2693 AP 0.6929 | test loss 0.2858 AP 0.6938 | best val 0.7031 (epoch 106, test 0.6921405176070823)
epoch 114 | 153.1s | train loss 0.0531 AP 0.9503 | val loss 0.2791 AP 0.6873 | test loss 0.2987 AP 0.6811 | best val 0.7031 (epoch 106, test 0.6921405176070823)
epoch 115 | 149.0s | train loss 0.0524 AP 0.9473 | val loss 0.2719 AP 0.6994 | test loss 0.2989 AP 0.6893 | best val 0.7031 (epoch 106, test 0.6921405176070823)
epoch 116 | 149.6s | train loss 0.0512 AP 0.9499 | val loss 0.2828 AP 0.6952 | test loss 0.3016 AP 0.6958 | best val 0.7031 (epoch 106, test 0.6921405176070823)
epoch 117 | 150.6s | train loss 0.0522 AP 0.9475 | val loss 0.2810 AP 0.7014 | test loss 0.3039 AP 0.6993 | best val 0.7031 (epoch 106, test 0.6921405176070823)
epoch 118 | 152.5s | train loss 0.0504 AP 0.9500 | val loss 0.2792 AP 0.7090 | test loss 0.3069 AP 0.6984 | best val 0.7090 (epoch 118, test 0.6984022495887501)
epoch 119 | 151.8s | train loss 0.0498 AP 0.9514 | val loss 0.2749 AP 0.6957 | test loss 0.2889 AP 0.6912 | best val 0.7090 (epoch 118, test 0.6984022495887501)
epoch 120 | 149.6s | train loss 0.0512 AP 0.9539 | val loss 0.2939 AP 0.6951 | test loss 0.3186 AP 0.6979 | best val 0.7090 (epoch 118, test 0.6984022495887501)
epoch 121 | 152.2s | train loss 0.0498 AP 0.9527 | val loss 0.2826 AP 0.7032 | test loss 0.3026 AP 0.6973 | best val 0.7090 (epoch 118, test 0.6984022495887501)
epoch 122 | 152.4s | train loss 0.0480 AP 0.9583 | val loss 0.2860 AP 0.7025 | test loss 0.3054 AP 0.7004 | best val 0.7090 (epoch 118, test 0.6984022495887501)
epoch 123 | 152.5s | train loss 0.0476 AP 0.9551 | val loss 0.2850 AP 0.6939 | test loss 0.3030 AP 0.6946 | best val 0.7090 (epoch 118, test 0.6984022495887501)
epoch 124 | 156.8s | train loss 0.0464 AP 0.9563 | val loss 0.2961 AP 0.6967 | test loss 0.3156 AP 0.6964 | best val 0.7090 (epoch 118, test 0.6984022495887501)
epoch 125 | 155.4s | train loss 0.0452 AP 0.9591 | val loss 0.2968 AP 0.6878 | test loss 0.3059 AP 0.6959 | best val 0.7090 (epoch 118, test 0.6984022495887501)
epoch 126 | 157.1s | train loss 0.0457 AP 0.9602 | val loss 0.3102 AP 0.6928 | test loss 0.3215 AP 0.7015 | best val 0.7090 (epoch 118, test 0.6984022495887501)
epoch 127 | 157.5s | train loss 0.0449 AP 0.9630 | val loss 0.2944 AP 0.6937 | test loss 0.3035 AP 0.6987 | best val 0.7090 (epoch 118, test 0.6984022495887501)
epoch 128 | 155.0s | train loss 0.0450 AP 0.9572 | val loss 0.2854 AP 0.6969 | test loss 0.2978 AP 0.6979 | best val 0.7090 (epoch 118, test 0.6984022495887501)
epoch 129 | 157.5s | train loss 0.0445 AP 0.9602 | val loss 0.2936 AP 0.6975 | test loss 0.3066 AP 0.6962 | best val 0.7090 (epoch 118, test 0.6984022495887501)
epoch 130 | 152.8s | train loss 0.0430 AP 0.9632 | val loss 0.2957 AP 0.6908 | test loss 0.3089 AP 0.6995 | best val 0.7090 (epoch 118, test 0.6984022495887501)
epoch 131 | 152.2s | train loss 0.0426 AP 0.9623 | val loss 0.3008 AP 0.6980 | test loss 0.3185 AP 0.7002 | best val 0.7090 (epoch 118, test 0.6984022495887501)
epoch 132 | 152.7s | train loss 0.0427 AP 0.9638 | val loss 0.3052 AP 0.6939 | test loss 0.3174 AP 0.6981 | best val 0.7090 (epoch 118, test 0.6984022495887501)
epoch 133 | 151.7s | train loss 0.0421 AP 0.9627 | val loss 0.3270 AP 0.6955 | test loss 0.3418 AP 0.7033 | best val 0.7090 (epoch 118, test 0.6984022495887501)
epoch 134 | 154.4s | train loss 0.0415 AP 0.9676 | val loss 0.3020 AP 0.6922 | test loss 0.3137 AP 0.6938 | best val 0.7090 (epoch 118, test 0.6984022495887501)
epoch 135 | 153.0s | train loss 0.0420 AP 0.9643 | val loss 0.3114 AP 0.7020 | test loss 0.3292 AP 0.7003 | best val 0.7090 (epoch 118, test 0.6984022495887501)
epoch 136 | 154.7s | train loss 0.0418 AP 0.9651 | val loss 0.3128 AP 0.6961 | test loss 0.3297 AP 0.7017 | best val 0.7090 (epoch 118, test 0.6984022495887501)
epoch 137 | 149.7s | train loss 0.0413 AP 0.9663 | val loss 0.2978 AP 0.6985 | test loss 0.3116 AP 0.7005 | best val 0.7090 (epoch 118, test 0.6984022495887501)
epoch 138 | 149.8s | train loss 0.0396 AP 0.9677 | val loss 0.3231 AP 0.6982 | test loss 0.3416 AP 0.6958 | best val 0.7090 (epoch 118, test 0.6984022495887501)
epoch 139 | 148.8s | train loss 0.0401 AP 0.9699 | val loss 0.3021 AP 0.6994 | test loss 0.3195 AP 0.7020 | best val 0.7090 (epoch 118, test 0.6984022495887501)
epoch 140 | 146.0s | train loss 0.0383 AP 0.9706 | val loss 0.3071 AP 0.6967 | test loss 0.3213 AP 0.6994 | best val 0.7090 (epoch 118, test 0.6984022495887501)
epoch 141 | 145.9s | train loss 0.0386 AP 0.9686 | val loss 0.3305 AP 0.7018 | test loss 0.3517 AP 0.6995 | best val 0.7090 (epoch 118, test 0.6984022495887501)
epoch 142 | 145.0s | train loss 0.0386 AP 0.9689 | val loss 0.3215 AP 0.7014 | test loss 0.3359 AP 0.7038 | best val 0.7090 (epoch 118, test 0.6984022495887501)
epoch 143 | 147.6s | train loss 0.0370 AP 0.9726 | val loss 0.3253 AP 0.6996 | test loss 0.3439 AP 0.7009 | best val 0.7090 (epoch 118, test 0.6984022495887501)
epoch 144 | 146.2s | train loss 0.0367 AP 0.9733 | val loss 0.3243 AP 0.6982 | test loss 0.3354 AP 0.7054 | best val 0.7090 (epoch 118, test 0.6984022495887501)
epoch 145 | 146.5s | train loss 0.0359 AP 0.9729 | val loss 0.3117 AP 0.6995 | test loss 0.3301 AP 0.7032 | best val 0.7090 (epoch 118, test 0.6984022495887501)
epoch 146 | 143.8s | train loss 0.0365 AP 0.9730 | val loss 0.3086 AP 0.6958 | test loss 0.3230 AP 0.6948 | best val 0.7090 (epoch 118, test 0.6984022495887501)
epoch 147 | 146.1s | train loss 0.0361 AP 0.9730 | val loss 0.3213 AP 0.7006 | test loss 0.3347 AP 0.7031 | best val 0.7090 (epoch 118, test 0.6984022495887501)
epoch 148 | 147.2s | train loss 0.0363 AP 0.9716 | val loss 0.3243 AP 0.6970 | test loss 0.3395 AP 0.7010 | best val 0.7090 (epoch 118, test 0.6984022495887501)
epoch 149 | 136.9s | train loss 0.0352 AP 0.9725 | val loss 0.3192 AP 0.6983 | test loss 0.3341 AP 0.7044 | best val 0.7090 (epoch 118, test 0.6984022495887501)
epoch 150 | 127.6s | train loss 0.0348 AP 0.9750 | val loss 0.3411 AP 0.6955 | test loss 0.3565 AP 0.6992 | best val 0.7090 (epoch 118, test 0.6984022495887501)
epoch 151 | 128.5s | train loss 0.0350 AP 0.9727 | val loss 0.3056 AP 0.6956 | test loss 0.3195 AP 0.6969 | best val 0.7090 (epoch 118, test 0.6984022495887501)
epoch 152 | 127.7s | train loss 0.0344 AP 0.9756 | val loss 0.3351 AP 0.6999 | test loss 0.3504 AP 0.7040 | best val 0.7090 (epoch 118, test 0.6984022495887501)
epoch 153 | 127.3s | train loss 0.0351 AP 0.9734 | val loss 0.3207 AP 0.7012 | test loss 0.3378 AP 0.7036 | best val 0.7090 (epoch 118, test 0.6984022495887501)
epoch 154 | 127.2s | train loss 0.0335 AP 0.9747 | val loss 0.3336 AP 0.6969 | test loss 0.3491 AP 0.7029 | best val 0.7090 (epoch 118, test 0.6984022495887501)
epoch 155 | 128.2s | train loss 0.0336 AP 0.9751 | val loss 0.3333 AP 0.7012 | test loss 0.3459 AP 0.7029 | best val 0.7090 (epoch 118, test 0.6984022495887501)
epoch 156 | 128.9s | train loss 0.0327 AP 0.9791 | val loss 0.3442 AP 0.6957 | test loss 0.3555 AP 0.7017 | best val 0.7090 (epoch 118, test 0.6984022495887501)
epoch 157 | 129.5s | train loss 0.0324 AP 0.9768 | val loss 0.3389 AP 0.6990 | test loss 0.3538 AP 0.7048 | best val 0.7090 (epoch 118, test 0.6984022495887501)
epoch 158 | 130.0s | train loss 0.0324 AP 0.9769 | val loss 0.3443 AP 0.6985 | test loss 0.3584 AP 0.7021 | best val 0.7090 (epoch 118, test 0.6984022495887501)
early stopping at epoch 158 (no val improvement in 40 epochs)
BEST: val AP 0.7090 | test AP 0.6984 (epoch 118)
