{'dataset': 'Peptides-func', 'max_hops': 40, 'use_lap_pe': False, 'lap_pe_dim': 8, 'hidden_dim': 384, 'num_heads': 32, 'ffn_ratio': 4, 'num_layers': 3, 'dropout': 0.05, 'graph_pool': 'mean', 'hop_mode': 'window', 'hop_window': 2, 'num_global_heads': 2, 'lr': 0.00047616159061091327, 'lr_min': 1e-06, 'weight_decay': 0.0014185166601235076, 'batch_size': 64, 'max_epochs': 200, 'patience': 40, 'reduce_lr_patience': 10, 'warmup_ratio': 0.05, 'grad_clip': 1.0, 'num_workers': 4, 'dist_mask_workers': 8, 'device': None, 'save_dir': 'checkpoints_hop_masked_optuna_best_func', 'seed': 0, 'checkpoint': None}
Unknown args =  []
[Peptides-func] task=multi_label level=graph metric=macro_ap (higher_is_better=True)
  Loading cached distance masks from ./data/Peptides-func/dist_masks/train.pkl
  Loading cached distance masks from ./data/Peptides-func/dist_masks/val.pkl
  Loading cached distance masks from ./data/Peptides-func/dist_masks/test.pkl
Head -> hop set assignment:
  head 0: [0, 1, 2, 3]
  head 1: [0, 1, 2, 3, 4]
  head 2: [0, 2, 3, 4, 5, 6]
  head 3: [0, 3, 4, 5, 6, 7]
  head 4: [0, 4, 5, 6, 7, 8]
  head 5: [0, 6, 7, 8, 9, 10]
  head 6: [0, 7, 8, 9, 10, 11]
  head 7: [0, 8, 9, 10, 11, 12]
  head 8: [0, 9, 10, 11, 12, 13]
  head 9: [0, 11, 12, 13, 14, 15]
  head 10: [0, 12, 13, 14, 15, 16]
  head 11: [0, 13, 14, 15, 16, 17]
  head 12: [0, 15, 16, 17, 18, 19]
  head 13: [0, 16, 17, 18, 19, 20]
  head 14: [0, 17, 18, 19, 20, 21]
  head 15: [0, 19, 20, 21, 22, 23]
  head 16: [0, 20, 21, 22, 23, 24]
  head 17: [0, 21, 22, 23, 24, 25]
  head 18: [0, 23, 24, 25, 26, 27]
  head 19: [0, 24, 25, 26, 27, 28]
  head 20: [0, 25, 26, 27, 28, 29]
  head 21: [0, 27, 28, 29, 30, 31]
  head 22: [0, 28, 29, 30, 31, 32]
  head 23: [0, 29, 30, 31, 32, 33]
  head 24: [0, 30, 31, 32, 33, 34]
  head 25: [0, 32, 33, 34, 35, 36]
  head 26: [0, 33, 34, 35, 36, 37]
  head 27: [0, 34, 35, 36, 37, 38]
  head 28: [0, 36, 37, 38, 39]
  head 29: [0, 37, 38, 39]
  head 30: GLOBAL (no hop mask)
  head 31: GLOBAL (no hop mask)
trainable params: 5.691M
ReduceLROnPlateau: mode=max, patience=10, factor=0.5, min_lr=1e-06
epoch 000 | 182.7s | train loss 0.4155 AP 0.1728 | val loss 0.3354 AP 0.2782 | test loss 0.3364 AP 0.2693 | best val 0.2782 (epoch 0, test 0.26932505575371046)
epoch 001 | 180.9s | train loss 0.3114 AP 0.3170 | val loss 0.2850 AP 0.3896 | test loss 0.2875 AP 0.3880 | best val 0.3896 (epoch 1, test 0.38801659029714725)
epoch 002 | 181.4s | train loss 0.2842 AP 0.3853 | val loss 0.2819 AP 0.4272 | test loss 0.2863 AP 0.4146 | best val 0.4272 (epoch 2, test 0.4145958744772016)
epoch 003 | 180.9s | train loss 0.2699 AP 0.4195 | val loss 0.2594 AP 0.4689 | test loss 0.2646 AP 0.4479 | best val 0.4689 (epoch 3, test 0.44794513559362803)
epoch 004 | 185.1s | train loss 0.2537 AP 0.4598 | val loss 0.2481 AP 0.5084 | test loss 0.2553 AP 0.4835 | best val 0.5084 (epoch 4, test 0.4834655348119322)
epoch 005 | 184.2s | train loss 0.2435 AP 0.4889 | val loss 0.2326 AP 0.5380 | test loss 0.2393 AP 0.5100 | best val 0.5380 (epoch 5, test 0.5100129542421572)
epoch 006 | 184.4s | train loss 0.2299 AP 0.5252 | val loss 0.2250 AP 0.5593 | test loss 0.2317 AP 0.5405 | best val 0.5593 (epoch 6, test 0.5405492169919534)
epoch 007 | 183.8s | train loss 0.2226 AP 0.5465 | val loss 0.2128 AP 0.5856 | test loss 0.2251 AP 0.5506 | best val 0.5856 (epoch 7, test 0.5506001762303518)
epoch 008 | 185.7s | train loss 0.2106 AP 0.5751 | val loss 0.2131 AP 0.5925 | test loss 0.2268 AP 0.5624 | best val 0.5925 (epoch 8, test 0.5623659528690318)
epoch 009 | 182.7s | train loss 0.2053 AP 0.5953 | val loss 0.2112 AP 0.6137 | test loss 0.2230 AP 0.5972 | best val 0.6137 (epoch 9, test 0.5972048996791304)
epoch 010 | 183.9s | train loss 0.1938 AP 0.6255 | val loss 0.2147 AP 0.6145 | test loss 0.2237 AP 0.5988 | best val 0.6145 (epoch 10, test 0.5988240251028818)
epoch 011 | 182.2s | train loss 0.1813 AP 0.6595 | val loss 0.2070 AP 0.6267 | test loss 0.2215 AP 0.6045 | best val 0.6267 (epoch 11, test 0.6045390003600233)
epoch 012 | 181.4s | train loss 0.1714 AP 0.6935 | val loss 0.2052 AP 0.6409 | test loss 0.2232 AP 0.6114 | best val 0.6409 (epoch 12, test 0.6113890604906257)
epoch 013 | 184.4s | train loss 0.1597 AP 0.7226 | val loss 0.1897 AP 0.6745 | test loss 0.2089 AP 0.6388 | best val 0.6745 (epoch 13, test 0.6388176392959697)
epoch 014 | 183.6s | train loss 0.1476 AP 0.7490 | val loss 0.2008 AP 0.6678 | test loss 0.2183 AP 0.6289 | best val 0.6745 (epoch 13, test 0.6388176392959697)
epoch 015 | 184.4s | train loss 0.1390 AP 0.7709 | val loss 0.1984 AP 0.6789 | test loss 0.2209 AP 0.6471 | best val 0.6789 (epoch 15, test 0.6471403971063225)
epoch 016 | 185.1s | train loss 0.1278 AP 0.7930 | val loss 0.2099 AP 0.6719 | test loss 0.2310 AP 0.6482 | best val 0.6789 (epoch 15, test 0.6471403971063225)
epoch 017 | 183.7s | train loss 0.1154 AP 0.8194 | val loss 0.2069 AP 0.6791 | test loss 0.2241 AP 0.6585 | best val 0.6791 (epoch 17, test 0.6585082642444431)
epoch 018 | 182.9s | train loss 0.1090 AP 0.8386 | val loss 0.2139 AP 0.6743 | test loss 0.2256 AP 0.6729 | best val 0.6791 (epoch 17, test 0.6585082642444431)
epoch 019 | 183.4s | train loss 0.0994 AP 0.8572 | val loss 0.2144 AP 0.6944 | test loss 0.2316 AP 0.6708 | best val 0.6944 (epoch 19, test 0.6707925868946155)
epoch 020 | 183.5s | train loss 0.0904 AP 0.8703 | val loss 0.2335 AP 0.6891 | test loss 0.2441 AP 0.6772 | best val 0.6944 (epoch 19, test 0.6707925868946155)
epoch 021 | 184.8s | train loss 0.0842 AP 0.8858 | val loss 0.2297 AP 0.6923 | test loss 0.2421 AP 0.6919 | best val 0.6944 (epoch 19, test 0.6707925868946155)
epoch 022 | 184.0s | train loss 0.0760 AP 0.9044 | val loss 0.2375 AP 0.6975 | test loss 0.2562 AP 0.6850 | best val 0.6975 (epoch 22, test 0.6850215136157871)
epoch 023 | 183.4s | train loss 0.0725 AP 0.9124 | val loss 0.2373 AP 0.6992 | test loss 0.2502 AP 0.6966 | best val 0.6992 (epoch 23, test 0.6965763172489535)
epoch 024 | 184.1s | train loss 0.0665 AP 0.9245 | val loss 0.2420 AP 0.6911 | test loss 0.2628 AP 0.6799 | best val 0.6992 (epoch 23, test 0.6965763172489535)
epoch 025 | 183.1s | train loss 0.0622 AP 0.9322 | val loss 0.2910 AP 0.6864 | test loss 0.3047 AP 0.6946 | best val 0.6992 (epoch 23, test 0.6965763172489535)
epoch 026 | 183.3s | train loss 0.0568 AP 0.9415 | val loss 0.2574 AP 0.7081 | test loss 0.2769 AP 0.6930 | best val 0.7081 (epoch 26, test 0.692998768892989)
epoch 027 | 183.0s | train loss 0.0546 AP 0.9463 | val loss 0.2647 AP 0.6945 | test loss 0.2764 AP 0.6880 | best val 0.7081 (epoch 26, test 0.692998768892989)
epoch 028 | 182.1s | train loss 0.0531 AP 0.9480 | val loss 0.2627 AP 0.7016 | test loss 0.2919 AP 0.6942 | best val 0.7081 (epoch 26, test 0.692998768892989)
epoch 029 | 182.8s | train loss 0.0533 AP 0.9516 | val loss 0.2629 AP 0.6978 | test loss 0.2761 AP 0.6969 | best val 0.7081 (epoch 26, test 0.692998768892989)
epoch 030 | 184.2s | train loss 0.0480 AP 0.9584 | val loss 0.2761 AP 0.6978 | test loss 0.2984 AP 0.6917 | best val 0.7081 (epoch 26, test 0.692998768892989)
epoch 031 | 185.2s | train loss 0.0441 AP 0.9630 | val loss 0.3058 AP 0.6927 | test loss 0.3248 AP 0.6924 | best val 0.7081 (epoch 26, test 0.692998768892989)
epoch 032 | 182.6s | train loss 0.0424 AP 0.9644 | val loss 0.2736 AP 0.7067 | test loss 0.2913 AP 0.7042 | best val 0.7081 (epoch 26, test 0.692998768892989)
epoch 033 | 183.1s | train loss 0.0381 AP 0.9701 | val loss 0.2850 AP 0.6894 | test loss 0.2991 AP 0.7011 | best val 0.7081 (epoch 26, test 0.692998768892989)
epoch 034 | 182.6s | train loss 0.0366 AP 0.9718 | val loss 0.3047 AP 0.6911 | test loss 0.3259 AP 0.6988 | best val 0.7081 (epoch 26, test 0.692998768892989)
epoch 035 | 183.6s | train loss 0.0335 AP 0.9739 | val loss 0.3155 AP 0.7044 | test loss 0.3365 AP 0.7018 | best val 0.7081 (epoch 26, test 0.692998768892989)
epoch 036 | 184.9s | train loss 0.0351 AP 0.9743 | val loss 0.3005 AP 0.7065 | test loss 0.3251 AP 0.6968 | best val 0.7081 (epoch 26, test 0.692998768892989)
epoch 037 | 182.0s | train loss 0.0363 AP 0.9753 | val loss 0.3190 AP 0.7031 | test loss 0.3441 AP 0.7053 | best val 0.7081 (epoch 26, test 0.692998768892989)
epoch 038 | 184.0s | train loss 0.0359 AP 0.9787 | val loss 0.3015 AP 0.6990 | test loss 0.3277 AP 0.6989 | best val 0.7081 (epoch 26, test 0.692998768892989)
epoch 039 | 185.4s | train loss 0.0341 AP 0.9753 | val loss 0.3137 AP 0.6887 | test loss 0.3265 AP 0.6878 | best val 0.7081 (epoch 26, test 0.692998768892989)
epoch 040 | 184.9s | train loss 0.0305 AP 0.9811 | val loss 0.3129 AP 0.6959 | test loss 0.3258 AP 0.6964 | best val 0.7081 (epoch 26, test 0.692998768892989)
epoch 041 | 182.5s | train loss 0.0292 AP 0.9823 | val loss 0.3124 AP 0.6966 | test loss 0.3409 AP 0.6959 | best val 0.7081 (epoch 26, test 0.692998768892989)
epoch 042 | 184.6s | train loss 0.0284 AP 0.9823 | val loss 0.3180 AP 0.6990 | test loss 0.3394 AP 0.6968 | best val 0.7081 (epoch 26, test 0.692998768892989)
epoch 043 | 182.8s | train loss 0.0247 AP 0.9861 | val loss 0.3413 AP 0.6962 | test loss 0.3523 AP 0.7037 | best val 0.7081 (epoch 26, test 0.692998768892989)
epoch 044 | 184.4s | train loss 0.0248 AP 0.9863 | val loss 0.3406 AP 0.7027 | test loss 0.3624 AP 0.7006 | best val 0.7081 (epoch 26, test 0.692998768892989)
epoch 045 | 183.8s | train loss 0.0228 AP 0.9875 | val loss 0.3867 AP 0.7015 | test loss 0.3980 AP 0.6940 | best val 0.7081 (epoch 26, test 0.692998768892989)
epoch 046 | 185.1s | train loss 0.0233 AP 0.9860 | val loss 0.3532 AP 0.6988 | test loss 0.3833 AP 0.6968 | best val 0.7081 (epoch 26, test 0.692998768892989)
epoch 047 | 185.1s | train loss 0.0262 AP 0.9856 | val loss 0.3698 AP 0.6954 | test loss 0.3953 AP 0.6992 | best val 0.7081 (epoch 26, test 0.692998768892989)
epoch 048 | 184.0s | train loss 0.0284 AP 0.9840 | val loss 0.3609 AP 0.6928 | test loss 0.3932 AP 0.6914 | best val 0.7081 (epoch 26, test 0.692998768892989)
epoch 049 | 182.5s | train loss 0.0285 AP 0.9841 | val loss 0.3662 AP 0.6827 | test loss 0.3859 AP 0.6845 | best val 0.7081 (epoch 26, test 0.692998768892989)
epoch 050 | 183.4s | train loss 0.0257 AP 0.9875 | val loss 0.3744 AP 0.6917 | test loss 0.3867 AP 0.6985 | best val 0.7081 (epoch 26, test 0.692998768892989)
epoch 051 | 183.4s | train loss 0.0236 AP 0.9873 | val loss 0.3562 AP 0.6912 | test loss 0.3759 AP 0.7010 | best val 0.7081 (epoch 26, test 0.692998768892989)
epoch 052 | 185.4s | train loss 0.0208 AP 0.9903 | val loss 0.3608 AP 0.6928 | test loss 0.3947 AP 0.6993 | best val 0.7081 (epoch 26, test 0.692998768892989)
epoch 053 | 185.6s | train loss 0.0214 AP 0.9891 | val loss 0.3751 AP 0.7039 | test loss 0.3964 AP 0.7048 | best val 0.7081 (epoch 26, test 0.692998768892989)
epoch 054 | 184.3s | train loss 0.0201 AP 0.9903 | val loss 0.3874 AP 0.6935 | test loss 0.4162 AP 0.6959 | best val 0.7081 (epoch 26, test 0.692998768892989)
epoch 055 | 185.5s | train loss 0.0202 AP 0.9907 | val loss 0.3841 AP 0.6920 | test loss 0.4012 AP 0.7012 | best val 0.7081 (epoch 26, test 0.692998768892989)
epoch 056 | 182.5s | train loss 0.0188 AP 0.9908 | val loss 0.3916 AP 0.6965 | test loss 0.4289 AP 0.6984 | best val 0.7081 (epoch 26, test 0.692998768892989)
epoch 057 | 183.1s | train loss 0.0174 AP 0.9917 | val loss 0.3965 AP 0.6837 | test loss 0.4204 AP 0.6934 | best val 0.7081 (epoch 26, test 0.692998768892989)
epoch 058 | 183.5s | train loss 0.0180 AP 0.9925 | val loss 0.3881 AP 0.6909 | test loss 0.4317 AP 0.6848 | best val 0.7081 (epoch 26, test 0.692998768892989)
epoch 059 | 182.6s | train loss 0.0230 AP 0.9890 | val loss 0.3726 AP 0.6989 | test loss 0.3982 AP 0.6885 | best val 0.7081 (epoch 26, test 0.692998768892989)
epoch 060 | 184.7s | train loss 0.0199 AP 0.9917 | val loss 0.3834 AP 0.7024 | test loss 0.4016 AP 0.7092 | best val 0.7081 (epoch 26, test 0.692998768892989)
epoch 061 | 185.6s | train loss 0.0180 AP 0.9920 | val loss 0.4024 AP 0.6941 | test loss 0.4142 AP 0.7013 | best val 0.7081 (epoch 26, test 0.692998768892989)
epoch 062 | 185.4s | train loss 0.0166 AP 0.9935 | val loss 0.3956 AP 0.6994 | test loss 0.4222 AP 0.7052 | best val 0.7081 (epoch 26, test 0.692998768892989)
epoch 063 | 184.3s | train loss 0.0172 AP 0.9938 | val loss 0.3803 AP 0.7056 | test loss 0.4149 AP 0.7005 | best val 0.7081 (epoch 26, test 0.692998768892989)
epoch 064 | 183.9s | train loss 0.0149 AP 0.9937 | val loss 0.4170 AP 0.7058 | test loss 0.4459 AP 0.7063 | best val 0.7081 (epoch 26, test 0.692998768892989)
epoch 065 | 184.1s | train loss 0.0147 AP 0.9944 | val loss 0.4504 AP 0.7021 | test loss 0.4767 AP 0.7091 | best val 0.7081 (epoch 26, test 0.692998768892989)
epoch 066 | 183.5s | train loss 0.0134 AP 0.9951 | val loss 0.4471 AP 0.6946 | test loss 0.4560 AP 0.7064 | best val 0.7081 (epoch 26, test 0.692998768892989)
early stopping at epoch 66 (no val improvement in 40 epochs)
BEST: val AP 0.7081 | test AP 0.6930 (epoch 26)
