[Peptides-struct] task=regression level=graph metric=mae (higher_is_better=False)
  Loading cached distance masks from ./data/Peptides-struct/dist_masks/train.pkl
  Loading cached distance masks from ./data/Peptides-struct/dist_masks/val.pkl
  Loading cached distance masks from ./data/Peptides-struct/dist_masks/test.pkl
Head -> hop set assignment:
  head 0: [0, 1]
  head 1: [0, 2]
  head 2: [0, 3]
  head 3: [0, 4]
  head 4: [0, 5]
  head 5: [0, 6]
  head 6: [0, 7]
  head 7: [0, 8]
  head 8: [0, 9]
  head 9: [0, 10]
  head 10: [0, 11]
  head 11: [0, 12]
  head 12: [0, 13]
  head 13: [0, 14]
  head 14: [0, 15]
  head 15: [0, 16]
  head 16: [0, 17]
  head 17: [0, 18]
  head 18: [0, 19]
  head 19: [0, 20]
  head 20: [0, 21]
  head 21: [0, 22]
  head 22: [0, 23]
  head 23: [0, 24]
  head 24: [0, 25]
  head 25: [0, 26]
  head 26: [0, 27]
  head 27: [0, 28]
  head 28: [0, 29]
  head 29: [0, 30]
  head 30: [0, 31]
  head 31: [0, 32]
  head 32: [0, 33]
  head 33: [0, 34]
  head 34: [0, 35]
  head 35: [0, 36]
  head 36: [0, 37]
  head 37: [0, 38]
  head 38: [0, 39]
  head 39: GLOBAL (no hop mask)
trainable params: 1.498M
epoch 000 |  85.0s | train loss 0.4999 MAE 0.4999 | val loss 0.4265 MAE 0.4262 | test loss 0.4304 MAE 0.4304 | best val 0.4262 (epoch 0, test 0.4303923618871935)
epoch 001 |  85.4s | train loss 0.3597 MAE 0.3596 | val loss 0.3509 MAE 0.3505 | test loss 0.3588 MAE 0.3587 | best val 0.3505 (epoch 1, test 0.35871326483763194)
epoch 002 |  84.9s | train loss 0.3362 MAE 0.3363 | val loss 0.3195 MAE 0.3193 | test loss 0.3253 MAE 0.3252 | best val 0.3193 (epoch 2, test 0.32524306477175896)
epoch 003 |  85.6s | train loss 0.3269 MAE 0.3268 | val loss 0.3064 MAE 0.3061 | test loss 0.3176 MAE 0.3176 | best val 0.3061 (epoch 3, test 0.31757606389433046)
epoch 004 |  87.4s | train loss 0.3181 MAE 0.3181 | val loss 0.2980 MAE 0.2978 | test loss 0.3079 MAE 0.3079 | best val 0.2978 (epoch 4, test 0.30786746143377425)
epoch 005 |  88.4s | train loss 0.3151 MAE 0.3150 | val loss 0.2937 MAE 0.2936 | test loss 0.3010 MAE 0.3009 | best val 0.2936 (epoch 5, test 0.3008575210899692)
epoch 006 |  87.8s | train loss 0.3138 MAE 0.3138 | val loss 0.2959 MAE 0.2957 | test loss 0.3047 MAE 0.3046 | best val 0.2936 (epoch 5, test 0.3008575210899692)
epoch 007 |  87.2s | train loss 0.3113 MAE 0.3113 | val loss 0.2946 MAE 0.2944 | test loss 0.3037 MAE 0.3036 | best val 0.2936 (epoch 5, test 0.3008575210899692)
epoch 008 |  88.1s | train loss 0.3134 MAE 0.3135 | val loss 0.2969 MAE 0.2967 | test loss 0.3090 MAE 0.3089 | best val 0.2936 (epoch 5, test 0.3008575210899692)
epoch 009 |  87.8s | train loss 0.3132 MAE 0.3132 | val loss 0.3030 MAE 0.3028 | test loss 0.3106 MAE 0.3105 | best val 0.2936 (epoch 5, test 0.3008575210899692)
epoch 010 |  88.8s | train loss 0.3122 MAE 0.3122 | val loss 0.2900 MAE 0.2898 | test loss 0.2969 MAE 0.2968 | best val 0.2898 (epoch 10, test 0.2968072397245309)
epoch 011 |  88.7s | train loss 0.3071 MAE 0.3072 | val loss 0.2897 MAE 0.2895 | test loss 0.2940 MAE 0.2939 | best val 0.2895 (epoch 11, test 0.2939378545849938)
epoch 012 |  88.1s | train loss 0.3036 MAE 0.3036 | val loss 0.2948 MAE 0.2946 | test loss 0.3027 MAE 0.3026 | best val 0.2895 (epoch 11, test 0.2939378545849938)
epoch 013 |  89.5s | train loss 0.3028 MAE 0.3029 | val loss 0.2881 MAE 0.2880 | test loss 0.2935 MAE 0.2934 | best val 0.2880 (epoch 13, test 0.2934090933595216)
epoch 014 |  88.7s | train loss 0.3006 MAE 0.3007 | val loss 0.2860 MAE 0.2858 | test loss 0.2938 MAE 0.2937 | best val 0.2858 (epoch 14, test 0.2937048296107973)
epoch 015 |  87.9s | train loss 0.2983 MAE 0.2983 | val loss 0.2991 MAE 0.2989 | test loss 0.3079 MAE 0.3078 | best val 0.2858 (epoch 14, test 0.2937048296107973)
epoch 016 |  90.1s | train loss 0.2986 MAE 0.2986 | val loss 0.2742 MAE 0.2740 | test loss 0.2811 MAE 0.2810 | best val 0.2740 (epoch 16, test 0.28102087034156203)
epoch 017 |  88.3s | train loss 0.2956 MAE 0.2956 | val loss 0.2795 MAE 0.2794 | test loss 0.2888 MAE 0.2887 | best val 0.2740 (epoch 16, test 0.28102087034156203)
epoch 018 |  88.4s | train loss 0.2950 MAE 0.2949 | val loss 0.2765 MAE 0.2763 | test loss 0.2848 MAE 0.2847 | best val 0.2740 (epoch 16, test 0.28102087034156203)
epoch 019 |  87.8s | train loss 0.2962 MAE 0.2962 | val loss 0.2756 MAE 0.2754 | test loss 0.2836 MAE 0.2836 | best val 0.2740 (epoch 16, test 0.28102087034156203)
epoch 020 |  89.5s | train loss 0.2906 MAE 0.2905 | val loss 0.2743 MAE 0.2741 | test loss 0.2796 MAE 0.2795 | best val 0.2740 (epoch 16, test 0.28102087034156203)
epoch 021 |  88.2s | train loss 0.2924 MAE 0.2925 | val loss 0.2736 MAE 0.2734 | test loss 0.2789 MAE 0.2788 | best val 0.2734 (epoch 21, test 0.27882191807565665)
epoch 022 |  87.9s | train loss 0.2907 MAE 0.2907 | val loss 0.2754 MAE 0.2752 | test loss 0.2848 MAE 0.2847 | best val 0.2734 (epoch 21, test 0.27882191807565665)
epoch 023 |  88.9s | train loss 0.2919 MAE 0.2919 | val loss 0.2723 MAE 0.2721 | test loss 0.2820 MAE 0.2819 | best val 0.2721 (epoch 23, test 0.2819161465327485)
epoch 024 |  88.4s | train loss 0.2902 MAE 0.2902 | val loss 0.2715 MAE 0.2714 | test loss 0.2786 MAE 0.2785 | best val 0.2714 (epoch 24, test 0.27849914359193545)
epoch 025 |  88.8s | train loss 0.2889 MAE 0.2889 | val loss 0.2814 MAE 0.2813 | test loss 0.2906 MAE 0.2904 | best val 0.2714 (epoch 24, test 0.27849914359193545)
epoch 026 |  90.3s | train loss 0.2916 MAE 0.2916 | val loss 0.2724 MAE 0.2722 | test loss 0.2781 MAE 0.2780 | best val 0.2714 (epoch 24, test 0.27849914359193545)
epoch 027 |  87.7s | train loss 0.2898 MAE 0.2898 | val loss 0.2711 MAE 0.2710 | test loss 0.2775 MAE 0.2774 | best val 0.2710 (epoch 27, test 0.2774088254226435)
epoch 028 |  90.2s | train loss 0.2902 MAE 0.2902 | val loss 0.2858 MAE 0.2857 | test loss 0.2939 MAE 0.2938 | best val 0.2710 (epoch 27, test 0.2774088254226435)
epoch 029 |  88.2s | train loss 0.2899 MAE 0.2899 | val loss 0.2823 MAE 0.2822 | test loss 0.2888 MAE 0.2887 | best val 0.2710 (epoch 27, test 0.2774088254226435)
epoch 030 |  89.1s | train loss 0.2910 MAE 0.2910 | val loss 0.2696 MAE 0.2694 | test loss 0.2760 MAE 0.2759 | best val 0.2694 (epoch 30, test 0.27588624486643587)
epoch 031 |  87.9s | train loss 0.2864 MAE 0.2865 | val loss 0.2693 MAE 0.2691 | test loss 0.2761 MAE 0.2760 | best val 0.2691 (epoch 31, test 0.27598644188957155)
epoch 032 |  89.2s | train loss 0.2845 MAE 0.2845 | val loss 0.2685 MAE 0.2683 | test loss 0.2753 MAE 0.2752 | best val 0.2683 (epoch 32, test 0.2752131188746836)
epoch 033 |  89.6s | train loss 0.2838 MAE 0.2839 | val loss 0.2763 MAE 0.2761 | test loss 0.2828 MAE 0.2827 | best val 0.2683 (epoch 32, test 0.2752131188746836)
epoch 034 |  87.1s | train loss 0.2814 MAE 0.2814 | val loss 0.2671 MAE 0.2669 | test loss 0.2724 MAE 0.2723 | best val 0.2669 (epoch 34, test 0.27232351493751367)
epoch 035 |  87.7s | train loss 0.2831 MAE 0.2831 | val loss 0.3029 MAE 0.3027 | test loss 0.3121 MAE 0.3119 | best val 0.2669 (epoch 34, test 0.27232351493751367)
epoch 036 |  88.6s | train loss 0.2798 MAE 0.2797 | val loss 0.2647 MAE 0.2645 | test loss 0.2703 MAE 0.2702 | best val 0.2645 (epoch 36, test 0.2701890121729389)
epoch 037 |  89.3s | train loss 0.2825 MAE 0.2824 | val loss 0.2706 MAE 0.2705 | test loss 0.2766 MAE 0.2765 | best val 0.2645 (epoch 36, test 0.2701890121729389)
epoch 038 |  88.6s | train loss 0.2773 MAE 0.2773 | val loss 0.2679 MAE 0.2677 | test loss 0.2732 MAE 0.2731 | best val 0.2645 (epoch 36, test 0.2701890121729389)
epoch 039 |  88.6s | train loss 0.2780 MAE 0.2780 | val loss 0.2760 MAE 0.2758 | test loss 0.2836 MAE 0.2835 | best val 0.2645 (epoch 36, test 0.2701890121729389)
epoch 040 |  88.2s | train loss 0.2782 MAE 0.2782 | val loss 0.2702 MAE 0.2700 | test loss 0.2804 MAE 0.2803 | best val 0.2645 (epoch 36, test 0.2701890121729389)
epoch 041 |  86.1s | train loss 0.2762 MAE 0.2761 | val loss 0.2621 MAE 0.2619 | test loss 0.2666 MAE 0.2665 | best val 0.2619 (epoch 41, test 0.26646629009254774)
epoch 042 |  85.1s | train loss 0.2759 MAE 0.2758 | val loss 0.2702 MAE 0.2700 | test loss 0.2772 MAE 0.2771 | best val 0.2619 (epoch 41, test 0.26646629009254774)
epoch 043 |  88.6s | train loss 0.2738 MAE 0.2738 | val loss 0.2655 MAE 0.2653 | test loss 0.2674 MAE 0.2673 | best val 0.2619 (epoch 41, test 0.26646629009254774)
epoch 044 |  86.4s | train loss 0.2733 MAE 0.2732 | val loss 0.2590 MAE 0.2589 | test loss 0.2633 MAE 0.2632 | best val 0.2589 (epoch 44, test 0.2631713428664674)
epoch 045 |  88.2s | train loss 0.2716 MAE 0.2716 | val loss 0.2641 MAE 0.2640 | test loss 0.2695 MAE 0.2694 | best val 0.2589 (epoch 44, test 0.2631713428664674)
epoch 046 |  88.4s | train loss 0.2711 MAE 0.2711 | val loss 0.2662 MAE 0.2661 | test loss 0.2745 MAE 0.2743 | best val 0.2589 (epoch 44, test 0.2631713428664674)
epoch 047 |  88.3s | train loss 0.2696 MAE 0.2696 | val loss 0.2637 MAE 0.2635 | test loss 0.2685 MAE 0.2684 | best val 0.2589 (epoch 44, test 0.2631713428664674)
epoch 048 |  89.4s | train loss 0.2718 MAE 0.2717 | val loss 0.2867 MAE 0.2866 | test loss 0.2923 MAE 0.2922 | best val 0.2589 (epoch 44, test 0.2631713428664674)
epoch 049 |  88.9s | train loss 0.2719 MAE 0.2719 | val loss 0.2753 MAE 0.2752 | test loss 0.2814 MAE 0.2813 | best val 0.2589 (epoch 44, test 0.2631713428664674)
epoch 050 |  88.9s | train loss 0.2685 MAE 0.2685 | val loss 0.2637 MAE 0.2635 | test loss 0.2670 MAE 0.2669 | best val 0.2589 (epoch 44, test 0.2631713428664674)
epoch 051 |  89.3s | train loss 0.2708 MAE 0.2708 | val loss 0.2591 MAE 0.2590 | test loss 0.2630 MAE 0.2628 | best val 0.2589 (epoch 44, test 0.2631713428664674)
epoch 052 |  89.0s | train loss 0.2697 MAE 0.2696 | val loss 0.2615 MAE 0.2614 | test loss 0.2682 MAE 0.2681 | best val 0.2589 (epoch 44, test 0.2631713428664674)
epoch 053 |  91.7s | train loss 0.2678 MAE 0.2678 | val loss 0.2598 MAE 0.2597 | test loss 0.2629 MAE 0.2628 | best val 0.2589 (epoch 44, test 0.2631713428664674)
epoch 054 |  87.9s | train loss 0.2668 MAE 0.2668 | val loss 0.2723 MAE 0.2722 | test loss 0.2746 MAE 0.2744 | best val 0.2589 (epoch 44, test 0.2631713428664674)
epoch 055 |  87.0s | train loss 0.2689 MAE 0.2690 | val loss 0.2708 MAE 0.2706 | test loss 0.2740 MAE 0.2739 | best val 0.2589 (epoch 44, test 0.2631713428664674)
epoch 056 |  87.1s | train loss 0.2664 MAE 0.2664 | val loss 0.2569 MAE 0.2568 | test loss 0.2591 MAE 0.2589 | best val 0.2568 (epoch 56, test 0.25893868336416276)
epoch 057 |  88.8s | train loss 0.2668 MAE 0.2667 | val loss 0.2629 MAE 0.2627 | test loss 0.2676 MAE 0.2675 | best val 0.2568 (epoch 56, test 0.25893868336416276)
epoch 058 |  88.4s | train loss 0.2681 MAE 0.2680 | val loss 0.2614 MAE 0.2612 | test loss 0.2635 MAE 0.2634 | best val 0.2568 (epoch 56, test 0.25893868336416276)
epoch 059 |  85.5s | train loss 0.2660 MAE 0.2660 | val loss 0.2543 MAE 0.2541 | test loss 0.2586 MAE 0.2585 | best val 0.2541 (epoch 59, test 0.25850822246809946)
epoch 060 |  88.0s | train loss 0.2633 MAE 0.2633 | val loss 0.2684 MAE 0.2682 | test loss 0.2730 MAE 0.2729 | best val 0.2541 (epoch 59, test 0.25850822246809946)
epoch 061 |  87.4s | train loss 0.2631 MAE 0.2630 | val loss 0.2607 MAE 0.2606 | test loss 0.2657 MAE 0.2656 | best val 0.2541 (epoch 59, test 0.25850822246809946)
epoch 062 |  88.9s | train loss 0.2616 MAE 0.2616 | val loss 0.2683 MAE 0.2682 | test loss 0.2726 MAE 0.2725 | best val 0.2541 (epoch 59, test 0.25850822246809946)
epoch 063 |  90.6s | train loss 0.2642 MAE 0.2642 | val loss 0.2582 MAE 0.2581 | test loss 0.2642 MAE 0.2641 | best val 0.2541 (epoch 59, test 0.25850822246809946)
epoch 064 |  89.8s | train loss 0.2627 MAE 0.2627 | val loss 0.2599 MAE 0.2597 | test loss 0.2638 MAE 0.2637 | best val 0.2541 (epoch 59, test 0.25850822246809946)
epoch 065 |  88.1s | train loss 0.2601 MAE 0.2601 | val loss 0.2569 MAE 0.2568 | test loss 0.2608 MAE 0.2606 | best val 0.2541 (epoch 59, test 0.25850822246809946)
epoch 066 |  89.6s | train loss 0.2596 MAE 0.2596 | val loss 0.2533 MAE 0.2531 | test loss 0.2611 MAE 0.2610 | best val 0.2531 (epoch 66, test 0.26098531679064935)
epoch 067 |  89.5s | train loss 0.2601 MAE 0.2601 | val loss 0.2643 MAE 0.2642 | test loss 0.2698 MAE 0.2697 | best val 0.2531 (epoch 66, test 0.26098531679064935)
epoch 068 |  90.9s | train loss 0.2605 MAE 0.2605 | val loss 0.2577 MAE 0.2575 | test loss 0.2627 MAE 0.2625 | best val 0.2531 (epoch 66, test 0.26098531679064935)
epoch 069 |  92.0s | train loss 0.2595 MAE 0.2595 | val loss 0.2624 MAE 0.2623 | test loss 0.2667 MAE 0.2666 | best val 0.2531 (epoch 66, test 0.26098531679064935)
epoch 070 |  87.8s | train loss 0.2592 MAE 0.2592 | val loss 0.2681 MAE 0.2680 | test loss 0.2737 MAE 0.2736 | best val 0.2531 (epoch 66, test 0.26098531679064935)
epoch 071 |  87.7s | train loss 0.2605 MAE 0.2605 | val loss 0.2548 MAE 0.2546 | test loss 0.2582 MAE 0.2581 | best val 0.2531 (epoch 66, test 0.26098531679064935)
epoch 072 |  88.4s | train loss 0.2571 MAE 0.2571 | val loss 0.2577 MAE 0.2576 | test loss 0.2624 MAE 0.2623 | best val 0.2531 (epoch 66, test 0.26098531679064935)
epoch 073 |  90.0s | train loss 0.2568 MAE 0.2568 | val loss 0.2563 MAE 0.2561 | test loss 0.2611 MAE 0.2609 | best val 0.2531 (epoch 66, test 0.26098531679064935)
epoch 074 |  91.0s | train loss 0.2580 MAE 0.2580 | val loss 0.2567 MAE 0.2566 | test loss 0.2587 MAE 0.2585 | best val 0.2531 (epoch 66, test 0.26098531679064935)
epoch 075 |  90.3s | train loss 0.2563 MAE 0.2564 | val loss 0.2565 MAE 0.2563 | test loss 0.2603 MAE 0.2602 | best val 0.2531 (epoch 66, test 0.26098531679064935)
epoch 076 |  90.5s | train loss 0.2558 MAE 0.2558 | val loss 0.2517 MAE 0.2516 | test loss 0.2579 MAE 0.2578 | best val 0.2516 (epoch 76, test 0.2577779814817779)
epoch 077 |  90.4s | train loss 0.2557 MAE 0.2557 | val loss 0.2644 MAE 0.2643 | test loss 0.2708 MAE 0.2706 | best val 0.2516 (epoch 76, test 0.2577779814817779)
epoch 078 |  90.2s | train loss 0.2578 MAE 0.2578 | val loss 0.2603 MAE 0.2602 | test loss 0.2615 MAE 0.2614 | best val 0.2516 (epoch 76, test 0.2577779814817779)
epoch 079 |  90.3s | train loss 0.2549 MAE 0.2548 | val loss 0.2558 MAE 0.2556 | test loss 0.2595 MAE 0.2594 | best val 0.2516 (epoch 76, test 0.2577779814817779)
epoch 080 |  91.2s | train loss 0.2543 MAE 0.2544 | val loss 0.2534 MAE 0.2533 | test loss 0.2550 MAE 0.2549 | best val 0.2516 (epoch 76, test 0.2577779814817779)
epoch 081 |  89.7s | train loss 0.2536 MAE 0.2536 | val loss 0.2611 MAE 0.2610 | test loss 0.2658 MAE 0.2657 | best val 0.2516 (epoch 76, test 0.2577779814817779)
epoch 082 |  89.4s | train loss 0.2530 MAE 0.2530 | val loss 0.2559 MAE 0.2558 | test loss 0.2573 MAE 0.2571 | best val 0.2516 (epoch 76, test 0.2577779814817779)
epoch 083 |  91.8s | train loss 0.2514 MAE 0.2514 | val loss 0.2565 MAE 0.2564 | test loss 0.2597 MAE 0.2596 | best val 0.2516 (epoch 76, test 0.2577779814817779)
epoch 084 |  90.6s | train loss 0.2524 MAE 0.2524 | val loss 0.2494 MAE 0.2492 | test loss 0.2532 MAE 0.2531 | best val 0.2492 (epoch 84, test 0.2531125762963076)
epoch 085 |  90.6s | train loss 0.2508 MAE 0.2508 | val loss 0.2485 MAE 0.2484 | test loss 0.2541 MAE 0.2539 | best val 0.2484 (epoch 85, test 0.253935977711484)
epoch 086 |  93.2s | train loss 0.2497 MAE 0.2497 | val loss 0.2631 MAE 0.2630 | test loss 0.2705 MAE 0.2703 | best val 0.2484 (epoch 85, test 0.253935977711484)
epoch 087 |  90.2s | train loss 0.2497 MAE 0.2498 | val loss 0.2502 MAE 0.2501 | test loss 0.2548 MAE 0.2547 | best val 0.2484 (epoch 85, test 0.253935977711484)
epoch 088 |  91.3s | train loss 0.2493 MAE 0.2494 | val loss 0.2464 MAE 0.2463 | test loss 0.2511 MAE 0.2510 | best val 0.2463 (epoch 88, test 0.2510097265382004)
epoch 089 |  90.4s | train loss 0.2493 MAE 0.2493 | val loss 0.2479 MAE 0.2478 | test loss 0.2512 MAE 0.2510 | best val 0.2463 (epoch 88, test 0.2510097265382004)
epoch 090 |  89.6s | train loss 0.2509 MAE 0.2508 | val loss 0.2614 MAE 0.2612 | test loss 0.2677 MAE 0.2675 | best val 0.2463 (epoch 88, test 0.2510097265382004)
epoch 091 |  90.2s | train loss 0.2506 MAE 0.2505 | val loss 0.2552 MAE 0.2552 | test loss 0.2622 MAE 0.2621 | best val 0.2463 (epoch 88, test 0.2510097265382004)
epoch 092 |  91.4s | train loss 0.2489 MAE 0.2488 | val loss 0.2484 MAE 0.2483 | test loss 0.2525 MAE 0.2524 | best val 0.2463 (epoch 88, test 0.2510097265382004)
epoch 093 |  91.6s | train loss 0.2448 MAE 0.2448 | val loss 0.2495 MAE 0.2493 | test loss 0.2533 MAE 0.2531 | best val 0.2463 (epoch 88, test 0.2510097265382004)
epoch 094 |  95.4s | train loss 0.2466 MAE 0.2466 | val loss 0.2513 MAE 0.2513 | test loss 0.2558 MAE 0.2557 | best val 0.2463 (epoch 88, test 0.2510097265382004)
epoch 095 | 116.1s | train loss 0.2446 MAE 0.2446 | val loss 0.2514 MAE 0.2513 | test loss 0.2548 MAE 0.2546 | best val 0.2463 (epoch 88, test 0.2510097265382004)
epoch 096 | 118.6s | train loss 0.2461 MAE 0.2460 | val loss 0.2497 MAE 0.2496 | test loss 0.2572 MAE 0.2571 | best val 0.2463 (epoch 88, test 0.2510097265382004)
epoch 097 | 117.1s | train loss 0.2453 MAE 0.2453 | val loss 0.2517 MAE 0.2516 | test loss 0.2558 MAE 0.2557 | best val 0.2463 (epoch 88, test 0.2510097265382004)
epoch 098 | 112.2s | train loss 0.2429 MAE 0.2429 | val loss 0.2505 MAE 0.2504 | test loss 0.2551 MAE 0.2550 | best val 0.2463 (epoch 88, test 0.2510097265382004)
epoch 099 | 114.2s | train loss 0.2440 MAE 0.2440 | val loss 0.2464 MAE 0.2463 | test loss 0.2525 MAE 0.2524 | best val 0.2463 (epoch 99, test 0.2524073131909939)
epoch 100 | 115.9s | train loss 0.2437 MAE 0.2437 | val loss 0.2519 MAE 0.2518 | test loss 0.2588 MAE 0.2587 | best val 0.2463 (epoch 99, test 0.2524073131909939)
epoch 101 | 112.0s | train loss 0.2436 MAE 0.2435 | val loss 0.2464 MAE 0.2462 | test loss 0.2499 MAE 0.2498 | best val 0.2462 (epoch 101, test 0.2497889591375208)
epoch 102 | 113.2s | train loss 0.2429 MAE 0.2428 | val loss 0.2552 MAE 0.2551 | test loss 0.2625 MAE 0.2623 | best val 0.2462 (epoch 101, test 0.2497889591375208)
epoch 103 | 113.3s | train loss 0.2410 MAE 0.2411 | val loss 0.2661 MAE 0.2660 | test loss 0.2724 MAE 0.2723 | best val 0.2462 (epoch 101, test 0.2497889591375208)
epoch 104 | 112.7s | train loss 0.2428 MAE 0.2427 | val loss 0.2484 MAE 0.2482 | test loss 0.2526 MAE 0.2525 | best val 0.2462 (epoch 101, test 0.2497889591375208)
epoch 105 | 112.9s | train loss 0.2418 MAE 0.2418 | val loss 0.2463 MAE 0.2462 | test loss 0.2516 MAE 0.2515 | best val 0.2462 (epoch 105, test 0.25151819235613504)
epoch 106 |  91.4s | train loss 0.2409 MAE 0.2409 | val loss 0.2475 MAE 0.2474 | test loss 0.2510 MAE 0.2509 | best val 0.2462 (epoch 105, test 0.25151819235613504)
epoch 107 |  92.3s | train loss 0.2403 MAE 0.2403 | val loss 0.2415 MAE 0.2414 | test loss 0.2490 MAE 0.2489 | best val 0.2414 (epoch 107, test 0.24887995761158607)
epoch 108 |  92.1s | train loss 0.2408 MAE 0.2408 | val loss 0.2600 MAE 0.2599 | test loss 0.2674 MAE 0.2673 | best val 0.2414 (epoch 107, test 0.24887995761158607)
epoch 109 |  90.5s | train loss 0.2405 MAE 0.2405 | val loss 0.2476 MAE 0.2475 | test loss 0.2510 MAE 0.2508 | best val 0.2414 (epoch 107, test 0.24887995761158607)
epoch 110 |  92.5s | train loss 0.2411 MAE 0.2411 | val loss 0.2454 MAE 0.2453 | test loss 0.2531 MAE 0.2529 | best val 0.2414 (epoch 107, test 0.24887995761158607)
epoch 111 |  92.3s | train loss 0.2387 MAE 0.2386 | val loss 0.2434 MAE 0.2433 | test loss 0.2491 MAE 0.2490 | best val 0.2414 (epoch 107, test 0.24887995761158607)
epoch 112 |  92.8s | train loss 0.2371 MAE 0.2371 | val loss 0.2735 MAE 0.2735 | test loss 0.2885 MAE 0.2884 | best val 0.2414 (epoch 107, test 0.24887995761158607)
epoch 113 |  95.6s | train loss 0.2382 MAE 0.2382 | val loss 0.2473 MAE 0.2472 | test loss 0.2542 MAE 0.2541 | best val 0.2414 (epoch 107, test 0.24887995761158607)
epoch 114 |  98.4s | train loss 0.2381 MAE 0.2381 | val loss 0.2480 MAE 0.2479 | test loss 0.2517 MAE 0.2516 | best val 0.2414 (epoch 107, test 0.24887995761158607)
epoch 115 |  89.4s | train loss 0.2362 MAE 0.2362 | val loss 0.2491 MAE 0.2489 | test loss 0.2513 MAE 0.2512 | best val 0.2414 (epoch 107, test 0.24887995761158607)
epoch 116 | 104.2s | train loss 0.2368 MAE 0.2368 | val loss 0.2532 MAE 0.2530 | test loss 0.2595 MAE 0.2593 | best val 0.2414 (epoch 107, test 0.24887995761158607)
epoch 117 | 119.0s | train loss 0.2361 MAE 0.2361 | val loss 0.2495 MAE 0.2494 | test loss 0.2565 MAE 0.2564 | best val 0.2414 (epoch 107, test 0.24887995761158607)
epoch 118 | 115.9s | train loss 0.2351 MAE 0.2351 | val loss 0.2431 MAE 0.2430 | test loss 0.2481 MAE 0.2480 | best val 0.2414 (epoch 107, test 0.24887995761158607)
epoch 119 | 117.2s | train loss 0.2339 MAE 0.2339 | val loss 0.2470 MAE 0.2469 | test loss 0.2530 MAE 0.2529 | best val 0.2414 (epoch 107, test 0.24887995761158607)
epoch 120 | 112.3s | train loss 0.2349 MAE 0.2349 | val loss 0.2545 MAE 0.2544 | test loss 0.2599 MAE 0.2597 | best val 0.2414 (epoch 107, test 0.24887995761158607)
epoch 121 | 110.7s | train loss 0.2343 MAE 0.2343 | val loss 0.2503 MAE 0.2501 | test loss 0.2547 MAE 0.2546 | best val 0.2414 (epoch 107, test 0.24887995761158607)
epoch 122 | 113.3s | train loss 0.2338 MAE 0.2338 | val loss 0.2561 MAE 0.2560 | test loss 0.2628 MAE 0.2627 | best val 0.2414 (epoch 107, test 0.24887995761158607)
epoch 123 | 115.2s | train loss 0.2342 MAE 0.2342 | val loss 0.2492 MAE 0.2491 | test loss 0.2532 MAE 0.2531 | best val 0.2414 (epoch 107, test 0.24887995761158607)
epoch 124 | 111.5s | train loss 0.2328 MAE 0.2328 | val loss 0.2505 MAE 0.2504 | test loss 0.2536 MAE 0.2534 | best val 0.2414 (epoch 107, test 0.24887995761158607)
epoch 125 | 112.2s | train loss 0.2323 MAE 0.2324 | val loss 0.2495 MAE 0.2493 | test loss 0.2556 MAE 0.2555 | best val 0.2414 (epoch 107, test 0.24887995761158607)
epoch 126 | 114.0s | train loss 0.2336 MAE 0.2335 | val loss 0.2458 MAE 0.2457 | test loss 0.2485 MAE 0.2484 | best val 0.2414 (epoch 107, test 0.24887995761158607)
epoch 127 | 114.2s | train loss 0.2331 MAE 0.2331 | val loss 0.2490 MAE 0.2489 | test loss 0.2506 MAE 0.2505 | best val 0.2414 (epoch 107, test 0.24887995761158607)
epoch 128 | 112.1s | train loss 0.2318 MAE 0.2318 | val loss 0.2448 MAE 0.2447 | test loss 0.2484 MAE 0.2482 | best val 0.2414 (epoch 107, test 0.24887995761158607)
epoch 129 | 110.4s | train loss 0.2320 MAE 0.2320 | val loss 0.2443 MAE 0.2442 | test loss 0.2486 MAE 0.2485 | best val 0.2414 (epoch 107, test 0.24887995761158607)
epoch 130 | 111.3s | train loss 0.2293 MAE 0.2293 | val loss 0.2510 MAE 0.2509 | test loss 0.2563 MAE 0.2562 | best val 0.2414 (epoch 107, test 0.24887995761158607)
epoch 131 | 112.8s | train loss 0.2297 MAE 0.2298 | val loss 0.2512 MAE 0.2511 | test loss 0.2573 MAE 0.2571 | best val 0.2414 (epoch 107, test 0.24887995761158607)
epoch 132 | 113.7s | train loss 0.2290 MAE 0.2290 | val loss 0.2441 MAE 0.2441 | test loss 0.2500 MAE 0.2499 | best val 0.2414 (epoch 107, test 0.24887995761158607)
epoch 133 | 111.9s | train loss 0.2294 MAE 0.2294 | val loss 0.2402 MAE 0.2401 | test loss 0.2455 MAE 0.2454 | best val 0.2401 (epoch 133, test 0.24541819797766878)
epoch 134 | 111.1s | train loss 0.2307 MAE 0.2307 | val loss 0.2449 MAE 0.2448 | test loss 0.2510 MAE 0.2509 | best val 0.2401 (epoch 133, test 0.24541819797766878)
epoch 135 |  90.8s | train loss 0.2286 MAE 0.2286 | val loss 0.2471 MAE 0.2470 | test loss 0.2529 MAE 0.2528 | best val 0.2401 (epoch 133, test 0.24541819797766878)
epoch 136 |  90.5s | train loss 0.2282 MAE 0.2282 | val loss 0.2449 MAE 0.2449 | test loss 0.2491 MAE 0.2489 | best val 0.2401 (epoch 133, test 0.24541819797766878)
epoch 137 |  91.8s | train loss 0.2292 MAE 0.2292 | val loss 0.2466 MAE 0.2465 | test loss 0.2518 MAE 0.2516 | best val 0.2401 (epoch 133, test 0.24541819797766878)
epoch 138 |  91.3s | train loss 0.2273 MAE 0.2273 | val loss 0.2474 MAE 0.2473 | test loss 0.2532 MAE 0.2531 | best val 0.2401 (epoch 133, test 0.24541819797766878)
epoch 139 |  91.6s | train loss 0.2266 MAE 0.2266 | val loss 0.2419 MAE 0.2418 | test loss 0.2481 MAE 0.2480 | best val 0.2401 (epoch 133, test 0.24541819797766878)
epoch 140 |  90.6s | train loss 0.2258 MAE 0.2258 | val loss 0.2508 MAE 0.2508 | test loss 0.2583 MAE 0.2581 | best val 0.2401 (epoch 133, test 0.24541819797766878)
epoch 141 |  91.1s | train loss 0.2269 MAE 0.2269 | val loss 0.2467 MAE 0.2466 | test loss 0.2519 MAE 0.2518 | best val 0.2401 (epoch 133, test 0.24541819797766878)
epoch 142 |  94.9s | train loss 0.2265 MAE 0.2266 | val loss 0.2431 MAE 0.2430 | test loss 0.2481 MAE 0.2480 | best val 0.2401 (epoch 133, test 0.24541819797766878)
epoch 143 |  94.6s | train loss 0.2258 MAE 0.2258 | val loss 0.2461 MAE 0.2460 | test loss 0.2511 MAE 0.2510 | best val 0.2401 (epoch 133, test 0.24541819797766878)
epoch 144 |  88.7s | train loss 0.2263 MAE 0.2263 | val loss 0.2432 MAE 0.2431 | test loss 0.2474 MAE 0.2473 | best val 0.2401 (epoch 133, test 0.24541819797766878)
epoch 145 |  90.8s | train loss 0.2258 MAE 0.2259 | val loss 0.2516 MAE 0.2515 | test loss 0.2565 MAE 0.2564 | best val 0.2401 (epoch 133, test 0.24541819797766878)
epoch 146 |  89.7s | train loss 0.2246 MAE 0.2246 | val loss 0.2521 MAE 0.2520 | test loss 0.2591 MAE 0.2590 | best val 0.2401 (epoch 133, test 0.24541819797766878)
epoch 147 |  90.5s | train loss 0.2249 MAE 0.2248 | val loss 0.2434 MAE 0.2433 | test loss 0.2481 MAE 0.2480 | best val 0.2401 (epoch 133, test 0.24541819797766878)
epoch 148 |  90.4s | train loss 0.2242 MAE 0.2242 | val loss 0.2453 MAE 0.2452 | test loss 0.2498 MAE 0.2497 | best val 0.2401 (epoch 133, test 0.24541819797766878)
epoch 149 |  90.2s | train loss 0.2234 MAE 0.2235 | val loss 0.2413 MAE 0.2412 | test loss 0.2461 MAE 0.2460 | best val 0.2401 (epoch 133, test 0.24541819797766878)
epoch 150 |  91.4s | train loss 0.2245 MAE 0.2245 | val loss 0.2439 MAE 0.2438 | test loss 0.2481 MAE 0.2480 | best val 0.2401 (epoch 133, test 0.24541819797766878)
epoch 151 |  90.8s | train loss 0.2230 MAE 0.2231 | val loss 0.2477 MAE 0.2476 | test loss 0.2532 MAE 0.2531 | best val 0.2401 (epoch 133, test 0.24541819797766878)
epoch 152 |  92.2s | train loss 0.2229 MAE 0.2229 | val loss 0.2434 MAE 0.2433 | test loss 0.2477 MAE 0.2475 | best val 0.2401 (epoch 133, test 0.24541819797766878)
epoch 153 |  92.6s | train loss 0.2214 MAE 0.2214 | val loss 0.2453 MAE 0.2452 | test loss 0.2496 MAE 0.2495 | best val 0.2401 (epoch 133, test 0.24541819797766878)
epoch 154 |  90.7s | train loss 0.2234 MAE 0.2234 | val loss 0.2446 MAE 0.2445 | test loss 0.2497 MAE 0.2496 | best val 0.2401 (epoch 133, test 0.24541819797766878)
epoch 155 |  90.4s | train loss 0.2228 MAE 0.2228 | val loss 0.2436 MAE 0.2435 | test loss 0.2481 MAE 0.2480 | best val 0.2401 (epoch 133, test 0.24541819797766878)
epoch 156 |  88.8s | train loss 0.2222 MAE 0.2222 | val loss 0.2478 MAE 0.2477 | test loss 0.2525 MAE 0.2524 | best val 0.2401 (epoch 133, test 0.24541819797766878)
epoch 157 |  89.9s | train loss 0.2219 MAE 0.2219 | val loss 0.2483 MAE 0.2483 | test loss 0.2529 MAE 0.2527 | best val 0.2401 (epoch 133, test 0.24541819797766878)
epoch 158 |  89.5s | train loss 0.2226 MAE 0.2227 | val loss 0.2433 MAE 0.2433 | test loss 0.2474 MAE 0.2473 | best val 0.2401 (epoch 133, test 0.24541819797766878)
epoch 159 |  90.3s | train loss 0.2208 MAE 0.2208 | val loss 0.2475 MAE 0.2475 | test loss 0.2536 MAE 0.2535 | best val 0.2401 (epoch 133, test 0.24541819797766878)
epoch 160 |  90.7s | train loss 0.2217 MAE 0.2216 | val loss 0.2447 MAE 0.2447 | test loss 0.2484 MAE 0.2483 | best val 0.2401 (epoch 133, test 0.24541819797766878)
epoch 161 |  91.0s | train loss 0.2212 MAE 0.2212 | val loss 0.2459 MAE 0.2459 | test loss 0.2500 MAE 0.2499 | best val 0.2401 (epoch 133, test 0.24541819797766878)
epoch 162 |  90.2s | train loss 0.2201 MAE 0.2201 | val loss 0.2471 MAE 0.2471 | test loss 0.2516 MAE 0.2514 | best val 0.2401 (epoch 133, test 0.24541819797766878)
epoch 163 |  90.7s | train loss 0.2213 MAE 0.2213 | val loss 0.2432 MAE 0.2432 | test loss 0.2466 MAE 0.2465 | best val 0.2401 (epoch 133, test 0.24541819797766878)
epoch 164 |  91.0s | train loss 0.2191 MAE 0.2191 | val loss 0.2455 MAE 0.2454 | test loss 0.2511 MAE 0.2510 | best val 0.2401 (epoch 133, test 0.24541819797766878)
epoch 165 |  91.3s | train loss 0.2201 MAE 0.2201 | val loss 0.2466 MAE 0.2465 | test loss 0.2521 MAE 0.2520 | best val 0.2401 (epoch 133, test 0.24541819797766878)
epoch 166 |  91.9s | train loss 0.2199 MAE 0.2199 | val loss 0.2426 MAE 0.2425 | test loss 0.2470 MAE 0.2469 | best val 0.2401 (epoch 133, test 0.24541819797766878)
epoch 167 |  92.2s | train loss 0.2195 MAE 0.2194 | val loss 0.2457 MAE 0.2456 | test loss 0.2495 MAE 0.2494 | best val 0.2401 (epoch 133, test 0.24541819797766878)
epoch 168 |  91.3s | train loss 0.2197 MAE 0.2197 | val loss 0.2448 MAE 0.2448 | test loss 0.2487 MAE 0.2486 | best val 0.2401 (epoch 133, test 0.24541819797766878)
epoch 169 |  89.8s | train loss 0.2190 MAE 0.2190 | val loss 0.2457 MAE 0.2457 | test loss 0.2494 MAE 0.2492 | best val 0.2401 (epoch 133, test 0.24541819797766878)
epoch 170 |  89.8s | train loss 0.2191 MAE 0.2191 | val loss 0.2438 MAE 0.2437 | test loss 0.2484 MAE 0.2482 | best val 0.2401 (epoch 133, test 0.24541819797766878)
epoch 171 |  89.4s | train loss 0.2182 MAE 0.2182 | val loss 0.2449 MAE 0.2449 | test loss 0.2492 MAE 0.2491 | best val 0.2401 (epoch 133, test 0.24541819797766878)
epoch 172 |  89.6s | train loss 0.2188 MAE 0.2189 | val loss 0.2456 MAE 0.2455 | test loss 0.2503 MAE 0.2501 | best val 0.2401 (epoch 133, test 0.24541819797766878)
epoch 173 |  90.7s | train loss 0.2182 MAE 0.2183 | val loss 0.2451 MAE 0.2451 | test loss 0.2505 MAE 0.2504 | best val 0.2401 (epoch 133, test 0.24541819797766878)
early stopping at epoch 173 (no val improvement in 40 epochs)
BEST: val MAE 0.2401 | test MAE 0.2454 (epoch 133)
