{'dataset': 'Peptides-func', 'max_hops': 40, 'use_lap_pe': False, 'lap_pe_dim': 8, 'hidden_dim': 320, 'num_heads': 40, 'ffn_ratio': 4, 'num_layers': 1, 'dropout': 0.2, 'graph_pool': 'sum', 'hop_mode': 'single', 'hop_window': 0, 'num_global_heads': 1, 'lr': 0.001, 'lr_min': 1e-06, 'weight_decay': 0.0003, 'batch_size': 32, 'max_epochs': 200, 'patience': 40, 'reduce_lr_patience': 10, 'warmup_ratio': 0.05, 'grad_clip': 1.0, 'num_workers': 4, 'dist_mask_workers': 8, 'device': None, 'save_dir': 'checkpoints_hop_all_head_2', 'seed': 0, 'checkpoint': 'checkpoints_hop_all_head/best_Peptides-func.pt'}
Unknown args =  []
[Peptides-func] task=multi_label level=graph metric=macro_ap (higher_is_better=True)
  Loading cached distance masks from ./data/Peptides-func/dist_masks/train.pkl
  Loading cached distance masks from ./data/Peptides-func/dist_masks/val.pkl
  Loading cached distance masks from ./data/Peptides-func/dist_masks/test.pkl
Head -> hop set assignment:
  head 0: [0, 1]
  head 1: [0, 2]
  head 2: [0, 3]
  head 3: [0, 4]
  head 4: [0, 5]
  head 5: [0, 6]
  head 6: [0, 7]
  head 7: [0, 8]
  head 8: [0, 9]
  head 9: [0, 10]
  head 10: [0, 11]
  head 11: [0, 12]
  head 12: [0, 13]
  head 13: [0, 14]
  head 14: [0, 15]
  head 15: [0, 16]
  head 16: [0, 17]
  head 17: [0, 18]
  head 18: [0, 19]
  head 19: [0, 20]
  head 20: [0, 21]
  head 21: [0, 22]
  head 22: [0, 23]
  head 23: [0, 24]
  head 24: [0, 25]
  head 25: [0, 26]
  head 26: [0, 27]
  head 27: [0, 28]
  head 28: [0, 29]
  head 29: [0, 30]
  head 30: [0, 31]
  head 31: [0, 32]
  head 32: [0, 33]
  head 33: [0, 34]
  head 34: [0, 35]
  head 35: [0, 36]
  head 36: [0, 37]
  head 37: [0, 38]
  head 38: [0, 39]
  head 39: GLOBAL (no hop mask)
trainable params: 1.498M
ReduceLROnPlateau: mode=max, patience=10, factor=0.5, min_lr=1e-06
Loading checkpoint from: checkpoints_hop_all_head/best_Peptides-func.pt
  ✓ model weights loaded
  ✓ optimizer state loaded
  ✓ step-scheduler state loaded
  ✓ plateau-scheduler state loaded
  Resuming from epoch 121 (best_val=0.7237 at epoch 120)
epoch 121 | 134.7s | train loss 0.0572 AP 0.9419 | val loss 0.2505 AP 0.7189 | test loss 0.2748 AP 0.7205 | best val 0.7237 (epoch 120, test 0.7182638804680035)
epoch 122 | 139.0s | train loss 0.0542 AP 0.9464 | val loss 0.2607 AP 0.7198 | test loss 0.2833 AP 0.7158 | best val 0.7237 (epoch 120, test 0.7182638804680035)
epoch 123 | 143.4s | train loss 0.0549 AP 0.9464 | val loss 0.2749 AP 0.7188 | test loss 0.2975 AP 0.7137 | best val 0.7237 (epoch 120, test 0.7182638804680035)
epoch 124 | 143.1s | train loss 0.0544 AP 0.9458 | val loss 0.2759 AP 0.7233 | test loss 0.2971 AP 0.7157 | best val 0.7237 (epoch 120, test 0.7182638804680035)
epoch 125 | 143.4s | train loss 0.0543 AP 0.9461 | val loss 0.2803 AP 0.7144 | test loss 0.3020 AP 0.7166 | best val 0.7237 (epoch 120, test 0.7182638804680035)
epoch 126 | 143.7s | train loss 0.0540 AP 0.9497 | val loss 0.2607 AP 0.7157 | test loss 0.2794 AP 0.7144 | best val 0.7237 (epoch 120, test 0.7182638804680035)
epoch 127 | 143.6s | train loss 0.0532 AP 0.9476 | val loss 0.2771 AP 0.7275 | test loss 0.3014 AP 0.7252 | best val 0.7275 (epoch 127, test 0.7252131186636313)
epoch 128 | 145.1s | train loss 0.0518 AP 0.9512 | val loss 0.2677 AP 0.7171 | test loss 0.2969 AP 0.7149 | best val 0.7275 (epoch 127, test 0.7252131186636313)
epoch 129 | 144.4s | train loss 0.0515 AP 0.9492 | val loss 0.2576 AP 0.7220 | test loss 0.2835 AP 0.7196 | best val 0.7275 (epoch 127, test 0.7252131186636313)
epoch 130 | 143.6s | train loss 0.0507 AP 0.9528 | val loss 0.2681 AP 0.7184 | test loss 0.2888 AP 0.7177 | best val 0.7275 (epoch 127, test 0.7252131186636313)
epoch 131 | 145.1s | train loss 0.0499 AP 0.9537 | val loss 0.2769 AP 0.7219 | test loss 0.2992 AP 0.7209 | best val 0.7275 (epoch 127, test 0.7252131186636313)
epoch 132 | 144.6s | train loss 0.0496 AP 0.9550 | val loss 0.2699 AP 0.7199 | test loss 0.2908 AP 0.7195 | best val 0.7275 (epoch 127, test 0.7252131186636313)
epoch 133 | 145.9s | train loss 0.0491 AP 0.9582 | val loss 0.2685 AP 0.7255 | test loss 0.2929 AP 0.7248 | best val 0.7275 (epoch 127, test 0.7252131186636313)
epoch 134 | 143.9s | train loss 0.0478 AP 0.9571 | val loss 0.2959 AP 0.7225 | test loss 0.3217 AP 0.7176 | best val 0.7275 (epoch 127, test 0.7252131186636313)
epoch 135 | 145.3s | train loss 0.0483 AP 0.9554 | val loss 0.2794 AP 0.7249 | test loss 0.3020 AP 0.7209 | best val 0.7275 (epoch 127, test 0.7252131186636313)
epoch 136 | 143.9s | train loss 0.0470 AP 0.9588 | val loss 0.3098 AP 0.7198 | test loss 0.3344 AP 0.7182 | best val 0.7275 (epoch 127, test 0.7252131186636313)
epoch 137 | 145.6s | train loss 0.0480 AP 0.9570 | val loss 0.2718 AP 0.7241 | test loss 0.2961 AP 0.7213 | best val 0.7275 (epoch 127, test 0.7252131186636313)
epoch 138 | 144.7s | train loss 0.0472 AP 0.9575 | val loss 0.2978 AP 0.7244 | test loss 0.3225 AP 0.7248 | best val 0.7275 (epoch 127, test 0.7252131186636313)
epoch 139 | 143.8s | train loss 0.0459 AP 0.9584 | val loss 0.2818 AP 0.7272 | test loss 0.3038 AP 0.7224 | best val 0.7275 (epoch 127, test 0.7252131186636313)
epoch 140 | 145.0s | train loss 0.0458 AP 0.9606 | val loss 0.2820 AP 0.7176 | test loss 0.3042 AP 0.7174 | best val 0.7275 (epoch 127, test 0.7252131186636313)
epoch 141 | 143.7s | train loss 0.0453 AP 0.9614 | val loss 0.2881 AP 0.7196 | test loss 0.3102 AP 0.7241 | best val 0.7275 (epoch 127, test 0.7252131186636313)
epoch 142 | 144.9s | train loss 0.0448 AP 0.9617 | val loss 0.2847 AP 0.7186 | test loss 0.3094 AP 0.7243 | best val 0.7275 (epoch 127, test 0.7252131186636313)
epoch 143 | 145.1s | train loss 0.0436 AP 0.9612 | val loss 0.2973 AP 0.7213 | test loss 0.3220 AP 0.7242 | best val 0.7275 (epoch 127, test 0.7252131186636313)
epoch 144 | 144.6s | train loss 0.0440 AP 0.9608 | val loss 0.2933 AP 0.7232 | test loss 0.3121 AP 0.7269 | best val 0.7275 (epoch 127, test 0.7252131186636313)
epoch 145 | 144.8s | train loss 0.0429 AP 0.9627 | val loss 0.2999 AP 0.7243 | test loss 0.3240 AP 0.7272 | best val 0.7275 (epoch 127, test 0.7252131186636313)
epoch 146 | 144.5s | train loss 0.0418 AP 0.9671 | val loss 0.2872 AP 0.7239 | test loss 0.3127 AP 0.7266 | best val 0.7275 (epoch 127, test 0.7252131186636313)
epoch 147 | 142.9s | train loss 0.0415 AP 0.9645 | val loss 0.2993 AP 0.7236 | test loss 0.3217 AP 0.7241 | best val 0.7275 (epoch 127, test 0.7252131186636313)
epoch 148 | 144.3s | train loss 0.0411 AP 0.9677 | val loss 0.2978 AP 0.7274 | test loss 0.3293 AP 0.7266 | best val 0.7275 (epoch 127, test 0.7252131186636313)
epoch 149 | 141.9s | train loss 0.0410 AP 0.9678 | val loss 0.2909 AP 0.7228 | test loss 0.3187 AP 0.7281 | best val 0.7275 (epoch 127, test 0.7252131186636313)
epoch 150 | 142.3s | train loss 0.0413 AP 0.9643 | val loss 0.2976 AP 0.7232 | test loss 0.3230 AP 0.7260 | best val 0.7275 (epoch 127, test 0.7252131186636313)
epoch 151 | 143.5s | train loss 0.0404 AP 0.9663 | val loss 0.3049 AP 0.7251 | test loss 0.3328 AP 0.7258 | best val 0.7275 (epoch 127, test 0.7252131186636313)
epoch 152 | 143.3s | train loss 0.0405 AP 0.9677 | val loss 0.2990 AP 0.7252 | test loss 0.3258 AP 0.7311 | best val 0.7275 (epoch 127, test 0.7252131186636313)
epoch 153 | 141.3s | train loss 0.0396 AP 0.9686 | val loss 0.3038 AP 0.7230 | test loss 0.3282 AP 0.7240 | best val 0.7275 (epoch 127, test 0.7252131186636313)
epoch 154 | 143.5s | train loss 0.0392 AP 0.9696 | val loss 0.3006 AP 0.7241 | test loss 0.3265 AP 0.7260 | best val 0.7275 (epoch 127, test 0.7252131186636313)
epoch 155 | 141.7s | train loss 0.0391 AP 0.9692 | val loss 0.2945 AP 0.7277 | test loss 0.3171 AP 0.7300 | best val 0.7277 (epoch 155, test 0.7300411333567653)
epoch 156 | 142.8s | train loss 0.0383 AP 0.9696 | val loss 0.3101 AP 0.7244 | test loss 0.3390 AP 0.7256 | best val 0.7277 (epoch 155, test 0.7300411333567653)
epoch 157 | 142.6s | train loss 0.0382 AP 0.9705 | val loss 0.3091 AP 0.7298 | test loss 0.3424 AP 0.7294 | best val 0.7298 (epoch 157, test 0.7294040168181384)
epoch 158 | 143.0s | train loss 0.0381 AP 0.9675 | val loss 0.2994 AP 0.7253 | test loss 0.3266 AP 0.7265 | best val 0.7298 (epoch 157, test 0.7294040168181384)
epoch 159 | 143.6s | train loss 0.0383 AP 0.9706 | val loss 0.3143 AP 0.7245 | test loss 0.3432 AP 0.7270 | best val 0.7298 (epoch 157, test 0.7294040168181384)
epoch 160 | 143.5s | train loss 0.0364 AP 0.9722 | val loss 0.3075 AP 0.7211 | test loss 0.3338 AP 0.7262 | best val 0.7298 (epoch 157, test 0.7294040168181384)
epoch 161 | 142.7s | train loss 0.0388 AP 0.9682 | val loss 0.3125 AP 0.7235 | test loss 0.3394 AP 0.7284 | best val 0.7298 (epoch 157, test 0.7294040168181384)
epoch 162 | 143.8s | train loss 0.0373 AP 0.9740 | val loss 0.3114 AP 0.7239 | test loss 0.3347 AP 0.7282 | best val 0.7298 (epoch 157, test 0.7294040168181384)
epoch 163 | 140.9s | train loss 0.0367 AP 0.9715 | val loss 0.3143 AP 0.7255 | test loss 0.3430 AP 0.7292 | best val 0.7298 (epoch 157, test 0.7294040168181384)
epoch 164 | 141.9s | train loss 0.0365 AP 0.9738 | val loss 0.3263 AP 0.7239 | test loss 0.3533 AP 0.7292 | best val 0.7298 (epoch 157, test 0.7294040168181384)
epoch 165 | 144.7s | train loss 0.0360 AP 0.9729 | val loss 0.3092 AP 0.7241 | test loss 0.3350 AP 0.7317 | best val 0.7298 (epoch 157, test 0.7294040168181384)
epoch 166 | 150.2s | train loss 0.0363 AP 0.9723 | val loss 0.3154 AP 0.7231 | test loss 0.3430 AP 0.7288 | best val 0.7298 (epoch 157, test 0.7294040168181384)
epoch 167 | 150.3s | train loss 0.0357 AP 0.9744 | val loss 0.3100 AP 0.7266 | test loss 0.3363 AP 0.7302 | best val 0.7298 (epoch 157, test 0.7294040168181384)
epoch 168 | 147.6s | train loss 0.0348 AP 0.9736 | val loss 0.3175 AP 0.7280 | test loss 0.3469 AP 0.7296 | best val 0.7298 (epoch 157, test 0.7294040168181384)
epoch 169 | 144.1s | train loss 0.0349 AP 0.9743 | val loss 0.3122 AP 0.7278 | test loss 0.3405 AP 0.7294 | best val 0.7298 (epoch 157, test 0.7294040168181384)
epoch 170 | 144.0s | train loss 0.0336 AP 0.9750 | val loss 0.3165 AP 0.7264 | test loss 0.3442 AP 0.7280 | best val 0.7298 (epoch 157, test 0.7294040168181384)
epoch 171 | 144.3s | train loss 0.0349 AP 0.9757 | val loss 0.3138 AP 0.7235 | test loss 0.3407 AP 0.7301 | best val 0.7298 (epoch 157, test 0.7294040168181384)
epoch 172 | 144.8s | train loss 0.0345 AP 0.9754 | val loss 0.3191 AP 0.7228 | test loss 0.3451 AP 0.7290 | best val 0.7298 (epoch 157, test 0.7294040168181384)
epoch 173 | 145.4s | train loss 0.0351 AP 0.9757 | val loss 0.3166 AP 0.7236 | test loss 0.3467 AP 0.7293 | best val 0.7298 (epoch 157, test 0.7294040168181384)
epoch 174 | 144.6s | train loss 0.0349 AP 0.9737 | val loss 0.3166 AP 0.7242 | test loss 0.3433 AP 0.7316 | best val 0.7298 (epoch 157, test 0.7294040168181384)
epoch 175 | 145.9s | train loss 0.0330 AP 0.9771 | val loss 0.3205 AP 0.7258 | test loss 0.3479 AP 0.7307 | best val 0.7298 (epoch 157, test 0.7294040168181384)
epoch 176 | 143.4s | train loss 0.0340 AP 0.9757 | val loss 0.3126 AP 0.7269 | test loss 0.3399 AP 0.7307 | best val 0.7298 (epoch 157, test 0.7294040168181384)
epoch 177 | 144.2s | train loss 0.0332 AP 0.9769 | val loss 0.3232 AP 0.7262 | test loss 0.3522 AP 0.7293 | best val 0.7298 (epoch 157, test 0.7294040168181384)
epoch 178 | 144.4s | train loss 0.0330 AP 0.9765 | val loss 0.3235 AP 0.7239 | test loss 0.3518 AP 0.7280 | best val 0.7298 (epoch 157, test 0.7294040168181384)
epoch 179 | 144.2s | train loss 0.0337 AP 0.9774 | val loss 0.3164 AP 0.7251 | test loss 0.3450 AP 0.7292 | best val 0.7298 (epoch 157, test 0.7294040168181384)
epoch 180 | 144.9s | train loss 0.0328 AP 0.9791 | val loss 0.3229 AP 0.7256 | test loss 0.3536 AP 0.7283 | best val 0.7298 (epoch 157, test 0.7294040168181384)
epoch 181 | 144.0s | train loss 0.0328 AP 0.9780 | val loss 0.3212 AP 0.7253 | test loss 0.3498 AP 0.7288 | best val 0.7298 (epoch 157, test 0.7294040168181384)
epoch 182 | 144.0s | train loss 0.0325 AP 0.9788 | val loss 0.3221 AP 0.7267 | test loss 0.3510 AP 0.7298 | best val 0.7298 (epoch 157, test 0.7294040168181384)
epoch 183 | 142.1s | train loss 0.0317 AP 0.9792 | val loss 0.3171 AP 0.7260 | test loss 0.3452 AP 0.7284 | best val 0.7298 (epoch 157, test 0.7294040168181384)
epoch 184 | 143.8s | train loss 0.0322 AP 0.9783 | val loss 0.3228 AP 0.7273 | test loss 0.3507 AP 0.7291 | best val 0.7298 (epoch 157, test 0.7294040168181384)
epoch 185 | 142.9s | train loss 0.0317 AP 0.9799 | val loss 0.3276 AP 0.7279 | test loss 0.3565 AP 0.7280 | best val 0.7298 (epoch 157, test 0.7294040168181384)
epoch 186 | 143.1s | train loss 0.0322 AP 0.9771 | val loss 0.3226 AP 0.7261 | test loss 0.3500 AP 0.7278 | best val 0.7298 (epoch 157, test 0.7294040168181384)
epoch 187 | 145.3s | train loss 0.0325 AP 0.9766 | val loss 0.3222 AP 0.7271 | test loss 0.3509 AP 0.7292 | best val 0.7298 (epoch 157, test 0.7294040168181384)
epoch 188 | 142.6s | train loss 0.0327 AP 0.9787 | val loss 0.3224 AP 0.7273 | test loss 0.3506 AP 0.7290 | best val 0.7298 (epoch 157, test 0.7294040168181384)
epoch 189 | 144.2s | train loss 0.0312 AP 0.9791 | val loss 0.3236 AP 0.7269 | test loss 0.3520 AP 0.7284 | best val 0.7298 (epoch 157, test 0.7294040168181384)
epoch 190 | 142.5s | train loss 0.0320 AP 0.9764 | val loss 0.3206 AP 0.7272 | test loss 0.3484 AP 0.7286 | best val 0.7298 (epoch 157, test 0.7294040168181384)
epoch 191 | 142.5s | train loss 0.0317 AP 0.9777 | val loss 0.3236 AP 0.7264 | test loss 0.3519 AP 0.7287 | best val 0.7298 (epoch 157, test 0.7294040168181384)
epoch 192 | 144.5s | train loss 0.0316 AP 0.9785 | val loss 0.3219 AP 0.7270 | test loss 0.3499 AP 0.7285 | best val 0.7298 (epoch 157, test 0.7294040168181384)
epoch 193 | 142.9s | train loss 0.0313 AP 0.9787 | val loss 0.3227 AP 0.7274 | test loss 0.3508 AP 0.7288 | best val 0.7298 (epoch 157, test 0.7294040168181384)
epoch 194 | 144.0s | train loss 0.0315 AP 0.9782 | val loss 0.3230 AP 0.7275 | test loss 0.3512 AP 0.7288 | best val 0.7298 (epoch 157, test 0.7294040168181384)
epoch 195 | 138.3s | train loss 0.0314 AP 0.9792 | val loss 0.3240 AP 0.7272 | test loss 0.3524 AP 0.7291 | best val 0.7298 (epoch 157, test 0.7294040168181384)
epoch 196 | 131.5s | train loss 0.0312 AP 0.9810 | val loss 0.3240 AP 0.7273 | test loss 0.3521 AP 0.7290 | best val 0.7298 (epoch 157, test 0.7294040168181384)
epoch 197 | 132.3s | train loss 0.0308 AP 0.9789 | val loss 0.3248 AP 0.7272 | test loss 0.3531 AP 0.7289 | best val 0.7298 (epoch 157, test 0.7294040168181384)
early stopping at epoch 197 (no val improvement in 40 epochs)
BEST: val AP 0.7298 | test AP 0.7294 (epoch 157)
