[Peptides-func] task=multi_label level=graph metric=macro_ap (higher_is_better=True)
  Loading cached distance masks from ./data/Peptides-func/dist_masks/train.pkl
  Loading cached distance masks from ./data/Peptides-func/dist_masks/val.pkl
  Loading cached distance masks from ./data/Peptides-func/dist_masks/test.pkl
Head -> hop set assignment:
  head 0: [0, 1, 2, 3, 4, 5]
  head 1: [0, 6, 7, 8, 9, 10]
  head 2: [0, 11, 12, 13, 14, 15]
  head 3: [0, 16, 17, 18, 19, 20]
  head 4: [0, 21, 22, 23, 24, 25]
  head 5: [0, 26, 27, 28, 29, 30]
  head 6: [0, 31, 32, 33, 34, 35]
  head 7: [0, 36, 37, 38, 39]
trainable params: 0.255M
epoch 000 | 108.3s | train loss 0.4904 AP 0.1650 | val loss 0.3613 AP 0.2472 | test loss 0.3612 AP 0.2471 | best val 0.2472 (epoch 0, test 0.24710686486414007)
epoch 001 | 119.6s | train loss 0.3424 AP 0.2377 | val loss 0.3139 AP 0.3202 | test loss 0.3142 AP 0.3212 | best val 0.3202 (epoch 1, test 0.32119470193135025)
epoch 002 | 121.0s | train loss 0.3097 AP 0.3156 | val loss 0.2888 AP 0.3814 | test loss 0.2920 AP 0.3737 | best val 0.3814 (epoch 2, test 0.37374553804814453)
epoch 003 | 116.9s | train loss 0.2950 AP 0.3573 | val loss 0.2844 AP 0.3993 | test loss 0.2858 AP 0.3961 | best val 0.3993 (epoch 3, test 0.39613620278660516)
epoch 004 | 119.6s | train loss 0.2845 AP 0.3819 | val loss 0.2719 AP 0.4259 | test loss 0.2750 AP 0.4167 | best val 0.4259 (epoch 4, test 0.41673475322585274)
epoch 005 | 120.6s | train loss 0.2776 AP 0.4031 | val loss 0.2703 AP 0.4440 | test loss 0.2734 AP 0.4292 | best val 0.4440 (epoch 5, test 0.4291838069215751)
epoch 006 | 120.7s | train loss 0.2710 AP 0.4194 | val loss 0.2666 AP 0.4697 | test loss 0.2717 AP 0.4405 | best val 0.4697 (epoch 6, test 0.4405063853363651)
epoch 007 | 121.3s | train loss 0.2651 AP 0.4334 | val loss 0.2548 AP 0.4801 | test loss 0.2609 AP 0.4541 | best val 0.4801 (epoch 7, test 0.4540890167977561)
epoch 008 | 121.9s | train loss 0.2605 AP 0.4467 | val loss 0.2489 AP 0.4842 | test loss 0.2533 AP 0.4726 | best val 0.4842 (epoch 8, test 0.4725743197027838)
epoch 009 | 120.0s | train loss 0.2574 AP 0.4559 | val loss 0.2456 AP 0.5107 | test loss 0.2536 AP 0.4753 | best val 0.5107 (epoch 9, test 0.4753321667236605)
epoch 010 | 116.8s | train loss 0.2531 AP 0.4676 | val loss 0.2421 AP 0.5183 | test loss 0.2497 AP 0.4842 | best val 0.5183 (epoch 10, test 0.48421327867278635)
epoch 011 | 108.6s | train loss 0.2476 AP 0.4818 | val loss 0.2417 AP 0.5172 | test loss 0.2452 AP 0.4974 | best val 0.5183 (epoch 10, test 0.48421327867278635)
epoch 012 | 109.7s | train loss 0.2447 AP 0.4899 | val loss 0.2414 AP 0.5179 | test loss 0.2492 AP 0.4932 | best val 0.5183 (epoch 10, test 0.48421327867278635)
epoch 013 | 116.6s | train loss 0.2407 AP 0.5006 | val loss 0.2374 AP 0.5325 | test loss 0.2455 AP 0.4998 | best val 0.5325 (epoch 13, test 0.4997926182406124)
epoch 014 | 120.2s | train loss 0.2395 AP 0.5051 | val loss 0.2355 AP 0.5418 | test loss 0.2436 AP 0.5092 | best val 0.5418 (epoch 14, test 0.5092348701949275)
epoch 015 | 122.0s | train loss 0.2351 AP 0.5167 | val loss 0.2344 AP 0.5431 | test loss 0.2399 AP 0.5218 | best val 0.5431 (epoch 15, test 0.5217835155674322)
epoch 016 | 122.3s | train loss 0.2338 AP 0.5207 | val loss 0.2306 AP 0.5446 | test loss 0.2406 AP 0.5157 | best val 0.5446 (epoch 16, test 0.5156923382054238)
epoch 017 | 122.5s | train loss 0.2304 AP 0.5336 | val loss 0.2300 AP 0.5557 | test loss 0.2346 AP 0.5373 | best val 0.5557 (epoch 17, test 0.5373223653407112)
epoch 018 | 122.1s | train loss 0.2291 AP 0.5369 | val loss 0.2268 AP 0.5592 | test loss 0.2365 AP 0.5336 | best val 0.5592 (epoch 18, test 0.5336465989630796)
epoch 019 | 123.1s | train loss 0.2254 AP 0.5451 | val loss 0.2237 AP 0.5562 | test loss 0.2343 AP 0.5336 | best val 0.5592 (epoch 18, test 0.5336465989630796)
epoch 020 | 111.1s | train loss 0.2240 AP 0.5513 | val loss 0.2290 AP 0.5584 | test loss 0.2353 AP 0.5394 | best val 0.5592 (epoch 18, test 0.5336465989630796)
epoch 021 | 111.0s | train loss 0.2215 AP 0.5571 | val loss 0.2202 AP 0.5752 | test loss 0.2317 AP 0.5378 | best val 0.5752 (epoch 21, test 0.5378419513225277)
epoch 022 | 108.0s | train loss 0.2192 AP 0.5680 | val loss 0.2196 AP 0.5827 | test loss 0.2286 AP 0.5542 | best val 0.5827 (epoch 22, test 0.5541686247644483)
epoch 023 | 109.9s | train loss 0.2160 AP 0.5713 | val loss 0.2204 AP 0.5813 | test loss 0.2292 AP 0.5511 | best val 0.5827 (epoch 22, test 0.5541686247644483)
epoch 024 | 110.9s | train loss 0.2158 AP 0.5770 | val loss 0.2193 AP 0.5805 | test loss 0.2288 AP 0.5579 | best val 0.5827 (epoch 22, test 0.5541686247644483)
epoch 025 | 110.6s | train loss 0.2148 AP 0.5775 | val loss 0.2186 AP 0.6040 | test loss 0.2313 AP 0.5567 | best val 0.6040 (epoch 25, test 0.5566774560558414)
epoch 026 | 111.7s | train loss 0.2117 AP 0.5897 | val loss 0.2155 AP 0.5969 | test loss 0.2260 AP 0.5617 | best val 0.6040 (epoch 25, test 0.5566774560558414)
epoch 027 | 110.1s | train loss 0.2088 AP 0.5921 | val loss 0.2157 AP 0.6045 | test loss 0.2319 AP 0.5665 | best val 0.6045 (epoch 27, test 0.566544071071757)
epoch 028 | 109.8s | train loss 0.2062 AP 0.6032 | val loss 0.2105 AP 0.6082 | test loss 0.2236 AP 0.5763 | best val 0.6082 (epoch 28, test 0.5762632407730943)
epoch 029 | 110.1s | train loss 0.2052 AP 0.6088 | val loss 0.2101 AP 0.6035 | test loss 0.2216 AP 0.5748 | best val 0.6082 (epoch 28, test 0.5762632407730943)
epoch 030 | 111.8s | train loss 0.2004 AP 0.6176 | val loss 0.2135 AP 0.6029 | test loss 0.2262 AP 0.5729 | best val 0.6082 (epoch 28, test 0.5762632407730943)
epoch 031 | 111.3s | train loss 0.2011 AP 0.6184 | val loss 0.2123 AP 0.6197 | test loss 0.2227 AP 0.5916 | best val 0.6197 (epoch 31, test 0.5916276256935111)
epoch 032 | 111.0s | train loss 0.2001 AP 0.6277 | val loss 0.2101 AP 0.6178 | test loss 0.2228 AP 0.5774 | best val 0.6197 (epoch 31, test 0.5916276256935111)
epoch 033 | 110.6s | train loss 0.1959 AP 0.6324 | val loss 0.2065 AP 0.6287 | test loss 0.2200 AP 0.5914 | best val 0.6287 (epoch 33, test 0.5914200319082612)
epoch 034 | 110.5s | train loss 0.1966 AP 0.6316 | val loss 0.2097 AP 0.6180 | test loss 0.2215 AP 0.5840 | best val 0.6287 (epoch 33, test 0.5914200319082612)
epoch 035 | 109.9s | train loss 0.1920 AP 0.6450 | val loss 0.2062 AP 0.6202 | test loss 0.2173 AP 0.5983 | best val 0.6287 (epoch 33, test 0.5914200319082612)
epoch 036 | 110.2s | train loss 0.1911 AP 0.6463 | val loss 0.2050 AP 0.6374 | test loss 0.2192 AP 0.5906 | best val 0.6374 (epoch 36, test 0.5905514283589245)
epoch 037 | 110.5s | train loss 0.1885 AP 0.6505 | val loss 0.2147 AP 0.6251 | test loss 0.2265 AP 0.5977 | best val 0.6374 (epoch 36, test 0.5905514283589245)
epoch 038 | 109.7s | train loss 0.1882 AP 0.6574 | val loss 0.2029 AP 0.6334 | test loss 0.2172 AP 0.6003 | best val 0.6374 (epoch 36, test 0.5905514283589245)
epoch 039 | 109.7s | train loss 0.1860 AP 0.6557 | val loss 0.2132 AP 0.6262 | test loss 0.2233 AP 0.6028 | best val 0.6374 (epoch 36, test 0.5905514283589245)
epoch 040 | 111.2s | train loss 0.1834 AP 0.6659 | val loss 0.2063 AP 0.6311 | test loss 0.2163 AP 0.6037 | best val 0.6374 (epoch 36, test 0.5905514283589245)
epoch 041 | 110.7s | train loss 0.1821 AP 0.6713 | val loss 0.2115 AP 0.6200 | test loss 0.2203 AP 0.6045 | best val 0.6374 (epoch 36, test 0.5905514283589245)
epoch 042 | 111.0s | train loss 0.1814 AP 0.6743 | val loss 0.2109 AP 0.6397 | test loss 0.2231 AP 0.6093 | best val 0.6397 (epoch 42, test 0.6093093527268251)
epoch 043 | 110.4s | train loss 0.1817 AP 0.6728 | val loss 0.2033 AP 0.6426 | test loss 0.2121 AP 0.6173 | best val 0.6426 (epoch 43, test 0.61730613771724)
epoch 044 | 110.3s | train loss 0.1761 AP 0.6905 | val loss 0.2084 AP 0.6452 | test loss 0.2232 AP 0.6170 | best val 0.6452 (epoch 44, test 0.6169663001836272)
epoch 045 | 110.2s | train loss 0.1745 AP 0.6885 | val loss 0.2078 AP 0.6478 | test loss 0.2178 AP 0.6299 | best val 0.6478 (epoch 45, test 0.6299293977410739)
epoch 046 | 111.4s | train loss 0.1720 AP 0.6985 | val loss 0.2059 AP 0.6530 | test loss 0.2192 AP 0.6237 | best val 0.6530 (epoch 46, test 0.6237444796131489)
epoch 047 | 112.8s | train loss 0.1713 AP 0.6995 | val loss 0.2052 AP 0.6515 | test loss 0.2158 AP 0.6228 | best val 0.6530 (epoch 46, test 0.6237444796131489)
epoch 048 | 112.0s | train loss 0.1699 AP 0.6988 | val loss 0.2034 AP 0.6577 | test loss 0.2169 AP 0.6247 | best val 0.6577 (epoch 48, test 0.6247344374663699)
epoch 049 | 111.0s | train loss 0.1689 AP 0.7074 | val loss 0.2039 AP 0.6557 | test loss 0.2189 AP 0.6258 | best val 0.6577 (epoch 48, test 0.6247344374663699)
epoch 050 | 111.2s | train loss 0.1675 AP 0.7100 | val loss 0.2063 AP 0.6543 | test loss 0.2209 AP 0.6360 | best val 0.6577 (epoch 48, test 0.6247344374663699)
epoch 051 | 109.9s | train loss 0.1666 AP 0.7130 | val loss 0.2031 AP 0.6540 | test loss 0.2125 AP 0.6352 | best val 0.6577 (epoch 48, test 0.6247344374663699)
epoch 052 | 109.9s | train loss 0.1637 AP 0.7185 | val loss 0.1981 AP 0.6688 | test loss 0.2142 AP 0.6458 | best val 0.6688 (epoch 52, test 0.6457980776638386)
epoch 053 | 111.9s | train loss 0.1626 AP 0.7190 | val loss 0.2052 AP 0.6653 | test loss 0.2190 AP 0.6353 | best val 0.6688 (epoch 52, test 0.6457980776638386)
epoch 054 | 111.6s | train loss 0.1618 AP 0.7239 | val loss 0.1997 AP 0.6601 | test loss 0.2170 AP 0.6281 | best val 0.6688 (epoch 52, test 0.6457980776638386)
epoch 055 | 110.1s | train loss 0.1610 AP 0.7263 | val loss 0.2198 AP 0.6468 | test loss 0.2333 AP 0.6321 | best val 0.6688 (epoch 52, test 0.6457980776638386)
epoch 056 | 110.6s | train loss 0.1571 AP 0.7312 | val loss 0.2006 AP 0.6589 | test loss 0.2192 AP 0.6402 | best val 0.6688 (epoch 52, test 0.6457980776638386)
epoch 057 | 110.4s | train loss 0.1559 AP 0.7360 | val loss 0.2083 AP 0.6627 | test loss 0.2203 AP 0.6379 | best val 0.6688 (epoch 52, test 0.6457980776638386)
epoch 058 | 109.3s | train loss 0.1547 AP 0.7416 | val loss 0.2080 AP 0.6575 | test loss 0.2192 AP 0.6393 | best val 0.6688 (epoch 52, test 0.6457980776638386)
epoch 059 | 109.7s | train loss 0.1518 AP 0.7458 | val loss 0.2017 AP 0.6707 | test loss 0.2211 AP 0.6456 | best val 0.6707 (epoch 59, test 0.6456266888713411)
epoch 060 | 108.4s | train loss 0.1518 AP 0.7468 | val loss 0.2009 AP 0.6691 | test loss 0.2181 AP 0.6446 | best val 0.6707 (epoch 59, test 0.6456266888713411)
epoch 061 | 108.9s | train loss 0.1488 AP 0.7559 | val loss 0.2082 AP 0.6658 | test loss 0.2243 AP 0.6449 | best val 0.6707 (epoch 59, test 0.6456266888713411)
epoch 062 | 109.2s | train loss 0.1477 AP 0.7581 | val loss 0.2124 AP 0.6677 | test loss 0.2295 AP 0.6480 | best val 0.6707 (epoch 59, test 0.6456266888713411)
epoch 063 | 108.6s | train loss 0.1478 AP 0.7547 | val loss 0.2090 AP 0.6753 | test loss 0.2271 AP 0.6488 | best val 0.6753 (epoch 63, test 0.6488487343222882)
epoch 064 | 108.0s | train loss 0.1451 AP 0.7609 | val loss 0.2095 AP 0.6723 | test loss 0.2273 AP 0.6461 | best val 0.6753 (epoch 63, test 0.6488487343222882)
epoch 065 | 109.5s | train loss 0.1468 AP 0.7615 | val loss 0.1994 AP 0.6724 | test loss 0.2170 AP 0.6533 | best val 0.6753 (epoch 63, test 0.6488487343222882)
epoch 066 | 108.3s | train loss 0.1453 AP 0.7648 | val loss 0.2058 AP 0.6690 | test loss 0.2223 AP 0.6453 | best val 0.6753 (epoch 63, test 0.6488487343222882)
epoch 067 | 107.7s | train loss 0.1454 AP 0.7632 | val loss 0.2074 AP 0.6733 | test loss 0.2261 AP 0.6539 | best val 0.6753 (epoch 63, test 0.6488487343222882)
epoch 068 | 108.0s | train loss 0.1385 AP 0.7797 | val loss 0.2090 AP 0.6728 | test loss 0.2324 AP 0.6565 | best val 0.6753 (epoch 63, test 0.6488487343222882)
epoch 069 | 109.0s | train loss 0.1412 AP 0.7748 | val loss 0.2144 AP 0.6727 | test loss 0.2322 AP 0.6497 | best val 0.6753 (epoch 63, test 0.6488487343222882)
epoch 070 | 109.5s | train loss 0.1416 AP 0.7739 | val loss 0.2048 AP 0.6798 | test loss 0.2221 AP 0.6611 | best val 0.6798 (epoch 70, test 0.6610900926257918)
epoch 071 | 110.2s | train loss 0.1353 AP 0.7880 | val loss 0.2068 AP 0.6694 | test loss 0.2217 AP 0.6471 | best val 0.6798 (epoch 70, test 0.6610900926257918)
epoch 072 | 109.2s | train loss 0.1360 AP 0.7811 | val loss 0.2141 AP 0.6713 | test loss 0.2283 AP 0.6519 | best val 0.6798 (epoch 70, test 0.6610900926257918)
epoch 073 | 109.2s | train loss 0.1356 AP 0.7875 | val loss 0.2226 AP 0.6857 | test loss 0.2474 AP 0.6534 | best val 0.6857 (epoch 73, test 0.6534261919204539)
epoch 074 | 109.2s | train loss 0.1355 AP 0.7856 | val loss 0.2075 AP 0.6733 | test loss 0.2202 AP 0.6654 | best val 0.6857 (epoch 73, test 0.6534261919204539)
epoch 075 | 110.3s | train loss 0.1315 AP 0.7951 | val loss 0.2097 AP 0.6811 | test loss 0.2276 AP 0.6578 | best val 0.6857 (epoch 73, test 0.6534261919204539)
epoch 076 | 110.9s | train loss 0.1326 AP 0.7932 | val loss 0.2053 AP 0.6792 | test loss 0.2253 AP 0.6616 | best val 0.6857 (epoch 73, test 0.6534261919204539)
epoch 077 | 109.7s | train loss 0.1298 AP 0.8016 | val loss 0.2084 AP 0.6913 | test loss 0.2264 AP 0.6648 | best val 0.6913 (epoch 77, test 0.6647984163293781)
epoch 078 | 109.6s | train loss 0.1281 AP 0.8017 | val loss 0.2118 AP 0.6816 | test loss 0.2319 AP 0.6559 | best val 0.6913 (epoch 77, test 0.6647984163293781)
epoch 079 | 109.2s | train loss 0.1281 AP 0.8041 | val loss 0.2184 AP 0.6836 | test loss 0.2376 AP 0.6586 | best val 0.6913 (epoch 77, test 0.6647984163293781)
epoch 080 | 109.0s | train loss 0.1276 AP 0.8059 | val loss 0.2219 AP 0.6801 | test loss 0.2383 AP 0.6557 | best val 0.6913 (epoch 77, test 0.6647984163293781)
epoch 081 | 110.2s | train loss 0.1267 AP 0.8065 | val loss 0.2087 AP 0.6920 | test loss 0.2318 AP 0.6628 | best val 0.6920 (epoch 81, test 0.6627933818616907)
epoch 082 | 110.5s | train loss 0.1249 AP 0.8113 | val loss 0.2180 AP 0.6850 | test loss 0.2343 AP 0.6657 | best val 0.6920 (epoch 81, test 0.6627933818616907)
epoch 083 | 109.7s | train loss 0.1245 AP 0.8128 | val loss 0.2047 AP 0.6915 | test loss 0.2282 AP 0.6710 | best val 0.6920 (epoch 81, test 0.6627933818616907)
epoch 084 | 109.4s | train loss 0.1252 AP 0.8116 | val loss 0.2053 AP 0.6868 | test loss 0.2210 AP 0.6729 | best val 0.6920 (epoch 81, test 0.6627933818616907)
epoch 085 | 109.9s | train loss 0.1228 AP 0.8189 | val loss 0.2152 AP 0.6854 | test loss 0.2390 AP 0.6599 | best val 0.6920 (epoch 81, test 0.6627933818616907)
epoch 086 | 107.5s | train loss 0.1229 AP 0.8127 | val loss 0.2098 AP 0.6899 | test loss 0.2340 AP 0.6636 | best val 0.6920 (epoch 81, test 0.6627933818616907)
epoch 087 | 109.0s | train loss 0.1227 AP 0.8177 | val loss 0.2117 AP 0.6879 | test loss 0.2274 AP 0.6731 | best val 0.6920 (epoch 81, test 0.6627933818616907)
epoch 088 | 107.9s | train loss 0.1178 AP 0.8258 | val loss 0.2214 AP 0.6837 | test loss 0.2440 AP 0.6618 | best val 0.6920 (epoch 81, test 0.6627933818616907)
epoch 089 | 109.1s | train loss 0.1178 AP 0.8265 | val loss 0.2137 AP 0.6920 | test loss 0.2403 AP 0.6675 | best val 0.6920 (epoch 81, test 0.6627933818616907)
epoch 090 | 109.3s | train loss 0.1168 AP 0.8282 | val loss 0.2226 AP 0.6938 | test loss 0.2517 AP 0.6739 | best val 0.6938 (epoch 90, test 0.673863629241185)
epoch 091 | 107.0s | train loss 0.1156 AP 0.8331 | val loss 0.2217 AP 0.6935 | test loss 0.2418 AP 0.6747 | best val 0.6938 (epoch 90, test 0.673863629241185)
epoch 092 | 108.3s | train loss 0.1155 AP 0.8335 | val loss 0.2183 AP 0.6905 | test loss 0.2425 AP 0.6692 | best val 0.6938 (epoch 90, test 0.673863629241185)
epoch 093 | 109.3s | train loss 0.1142 AP 0.8335 | val loss 0.2444 AP 0.6878 | test loss 0.2648 AP 0.6676 | best val 0.6938 (epoch 90, test 0.673863629241185)
epoch 094 | 108.1s | train loss 0.1143 AP 0.8335 | val loss 0.2221 AP 0.6950 | test loss 0.2415 AP 0.6811 | best val 0.6950 (epoch 94, test 0.6810957242263029)
epoch 095 | 109.6s | train loss 0.1130 AP 0.8370 | val loss 0.2155 AP 0.6947 | test loss 0.2350 AP 0.6834 | best val 0.6950 (epoch 94, test 0.6810957242263029)
epoch 096 | 109.6s | train loss 0.1132 AP 0.8350 | val loss 0.2156 AP 0.6912 | test loss 0.2365 AP 0.6813 | best val 0.6950 (epoch 94, test 0.6810957242263029)
epoch 097 | 109.5s | train loss 0.1099 AP 0.8444 | val loss 0.2217 AP 0.6897 | test loss 0.2404 AP 0.6782 | best val 0.6950 (epoch 94, test 0.6810957242263029)
epoch 098 | 109.7s | train loss 0.1102 AP 0.8434 | val loss 0.2271 AP 0.6908 | test loss 0.2453 AP 0.6846 | best val 0.6950 (epoch 94, test 0.6810957242263029)
epoch 099 | 110.9s | train loss 0.1086 AP 0.8466 | val loss 0.2173 AP 0.6962 | test loss 0.2443 AP 0.6763 | best val 0.6962 (epoch 99, test 0.6762586363812432)
epoch 100 | 110.3s | train loss 0.1093 AP 0.8439 | val loss 0.2266 AP 0.6935 | test loss 0.2497 AP 0.6784 | best val 0.6962 (epoch 99, test 0.6762586363812432)
epoch 101 | 109.4s | train loss 0.1088 AP 0.8500 | val loss 0.2312 AP 0.6913 | test loss 0.2514 AP 0.6765 | best val 0.6962 (epoch 99, test 0.6762586363812432)
epoch 102 | 110.1s | train loss 0.1077 AP 0.8486 | val loss 0.2282 AP 0.6938 | test loss 0.2471 AP 0.6817 | best val 0.6962 (epoch 99, test 0.6762586363812432)
epoch 103 | 109.7s | train loss 0.1042 AP 0.8550 | val loss 0.2315 AP 0.6881 | test loss 0.2492 AP 0.6845 | best val 0.6962 (epoch 99, test 0.6762586363812432)
epoch 104 | 110.1s | train loss 0.1065 AP 0.8497 | val loss 0.2283 AP 0.6924 | test loss 0.2524 AP 0.6805 | best val 0.6962 (epoch 99, test 0.6762586363812432)
epoch 105 | 109.9s | train loss 0.1059 AP 0.8551 | val loss 0.2184 AP 0.6947 | test loss 0.2367 AP 0.6839 | best val 0.6962 (epoch 99, test 0.6762586363812432)
epoch 106 | 110.1s | train loss 0.1047 AP 0.8560 | val loss 0.2269 AP 0.6945 | test loss 0.2465 AP 0.6828 | best val 0.6962 (epoch 99, test 0.6762586363812432)
epoch 107 | 110.0s | train loss 0.1046 AP 0.8522 | val loss 0.2284 AP 0.6983 | test loss 0.2545 AP 0.6877 | best val 0.6983 (epoch 107, test 0.6877483530285252)
epoch 108 | 108.6s | train loss 0.1013 AP 0.8612 | val loss 0.2360 AP 0.6894 | test loss 0.2564 AP 0.6704 | best val 0.6983 (epoch 107, test 0.6877483530285252)
epoch 109 | 109.6s | train loss 0.1005 AP 0.8628 | val loss 0.2311 AP 0.6930 | test loss 0.2510 AP 0.6804 | best val 0.6983 (epoch 107, test 0.6877483530285252)
epoch 110 | 109.4s | train loss 0.1015 AP 0.8636 | val loss 0.2357 AP 0.6951 | test loss 0.2563 AP 0.6832 | best val 0.6983 (epoch 107, test 0.6877483530285252)
epoch 111 | 108.3s | train loss 0.1008 AP 0.8642 | val loss 0.2273 AP 0.6994 | test loss 0.2492 AP 0.6866 | best val 0.6994 (epoch 111, test 0.6865786335353526)
epoch 112 | 108.4s | train loss 0.0991 AP 0.8645 | val loss 0.2341 AP 0.7031 | test loss 0.2604 AP 0.6846 | best val 0.7031 (epoch 112, test 0.6846472978046465)
epoch 113 | 107.7s | train loss 0.1002 AP 0.8673 | val loss 0.2314 AP 0.6901 | test loss 0.2469 AP 0.6854 | best val 0.7031 (epoch 112, test 0.6846472978046465)
epoch 114 | 108.8s | train loss 0.0977 AP 0.8713 | val loss 0.2380 AP 0.7008 | test loss 0.2603 AP 0.6855 | best val 0.7031 (epoch 112, test 0.6846472978046465)
epoch 115 | 109.0s | train loss 0.0976 AP 0.8730 | val loss 0.2433 AP 0.6975 | test loss 0.2647 AP 0.6881 | best val 0.7031 (epoch 112, test 0.6846472978046465)
epoch 116 | 110.2s | train loss 0.0974 AP 0.8697 | val loss 0.2374 AP 0.7038 | test loss 0.2626 AP 0.6816 | best val 0.7038 (epoch 116, test 0.6815882238014741)
epoch 117 | 108.8s | train loss 0.0976 AP 0.8707 | val loss 0.2344 AP 0.7073 | test loss 0.2594 AP 0.6847 | best val 0.7073 (epoch 117, test 0.6846609011494096)
epoch 118 | 108.0s | train loss 0.0963 AP 0.8713 | val loss 0.2357 AP 0.6969 | test loss 0.2577 AP 0.6803 | best val 0.7073 (epoch 117, test 0.6846609011494096)
epoch 119 | 110.2s | train loss 0.0951 AP 0.8714 | val loss 0.2398 AP 0.6985 | test loss 0.2618 AP 0.6841 | best val 0.7073 (epoch 117, test 0.6846609011494096)
epoch 120 | 110.3s | train loss 0.0944 AP 0.8797 | val loss 0.2363 AP 0.7053 | test loss 0.2590 AP 0.6849 | best val 0.7073 (epoch 117, test 0.6846609011494096)
epoch 121 | 110.7s | train loss 0.0951 AP 0.8751 | val loss 0.2334 AP 0.7040 | test loss 0.2600 AP 0.6865 | best val 0.7073 (epoch 117, test 0.6846609011494096)
epoch 122 | 111.0s | train loss 0.0944 AP 0.8758 | val loss 0.2335 AP 0.6981 | test loss 0.2547 AP 0.6846 | best val 0.7073 (epoch 117, test 0.6846609011494096)
epoch 123 | 109.2s | train loss 0.0920 AP 0.8813 | val loss 0.2396 AP 0.6966 | test loss 0.2577 AP 0.6851 | best val 0.7073 (epoch 117, test 0.6846609011494096)
epoch 124 | 108.8s | train loss 0.0921 AP 0.8798 | val loss 0.2341 AP 0.6956 | test loss 0.2502 AP 0.6886 | best val 0.7073 (epoch 117, test 0.6846609011494096)
epoch 125 | 111.4s | train loss 0.0922 AP 0.8813 | val loss 0.2488 AP 0.6961 | test loss 0.2658 AP 0.6862 | best val 0.7073 (epoch 117, test 0.6846609011494096)
epoch 126 | 110.0s | train loss 0.0908 AP 0.8848 | val loss 0.2457 AP 0.7034 | test loss 0.2727 AP 0.6857 | best val 0.7073 (epoch 117, test 0.6846609011494096)
epoch 127 | 109.2s | train loss 0.0907 AP 0.8862 | val loss 0.2375 AP 0.6990 | test loss 0.2618 AP 0.6850 | best val 0.7073 (epoch 117, test 0.6846609011494096)
epoch 128 | 110.0s | train loss 0.0897 AP 0.8870 | val loss 0.2432 AP 0.7018 | test loss 0.2701 AP 0.6860 | best val 0.7073 (epoch 117, test 0.6846609011494096)
epoch 129 | 109.2s | train loss 0.0893 AP 0.8897 | val loss 0.2326 AP 0.7033 | test loss 0.2584 AP 0.6916 | best val 0.7073 (epoch 117, test 0.6846609011494096)
epoch 130 | 109.4s | train loss 0.0875 AP 0.8906 | val loss 0.2492 AP 0.7043 | test loss 0.2804 AP 0.6871 | best val 0.7073 (epoch 117, test 0.6846609011494096)
epoch 131 | 109.6s | train loss 0.0882 AP 0.8898 | val loss 0.2452 AP 0.7021 | test loss 0.2753 AP 0.6869 | best val 0.7073 (epoch 117, test 0.6846609011494096)
epoch 132 | 107.3s | train loss 0.0869 AP 0.8902 | val loss 0.2517 AP 0.6975 | test loss 0.2773 AP 0.6920 | best val 0.7073 (epoch 117, test 0.6846609011494096)
epoch 133 | 108.5s | train loss 0.0885 AP 0.8861 | val loss 0.2454 AP 0.6969 | test loss 0.2699 AP 0.6834 | best val 0.7073 (epoch 117, test 0.6846609011494096)
epoch 134 | 108.8s | train loss 0.0875 AP 0.8922 | val loss 0.2343 AP 0.7021 | test loss 0.2627 AP 0.6854 | best val 0.7073 (epoch 117, test 0.6846609011494096)
epoch 135 | 109.1s | train loss 0.0866 AP 0.8955 | val loss 0.2389 AP 0.7037 | test loss 0.2624 AP 0.6904 | best val 0.7073 (epoch 117, test 0.6846609011494096)
epoch 136 | 107.9s | train loss 0.0867 AP 0.8933 | val loss 0.2472 AP 0.7048 | test loss 0.2736 AP 0.6905 | best val 0.7073 (epoch 117, test 0.6846609011494096)
epoch 137 | 108.1s | train loss 0.0867 AP 0.8924 | val loss 0.2479 AP 0.7037 | test loss 0.2767 AP 0.6853 | best val 0.7073 (epoch 117, test 0.6846609011494096)
epoch 138 | 109.0s | train loss 0.0846 AP 0.9001 | val loss 0.2514 AP 0.7058 | test loss 0.2801 AP 0.6854 | best val 0.7073 (epoch 117, test 0.6846609011494096)
epoch 139 | 110.1s | train loss 0.0843 AP 0.8965 | val loss 0.2442 AP 0.7051 | test loss 0.2752 AP 0.6864 | best val 0.7073 (epoch 117, test 0.6846609011494096)
epoch 140 | 109.6s | train loss 0.0841 AP 0.8986 | val loss 0.2499 AP 0.7083 | test loss 0.2792 AP 0.6860 | best val 0.7083 (epoch 140, test 0.6859808067418254)
epoch 141 | 108.3s | train loss 0.0851 AP 0.8961 | val loss 0.2466 AP 0.7054 | test loss 0.2745 AP 0.6878 | best val 0.7083 (epoch 140, test 0.6859808067418254)
epoch 142 | 108.7s | train loss 0.0830 AP 0.9021 | val loss 0.2498 AP 0.7029 | test loss 0.2787 AP 0.6828 | best val 0.7083 (epoch 140, test 0.6859808067418254)
epoch 143 | 109.8s | train loss 0.0839 AP 0.8979 | val loss 0.2463 AP 0.7050 | test loss 0.2717 AP 0.6911 | best val 0.7083 (epoch 140, test 0.6859808067418254)
epoch 144 | 110.5s | train loss 0.0828 AP 0.8961 | val loss 0.2484 AP 0.7025 | test loss 0.2738 AP 0.6891 | best val 0.7083 (epoch 140, test 0.6859808067418254)
epoch 145 | 111.0s | train loss 0.0818 AP 0.9023 | val loss 0.2535 AP 0.7028 | test loss 0.2787 AP 0.6852 | best val 0.7083 (epoch 140, test 0.6859808067418254)
epoch 146 | 109.0s | train loss 0.0822 AP 0.9006 | val loss 0.2599 AP 0.7008 | test loss 0.2841 AP 0.6852 | best val 0.7083 (epoch 140, test 0.6859808067418254)
epoch 147 | 108.8s | train loss 0.0816 AP 0.9049 | val loss 0.2528 AP 0.7065 | test loss 0.2829 AP 0.6901 | best val 0.7083 (epoch 140, test 0.6859808067418254)
epoch 148 | 109.8s | train loss 0.0823 AP 0.8980 | val loss 0.2511 AP 0.7035 | test loss 0.2788 AP 0.6880 | best val 0.7083 (epoch 140, test 0.6859808067418254)
epoch 149 | 109.1s | train loss 0.0786 AP 0.9105 | val loss 0.2570 AP 0.7070 | test loss 0.2896 AP 0.6855 | best val 0.7083 (epoch 140, test 0.6859808067418254)
epoch 150 | 109.8s | train loss 0.0806 AP 0.9038 | val loss 0.2605 AP 0.7046 | test loss 0.2942 AP 0.6873 | best val 0.7083 (epoch 140, test 0.6859808067418254)
epoch 151 | 110.1s | train loss 0.0801 AP 0.9062 | val loss 0.2618 AP 0.7042 | test loss 0.2901 AP 0.6892 | best val 0.7083 (epoch 140, test 0.6859808067418254)
epoch 152 | 110.2s | train loss 0.0793 AP 0.9047 | val loss 0.2491 AP 0.7075 | test loss 0.2804 AP 0.6907 | best val 0.7083 (epoch 140, test 0.6859808067418254)
epoch 153 | 110.0s | train loss 0.0799 AP 0.9046 | val loss 0.2521 AP 0.7069 | test loss 0.2790 AP 0.6942 | best val 0.7083 (epoch 140, test 0.6859808067418254)
epoch 154 | 108.6s | train loss 0.0771 AP 0.9126 | val loss 0.2558 AP 0.7083 | test loss 0.2862 AP 0.6906 | best val 0.7083 (epoch 140, test 0.6859808067418254)
epoch 155 | 108.7s | train loss 0.0792 AP 0.9075 | val loss 0.2587 AP 0.7032 | test loss 0.2856 AP 0.6902 | best val 0.7083 (epoch 140, test 0.6859808067418254)
epoch 156 | 109.8s | train loss 0.0786 AP 0.9121 | val loss 0.2547 AP 0.7065 | test loss 0.2899 AP 0.6834 | best val 0.7083 (epoch 140, test 0.6859808067418254)
epoch 157 | 108.9s | train loss 0.0779 AP 0.9120 | val loss 0.2532 AP 0.7096 | test loss 0.2880 AP 0.6895 | best val 0.7096 (epoch 157, test 0.6895225699339458)
epoch 158 | 108.9s | train loss 0.0759 AP 0.9105 | val loss 0.2594 AP 0.7081 | test loss 0.2946 AP 0.6894 | best val 0.7096 (epoch 157, test 0.6895225699339458)
epoch 159 | 109.1s | train loss 0.0789 AP 0.9091 | val loss 0.2526 AP 0.7086 | test loss 0.2832 AP 0.6910 | best val 0.7096 (epoch 157, test 0.6895225699339458)
epoch 160 | 108.4s | train loss 0.0750 AP 0.9152 | val loss 0.2611 AP 0.7054 | test loss 0.2927 AP 0.6898 | best val 0.7096 (epoch 157, test 0.6895225699339458)
epoch 161 | 110.2s | train loss 0.0767 AP 0.9127 | val loss 0.2580 AP 0.7084 | test loss 0.2899 AP 0.6885 | best val 0.7096 (epoch 157, test 0.6895225699339458)
epoch 162 | 110.5s | train loss 0.0758 AP 0.9134 | val loss 0.2624 AP 0.7076 | test loss 0.2952 AP 0.6880 | best val 0.7096 (epoch 157, test 0.6895225699339458)
epoch 163 | 109.6s | train loss 0.0760 AP 0.9103 | val loss 0.2549 AP 0.7070 | test loss 0.2843 AP 0.6881 | best val 0.7096 (epoch 157, test 0.6895225699339458)
epoch 164 | 110.1s | train loss 0.0761 AP 0.9165 | val loss 0.2604 AP 0.7077 | test loss 0.2885 AP 0.6918 | best val 0.7096 (epoch 157, test 0.6895225699339458)
epoch 165 | 109.5s | train loss 0.0757 AP 0.9134 | val loss 0.2655 AP 0.7063 | test loss 0.2946 AP 0.6900 | best val 0.7096 (epoch 157, test 0.6895225699339458)
epoch 166 | 110.4s | train loss 0.0752 AP 0.9117 | val loss 0.2587 AP 0.7050 | test loss 0.2916 AP 0.6887 | best val 0.7096 (epoch 157, test 0.6895225699339458)
epoch 167 | 111.3s | train loss 0.0752 AP 0.9147 | val loss 0.2567 AP 0.7068 | test loss 0.2874 AP 0.6874 | best val 0.7096 (epoch 157, test 0.6895225699339458)
epoch 168 | 110.0s | train loss 0.0747 AP 0.9163 | val loss 0.2607 AP 0.7078 | test loss 0.2915 AP 0.6886 | best val 0.7096 (epoch 157, test 0.6895225699339458)
epoch 169 | 110.8s | train loss 0.0750 AP 0.9149 | val loss 0.2623 AP 0.7064 | test loss 0.2927 AP 0.6913 | best val 0.7096 (epoch 157, test 0.6895225699339458)
epoch 170 | 110.3s | train loss 0.0744 AP 0.9176 | val loss 0.2605 AP 0.7072 | test loss 0.2916 AP 0.6901 | best val 0.7096 (epoch 157, test 0.6895225699339458)
epoch 171 | 110.1s | train loss 0.0743 AP 0.9183 | val loss 0.2617 AP 0.7082 | test loss 0.2931 AP 0.6908 | best val 0.7096 (epoch 157, test 0.6895225699339458)
epoch 172 | 110.9s | train loss 0.0745 AP 0.9142 | val loss 0.2602 AP 0.7076 | test loss 0.2925 AP 0.6878 | best val 0.7096 (epoch 157, test 0.6895225699339458)
epoch 173 | 110.2s | train loss 0.0744 AP 0.9184 | val loss 0.2580 AP 0.7091 | test loss 0.2916 AP 0.6881 | best val 0.7096 (epoch 157, test 0.6895225699339458)
epoch 174 | 109.5s | train loss 0.0735 AP 0.9171 | val loss 0.2634 AP 0.7064 | test loss 0.2969 AP 0.6872 | best val 0.7096 (epoch 157, test 0.6895225699339458)
epoch 175 | 110.3s | train loss 0.0737 AP 0.9202 | val loss 0.2616 AP 0.7076 | test loss 0.2955 AP 0.6878 | best val 0.7096 (epoch 157, test 0.6895225699339458)
epoch 176 | 108.9s | train loss 0.0735 AP 0.9128 | val loss 0.2601 AP 0.7084 | test loss 0.2929 AP 0.6886 | best val 0.7096 (epoch 157, test 0.6895225699339458)
epoch 177 | 108.3s | train loss 0.0735 AP 0.9190 | val loss 0.2606 AP 0.7074 | test loss 0.2934 AP 0.6898 | best val 0.7096 (epoch 157, test 0.6895225699339458)
epoch 178 | 108.9s | train loss 0.0728 AP 0.9212 | val loss 0.2630 AP 0.7068 | test loss 0.2954 AP 0.6882 | best val 0.7096 (epoch 157, test 0.6895225699339458)
epoch 179 | 108.7s | train loss 0.0732 AP 0.9208 | val loss 0.2606 AP 0.7073 | test loss 0.2913 AP 0.6902 | best val 0.7096 (epoch 157, test 0.6895225699339458)
epoch 180 | 108.2s | train loss 0.0726 AP 0.9189 | val loss 0.2626 AP 0.7083 | test loss 0.2948 AP 0.6881 | best val 0.7096 (epoch 157, test 0.6895225699339458)
epoch 181 | 108.4s | train loss 0.0722 AP 0.9195 | val loss 0.2611 AP 0.7081 | test loss 0.2939 AP 0.6891 | best val 0.7096 (epoch 157, test 0.6895225699339458)
epoch 182 | 109.1s | train loss 0.0739 AP 0.9170 | val loss 0.2620 AP 0.7077 | test loss 0.2946 AP 0.6899 | best val 0.7096 (epoch 157, test 0.6895225699339458)
epoch 183 | 110.8s | train loss 0.0732 AP 0.9182 | val loss 0.2615 AP 0.7077 | test loss 0.2936 AP 0.6898 | best val 0.7096 (epoch 157, test 0.6895225699339458)
epoch 184 | 110.3s | train loss 0.0715 AP 0.9199 | val loss 0.2635 AP 0.7078 | test loss 0.2946 AP 0.6902 | best val 0.7096 (epoch 157, test 0.6895225699339458)
epoch 185 | 109.8s | train loss 0.0731 AP 0.9222 | val loss 0.2650 AP 0.7082 | test loss 0.2964 AP 0.6897 | best val 0.7096 (epoch 157, test 0.6895225699339458)
epoch 186 | 110.2s | train loss 0.0723 AP 0.9190 | val loss 0.2645 AP 0.7078 | test loss 0.2963 AP 0.6892 | best val 0.7096 (epoch 157, test 0.6895225699339458)
epoch 187 | 110.4s | train loss 0.0730 AP 0.9164 | val loss 0.2633 AP 0.7086 | test loss 0.2954 AP 0.6898 | best val 0.7096 (epoch 157, test 0.6895225699339458)
epoch 188 | 110.0s | train loss 0.0716 AP 0.9201 | val loss 0.2655 AP 0.7082 | test loss 0.2971 AP 0.6904 | best val 0.7096 (epoch 157, test 0.6895225699339458)
epoch 189 | 110.4s | train loss 0.0732 AP 0.9214 | val loss 0.2641 AP 0.7079 | test loss 0.2953 AP 0.6909 | best val 0.7096 (epoch 157, test 0.6895225699339458)
epoch 190 | 112.0s | train loss 0.0731 AP 0.9193 | val loss 0.2635 AP 0.7076 | test loss 0.2946 AP 0.6905 | best val 0.7096 (epoch 157, test 0.6895225699339458)
epoch 191 | 109.4s | train loss 0.0723 AP 0.9213 | val loss 0.2642 AP 0.7079 | test loss 0.2958 AP 0.6904 | best val 0.7096 (epoch 157, test 0.6895225699339458)
epoch 192 | 108.8s | train loss 0.0719 AP 0.9189 | val loss 0.2646 AP 0.7079 | test loss 0.2962 AP 0.6903 | best val 0.7096 (epoch 157, test 0.6895225699339458)
epoch 193 | 110.2s | train loss 0.0735 AP 0.9164 | val loss 0.2639 AP 0.7082 | test loss 0.2955 AP 0.6903 | best val 0.7096 (epoch 157, test 0.6895225699339458)
epoch 194 | 108.8s | train loss 0.0709 AP 0.9226 | val loss 0.2643 AP 0.7082 | test loss 0.2958 AP 0.6903 | best val 0.7096 (epoch 157, test 0.6895225699339458)
epoch 195 | 110.3s | train loss 0.0728 AP 0.9206 | val loss 0.2639 AP 0.7085 | test loss 0.2954 AP 0.6907 | best val 0.7096 (epoch 157, test 0.6895225699339458)
epoch 196 | 109.9s | train loss 0.0707 AP 0.9208 | val loss 0.2644 AP 0.7083 | test loss 0.2962 AP 0.6906 | best val 0.7096 (epoch 157, test 0.6895225699339458)
epoch 197 | 108.6s | train loss 0.0719 AP 0.9196 | val loss 0.2642 AP 0.7082 | test loss 0.2959 AP 0.6907 | best val 0.7096 (epoch 157, test 0.6895225699339458)
early stopping at epoch 197 (no val improvement in 40 epochs)
BEST: val AP 0.7096 | test AP 0.6895 (epoch 157)
