{'dataset': 'Peptides-func', 'max_hops': 40, 'use_lap_pe': False, 'lap_pe_dim': 8, 'hidden_dim': 320, 'num_heads': 20, 'ffn_ratio': 4, 'num_layers': 2, 'dropout': 0.2, 'graph_pool': 'sum', 'hop_mode': 'window', 'hop_window': 1, 'num_global_heads': 0, 'lr': 0.001, 'lr_min': 1e-06, 'weight_decay': 0.0003, 'batch_size': 64, 'max_epochs': 200, 'patience': 40, 'reduce_lr_patience': 20, 'warmup_ratio': 0.05, 'grad_clip': 1.0, 'num_workers': 4, 'dist_mask_workers': 8, 'device': None, 'save_dir': 'checkpoints_hop_masked_new_1', 'seed': 0, 'checkpoint': None}
Unknown args =  []
[Peptides-func] task=multi_label level=graph metric=macro_ap (higher_is_better=True)
  Loading cached distance masks from ./data/Peptides-func/dist_masks/train.pkl
  Loading cached distance masks from ./data/Peptides-func/dist_masks/val.pkl
  Loading cached distance masks from ./data/Peptides-func/dist_masks/test.pkl
Head -> hop set assignment:
  head 0: [0, 1, 2]
  head 1: [0, 2, 3, 4]
  head 2: [0, 4, 5, 6]
  head 3: [0, 6, 7, 8]
  head 4: [0, 8, 9, 10]
  head 5: [0, 10, 11, 12]
  head 6: [0, 12, 13, 14]
  head 7: [0, 14, 15, 16]
  head 8: [0, 16, 17, 18]
  head 9: [0, 18, 19, 20]
  head 10: [0, 20, 21, 22]
  head 11: [0, 22, 23, 24]
  head 12: [0, 24, 25, 26]
  head 13: [0, 26, 27, 28]
  head 14: [0, 28, 29, 30]
  head 15: [0, 30, 31, 32]
  head 16: [0, 32, 33, 34]
  head 17: [0, 34, 35, 36]
  head 18: [0, 36, 37, 38]
  head 19: [0, 38, 39]
trainable params: 2.731M
ReduceLROnPlateau: mode=max, patience=20, factor=0.5, min_lr=1e-06
epoch 000 |  95.5s | train loss 0.4121 AP 0.1787 | val loss 0.3285 AP 0.2904 | test loss 0.3290 AP 0.2828 | best val 0.2904 (epoch 0, test 0.28280895578122434)
epoch 001 |  94.8s | train loss 0.3157 AP 0.3057 | val loss 0.2917 AP 0.3850 | test loss 0.2939 AP 0.3763 | best val 0.3850 (epoch 1, test 0.37631951410063624)
epoch 002 |  97.4s | train loss 0.2910 AP 0.3697 | val loss 0.2744 AP 0.4209 | test loss 0.2750 AP 0.4139 | best val 0.4209 (epoch 2, test 0.4139206250991947)
epoch 003 |  97.4s | train loss 0.2762 AP 0.4048 | val loss 0.2650 AP 0.4457 | test loss 0.2667 AP 0.4422 | best val 0.4457 (epoch 3, test 0.4421800471076175)
epoch 004 |  96.8s | train loss 0.2698 AP 0.4237 | val loss 0.2585 AP 0.4703 | test loss 0.2597 AP 0.4665 | best val 0.4703 (epoch 4, test 0.46647697145922)
epoch 005 |  96.9s | train loss 0.2595 AP 0.4513 | val loss 0.2427 AP 0.5122 | test loss 0.2486 AP 0.4946 | best val 0.5122 (epoch 5, test 0.49463033348456814)
epoch 006 |  98.0s | train loss 0.2507 AP 0.4680 | val loss 0.2535 AP 0.5151 | test loss 0.2608 AP 0.4887 | best val 0.5151 (epoch 6, test 0.48865497381689343)
epoch 007 |  99.4s | train loss 0.2440 AP 0.4892 | val loss 0.2444 AP 0.5173 | test loss 0.2510 AP 0.4957 | best val 0.5173 (epoch 7, test 0.49570559350199017)
epoch 008 |  98.3s | train loss 0.2442 AP 0.4959 | val loss 0.2304 AP 0.5369 | test loss 0.2402 AP 0.5189 | best val 0.5369 (epoch 8, test 0.518900488000241)
epoch 009 | 100.2s | train loss 0.2353 AP 0.5142 | val loss 0.2451 AP 0.5194 | test loss 0.2495 AP 0.4967 | best val 0.5369 (epoch 8, test 0.518900488000241)
epoch 010 |  99.6s | train loss 0.2341 AP 0.5188 | val loss 0.2283 AP 0.5689 | test loss 0.2356 AP 0.5315 | best val 0.5689 (epoch 10, test 0.5314622950969259)
epoch 011 |  97.5s | train loss 0.2319 AP 0.5262 | val loss 0.2232 AP 0.5514 | test loss 0.2334 AP 0.5301 | best val 0.5689 (epoch 10, test 0.5314622950969259)
epoch 012 |  96.6s | train loss 0.2265 AP 0.5415 | val loss 0.2236 AP 0.5706 | test loss 0.2294 AP 0.5508 | best val 0.5706 (epoch 12, test 0.5507819212501588)
epoch 013 |  95.8s | train loss 0.2248 AP 0.5444 | val loss 0.2386 AP 0.5555 | test loss 0.2505 AP 0.5356 | best val 0.5706 (epoch 12, test 0.5507819212501588)
epoch 014 |  96.0s | train loss 0.2230 AP 0.5556 | val loss 0.2260 AP 0.5741 | test loss 0.2347 AP 0.5441 | best val 0.5741 (epoch 14, test 0.5441285866270642)
epoch 015 |  97.7s | train loss 0.2168 AP 0.5694 | val loss 0.2316 AP 0.5831 | test loss 0.2402 AP 0.5595 | best val 0.5831 (epoch 15, test 0.5595357796301199)
epoch 016 |  96.4s | train loss 0.2124 AP 0.5888 | val loss 0.2169 AP 0.6054 | test loss 0.2297 AP 0.5716 | best val 0.6054 (epoch 16, test 0.5715904977222112)
epoch 017 |  98.4s | train loss 0.2125 AP 0.5799 | val loss 0.2114 AP 0.6033 | test loss 0.2265 AP 0.5711 | best val 0.6054 (epoch 16, test 0.5715904977222112)
epoch 018 |  98.2s | train loss 0.2082 AP 0.5941 | val loss 0.2104 AP 0.6136 | test loss 0.2247 AP 0.5882 | best val 0.6136 (epoch 18, test 0.5881976327327995)
epoch 019 |  98.0s | train loss 0.2048 AP 0.6041 | val loss 0.2135 AP 0.6100 | test loss 0.2249 AP 0.5822 | best val 0.6136 (epoch 18, test 0.5881976327327995)
epoch 020 |  97.4s | train loss 0.2022 AP 0.6152 | val loss 0.2062 AP 0.6189 | test loss 0.2178 AP 0.5945 | best val 0.6189 (epoch 20, test 0.594480532184406)
epoch 021 |  98.6s | train loss 0.2010 AP 0.6177 | val loss 0.2126 AP 0.6121 | test loss 0.2258 AP 0.5874 | best val 0.6189 (epoch 20, test 0.594480532184406)
epoch 022 |  97.3s | train loss 0.1965 AP 0.6292 | val loss 0.2087 AP 0.6231 | test loss 0.2218 AP 0.6044 | best val 0.6231 (epoch 22, test 0.6044159238338576)
epoch 023 |  96.8s | train loss 0.1954 AP 0.6328 | val loss 0.2098 AP 0.6188 | test loss 0.2238 AP 0.5886 | best val 0.6231 (epoch 22, test 0.6044159238338576)
epoch 024 |  98.1s | train loss 0.1937 AP 0.6362 | val loss 0.2052 AP 0.6298 | test loss 0.2177 AP 0.5997 | best val 0.6298 (epoch 24, test 0.5996873917523124)
epoch 025 |  99.6s | train loss 0.1902 AP 0.6440 | val loss 0.2133 AP 0.6265 | test loss 0.2249 AP 0.5893 | best val 0.6298 (epoch 24, test 0.5996873917523124)
epoch 026 |  99.3s | train loss 0.1916 AP 0.6492 | val loss 0.2110 AP 0.6327 | test loss 0.2239 AP 0.5940 | best val 0.6327 (epoch 26, test 0.5939752605267843)
epoch 027 |  98.7s | train loss 0.1888 AP 0.6536 | val loss 0.2090 AP 0.6429 | test loss 0.2224 AP 0.6094 | best val 0.6429 (epoch 27, test 0.6094469550984326)
epoch 028 |  98.6s | train loss 0.1828 AP 0.6730 | val loss 0.2040 AP 0.6522 | test loss 0.2136 AP 0.6195 | best val 0.6522 (epoch 28, test 0.6195019657512777)
epoch 029 |  98.5s | train loss 0.1815 AP 0.6721 | val loss 0.2064 AP 0.6353 | test loss 0.2171 AP 0.6020 | best val 0.6522 (epoch 28, test 0.6195019657512777)
epoch 030 |  94.7s | train loss 0.1796 AP 0.6796 | val loss 0.2037 AP 0.6521 | test loss 0.2144 AP 0.6196 | best val 0.6522 (epoch 28, test 0.6195019657512777)
epoch 031 |  95.4s | train loss 0.1784 AP 0.6788 | val loss 0.2164 AP 0.6375 | test loss 0.2272 AP 0.6132 | best val 0.6522 (epoch 28, test 0.6195019657512777)
epoch 032 |  94.3s | train loss 0.1764 AP 0.6841 | val loss 0.2033 AP 0.6528 | test loss 0.2138 AP 0.6289 | best val 0.6528 (epoch 32, test 0.6289406012868507)
epoch 033 |  93.8s | train loss 0.1749 AP 0.6936 | val loss 0.2080 AP 0.6371 | test loss 0.2144 AP 0.6299 | best val 0.6528 (epoch 32, test 0.6289406012868507)
epoch 034 |  96.0s | train loss 0.1720 AP 0.7006 | val loss 0.2118 AP 0.6487 | test loss 0.2253 AP 0.6156 | best val 0.6528 (epoch 32, test 0.6289406012868507)
epoch 035 |  94.2s | train loss 0.1706 AP 0.7096 | val loss 0.2022 AP 0.6432 | test loss 0.2160 AP 0.6225 | best val 0.6528 (epoch 32, test 0.6289406012868507)
epoch 036 |  96.5s | train loss 0.1670 AP 0.7112 | val loss 0.2032 AP 0.6581 | test loss 0.2214 AP 0.6413 | best val 0.6581 (epoch 36, test 0.6413133565037628)
epoch 037 |  97.9s | train loss 0.1632 AP 0.7185 | val loss 0.1984 AP 0.6605 | test loss 0.2132 AP 0.6409 | best val 0.6605 (epoch 37, test 0.6409379958145721)
epoch 038 |  97.7s | train loss 0.1638 AP 0.7200 | val loss 0.2065 AP 0.6668 | test loss 0.2200 AP 0.6455 | best val 0.6668 (epoch 38, test 0.6454696548281474)
epoch 039 |  96.6s | train loss 0.1620 AP 0.7288 | val loss 0.2012 AP 0.6657 | test loss 0.2149 AP 0.6482 | best val 0.6668 (epoch 38, test 0.6454696548281474)
epoch 040 |  97.6s | train loss 0.1607 AP 0.7298 | val loss 0.2030 AP 0.6715 | test loss 0.2175 AP 0.6411 | best val 0.6715 (epoch 40, test 0.641081465289062)
epoch 041 |  96.6s | train loss 0.1590 AP 0.7362 | val loss 0.1962 AP 0.6634 | test loss 0.2080 AP 0.6524 | best val 0.6715 (epoch 40, test 0.641081465289062)
epoch 042 |  97.9s | train loss 0.1572 AP 0.7374 | val loss 0.2039 AP 0.6649 | test loss 0.2199 AP 0.6475 | best val 0.6715 (epoch 40, test 0.641081465289062)
epoch 043 |  97.6s | train loss 0.1522 AP 0.7479 | val loss 0.1977 AP 0.6692 | test loss 0.2155 AP 0.6495 | best val 0.6715 (epoch 40, test 0.641081465289062)
epoch 044 |  95.6s | train loss 0.1508 AP 0.7484 | val loss 0.1967 AP 0.6793 | test loss 0.2076 AP 0.6585 | best val 0.6793 (epoch 44, test 0.6585391630891084)
epoch 045 |  96.8s | train loss 0.1487 AP 0.7567 | val loss 0.2104 AP 0.6705 | test loss 0.2266 AP 0.6532 | best val 0.6793 (epoch 44, test 0.6585391630891084)
epoch 046 |  97.9s | train loss 0.1500 AP 0.7550 | val loss 0.1967 AP 0.6785 | test loss 0.2148 AP 0.6576 | best val 0.6793 (epoch 44, test 0.6585391630891084)
epoch 047 |  98.7s | train loss 0.1408 AP 0.7731 | val loss 0.2087 AP 0.6800 | test loss 0.2251 AP 0.6620 | best val 0.6800 (epoch 47, test 0.6620226724852399)
epoch 048 |  98.8s | train loss 0.1402 AP 0.7747 | val loss 0.2058 AP 0.6795 | test loss 0.2190 AP 0.6691 | best val 0.6800 (epoch 47, test 0.6620226724852399)
epoch 049 |  98.1s | train loss 0.1461 AP 0.7601 | val loss 0.2011 AP 0.6780 | test loss 0.2191 AP 0.6675 | best val 0.6800 (epoch 47, test 0.6620226724852399)
epoch 050 |  97.9s | train loss 0.1404 AP 0.7779 | val loss 0.2053 AP 0.6800 | test loss 0.2194 AP 0.6611 | best val 0.6800 (epoch 47, test 0.6620226724852399)
epoch 051 |  93.8s | train loss 0.1359 AP 0.7906 | val loss 0.2087 AP 0.6695 | test loss 0.2242 AP 0.6620 | best val 0.6800 (epoch 47, test 0.6620226724852399)
epoch 052 |  94.6s | train loss 0.1339 AP 0.7932 | val loss 0.2027 AP 0.6920 | test loss 0.2199 AP 0.6764 | best val 0.6920 (epoch 52, test 0.6764407241475254)
epoch 053 |  94.8s | train loss 0.1349 AP 0.7916 | val loss 0.2017 AP 0.6920 | test loss 0.2218 AP 0.6707 | best val 0.6920 (epoch 52, test 0.6764407241475254)
epoch 054 |  94.7s | train loss 0.1327 AP 0.7921 | val loss 0.2008 AP 0.6814 | test loss 0.2192 AP 0.6672 | best val 0.6920 (epoch 52, test 0.6764407241475254)
epoch 055 |  92.7s | train loss 0.1278 AP 0.8024 | val loss 0.2124 AP 0.6772 | test loss 0.2284 AP 0.6677 | best val 0.6920 (epoch 52, test 0.6764407241475254)
epoch 056 |  94.5s | train loss 0.1280 AP 0.8044 | val loss 0.2127 AP 0.6831 | test loss 0.2316 AP 0.6666 | best val 0.6920 (epoch 52, test 0.6764407241475254)
epoch 057 |  94.1s | train loss 0.1251 AP 0.8115 | val loss 0.2006 AP 0.6957 | test loss 0.2198 AP 0.6767 | best val 0.6957 (epoch 57, test 0.6766849947812762)
epoch 058 |  97.2s | train loss 0.1253 AP 0.8114 | val loss 0.2032 AP 0.6890 | test loss 0.2208 AP 0.6824 | best val 0.6957 (epoch 57, test 0.6766849947812762)
epoch 059 |  95.8s | train loss 0.1227 AP 0.8183 | val loss 0.2095 AP 0.6832 | test loss 0.2259 AP 0.6800 | best val 0.6957 (epoch 57, test 0.6766849947812762)
epoch 060 |  97.8s | train loss 0.1215 AP 0.8162 | val loss 0.2060 AP 0.6929 | test loss 0.2293 AP 0.6793 | best val 0.6957 (epoch 57, test 0.6766849947812762)
epoch 061 |  96.7s | train loss 0.1169 AP 0.8299 | val loss 0.2228 AP 0.6858 | test loss 0.2447 AP 0.6737 | best val 0.6957 (epoch 57, test 0.6766849947812762)
epoch 062 |  96.9s | train loss 0.1144 AP 0.8372 | val loss 0.2112 AP 0.6855 | test loss 0.2304 AP 0.6761 | best val 0.6957 (epoch 57, test 0.6766849947812762)
epoch 063 |  96.1s | train loss 0.1143 AP 0.8341 | val loss 0.2055 AP 0.6998 | test loss 0.2335 AP 0.6858 | best val 0.6998 (epoch 63, test 0.6858159557240843)
epoch 064 |  97.0s | train loss 0.1112 AP 0.8395 | val loss 0.2100 AP 0.6919 | test loss 0.2319 AP 0.6892 | best val 0.6998 (epoch 63, test 0.6858159557240843)
epoch 065 |  97.9s | train loss 0.1106 AP 0.8373 | val loss 0.2205 AP 0.6878 | test loss 0.2358 AP 0.6849 | best val 0.6998 (epoch 63, test 0.6858159557240843)
epoch 066 |  96.3s | train loss 0.1102 AP 0.8451 | val loss 0.2178 AP 0.6889 | test loss 0.2369 AP 0.6840 | best val 0.6998 (epoch 63, test 0.6858159557240843)
epoch 067 |  99.9s | train loss 0.1069 AP 0.8474 | val loss 0.2344 AP 0.6904 | test loss 0.2580 AP 0.6824 | best val 0.6998 (epoch 63, test 0.6858159557240843)
epoch 068 |  97.1s | train loss 0.1044 AP 0.8531 | val loss 0.2057 AP 0.6949 | test loss 0.2295 AP 0.6867 | best val 0.6998 (epoch 63, test 0.6858159557240843)
epoch 069 |  96.4s | train loss 0.1026 AP 0.8560 | val loss 0.2251 AP 0.6889 | test loss 0.2466 AP 0.6846 | best val 0.6998 (epoch 63, test 0.6858159557240843)
epoch 070 |  95.5s | train loss 0.1023 AP 0.8571 | val loss 0.2130 AP 0.6947 | test loss 0.2354 AP 0.6890 | best val 0.6998 (epoch 63, test 0.6858159557240843)
epoch 071 |  95.0s | train loss 0.1010 AP 0.8626 | val loss 0.2227 AP 0.6985 | test loss 0.2516 AP 0.6833 | best val 0.6998 (epoch 63, test 0.6858159557240843)
epoch 072 |  95.7s | train loss 0.0989 AP 0.8637 | val loss 0.2190 AP 0.6979 | test loss 0.2459 AP 0.6887 | best val 0.6998 (epoch 63, test 0.6858159557240843)
epoch 073 |  94.1s | train loss 0.0974 AP 0.8698 | val loss 0.2197 AP 0.7044 | test loss 0.2436 AP 0.6905 | best val 0.7044 (epoch 73, test 0.6904897989735921)
epoch 074 |  93.6s | train loss 0.0975 AP 0.8686 | val loss 0.2167 AP 0.6957 | test loss 0.2339 AP 0.6930 | best val 0.7044 (epoch 73, test 0.6904897989735921)
epoch 075 |  95.0s | train loss 0.0961 AP 0.8738 | val loss 0.2195 AP 0.6887 | test loss 0.2365 AP 0.6932 | best val 0.7044 (epoch 73, test 0.6904897989735921)
epoch 076 |  95.2s | train loss 0.0950 AP 0.8724 | val loss 0.2358 AP 0.6957 | test loss 0.2555 AP 0.6854 | best val 0.7044 (epoch 73, test 0.6904897989735921)
epoch 077 |  96.6s | train loss 0.0935 AP 0.8765 | val loss 0.2234 AP 0.6949 | test loss 0.2449 AP 0.6871 | best val 0.7044 (epoch 73, test 0.6904897989735921)
epoch 078 |  97.3s | train loss 0.0924 AP 0.8768 | val loss 0.2314 AP 0.6936 | test loss 0.2481 AP 0.6904 | best val 0.7044 (epoch 73, test 0.6904897989735921)
epoch 079 |  97.3s | train loss 0.0895 AP 0.8840 | val loss 0.2451 AP 0.7019 | test loss 0.2671 AP 0.6873 | best val 0.7044 (epoch 73, test 0.6904897989735921)
epoch 080 |  98.3s | train loss 0.0883 AP 0.8850 | val loss 0.2324 AP 0.6907 | test loss 0.2508 AP 0.6814 | best val 0.7044 (epoch 73, test 0.6904897989735921)
epoch 081 |  96.1s | train loss 0.0897 AP 0.8830 | val loss 0.2265 AP 0.6983 | test loss 0.2488 AP 0.7011 | best val 0.7044 (epoch 73, test 0.6904897989735921)
epoch 082 |  96.9s | train loss 0.0837 AP 0.8964 | val loss 0.2271 AP 0.6919 | test loss 0.2440 AP 0.6901 | best val 0.7044 (epoch 73, test 0.6904897989735921)
epoch 083 |  97.3s | train loss 0.0854 AP 0.8909 | val loss 0.2281 AP 0.6964 | test loss 0.2447 AP 0.6968 | best val 0.7044 (epoch 73, test 0.6904897989735921)
epoch 084 |  96.9s | train loss 0.0805 AP 0.9016 | val loss 0.2428 AP 0.7003 | test loss 0.2704 AP 0.6956 | best val 0.7044 (epoch 73, test 0.6904897989735921)
epoch 085 |  97.2s | train loss 0.0809 AP 0.9009 | val loss 0.2487 AP 0.6988 | test loss 0.2707 AP 0.6933 | best val 0.7044 (epoch 73, test 0.6904897989735921)
epoch 086 |  96.2s | train loss 0.0807 AP 0.9024 | val loss 0.2461 AP 0.6978 | test loss 0.2742 AP 0.6893 | best val 0.7044 (epoch 73, test 0.6904897989735921)
epoch 087 |  97.7s | train loss 0.0772 AP 0.9068 | val loss 0.2455 AP 0.7048 | test loss 0.2709 AP 0.6955 | best val 0.7048 (epoch 87, test 0.6955386164535414)
epoch 088 |  98.3s | train loss 0.0777 AP 0.9057 | val loss 0.2431 AP 0.7054 | test loss 0.2684 AP 0.6925 | best val 0.7054 (epoch 88, test 0.6925488388293246)
epoch 089 |  97.1s | train loss 0.0779 AP 0.9081 | val loss 0.2501 AP 0.7003 | test loss 0.2771 AP 0.6937 | best val 0.7054 (epoch 88, test 0.6925488388293246)
epoch 090 |  97.8s | train loss 0.0752 AP 0.9100 | val loss 0.2582 AP 0.6944 | test loss 0.2820 AP 0.6912 | best val 0.7054 (epoch 88, test 0.6925488388293246)
epoch 091 |  97.1s | train loss 0.0767 AP 0.9091 | val loss 0.2478 AP 0.7050 | test loss 0.2773 AP 0.6977 | best val 0.7054 (epoch 88, test 0.6925488388293246)
epoch 092 |  99.0s | train loss 0.0747 AP 0.9104 | val loss 0.2605 AP 0.7032 | test loss 0.2841 AP 0.6974 | best val 0.7054 (epoch 88, test 0.6925488388293246)
epoch 093 |  97.1s | train loss 0.0734 AP 0.9142 | val loss 0.2508 AP 0.6927 | test loss 0.2794 AP 0.6846 | best val 0.7054 (epoch 88, test 0.6925488388293246)
epoch 094 |  97.9s | train loss 0.0728 AP 0.9147 | val loss 0.2541 AP 0.6991 | test loss 0.2802 AP 0.6959 | best val 0.7054 (epoch 88, test 0.6925488388293246)
epoch 095 |  97.1s | train loss 0.0708 AP 0.9186 | val loss 0.2596 AP 0.7014 | test loss 0.2834 AP 0.6967 | best val 0.7054 (epoch 88, test 0.6925488388293246)
epoch 096 |  96.5s | train loss 0.0699 AP 0.9216 | val loss 0.2736 AP 0.7047 | test loss 0.3005 AP 0.6958 | best val 0.7054 (epoch 88, test 0.6925488388293246)
epoch 097 |  97.4s | train loss 0.0692 AP 0.9235 | val loss 0.2411 AP 0.7001 | test loss 0.2694 AP 0.6910 | best val 0.7054 (epoch 88, test 0.6925488388293246)
epoch 098 |  96.5s | train loss 0.0685 AP 0.9231 | val loss 0.2526 AP 0.6982 | test loss 0.2798 AP 0.6913 | best val 0.7054 (epoch 88, test 0.6925488388293246)
epoch 099 |  96.7s | train loss 0.0664 AP 0.9256 | val loss 0.2550 AP 0.6991 | test loss 0.2830 AP 0.6920 | best val 0.7054 (epoch 88, test 0.6925488388293246)
epoch 100 |  96.1s | train loss 0.0665 AP 0.9274 | val loss 0.2660 AP 0.6948 | test loss 0.2821 AP 0.6939 | best val 0.7054 (epoch 88, test 0.6925488388293246)
epoch 101 |  95.5s | train loss 0.0676 AP 0.9230 | val loss 0.2603 AP 0.6983 | test loss 0.2886 AP 0.6880 | best val 0.7054 (epoch 88, test 0.6925488388293246)
epoch 102 |  93.7s | train loss 0.0644 AP 0.9293 | val loss 0.2644 AP 0.6975 | test loss 0.2909 AP 0.6956 | best val 0.7054 (epoch 88, test 0.6925488388293246)
epoch 103 |  95.1s | train loss 0.0616 AP 0.9332 | val loss 0.2579 AP 0.7056 | test loss 0.2893 AP 0.6917 | best val 0.7056 (epoch 103, test 0.6917171128197159)
epoch 104 |  96.0s | train loss 0.0626 AP 0.9349 | val loss 0.2728 AP 0.6906 | test loss 0.2982 AP 0.6926 | best val 0.7056 (epoch 103, test 0.6917171128197159)
epoch 105 |  96.3s | train loss 0.0623 AP 0.9335 | val loss 0.2541 AP 0.7086 | test loss 0.2951 AP 0.6925 | best val 0.7086 (epoch 105, test 0.6924574419984926)
epoch 106 |  96.6s | train loss 0.0603 AP 0.9355 | val loss 0.2696 AP 0.7080 | test loss 0.3069 AP 0.7008 | best val 0.7086 (epoch 105, test 0.6924574419984926)
epoch 107 |  95.8s | train loss 0.0600 AP 0.9357 | val loss 0.2615 AP 0.6996 | test loss 0.2969 AP 0.6878 | best val 0.7086 (epoch 105, test 0.6924574419984926)
epoch 108 |  95.5s | train loss 0.0608 AP 0.9388 | val loss 0.2584 AP 0.7046 | test loss 0.2981 AP 0.6922 | best val 0.7086 (epoch 105, test 0.6924574419984926)
epoch 109 |  94.5s | train loss 0.0597 AP 0.9436 | val loss 0.2687 AP 0.7056 | test loss 0.3141 AP 0.6884 | best val 0.7086 (epoch 105, test 0.6924574419984926)
epoch 110 |  95.4s | train loss 0.0580 AP 0.9409 | val loss 0.2872 AP 0.7112 | test loss 0.3292 AP 0.6999 | best val 0.7112 (epoch 110, test 0.6999489784242379)
epoch 111 |  94.4s | train loss 0.0566 AP 0.9440 | val loss 0.2836 AP 0.7111 | test loss 0.3146 AP 0.6952 | best val 0.7112 (epoch 110, test 0.6999489784242379)
epoch 112 |  94.3s | train loss 0.0555 AP 0.9438 | val loss 0.2725 AP 0.7076 | test loss 0.3076 AP 0.6928 | best val 0.7112 (epoch 110, test 0.6999489784242379)
epoch 113 |  94.9s | train loss 0.0544 AP 0.9474 | val loss 0.2722 AP 0.7087 | test loss 0.3061 AP 0.6987 | best val 0.7112 (epoch 110, test 0.6999489784242379)
epoch 114 |  96.9s | train loss 0.0557 AP 0.9463 | val loss 0.2927 AP 0.7086 | test loss 0.3375 AP 0.6931 | best val 0.7112 (epoch 110, test 0.6999489784242379)
epoch 115 |  96.7s | train loss 0.0551 AP 0.9470 | val loss 0.2921 AP 0.7074 | test loss 0.3290 AP 0.7019 | best val 0.7112 (epoch 110, test 0.6999489784242379)
epoch 116 |  97.9s | train loss 0.0525 AP 0.9488 | val loss 0.2889 AP 0.7023 | test loss 0.3195 AP 0.7026 | best val 0.7112 (epoch 110, test 0.6999489784242379)
epoch 117 |  98.4s | train loss 0.0509 AP 0.9521 | val loss 0.2998 AP 0.7042 | test loss 0.3290 AP 0.7016 | best val 0.7112 (epoch 110, test 0.6999489784242379)
epoch 118 |  96.9s | train loss 0.0522 AP 0.9492 | val loss 0.2968 AP 0.7013 | test loss 0.3272 AP 0.6980 | best val 0.7112 (epoch 110, test 0.6999489784242379)
epoch 119 |  96.2s | train loss 0.0521 AP 0.9512 | val loss 0.2894 AP 0.7088 | test loss 0.3203 AP 0.6985 | best val 0.7112 (epoch 110, test 0.6999489784242379)
epoch 120 |  96.3s | train loss 0.0518 AP 0.9512 | val loss 0.3254 AP 0.7129 | test loss 0.3631 AP 0.6982 | best val 0.7129 (epoch 120, test 0.6981977774213164)
epoch 121 |  96.1s | train loss 0.0529 AP 0.9501 | val loss 0.3037 AP 0.7089 | test loss 0.3299 AP 0.7011 | best val 0.7129 (epoch 120, test 0.6981977774213164)
epoch 122 |  96.7s | train loss 0.0502 AP 0.9544 | val loss 0.3032 AP 0.7140 | test loss 0.3421 AP 0.7004 | best val 0.7140 (epoch 122, test 0.7004417592302759)
epoch 123 |  94.2s | train loss 0.0484 AP 0.9583 | val loss 0.3066 AP 0.7157 | test loss 0.3481 AP 0.7028 | best val 0.7157 (epoch 123, test 0.7028433655343979)
epoch 124 |  93.7s | train loss 0.0480 AP 0.9581 | val loss 0.2838 AP 0.7118 | test loss 0.3199 AP 0.7038 | best val 0.7157 (epoch 123, test 0.7028433655343979)
epoch 125 |  93.7s | train loss 0.0483 AP 0.9577 | val loss 0.3109 AP 0.7128 | test loss 0.3489 AP 0.7076 | best val 0.7157 (epoch 123, test 0.7028433655343979)
epoch 126 |  94.2s | train loss 0.0468 AP 0.9589 | val loss 0.3112 AP 0.7136 | test loss 0.3512 AP 0.7019 | best val 0.7157 (epoch 123, test 0.7028433655343979)
epoch 127 |  98.6s | train loss 0.0464 AP 0.9594 | val loss 0.2916 AP 0.7092 | test loss 0.3252 AP 0.7024 | best val 0.7157 (epoch 123, test 0.7028433655343979)
epoch 128 |  99.8s | train loss 0.0455 AP 0.9587 | val loss 0.3018 AP 0.7084 | test loss 0.3380 AP 0.7034 | best val 0.7157 (epoch 123, test 0.7028433655343979)
epoch 129 |  97.3s | train loss 0.0458 AP 0.9609 | val loss 0.3236 AP 0.7168 | test loss 0.3687 AP 0.7011 | best val 0.7168 (epoch 129, test 0.7011071519128412)
epoch 130 |  97.7s | train loss 0.0452 AP 0.9616 | val loss 0.3128 AP 0.7093 | test loss 0.3468 AP 0.7036 | best val 0.7168 (epoch 129, test 0.7011071519128412)
epoch 131 |  98.3s | train loss 0.0437 AP 0.9645 | val loss 0.3025 AP 0.7131 | test loss 0.3524 AP 0.7024 | best val 0.7168 (epoch 129, test 0.7011071519128412)
epoch 132 |  98.2s | train loss 0.0441 AP 0.9610 | val loss 0.3081 AP 0.7153 | test loss 0.3619 AP 0.6930 | best val 0.7168 (epoch 129, test 0.7011071519128412)
epoch 133 |  96.2s | train loss 0.0431 AP 0.9650 | val loss 0.3067 AP 0.7180 | test loss 0.3576 AP 0.7043 | best val 0.7180 (epoch 133, test 0.7043406750618152)
epoch 134 |  97.7s | train loss 0.0430 AP 0.9626 | val loss 0.3314 AP 0.7182 | test loss 0.3819 AP 0.7004 | best val 0.7182 (epoch 134, test 0.7004375676007706)
epoch 135 |  97.8s | train loss 0.0424 AP 0.9623 | val loss 0.3185 AP 0.7166 | test loss 0.3605 AP 0.7040 | best val 0.7182 (epoch 134, test 0.7004375676007706)
epoch 136 |  98.1s | train loss 0.0412 AP 0.9679 | val loss 0.3206 AP 0.7122 | test loss 0.3589 AP 0.6989 | best val 0.7182 (epoch 134, test 0.7004375676007706)
epoch 137 |  96.5s | train loss 0.0422 AP 0.9651 | val loss 0.3367 AP 0.7118 | test loss 0.3806 AP 0.7015 | best val 0.7182 (epoch 134, test 0.7004375676007706)
epoch 138 |  97.7s | train loss 0.0404 AP 0.9659 | val loss 0.3235 AP 0.7132 | test loss 0.3724 AP 0.7004 | best val 0.7182 (epoch 134, test 0.7004375676007706)
epoch 139 |  99.1s | train loss 0.0403 AP 0.9703 | val loss 0.3198 AP 0.7134 | test loss 0.3643 AP 0.7017 | best val 0.7182 (epoch 134, test 0.7004375676007706)
epoch 140 |  98.5s | train loss 0.0392 AP 0.9695 | val loss 0.3154 AP 0.7164 | test loss 0.3609 AP 0.6995 | best val 0.7182 (epoch 134, test 0.7004375676007706)
epoch 141 |  95.1s | train loss 0.0399 AP 0.9689 | val loss 0.3220 AP 0.7111 | test loss 0.3586 AP 0.7058 | best val 0.7182 (epoch 134, test 0.7004375676007706)
epoch 142 |  95.6s | train loss 0.0389 AP 0.9715 | val loss 0.3249 AP 0.7143 | test loss 0.3627 AP 0.7083 | best val 0.7182 (epoch 134, test 0.7004375676007706)
epoch 143 |  95.8s | train loss 0.0383 AP 0.9701 | val loss 0.3383 AP 0.7156 | test loss 0.3865 AP 0.7058 | best val 0.7182 (epoch 134, test 0.7004375676007706)
epoch 144 |  92.7s | train loss 0.0380 AP 0.9733 | val loss 0.3215 AP 0.7186 | test loss 0.3645 AP 0.7103 | best val 0.7186 (epoch 144, test 0.7102508866098481)
epoch 145 |  96.4s | train loss 0.0380 AP 0.9706 | val loss 0.3315 AP 0.7119 | test loss 0.3700 AP 0.7096 | best val 0.7186 (epoch 144, test 0.7102508866098481)
epoch 146 |  97.4s | train loss 0.0374 AP 0.9704 | val loss 0.3348 AP 0.7124 | test loss 0.3722 AP 0.7099 | best val 0.7186 (epoch 144, test 0.7102508866098481)
epoch 147 |  97.8s | train loss 0.0368 AP 0.9730 | val loss 0.3310 AP 0.7138 | test loss 0.3632 AP 0.7110 | best val 0.7186 (epoch 144, test 0.7102508866098481)
epoch 148 |  97.4s | train loss 0.0368 AP 0.9724 | val loss 0.3265 AP 0.7142 | test loss 0.3662 AP 0.7111 | best val 0.7186 (epoch 144, test 0.7102508866098481)
epoch 149 |  97.9s | train loss 0.0360 AP 0.9762 | val loss 0.3386 AP 0.7154 | test loss 0.3835 AP 0.7076 | best val 0.7186 (epoch 144, test 0.7102508866098481)
epoch 150 |  97.0s | train loss 0.0354 AP 0.9738 | val loss 0.3566 AP 0.7133 | test loss 0.3965 AP 0.7045 | best val 0.7186 (epoch 144, test 0.7102508866098481)
epoch 151 |  96.1s | train loss 0.0360 AP 0.9738 | val loss 0.3463 AP 0.7147 | test loss 0.3888 AP 0.7052 | best val 0.7186 (epoch 144, test 0.7102508866098481)
epoch 152 |  95.2s | train loss 0.0354 AP 0.9742 | val loss 0.3323 AP 0.7180 | test loss 0.3777 AP 0.7076 | best val 0.7186 (epoch 144, test 0.7102508866098481)
epoch 153 |  94.4s | train loss 0.0340 AP 0.9764 | val loss 0.3514 AP 0.7170 | test loss 0.3963 AP 0.7082 | best val 0.7186 (epoch 144, test 0.7102508866098481)
epoch 154 |  96.7s | train loss 0.0352 AP 0.9741 | val loss 0.3445 AP 0.7126 | test loss 0.3830 AP 0.7065 | best val 0.7186 (epoch 144, test 0.7102508866098481)
epoch 155 |  98.0s | train loss 0.0348 AP 0.9748 | val loss 0.3507 AP 0.7140 | test loss 0.3905 AP 0.7073 | best val 0.7186 (epoch 144, test 0.7102508866098481)
epoch 156 |  94.8s | train loss 0.0347 AP 0.9744 | val loss 0.3454 AP 0.7137 | test loss 0.3920 AP 0.7058 | best val 0.7186 (epoch 144, test 0.7102508866098481)
epoch 157 |  95.7s | train loss 0.0332 AP 0.9771 | val loss 0.3441 AP 0.7128 | test loss 0.3866 AP 0.7058 | best val 0.7186 (epoch 144, test 0.7102508866098481)
epoch 158 |  97.7s | train loss 0.0334 AP 0.9770 | val loss 0.3585 AP 0.7146 | test loss 0.3972 AP 0.7093 | best val 0.7186 (epoch 144, test 0.7102508866098481)
epoch 159 |  95.8s | train loss 0.0330 AP 0.9771 | val loss 0.3475 AP 0.7154 | test loss 0.3924 AP 0.7086 | best val 0.7186 (epoch 144, test 0.7102508866098481)
epoch 160 |  98.3s | train loss 0.0324 AP 0.9790 | val loss 0.3523 AP 0.7154 | test loss 0.3968 AP 0.7075 | best val 0.7186 (epoch 144, test 0.7102508866098481)
epoch 161 |  99.9s | train loss 0.0313 AP 0.9801 | val loss 0.3530 AP 0.7145 | test loss 0.4029 AP 0.7050 | best val 0.7186 (epoch 144, test 0.7102508866098481)
epoch 162 |  97.4s | train loss 0.0328 AP 0.9785 | val loss 0.3450 AP 0.7158 | test loss 0.3952 AP 0.7035 | best val 0.7186 (epoch 144, test 0.7102508866098481)
epoch 163 |  97.3s | train loss 0.0320 AP 0.9789 | val loss 0.3429 AP 0.7182 | test loss 0.3940 AP 0.7055 | best val 0.7186 (epoch 144, test 0.7102508866098481)
epoch 164 |  96.9s | train loss 0.0317 AP 0.9793 | val loss 0.3553 AP 0.7171 | test loss 0.4003 AP 0.7071 | best val 0.7186 (epoch 144, test 0.7102508866098481)
epoch 165 |  98.7s | train loss 0.0314 AP 0.9787 | val loss 0.3567 AP 0.7138 | test loss 0.3988 AP 0.7061 | best val 0.7186 (epoch 144, test 0.7102508866098481)
epoch 166 |  98.5s | train loss 0.0308 AP 0.9799 | val loss 0.3584 AP 0.7145 | test loss 0.4023 AP 0.7066 | best val 0.7186 (epoch 144, test 0.7102508866098481)
epoch 167 |  96.9s | train loss 0.0324 AP 0.9798 | val loss 0.3546 AP 0.7146 | test loss 0.3996 AP 0.7050 | best val 0.7186 (epoch 144, test 0.7102508866098481)
epoch 168 |  98.2s | train loss 0.0318 AP 0.9783 | val loss 0.3482 AP 0.7149 | test loss 0.3918 AP 0.7048 | best val 0.7186 (epoch 144, test 0.7102508866098481)
epoch 169 |  97.1s | train loss 0.0314 AP 0.9787 | val loss 0.3483 AP 0.7157 | test loss 0.3887 AP 0.7084 | best val 0.7186 (epoch 144, test 0.7102508866098481)
epoch 170 |  97.1s | train loss 0.0303 AP 0.9800 | val loss 0.3622 AP 0.7140 | test loss 0.4034 AP 0.7074 | best val 0.7186 (epoch 144, test 0.7102508866098481)
epoch 171 |  98.9s | train loss 0.0308 AP 0.9809 | val loss 0.3645 AP 0.7126 | test loss 0.4033 AP 0.7072 | best val 0.7186 (epoch 144, test 0.7102508866098481)
epoch 172 |  98.7s | train loss 0.0301 AP 0.9796 | val loss 0.3596 AP 0.7140 | test loss 0.4017 AP 0.7084 | best val 0.7186 (epoch 144, test 0.7102508866098481)
epoch 173 |  97.5s | train loss 0.0306 AP 0.9808 | val loss 0.3597 AP 0.7145 | test loss 0.4031 AP 0.7086 | best val 0.7186 (epoch 144, test 0.7102508866098481)
epoch 174 |  99.1s | train loss 0.0303 AP 0.9805 | val loss 0.3570 AP 0.7132 | test loss 0.4006 AP 0.7077 | best val 0.7186 (epoch 144, test 0.7102508866098481)
epoch 175 |  99.8s | train loss 0.0301 AP 0.9813 | val loss 0.3591 AP 0.7148 | test loss 0.4025 AP 0.7067 | best val 0.7186 (epoch 144, test 0.7102508866098481)
epoch 176 |  98.9s | train loss 0.0298 AP 0.9810 | val loss 0.3666 AP 0.7136 | test loss 0.4111 AP 0.7071 | best val 0.7186 (epoch 144, test 0.7102508866098481)
epoch 177 |  98.7s | train loss 0.0303 AP 0.9813 | val loss 0.3569 AP 0.7163 | test loss 0.4000 AP 0.7076 | best val 0.7186 (epoch 144, test 0.7102508866098481)
epoch 178 |  99.3s | train loss 0.0302 AP 0.9807 | val loss 0.3574 AP 0.7143 | test loss 0.3995 AP 0.7070 | best val 0.7186 (epoch 144, test 0.7102508866098481)
epoch 179 |  98.0s | train loss 0.0297 AP 0.9830 | val loss 0.3579 AP 0.7148 | test loss 0.4002 AP 0.7078 | best val 0.7186 (epoch 144, test 0.7102508866098481)
epoch 180 |  97.4s | train loss 0.0291 AP 0.9831 | val loss 0.3632 AP 0.7140 | test loss 0.4088 AP 0.7074 | best val 0.7186 (epoch 144, test 0.7102508866098481)
epoch 181 |  99.2s | train loss 0.0289 AP 0.9832 | val loss 0.3644 AP 0.7152 | test loss 0.4094 AP 0.7081 | best val 0.7186 (epoch 144, test 0.7102508866098481)
epoch 182 |  96.9s | train loss 0.0287 AP 0.9828 | val loss 0.3679 AP 0.7147 | test loss 0.4128 AP 0.7073 | best val 0.7186 (epoch 144, test 0.7102508866098481)
epoch 183 |  97.9s | train loss 0.0292 AP 0.9822 | val loss 0.3576 AP 0.7143 | test loss 0.4031 AP 0.7079 | best val 0.7186 (epoch 144, test 0.7102508866098481)
epoch 184 |  94.2s | train loss 0.0292 AP 0.9819 | val loss 0.3627 AP 0.7143 | test loss 0.4083 AP 0.7086 | best val 0.7186 (epoch 144, test 0.7102508866098481)
early stopping at epoch 184 (no val improvement in 40 epochs)
BEST: val AP 0.7186 | test AP 0.7103 (epoch 144)
