{'dataset': 'PascalVOC-SP', 'max_hops': 40, 'use_lap_pe': False, 'lap_pe_dim': 8, 'hidden_dim': 320, 'num_heads': 40, 'ffn_ratio': 4, 'num_layers': 1, 'dropout': 0.2, 'graph_pool': 'sum', 'hop_mode': 'single', 'hop_window': 0, 'num_global_heads': 1, 'lr': 0.001, 'lr_min': 1e-06, 'weight_decay': 0.0003, 'batch_size': 128, 'max_epochs': 200, 'patience': 40, 'reduce_lr_patience': 10, 'warmup_ratio': 0.05, 'grad_clip': 1.0, 'num_workers': 4, 'dist_mask_workers': 8, 'device': None, 'save_dir': 'checkpoints_hop_masked_pascal_func_best', 'seed': 0, 'checkpoint': None}
Unknown args =  []
[PascalVOC-SP] task=multiclass level=node metric=node_f1_macro (higher_is_better=True)
  Loading cached distance masks from ./data/PascalVOC-SP/dist_masks/train.pkl
  Loading cached distance masks from ./data/PascalVOC-SP/dist_masks/val.pkl
  Loading cached distance masks from ./data/PascalVOC-SP/dist_masks/test.pkl
Head -> hop set assignment:
  head 0: [0, 1]
  head 1: [0, 2]
  head 2: [0, 3]
  head 3: [0, 4]
  head 4: [0, 5]
  head 5: [0, 6]
  head 6: [0, 7]
  head 7: [0, 8]
  head 8: [0, 9]
  head 9: [0, 10]
  head 10: [0, 11]
  head 11: [0, 12]
  head 12: [0, 13]
  head 13: [0, 14]
  head 14: [0, 15]
  head 15: [0, 16]
  head 16: [0, 17]
  head 17: [0, 18]
  head 18: [0, 19]
  head 19: [0, 20]
  head 20: [0, 21]
  head 21: [0, 22]
  head 22: [0, 23]
  head 23: [0, 24]
  head 24: [0, 25]
  head 25: [0, 26]
  head 26: [0, 27]
  head 27: [0, 28]
  head 28: [0, 29]
  head 29: [0, 30]
  head 30: [0, 31]
  head 31: [0, 32]
  head 32: [0, 33]
  head 33: [0, 34]
  head 34: [0, 35]
  head 35: [0, 36]
  head 36: [0, 37]
  head 37: [0, 38]
  head 38: [0, 39]
  head 39: GLOBAL (no hop mask)
trainable params: 1.348M
ReduceLROnPlateau: mode=max, patience=10, factor=0.5, min_lr=1e-06
epoch 000 | 221.8s | train loss 2.3407 F1 0.0433 | val loss 1.4569 F1 0.0391 | test loss 1.4172 F1 0.0395 | best val 0.0391 (epoch 0, test 0.03945185041315041)
epoch 001 | 225.0s | train loss 1.4012 F1 0.0392 | val loss 1.3938 F1 0.0391 | test loss 1.3544 F1 0.0395 | best val 0.0391 (epoch 0, test 0.03945185041315041)
epoch 002 | 215.6s | train loss 1.3791 F1 0.0392 | val loss 1.3779 F1 0.0391 | test loss 1.3385 F1 0.0395 | best val 0.0391 (epoch 0, test 0.03945185041315041)
epoch 003 | 215.1s | train loss 1.3626 F1 0.0392 | val loss 1.3682 F1 0.0391 | test loss 1.3303 F1 0.0395 | best val 0.0391 (epoch 0, test 0.03945185041315041)
epoch 004 | 217.5s | train loss 1.3558 F1 0.0392 | val loss 1.3641 F1 0.0391 | test loss 1.3263 F1 0.0395 | best val 0.0391 (epoch 0, test 0.03945185041315041)
epoch 005 | 217.9s | train loss 1.3502 F1 0.0392 | val loss 1.3559 F1 0.0391 | test loss 1.3210 F1 0.0395 | best val 0.0391 (epoch 0, test 0.03945185041315041)
epoch 006 | 216.8s | train loss 1.3443 F1 0.0392 | val loss 1.3487 F1 0.0391 | test loss 1.3122 F1 0.0395 | best val 0.0391 (epoch 0, test 0.03945185041315041)
epoch 007 | 215.9s | train loss 1.3408 F1 0.0392 | val loss 1.3480 F1 0.0391 | test loss 1.3053 F1 0.0395 | best val 0.0391 (epoch 0, test 0.03945185041315041)
epoch 008 | 202.0s | train loss 1.3367 F1 0.0392 | val loss 1.3378 F1 0.0391 | test loss 1.3067 F1 0.0395 | best val 0.0391 (epoch 0, test 0.03945185041315041)
epoch 009 | 198.6s | train loss 1.3334 F1 0.0392 | val loss 1.3324 F1 0.0391 | test loss 1.2986 F1 0.0395 | best val 0.0391 (epoch 0, test 0.03945185041315041)
epoch 010 | 194.5s | train loss 1.3242 F1 0.0392 | val loss 1.3232 F1 0.0391 | test loss 1.2915 F1 0.0395 | best val 0.0391 (epoch 10, test 0.03949184345645697)
epoch 011 | 195.1s | train loss 1.3175 F1 0.0395 | val loss 1.3136 F1 0.0393 | test loss 1.2766 F1 0.0397 | best val 0.0393 (epoch 11, test 0.03970670760034456)
epoch 012 | 193.6s | train loss 1.3069 F1 0.0394 | val loss 1.3160 F1 0.0392 | test loss 1.2804 F1 0.0396 | best val 0.0393 (epoch 11, test 0.03970670760034456)
epoch 013 | 194.7s | train loss 1.3011 F1 0.0395 | val loss 1.3091 F1 0.0391 | test loss 1.2725 F1 0.0396 | best val 0.0393 (epoch 11, test 0.03970670760034456)
epoch 014 | 195.2s | train loss 1.2954 F1 0.0399 | val loss 1.2985 F1 0.0393 | test loss 1.2612 F1 0.0404 | best val 0.0393 (epoch 11, test 0.03970670760034456)
epoch 015 | 195.9s | train loss 1.2892 F1 0.0402 | val loss 1.2895 F1 0.0401 | test loss 1.2497 F1 0.0402 | best val 0.0401 (epoch 15, test 0.040168233029059766)
epoch 016 | 193.9s | train loss 1.2841 F1 0.0406 | val loss 1.2913 F1 0.0402 | test loss 1.2514 F1 0.0399 | best val 0.0402 (epoch 16, test 0.03994643474798233)
epoch 017 | 195.3s | train loss 1.2801 F1 0.0409 | val loss 1.2791 F1 0.0409 | test loss 1.2384 F1 0.0403 | best val 0.0409 (epoch 17, test 0.04029404600668676)
epoch 018 | 193.5s | train loss 1.2782 F1 0.0409 | val loss 1.2862 F1 0.0409 | test loss 1.2502 F1 0.0422 | best val 0.0409 (epoch 17, test 0.04029404600668676)
epoch 019 | 198.1s | train loss 1.2742 F1 0.0414 | val loss 1.2849 F1 0.0392 | test loss 1.2483 F1 0.0396 | best val 0.0409 (epoch 17, test 0.04029404600668676)
epoch 020 | 207.7s | train loss 1.2728 F1 0.0416 | val loss 1.2844 F1 0.0447 | test loss 1.2547 F1 0.0462 | best val 0.0447 (epoch 20, test 0.046187926249195335)
epoch 021 | 207.0s | train loss 1.2682 F1 0.0413 | val loss 1.2749 F1 0.0405 | test loss 1.2335 F1 0.0420 | best val 0.0447 (epoch 20, test 0.046187926249195335)
epoch 022 | 209.0s | train loss 1.2660 F1 0.0419 | val loss 1.2723 F1 0.0417 | test loss 1.2308 F1 0.0403 | best val 0.0447 (epoch 20, test 0.046187926249195335)
epoch 023 | 211.1s | train loss 1.2646 F1 0.0421 | val loss 1.2728 F1 0.0450 | test loss 1.2327 F1 0.0452 | best val 0.0450 (epoch 23, test 0.045151908040093044)
epoch 024 | 211.9s | train loss 1.2587 F1 0.0429 | val loss 1.2758 F1 0.0409 | test loss 1.2381 F1 0.0413 | best val 0.0450 (epoch 23, test 0.045151908040093044)
epoch 025 | 212.2s | train loss 1.2620 F1 0.0421 | val loss 1.2595 F1 0.0431 | test loss 1.2143 F1 0.0444 | best val 0.0450 (epoch 23, test 0.045151908040093044)
epoch 026 | 212.4s | train loss 1.2539 F1 0.0429 | val loss 1.2652 F1 0.0411 | test loss 1.2243 F1 0.0413 | best val 0.0450 (epoch 23, test 0.045151908040093044)
epoch 027 | 211.2s | train loss 1.2500 F1 0.0444 | val loss 1.2639 F1 0.0458 | test loss 1.2200 F1 0.0460 | best val 0.0458 (epoch 27, test 0.046022144659707734)
epoch 028 | 209.7s | train loss 1.2497 F1 0.0438 | val loss 1.2603 F1 0.0459 | test loss 1.2244 F1 0.0466 | best val 0.0459 (epoch 28, test 0.04660346708941698)
epoch 029 | 208.6s | train loss 1.2479 F1 0.0440 | val loss 1.2533 F1 0.0450 | test loss 1.2053 F1 0.0459 | best val 0.0459 (epoch 28, test 0.04660346708941698)
epoch 030 | 211.2s | train loss 1.2456 F1 0.0452 | val loss 1.2684 F1 0.0427 | test loss 1.2268 F1 0.0419 | best val 0.0459 (epoch 28, test 0.04660346708941698)
epoch 031 | 212.5s | train loss 1.2406 F1 0.0475 | val loss 1.2450 F1 0.0432 | test loss 1.2032 F1 0.0433 | best val 0.0459 (epoch 28, test 0.04660346708941698)
epoch 032 | 211.9s | train loss 1.2345 F1 0.0472 | val loss 1.2442 F1 0.0472 | test loss 1.1981 F1 0.0456 | best val 0.0472 (epoch 32, test 0.04564033394659299)
epoch 033 | 211.9s | train loss 1.2336 F1 0.0486 | val loss 1.2422 F1 0.0585 | test loss 1.1989 F1 0.0577 | best val 0.0585 (epoch 33, test 0.057741162617082446)
epoch 034 | 211.2s | train loss 1.2332 F1 0.0504 | val loss 1.2572 F1 0.0455 | test loss 1.2084 F1 0.0435 | best val 0.0585 (epoch 33, test 0.057741162617082446)
epoch 035 | 210.7s | train loss 1.2323 F1 0.0495 | val loss 1.2345 F1 0.0485 | test loss 1.1924 F1 0.0467 | best val 0.0585 (epoch 33, test 0.057741162617082446)
epoch 036 | 211.4s | train loss 1.2274 F1 0.0508 | val loss 1.2391 F1 0.0461 | test loss 1.1939 F1 0.0455 | best val 0.0585 (epoch 33, test 0.057741162617082446)
epoch 037 | 210.6s | train loss 1.2314 F1 0.0503 | val loss 1.2343 F1 0.0570 | test loss 1.1927 F1 0.0544 | best val 0.0585 (epoch 33, test 0.057741162617082446)
epoch 038 | 210.4s | train loss 1.2219 F1 0.0539 | val loss 1.2320 F1 0.0532 | test loss 1.1833 F1 0.0518 | best val 0.0585 (epoch 33, test 0.057741162617082446)
epoch 039 | 210.5s | train loss 1.2185 F1 0.0534 | val loss 1.2354 F1 0.0570 | test loss 1.1886 F1 0.0552 | best val 0.0585 (epoch 33, test 0.057741162617082446)
epoch 040 | 209.5s | train loss 1.2181 F1 0.0542 | val loss 1.2261 F1 0.0591 | test loss 1.1789 F1 0.0566 | best val 0.0591 (epoch 40, test 0.05659489420314877)
epoch 041 | 212.4s | train loss 1.2167 F1 0.0551 | val loss 1.2199 F1 0.0632 | test loss 1.1810 F1 0.0605 | best val 0.0632 (epoch 41, test 0.060498185785172534)
epoch 042 | 209.0s | train loss 1.2163 F1 0.0555 | val loss 1.2235 F1 0.0615 | test loss 1.1790 F1 0.0602 | best val 0.0632 (epoch 41, test 0.060498185785172534)
epoch 043 | 210.5s | train loss 1.2088 F1 0.0568 | val loss 1.2227 F1 0.0589 | test loss 1.1800 F1 0.0583 | best val 0.0632 (epoch 41, test 0.060498185785172534)
epoch 044 | 208.0s | train loss 1.2067 F1 0.0587 | val loss 1.2200 F1 0.0592 | test loss 1.1751 F1 0.0565 | best val 0.0632 (epoch 41, test 0.060498185785172534)
epoch 045 | 209.8s | train loss 1.2053 F1 0.0579 | val loss 1.2268 F1 0.0618 | test loss 1.1861 F1 0.0586 | best val 0.0632 (epoch 41, test 0.060498185785172534)
epoch 046 | 211.7s | train loss 1.2029 F1 0.0595 | val loss 1.2119 F1 0.0574 | test loss 1.1694 F1 0.0543 | best val 0.0632 (epoch 41, test 0.060498185785172534)
epoch 047 | 212.3s | train loss 1.2022 F1 0.0600 | val loss 1.2098 F1 0.0697 | test loss 1.1702 F1 0.0665 | best val 0.0697 (epoch 47, test 0.06652331223954894)
epoch 048 | 211.2s | train loss 1.1970 F1 0.0626 | val loss 1.2129 F1 0.0684 | test loss 1.1679 F1 0.0656 | best val 0.0697 (epoch 47, test 0.06652331223954894)
epoch 049 | 209.8s | train loss 1.1943 F1 0.0621 | val loss 1.2066 F1 0.0547 | test loss 1.1650 F1 0.0519 | best val 0.0697 (epoch 47, test 0.06652331223954894)
epoch 050 | 209.1s | train loss 1.1908 F1 0.0632 | val loss 1.2061 F1 0.0703 | test loss 1.1661 F1 0.0647 | best val 0.0703 (epoch 50, test 0.06466753656485866)
epoch 051 | 208.5s | train loss 1.1867 F1 0.0668 | val loss 1.2014 F1 0.0637 | test loss 1.1611 F1 0.0589 | best val 0.0703 (epoch 50, test 0.06466753656485866)
epoch 052 | 209.1s | train loss 1.1845 F1 0.0651 | val loss 1.2010 F1 0.0652 | test loss 1.1640 F1 0.0614 | best val 0.0703 (epoch 50, test 0.06466753656485866)
epoch 053 | 210.5s | train loss 1.1844 F1 0.0647 | val loss 1.2090 F1 0.0672 | test loss 1.1686 F1 0.0621 | best val 0.0703 (epoch 50, test 0.06466753656485866)
epoch 054 | 211.3s | train loss 1.1827 F1 0.0671 | val loss 1.2095 F1 0.0644 | test loss 1.1696 F1 0.0599 | best val 0.0703 (epoch 50, test 0.06466753656485866)
epoch 055 | 207.7s | train loss 1.1794 F1 0.0670 | val loss 1.2096 F1 0.0608 | test loss 1.1642 F1 0.0577 | best val 0.0703 (epoch 50, test 0.06466753656485866)
epoch 056 | 210.1s | train loss 1.1745 F1 0.0695 | val loss 1.1944 F1 0.0774 | test loss 1.1546 F1 0.0711 | best val 0.0774 (epoch 56, test 0.0710995728456908)
epoch 057 | 210.5s | train loss 1.1685 F1 0.0716 | val loss 1.1984 F1 0.0784 | test loss 1.1507 F1 0.0730 | best val 0.0784 (epoch 57, test 0.07304775065728164)
epoch 058 | 212.9s | train loss 1.1661 F1 0.0707 | val loss 1.1876 F1 0.0636 | test loss 1.1399 F1 0.0618 | best val 0.0784 (epoch 57, test 0.07304775065728164)
epoch 059 | 212.1s | train loss 1.1628 F1 0.0725 | val loss 1.1868 F1 0.0826 | test loss 1.1452 F1 0.0766 | best val 0.0826 (epoch 59, test 0.07661128271844916)
epoch 060 | 210.8s | train loss 1.1594 F1 0.0748 | val loss 1.1850 F1 0.0686 | test loss 1.1410 F1 0.0665 | best val 0.0826 (epoch 59, test 0.07661128271844916)
epoch 061 | 211.3s | train loss 1.1573 F1 0.0742 | val loss 1.1836 F1 0.0740 | test loss 1.1368 F1 0.0678 | best val 0.0826 (epoch 59, test 0.07661128271844916)
epoch 062 | 211.5s | train loss 1.1545 F1 0.0772 | val loss 1.1804 F1 0.0730 | test loss 1.1330 F1 0.0734 | best val 0.0826 (epoch 59, test 0.07661128271844916)
epoch 063 | 208.2s | train loss 1.1539 F1 0.0775 | val loss 1.1847 F1 0.0666 | test loss 1.1350 F1 0.0643 | best val 0.0826 (epoch 59, test 0.07661128271844916)
epoch 064 | 209.7s | train loss 1.1477 F1 0.0792 | val loss 1.1773 F1 0.0735 | test loss 1.1306 F1 0.0716 | best val 0.0826 (epoch 59, test 0.07661128271844916)
epoch 065 | 211.3s | train loss 1.1461 F1 0.0811 | val loss 1.1695 F1 0.0772 | test loss 1.1294 F1 0.0715 | best val 0.0826 (epoch 59, test 0.07661128271844916)
epoch 066 | 208.3s | train loss 1.1416 F1 0.0851 | val loss 1.1705 F1 0.0768 | test loss 1.1210 F1 0.0734 | best val 0.0826 (epoch 59, test 0.07661128271844916)
epoch 067 | 210.3s | train loss 1.1400 F1 0.0832 | val loss 1.1725 F1 0.0796 | test loss 1.1237 F1 0.0756 | best val 0.0826 (epoch 59, test 0.07661128271844916)
epoch 068 | 212.8s | train loss 1.1413 F1 0.0831 | val loss 1.1642 F1 0.0810 | test loss 1.1244 F1 0.0777 | best val 0.0826 (epoch 59, test 0.07661128271844916)
epoch 069 | 211.4s | train loss 1.1344 F1 0.0867 | val loss 1.1753 F1 0.0778 | test loss 1.1353 F1 0.0722 | best val 0.0826 (epoch 59, test 0.07661128271844916)
epoch 070 | 210.6s | train loss 1.1371 F1 0.0863 | val loss 1.1565 F1 0.0867 | test loss 1.1170 F1 0.0809 | best val 0.0867 (epoch 70, test 0.08092150578470869)
epoch 071 | 208.9s | train loss 1.1304 F1 0.0904 | val loss 1.1607 F1 0.0887 | test loss 1.1162 F1 0.0866 | best val 0.0887 (epoch 71, test 0.08663871328364518)
epoch 072 | 211.5s | train loss 1.1328 F1 0.0883 | val loss 1.1683 F1 0.0782 | test loss 1.1212 F1 0.0751 | best val 0.0887 (epoch 71, test 0.08663871328364518)
epoch 073 | 210.5s | train loss 1.1306 F1 0.0878 | val loss 1.1615 F1 0.0889 | test loss 1.1193 F1 0.0829 | best val 0.0889 (epoch 73, test 0.08294976269424004)
epoch 074 | 211.7s | train loss 1.1252 F1 0.0903 | val loss 1.1666 F1 0.0891 | test loss 1.1133 F1 0.0871 | best val 0.0891 (epoch 74, test 0.08706058226075447)
epoch 075 | 210.0s | train loss 1.1242 F1 0.0907 | val loss 1.1753 F1 0.0803 | test loss 1.1278 F1 0.0807 | best val 0.0891 (epoch 74, test 0.08706058226075447)
epoch 076 | 210.7s | train loss 1.1205 F1 0.0936 | val loss 1.1527 F1 0.0942 | test loss 1.1150 F1 0.0937 | best val 0.0942 (epoch 76, test 0.09371026579382108)
epoch 077 | 208.9s | train loss 1.1165 F1 0.0958 | val loss 1.1594 F1 0.0892 | test loss 1.1203 F1 0.0877 | best val 0.0942 (epoch 76, test 0.09371026579382108)
epoch 078 | 199.1s | train loss 1.1164 F1 0.0951 | val loss 1.1608 F1 0.0886 | test loss 1.1087 F1 0.0886 | best val 0.0942 (epoch 76, test 0.09371026579382108)
epoch 079 | 199.2s | train loss 1.1180 F1 0.0939 | val loss 1.1514 F1 0.0928 | test loss 1.1088 F1 0.0884 | best val 0.0942 (epoch 76, test 0.09371026579382108)
epoch 080 | 198.4s | train loss 1.1115 F1 0.0982 | val loss 1.1510 F1 0.1019 | test loss 1.1092 F1 0.0999 | best val 0.1019 (epoch 80, test 0.09986779027344861)
epoch 081 | 210.9s | train loss 1.1092 F1 0.0986 | val loss 1.1431 F1 0.0948 | test loss 1.1013 F1 0.0920 | best val 0.1019 (epoch 80, test 0.09986779027344861)
epoch 082 | 215.4s | train loss 1.1095 F1 0.1001 | val loss 1.1514 F1 0.0919 | test loss 1.1066 F1 0.0920 | best val 0.1019 (epoch 80, test 0.09986779027344861)
epoch 083 | 213.9s | train loss 1.1078 F1 0.0990 | val loss 1.1499 F1 0.0953 | test loss 1.1080 F1 0.0974 | best val 0.1019 (epoch 80, test 0.09986779027344861)
epoch 084 | 214.8s | train loss 1.1036 F1 0.1017 | val loss 1.1542 F1 0.0987 | test loss 1.1066 F1 0.0997 | best val 0.1019 (epoch 80, test 0.09986779027344861)
epoch 085 | 215.1s | train loss 1.1015 F1 0.1047 | val loss 1.1415 F1 0.1023 | test loss 1.0947 F1 0.1021 | best val 0.1023 (epoch 85, test 0.1020605048681474)
epoch 086 | 215.9s | train loss 1.1020 F1 0.1037 | val loss 1.1472 F1 0.0865 | test loss 1.1014 F1 0.0867 | best val 0.1023 (epoch 85, test 0.1020605048681474)
epoch 087 | 216.9s | train loss 1.1030 F1 0.1029 | val loss 1.1410 F1 0.0963 | test loss 1.0957 F1 0.0968 | best val 0.1023 (epoch 85, test 0.1020605048681474)
epoch 088 | 215.3s | train loss 1.0942 F1 0.1072 | val loss 1.1464 F1 0.1040 | test loss 1.0977 F1 0.1058 | best val 0.1040 (epoch 88, test 0.1058386938271496)
epoch 089 | 215.2s | train loss 1.0951 F1 0.1092 | val loss 1.1334 F1 0.1015 | test loss 1.0902 F1 0.1044 | best val 0.1040 (epoch 88, test 0.1058386938271496)
epoch 090 | 213.0s | train loss 1.0944 F1 0.1079 | val loss 1.1298 F1 0.0985 | test loss 1.0878 F1 0.1004 | best val 0.1040 (epoch 88, test 0.1058386938271496)
epoch 091 | 216.6s | train loss 1.0951 F1 0.1109 | val loss 1.1464 F1 0.1138 | test loss 1.1028 F1 0.1161 | best val 0.1138 (epoch 91, test 0.11606966385927836)
epoch 092 | 214.3s | train loss 1.0894 F1 0.1109 | val loss 1.1414 F1 0.1039 | test loss 1.0944 F1 0.1028 | best val 0.1138 (epoch 91, test 0.11606966385927836)
epoch 093 | 214.3s | train loss 1.0909 F1 0.1096 | val loss 1.1431 F1 0.1004 | test loss 1.0978 F1 0.1041 | best val 0.1138 (epoch 91, test 0.11606966385927836)
epoch 094 | 214.8s | train loss 1.0891 F1 0.1156 | val loss 1.1347 F1 0.1070 | test loss 1.0865 F1 0.1099 | best val 0.1138 (epoch 91, test 0.11606966385927836)
epoch 095 | 217.5s | train loss 1.0853 F1 0.1156 | val loss 1.1393 F1 0.1032 | test loss 1.0979 F1 0.1068 | best val 0.1138 (epoch 91, test 0.11606966385927836)
epoch 096 | 214.2s | train loss 1.0812 F1 0.1155 | val loss 1.1387 F1 0.1013 | test loss 1.0923 F1 0.1025 | best val 0.1138 (epoch 91, test 0.11606966385927836)
epoch 097 | 215.0s | train loss 1.0802 F1 0.1161 | val loss 1.1429 F1 0.0914 | test loss 1.0950 F1 0.0919 | best val 0.1138 (epoch 91, test 0.11606966385927836)
epoch 098 | 216.8s | train loss 1.0808 F1 0.1176 | val loss 1.1327 F1 0.1095 | test loss 1.0928 F1 0.1108 | best val 0.1138 (epoch 91, test 0.11606966385927836)
epoch 099 | 216.8s | train loss 1.0772 F1 0.1187 | val loss 1.1305 F1 0.1049 | test loss 1.0844 F1 0.1112 | best val 0.1138 (epoch 91, test 0.11606966385927836)
epoch 100 | 214.2s | train loss 1.0730 F1 0.1208 | val loss 1.1322 F1 0.1086 | test loss 1.0854 F1 0.1094 | best val 0.1138 (epoch 91, test 0.11606966385927836)
epoch 101 | 215.6s | train loss 1.0762 F1 0.1198 | val loss 1.1329 F1 0.1191 | test loss 1.0894 F1 0.1267 | best val 0.1191 (epoch 101, test 0.12668202372896176)
epoch 102 | 213.1s | train loss 1.0710 F1 0.1237 | val loss 1.1300 F1 0.1032 | test loss 1.0843 F1 0.1060 | best val 0.1191 (epoch 101, test 0.12668202372896176)
epoch 103 | 213.1s | train loss 1.0732 F1 0.1214 | val loss 1.1354 F1 0.1117 | test loss 1.0866 F1 0.1171 | best val 0.1191 (epoch 101, test 0.12668202372896176)
epoch 104 | 213.0s | train loss 1.0674 F1 0.1284 | val loss 1.1336 F1 0.1121 | test loss 1.0897 F1 0.1165 | best val 0.1191 (epoch 101, test 0.12668202372896176)
epoch 105 | 214.3s | train loss 1.0659 F1 0.1259 | val loss 1.1421 F1 0.1054 | test loss 1.0933 F1 0.1098 | best val 0.1191 (epoch 101, test 0.12668202372896176)
epoch 106 | 211.4s | train loss 1.0661 F1 0.1273 | val loss 1.1318 F1 0.1128 | test loss 1.0858 F1 0.1170 | best val 0.1191 (epoch 101, test 0.12668202372896176)
epoch 107 | 211.4s | train loss 1.0650 F1 0.1281 | val loss 1.1280 F1 0.1067 | test loss 1.0821 F1 0.1109 | best val 0.1191 (epoch 101, test 0.12668202372896176)
epoch 108 | 215.3s | train loss 1.0627 F1 0.1305 | val loss 1.1386 F1 0.1093 | test loss 1.0922 F1 0.1143 | best val 0.1191 (epoch 101, test 0.12668202372896176)
epoch 109 | 214.9s | train loss 1.0595 F1 0.1335 | val loss 1.1353 F1 0.1051 | test loss 1.0876 F1 0.1101 | best val 0.1191 (epoch 101, test 0.12668202372896176)
epoch 110 | 212.5s | train loss 1.0609 F1 0.1320 | val loss 1.1289 F1 0.1156 | test loss 1.0805 F1 0.1210 | best val 0.1191 (epoch 101, test 0.12668202372896176)
epoch 111 | 213.1s | train loss 1.0598 F1 0.1309 | val loss 1.1256 F1 0.1167 | test loss 1.0817 F1 0.1222 | best val 0.1191 (epoch 101, test 0.12668202372896176)
epoch 112 | 215.2s | train loss 1.0588 F1 0.1347 | val loss 1.1215 F1 0.1110 | test loss 1.0772 F1 0.1165 | best val 0.1191 (epoch 101, test 0.12668202372896176)
epoch 113 | 215.7s | train loss 1.0539 F1 0.1369 | val loss 1.1242 F1 0.1181 | test loss 1.0748 F1 0.1244 | best val 0.1191 (epoch 101, test 0.12668202372896176)
epoch 114 | 215.0s | train loss 1.0501 F1 0.1399 | val loss 1.1261 F1 0.1172 | test loss 1.0839 F1 0.1217 | best val 0.1191 (epoch 101, test 0.12668202372896176)
epoch 115 | 214.5s | train loss 1.0508 F1 0.1388 | val loss 1.1270 F1 0.1280 | test loss 1.0856 F1 0.1327 | best val 0.1280 (epoch 115, test 0.13272541955715025)
epoch 116 | 214.5s | train loss 1.0501 F1 0.1411 | val loss 1.1270 F1 0.1188 | test loss 1.0785 F1 0.1250 | best val 0.1280 (epoch 115, test 0.13272541955715025)
epoch 117 | 213.5s | train loss 1.0469 F1 0.1418 | val loss 1.1249 F1 0.1278 | test loss 1.0807 F1 0.1337 | best val 0.1280 (epoch 115, test 0.13272541955715025)
epoch 118 | 212.4s | train loss 1.0442 F1 0.1452 | val loss 1.1229 F1 0.1279 | test loss 1.0731 F1 0.1351 | best val 0.1280 (epoch 115, test 0.13272541955715025)
epoch 119 | 215.2s | train loss 1.0384 F1 0.1469 | val loss 1.1093 F1 0.1247 | test loss 1.0668 F1 0.1307 | best val 0.1280 (epoch 115, test 0.13272541955715025)
epoch 120 | 215.3s | train loss 1.0400 F1 0.1458 | val loss 1.1120 F1 0.1279 | test loss 1.0698 F1 0.1353 | best val 0.1280 (epoch 115, test 0.13272541955715025)
epoch 121 | 214.1s | train loss 1.0416 F1 0.1471 | val loss 1.1199 F1 0.1182 | test loss 1.0787 F1 0.1225 | best val 0.1280 (epoch 115, test 0.13272541955715025)
epoch 122 | 214.7s | train loss 1.0376 F1 0.1472 | val loss 1.1161 F1 0.1258 | test loss 1.0689 F1 0.1310 | best val 0.1280 (epoch 115, test 0.13272541955715025)
epoch 123 | 214.3s | train loss 1.0343 F1 0.1505 | val loss 1.1191 F1 0.1266 | test loss 1.0690 F1 0.1338 | best val 0.1280 (epoch 115, test 0.13272541955715025)
epoch 124 | 211.8s | train loss 1.0331 F1 0.1514 | val loss 1.1201 F1 0.1219 | test loss 1.0741 F1 0.1303 | best val 0.1280 (epoch 115, test 0.13272541955715025)
epoch 125 | 217.2s | train loss 1.0319 F1 0.1510 | val loss 1.1210 F1 0.1298 | test loss 1.0760 F1 0.1393 | best val 0.1298 (epoch 125, test 0.13926224061134893)
epoch 126 | 214.2s | train loss 1.0304 F1 0.1534 | val loss 1.1195 F1 0.1245 | test loss 1.0710 F1 0.1317 | best val 0.1298 (epoch 125, test 0.13926224061134893)
epoch 127 | 212.8s | train loss 1.0270 F1 0.1571 | val loss 1.1141 F1 0.1295 | test loss 1.0695 F1 0.1383 | best val 0.1298 (epoch 125, test 0.13926224061134893)
epoch 128 | 214.3s | train loss 1.0283 F1 0.1556 | val loss 1.1143 F1 0.1254 | test loss 1.0679 F1 0.1326 | best val 0.1298 (epoch 125, test 0.13926224061134893)
epoch 129 | 212.0s | train loss 1.0261 F1 0.1575 | val loss 1.1153 F1 0.1327 | test loss 1.0667 F1 0.1367 | best val 0.1327 (epoch 129, test 0.13667521150387815)
epoch 130 | 214.5s | train loss 1.0236 F1 0.1599 | val loss 1.1157 F1 0.1292 | test loss 1.0682 F1 0.1347 | best val 0.1327 (epoch 129, test 0.13667521150387815)
epoch 131 | 215.0s | train loss 1.0224 F1 0.1592 | val loss 1.1201 F1 0.1286 | test loss 1.0684 F1 0.1375 | best val 0.1327 (epoch 129, test 0.13667521150387815)
epoch 132 | 213.7s | train loss 1.0252 F1 0.1577 | val loss 1.1122 F1 0.1260 | test loss 1.0668 F1 0.1285 | best val 0.1327 (epoch 129, test 0.13667521150387815)
epoch 133 | 216.4s | train loss 1.0184 F1 0.1617 | val loss 1.1144 F1 0.1346 | test loss 1.0675 F1 0.1405 | best val 0.1346 (epoch 133, test 0.14046765999430524)
epoch 134 | 215.6s | train loss 1.0166 F1 0.1628 | val loss 1.1091 F1 0.1380 | test loss 1.0612 F1 0.1420 | best val 0.1380 (epoch 134, test 0.14201766718095063)
epoch 135 | 214.3s | train loss 1.0170 F1 0.1645 | val loss 1.1080 F1 0.1393 | test loss 1.0624 F1 0.1454 | best val 0.1393 (epoch 135, test 0.1454092231453638)
epoch 136 | 214.4s | train loss 1.0159 F1 0.1643 | val loss 1.1162 F1 0.1341 | test loss 1.0674 F1 0.1404 | best val 0.1393 (epoch 135, test 0.1454092231453638)
epoch 137 | 215.9s | train loss 1.0138 F1 0.1665 | val loss 1.1127 F1 0.1356 | test loss 1.0633 F1 0.1385 | best val 0.1393 (epoch 135, test 0.1454092231453638)
epoch 138 | 213.8s | train loss 1.0125 F1 0.1665 | val loss 1.1063 F1 0.1371 | test loss 1.0590 F1 0.1400 | best val 0.1393 (epoch 135, test 0.1454092231453638)
epoch 139 | 214.8s | train loss 1.0114 F1 0.1674 | val loss 1.1169 F1 0.1337 | test loss 1.0700 F1 0.1400 | best val 0.1393 (epoch 135, test 0.1454092231453638)
epoch 140 | 213.5s | train loss 1.0097 F1 0.1690 | val loss 1.1067 F1 0.1364 | test loss 1.0620 F1 0.1415 | best val 0.1393 (epoch 135, test 0.1454092231453638)
epoch 141 | 214.5s | train loss 1.0089 F1 0.1690 | val loss 1.1111 F1 0.1354 | test loss 1.0618 F1 0.1424 | best val 0.1393 (epoch 135, test 0.1454092231453638)
epoch 142 | 211.6s | train loss 1.0071 F1 0.1707 | val loss 1.1095 F1 0.1380 | test loss 1.0674 F1 0.1412 | best val 0.1393 (epoch 135, test 0.1454092231453638)
epoch 143 | 216.7s | train loss 1.0079 F1 0.1715 | val loss 1.1082 F1 0.1382 | test loss 1.0648 F1 0.1415 | best val 0.1393 (epoch 135, test 0.1454092231453638)
epoch 144 | 216.9s | train loss 1.0039 F1 0.1735 | val loss 1.1093 F1 0.1385 | test loss 1.0602 F1 0.1459 | best val 0.1393 (epoch 135, test 0.1454092231453638)
epoch 145 | 213.0s | train loss 1.0033 F1 0.1752 | val loss 1.1036 F1 0.1419 | test loss 1.0594 F1 0.1466 | best val 0.1419 (epoch 145, test 0.1466002853785969)
epoch 146 | 214.3s | train loss 1.0030 F1 0.1742 | val loss 1.1055 F1 0.1407 | test loss 1.0570 F1 0.1455 | best val 0.1419 (epoch 145, test 0.1466002853785969)
epoch 147 | 216.3s | train loss 1.0017 F1 0.1746 | val loss 1.1106 F1 0.1374 | test loss 1.0645 F1 0.1425 | best val 0.1419 (epoch 145, test 0.1466002853785969)
epoch 148 | 215.6s | train loss 1.0011 F1 0.1752 | val loss 1.1057 F1 0.1445 | test loss 1.0594 F1 0.1475 | best val 0.1445 (epoch 148, test 0.14749908603656245)
epoch 149 | 213.4s | train loss 0.9999 F1 0.1779 | val loss 1.1050 F1 0.1417 | test loss 1.0586 F1 0.1458 | best val 0.1445 (epoch 148, test 0.14749908603656245)
epoch 150 | 213.6s | train loss 0.9979 F1 0.1787 | val loss 1.1040 F1 0.1401 | test loss 1.0566 F1 0.1427 | best val 0.1445 (epoch 148, test 0.14749908603656245)
epoch 151 | 214.0s | train loss 0.9969 F1 0.1777 | val loss 1.1002 F1 0.1430 | test loss 1.0572 F1 0.1470 | best val 0.1445 (epoch 148, test 0.14749908603656245)
epoch 152 | 212.5s | train loss 0.9982 F1 0.1777 | val loss 1.1057 F1 0.1393 | test loss 1.0598 F1 0.1427 | best val 0.1445 (epoch 148, test 0.14749908603656245)
epoch 153 | 211.9s | train loss 0.9967 F1 0.1799 | val loss 1.1048 F1 0.1416 | test loss 1.0565 F1 0.1442 | best val 0.1445 (epoch 148, test 0.14749908603656245)
epoch 154 | 214.8s | train loss 0.9943 F1 0.1799 | val loss 1.1013 F1 0.1483 | test loss 1.0562 F1 0.1503 | best val 0.1483 (epoch 154, test 0.15033204412645887)
epoch 155 | 213.6s | train loss 0.9945 F1 0.1820 | val loss 1.1030 F1 0.1467 | test loss 1.0582 F1 0.1496 | best val 0.1483 (epoch 154, test 0.15033204412645887)
epoch 156 | 215.4s | train loss 0.9944 F1 0.1821 | val loss 1.1023 F1 0.1440 | test loss 1.0567 F1 0.1477 | best val 0.1483 (epoch 154, test 0.15033204412645887)
epoch 157 | 212.4s | train loss 0.9916 F1 0.1813 | val loss 1.0991 F1 0.1427 | test loss 1.0544 F1 0.1477 | best val 0.1483 (epoch 154, test 0.15033204412645887)
epoch 158 | 213.2s | train loss 0.9903 F1 0.1835 | val loss 1.1027 F1 0.1441 | test loss 1.0587 F1 0.1481 | best val 0.1483 (epoch 154, test 0.15033204412645887)
epoch 159 | 213.3s | train loss 0.9892 F1 0.1839 | val loss 1.1011 F1 0.1481 | test loss 1.0555 F1 0.1517 | best val 0.1483 (epoch 154, test 0.15033204412645887)
epoch 160 | 214.2s | train loss 0.9896 F1 0.1832 | val loss 1.1046 F1 0.1470 | test loss 1.0582 F1 0.1513 | best val 0.1483 (epoch 154, test 0.15033204412645887)
epoch 161 | 214.2s | train loss 0.9881 F1 0.1843 | val loss 1.1012 F1 0.1452 | test loss 1.0557 F1 0.1477 | best val 0.1483 (epoch 154, test 0.15033204412645887)
epoch 162 | 215.6s | train loss 0.9881 F1 0.1865 | val loss 1.1017 F1 0.1494 | test loss 1.0562 F1 0.1546 | best val 0.1494 (epoch 162, test 0.1546009600093589)
epoch 163 | 214.6s | train loss 0.9873 F1 0.1857 | val loss 1.1013 F1 0.1486 | test loss 1.0549 F1 0.1527 | best val 0.1494 (epoch 162, test 0.1546009600093589)
epoch 164 | 213.1s | train loss 0.9859 F1 0.1879 | val loss 1.1019 F1 0.1444 | test loss 1.0551 F1 0.1485 | best val 0.1494 (epoch 162, test 0.1546009600093589)
epoch 165 | 213.4s | train loss 0.9855 F1 0.1868 | val loss 1.1002 F1 0.1502 | test loss 1.0558 F1 0.1535 | best val 0.1502 (epoch 165, test 0.15354997608287327)
epoch 166 | 215.1s | train loss 0.9846 F1 0.1892 | val loss 1.0986 F1 0.1503 | test loss 1.0539 F1 0.1528 | best val 0.1503 (epoch 166, test 0.15278572066445734)
epoch 167 | 216.5s | train loss 0.9834 F1 0.1889 | val loss 1.0986 F1 0.1484 | test loss 1.0521 F1 0.1517 | best val 0.1503 (epoch 166, test 0.15278572066445734)
epoch 168 | 214.0s | train loss 0.9848 F1 0.1876 | val loss 1.1017 F1 0.1460 | test loss 1.0569 F1 0.1498 | best val 0.1503 (epoch 166, test 0.15278572066445734)
epoch 169 | 214.1s | train loss 0.9823 F1 0.1890 | val loss 1.1002 F1 0.1487 | test loss 1.0540 F1 0.1543 | best val 0.1503 (epoch 166, test 0.15278572066445734)
epoch 170 | 213.5s | train loss 0.9839 F1 0.1888 | val loss 1.0988 F1 0.1479 | test loss 1.0528 F1 0.1510 | best val 0.1503 (epoch 166, test 0.15278572066445734)
epoch 171 | 215.8s | train loss 0.9815 F1 0.1891 | val loss 1.1007 F1 0.1484 | test loss 1.0537 F1 0.1523 | best val 0.1503 (epoch 166, test 0.15278572066445734)
epoch 172 | 216.7s | train loss 0.9821 F1 0.1884 | val loss 1.0996 F1 0.1472 | test loss 1.0542 F1 0.1497 | best val 0.1503 (epoch 166, test 0.15278572066445734)
epoch 173 | 216.8s | train loss 0.9801 F1 0.1908 | val loss 1.0996 F1 0.1486 | test loss 1.0537 F1 0.1517 | best val 0.1503 (epoch 166, test 0.15278572066445734)
epoch 174 | 215.8s | train loss 0.9816 F1 0.1899 | val loss 1.1001 F1 0.1483 | test loss 1.0548 F1 0.1519 | best val 0.1503 (epoch 166, test 0.15278572066445734)
epoch 175 | 212.9s | train loss 0.9798 F1 0.1908 | val loss 1.1010 F1 0.1484 | test loss 1.0565 F1 0.1513 | best val 0.1503 (epoch 166, test 0.15278572066445734)
epoch 176 | 212.6s | train loss 0.9804 F1 0.1912 | val loss 1.0979 F1 0.1504 | test loss 1.0509 F1 0.1540 | best val 0.1504 (epoch 176, test 0.15395732834647596)
epoch 177 | 213.6s | train loss 0.9797 F1 0.1922 | val loss 1.0986 F1 0.1481 | test loss 1.0511 F1 0.1508 | best val 0.1504 (epoch 176, test 0.15395732834647596)
epoch 178 | 220.4s | train loss 0.9789 F1 0.1914 | val loss 1.0997 F1 0.1520 | test loss 1.0534 F1 0.1556 | best val 0.1520 (epoch 178, test 0.15560480239573882)
epoch 179 | 236.8s | train loss 0.9792 F1 0.1930 | val loss 1.1011 F1 0.1509 | test loss 1.0546 F1 0.1543 | best val 0.1520 (epoch 178, test 0.15560480239573882)
epoch 180 | 230.0s | train loss 0.9791 F1 0.1940 | val loss 1.0996 F1 0.1511 | test loss 1.0522 F1 0.1539 | best val 0.1520 (epoch 178, test 0.15560480239573882)
epoch 181 | 209.1s | train loss 0.9774 F1 0.1937 | val loss 1.0990 F1 0.1499 | test loss 1.0529 F1 0.1524 | best val 0.1520 (epoch 178, test 0.15560480239573882)
epoch 182 | 209.7s | train loss 0.9776 F1 0.1924 | val loss 1.0996 F1 0.1484 | test loss 1.0532 F1 0.1512 | best val 0.1520 (epoch 178, test 0.15560480239573882)
epoch 183 | 211.0s | train loss 0.9773 F1 0.1936 | val loss 1.0984 F1 0.1503 | test loss 1.0524 F1 0.1539 | best val 0.1520 (epoch 178, test 0.15560480239573882)
epoch 184 | 209.4s | train loss 0.9765 F1 0.1930 | val loss 1.0993 F1 0.1502 | test loss 1.0529 F1 0.1533 | best val 0.1520 (epoch 178, test 0.15560480239573882)
epoch 185 | 212.9s | train loss 0.9774 F1 0.1932 | val loss 1.0988 F1 0.1515 | test loss 1.0523 F1 0.1545 | best val 0.1520 (epoch 178, test 0.15560480239573882)
epoch 186 | 213.3s | train loss 0.9770 F1 0.1948 | val loss 1.0984 F1 0.1517 | test loss 1.0521 F1 0.1550 | best val 0.1520 (epoch 178, test 0.15560480239573882)
epoch 187 | 213.9s | train loss 0.9755 F1 0.1947 | val loss 1.0999 F1 0.1506 | test loss 1.0537 F1 0.1537 | best val 0.1520 (epoch 178, test 0.15560480239573882)
epoch 188 | 213.5s | train loss 0.9769 F1 0.1937 | val loss 1.0989 F1 0.1504 | test loss 1.0522 F1 0.1534 | best val 0.1520 (epoch 178, test 0.15560480239573882)
epoch 189 | 212.7s | train loss 0.9771 F1 0.1950 | val loss 1.0989 F1 0.1510 | test loss 1.0524 F1 0.1542 | best val 0.1520 (epoch 178, test 0.15560480239573882)
epoch 190 | 213.5s | train loss 0.9760 F1 0.1955 | val loss 1.0993 F1 0.1512 | test loss 1.0533 F1 0.1548 | best val 0.1520 (epoch 178, test 0.15560480239573882)
epoch 191 | 211.1s | train loss 0.9748 F1 0.1950 | val loss 1.0986 F1 0.1510 | test loss 1.0522 F1 0.1539 | best val 0.1520 (epoch 178, test 0.15560480239573882)
epoch 192 | 209.9s | train loss 0.9760 F1 0.1954 | val loss 1.0990 F1 0.1504 | test loss 1.0523 F1 0.1537 | best val 0.1520 (epoch 178, test 0.15560480239573882)
epoch 193 | 209.5s | train loss 0.9754 F1 0.1948 | val loss 1.0990 F1 0.1510 | test loss 1.0526 F1 0.1540 | best val 0.1520 (epoch 178, test 0.15560480239573882)
epoch 194 | 225.1s | train loss 0.9755 F1 0.1954 | val loss 1.0990 F1 0.1507 | test loss 1.0524 F1 0.1537 | best val 0.1520 (epoch 178, test 0.15560480239573882)
epoch 195 | 209.8s | train loss 0.9746 F1 0.1948 | val loss 1.0989 F1 0.1508 | test loss 1.0524 F1 0.1537 | best val 0.1520 (epoch 178, test 0.15560480239573882)
epoch 196 | 198.4s | train loss 0.9751 F1 0.1951 | val loss 1.0988 F1 0.1513 | test loss 1.0525 F1 0.1541 | best val 0.1520 (epoch 178, test 0.15560480239573882)
epoch 197 | 198.6s | train loss 0.9747 F1 0.1951 | val loss 1.0987 F1 0.1512 | test loss 1.0523 F1 0.1541 | best val 0.1520 (epoch 178, test 0.15560480239573882)
epoch 198 | 200.6s | train loss 0.9764 F1 0.1954 | val loss 1.0988 F1 0.1511 | test loss 1.0523 F1 0.1541 | best val 0.1520 (epoch 178, test 0.15560480239573882)
epoch 199 | 199.6s | train loss 0.9743 F1 0.1956 | val loss 1.0988 F1 0.1512 | test loss 1.0524 F1 0.1541 | best val 0.1520 (epoch 178, test 0.15560480239573882)
BEST: val F1 0.1520 | test F1 0.1556 (epoch 178)
