{'dataset': 'Peptides-struct', 'max_hops': 40, 'use_lap_pe': False, 'lap_pe_dim': 8, 'hidden_dim': 320, 'num_heads': 20, 'ffn_ratio': 4, 'num_layers': 2, 'dropout': 0.2, 'graph_pool': 'sum', 'hop_mode': 'window', 'hop_window': 1, 'num_global_heads': 1, 'lr': 0.001, 'lr_min': 1e-06, 'weight_decay': 0.0003, 'batch_size': 64, 'max_epochs': 200, 'patience': 40, 'warmup_ratio': 0.05, 'grad_clip': 1.0, 'num_workers': 4, 'dist_mask_workers': 8, 'device': None, 'save_dir': 'checkpoints_hop_masked_struct_2', 'seed': 0}
Unknown args =  []
[Peptides-struct] task=regression level=graph metric=mae (higher_is_better=False)
  Loading cached distance masks from ./data/Peptides-struct/dist_masks/train.pkl
  Loading cached distance masks from ./data/Peptides-struct/dist_masks/val.pkl
  Loading cached distance masks from ./data/Peptides-struct/dist_masks/test.pkl
Head -> hop set assignment:
  head 0: [0, 1, 2]
  head 1: [0, 2, 3, 4]
  head 2: [0, 4, 5, 6]
  head 3: [0, 6, 7, 8]
  head 4: [0, 8, 9, 10]
  head 5: [0, 11, 12, 13]
  head 6: [0, 13, 14, 15]
  head 7: [0, 15, 16, 17]
  head 8: [0, 17, 18, 19]
  head 9: [0, 19, 20, 21]
  head 10: [0, 21, 22, 23]
  head 11: [0, 23, 24, 25]
  head 12: [0, 25, 26, 27]
  head 13: [0, 27, 28, 29]
  head 14: [0, 30, 31, 32]
  head 15: [0, 32, 33, 34]
  head 16: [0, 34, 35, 36]
  head 17: [0, 36, 37, 38]
  head 18: [0, 38, 39]
  head 19: GLOBAL (no hop mask)
trainable params: 2.731M
epoch 000 | 100.8s | train loss 0.5231 MAE 0.5231 | val loss 0.5751 MAE 0.5734 | test loss 0.5787 MAE 0.5785 | best val 0.5734 (epoch 0, test 0.5785192615486919)
epoch 001 |  98.6s | train loss 0.3828 MAE 0.3829 | val loss 0.3515 MAE 0.3499 | test loss 0.3581 MAE 0.3577 | best val 0.3499 (epoch 1, test 0.3577464802344292)
epoch 002 |  96.3s | train loss 0.3455 MAE 0.3455 | val loss 0.3512 MAE 0.3489 | test loss 0.3515 MAE 0.3512 | best val 0.3489 (epoch 2, test 0.35117537629233453)
epoch 003 |  98.2s | train loss 0.3323 MAE 0.3323 | val loss 0.3309 MAE 0.3300 | test loss 0.3395 MAE 0.3385 | best val 0.3300 (epoch 3, test 0.3385110763628343)
epoch 004 |  97.1s | train loss 0.3259 MAE 0.3259 | val loss 0.3007 MAE 0.2990 | test loss 0.3101 MAE 0.3096 | best val 0.2990 (epoch 4, test 0.30956053883319895)
epoch 005 |  98.8s | train loss 0.3109 MAE 0.3109 | val loss 0.2981 MAE 0.2965 | test loss 0.3060 MAE 0.3055 | best val 0.2965 (epoch 5, test 0.3055404451739641)
epoch 006 |  96.3s | train loss 0.3103 MAE 0.3103 | val loss 0.2931 MAE 0.2915 | test loss 0.3017 MAE 0.3013 | best val 0.2915 (epoch 6, test 0.30128290477949243)
epoch 007 |  97.7s | train loss 0.3166 MAE 0.3166 | val loss 0.2974 MAE 0.2959 | test loss 0.3087 MAE 0.3080 | best val 0.2915 (epoch 6, test 0.30128290477949243)
epoch 008 |  98.1s | train loss 0.3143 MAE 0.3143 | val loss 0.3013 MAE 0.2997 | test loss 0.3080 MAE 0.3070 | best val 0.2915 (epoch 6, test 0.30128290477949243)
epoch 009 |  96.0s | train loss 0.3096 MAE 0.3096 | val loss 0.2998 MAE 0.2984 | test loss 0.3085 MAE 0.3076 | best val 0.2915 (epoch 6, test 0.30128290477949243)
epoch 010 |  98.4s | train loss 0.3125 MAE 0.3125 | val loss 0.2960 MAE 0.2941 | test loss 0.3033 MAE 0.3030 | best val 0.2915 (epoch 6, test 0.30128290477949243)
epoch 011 |  98.6s | train loss 0.3059 MAE 0.3059 | val loss 0.2928 MAE 0.2910 | test loss 0.3002 MAE 0.2997 | best val 0.2910 (epoch 11, test 0.2996709150411507)
epoch 012 |  98.0s | train loss 0.3039 MAE 0.3039 | val loss 0.3054 MAE 0.3037 | test loss 0.3105 MAE 0.3102 | best val 0.2910 (epoch 11, test 0.2996709150411507)
epoch 013 |  97.6s | train loss 0.3083 MAE 0.3083 | val loss 0.2965 MAE 0.2944 | test loss 0.3044 MAE 0.3038 | best val 0.2910 (epoch 11, test 0.2996709150411507)
epoch 014 |  97.9s | train loss 0.3057 MAE 0.3057 | val loss 0.3016 MAE 0.3001 | test loss 0.3121 MAE 0.3116 | best val 0.2910 (epoch 11, test 0.2996709150411507)
epoch 015 |  98.2s | train loss 0.3045 MAE 0.3046 | val loss 0.2900 MAE 0.2885 | test loss 0.2975 MAE 0.2971 | best val 0.2885 (epoch 15, test 0.29714895816702475)
epoch 016 |  97.8s | train loss 0.2982 MAE 0.2982 | val loss 0.2886 MAE 0.2873 | test loss 0.2961 MAE 0.2960 | best val 0.2873 (epoch 16, test 0.2959611766874176)
epoch 017 |  97.4s | train loss 0.2953 MAE 0.2953 | val loss 0.2942 MAE 0.2930 | test loss 0.3016 MAE 0.3010 | best val 0.2873 (epoch 16, test 0.2959611766874176)
epoch 018 |  96.9s | train loss 0.2945 MAE 0.2945 | val loss 0.2835 MAE 0.2819 | test loss 0.2903 MAE 0.2896 | best val 0.2819 (epoch 18, test 0.28960568723221564)
epoch 019 |  95.7s | train loss 0.2944 MAE 0.2944 | val loss 0.2976 MAE 0.2960 | test loss 0.3059 MAE 0.3054 | best val 0.2819 (epoch 18, test 0.28960568723221564)
epoch 020 |  95.1s | train loss 0.2951 MAE 0.2950 | val loss 0.2838 MAE 0.2824 | test loss 0.2913 MAE 0.2903 | best val 0.2819 (epoch 18, test 0.28960568723221564)
epoch 021 |  95.3s | train loss 0.2987 MAE 0.2987 | val loss 0.2883 MAE 0.2866 | test loss 0.2951 MAE 0.2947 | best val 0.2819 (epoch 18, test 0.28960568723221564)
epoch 022 |  96.1s | train loss 0.2948 MAE 0.2948 | val loss 0.2883 MAE 0.2866 | test loss 0.2928 MAE 0.2923 | best val 0.2819 (epoch 18, test 0.28960568723221564)
epoch 023 |  95.9s | train loss 0.2955 MAE 0.2955 | val loss 0.2859 MAE 0.2842 | test loss 0.2926 MAE 0.2921 | best val 0.2819 (epoch 18, test 0.28960568723221564)
epoch 024 |  96.0s | train loss 0.2954 MAE 0.2954 | val loss 0.2927 MAE 0.2911 | test loss 0.2986 MAE 0.2979 | best val 0.2819 (epoch 18, test 0.28960568723221564)
epoch 025 |  95.6s | train loss 0.2937 MAE 0.2937 | val loss 0.2802 MAE 0.2788 | test loss 0.2868 MAE 0.2860 | best val 0.2788 (epoch 25, test 0.28601283606913824)
epoch 026 |  95.5s | train loss 0.2896 MAE 0.2896 | val loss 0.2994 MAE 0.2974 | test loss 0.3043 MAE 0.3037 | best val 0.2788 (epoch 25, test 0.28601283606913824)
epoch 027 |  93.8s | train loss 0.2930 MAE 0.2930 | val loss 0.2848 MAE 0.2836 | test loss 0.2921 MAE 0.2915 | best val 0.2788 (epoch 25, test 0.28601283606913824)
epoch 028 |  96.0s | train loss 0.2896 MAE 0.2896 | val loss 0.2793 MAE 0.2779 | test loss 0.2857 MAE 0.2851 | best val 0.2779 (epoch 28, test 0.2851449357309313)
epoch 029 |  98.2s | train loss 0.2854 MAE 0.2854 | val loss 0.2825 MAE 0.2808 | test loss 0.2878 MAE 0.2871 | best val 0.2779 (epoch 28, test 0.2851449357309313)
epoch 030 |  98.4s | train loss 0.2872 MAE 0.2872 | val loss 0.2794 MAE 0.2777 | test loss 0.2845 MAE 0.2839 | best val 0.2777 (epoch 30, test 0.28387140235027297)
epoch 031 |  96.0s | train loss 0.2964 MAE 0.2963 | val loss 0.2920 MAE 0.2903 | test loss 0.2994 MAE 0.2990 | best val 0.2777 (epoch 30, test 0.28387140235027297)
epoch 032 |  96.4s | train loss 0.2896 MAE 0.2896 | val loss 0.2913 MAE 0.2899 | test loss 0.3008 MAE 0.2996 | best val 0.2777 (epoch 30, test 0.28387140235027297)
epoch 033 |  98.4s | train loss 0.2890 MAE 0.2889 | val loss 0.2824 MAE 0.2809 | test loss 0.2900 MAE 0.2891 | best val 0.2777 (epoch 30, test 0.28387140235027297)
epoch 034 |  95.8s | train loss 0.2862 MAE 0.2862 | val loss 0.2805 MAE 0.2788 | test loss 0.2854 MAE 0.2847 | best val 0.2777 (epoch 30, test 0.28387140235027297)
epoch 035 |  96.9s | train loss 0.2844 MAE 0.2843 | val loss 0.2851 MAE 0.2833 | test loss 0.2949 MAE 0.2940 | best val 0.2777 (epoch 30, test 0.28387140235027297)
epoch 036 |  97.4s | train loss 0.2840 MAE 0.2839 | val loss 0.2769 MAE 0.2749 | test loss 0.2829 MAE 0.2822 | best val 0.2749 (epoch 36, test 0.28224585403922575)
epoch 037 |  96.5s | train loss 0.2862 MAE 0.2862 | val loss 0.2779 MAE 0.2762 | test loss 0.2838 MAE 0.2831 | best val 0.2749 (epoch 36, test 0.28224585403922575)
epoch 038 |  96.5s | train loss 0.2923 MAE 0.2923 | val loss 0.2897 MAE 0.2886 | test loss 0.2998 MAE 0.2993 | best val 0.2749 (epoch 36, test 0.28224585403922575)
epoch 039 |  96.9s | train loss 0.2889 MAE 0.2890 | val loss 0.2800 MAE 0.2784 | test loss 0.2840 MAE 0.2837 | best val 0.2749 (epoch 36, test 0.28224585403922575)
epoch 040 |  98.1s | train loss 0.2884 MAE 0.2884 | val loss 0.2768 MAE 0.2752 | test loss 0.2828 MAE 0.2821 | best val 0.2749 (epoch 36, test 0.28224585403922575)
epoch 041 |  97.5s | train loss 0.2909 MAE 0.2909 | val loss 0.2796 MAE 0.2780 | test loss 0.2869 MAE 0.2861 | best val 0.2749 (epoch 36, test 0.28224585403922575)
epoch 042 |  97.4s | train loss 0.2854 MAE 0.2853 | val loss 0.2757 MAE 0.2741 | test loss 0.2838 MAE 0.2832 | best val 0.2741 (epoch 42, test 0.28315760318979305)
epoch 043 |  99.3s | train loss 0.2853 MAE 0.2853 | val loss 0.2817 MAE 0.2801 | test loss 0.2900 MAE 0.2889 | best val 0.2741 (epoch 42, test 0.28315760318979305)
epoch 044 |  98.3s | train loss 0.2867 MAE 0.2867 | val loss 0.2847 MAE 0.2833 | test loss 0.2918 MAE 0.2910 | best val 0.2741 (epoch 42, test 0.28315760318979305)
epoch 045 |  98.1s | train loss 0.2865 MAE 0.2865 | val loss 0.2760 MAE 0.2746 | test loss 0.2866 MAE 0.2857 | best val 0.2741 (epoch 42, test 0.28315760318979305)
epoch 046 |  98.6s | train loss 0.2870 MAE 0.2870 | val loss 0.2773 MAE 0.2761 | test loss 0.2866 MAE 0.2857 | best val 0.2741 (epoch 42, test 0.28315760318979305)
epoch 047 |  95.3s | train loss 0.2836 MAE 0.2837 | val loss 0.2794 MAE 0.2779 | test loss 0.2876 MAE 0.2866 | best val 0.2741 (epoch 42, test 0.28315760318979305)
epoch 048 |  95.9s | train loss 0.2842 MAE 0.2843 | val loss 0.2787 MAE 0.2770 | test loss 0.2839 MAE 0.2831 | best val 0.2741 (epoch 42, test 0.28315760318979305)
epoch 049 |  97.6s | train loss 0.2879 MAE 0.2879 | val loss 0.2805 MAE 0.2789 | test loss 0.2856 MAE 0.2846 | best val 0.2741 (epoch 42, test 0.28315760318979305)
epoch 050 |  96.2s | train loss 0.2842 MAE 0.2842 | val loss 0.2796 MAE 0.2781 | test loss 0.2882 MAE 0.2873 | best val 0.2741 (epoch 42, test 0.28315760318979305)
epoch 051 |  96.2s | train loss 0.2878 MAE 0.2878 | val loss 0.2818 MAE 0.2799 | test loss 0.2866 MAE 0.2858 | best val 0.2741 (epoch 42, test 0.28315760318979305)
epoch 052 |  95.9s | train loss 0.2846 MAE 0.2846 | val loss 0.2810 MAE 0.2796 | test loss 0.2858 MAE 0.2852 | best val 0.2741 (epoch 42, test 0.28315760318979305)
epoch 053 |  95.8s | train loss 0.2820 MAE 0.2820 | val loss 0.2784 MAE 0.2766 | test loss 0.2839 MAE 0.2832 | best val 0.2741 (epoch 42, test 0.28315760318979305)
epoch 054 |  98.1s | train loss 0.2817 MAE 0.2817 | val loss 0.2798 MAE 0.2785 | test loss 0.2865 MAE 0.2859 | best val 0.2741 (epoch 42, test 0.28315760318979305)
epoch 055 |  96.1s | train loss 0.2859 MAE 0.2859 | val loss 0.2759 MAE 0.2744 | test loss 0.2846 MAE 0.2836 | best val 0.2741 (epoch 42, test 0.28315760318979305)
epoch 056 |  95.5s | train loss 0.2844 MAE 0.2844 | val loss 0.2822 MAE 0.2803 | test loss 0.2907 MAE 0.2900 | best val 0.2741 (epoch 42, test 0.28315760318979305)
epoch 057 |  96.9s | train loss 0.2818 MAE 0.2818 | val loss 0.2734 MAE 0.2720 | test loss 0.2803 MAE 0.2796 | best val 0.2720 (epoch 57, test 0.27960755802458603)
epoch 058 |  96.4s | train loss 0.2787 MAE 0.2787 | val loss 0.2697 MAE 0.2679 | test loss 0.2765 MAE 0.2758 | best val 0.2679 (epoch 58, test 0.275837686757635)
epoch 059 |  96.7s | train loss 0.2784 MAE 0.2785 | val loss 0.2737 MAE 0.2719 | test loss 0.2803 MAE 0.2796 | best val 0.2679 (epoch 58, test 0.275837686757635)
epoch 060 |  98.6s | train loss 0.2774 MAE 0.2774 | val loss 0.2801 MAE 0.2787 | test loss 0.2854 MAE 0.2846 | best val 0.2679 (epoch 58, test 0.275837686757635)
epoch 061 |  96.5s | train loss 0.2786 MAE 0.2786 | val loss 0.2765 MAE 0.2751 | test loss 0.2840 MAE 0.2831 | best val 0.2679 (epoch 58, test 0.275837686757635)
epoch 062 |  98.7s | train loss 0.2763 MAE 0.2763 | val loss 0.2692 MAE 0.2677 | test loss 0.2754 MAE 0.2746 | best val 0.2677 (epoch 62, test 0.2746130651194534)
epoch 063 |  97.6s | train loss 0.2740 MAE 0.2739 | val loss 0.2681 MAE 0.2664 | test loss 0.2740 MAE 0.2732 | best val 0.2664 (epoch 63, test 0.27317904153556005)
epoch 064 |  97.1s | train loss 0.2731 MAE 0.2731 | val loss 0.2701 MAE 0.2687 | test loss 0.2776 MAE 0.2768 | best val 0.2664 (epoch 63, test 0.27317904153556005)
epoch 065 |  96.1s | train loss 0.2817 MAE 0.2817 | val loss 0.2692 MAE 0.2677 | test loss 0.2768 MAE 0.2760 | best val 0.2664 (epoch 63, test 0.27317904153556005)
epoch 066 |  97.4s | train loss 0.2770 MAE 0.2770 | val loss 0.2682 MAE 0.2666 | test loss 0.2759 MAE 0.2749 | best val 0.2664 (epoch 63, test 0.27317904153556005)
epoch 067 |  98.8s | train loss 0.2748 MAE 0.2748 | val loss 0.2804 MAE 0.2784 | test loss 0.2900 MAE 0.2888 | best val 0.2664 (epoch 63, test 0.27317904153556005)
epoch 068 |  98.6s | train loss 0.2765 MAE 0.2765 | val loss 0.2662 MAE 0.2648 | test loss 0.2728 MAE 0.2717 | best val 0.2648 (epoch 68, test 0.27172029564107036)
epoch 069 |  97.5s | train loss 0.2744 MAE 0.2745 | val loss 0.2790 MAE 0.2776 | test loss 0.2888 MAE 0.2873 | best val 0.2648 (epoch 68, test 0.27172029564107036)
epoch 070 |  99.6s | train loss 0.2729 MAE 0.2729 | val loss 0.2699 MAE 0.2684 | test loss 0.2763 MAE 0.2753 | best val 0.2648 (epoch 68, test 0.27172029564107036)
epoch 071 |  97.5s | train loss 0.2736 MAE 0.2737 | val loss 0.2720 MAE 0.2700 | test loss 0.2796 MAE 0.2787 | best val 0.2648 (epoch 68, test 0.27172029564107036)
epoch 072 |  96.1s | train loss 0.2733 MAE 0.2733 | val loss 0.2674 MAE 0.2657 | test loss 0.2736 MAE 0.2729 | best val 0.2648 (epoch 68, test 0.27172029564107036)
epoch 073 |  97.0s | train loss 0.2753 MAE 0.2753 | val loss 0.2676 MAE 0.2660 | test loss 0.2705 MAE 0.2695 | best val 0.2648 (epoch 68, test 0.27172029564107036)
epoch 074 |  96.4s | train loss 0.2747 MAE 0.2747 | val loss 0.2755 MAE 0.2738 | test loss 0.2840 MAE 0.2832 | best val 0.2648 (epoch 68, test 0.27172029564107036)
epoch 075 |  98.6s | train loss 0.2754 MAE 0.2755 | val loss 0.2739 MAE 0.2724 | test loss 0.2799 MAE 0.2790 | best val 0.2648 (epoch 68, test 0.27172029564107036)
epoch 076 |  96.0s | train loss 0.2793 MAE 0.2793 | val loss 0.2800 MAE 0.2783 | test loss 0.2805 MAE 0.2796 | best val 0.2648 (epoch 68, test 0.27172029564107036)
epoch 077 |  97.4s | train loss 0.2752 MAE 0.2752 | val loss 0.2699 MAE 0.2681 | test loss 0.2735 MAE 0.2727 | best val 0.2648 (epoch 68, test 0.27172029564107036)
epoch 078 |  97.2s | train loss 0.2740 MAE 0.2740 | val loss 0.2730 MAE 0.2713 | test loss 0.2808 MAE 0.2796 | best val 0.2648 (epoch 68, test 0.27172029564107036)
epoch 079 |  98.8s | train loss 0.2707 MAE 0.2707 | val loss 0.2717 MAE 0.2703 | test loss 0.2783 MAE 0.2777 | best val 0.2648 (epoch 68, test 0.27172029564107036)
epoch 080 |  97.7s | train loss 0.2685 MAE 0.2685 | val loss 0.2667 MAE 0.2655 | test loss 0.2711 MAE 0.2701 | best val 0.2648 (epoch 68, test 0.27172029564107036)
epoch 081 |  94.6s | train loss 0.2686 MAE 0.2687 | val loss 0.2756 MAE 0.2742 | test loss 0.2801 MAE 0.2792 | best val 0.2648 (epoch 68, test 0.27172029564107036)
epoch 082 |  96.9s | train loss 0.2671 MAE 0.2671 | val loss 0.2666 MAE 0.2651 | test loss 0.2724 MAE 0.2716 | best val 0.2648 (epoch 68, test 0.27172029564107036)
epoch 083 |  97.6s | train loss 0.2667 MAE 0.2667 | val loss 0.2644 MAE 0.2629 | test loss 0.2733 MAE 0.2728 | best val 0.2629 (epoch 83, test 0.2727726606265572)
epoch 084 |  97.8s | train loss 0.2677 MAE 0.2677 | val loss 0.2712 MAE 0.2698 | test loss 0.2770 MAE 0.2762 | best val 0.2629 (epoch 83, test 0.2727726606265572)
epoch 085 |  94.5s | train loss 0.2656 MAE 0.2656 | val loss 0.2667 MAE 0.2652 | test loss 0.2724 MAE 0.2716 | best val 0.2629 (epoch 83, test 0.2727726606265572)
epoch 086 |  94.8s | train loss 0.2649 MAE 0.2649 | val loss 0.2725 MAE 0.2709 | test loss 0.2777 MAE 0.2770 | best val 0.2629 (epoch 83, test 0.2727726606265572)
epoch 087 |  95.8s | train loss 0.2641 MAE 0.2641 | val loss 0.2721 MAE 0.2706 | test loss 0.2799 MAE 0.2791 | best val 0.2629 (epoch 83, test 0.2727726606265572)
epoch 088 |  95.9s | train loss 0.2675 MAE 0.2675 | val loss 0.2698 MAE 0.2684 | test loss 0.2718 MAE 0.2710 | best val 0.2629 (epoch 83, test 0.2727726606265572)
epoch 089 |  96.1s | train loss 0.2656 MAE 0.2656 | val loss 0.2616 MAE 0.2603 | test loss 0.2674 MAE 0.2665 | best val 0.2603 (epoch 89, test 0.2664556835914225)
epoch 090 |  97.8s | train loss 0.2655 MAE 0.2655 | val loss 0.2713 MAE 0.2698 | test loss 0.2739 MAE 0.2731 | best val 0.2603 (epoch 89, test 0.2664556835914225)
epoch 091 |  98.3s | train loss 0.2638 MAE 0.2638 | val loss 0.2704 MAE 0.2690 | test loss 0.2721 MAE 0.2712 | best val 0.2603 (epoch 89, test 0.2664556835914225)
epoch 092 |  97.7s | train loss 0.2639 MAE 0.2639 | val loss 0.2640 MAE 0.2626 | test loss 0.2683 MAE 0.2675 | best val 0.2603 (epoch 89, test 0.2664556835914225)
epoch 093 |  97.7s | train loss 0.2625 MAE 0.2625 | val loss 0.2624 MAE 0.2604 | test loss 0.2685 MAE 0.2675 | best val 0.2603 (epoch 89, test 0.2664556835914225)
epoch 094 |  98.6s | train loss 0.2624 MAE 0.2623 | val loss 0.2628 MAE 0.2613 | test loss 0.2710 MAE 0.2700 | best val 0.2603 (epoch 89, test 0.2664556835914225)
epoch 095 |  97.3s | train loss 0.2612 MAE 0.2612 | val loss 0.2689 MAE 0.2673 | test loss 0.2733 MAE 0.2726 | best val 0.2603 (epoch 89, test 0.2664556835914225)
epoch 096 |  97.1s | train loss 0.2632 MAE 0.2632 | val loss 0.2701 MAE 0.2681 | test loss 0.2786 MAE 0.2778 | best val 0.2603 (epoch 89, test 0.2664556835914225)
epoch 097 |  97.5s | train loss 0.2644 MAE 0.2643 | val loss 0.2639 MAE 0.2620 | test loss 0.2712 MAE 0.2704 | best val 0.2603 (epoch 89, test 0.2664556835914225)
epoch 098 |  96.7s | train loss 0.2625 MAE 0.2624 | val loss 0.2699 MAE 0.2679 | test loss 0.2739 MAE 0.2732 | best val 0.2603 (epoch 89, test 0.2664556835914225)
epoch 099 |  97.5s | train loss 0.2639 MAE 0.2639 | val loss 0.2627 MAE 0.2611 | test loss 0.2714 MAE 0.2703 | best val 0.2603 (epoch 89, test 0.2664556835914225)
epoch 100 |  98.7s | train loss 0.2612 MAE 0.2612 | val loss 0.2605 MAE 0.2589 | test loss 0.2688 MAE 0.2677 | best val 0.2589 (epoch 100, test 0.267696740911331)
epoch 101 |  96.2s | train loss 0.2569 MAE 0.2570 | val loss 0.2589 MAE 0.2576 | test loss 0.2686 MAE 0.2678 | best val 0.2576 (epoch 101, test 0.2677889305996152)
epoch 102 |  97.0s | train loss 0.2579 MAE 0.2579 | val loss 0.2660 MAE 0.2644 | test loss 0.2734 MAE 0.2725 | best val 0.2576 (epoch 101, test 0.2677889305996152)
epoch 103 | 100.3s | train loss 0.2574 MAE 0.2574 | val loss 0.2617 MAE 0.2602 | test loss 0.2639 MAE 0.2629 | best val 0.2576 (epoch 101, test 0.2677889305996152)
epoch 104 | 105.8s | train loss 0.2564 MAE 0.2564 | val loss 0.2637 MAE 0.2622 | test loss 0.2676 MAE 0.2667 | best val 0.2576 (epoch 101, test 0.2677889305996152)
epoch 105 | 107.6s | train loss 0.2558 MAE 0.2558 | val loss 0.2659 MAE 0.2643 | test loss 0.2694 MAE 0.2683 | best val 0.2576 (epoch 101, test 0.2677889305996152)
epoch 106 | 104.3s | train loss 0.2583 MAE 0.2583 | val loss 0.2639 MAE 0.2622 | test loss 0.2662 MAE 0.2653 | best val 0.2576 (epoch 101, test 0.2677889305996152)
epoch 107 | 101.7s | train loss 0.2568 MAE 0.2568 | val loss 0.2650 MAE 0.2635 | test loss 0.2741 MAE 0.2730 | best val 0.2576 (epoch 101, test 0.2677889305996152)
epoch 108 | 102.7s | train loss 0.2557 MAE 0.2557 | val loss 0.2635 MAE 0.2616 | test loss 0.2704 MAE 0.2696 | best val 0.2576 (epoch 101, test 0.2677889305996152)
epoch 109 | 103.0s | train loss 0.2543 MAE 0.2543 | val loss 0.2618 MAE 0.2604 | test loss 0.2645 MAE 0.2634 | best val 0.2576 (epoch 101, test 0.2677889305996152)
epoch 110 | 100.9s | train loss 0.2572 MAE 0.2572 | val loss 0.2597 MAE 0.2581 | test loss 0.2647 MAE 0.2638 | best val 0.2576 (epoch 101, test 0.2677889305996152)
epoch 111 | 100.9s | train loss 0.2576 MAE 0.2575 | val loss 0.2617 MAE 0.2599 | test loss 0.2670 MAE 0.2661 | best val 0.2576 (epoch 101, test 0.2677889305996152)
epoch 112 | 103.1s | train loss 0.2544 MAE 0.2544 | val loss 0.2561 MAE 0.2543 | test loss 0.2607 MAE 0.2599 | best val 0.2543 (epoch 112, test 0.25985649004260075)
epoch 113 | 102.4s | train loss 0.2514 MAE 0.2514 | val loss 0.2574 MAE 0.2558 | test loss 0.2635 MAE 0.2625 | best val 0.2543 (epoch 112, test 0.25985649004260075)
epoch 114 | 100.4s | train loss 0.2517 MAE 0.2517 | val loss 0.2566 MAE 0.2548 | test loss 0.2629 MAE 0.2621 | best val 0.2543 (epoch 112, test 0.25985649004260075)
epoch 115 | 107.0s | train loss 0.2521 MAE 0.2520 | val loss 0.2621 MAE 0.2606 | test loss 0.2672 MAE 0.2663 | best val 0.2543 (epoch 112, test 0.25985649004260075)
epoch 116 | 111.0s | train loss 0.2502 MAE 0.2502 | val loss 0.2633 MAE 0.2613 | test loss 0.2715 MAE 0.2707 | best val 0.2543 (epoch 112, test 0.25985649004260075)
epoch 117 | 108.3s | train loss 0.2501 MAE 0.2501 | val loss 0.2590 MAE 0.2574 | test loss 0.2662 MAE 0.2654 | best val 0.2543 (epoch 112, test 0.25985649004260075)
epoch 118 | 110.1s | train loss 0.2492 MAE 0.2492 | val loss 0.2591 MAE 0.2575 | test loss 0.2633 MAE 0.2624 | best val 0.2543 (epoch 112, test 0.25985649004260075)
epoch 119 | 108.0s | train loss 0.2476 MAE 0.2476 | val loss 0.2573 MAE 0.2558 | test loss 0.2637 MAE 0.2627 | best val 0.2543 (epoch 112, test 0.25985649004260075)
epoch 120 | 105.2s | train loss 0.2482 MAE 0.2482 | val loss 0.2585 MAE 0.2566 | test loss 0.2643 MAE 0.2634 | best val 0.2543 (epoch 112, test 0.25985649004260075)
epoch 121 | 111.3s | train loss 0.2476 MAE 0.2476 | val loss 0.2642 MAE 0.2626 | test loss 0.2675 MAE 0.2666 | best val 0.2543 (epoch 112, test 0.25985649004260075)
epoch 122 | 106.7s | train loss 0.2473 MAE 0.2473 | val loss 0.2587 MAE 0.2570 | test loss 0.2629 MAE 0.2618 | best val 0.2543 (epoch 112, test 0.25985649004260075)
epoch 123 | 109.1s | train loss 0.2458 MAE 0.2458 | val loss 0.2609 MAE 0.2592 | test loss 0.2638 MAE 0.2629 | best val 0.2543 (epoch 112, test 0.25985649004260075)
epoch 124 | 108.4s | train loss 0.2455 MAE 0.2455 | val loss 0.2578 MAE 0.2562 | test loss 0.2610 MAE 0.2600 | best val 0.2543 (epoch 112, test 0.25985649004260075)
epoch 125 | 104.2s | train loss 0.2442 MAE 0.2442 | val loss 0.2581 MAE 0.2567 | test loss 0.2638 MAE 0.2629 | best val 0.2543 (epoch 112, test 0.25985649004260075)
epoch 126 | 105.4s | train loss 0.2442 MAE 0.2442 | val loss 0.2583 MAE 0.2569 | test loss 0.2633 MAE 0.2624 | best val 0.2543 (epoch 112, test 0.25985649004260075)
epoch 127 | 107.9s | train loss 0.2436 MAE 0.2436 | val loss 0.2568 MAE 0.2552 | test loss 0.2609 MAE 0.2598 | best val 0.2543 (epoch 112, test 0.25985649004260075)
epoch 128 | 107.7s | train loss 0.2423 MAE 0.2423 | val loss 0.2601 MAE 0.2583 | test loss 0.2658 MAE 0.2648 | best val 0.2543 (epoch 112, test 0.25985649004260075)
epoch 129 | 109.2s | train loss 0.2421 MAE 0.2421 | val loss 0.2574 MAE 0.2560 | test loss 0.2599 MAE 0.2589 | best val 0.2543 (epoch 112, test 0.25985649004260075)
epoch 130 | 106.6s | train loss 0.2408 MAE 0.2408 | val loss 0.2588 MAE 0.2572 | test loss 0.2639 MAE 0.2631 | best val 0.2543 (epoch 112, test 0.25985649004260075)
epoch 131 | 107.0s | train loss 0.2429 MAE 0.2429 | val loss 0.2561 MAE 0.2544 | test loss 0.2606 MAE 0.2598 | best val 0.2543 (epoch 112, test 0.25985649004260075)
epoch 132 | 104.2s | train loss 0.2414 MAE 0.2414 | val loss 0.2577 MAE 0.2560 | test loss 0.2601 MAE 0.2591 | best val 0.2543 (epoch 112, test 0.25985649004260075)
epoch 133 | 104.7s | train loss 0.2413 MAE 0.2413 | val loss 0.2576 MAE 0.2558 | test loss 0.2587 MAE 0.2578 | best val 0.2543 (epoch 112, test 0.25985649004260075)
epoch 134 | 105.3s | train loss 0.2412 MAE 0.2412 | val loss 0.2567 MAE 0.2550 | test loss 0.2588 MAE 0.2578 | best val 0.2543 (epoch 112, test 0.25985649004260075)
epoch 135 | 107.9s | train loss 0.2405 MAE 0.2405 | val loss 0.2580 MAE 0.2564 | test loss 0.2627 MAE 0.2619 | best val 0.2543 (epoch 112, test 0.25985649004260075)
epoch 136 | 106.3s | train loss 0.2402 MAE 0.2403 | val loss 0.2547 MAE 0.2533 | test loss 0.2576 MAE 0.2567 | best val 0.2533 (epoch 136, test 0.25666740893903667)
epoch 137 | 104.7s | train loss 0.2429 MAE 0.2429 | val loss 0.2629 MAE 0.2615 | test loss 0.2659 MAE 0.2650 | best val 0.2533 (epoch 136, test 0.25666740893903667)
epoch 138 | 111.5s | train loss 0.2412 MAE 0.2412 | val loss 0.2580 MAE 0.2566 | test loss 0.2600 MAE 0.2592 | best val 0.2533 (epoch 136, test 0.25666740893903667)
epoch 139 | 105.1s | train loss 0.2395 MAE 0.2395 | val loss 0.2588 MAE 0.2574 | test loss 0.2610 MAE 0.2602 | best val 0.2533 (epoch 136, test 0.25666740893903667)
epoch 140 | 111.1s | train loss 0.2402 MAE 0.2402 | val loss 0.2607 MAE 0.2594 | test loss 0.2623 MAE 0.2614 | best val 0.2533 (epoch 136, test 0.25666740893903667)
epoch 141 | 110.3s | train loss 0.2388 MAE 0.2388 | val loss 0.2588 MAE 0.2573 | test loss 0.2622 MAE 0.2614 | best val 0.2533 (epoch 136, test 0.25666740893903667)
epoch 142 | 106.9s | train loss 0.2381 MAE 0.2381 | val loss 0.2592 MAE 0.2577 | test loss 0.2617 MAE 0.2608 | best val 0.2533 (epoch 136, test 0.25666740893903667)
epoch 143 | 106.6s | train loss 0.2394 MAE 0.2395 | val loss 0.2570 MAE 0.2556 | test loss 0.2599 MAE 0.2590 | best val 0.2533 (epoch 136, test 0.25666740893903667)
epoch 144 | 104.4s | train loss 0.2379 MAE 0.2379 | val loss 0.2573 MAE 0.2558 | test loss 0.2600 MAE 0.2591 | best val 0.2533 (epoch 136, test 0.25666740893903667)
epoch 145 |  98.6s | train loss 0.2364 MAE 0.2364 | val loss 0.2594 MAE 0.2579 | test loss 0.2628 MAE 0.2618 | best val 0.2533 (epoch 136, test 0.25666740893903667)
epoch 146 |  98.0s | train loss 0.2372 MAE 0.2371 | val loss 0.2589 MAE 0.2574 | test loss 0.2608 MAE 0.2599 | best val 0.2533 (epoch 136, test 0.25666740893903667)
epoch 147 | 101.9s | train loss 0.2367 MAE 0.2367 | val loss 0.2577 MAE 0.2562 | test loss 0.2600 MAE 0.2591 | best val 0.2533 (epoch 136, test 0.25666740893903667)
epoch 148 |  99.5s | train loss 0.2358 MAE 0.2358 | val loss 0.2560 MAE 0.2547 | test loss 0.2593 MAE 0.2585 | best val 0.2533 (epoch 136, test 0.25666740893903667)
epoch 149 | 100.5s | train loss 0.2356 MAE 0.2356 | val loss 0.2565 MAE 0.2550 | test loss 0.2586 MAE 0.2577 | best val 0.2533 (epoch 136, test 0.25666740893903667)
epoch 150 |  98.2s | train loss 0.2349 MAE 0.2350 | val loss 0.2577 MAE 0.2560 | test loss 0.2600 MAE 0.2591 | best val 0.2533 (epoch 136, test 0.25666740893903667)
epoch 151 | 101.1s | train loss 0.2339 MAE 0.2339 | val loss 0.2561 MAE 0.2546 | test loss 0.2582 MAE 0.2572 | best val 0.2533 (epoch 136, test 0.25666740893903667)
epoch 152 | 101.3s | train loss 0.2340 MAE 0.2340 | val loss 0.2559 MAE 0.2540 | test loss 0.2594 MAE 0.2583 | best val 0.2533 (epoch 136, test 0.25666740893903667)
epoch 153 | 106.2s | train loss 0.2353 MAE 0.2353 | val loss 0.2576 MAE 0.2559 | test loss 0.2610 MAE 0.2600 | best val 0.2533 (epoch 136, test 0.25666740893903667)
epoch 154 | 104.7s | train loss 0.2343 MAE 0.2343 | val loss 0.2590 MAE 0.2573 | test loss 0.2629 MAE 0.2619 | best val 0.2533 (epoch 136, test 0.25666740893903667)
epoch 155 | 107.1s | train loss 0.2349 MAE 0.2349 | val loss 0.2568 MAE 0.2550 | test loss 0.2605 MAE 0.2594 | best val 0.2533 (epoch 136, test 0.25666740893903667)
epoch 156 | 107.6s | train loss 0.2329 MAE 0.2329 | val loss 0.2561 MAE 0.2547 | test loss 0.2590 MAE 0.2580 | best val 0.2533 (epoch 136, test 0.25666740893903667)
epoch 157 | 105.9s | train loss 0.2342 MAE 0.2342 | val loss 0.2567 MAE 0.2550 | test loss 0.2592 MAE 0.2582 | best val 0.2533 (epoch 136, test 0.25666740893903667)
epoch 158 | 107.4s | train loss 0.2340 MAE 0.2340 | val loss 0.2566 MAE 0.2547 | test loss 0.2601 MAE 0.2590 | best val 0.2533 (epoch 136, test 0.25666740893903667)
epoch 159 | 108.3s | train loss 0.2318 MAE 0.2318 | val loss 0.2570 MAE 0.2552 | test loss 0.2604 MAE 0.2593 | best val 0.2533 (epoch 136, test 0.25666740893903667)
epoch 160 | 106.0s | train loss 0.2325 MAE 0.2325 | val loss 0.2550 MAE 0.2533 | test loss 0.2581 MAE 0.2570 | best val 0.2533 (epoch 160, test 0.2569855683602979)
epoch 161 | 106.6s | train loss 0.2325 MAE 0.2325 | val loss 0.2552 MAE 0.2534 | test loss 0.2571 MAE 0.2560 | best val 0.2533 (epoch 160, test 0.2569855683602979)
epoch 162 | 106.7s | train loss 0.2316 MAE 0.2315 | val loss 0.2565 MAE 0.2548 | test loss 0.2599 MAE 0.2589 | best val 0.2533 (epoch 160, test 0.2569855683602979)
epoch 163 | 106.3s | train loss 0.2316 MAE 0.2317 | val loss 0.2562 MAE 0.2544 | test loss 0.2594 MAE 0.2583 | best val 0.2533 (epoch 160, test 0.2569855683602979)
epoch 164 | 107.2s | train loss 0.2317 MAE 0.2317 | val loss 0.2570 MAE 0.2552 | test loss 0.2594 MAE 0.2582 | best val 0.2533 (epoch 160, test 0.2569855683602979)
epoch 165 | 106.2s | train loss 0.2314 MAE 0.2315 | val loss 0.2553 MAE 0.2536 | test loss 0.2590 MAE 0.2579 | best val 0.2533 (epoch 160, test 0.2569855683602979)
epoch 166 | 107.5s | train loss 0.2312 MAE 0.2311 | val loss 0.2566 MAE 0.2547 | test loss 0.2603 MAE 0.2593 | best val 0.2533 (epoch 160, test 0.2569855683602979)
epoch 167 | 106.0s | train loss 0.2313 MAE 0.2313 | val loss 0.2562 MAE 0.2545 | test loss 0.2607 MAE 0.2596 | best val 0.2533 (epoch 160, test 0.2569855683602979)
epoch 168 | 106.1s | train loss 0.2293 MAE 0.2293 | val loss 0.2554 MAE 0.2536 | test loss 0.2590 MAE 0.2579 | best val 0.2533 (epoch 160, test 0.2569855683602979)
epoch 169 | 106.3s | train loss 0.2297 MAE 0.2297 | val loss 0.2563 MAE 0.2546 | test loss 0.2591 MAE 0.2581 | best val 0.2533 (epoch 160, test 0.2569855683602979)
epoch 170 | 106.3s | train loss 0.2295 MAE 0.2295 | val loss 0.2560 MAE 0.2544 | test loss 0.2604 MAE 0.2594 | best val 0.2533 (epoch 160, test 0.2569855683602979)
epoch 171 | 106.2s | train loss 0.2298 MAE 0.2298 | val loss 0.2565 MAE 0.2549 | test loss 0.2608 MAE 0.2597 | best val 0.2533 (epoch 160, test 0.2569855683602979)
epoch 172 | 106.4s | train loss 0.2300 MAE 0.2300 | val loss 0.2552 MAE 0.2537 | test loss 0.2593 MAE 0.2582 | best val 0.2533 (epoch 160, test 0.2569855683602979)
epoch 173 | 106.5s | train loss 0.2295 MAE 0.2295 | val loss 0.2558 MAE 0.2541 | test loss 0.2591 MAE 0.2580 | best val 0.2533 (epoch 160, test 0.2569855683602979)
epoch 174 | 107.5s | train loss 0.2286 MAE 0.2286 | val loss 0.2565 MAE 0.2547 | test loss 0.2598 MAE 0.2588 | best val 0.2533 (epoch 160, test 0.2569855683602979)
epoch 175 | 113.5s | train loss 0.2286 MAE 0.2286 | val loss 0.2566 MAE 0.2549 | test loss 0.2601 MAE 0.2590 | best val 0.2533 (epoch 160, test 0.2569855683602979)
epoch 176 | 118.2s | train loss 0.2287 MAE 0.2287 | val loss 0.2557 MAE 0.2540 | test loss 0.2587 MAE 0.2576 | best val 0.2533 (epoch 160, test 0.2569855683602979)
epoch 177 | 122.3s | train loss 0.2284 MAE 0.2285 | val loss 0.2559 MAE 0.2543 | test loss 0.2592 MAE 0.2581 | best val 0.2533 (epoch 160, test 0.2569855683602979)
epoch 178 | 124.5s | train loss 0.2282 MAE 0.2282 | val loss 0.2562 MAE 0.2545 | test loss 0.2597 MAE 0.2586 | best val 0.2533 (epoch 160, test 0.2569855683602979)
epoch 179 | 125.6s | train loss 0.2283 MAE 0.2283 | val loss 0.2556 MAE 0.2539 | test loss 0.2586 MAE 0.2574 | best val 0.2533 (epoch 160, test 0.2569855683602979)
epoch 180 | 122.4s | train loss 0.2279 MAE 0.2279 | val loss 0.2554 MAE 0.2537 | test loss 0.2579 MAE 0.2568 | best val 0.2533 (epoch 160, test 0.2569855683602979)
epoch 181 | 123.1s | train loss 0.2281 MAE 0.2281 | val loss 0.2547 MAE 0.2530 | test loss 0.2573 MAE 0.2562 | best val 0.2530 (epoch 181, test 0.256175769118895)
epoch 182 | 124.8s | train loss 0.2283 MAE 0.2283 | val loss 0.2558 MAE 0.2541 | test loss 0.2585 MAE 0.2574 | best val 0.2530 (epoch 181, test 0.256175769118895)
epoch 183 | 124.0s | train loss 0.2277 MAE 0.2277 | val loss 0.2555 MAE 0.2538 | test loss 0.2583 MAE 0.2571 | best val 0.2530 (epoch 181, test 0.256175769118895)
epoch 184 | 123.8s | train loss 0.2279 MAE 0.2280 | val loss 0.2549 MAE 0.2532 | test loss 0.2575 MAE 0.2563 | best val 0.2530 (epoch 181, test 0.256175769118895)
epoch 185 | 128.5s | train loss 0.2286 MAE 0.2286 | val loss 0.2557 MAE 0.2540 | test loss 0.2584 MAE 0.2573 | best val 0.2530 (epoch 181, test 0.256175769118895)
epoch 186 | 123.9s | train loss 0.2270 MAE 0.2270 | val loss 0.2558 MAE 0.2541 | test loss 0.2583 MAE 0.2572 | best val 0.2530 (epoch 181, test 0.256175769118895)
epoch 187 | 124.4s | train loss 0.2279 MAE 0.2279 | val loss 0.2556 MAE 0.2538 | test loss 0.2579 MAE 0.2568 | best val 0.2530 (epoch 181, test 0.256175769118895)
epoch 188 | 123.6s | train loss 0.2271 MAE 0.2271 | val loss 0.2557 MAE 0.2540 | test loss 0.2582 MAE 0.2571 | best val 0.2530 (epoch 181, test 0.256175769118895)
epoch 189 | 124.5s | train loss 0.2273 MAE 0.2273 | val loss 0.2557 MAE 0.2539 | test loss 0.2582 MAE 0.2571 | best val 0.2530 (epoch 181, test 0.256175769118895)
epoch 190 | 125.9s | train loss 0.2280 MAE 0.2280 | val loss 0.2554 MAE 0.2537 | test loss 0.2578 MAE 0.2567 | best val 0.2530 (epoch 181, test 0.256175769118895)
epoch 191 | 123.7s | train loss 0.2283 MAE 0.2283 | val loss 0.2553 MAE 0.2536 | test loss 0.2577 MAE 0.2566 | best val 0.2530 (epoch 181, test 0.256175769118895)
epoch 192 | 123.4s | train loss 0.2269 MAE 0.2269 | val loss 0.2556 MAE 0.2539 | test loss 0.2581 MAE 0.2571 | best val 0.2530 (epoch 181, test 0.256175769118895)
epoch 193 | 119.5s | train loss 0.2280 MAE 0.2280 | val loss 0.2555 MAE 0.2538 | test loss 0.2580 MAE 0.2569 | best val 0.2530 (epoch 181, test 0.256175769118895)
epoch 194 | 119.5s | train loss 0.2281 MAE 0.2281 | val loss 0.2554 MAE 0.2537 | test loss 0.2580 MAE 0.2569 | best val 0.2530 (epoch 181, test 0.256175769118895)
epoch 195 | 117.2s | train loss 0.2267 MAE 0.2267 | val loss 0.2555 MAE 0.2538 | test loss 0.2581 MAE 0.2570 | best val 0.2530 (epoch 181, test 0.256175769118895)
epoch 196 | 118.6s | train loss 0.2285 MAE 0.2285 | val loss 0.2555 MAE 0.2538 | test loss 0.2581 MAE 0.2570 | best val 0.2530 (epoch 181, test 0.256175769118895)
epoch 197 | 118.4s | train loss 0.2269 MAE 0.2269 | val loss 0.2555 MAE 0.2538 | test loss 0.2580 MAE 0.2569 | best val 0.2530 (epoch 181, test 0.256175769118895)
epoch 198 | 117.9s | train loss 0.2278 MAE 0.2278 | val loss 0.2555 MAE 0.2538 | test loss 0.2581 MAE 0.2570 | best val 0.2530 (epoch 181, test 0.256175769118895)
epoch 199 | 117.5s | train loss 0.2274 MAE 0.2274 | val loss 0.2555 MAE 0.2538 | test loss 0.2581 MAE 0.2570 | best val 0.2530 (epoch 181, test 0.256175769118895)
BEST: val MAE 0.2530 | test MAE 0.2562 (epoch 181)
