{'dataset': 'Peptides-func', 'max_hops': 40, 'use_lap_pe': False, 'lap_pe_dim': 8, 'hidden_dim': 320, 'num_heads': 20, 'ffn_ratio': 4, 'num_layers': 2, 'dropout': 0.2, 'graph_pool': 'sum', 'hop_mode': 'window', 'hop_window': 1, 'num_global_heads': 0, 'lr': 0.001, 'lr_min': 1e-06, 'weight_decay': 0.0003, 'batch_size': 64, 'max_epochs': 200, 'patience': 40, 'warmup_ratio': 0.05, 'grad_clip': 1.0, 'num_workers': 4, 'dist_mask_workers': 8, 'device': None, 'save_dir': 'checkpoints_hop_masked', 'seed': 0}
Unknown args =  []
[Peptides-func] task=multi_label level=graph metric=macro_ap (higher_is_better=True)
  Loading cached distance masks from ./data/Peptides-func/dist_masks/train.pkl
  Loading cached distance masks from ./data/Peptides-func/dist_masks/val.pkl
  Loading cached distance masks from ./data/Peptides-func/dist_masks/test.pkl
Head -> hop set assignment:
  head 0: [0, 1, 2]
  head 1: [0, 2, 3, 4]
  head 2: [0, 4, 5, 6]
  head 3: [0, 6, 7, 8]
  head 4: [0, 8, 9, 10]
  head 5: [0, 10, 11, 12]
  head 6: [0, 12, 13, 14]
  head 7: [0, 14, 15, 16]
  head 8: [0, 16, 17, 18]
  head 9: [0, 18, 19, 20]
  head 10: [0, 20, 21, 22]
  head 11: [0, 22, 23, 24]
  head 12: [0, 24, 25, 26]
  head 13: [0, 26, 27, 28]
  head 14: [0, 28, 29, 30]
  head 15: [0, 30, 31, 32]
  head 16: [0, 32, 33, 34]
  head 17: [0, 34, 35, 36]
  head 18: [0, 36, 37, 38]
  head 19: [0, 38, 39]
trainable params: 2.731M
epoch 000 | 142.3s | train loss 0.4073 AP 0.1823 | val loss 0.3251 AP 0.2946 | test loss 0.3250 AP 0.2882 | best val 0.2946 (epoch 0, test 0.288179774144206)
epoch 001 | 143.8s | train loss 0.3137 AP 0.3113 | val loss 0.2876 AP 0.3919 | test loss 0.2912 AP 0.3776 | best val 0.3919 (epoch 1, test 0.3775532606893469)
epoch 002 | 144.1s | train loss 0.2906 AP 0.3702 | val loss 0.2802 AP 0.4167 | test loss 0.2814 AP 0.4033 | best val 0.4167 (epoch 2, test 0.4033175284361194)
epoch 003 | 144.2s | train loss 0.2780 AP 0.3962 | val loss 0.2669 AP 0.4285 | test loss 0.2683 AP 0.4197 | best val 0.4285 (epoch 3, test 0.4197381636598048)
epoch 004 | 144.7s | train loss 0.2691 AP 0.4165 | val loss 0.2558 AP 0.4672 | test loss 0.2575 AP 0.4625 | best val 0.4672 (epoch 4, test 0.4624634034984257)
epoch 005 | 144.0s | train loss 0.2596 AP 0.4403 | val loss 0.2463 AP 0.4919 | test loss 0.2501 AP 0.4836 | best val 0.4919 (epoch 5, test 0.4835775350501187)
epoch 006 | 143.8s | train loss 0.2545 AP 0.4554 | val loss 0.2598 AP 0.4954 | test loss 0.2654 AP 0.4710 | best val 0.4954 (epoch 6, test 0.47103872784407186)
epoch 007 | 144.2s | train loss 0.2494 AP 0.4701 | val loss 0.2536 AP 0.4871 | test loss 0.2559 AP 0.4797 | best val 0.4954 (epoch 6, test 0.47103872784407186)
epoch 008 | 145.9s | train loss 0.2470 AP 0.4770 | val loss 0.2393 AP 0.5079 | test loss 0.2489 AP 0.4851 | best val 0.5079 (epoch 8, test 0.48514621015399156)
epoch 009 | 145.3s | train loss 0.2456 AP 0.4845 | val loss 0.2454 AP 0.4809 | test loss 0.2518 AP 0.4711 | best val 0.5079 (epoch 8, test 0.48514621015399156)
epoch 010 | 145.3s | train loss 0.2464 AP 0.4862 | val loss 0.2420 AP 0.5192 | test loss 0.2481 AP 0.5060 | best val 0.5192 (epoch 10, test 0.5059832557664412)
epoch 011 | 141.0s | train loss 0.2401 AP 0.5031 | val loss 0.2290 AP 0.5327 | test loss 0.2408 AP 0.5107 | best val 0.5327 (epoch 11, test 0.5106807464582792)
epoch 012 | 158.7s | train loss 0.2337 AP 0.5159 | val loss 0.2346 AP 0.5327 | test loss 0.2433 AP 0.5074 | best val 0.5327 (epoch 11, test 0.5106807464582792)
epoch 013 | 162.8s | train loss 0.2326 AP 0.5160 | val loss 0.2325 AP 0.5422 | test loss 0.2409 AP 0.5181 | best val 0.5422 (epoch 13, test 0.5180544466672308)
epoch 014 | 160.4s | train loss 0.2271 AP 0.5378 | val loss 0.2332 AP 0.5404 | test loss 0.2420 AP 0.5200 | best val 0.5422 (epoch 13, test 0.5180544466672308)
epoch 015 | 161.2s | train loss 0.2259 AP 0.5431 | val loss 0.2251 AP 0.5554 | test loss 0.2377 AP 0.5325 | best val 0.5554 (epoch 15, test 0.5324817659279752)
epoch 016 | 161.2s | train loss 0.2240 AP 0.5462 | val loss 0.2233 AP 0.5540 | test loss 0.2373 AP 0.5352 | best val 0.5554 (epoch 15, test 0.5324817659279752)
epoch 017 | 161.7s | train loss 0.2236 AP 0.5512 | val loss 0.2259 AP 0.5568 | test loss 0.2372 AP 0.5324 | best val 0.5568 (epoch 17, test 0.5323736187787318)
epoch 018 | 160.4s | train loss 0.2181 AP 0.5668 | val loss 0.2246 AP 0.5809 | test loss 0.2345 AP 0.5593 | best val 0.5809 (epoch 18, test 0.5593132185917725)
epoch 019 | 158.7s | train loss 0.2127 AP 0.5760 | val loss 0.2183 AP 0.5954 | test loss 0.2316 AP 0.5634 | best val 0.5954 (epoch 19, test 0.5634201640378003)
epoch 020 | 159.0s | train loss 0.2158 AP 0.5730 | val loss 0.2240 AP 0.5777 | test loss 0.2347 AP 0.5529 | best val 0.5954 (epoch 19, test 0.5634201640378003)
epoch 021 | 158.2s | train loss 0.2129 AP 0.5860 | val loss 0.2162 AP 0.5760 | test loss 0.2305 AP 0.5502 | best val 0.5954 (epoch 19, test 0.5634201640378003)
epoch 022 | 154.9s | train loss 0.2118 AP 0.5883 | val loss 0.2137 AP 0.5983 | test loss 0.2260 AP 0.5715 | best val 0.5983 (epoch 22, test 0.5714852722429791)
epoch 023 | 153.3s | train loss 0.2078 AP 0.5982 | val loss 0.2116 AP 0.5979 | test loss 0.2256 AP 0.5715 | best val 0.5983 (epoch 22, test 0.5714852722429791)
epoch 024 | 155.8s | train loss 0.2046 AP 0.6053 | val loss 0.2105 AP 0.6074 | test loss 0.2252 AP 0.5703 | best val 0.6074 (epoch 24, test 0.5703458896983609)
epoch 025 | 155.4s | train loss 0.2038 AP 0.6054 | val loss 0.2125 AP 0.6140 | test loss 0.2227 AP 0.5815 | best val 0.6140 (epoch 25, test 0.5815355995073734)
epoch 026 | 156.0s | train loss 0.1994 AP 0.6209 | val loss 0.2135 AP 0.6129 | test loss 0.2220 AP 0.5953 | best val 0.6140 (epoch 25, test 0.5815355995073734)
epoch 027 | 155.2s | train loss 0.1977 AP 0.6295 | val loss 0.2114 AP 0.6111 | test loss 0.2221 AP 0.5890 | best val 0.6140 (epoch 25, test 0.5815355995073734)
epoch 028 | 154.7s | train loss 0.1947 AP 0.6390 | val loss 0.2116 AP 0.6109 | test loss 0.2218 AP 0.5923 | best val 0.6140 (epoch 25, test 0.5815355995073734)
epoch 029 | 154.6s | train loss 0.1940 AP 0.6424 | val loss 0.2108 AP 0.6079 | test loss 0.2280 AP 0.5742 | best val 0.6140 (epoch 25, test 0.5815355995073734)
epoch 030 | 154.2s | train loss 0.1962 AP 0.6336 | val loss 0.2097 AP 0.6258 | test loss 0.2191 AP 0.5967 | best val 0.6258 (epoch 30, test 0.5967441902937303)
epoch 031 | 155.0s | train loss 0.1936 AP 0.6382 | val loss 0.2181 AP 0.6108 | test loss 0.2327 AP 0.5884 | best val 0.6258 (epoch 30, test 0.5967441902937303)
epoch 032 | 151.9s | train loss 0.1936 AP 0.6420 | val loss 0.2186 AP 0.6169 | test loss 0.2262 AP 0.5973 | best val 0.6258 (epoch 30, test 0.5967441902937303)
epoch 033 | 154.8s | train loss 0.1850 AP 0.6623 | val loss 0.2036 AP 0.6290 | test loss 0.2117 AP 0.6187 | best val 0.6290 (epoch 33, test 0.6187424232199515)
epoch 034 | 153.6s | train loss 0.1815 AP 0.6704 | val loss 0.2306 AP 0.6212 | test loss 0.2377 AP 0.6026 | best val 0.6290 (epoch 33, test 0.6187424232199515)
epoch 035 | 154.8s | train loss 0.1839 AP 0.6706 | val loss 0.2037 AP 0.6367 | test loss 0.2149 AP 0.6154 | best val 0.6367 (epoch 35, test 0.6153520944397258)
epoch 036 | 154.7s | train loss 0.1860 AP 0.6613 | val loss 0.2180 AP 0.6241 | test loss 0.2324 AP 0.6091 | best val 0.6367 (epoch 35, test 0.6153520944397258)
epoch 037 | 156.6s | train loss 0.1875 AP 0.6543 | val loss 0.2109 AP 0.6225 | test loss 0.2203 AP 0.6123 | best val 0.6367 (epoch 35, test 0.6153520944397258)
epoch 038 | 155.0s | train loss 0.1811 AP 0.6765 | val loss 0.2181 AP 0.6342 | test loss 0.2278 AP 0.6218 | best val 0.6367 (epoch 35, test 0.6153520944397258)
epoch 039 | 156.1s | train loss 0.1775 AP 0.6867 | val loss 0.2076 AP 0.6395 | test loss 0.2178 AP 0.6262 | best val 0.6395 (epoch 39, test 0.6261789712112009)
epoch 040 | 156.8s | train loss 0.1768 AP 0.6893 | val loss 0.2026 AP 0.6515 | test loss 0.2187 AP 0.6335 | best val 0.6515 (epoch 40, test 0.6335022382948672)
epoch 041 | 155.7s | train loss 0.1712 AP 0.7067 | val loss 0.2085 AP 0.6374 | test loss 0.2181 AP 0.6349 | best val 0.6515 (epoch 40, test 0.6335022382948672)
epoch 042 | 153.8s | train loss 0.1710 AP 0.7053 | val loss 0.2061 AP 0.6384 | test loss 0.2143 AP 0.6292 | best val 0.6515 (epoch 40, test 0.6335022382948672)
epoch 043 | 155.6s | train loss 0.1675 AP 0.7113 | val loss 0.2034 AP 0.6544 | test loss 0.2213 AP 0.6331 | best val 0.6544 (epoch 43, test 0.6330913877723534)
epoch 044 | 153.3s | train loss 0.1682 AP 0.7132 | val loss 0.2082 AP 0.6425 | test loss 0.2209 AP 0.6342 | best val 0.6544 (epoch 43, test 0.6330913877723534)
epoch 045 | 155.9s | train loss 0.1677 AP 0.7137 | val loss 0.2012 AP 0.6592 | test loss 0.2145 AP 0.6380 | best val 0.6592 (epoch 45, test 0.6380119144363173)
epoch 046 | 154.4s | train loss 0.1628 AP 0.7292 | val loss 0.2018 AP 0.6565 | test loss 0.2190 AP 0.6416 | best val 0.6592 (epoch 45, test 0.6380119144363173)
epoch 047 | 155.5s | train loss 0.1606 AP 0.7315 | val loss 0.2019 AP 0.6624 | test loss 0.2196 AP 0.6372 | best val 0.6624 (epoch 47, test 0.6371764425275277)
epoch 048 | 155.3s | train loss 0.1569 AP 0.7413 | val loss 0.2105 AP 0.6583 | test loss 0.2255 AP 0.6455 | best val 0.6624 (epoch 47, test 0.6371764425275277)
epoch 049 | 154.0s | train loss 0.1557 AP 0.7415 | val loss 0.1987 AP 0.6615 | test loss 0.2153 AP 0.6386 | best val 0.6624 (epoch 47, test 0.6371764425275277)
epoch 050 | 153.1s | train loss 0.1558 AP 0.7431 | val loss 0.2048 AP 0.6590 | test loss 0.2193 AP 0.6510 | best val 0.6624 (epoch 47, test 0.6371764425275277)
epoch 051 | 154.1s | train loss 0.1542 AP 0.7454 | val loss 0.2031 AP 0.6546 | test loss 0.2169 AP 0.6458 | best val 0.6624 (epoch 47, test 0.6371764425275277)
epoch 052 | 153.9s | train loss 0.1508 AP 0.7543 | val loss 0.2030 AP 0.6671 | test loss 0.2169 AP 0.6576 | best val 0.6671 (epoch 52, test 0.6576049738129611)
epoch 053 | 154.2s | train loss 0.1501 AP 0.7557 | val loss 0.2041 AP 0.6777 | test loss 0.2234 AP 0.6596 | best val 0.6777 (epoch 53, test 0.6595554873955924)
epoch 054 | 153.1s | train loss 0.1468 AP 0.7618 | val loss 0.2005 AP 0.6726 | test loss 0.2125 AP 0.6574 | best val 0.6777 (epoch 53, test 0.6595554873955924)
epoch 055 | 153.6s | train loss 0.1441 AP 0.7655 | val loss 0.2015 AP 0.6752 | test loss 0.2143 AP 0.6574 | best val 0.6777 (epoch 53, test 0.6595554873955924)
epoch 056 | 154.6s | train loss 0.1445 AP 0.7710 | val loss 0.1959 AP 0.6635 | test loss 0.2066 AP 0.6511 | best val 0.6777 (epoch 53, test 0.6595554873955924)
epoch 057 | 152.9s | train loss 0.1423 AP 0.7734 | val loss 0.2019 AP 0.6699 | test loss 0.2146 AP 0.6566 | best val 0.6777 (epoch 53, test 0.6595554873955924)
epoch 058 | 155.8s | train loss 0.1432 AP 0.7711 | val loss 0.2022 AP 0.6760 | test loss 0.2170 AP 0.6527 | best val 0.6777 (epoch 53, test 0.6595554873955924)
epoch 059 | 153.6s | train loss 0.1394 AP 0.7780 | val loss 0.1967 AP 0.6820 | test loss 0.2175 AP 0.6610 | best val 0.6820 (epoch 59, test 0.6610312755978668)
epoch 060 | 153.6s | train loss 0.1380 AP 0.7849 | val loss 0.2048 AP 0.6803 | test loss 0.2252 AP 0.6499 | best val 0.6820 (epoch 59, test 0.6610312755978668)
epoch 061 | 155.4s | train loss 0.1389 AP 0.7855 | val loss 0.2022 AP 0.6764 | test loss 0.2212 AP 0.6595 | best val 0.6820 (epoch 59, test 0.6610312755978668)
epoch 062 | 154.5s | train loss 0.1370 AP 0.7894 | val loss 0.2187 AP 0.6419 | test loss 0.2303 AP 0.6318 | best val 0.6820 (epoch 59, test 0.6610312755978668)
epoch 063 | 153.1s | train loss 0.1382 AP 0.7855 | val loss 0.1939 AP 0.6810 | test loss 0.2117 AP 0.6649 | best val 0.6820 (epoch 59, test 0.6610312755978668)
epoch 064 | 154.8s | train loss 0.1333 AP 0.7959 | val loss 0.2071 AP 0.6750 | test loss 0.2228 AP 0.6583 | best val 0.6820 (epoch 59, test 0.6610312755978668)
epoch 065 | 155.4s | train loss 0.1301 AP 0.8028 | val loss 0.1982 AP 0.6897 | test loss 0.2274 AP 0.6587 | best val 0.6897 (epoch 65, test 0.6586724537523252)
epoch 066 | 156.5s | train loss 0.1283 AP 0.8050 | val loss 0.2114 AP 0.6771 | test loss 0.2360 AP 0.6536 | best val 0.6897 (epoch 65, test 0.6586724537523252)
epoch 067 | 154.9s | train loss 0.1270 AP 0.8051 | val loss 0.2076 AP 0.6822 | test loss 0.2339 AP 0.6616 | best val 0.6897 (epoch 65, test 0.6586724537523252)
epoch 068 | 153.8s | train loss 0.1248 AP 0.8094 | val loss 0.2109 AP 0.6724 | test loss 0.2330 AP 0.6553 | best val 0.6897 (epoch 65, test 0.6586724537523252)
epoch 069 | 160.1s | train loss 0.1235 AP 0.8140 | val loss 0.2129 AP 0.6861 | test loss 0.2357 AP 0.6721 | best val 0.6897 (epoch 65, test 0.6586724537523252)
epoch 070 | 167.6s | train loss 0.1204 AP 0.8255 | val loss 0.1983 AP 0.6856 | test loss 0.2150 AP 0.6654 | best val 0.6897 (epoch 65, test 0.6586724537523252)
epoch 071 | 165.7s | train loss 0.1202 AP 0.8268 | val loss 0.2050 AP 0.6877 | test loss 0.2268 AP 0.6664 | best val 0.6897 (epoch 65, test 0.6586724537523252)
epoch 072 | 166.7s | train loss 0.1164 AP 0.8328 | val loss 0.2092 AP 0.6837 | test loss 0.2317 AP 0.6647 | best val 0.6897 (epoch 65, test 0.6586724537523252)
epoch 073 | 164.8s | train loss 0.1161 AP 0.8302 | val loss 0.2176 AP 0.6846 | test loss 0.2344 AP 0.6710 | best val 0.6897 (epoch 65, test 0.6586724537523252)
epoch 074 | 164.8s | train loss 0.1130 AP 0.8405 | val loss 0.2106 AP 0.6904 | test loss 0.2277 AP 0.6814 | best val 0.6904 (epoch 74, test 0.6813884035329185)
epoch 075 | 163.3s | train loss 0.1131 AP 0.8426 | val loss 0.2166 AP 0.6881 | test loss 0.2358 AP 0.6666 | best val 0.6904 (epoch 74, test 0.6813884035329185)
epoch 076 | 159.0s | train loss 0.1109 AP 0.8430 | val loss 0.2300 AP 0.6780 | test loss 0.2487 AP 0.6672 | best val 0.6904 (epoch 74, test 0.6813884035329185)
epoch 077 | 157.8s | train loss 0.1100 AP 0.8430 | val loss 0.2063 AP 0.6866 | test loss 0.2246 AP 0.6697 | best val 0.6904 (epoch 74, test 0.6813884035329185)
epoch 078 | 159.2s | train loss 0.1074 AP 0.8483 | val loss 0.2110 AP 0.6908 | test loss 0.2353 AP 0.6752 | best val 0.6908 (epoch 78, test 0.6751845191116017)
epoch 079 | 160.2s | train loss 0.1061 AP 0.8522 | val loss 0.2116 AP 0.6799 | test loss 0.2351 AP 0.6544 | best val 0.6908 (epoch 78, test 0.6751845191116017)
epoch 080 | 160.8s | train loss 0.1061 AP 0.8493 | val loss 0.2091 AP 0.6877 | test loss 0.2386 AP 0.6707 | best val 0.6908 (epoch 78, test 0.6751845191116017)
epoch 081 | 159.2s | train loss 0.1039 AP 0.8593 | val loss 0.2122 AP 0.6869 | test loss 0.2363 AP 0.6733 | best val 0.6908 (epoch 78, test 0.6751845191116017)
epoch 082 | 156.7s | train loss 0.1043 AP 0.8535 | val loss 0.2186 AP 0.6838 | test loss 0.2462 AP 0.6706 | best val 0.6908 (epoch 78, test 0.6751845191116017)
epoch 083 | 162.8s | train loss 0.1038 AP 0.8574 | val loss 0.2185 AP 0.6808 | test loss 0.2367 AP 0.6767 | best val 0.6908 (epoch 78, test 0.6751845191116017)
epoch 084 | 157.9s | train loss 0.1031 AP 0.8613 | val loss 0.2188 AP 0.6945 | test loss 0.2591 AP 0.6795 | best val 0.6945 (epoch 84, test 0.6794521621490718)
epoch 085 | 157.4s | train loss 0.1008 AP 0.8629 | val loss 0.2134 AP 0.6967 | test loss 0.2431 AP 0.6857 | best val 0.6967 (epoch 85, test 0.685659584051223)
epoch 086 | 155.2s | train loss 0.0972 AP 0.8712 | val loss 0.2313 AP 0.6836 | test loss 0.2523 AP 0.6758 | best val 0.6967 (epoch 85, test 0.685659584051223)
epoch 087 | 156.6s | train loss 0.0952 AP 0.8729 | val loss 0.2341 AP 0.6860 | test loss 0.2575 AP 0.6781 | best val 0.6967 (epoch 85, test 0.685659584051223)
epoch 088 | 157.0s | train loss 0.0939 AP 0.8761 | val loss 0.2223 AP 0.6929 | test loss 0.2460 AP 0.6858 | best val 0.6967 (epoch 85, test 0.685659584051223)
epoch 089 | 156.3s | train loss 0.0951 AP 0.8736 | val loss 0.2226 AP 0.6931 | test loss 0.2526 AP 0.6735 | best val 0.6967 (epoch 85, test 0.685659584051223)
epoch 090 | 156.8s | train loss 0.0925 AP 0.8836 | val loss 0.2414 AP 0.6859 | test loss 0.2629 AP 0.6741 | best val 0.6967 (epoch 85, test 0.685659584051223)
epoch 091 | 155.5s | train loss 0.0907 AP 0.8849 | val loss 0.2317 AP 0.6935 | test loss 0.2588 AP 0.6791 | best val 0.6967 (epoch 85, test 0.685659584051223)
epoch 092 | 155.6s | train loss 0.0906 AP 0.8830 | val loss 0.2312 AP 0.6858 | test loss 0.2608 AP 0.6737 | best val 0.6967 (epoch 85, test 0.685659584051223)
epoch 093 | 154.2s | train loss 0.0898 AP 0.8882 | val loss 0.2291 AP 0.6847 | test loss 0.2581 AP 0.6775 | best val 0.6967 (epoch 85, test 0.685659584051223)
epoch 094 | 153.5s | train loss 0.0911 AP 0.8815 | val loss 0.2323 AP 0.6864 | test loss 0.2582 AP 0.6782 | best val 0.6967 (epoch 85, test 0.685659584051223)
epoch 095 | 154.9s | train loss 0.0895 AP 0.8906 | val loss 0.2285 AP 0.6851 | test loss 0.2568 AP 0.6720 | best val 0.6967 (epoch 85, test 0.685659584051223)
epoch 096 | 154.7s | train loss 0.0876 AP 0.8884 | val loss 0.2363 AP 0.6982 | test loss 0.2635 AP 0.6834 | best val 0.6982 (epoch 96, test 0.6833756362246195)
epoch 097 | 155.0s | train loss 0.0842 AP 0.8964 | val loss 0.2259 AP 0.6882 | test loss 0.2493 AP 0.6834 | best val 0.6982 (epoch 96, test 0.6833756362246195)
epoch 098 | 153.8s | train loss 0.0840 AP 0.8995 | val loss 0.2334 AP 0.6954 | test loss 0.2568 AP 0.6886 | best val 0.6982 (epoch 96, test 0.6833756362246195)
epoch 099 | 154.2s | train loss 0.0837 AP 0.8967 | val loss 0.2349 AP 0.6952 | test loss 0.2601 AP 0.6856 | best val 0.6982 (epoch 96, test 0.6833756362246195)
epoch 100 | 156.3s | train loss 0.0842 AP 0.8977 | val loss 0.2270 AP 0.6951 | test loss 0.2537 AP 0.6904 | best val 0.6982 (epoch 96, test 0.6833756362246195)
epoch 101 | 154.7s | train loss 0.0815 AP 0.9013 | val loss 0.2367 AP 0.7016 | test loss 0.2699 AP 0.6881 | best val 0.7016 (epoch 101, test 0.6880988056414651)
epoch 102 | 155.2s | train loss 0.0793 AP 0.9047 | val loss 0.2407 AP 0.6976 | test loss 0.2624 AP 0.6920 | best val 0.7016 (epoch 101, test 0.6880988056414651)
epoch 103 | 156.3s | train loss 0.0801 AP 0.9030 | val loss 0.2388 AP 0.6925 | test loss 0.2613 AP 0.6853 | best val 0.7016 (epoch 101, test 0.6880988056414651)
epoch 104 | 160.2s | train loss 0.0778 AP 0.9063 | val loss 0.2367 AP 0.6943 | test loss 0.2603 AP 0.6893 | best val 0.7016 (epoch 101, test 0.6880988056414651)
epoch 105 | 162.5s | train loss 0.0775 AP 0.9102 | val loss 0.2480 AP 0.6988 | test loss 0.2839 AP 0.6849 | best val 0.7016 (epoch 101, test 0.6880988056414651)
epoch 106 | 161.9s | train loss 0.0768 AP 0.9106 | val loss 0.2397 AP 0.6942 | test loss 0.2727 AP 0.6859 | best val 0.7016 (epoch 101, test 0.6880988056414651)
epoch 107 | 161.6s | train loss 0.0748 AP 0.9156 | val loss 0.2488 AP 0.6924 | test loss 0.2772 AP 0.6856 | best val 0.7016 (epoch 101, test 0.6880988056414651)
epoch 108 | 160.4s | train loss 0.0737 AP 0.9149 | val loss 0.2459 AP 0.7014 | test loss 0.2796 AP 0.6915 | best val 0.7016 (epoch 101, test 0.6880988056414651)
epoch 109 | 161.7s | train loss 0.0714 AP 0.9192 | val loss 0.2495 AP 0.6999 | test loss 0.2805 AP 0.6937 | best val 0.7016 (epoch 101, test 0.6880988056414651)
epoch 110 | 163.9s | train loss 0.0714 AP 0.9196 | val loss 0.2635 AP 0.6944 | test loss 0.2953 AP 0.6941 | best val 0.7016 (epoch 101, test 0.6880988056414651)
epoch 111 | 167.6s | train loss 0.0701 AP 0.9244 | val loss 0.2449 AP 0.7002 | test loss 0.2750 AP 0.6964 | best val 0.7016 (epoch 101, test 0.6880988056414651)
epoch 112 | 169.9s | train loss 0.0696 AP 0.9246 | val loss 0.2632 AP 0.6969 | test loss 0.2946 AP 0.6930 | best val 0.7016 (epoch 101, test 0.6880988056414651)
epoch 113 | 169.3s | train loss 0.0692 AP 0.9237 | val loss 0.2525 AP 0.6995 | test loss 0.2863 AP 0.6947 | best val 0.7016 (epoch 101, test 0.6880988056414651)
epoch 114 | 166.2s | train loss 0.0679 AP 0.9264 | val loss 0.2661 AP 0.6920 | test loss 0.2935 AP 0.6901 | best val 0.7016 (epoch 101, test 0.6880988056414651)
epoch 115 | 169.4s | train loss 0.0680 AP 0.9210 | val loss 0.2639 AP 0.6982 | test loss 0.2883 AP 0.6928 | best val 0.7016 (epoch 101, test 0.6880988056414651)
epoch 116 | 168.7s | train loss 0.0662 AP 0.9305 | val loss 0.2609 AP 0.7000 | test loss 0.2920 AP 0.6950 | best val 0.7016 (epoch 101, test 0.6880988056414651)
epoch 117 | 164.8s | train loss 0.0643 AP 0.9320 | val loss 0.2512 AP 0.7025 | test loss 0.2829 AP 0.6950 | best val 0.7025 (epoch 117, test 0.6950053195430813)
epoch 118 | 163.2s | train loss 0.0636 AP 0.9351 | val loss 0.2756 AP 0.7049 | test loss 0.3101 AP 0.6960 | best val 0.7049 (epoch 118, test 0.6959510653771954)
epoch 119 | 162.9s | train loss 0.0639 AP 0.9327 | val loss 0.2547 AP 0.7020 | test loss 0.2847 AP 0.6968 | best val 0.7049 (epoch 118, test 0.6959510653771954)
epoch 120 | 163.3s | train loss 0.0639 AP 0.9336 | val loss 0.2769 AP 0.7076 | test loss 0.3148 AP 0.7000 | best val 0.7076 (epoch 120, test 0.699977180635145)
epoch 121 | 163.9s | train loss 0.0629 AP 0.9334 | val loss 0.2691 AP 0.6967 | test loss 0.2990 AP 0.6922 | best val 0.7076 (epoch 120, test 0.699977180635145)
epoch 122 | 166.1s | train loss 0.0613 AP 0.9369 | val loss 0.2707 AP 0.6971 | test loss 0.2971 AP 0.6912 | best val 0.7076 (epoch 120, test 0.699977180635145)
epoch 123 | 164.2s | train loss 0.0610 AP 0.9367 | val loss 0.2717 AP 0.7018 | test loss 0.3039 AP 0.6995 | best val 0.7076 (epoch 120, test 0.699977180635145)
epoch 124 | 165.5s | train loss 0.0601 AP 0.9409 | val loss 0.2872 AP 0.6987 | test loss 0.3186 AP 0.6965 | best val 0.7076 (epoch 120, test 0.699977180635145)
epoch 125 | 167.0s | train loss 0.0598 AP 0.9381 | val loss 0.2903 AP 0.7021 | test loss 0.3216 AP 0.6965 | best val 0.7076 (epoch 120, test 0.699977180635145)
epoch 126 | 171.7s | train loss 0.0578 AP 0.9385 | val loss 0.2843 AP 0.6979 | test loss 0.3181 AP 0.6908 | best val 0.7076 (epoch 120, test 0.699977180635145)
epoch 127 | 169.9s | train loss 0.0575 AP 0.9434 | val loss 0.2811 AP 0.6996 | test loss 0.3076 AP 0.6978 | best val 0.7076 (epoch 120, test 0.699977180635145)
epoch 128 | 169.1s | train loss 0.0568 AP 0.9428 | val loss 0.2663 AP 0.6980 | test loss 0.2927 AP 0.7000 | best val 0.7076 (epoch 120, test 0.699977180635145)
epoch 129 | 170.5s | train loss 0.0569 AP 0.9462 | val loss 0.2894 AP 0.7049 | test loss 0.3284 AP 0.6981 | best val 0.7076 (epoch 120, test 0.699977180635145)
epoch 130 | 169.8s | train loss 0.0553 AP 0.9485 | val loss 0.2804 AP 0.7055 | test loss 0.3141 AP 0.6999 | best val 0.7076 (epoch 120, test 0.699977180635145)
epoch 131 | 167.2s | train loss 0.0566 AP 0.9449 | val loss 0.2866 AP 0.7051 | test loss 0.3291 AP 0.6974 | best val 0.7076 (epoch 120, test 0.699977180635145)
epoch 132 | 164.7s | train loss 0.0556 AP 0.9461 | val loss 0.2849 AP 0.7019 | test loss 0.3124 AP 0.6970 | best val 0.7076 (epoch 120, test 0.699977180635145)
epoch 133 | 166.3s | train loss 0.0545 AP 0.9499 | val loss 0.2933 AP 0.6989 | test loss 0.3215 AP 0.6997 | best val 0.7076 (epoch 120, test 0.699977180635145)
epoch 134 | 165.4s | train loss 0.0554 AP 0.9458 | val loss 0.2869 AP 0.7045 | test loss 0.3172 AP 0.7029 | best val 0.7076 (epoch 120, test 0.699977180635145)
epoch 135 | 169.0s | train loss 0.0540 AP 0.9475 | val loss 0.2842 AP 0.7078 | test loss 0.3189 AP 0.6995 | best val 0.7078 (epoch 135, test 0.6994958307383455)
epoch 136 | 165.4s | train loss 0.0528 AP 0.9489 | val loss 0.2848 AP 0.7052 | test loss 0.3207 AP 0.6959 | best val 0.7078 (epoch 135, test 0.6994958307383455)
epoch 137 | 164.7s | train loss 0.0520 AP 0.9511 | val loss 0.3052 AP 0.7036 | test loss 0.3460 AP 0.6972 | best val 0.7078 (epoch 135, test 0.6994958307383455)
epoch 138 | 165.0s | train loss 0.0520 AP 0.9517 | val loss 0.2948 AP 0.7038 | test loss 0.3258 AP 0.7004 | best val 0.7078 (epoch 135, test 0.6994958307383455)
epoch 139 | 162.3s | train loss 0.0522 AP 0.9526 | val loss 0.2866 AP 0.6968 | test loss 0.3137 AP 0.7006 | best val 0.7078 (epoch 135, test 0.6994958307383455)
epoch 140 | 160.6s | train loss 0.0504 AP 0.9527 | val loss 0.2993 AP 0.6971 | test loss 0.3303 AP 0.6990 | best val 0.7078 (epoch 135, test 0.6994958307383455)
epoch 141 | 157.8s | train loss 0.0513 AP 0.9552 | val loss 0.2933 AP 0.7030 | test loss 0.3194 AP 0.7041 | best val 0.7078 (epoch 135, test 0.6994958307383455)
epoch 142 | 157.1s | train loss 0.0499 AP 0.9520 | val loss 0.2867 AP 0.6986 | test loss 0.3132 AP 0.6971 | best val 0.7078 (epoch 135, test 0.6994958307383455)
epoch 143 | 159.0s | train loss 0.0488 AP 0.9580 | val loss 0.2893 AP 0.7038 | test loss 0.3195 AP 0.7025 | best val 0.7078 (epoch 135, test 0.6994958307383455)
epoch 144 | 159.0s | train loss 0.0478 AP 0.9560 | val loss 0.3024 AP 0.6996 | test loss 0.3345 AP 0.7029 | best val 0.7078 (epoch 135, test 0.6994958307383455)
epoch 145 | 158.8s | train loss 0.0477 AP 0.9583 | val loss 0.3063 AP 0.7031 | test loss 0.3313 AP 0.7036 | best val 0.7078 (epoch 135, test 0.6994958307383455)
epoch 146 | 159.5s | train loss 0.0472 AP 0.9592 | val loss 0.3191 AP 0.7036 | test loss 0.3530 AP 0.7024 | best val 0.7078 (epoch 135, test 0.6994958307383455)
epoch 147 | 160.8s | train loss 0.0471 AP 0.9611 | val loss 0.3133 AP 0.7049 | test loss 0.3474 AP 0.7018 | best val 0.7078 (epoch 135, test 0.6994958307383455)
{'dataset': 'Peptides-func', 'max_hops': 40, 'use_lap_pe': False, 'lap_pe_dim': 8, 'hidden_dim': 320, 'num_heads': 20, 'ffn_ratio': 4, 'num_layers': 2, 'dropout': 0.2, 'graph_pool': 'sum', 'hop_mode': 'window', 'hop_window': 1, 'num_global_heads': 0, 'lr': 0.001, 'lr_min': 1e-06, 'weight_decay': 0.0003, 'batch_size': 64, 'max_epochs': 200, 'patience': 40, 'reduce_lr_patience': 20, 'warmup_ratio': 0.05, 'grad_clip': 1.0, 'num_workers': 4, 'dist_mask_workers': 8, 'device': None, 'save_dir': 'checkpoints_hop_masked', 'seed': 0, 'checkpoint': None}
Unknown args =  []
[Peptides-func] task=multi_label level=graph metric=macro_ap (higher_is_better=True)
  Loading cached distance masks from ./data/Peptides-func/dist_masks/train.pkl
  Loading cached distance masks from ./data/Peptides-func/dist_masks/val.pkl
  Loading cached distance masks from ./data/Peptides-func/dist_masks/test.pkl
Head -> hop set assignment:
  head 0: [0, 1, 2]
  head 1: [0, 2, 3, 4]
  head 2: [0, 4, 5, 6]
  head 3: [0, 6, 7, 8]
  head 4: [0, 8, 9, 10]
  head 5: [0, 10, 11, 12]
  head 6: [0, 12, 13, 14]
  head 7: [0, 14, 15, 16]
  head 8: [0, 16, 17, 18]
  head 9: [0, 18, 19, 20]
  head 10: [0, 20, 21, 22]
  head 11: [0, 22, 23, 24]
  head 12: [0, 24, 25, 26]
  head 13: [0, 26, 27, 28]
  head 14: [0, 28, 29, 30]
  head 15: [0, 30, 31, 32]
  head 16: [0, 32, 33, 34]
  head 17: [0, 34, 35, 36]
  head 18: [0, 36, 37, 38]
  head 19: [0, 38, 39]
trainable params: 2.731M
{'dataset': 'Peptides-func', 'max_hops': 40, 'use_lap_pe': False, 'lap_pe_dim': 8, 'hidden_dim': 320, 'num_heads': 20, 'ffn_ratio': 4, 'num_layers': 2, 'dropout': 0.2, 'graph_pool': 'sum', 'hop_mode': 'window', 'hop_window': 1, 'num_global_heads': 0, 'lr': 0.001, 'lr_min': 1e-06, 'weight_decay': 0.0003, 'batch_size': 64, 'max_epochs': 200, 'patience': 40, 'reduce_lr_patience': 20, 'warmup_ratio': 0.05, 'grad_clip': 1.0, 'num_workers': 4, 'dist_mask_workers': 8, 'device': None, 'save_dir': 'checkpoints_hop_masked', 'seed': 0, 'checkpoint': 'checkpoints_hop_masked/best_Peptides-func.pt'}
Unknown args =  []
[Peptides-func] task=multi_label level=graph metric=macro_ap (higher_is_better=True)
  Loading cached distance masks from ./data/Peptides-func/dist_masks/train.pkl
  Loading cached distance masks from ./data/Peptides-func/dist_masks/val.pkl
  Loading cached distance masks from ./data/Peptides-func/dist_masks/test.pkl
Head -> hop set assignment:
  head 0: [0, 1, 2]
  head 1: [0, 2, 3, 4]
  head 2: [0, 4, 5, 6]
  head 3: [0, 6, 7, 8]
  head 4: [0, 8, 9, 10]
  head 5: [0, 10, 11, 12]
  head 6: [0, 12, 13, 14]
  head 7: [0, 14, 15, 16]
  head 8: [0, 16, 17, 18]
  head 9: [0, 18, 19, 20]
  head 10: [0, 20, 21, 22]
  head 11: [0, 22, 23, 24]
  head 12: [0, 24, 25, 26]
  head 13: [0, 26, 27, 28]
  head 14: [0, 28, 29, 30]
  head 15: [0, 30, 31, 32]
  head 16: [0, 32, 33, 34]
  head 17: [0, 34, 35, 36]
  head 18: [0, 36, 37, 38]
  head 19: [0, 38, 39]
trainable params: 2.731M
ReduceLROnPlateau: mode=max, patience=20, factor=0.5, min_lr=1e-06
Loading checkpoint from: checkpoints_hop_masked/best_Peptides-func.pt
  ✓ model weights loaded
  ✓ step-scheduler fast-forwarded (22950 steps)
  Resuming from epoch 136 (best_val=-inf at epoch -1)
epoch 136 | 164.5s | train loss 0.0544 AP 0.9462 | val loss 0.2838 AP 0.7060 | test loss 0.3201 AP 0.7050 | best val 0.7060 (epoch 136, test 0.7049699912757151)
epoch 137 | 163.6s | train loss 0.0513 AP 0.9490 | val loss 0.2940 AP 0.7049 | test loss 0.3305 AP 0.7033 | best val 0.7060 (epoch 136, test 0.7049699912757151)
epoch 138 | 159.2s | train loss 0.0508 AP 0.9522 | val loss 0.2779 AP 0.7028 | test loss 0.3153 AP 0.7003 | best val 0.7060 (epoch 136, test 0.7049699912757151)
epoch 139 | 159.7s | train loss 0.0516 AP 0.9519 | val loss 0.2911 AP 0.7023 | test loss 0.3289 AP 0.7002 | best val 0.7060 (epoch 136, test 0.7049699912757151)
epoch 140 | 158.1s | train loss 0.0497 AP 0.9547 | val loss 0.2881 AP 0.7062 | test loss 0.3210 AP 0.7022 | best val 0.7062 (epoch 140, test 0.7021685019334838)
epoch 141 | 160.0s | train loss 0.0512 AP 0.9538 | val loss 0.2845 AP 0.6989 | test loss 0.3163 AP 0.6955 | best val 0.7062 (epoch 140, test 0.7021685019334838)
epoch 142 | 160.0s | train loss 0.0497 AP 0.9565 | val loss 0.2883 AP 0.7034 | test loss 0.3201 AP 0.7039 | best val 0.7062 (epoch 140, test 0.7021685019334838)
epoch 143 | 160.1s | train loss 0.0495 AP 0.9552 | val loss 0.2930 AP 0.6995 | test loss 0.3197 AP 0.7047 | best val 0.7062 (epoch 140, test 0.7021685019334838)
epoch 144 | 161.8s | train loss 0.0475 AP 0.9588 | val loss 0.3118 AP 0.7007 | test loss 0.3410 AP 0.7014 | best val 0.7062 (epoch 140, test 0.7021685019334838)
epoch 145 | 159.7s | train loss 0.0490 AP 0.9562 | val loss 0.2948 AP 0.7018 | test loss 0.3242 AP 0.7005 | best val 0.7062 (epoch 140, test 0.7021685019334838)
epoch 146 | 162.6s | train loss 0.0470 AP 0.9604 | val loss 0.2994 AP 0.7047 | test loss 0.3309 AP 0.7019 | best val 0.7062 (epoch 140, test 0.7021685019334838)
epoch 147 | 160.4s | train loss 0.0472 AP 0.9579 | val loss 0.2969 AP 0.7033 | test loss 0.3326 AP 0.7050 | best val 0.7062 (epoch 140, test 0.7021685019334838)
epoch 148 | 162.5s | train loss 0.0468 AP 0.9579 | val loss 0.2948 AP 0.7020 | test loss 0.3208 AP 0.7062 | best val 0.7062 (epoch 140, test 0.7021685019334838)
epoch 149 | 163.3s | train loss 0.0468 AP 0.9580 | val loss 0.2995 AP 0.7002 | test loss 0.3299 AP 0.7058 | best val 0.7062 (epoch 140, test 0.7021685019334838)
epoch 150 | 167.6s | train loss 0.0458 AP 0.9599 | val loss 0.3096 AP 0.7037 | test loss 0.3433 AP 0.7061 | best val 0.7062 (epoch 140, test 0.7021685019334838)
epoch 151 | 165.8s | train loss 0.0445 AP 0.9603 | val loss 0.3051 AP 0.7050 | test loss 0.3386 AP 0.7053 | best val 0.7062 (epoch 140, test 0.7021685019334838)
epoch 152 | 167.4s | train loss 0.0446 AP 0.9639 | val loss 0.2981 AP 0.7028 | test loss 0.3339 AP 0.7059 | best val 0.7062 (epoch 140, test 0.7021685019334838)
epoch 153 | 165.0s | train loss 0.0445 AP 0.9602 | val loss 0.3012 AP 0.7042 | test loss 0.3320 AP 0.7105 | best val 0.7062 (epoch 140, test 0.7021685019334838)
epoch 154 | 164.0s | train loss 0.0435 AP 0.9641 | val loss 0.3137 AP 0.7050 | test loss 0.3466 AP 0.7065 | best val 0.7062 (epoch 140, test 0.7021685019334838)
epoch 155 | 164.3s | train loss 0.0436 AP 0.9638 | val loss 0.3168 AP 0.7057 | test loss 0.3533 AP 0.7062 | best val 0.7062 (epoch 140, test 0.7021685019334838)
epoch 156 | 164.7s | train loss 0.0429 AP 0.9654 | val loss 0.3122 AP 0.7059 | test loss 0.3490 AP 0.7077 | best val 0.7062 (epoch 140, test 0.7021685019334838)
epoch 157 | 164.8s | train loss 0.0427 AP 0.9657 | val loss 0.3139 AP 0.7024 | test loss 0.3442 AP 0.7088 | best val 0.7062 (epoch 140, test 0.7021685019334838)
epoch 158 | 162.3s | train loss 0.0430 AP 0.9634 | val loss 0.3098 AP 0.7040 | test loss 0.3428 AP 0.7067 | best val 0.7062 (epoch 140, test 0.7021685019334838)
epoch 159 | 155.2s | train loss 0.0434 AP 0.9650 | val loss 0.3127 AP 0.7027 | test loss 0.3474 AP 0.7052 | best val 0.7062 (epoch 140, test 0.7021685019334838)
epoch 160 | 156.4s | train loss 0.0425 AP 0.9638 | val loss 0.3216 AP 0.7030 | test loss 0.3545 AP 0.7057 | best val 0.7062 (epoch 140, test 0.7021685019334838)
epoch 161 | 157.2s | train loss 0.0415 AP 0.9686 | val loss 0.3226 AP 0.7010 | test loss 0.3556 AP 0.7018 | best val 0.7062 (epoch 140, test 0.7021685019334838)
epoch 162 | 155.6s | train loss 0.0410 AP 0.9682 | val loss 0.3224 AP 0.7048 | test loss 0.3561 AP 0.7059 | best val 0.7062 (epoch 140, test 0.7021685019334838)
epoch 163 | 158.5s | train loss 0.0401 AP 0.9689 | val loss 0.3247 AP 0.7023 | test loss 0.3554 AP 0.7069 | best val 0.7062 (epoch 140, test 0.7021685019334838)
epoch 164 | 159.1s | train loss 0.0407 AP 0.9676 | val loss 0.3160 AP 0.7021 | test loss 0.3467 AP 0.7055 | best val 0.7062 (epoch 140, test 0.7021685019334838)
epoch 165 | 160.0s | train loss 0.0403 AP 0.9688 | val loss 0.3134 AP 0.7018 | test loss 0.3472 AP 0.7047 | best val 0.7062 (epoch 140, test 0.7021685019334838)
epoch 166 | 159.6s | train loss 0.0397 AP 0.9692 | val loss 0.3176 AP 0.7046 | test loss 0.3523 AP 0.7062 | best val 0.7062 (epoch 140, test 0.7021685019334838)
epoch 167 | 160.9s | train loss 0.0399 AP 0.9691 | val loss 0.3132 AP 0.7043 | test loss 0.3465 AP 0.7050 | best val 0.7062 (epoch 140, test 0.7021685019334838)
epoch 168 | 150.3s | train loss 0.0388 AP 0.9721 | val loss 0.3169 AP 0.7044 | test loss 0.3532 AP 0.7052 | best val 0.7062 (epoch 140, test 0.7021685019334838)
epoch 169 | 153.4s | train loss 0.0385 AP 0.9696 | val loss 0.3200 AP 0.7048 | test loss 0.3549 AP 0.7041 | best val 0.7062 (epoch 140, test 0.7021685019334838)
epoch 170 | 153.6s | train loss 0.0387 AP 0.9704 | val loss 0.3232 AP 0.7019 | test loss 0.3540 AP 0.7054 | best val 0.7062 (epoch 140, test 0.7021685019334838)
epoch 171 | 144.4s | train loss 0.0392 AP 0.9695 | val loss 0.3229 AP 0.7031 | test loss 0.3572 AP 0.7054 | best val 0.7062 (epoch 140, test 0.7021685019334838)
epoch 172 | 139.7s | train loss 0.0383 AP 0.9702 | val loss 0.3279 AP 0.7034 | test loss 0.3636 AP 0.7060 | best val 0.7062 (epoch 140, test 0.7021685019334838)
epoch 173 | 140.0s | train loss 0.0393 AP 0.9699 | val loss 0.3253 AP 0.7033 | test loss 0.3572 AP 0.7071 | best val 0.7062 (epoch 140, test 0.7021685019334838)
epoch 174 | 140.5s | train loss 0.0381 AP 0.9709 | val loss 0.3244 AP 0.7028 | test loss 0.3554 AP 0.7057 | best val 0.7062 (epoch 140, test 0.7021685019334838)
epoch 175 | 140.6s | train loss 0.0384 AP 0.9715 | val loss 0.3223 AP 0.7019 | test loss 0.3547 AP 0.7068 | best val 0.7062 (epoch 140, test 0.7021685019334838)
epoch 176 | 144.4s | train loss 0.0381 AP 0.9714 | val loss 0.3198 AP 0.7020 | test loss 0.3516 AP 0.7056 | best val 0.7062 (epoch 140, test 0.7021685019334838)
epoch 177 | 144.2s | train loss 0.0372 AP 0.9720 | val loss 0.3280 AP 0.7038 | test loss 0.3613 AP 0.7061 | best val 0.7062 (epoch 140, test 0.7021685019334838)
epoch 178 | 143.6s | train loss 0.0371 AP 0.9730 | val loss 0.3328 AP 0.7050 | test loss 0.3674 AP 0.7068 | best val 0.7062 (epoch 140, test 0.7021685019334838)
epoch 179 | 143.5s | train loss 0.0363 AP 0.9731 | val loss 0.3284 AP 0.7040 | test loss 0.3639 AP 0.7071 | best val 0.7062 (epoch 140, test 0.7021685019334838)
epoch 180 | 142.3s | train loss 0.0370 AP 0.9734 | val loss 0.3257 AP 0.7025 | test loss 0.3599 AP 0.7063 | best val 0.7062 (epoch 140, test 0.7021685019334838)
early stopping at epoch 180 (no val improvement in 40 epochs)
BEST: val AP 0.7062 | test AP 0.7022 (epoch 140)
