{'dataset': 'Peptides-func', 'max_hops': 40, 'use_lap_pe': False, 'lap_pe_dim': 8, 'hidden_dim': 384, 'num_heads': 32, 'ffn_ratio': 4, 'num_layers': 3, 'dropout': 0.05, 'graph_pool': 'sum', 'hop_mode': 'window', 'hop_window': 3, 'num_global_heads': 3, 'lr': 0.0004, 'lr_min': 1e-06, 'weight_decay': 0.0026, 'batch_size': 64, 'max_epochs': 200, 'patience': 40, 'reduce_lr_patience': 20, 'warmup_ratio': 0.05, 'grad_clip': 1.0, 'num_workers': 4, 'dist_mask_workers': 8, 'device': None, 'save_dir': 'checkpoints_hop_opt_14', 'seed': 0, 'checkpoint': None}
Unknown args =  []
[Peptides-func] task=multi_label level=graph metric=macro_ap (higher_is_better=True)
  Loading cached distance masks from ./data/Peptides-func/dist_masks/train.pkl
  Loading cached distance masks from ./data/Peptides-func/dist_masks/val.pkl
  Loading cached distance masks from ./data/Peptides-func/dist_masks/test.pkl
Head -> hop set assignment:
  head 0: [0, 1, 2, 3, 4]
  head 1: [0, 1, 2, 3, 4, 5]
  head 2: [0, 1, 2, 3, 4, 5, 6, 7]
  head 3: [0, 2, 3, 4, 5, 6, 7, 8]
  head 4: [0, 3, 4, 5, 6, 7, 8, 9]
  head 5: [0, 5, 6, 7, 8, 9, 10, 11]
  head 6: [0, 6, 7, 8, 9, 10, 11, 12]
  head 7: [0, 7, 8, 9, 10, 11, 12, 13]
  head 8: [0, 9, 10, 11, 12, 13, 14, 15]
  head 9: [0, 10, 11, 12, 13, 14, 15, 16]
  head 10: [0, 12, 13, 14, 15, 16, 17, 18]
  head 11: [0, 13, 14, 15, 16, 17, 18, 19]
  head 12: [0, 14, 15, 16, 17, 18, 19, 20]
  head 13: [0, 16, 17, 18, 19, 20, 21, 22]
  head 14: [0, 17, 18, 19, 20, 21, 22, 23]
  head 15: [0, 18, 19, 20, 21, 22, 23, 24]
  head 16: [0, 20, 21, 22, 23, 24, 25, 26]
  head 17: [0, 21, 22, 23, 24, 25, 26, 27]
  head 18: [0, 22, 23, 24, 25, 26, 27, 28]
  head 19: [0, 24, 25, 26, 27, 28, 29, 30]
  head 20: [0, 25, 26, 27, 28, 29, 30, 31]
  head 21: [0, 27, 28, 29, 30, 31, 32, 33]
  head 22: [0, 28, 29, 30, 31, 32, 33, 34]
  head 23: [0, 29, 30, 31, 32, 33, 34, 35]
  head 24: [0, 31, 32, 33, 34, 35, 36, 37]
  head 25: [0, 32, 33, 34, 35, 36, 37, 38]
  head 26: [0, 33, 34, 35, 36, 37, 38, 39]
  head 27: [0, 35, 36, 37, 38, 39]
  head 28: [0, 36, 37, 38, 39]
  head 29: GLOBAL (no hop mask)
  head 30: GLOBAL (no hop mask)
  head 31: GLOBAL (no hop mask)
trainable params: 5.691M
ReduceLROnPlateau: mode=max, patience=20, factor=0.5, min_lr=1e-06
epoch 000 | 182.7s | train loss 0.4209 AP 0.1698 | val loss 0.3379 AP 0.2734 | test loss 0.3390 AP 0.2675 | best val 0.2734 (epoch 0, test 0.2675460598969413)
epoch 001 | 181.5s | train loss 0.3134 AP 0.3124 | val loss 0.2869 AP 0.3865 | test loss 0.2894 AP 0.3834 | best val 0.3865 (epoch 1, test 0.38344862965866894)
epoch 002 | 184.4s | train loss 0.2865 AP 0.3802 | val loss 0.2832 AP 0.4201 | test loss 0.2879 AP 0.4059 | best val 0.4201 (epoch 2, test 0.4058757272120591)
epoch 003 | 183.4s | train loss 0.2719 AP 0.4143 | val loss 0.2640 AP 0.4665 | test loss 0.2701 AP 0.4469 | best val 0.4665 (epoch 3, test 0.4468718961657965)
epoch 004 | 182.0s | train loss 0.2575 AP 0.4529 | val loss 0.2531 AP 0.4984 | test loss 0.2597 AP 0.4753 | best val 0.4984 (epoch 4, test 0.4753335064361564)
epoch 005 | 178.8s | train loss 0.2467 AP 0.4867 | val loss 0.2362 AP 0.5322 | test loss 0.2454 AP 0.5047 | best val 0.5322 (epoch 5, test 0.5046667528890333)
epoch 006 | 179.8s | train loss 0.2331 AP 0.5226 | val loss 0.2339 AP 0.5419 | test loss 0.2375 AP 0.5298 | best val 0.5419 (epoch 6, test 0.5298271317277194)
epoch 007 | 179.3s | train loss 0.2231 AP 0.5473 | val loss 0.2185 AP 0.5865 | test loss 0.2285 AP 0.5520 | best val 0.5865 (epoch 7, test 0.5520191832402135)
epoch 008 | 181.8s | train loss 0.2108 AP 0.5812 | val loss 0.2202 AP 0.5819 | test loss 0.2312 AP 0.5485 | best val 0.5865 (epoch 7, test 0.5520191832402135)
epoch 009 | 181.2s | train loss 0.2026 AP 0.6071 | val loss 0.2114 AP 0.6176 | test loss 0.2246 AP 0.5825 | best val 0.6176 (epoch 9, test 0.5825040971129573)
epoch 010 | 180.2s | train loss 0.1906 AP 0.6385 | val loss 0.2149 AP 0.6237 | test loss 0.2285 AP 0.5921 | best val 0.6237 (epoch 10, test 0.5920838814720524)
epoch 011 | 179.4s | train loss 0.1773 AP 0.6733 | val loss 0.2035 AP 0.6303 | test loss 0.2165 AP 0.6084 | best val 0.6303 (epoch 11, test 0.6083847801891233)
epoch 012 | 179.6s | train loss 0.1642 AP 0.7122 | val loss 0.2134 AP 0.6380 | test loss 0.2285 AP 0.6053 | best val 0.6380 (epoch 12, test 0.6053013193891883)
epoch 013 | 180.8s | train loss 0.1510 AP 0.7390 | val loss 0.2039 AP 0.6479 | test loss 0.2186 AP 0.6337 | best val 0.6479 (epoch 13, test 0.6337271745707687)
epoch 014 | 183.8s | train loss 0.1405 AP 0.7634 | val loss 0.2059 AP 0.6630 | test loss 0.2165 AP 0.6468 | best val 0.6630 (epoch 14, test 0.6467997678734838)
epoch 015 | 183.2s | train loss 0.1273 AP 0.7933 | val loss 0.2010 AP 0.6735 | test loss 0.2200 AP 0.6514 | best val 0.6735 (epoch 15, test 0.6513950830333536)
epoch 016 | 184.6s | train loss 0.1169 AP 0.8161 | val loss 0.2072 AP 0.6738 | test loss 0.2275 AP 0.6584 | best val 0.6738 (epoch 16, test 0.6583773899066125)
epoch 017 | 180.7s | train loss 0.1082 AP 0.8380 | val loss 0.2058 AP 0.6715 | test loss 0.2234 AP 0.6702 | best val 0.6738 (epoch 16, test 0.6583773899066125)
epoch 018 | 177.8s | train loss 0.0973 AP 0.8581 | val loss 0.2144 AP 0.6837 | test loss 0.2302 AP 0.6721 | best val 0.6837 (epoch 18, test 0.6721228188429061)
epoch 019 | 181.2s | train loss 0.0868 AP 0.8825 | val loss 0.2295 AP 0.6918 | test loss 0.2523 AP 0.6765 | best val 0.6918 (epoch 19, test 0.676475950352534)
epoch 020 | 180.7s | train loss 0.0819 AP 0.8917 | val loss 0.2324 AP 0.6824 | test loss 0.2494 AP 0.6640 | best val 0.6918 (epoch 19, test 0.676475950352534)
epoch 021 | 181.4s | train loss 0.0748 AP 0.9099 | val loss 0.2394 AP 0.6935 | test loss 0.2638 AP 0.6807 | best val 0.6935 (epoch 21, test 0.6807392861399827)
epoch 022 | 181.1s | train loss 0.0680 AP 0.9215 | val loss 0.2527 AP 0.6802 | test loss 0.2736 AP 0.6707 | best val 0.6935 (epoch 21, test 0.6807392861399827)
epoch 023 | 179.2s | train loss 0.0635 AP 0.9275 | val loss 0.2552 AP 0.6981 | test loss 0.2879 AP 0.6793 | best val 0.6981 (epoch 23, test 0.679263454653295)
epoch 024 | 178.1s | train loss 0.0568 AP 0.9390 | val loss 0.2574 AP 0.6932 | test loss 0.2871 AP 0.6802 | best val 0.6981 (epoch 23, test 0.679263454653295)
epoch 025 | 177.7s | train loss 0.0561 AP 0.9447 | val loss 0.2656 AP 0.6934 | test loss 0.3001 AP 0.6851 | best val 0.6981 (epoch 23, test 0.679263454653295)
epoch 026 | 177.1s | train loss 0.0490 AP 0.9544 | val loss 0.2724 AP 0.6985 | test loss 0.3069 AP 0.6875 | best val 0.6985 (epoch 26, test 0.6875267599291754)
epoch 027 | 179.0s | train loss 0.0454 AP 0.9613 | val loss 0.2745 AP 0.6913 | test loss 0.3062 AP 0.6882 | best val 0.6985 (epoch 26, test 0.6875267599291754)
epoch 028 | 176.7s | train loss 0.0471 AP 0.9585 | val loss 0.2780 AP 0.6941 | test loss 0.3120 AP 0.6863 | best val 0.6985 (epoch 26, test 0.6875267599291754)
epoch 029 | 177.0s | train loss 0.0411 AP 0.9656 | val loss 0.3013 AP 0.6863 | test loss 0.3242 AP 0.6867 | best val 0.6985 (epoch 26, test 0.6875267599291754)
epoch 030 | 177.4s | train loss 0.0424 AP 0.9650 | val loss 0.2967 AP 0.6951 | test loss 0.3200 AP 0.6876 | best val 0.6985 (epoch 26, test 0.6875267599291754)
epoch 031 | 178.2s | train loss 0.0398 AP 0.9700 | val loss 0.3081 AP 0.6928 | test loss 0.3475 AP 0.6818 | best val 0.6985 (epoch 26, test 0.6875267599291754)
epoch 032 | 176.2s | train loss 0.0359 AP 0.9748 | val loss 0.3121 AP 0.6977 | test loss 0.3358 AP 0.6946 | best val 0.6985 (epoch 26, test 0.6875267599291754)
epoch 033 | 178.5s | train loss 0.0360 AP 0.9740 | val loss 0.3124 AP 0.6899 | test loss 0.3246 AP 0.6937 | best val 0.6985 (epoch 26, test 0.6875267599291754)
epoch 034 | 178.0s | train loss 0.0319 AP 0.9769 | val loss 0.3331 AP 0.6912 | test loss 0.3763 AP 0.6785 | best val 0.6985 (epoch 26, test 0.6875267599291754)
epoch 035 | 178.4s | train loss 0.0328 AP 0.9758 | val loss 0.3032 AP 0.6957 | test loss 0.3313 AP 0.6911 | best val 0.6985 (epoch 26, test 0.6875267599291754)
epoch 036 | 179.6s | train loss 0.0334 AP 0.9785 | val loss 0.3157 AP 0.6986 | test loss 0.3474 AP 0.6811 | best val 0.6986 (epoch 36, test 0.6811135699187476)
epoch 037 | 176.1s | train loss 0.0303 AP 0.9820 | val loss 0.3254 AP 0.6979 | test loss 0.3532 AP 0.6866 | best val 0.6986 (epoch 36, test 0.6811135699187476)
epoch 038 | 178.5s | train loss 0.0259 AP 0.9850 | val loss 0.3476 AP 0.6939 | test loss 0.3794 AP 0.6856 | best val 0.6986 (epoch 36, test 0.6811135699187476)
epoch 039 | 178.6s | train loss 0.0266 AP 0.9820 | val loss 0.3615 AP 0.6923 | test loss 0.3915 AP 0.6884 | best val 0.6986 (epoch 36, test 0.6811135699187476)
epoch 040 | 179.7s | train loss 0.0280 AP 0.9844 | val loss 0.3720 AP 0.6750 | test loss 0.3969 AP 0.6865 | best val 0.6986 (epoch 36, test 0.6811135699187476)
epoch 041 | 177.4s | train loss 0.0274 AP 0.9844 | val loss 0.3401 AP 0.6937 | test loss 0.3761 AP 0.6877 | best val 0.6986 (epoch 36, test 0.6811135699187476)
epoch 042 | 178.6s | train loss 0.0328 AP 0.9786 | val loss 0.3156 AP 0.6926 | test loss 0.3444 AP 0.6955 | best val 0.6986 (epoch 36, test 0.6811135699187476)
epoch 043 | 177.9s | train loss 0.0232 AP 0.9862 | val loss 0.3877 AP 0.6930 | test loss 0.4137 AP 0.6948 | best val 0.6986 (epoch 36, test 0.6811135699187476)
epoch 044 | 178.6s | train loss 0.0243 AP 0.9863 | val loss 0.3709 AP 0.6904 | test loss 0.4108 AP 0.6901 | best val 0.6986 (epoch 36, test 0.6811135699187476)
epoch 045 | 178.2s | train loss 0.0208 AP 0.9894 | val loss 0.3687 AP 0.6996 | test loss 0.3971 AP 0.6987 | best val 0.6996 (epoch 45, test 0.6987409125749513)
epoch 046 | 180.0s | train loss 0.0201 AP 0.9906 | val loss 0.3889 AP 0.6993 | test loss 0.4186 AP 0.6954 | best val 0.6996 (epoch 45, test 0.6987409125749513)
epoch 047 | 178.1s | train loss 0.0201 AP 0.9897 | val loss 0.3961 AP 0.6857 | test loss 0.4182 AP 0.6843 | best val 0.6996 (epoch 45, test 0.6987409125749513)
epoch 048 | 176.9s | train loss 0.0211 AP 0.9912 | val loss 0.3748 AP 0.6956 | test loss 0.4149 AP 0.6810 | best val 0.6996 (epoch 45, test 0.6987409125749513)
epoch 049 | 178.0s | train loss 0.0195 AP 0.9893 | val loss 0.4044 AP 0.6933 | test loss 0.4482 AP 0.6838 | best val 0.6996 (epoch 45, test 0.6987409125749513)
epoch 050 | 178.0s | train loss 0.0206 AP 0.9908 | val loss 0.3874 AP 0.6950 | test loss 0.4255 AP 0.6852 | best val 0.6996 (epoch 45, test 0.6987409125749513)
epoch 051 | 177.5s | train loss 0.0213 AP 0.9898 | val loss 0.4166 AP 0.6851 | test loss 0.4492 AP 0.6775 | best val 0.6996 (epoch 45, test 0.6987409125749513)
epoch 052 | 178.6s | train loss 0.0189 AP 0.9917 | val loss 0.3919 AP 0.7022 | test loss 0.4273 AP 0.6817 | best val 0.7022 (epoch 52, test 0.6816995991784202)
epoch 053 | 178.8s | train loss 0.0189 AP 0.9894 | val loss 0.4076 AP 0.7019 | test loss 0.4431 AP 0.6849 | best val 0.7022 (epoch 52, test 0.6816995991784202)
epoch 054 | 178.8s | train loss 0.0164 AP 0.9934 | val loss 0.4374 AP 0.7085 | test loss 0.4910 AP 0.6845 | best val 0.7085 (epoch 54, test 0.6844722713512079)
epoch 055 | 178.8s | train loss 0.0171 AP 0.9930 | val loss 0.4159 AP 0.6992 | test loss 0.4510 AP 0.6881 | best val 0.7085 (epoch 54, test 0.6844722713512079)
epoch 056 | 176.7s | train loss 0.0231 AP 0.9888 | val loss 0.4161 AP 0.6817 | test loss 0.4572 AP 0.6630 | best val 0.7085 (epoch 54, test 0.6844722713512079)
epoch 057 | 179.5s | train loss 0.0204 AP 0.9906 | val loss 0.4025 AP 0.6932 | test loss 0.4367 AP 0.6785 | best val 0.7085 (epoch 54, test 0.6844722713512079)
epoch 058 | 178.3s | train loss 0.0169 AP 0.9939 | val loss 0.4005 AP 0.6918 | test loss 0.4305 AP 0.6800 | best val 0.7085 (epoch 54, test 0.6844722713512079)
epoch 059 | 177.0s | train loss 0.0170 AP 0.9939 | val loss 0.4028 AP 0.6939 | test loss 0.4450 AP 0.6767 | best val 0.7085 (epoch 54, test 0.6844722713512079)
epoch 060 | 178.5s | train loss 0.0180 AP 0.9914 | val loss 0.4037 AP 0.6968 | test loss 0.4465 AP 0.6848 | best val 0.7085 (epoch 54, test 0.6844722713512079)
epoch 061 | 179.6s | train loss 0.0138 AP 0.9947 | val loss 0.4367 AP 0.7004 | test loss 0.4952 AP 0.6873 | best val 0.7085 (epoch 54, test 0.6844722713512079)
epoch 062 | 178.7s | train loss 0.0168 AP 0.9933 | val loss 0.3999 AP 0.6980 | test loss 0.4474 AP 0.6867 | best val 0.7085 (epoch 54, test 0.6844722713512079)
epoch 063 | 177.6s | train loss 0.0155 AP 0.9939 | val loss 0.4110 AP 0.6982 | test loss 0.4519 AP 0.6888 | best val 0.7085 (epoch 54, test 0.6844722713512079)
epoch 064 | 178.5s | train loss 0.0152 AP 0.9931 | val loss 0.3959 AP 0.6828 | test loss 0.4323 AP 0.6740 | best val 0.7085 (epoch 54, test 0.6844722713512079)
epoch 065 | 179.1s | train loss 0.0162 AP 0.9915 | val loss 0.4165 AP 0.7068 | test loss 0.4736 AP 0.6833 | best val 0.7085 (epoch 54, test 0.6844722713512079)
epoch 066 | 177.9s | train loss 0.0129 AP 0.9951 | val loss 0.4431 AP 0.6921 | test loss 0.4865 AP 0.6800 | best val 0.7085 (epoch 54, test 0.6844722713512079)
epoch 067 | 178.4s | train loss 0.0121 AP 0.9957 | val loss 0.4686 AP 0.6947 | test loss 0.5133 AP 0.6875 | best val 0.7085 (epoch 54, test 0.6844722713512079)
epoch 068 | 178.6s | train loss 0.0102 AP 0.9963 | val loss 0.4304 AP 0.6982 | test loss 0.4791 AP 0.6807 | best val 0.7085 (epoch 54, test 0.6844722713512079)
epoch 069 | 180.2s | train loss 0.0132 AP 0.9958 | val loss 0.4378 AP 0.6913 | test loss 0.4944 AP 0.6739 | best val 0.7085 (epoch 54, test 0.6844722713512079)
epoch 070 | 178.9s | train loss 0.0143 AP 0.9951 | val loss 0.4334 AP 0.6940 | test loss 0.4765 AP 0.6836 | best val 0.7085 (epoch 54, test 0.6844722713512079)
epoch 071 | 178.6s | train loss 0.0119 AP 0.9952 | val loss 0.4478 AP 0.6977 | test loss 0.4940 AP 0.6903 | best val 0.7085 (epoch 54, test 0.6844722713512079)
epoch 072 | 175.6s | train loss 0.0137 AP 0.9954 | val loss 0.4268 AP 0.6984 | test loss 0.4721 AP 0.6812 | best val 0.7085 (epoch 54, test 0.6844722713512079)
epoch 073 | 176.9s | train loss 0.0151 AP 0.9947 | val loss 0.4094 AP 0.6929 | test loss 0.4509 AP 0.6807 | best val 0.7085 (epoch 54, test 0.6844722713512079)
epoch 074 | 177.8s | train loss 0.0135 AP 0.9950 | val loss 0.4588 AP 0.6947 | test loss 0.4914 AP 0.6898 | best val 0.7085 (epoch 54, test 0.6844722713512079)
epoch 075 | 177.4s | train loss 0.0125 AP 0.9952 | val loss 0.4679 AP 0.6911 | test loss 0.4933 AP 0.6887 | best val 0.7085 (epoch 54, test 0.6844722713512079)
epoch 076 | 180.2s | train loss 0.0105 AP 0.9963 | val loss 0.4483 AP 0.7004 | test loss 0.4949 AP 0.6905 | best val 0.7085 (epoch 54, test 0.6844722713512079)
epoch 077 | 178.4s | train loss 0.0114 AP 0.9968 | val loss 0.4179 AP 0.6946 | test loss 0.4482 AP 0.6890 | best val 0.7085 (epoch 54, test 0.6844722713512079)
epoch 078 | 177.5s | train loss 0.0108 AP 0.9963 | val loss 0.4865 AP 0.6932 | test loss 0.5268 AP 0.6892 | best val 0.7085 (epoch 54, test 0.6844722713512079)
epoch 079 | 177.4s | train loss 0.0086 AP 0.9973 | val loss 0.4728 AP 0.6962 | test loss 0.5151 AP 0.6852 | best val 0.7085 (epoch 54, test 0.6844722713512079)
epoch 080 | 177.7s | train loss 0.0080 AP 0.9976 | val loss 0.5213 AP 0.6962 | test loss 0.5753 AP 0.6872 | best val 0.7085 (epoch 54, test 0.6844722713512079)
epoch 081 | 178.1s | train loss 0.0083 AP 0.9975 | val loss 0.5005 AP 0.7025 | test loss 0.5463 AP 0.6927 | best val 0.7085 (epoch 54, test 0.6844722713512079)
epoch 082 | 177.7s | train loss 0.0097 AP 0.9968 | val loss 0.4672 AP 0.7023 | test loss 0.5150 AP 0.6884 | best val 0.7085 (epoch 54, test 0.6844722713512079)
epoch 083 | 178.6s | train loss 0.0090 AP 0.9974 | val loss 0.5175 AP 0.6958 | test loss 0.5629 AP 0.6817 | best val 0.7085 (epoch 54, test 0.6844722713512079)
epoch 084 | 178.6s | train loss 0.0091 AP 0.9963 | val loss 0.4924 AP 0.6986 | test loss 0.5273 AP 0.6908 | best val 0.7085 (epoch 54, test 0.6844722713512079)
epoch 085 | 177.3s | train loss 0.0098 AP 0.9969 | val loss 0.4855 AP 0.6904 | test loss 0.5181 AP 0.6947 | best val 0.7085 (epoch 54, test 0.6844722713512079)
epoch 086 | 178.0s | train loss 0.0121 AP 0.9963 | val loss 0.5015 AP 0.6876 | test loss 0.5338 AP 0.6847 | best val 0.7085 (epoch 54, test 0.6844722713512079)
epoch 087 | 178.0s | train loss 0.0145 AP 0.9953 | val loss 0.4655 AP 0.6877 | test loss 0.5098 AP 0.6884 | best val 0.7085 (epoch 54, test 0.6844722713512079)
epoch 088 | 178.4s | train loss 0.0118 AP 0.9957 | val loss 0.4712 AP 0.6956 | test loss 0.5042 AP 0.6883 | best val 0.7085 (epoch 54, test 0.6844722713512079)
epoch 089 | 177.5s | train loss 0.0087 AP 0.9971 | val loss 0.4897 AP 0.6871 | test loss 0.5070 AP 0.6821 | best val 0.7085 (epoch 54, test 0.6844722713512079)
epoch 090 | 177.0s | train loss 0.0081 AP 0.9975 | val loss 0.4926 AP 0.7026 | test loss 0.5242 AP 0.6912 | best val 0.7085 (epoch 54, test 0.6844722713512079)
epoch 091 | 178.2s | train loss 0.0079 AP 0.9973 | val loss 0.5138 AP 0.6947 | test loss 0.5487 AP 0.6857 | best val 0.7085 (epoch 54, test 0.6844722713512079)
epoch 092 | 177.8s | train loss 0.0084 AP 0.9974 | val loss 0.4962 AP 0.6981 | test loss 0.5265 AP 0.6983 | best val 0.7085 (epoch 54, test 0.6844722713512079)
epoch 093 | 178.2s | train loss 0.0076 AP 0.9973 | val loss 0.5102 AP 0.6935 | test loss 0.5373 AP 0.6967 | best val 0.7085 (epoch 54, test 0.6844722713512079)
epoch 094 | 177.0s | train loss 0.0074 AP 0.9976 | val loss 0.5288 AP 0.6864 | test loss 0.5634 AP 0.6902 | best val 0.7085 (epoch 54, test 0.6844722713512079)
early stopping at epoch 94 (no val improvement in 40 epochs)
BEST: val AP 0.7085 | test AP 0.6845 (epoch 54)
