{'dataset': 'Peptides-struct', 'max_hops': 40, 'use_lap_pe': False, 'lap_pe_dim': 8, 'hidden_dim': 320, 'num_heads': 20, 'ffn_ratio': 4, 'num_layers': 2, 'dropout': 0.2, 'graph_pool': 'sum', 'hop_mode': 'window', 'hop_window': 1, 'num_global_heads': 0, 'lr': 0.001, 'lr_min': 1e-06, 'weight_decay': 0.0003, 'batch_size': 64, 'max_epochs': 200, 'patience': 40, 'warmup_ratio': 0.05, 'grad_clip': 1.0, 'num_workers': 4, 'dist_mask_workers': 8, 'device': None, 'save_dir': 'checkpoints_hop_masked', 'seed': 0}
Unknown args =  []
[Peptides-struct] task=regression level=graph metric=mae (higher_is_better=False)
Downloading https://www.dropbox.com/s/zgv4z8fcpmknhs8/peptidesstruct.zip?dl=1
Extracting data/peptidesstruct.zip
Processing...
Processing train dataset:   0%|          | 0/10873 [00:00<?, ?it/s]Processing train dataset:  98%|█████████▊| 10618/10873 [00:00<00:00, 106174.03it/s]Processing train dataset: 100%|██████████| 10873/10873 [00:00<00:00, 106005.84it/s]
Processing val dataset:   0%|          | 0/2331 [00:00<?, ?it/s]Processing val dataset: 100%|██████████| 2331/2331 [00:00<00:00, 85270.30it/s]
Processing test dataset:   0%|          | 0/2331 [00:00<?, ?it/s]Processing test dataset: 100%|██████████| 2331/2331 [00:00<00:00, 86871.23it/s]
Done!
  Computing distance masks for 10873 graphs (max_hops=40)...
  Saved distance masks to ./data/Peptides-struct/dist_masks/train.pkl
  Computing distance masks for 2331 graphs (max_hops=40)...
  Saved distance masks to ./data/Peptides-struct/dist_masks/val.pkl
  Computing distance masks for 2331 graphs (max_hops=40)...
  Saved distance masks to ./data/Peptides-struct/dist_masks/test.pkl
Head -> hop set assignment:
  head 0: [0, 1, 2]
  head 1: [0, 2, 3, 4]
  head 2: [0, 4, 5, 6]
  head 3: [0, 6, 7, 8]
  head 4: [0, 8, 9, 10]
  head 5: [0, 10, 11, 12]
  head 6: [0, 12, 13, 14]
  head 7: [0, 14, 15, 16]
  head 8: [0, 16, 17, 18]
  head 9: [0, 18, 19, 20]
  head 10: [0, 20, 21, 22]
  head 11: [0, 22, 23, 24]
  head 12: [0, 24, 25, 26]
  head 13: [0, 26, 27, 28]
  head 14: [0, 28, 29, 30]
  head 15: [0, 30, 31, 32]
  head 16: [0, 32, 33, 34]
  head 17: [0, 34, 35, 36]
  head 18: [0, 36, 37, 38]
  head 19: [0, 38, 39]
trainable params: 2.731M
epoch 000 |  91.3s | train loss 0.5284 MAE 0.5285 | val loss 0.5322 MAE 0.5301 | test loss 0.5319 MAE 0.5316 | best val 0.5301 (epoch 0, test 0.5315546562396779)
epoch 001 |  86.5s | train loss 0.3795 MAE 0.3796 | val loss 0.3465 MAE 0.3453 | test loss 0.3538 MAE 0.3527 | best val 0.3453 (epoch 1, test 0.3527083906416908)
epoch 002 |  89.0s | train loss 0.3429 MAE 0.3429 | val loss 0.3363 MAE 0.3348 | test loss 0.3414 MAE 0.3409 | best val 0.3348 (epoch 2, test 0.34085881341200286)
epoch 003 |  87.3s | train loss 0.3302 MAE 0.3303 | val loss 0.3163 MAE 0.3149 | test loss 0.3226 MAE 0.3220 | best val 0.3149 (epoch 3, test 0.32199760698029417)
epoch 004 |  87.0s | train loss 0.3229 MAE 0.3229 | val loss 0.3116 MAE 0.3099 | test loss 0.3173 MAE 0.3166 | best val 0.3099 (epoch 4, test 0.31664452227641654)
epoch 005 |  87.2s | train loss 0.3148 MAE 0.3148 | val loss 0.3093 MAE 0.3079 | test loss 0.3156 MAE 0.3150 | best val 0.3079 (epoch 5, test 0.3149726179121247)
epoch 006 |  85.5s | train loss 0.3123 MAE 0.3123 | val loss 0.3012 MAE 0.2992 | test loss 0.3125 MAE 0.3121 | best val 0.2992 (epoch 6, test 0.31211194371534523)
epoch 007 |  87.3s | train loss 0.3097 MAE 0.3097 | val loss 0.2928 MAE 0.2912 | test loss 0.3025 MAE 0.3022 | best val 0.2912 (epoch 7, test 0.3021900001697939)
epoch 008 |  87.5s | train loss 0.3102 MAE 0.3102 | val loss 0.3051 MAE 0.3036 | test loss 0.3150 MAE 0.3142 | best val 0.2912 (epoch 7, test 0.3021900001697939)
epoch 009 |  87.0s | train loss 0.3070 MAE 0.3071 | val loss 0.3017 MAE 0.3004 | test loss 0.3089 MAE 0.3083 | best val 0.2912 (epoch 7, test 0.3021900001697939)
epoch 010 |  88.1s | train loss 0.3048 MAE 0.3047 | val loss 0.3058 MAE 0.3042 | test loss 0.3150 MAE 0.3143 | best val 0.2912 (epoch 7, test 0.3021900001697939)
epoch 011 |  87.5s | train loss 0.3036 MAE 0.3036 | val loss 0.3101 MAE 0.3088 | test loss 0.3204 MAE 0.3195 | best val 0.2912 (epoch 7, test 0.3021900001697939)
epoch 012 |  86.6s | train loss 0.3093 MAE 0.3093 | val loss 0.3155 MAE 0.3139 | test loss 0.3270 MAE 0.3265 | best val 0.2912 (epoch 7, test 0.3021900001697939)
epoch 013 |  86.3s | train loss 0.3065 MAE 0.3065 | val loss 0.3017 MAE 0.3000 | test loss 0.3117 MAE 0.3109 | best val 0.2912 (epoch 7, test 0.3021900001697939)
epoch 014 |  88.5s | train loss 0.3082 MAE 0.3083 | val loss 0.2913 MAE 0.2898 | test loss 0.2991 MAE 0.2988 | best val 0.2898 (epoch 14, test 0.29876298263960266)
epoch 015 | 102.5s | train loss 0.3021 MAE 0.3021 | val loss 0.2900 MAE 0.2884 | test loss 0.2972 MAE 0.2968 | best val 0.2884 (epoch 15, test 0.29675099397550625)
epoch 016 | 102.4s | train loss 0.2997 MAE 0.2996 | val loss 0.2854 MAE 0.2841 | test loss 0.2926 MAE 0.2921 | best val 0.2841 (epoch 16, test 0.29207853718022847)
epoch 017 |  99.8s | train loss 0.2974 MAE 0.2974 | val loss 0.2913 MAE 0.2896 | test loss 0.2970 MAE 0.2965 | best val 0.2841 (epoch 16, test 0.29207853718022847)
epoch 018 | 101.3s | train loss 0.3002 MAE 0.3001 | val loss 0.2861 MAE 0.2844 | test loss 0.2923 MAE 0.2917 | best val 0.2841 (epoch 16, test 0.29207853718022847)
epoch 019 |  99.3s | train loss 0.2977 MAE 0.2977 | val loss 0.2869 MAE 0.2852 | test loss 0.2939 MAE 0.2931 | best val 0.2841 (epoch 16, test 0.29207853718022847)
epoch 020 | 101.4s | train loss 0.2939 MAE 0.2939 | val loss 0.2883 MAE 0.2871 | test loss 0.2960 MAE 0.2952 | best val 0.2841 (epoch 16, test 0.29207853718022847)
epoch 021 | 100.2s | train loss 0.2958 MAE 0.2958 | val loss 0.2896 MAE 0.2881 | test loss 0.2980 MAE 0.2972 | best val 0.2841 (epoch 16, test 0.29207853718022847)
epoch 022 | 100.6s | train loss 0.2952 MAE 0.2953 | val loss 0.2900 MAE 0.2883 | test loss 0.2965 MAE 0.2960 | best val 0.2841 (epoch 16, test 0.29207853718022847)
epoch 023 | 100.3s | train loss 0.2965 MAE 0.2965 | val loss 0.2902 MAE 0.2886 | test loss 0.2981 MAE 0.2974 | best val 0.2841 (epoch 16, test 0.29207853718022847)
epoch 024 |  98.6s | train loss 0.2968 MAE 0.2968 | val loss 0.2918 MAE 0.2899 | test loss 0.2993 MAE 0.2987 | best val 0.2841 (epoch 16, test 0.29207853718022847)
epoch 025 | 102.2s | train loss 0.2940 MAE 0.2940 | val loss 0.2841 MAE 0.2826 | test loss 0.2931 MAE 0.2923 | best val 0.2826 (epoch 25, test 0.29228835431421973)
epoch 026 |  99.9s | train loss 0.2907 MAE 0.2908 | val loss 0.2936 MAE 0.2921 | test loss 0.2993 MAE 0.2989 | best val 0.2826 (epoch 25, test 0.29228835431421973)
epoch 027 | 101.4s | train loss 0.2930 MAE 0.2930 | val loss 0.2876 MAE 0.2861 | test loss 0.2927 MAE 0.2920 | best val 0.2826 (epoch 25, test 0.29228835431421973)
epoch 028 | 101.6s | train loss 0.2892 MAE 0.2892 | val loss 0.2821 MAE 0.2806 | test loss 0.2896 MAE 0.2891 | best val 0.2806 (epoch 28, test 0.28912220456741244)
epoch 029 | 102.6s | train loss 0.2904 MAE 0.2904 | val loss 0.2817 MAE 0.2799 | test loss 0.2913 MAE 0.2907 | best val 0.2799 (epoch 29, test 0.29074615921785124)
epoch 030 | 102.1s | train loss 0.2896 MAE 0.2896 | val loss 0.2837 MAE 0.2821 | test loss 0.2900 MAE 0.2892 | best val 0.2799 (epoch 29, test 0.29074615921785124)
epoch 031 |  99.2s | train loss 0.2903 MAE 0.2902 | val loss 0.2790 MAE 0.2773 | test loss 0.2871 MAE 0.2863 | best val 0.2773 (epoch 31, test 0.28628387305826364)
epoch 032 | 101.4s | train loss 0.2850 MAE 0.2850 | val loss 0.2815 MAE 0.2798 | test loss 0.2888 MAE 0.2880 | best val 0.2773 (epoch 31, test 0.28628387305826364)
epoch 033 |  99.2s | train loss 0.2865 MAE 0.2864 | val loss 0.2865 MAE 0.2847 | test loss 0.2939 MAE 0.2930 | best val 0.2773 (epoch 31, test 0.28628387305826364)
epoch 034 |  99.4s | train loss 0.2889 MAE 0.2889 | val loss 0.2840 MAE 0.2824 | test loss 0.2891 MAE 0.2884 | best val 0.2773 (epoch 31, test 0.28628387305826364)
epoch 035 |  98.5s | train loss 0.2846 MAE 0.2845 | val loss 0.2812 MAE 0.2796 | test loss 0.2904 MAE 0.2898 | best val 0.2773 (epoch 31, test 0.28628387305826364)
epoch 036 | 101.1s | train loss 0.2837 MAE 0.2837 | val loss 0.2798 MAE 0.2778 | test loss 0.2873 MAE 0.2868 | best val 0.2773 (epoch 31, test 0.28628387305826364)
epoch 037 |  99.9s | train loss 0.2855 MAE 0.2855 | val loss 0.2755 MAE 0.2739 | test loss 0.2819 MAE 0.2812 | best val 0.2739 (epoch 37, test 0.2811749739637946)
epoch 038 | 100.0s | train loss 0.2854 MAE 0.2855 | val loss 0.2801 MAE 0.2783 | test loss 0.2899 MAE 0.2887 | best val 0.2739 (epoch 37, test 0.2811749739637946)
epoch 039 |  99.4s | train loss 0.2813 MAE 0.2813 | val loss 0.2687 MAE 0.2670 | test loss 0.2762 MAE 0.2757 | best val 0.2670 (epoch 39, test 0.27571442312139977)
epoch 040 |  99.9s | train loss 0.2819 MAE 0.2820 | val loss 0.2792 MAE 0.2778 | test loss 0.2850 MAE 0.2844 | best val 0.2670 (epoch 39, test 0.27571442312139977)
epoch 041 |  96.8s | train loss 0.2809 MAE 0.2809 | val loss 0.2776 MAE 0.2759 | test loss 0.2867 MAE 0.2859 | best val 0.2670 (epoch 39, test 0.27571442312139977)
epoch 042 | 100.2s | train loss 0.2796 MAE 0.2796 | val loss 0.2809 MAE 0.2794 | test loss 0.2911 MAE 0.2904 | best val 0.2670 (epoch 39, test 0.27571442312139977)
epoch 043 | 100.6s | train loss 0.2824 MAE 0.2824 | val loss 0.2951 MAE 0.2934 | test loss 0.3055 MAE 0.3045 | best val 0.2670 (epoch 39, test 0.27571442312139977)
epoch 044 | 100.2s | train loss 0.2845 MAE 0.2845 | val loss 0.2775 MAE 0.2761 | test loss 0.2840 MAE 0.2832 | best val 0.2670 (epoch 39, test 0.27571442312139977)
epoch 045 | 100.0s | train loss 0.2803 MAE 0.2803 | val loss 0.2749 MAE 0.2734 | test loss 0.2855 MAE 0.2846 | best val 0.2670 (epoch 39, test 0.27571442312139977)
epoch 046 | 101.0s | train loss 0.2800 MAE 0.2800 | val loss 0.2778 MAE 0.2762 | test loss 0.2865 MAE 0.2859 | best val 0.2670 (epoch 39, test 0.27571442312139977)
epoch 047 |  99.4s | train loss 0.2812 MAE 0.2813 | val loss 0.2796 MAE 0.2779 | test loss 0.2902 MAE 0.2895 | best val 0.2670 (epoch 39, test 0.27571442312139977)
epoch 048 |  99.4s | train loss 0.2773 MAE 0.2773 | val loss 0.2786 MAE 0.2772 | test loss 0.2902 MAE 0.2893 | best val 0.2670 (epoch 39, test 0.27571442312139977)
epoch 049 | 101.1s | train loss 0.2791 MAE 0.2791 | val loss 0.2738 MAE 0.2722 | test loss 0.2795 MAE 0.2787 | best val 0.2670 (epoch 39, test 0.27571442312139977)
epoch 050 | 100.9s | train loss 0.2761 MAE 0.2761 | val loss 0.2665 MAE 0.2651 | test loss 0.2764 MAE 0.2759 | best val 0.2651 (epoch 50, test 0.27590997344894397)
epoch 051 | 102.1s | train loss 0.2800 MAE 0.2800 | val loss 0.2723 MAE 0.2707 | test loss 0.2788 MAE 0.2781 | best val 0.2651 (epoch 50, test 0.27590997344894397)
epoch 052 |  99.8s | train loss 0.2788 MAE 0.2787 | val loss 0.2775 MAE 0.2759 | test loss 0.2810 MAE 0.2805 | best val 0.2651 (epoch 50, test 0.27590997344894397)
epoch 053 | 100.6s | train loss 0.2761 MAE 0.2761 | val loss 0.2811 MAE 0.2791 | test loss 0.2852 MAE 0.2845 | best val 0.2651 (epoch 50, test 0.27590997344894397)
epoch 054 | 101.5s | train loss 0.2766 MAE 0.2766 | val loss 0.2743 MAE 0.2725 | test loss 0.2810 MAE 0.2802 | best val 0.2651 (epoch 50, test 0.27590997344894397)
epoch 055 | 101.7s | train loss 0.2778 MAE 0.2778 | val loss 0.2701 MAE 0.2683 | test loss 0.2772 MAE 0.2764 | best val 0.2651 (epoch 50, test 0.27590997344894397)
epoch 056 | 100.7s | train loss 0.2732 MAE 0.2732 | val loss 0.2750 MAE 0.2737 | test loss 0.2813 MAE 0.2805 | best val 0.2651 (epoch 50, test 0.27590997344894397)
epoch 057 | 100.0s | train loss 0.2761 MAE 0.2761 | val loss 0.2676 MAE 0.2660 | test loss 0.2738 MAE 0.2730 | best val 0.2651 (epoch 50, test 0.27590997344894397)
epoch 058 | 102.3s | train loss 0.2731 MAE 0.2731 | val loss 0.2669 MAE 0.2655 | test loss 0.2741 MAE 0.2733 | best val 0.2651 (epoch 50, test 0.27590997344894397)
epoch 059 | 100.3s | train loss 0.2758 MAE 0.2758 | val loss 0.2841 MAE 0.2824 | test loss 0.2946 MAE 0.2937 | best val 0.2651 (epoch 50, test 0.27590997344894397)
epoch 060 | 102.1s | train loss 0.2748 MAE 0.2747 | val loss 0.2770 MAE 0.2755 | test loss 0.2819 MAE 0.2813 | best val 0.2651 (epoch 50, test 0.27590997344894397)
epoch 061 |  99.1s | train loss 0.2750 MAE 0.2750 | val loss 0.2760 MAE 0.2744 | test loss 0.2852 MAE 0.2845 | best val 0.2651 (epoch 50, test 0.27590997344894397)
epoch 062 | 101.4s | train loss 0.2738 MAE 0.2738 | val loss 0.2704 MAE 0.2687 | test loss 0.2794 MAE 0.2788 | best val 0.2651 (epoch 50, test 0.27590997344894397)
epoch 063 | 100.9s | train loss 0.2738 MAE 0.2738 | val loss 0.2731 MAE 0.2713 | test loss 0.2823 MAE 0.2816 | best val 0.2651 (epoch 50, test 0.27590997344894397)
epoch 064 |  99.6s | train loss 0.2742 MAE 0.2742 | val loss 0.2785 MAE 0.2770 | test loss 0.2888 MAE 0.2878 | best val 0.2651 (epoch 50, test 0.27590997344894397)
epoch 065 |  99.5s | train loss 0.2736 MAE 0.2736 | val loss 0.2675 MAE 0.2657 | test loss 0.2756 MAE 0.2750 | best val 0.2651 (epoch 50, test 0.27590997344894397)
epoch 066 |  99.4s | train loss 0.2702 MAE 0.2702 | val loss 0.2705 MAE 0.2689 | test loss 0.2769 MAE 0.2761 | best val 0.2651 (epoch 50, test 0.27590997344894397)
epoch 067 | 100.6s | train loss 0.2710 MAE 0.2710 | val loss 0.2717 MAE 0.2702 | test loss 0.2772 MAE 0.2764 | best val 0.2651 (epoch 50, test 0.27590997344894397)
epoch 068 | 101.1s | train loss 0.2679 MAE 0.2679 | val loss 0.2656 MAE 0.2641 | test loss 0.2749 MAE 0.2743 | best val 0.2641 (epoch 68, test 0.2742636366223284)
epoch 069 |  98.8s | train loss 0.2734 MAE 0.2734 | val loss 0.2769 MAE 0.2756 | test loss 0.2845 MAE 0.2836 | best val 0.2641 (epoch 68, test 0.2742636366223284)
epoch 070 | 100.9s | train loss 0.2693 MAE 0.2693 | val loss 0.2677 MAE 0.2661 | test loss 0.2775 MAE 0.2767 | best val 0.2641 (epoch 68, test 0.2742636366223284)
epoch 071 |  99.0s | train loss 0.2672 MAE 0.2672 | val loss 0.2721 MAE 0.2707 | test loss 0.2787 MAE 0.2779 | best val 0.2641 (epoch 68, test 0.2742636366223284)
epoch 072 |  99.6s | train loss 0.2698 MAE 0.2698 | val loss 0.2762 MAE 0.2747 | test loss 0.2810 MAE 0.2803 | best val 0.2641 (epoch 68, test 0.2742636366223284)
epoch 073 | 102.2s | train loss 0.2699 MAE 0.2699 | val loss 0.2723 MAE 0.2710 | test loss 0.2779 MAE 0.2770 | best val 0.2641 (epoch 68, test 0.2742636366223284)
epoch 074 | 100.8s | train loss 0.2651 MAE 0.2651 | val loss 0.2686 MAE 0.2670 | test loss 0.2755 MAE 0.2748 | best val 0.2641 (epoch 68, test 0.2742636366223284)
epoch 075 | 100.5s | train loss 0.2657 MAE 0.2657 | val loss 0.2720 MAE 0.2706 | test loss 0.2805 MAE 0.2798 | best val 0.2641 (epoch 68, test 0.2742636366223284)
epoch 076 | 100.5s | train loss 0.2683 MAE 0.2683 | val loss 0.2668 MAE 0.2654 | test loss 0.2728 MAE 0.2719 | best val 0.2641 (epoch 68, test 0.2742636366223284)
epoch 077 | 101.5s | train loss 0.2660 MAE 0.2660 | val loss 0.2671 MAE 0.2657 | test loss 0.2732 MAE 0.2726 | best val 0.2641 (epoch 68, test 0.2742636366223284)
epoch 078 | 101.0s | train loss 0.2679 MAE 0.2680 | val loss 0.2667 MAE 0.2653 | test loss 0.2736 MAE 0.2727 | best val 0.2641 (epoch 68, test 0.2742636366223284)
epoch 079 | 101.2s | train loss 0.2663 MAE 0.2663 | val loss 0.2596 MAE 0.2580 | test loss 0.2679 MAE 0.2672 | best val 0.2580 (epoch 79, test 0.2671719271503825)
epoch 080 | 100.8s | train loss 0.2665 MAE 0.2664 | val loss 0.2650 MAE 0.2635 | test loss 0.2701 MAE 0.2694 | best val 0.2580 (epoch 79, test 0.2671719271503825)
epoch 081 | 101.7s | train loss 0.2642 MAE 0.2642 | val loss 0.2728 MAE 0.2713 | test loss 0.2791 MAE 0.2783 | best val 0.2580 (epoch 79, test 0.2671719271503825)
epoch 082 | 101.2s | train loss 0.2711 MAE 0.2711 | val loss 0.2814 MAE 0.2798 | test loss 0.2902 MAE 0.2895 | best val 0.2580 (epoch 79, test 0.2671719271503825)
epoch 083 | 102.3s | train loss 0.2675 MAE 0.2675 | val loss 0.2640 MAE 0.2622 | test loss 0.2754 MAE 0.2747 | best val 0.2580 (epoch 79, test 0.2671719271503825)
epoch 084 | 101.6s | train loss 0.2659 MAE 0.2659 | val loss 0.2703 MAE 0.2688 | test loss 0.2796 MAE 0.2789 | best val 0.2580 (epoch 79, test 0.2671719271503825)
epoch 085 |  99.5s | train loss 0.2635 MAE 0.2635 | val loss 0.2709 MAE 0.2694 | test loss 0.2779 MAE 0.2771 | best val 0.2580 (epoch 79, test 0.2671719271503825)
epoch 086 | 100.5s | train loss 0.2631 MAE 0.2631 | val loss 0.2777 MAE 0.2759 | test loss 0.2832 MAE 0.2828 | best val 0.2580 (epoch 79, test 0.2671719271503825)
epoch 087 | 100.3s | train loss 0.2626 MAE 0.2626 | val loss 0.2649 MAE 0.2632 | test loss 0.2711 MAE 0.2704 | best val 0.2580 (epoch 79, test 0.2671719271503825)
epoch 088 | 101.7s | train loss 0.2601 MAE 0.2601 | val loss 0.2719 MAE 0.2701 | test loss 0.2826 MAE 0.2817 | best val 0.2580 (epoch 79, test 0.2671719271503825)
epoch 089 |  98.6s | train loss 0.2602 MAE 0.2602 | val loss 0.2660 MAE 0.2645 | test loss 0.2772 MAE 0.2763 | best val 0.2580 (epoch 79, test 0.2671719271503825)
epoch 090 | 101.7s | train loss 0.2588 MAE 0.2587 | val loss 0.2623 MAE 0.2609 | test loss 0.2710 MAE 0.2703 | best val 0.2580 (epoch 79, test 0.2671719271503825)
epoch 091 | 100.3s | train loss 0.2601 MAE 0.2602 | val loss 0.2637 MAE 0.2622 | test loss 0.2739 MAE 0.2731 | best val 0.2580 (epoch 79, test 0.2671719271503825)
epoch 092 | 100.0s | train loss 0.2569 MAE 0.2568 | val loss 0.2617 MAE 0.2602 | test loss 0.2720 MAE 0.2710 | best val 0.2580 (epoch 79, test 0.2671719271503825)
epoch 093 | 100.3s | train loss 0.2595 MAE 0.2595 | val loss 0.2609 MAE 0.2595 | test loss 0.2671 MAE 0.2663 | best val 0.2580 (epoch 79, test 0.2671719271503825)
epoch 094 |  99.1s | train loss 0.2565 MAE 0.2565 | val loss 0.2643 MAE 0.2626 | test loss 0.2724 MAE 0.2717 | best val 0.2580 (epoch 79, test 0.2671719271503825)
epoch 095 | 102.4s | train loss 0.2565 MAE 0.2566 | val loss 0.2655 MAE 0.2639 | test loss 0.2703 MAE 0.2696 | best val 0.2580 (epoch 79, test 0.2671719271503825)
epoch 096 | 100.9s | train loss 0.2576 MAE 0.2576 | val loss 0.2627 MAE 0.2613 | test loss 0.2700 MAE 0.2691 | best val 0.2580 (epoch 79, test 0.2671719271503825)
epoch 097 |  99.0s | train loss 0.2587 MAE 0.2587 | val loss 0.2604 MAE 0.2592 | test loss 0.2674 MAE 0.2664 | best val 0.2580 (epoch 79, test 0.2671719271503825)
epoch 098 | 100.1s | train loss 0.2557 MAE 0.2556 | val loss 0.2643 MAE 0.2630 | test loss 0.2725 MAE 0.2715 | best val 0.2580 (epoch 79, test 0.2671719271503825)
epoch 099 |  99.6s | train loss 0.2557 MAE 0.2557 | val loss 0.2591 MAE 0.2577 | test loss 0.2669 MAE 0.2659 | best val 0.2577 (epoch 99, test 0.26589730882232915)
epoch 100 | 100.8s | train loss 0.2534 MAE 0.2534 | val loss 0.2592 MAE 0.2577 | test loss 0.2655 MAE 0.2644 | best val 0.2577 (epoch 99, test 0.26589730882232915)
epoch 101 | 100.2s | train loss 0.2527 MAE 0.2527 | val loss 0.2608 MAE 0.2593 | test loss 0.2687 MAE 0.2677 | best val 0.2577 (epoch 99, test 0.26589730882232915)
epoch 102 |  99.6s | train loss 0.2550 MAE 0.2550 | val loss 0.2611 MAE 0.2598 | test loss 0.2693 MAE 0.2682 | best val 0.2577 (epoch 99, test 0.26589730882232915)
epoch 103 | 100.0s | train loss 0.2515 MAE 0.2515 | val loss 0.2613 MAE 0.2600 | test loss 0.2700 MAE 0.2690 | best val 0.2577 (epoch 99, test 0.26589730882232915)
epoch 104 | 101.0s | train loss 0.2521 MAE 0.2521 | val loss 0.2616 MAE 0.2603 | test loss 0.2692 MAE 0.2682 | best val 0.2577 (epoch 99, test 0.26589730882232915)
epoch 105 |  99.9s | train loss 0.2532 MAE 0.2532 | val loss 0.2617 MAE 0.2602 | test loss 0.2670 MAE 0.2658 | best val 0.2577 (epoch 99, test 0.26589730882232915)
epoch 106 |  99.4s | train loss 0.2503 MAE 0.2503 | val loss 0.2596 MAE 0.2581 | test loss 0.2691 MAE 0.2682 | best val 0.2577 (epoch 99, test 0.26589730882232915)
epoch 107 | 100.5s | train loss 0.2511 MAE 0.2511 | val loss 0.2598 MAE 0.2587 | test loss 0.2673 MAE 0.2662 | best val 0.2577 (epoch 99, test 0.26589730882232915)
epoch 108 | 100.0s | train loss 0.2494 MAE 0.2494 | val loss 0.2622 MAE 0.2608 | test loss 0.2683 MAE 0.2674 | best val 0.2577 (epoch 99, test 0.26589730882232915)
epoch 109 |  99.8s | train loss 0.2494 MAE 0.2494 | val loss 0.2578 MAE 0.2565 | test loss 0.2683 MAE 0.2674 | best val 0.2565 (epoch 109, test 0.2673807490704783)
epoch 110 | 101.7s | train loss 0.2494 MAE 0.2494 | val loss 0.2610 MAE 0.2597 | test loss 0.2716 MAE 0.2704 | best val 0.2565 (epoch 109, test 0.2673807490704783)
epoch 111 |  99.3s | train loss 0.2481 MAE 0.2480 | val loss 0.2595 MAE 0.2583 | test loss 0.2680 MAE 0.2670 | best val 0.2565 (epoch 109, test 0.2673807490704783)
epoch 112 | 100.5s | train loss 0.2479 MAE 0.2478 | val loss 0.2597 MAE 0.2581 | test loss 0.2672 MAE 0.2661 | best val 0.2565 (epoch 109, test 0.2673807490704783)
epoch 113 | 101.9s | train loss 0.2517 MAE 0.2517 | val loss 0.2655 MAE 0.2645 | test loss 0.2725 MAE 0.2715 | best val 0.2565 (epoch 109, test 0.2673807490704783)
epoch 114 | 104.0s | train loss 0.2513 MAE 0.2513 | val loss 0.2571 MAE 0.2557 | test loss 0.2640 MAE 0.2629 | best val 0.2557 (epoch 114, test 0.26286621307634767)
epoch 115 | 109.5s | train loss 0.2488 MAE 0.2487 | val loss 0.2598 MAE 0.2582 | test loss 0.2672 MAE 0.2663 | best val 0.2557 (epoch 114, test 0.26286621307634767)
epoch 116 | 108.9s | train loss 0.2483 MAE 0.2483 | val loss 0.2601 MAE 0.2588 | test loss 0.2669 MAE 0.2661 | best val 0.2557 (epoch 114, test 0.26286621307634767)
epoch 117 | 109.4s | train loss 0.2466 MAE 0.2466 | val loss 0.2550 MAE 0.2536 | test loss 0.2644 MAE 0.2635 | best val 0.2536 (epoch 117, test 0.26347377950735595)
epoch 118 | 105.5s | train loss 0.2463 MAE 0.2463 | val loss 0.2572 MAE 0.2556 | test loss 0.2657 MAE 0.2649 | best val 0.2536 (epoch 117, test 0.26347377950735595)
epoch 119 | 107.5s | train loss 0.2461 MAE 0.2461 | val loss 0.2563 MAE 0.2548 | test loss 0.2631 MAE 0.2621 | best val 0.2536 (epoch 117, test 0.26347377950735595)
epoch 120 | 106.2s | train loss 0.2468 MAE 0.2468 | val loss 0.2577 MAE 0.2560 | test loss 0.2616 MAE 0.2608 | best val 0.2536 (epoch 117, test 0.26347377950735595)
epoch 121 | 104.0s | train loss 0.2458 MAE 0.2457 | val loss 0.2573 MAE 0.2556 | test loss 0.2637 MAE 0.2626 | best val 0.2536 (epoch 117, test 0.26347377950735595)
epoch 122 | 103.9s | train loss 0.2456 MAE 0.2456 | val loss 0.2580 MAE 0.2564 | test loss 0.2612 MAE 0.2600 | best val 0.2536 (epoch 117, test 0.26347377950735595)
epoch 123 | 107.6s | train loss 0.2432 MAE 0.2432 | val loss 0.2589 MAE 0.2576 | test loss 0.2667 MAE 0.2656 | best val 0.2536 (epoch 117, test 0.26347377950735595)
epoch 124 | 108.5s | train loss 0.2427 MAE 0.2427 | val loss 0.2569 MAE 0.2554 | test loss 0.2638 MAE 0.2626 | best val 0.2536 (epoch 117, test 0.26347377950735595)
epoch 125 | 105.4s | train loss 0.2442 MAE 0.2442 | val loss 0.2549 MAE 0.2534 | test loss 0.2621 MAE 0.2612 | best val 0.2534 (epoch 125, test 0.26118034580502275)
epoch 126 | 107.5s | train loss 0.2423 MAE 0.2424 | val loss 0.2626 MAE 0.2610 | test loss 0.2684 MAE 0.2676 | best val 0.2534 (epoch 125, test 0.26118034580502275)
epoch 127 | 110.8s | train loss 0.2430 MAE 0.2430 | val loss 0.2573 MAE 0.2556 | test loss 0.2647 MAE 0.2634 | best val 0.2534 (epoch 125, test 0.26118034580502275)
epoch 128 | 111.2s | train loss 0.2415 MAE 0.2415 | val loss 0.2619 MAE 0.2603 | test loss 0.2681 MAE 0.2670 | best val 0.2534 (epoch 125, test 0.26118034580502275)
epoch 129 | 113.6s | train loss 0.2415 MAE 0.2415 | val loss 0.2615 MAE 0.2599 | test loss 0.2702 MAE 0.2690 | best val 0.2534 (epoch 125, test 0.26118034580502275)
epoch 130 | 109.1s | train loss 0.2406 MAE 0.2406 | val loss 0.2557 MAE 0.2541 | test loss 0.2622 MAE 0.2609 | best val 0.2534 (epoch 125, test 0.26118034580502275)
epoch 131 | 111.1s | train loss 0.2396 MAE 0.2395 | val loss 0.2570 MAE 0.2553 | test loss 0.2618 MAE 0.2608 | best val 0.2534 (epoch 125, test 0.26118034580502275)
epoch 132 | 112.8s | train loss 0.2409 MAE 0.2409 | val loss 0.2598 MAE 0.2582 | test loss 0.2676 MAE 0.2663 | best val 0.2534 (epoch 125, test 0.26118034580502275)
epoch 133 | 114.1s | train loss 0.2394 MAE 0.2394 | val loss 0.2549 MAE 0.2532 | test loss 0.2634 MAE 0.2622 | best val 0.2532 (epoch 133, test 0.2621991079130023)
epoch 134 | 107.8s | train loss 0.2396 MAE 0.2396 | val loss 0.2559 MAE 0.2543 | test loss 0.2628 MAE 0.2617 | best val 0.2532 (epoch 133, test 0.2621991079130023)
epoch 135 | 112.3s | train loss 0.2375 MAE 0.2375 | val loss 0.2549 MAE 0.2533 | test loss 0.2614 MAE 0.2602 | best val 0.2532 (epoch 133, test 0.2621991079130023)
epoch 136 | 108.3s | train loss 0.2391 MAE 0.2391 | val loss 0.2543 MAE 0.2525 | test loss 0.2602 MAE 0.2590 | best val 0.2525 (epoch 136, test 0.2589772933209892)
epoch 137 | 112.2s | train loss 0.2378 MAE 0.2378 | val loss 0.2582 MAE 0.2566 | test loss 0.2663 MAE 0.2651 | best val 0.2525 (epoch 136, test 0.2589772933209892)
epoch 138 | 111.1s | train loss 0.2371 MAE 0.2372 | val loss 0.2559 MAE 0.2543 | test loss 0.2638 MAE 0.2626 | best val 0.2525 (epoch 136, test 0.2589772933209892)
epoch 139 | 110.8s | train loss 0.2366 MAE 0.2365 | val loss 0.2567 MAE 0.2551 | test loss 0.2667 MAE 0.2656 | best val 0.2525 (epoch 136, test 0.2589772933209892)
epoch 140 | 109.8s | train loss 0.2371 MAE 0.2371 | val loss 0.2558 MAE 0.2544 | test loss 0.2631 MAE 0.2622 | best val 0.2525 (epoch 136, test 0.2589772933209892)
epoch 141 | 112.0s | train loss 0.2380 MAE 0.2380 | val loss 0.2545 MAE 0.2530 | test loss 0.2628 MAE 0.2618 | best val 0.2525 (epoch 136, test 0.2589772933209892)
epoch 142 | 109.9s | train loss 0.2344 MAE 0.2344 | val loss 0.2550 MAE 0.2534 | test loss 0.2629 MAE 0.2619 | best val 0.2525 (epoch 136, test 0.2589772933209892)
epoch 143 | 110.4s | train loss 0.2358 MAE 0.2358 | val loss 0.2588 MAE 0.2572 | test loss 0.2674 MAE 0.2663 | best val 0.2525 (epoch 136, test 0.2589772933209892)
epoch 144 | 111.6s | train loss 0.2362 MAE 0.2362 | val loss 0.2587 MAE 0.2572 | test loss 0.2655 MAE 0.2645 | best val 0.2525 (epoch 136, test 0.2589772933209892)
epoch 145 | 112.0s | train loss 0.2339 MAE 0.2339 | val loss 0.2570 MAE 0.2553 | test loss 0.2646 MAE 0.2635 | best val 0.2525 (epoch 136, test 0.2589772933209892)
epoch 146 | 108.3s | train loss 0.2341 MAE 0.2341 | val loss 0.2552 MAE 0.2536 | test loss 0.2629 MAE 0.2619 | best val 0.2525 (epoch 136, test 0.2589772933209892)
epoch 147 | 114.1s | train loss 0.2341 MAE 0.2341 | val loss 0.2570 MAE 0.2555 | test loss 0.2647 MAE 0.2638 | best val 0.2525 (epoch 136, test 0.2589772933209892)
epoch 148 | 113.8s | train loss 0.2334 MAE 0.2334 | val loss 0.2562 MAE 0.2546 | test loss 0.2629 MAE 0.2619 | best val 0.2525 (epoch 136, test 0.2589772933209892)
epoch 149 | 111.3s | train loss 0.2317 MAE 0.2317 | val loss 0.2529 MAE 0.2515 | test loss 0.2603 MAE 0.2593 | best val 0.2515 (epoch 149, test 0.2592699353528781)
epoch 150 | 111.5s | train loss 0.2305 MAE 0.2305 | val loss 0.2556 MAE 0.2541 | test loss 0.2617 MAE 0.2607 | best val 0.2515 (epoch 149, test 0.2592699353528781)
epoch 151 | 109.7s | train loss 0.2315 MAE 0.2315 | val loss 0.2550 MAE 0.2536 | test loss 0.2613 MAE 0.2604 | best val 0.2515 (epoch 149, test 0.2592699353528781)
epoch 152 | 109.0s | train loss 0.2318 MAE 0.2318 | val loss 0.2543 MAE 0.2528 | test loss 0.2621 MAE 0.2610 | best val 0.2515 (epoch 149, test 0.2592699353528781)
epoch 153 | 109.6s | train loss 0.2305 MAE 0.2305 | val loss 0.2535 MAE 0.2521 | test loss 0.2609 MAE 0.2598 | best val 0.2515 (epoch 149, test 0.2592699353528781)
epoch 154 | 107.6s | train loss 0.2309 MAE 0.2309 | val loss 0.2549 MAE 0.2533 | test loss 0.2624 MAE 0.2613 | best val 0.2515 (epoch 149, test 0.2592699353528781)
epoch 155 | 103.5s | train loss 0.2314 MAE 0.2315 | val loss 0.2551 MAE 0.2535 | test loss 0.2605 MAE 0.2594 | best val 0.2515 (epoch 149, test 0.2592699353528781)
epoch 156 | 102.3s | train loss 0.2302 MAE 0.2302 | val loss 0.2528 MAE 0.2514 | test loss 0.2598 MAE 0.2586 | best val 0.2514 (epoch 156, test 0.2586197698246841)
epoch 157 | 104.3s | train loss 0.2298 MAE 0.2297 | val loss 0.2552 MAE 0.2537 | test loss 0.2606 MAE 0.2595 | best val 0.2514 (epoch 156, test 0.2586197698246841)
epoch 158 | 105.5s | train loss 0.2290 MAE 0.2290 | val loss 0.2555 MAE 0.2540 | test loss 0.2621 MAE 0.2609 | best val 0.2514 (epoch 156, test 0.2586197698246841)
epoch 159 | 102.0s | train loss 0.2290 MAE 0.2290 | val loss 0.2544 MAE 0.2529 | test loss 0.2605 MAE 0.2595 | best val 0.2514 (epoch 156, test 0.2586197698246841)
epoch 160 | 103.3s | train loss 0.2287 MAE 0.2287 | val loss 0.2523 MAE 0.2509 | test loss 0.2592 MAE 0.2581 | best val 0.2509 (epoch 160, test 0.2581328622080551)
epoch 161 | 102.8s | train loss 0.2281 MAE 0.2281 | val loss 0.2538 MAE 0.2523 | test loss 0.2604 MAE 0.2593 | best val 0.2509 (epoch 160, test 0.2581328622080551)
epoch 162 | 107.6s | train loss 0.2265 MAE 0.2264 | val loss 0.2540 MAE 0.2526 | test loss 0.2618 MAE 0.2607 | best val 0.2509 (epoch 160, test 0.2581328622080551)
epoch 163 | 110.0s | train loss 0.2290 MAE 0.2290 | val loss 0.2540 MAE 0.2526 | test loss 0.2619 MAE 0.2607 | best val 0.2509 (epoch 160, test 0.2581328622080551)
epoch 164 | 110.0s | train loss 0.2289 MAE 0.2289 | val loss 0.2543 MAE 0.2527 | test loss 0.2601 MAE 0.2590 | best val 0.2509 (epoch 160, test 0.2581328622080551)
epoch 165 | 110.5s | train loss 0.2278 MAE 0.2278 | val loss 0.2534 MAE 0.2519 | test loss 0.2602 MAE 0.2590 | best val 0.2509 (epoch 160, test 0.2581328622080551)
epoch 166 | 110.1s | train loss 0.2280 MAE 0.2280 | val loss 0.2542 MAE 0.2528 | test loss 0.2601 MAE 0.2590 | best val 0.2509 (epoch 160, test 0.2581328622080551)
epoch 167 | 111.5s | train loss 0.2276 MAE 0.2276 | val loss 0.2540 MAE 0.2525 | test loss 0.2618 MAE 0.2605 | best val 0.2509 (epoch 160, test 0.2581328622080551)
epoch 168 | 110.6s | train loss 0.2281 MAE 0.2281 | val loss 0.2543 MAE 0.2528 | test loss 0.2602 MAE 0.2590 | best val 0.2509 (epoch 160, test 0.2581328622080551)
epoch 169 | 109.9s | train loss 0.2282 MAE 0.2282 | val loss 0.2530 MAE 0.2515 | test loss 0.2590 MAE 0.2578 | best val 0.2509 (epoch 160, test 0.2581328622080551)
epoch 170 | 111.8s | train loss 0.2274 MAE 0.2274 | val loss 0.2533 MAE 0.2520 | test loss 0.2599 MAE 0.2588 | best val 0.2509 (epoch 160, test 0.2581328622080551)
epoch 171 | 110.8s | train loss 0.2266 MAE 0.2267 | val loss 0.2543 MAE 0.2529 | test loss 0.2618 MAE 0.2606 | best val 0.2509 (epoch 160, test 0.2581328622080551)
epoch 172 | 110.5s | train loss 0.2270 MAE 0.2270 | val loss 0.2525 MAE 0.2511 | test loss 0.2599 MAE 0.2587 | best val 0.2509 (epoch 160, test 0.2581328622080551)
epoch 173 | 108.4s | train loss 0.2265 MAE 0.2265 | val loss 0.2520 MAE 0.2506 | test loss 0.2597 MAE 0.2585 | best val 0.2506 (epoch 173, test 0.2584975752740646)
epoch 174 | 109.6s | train loss 0.2267 MAE 0.2267 | val loss 0.2514 MAE 0.2500 | test loss 0.2585 MAE 0.2574 | best val 0.2500 (epoch 174, test 0.25736851861952575)
epoch 175 | 110.0s | train loss 0.2258 MAE 0.2258 | val loss 0.2527 MAE 0.2513 | test loss 0.2599 MAE 0.2587 | best val 0.2500 (epoch 174, test 0.25736851861952575)
epoch 176 | 108.7s | train loss 0.2262 MAE 0.2262 | val loss 0.2536 MAE 0.2522 | test loss 0.2608 MAE 0.2596 | best val 0.2500 (epoch 174, test 0.25736851861952575)
epoch 177 | 109.0s | train loss 0.2256 MAE 0.2256 | val loss 0.2531 MAE 0.2516 | test loss 0.2596 MAE 0.2584 | best val 0.2500 (epoch 174, test 0.25736851861952575)
epoch 178 | 113.5s | train loss 0.2255 MAE 0.2255 | val loss 0.2524 MAE 0.2511 | test loss 0.2590 MAE 0.2578 | best val 0.2500 (epoch 174, test 0.25736851861952575)
epoch 179 | 110.3s | train loss 0.2256 MAE 0.2256 | val loss 0.2531 MAE 0.2517 | test loss 0.2599 MAE 0.2588 | best val 0.2500 (epoch 174, test 0.25736851861952575)
epoch 180 | 108.6s | train loss 0.2253 MAE 0.2253 | val loss 0.2525 MAE 0.2510 | test loss 0.2596 MAE 0.2584 | best val 0.2500 (epoch 174, test 0.25736851861952575)
epoch 181 | 112.4s | train loss 0.2251 MAE 0.2252 | val loss 0.2526 MAE 0.2512 | test loss 0.2594 MAE 0.2583 | best val 0.2500 (epoch 174, test 0.25736851861952575)
epoch 182 | 111.5s | train loss 0.2257 MAE 0.2257 | val loss 0.2532 MAE 0.2518 | test loss 0.2595 MAE 0.2584 | best val 0.2500 (epoch 174, test 0.25736851861952575)
epoch 183 | 110.1s | train loss 0.2250 MAE 0.2250 | val loss 0.2531 MAE 0.2516 | test loss 0.2595 MAE 0.2584 | best val 0.2500 (epoch 174, test 0.25736851861952575)
epoch 184 | 118.9s | train loss 0.2236 MAE 0.2237 | val loss 0.2532 MAE 0.2518 | test loss 0.2598 MAE 0.2587 | best val 0.2500 (epoch 174, test 0.25736851861952575)
epoch 185 | 121.5s | train loss 0.2239 MAE 0.2240 | val loss 0.2531 MAE 0.2517 | test loss 0.2595 MAE 0.2583 | best val 0.2500 (epoch 174, test 0.25736851861952575)
epoch 186 | 125.6s | train loss 0.2246 MAE 0.2246 | val loss 0.2535 MAE 0.2521 | test loss 0.2602 MAE 0.2590 | best val 0.2500 (epoch 174, test 0.25736851861952575)
epoch 187 | 126.1s | train loss 0.2245 MAE 0.2245 | val loss 0.2528 MAE 0.2514 | test loss 0.2595 MAE 0.2584 | best val 0.2500 (epoch 174, test 0.25736851861952575)
epoch 188 | 126.0s | train loss 0.2252 MAE 0.2252 | val loss 0.2529 MAE 0.2514 | test loss 0.2593 MAE 0.2581 | best val 0.2500 (epoch 174, test 0.25736851861952575)
epoch 189 | 125.3s | train loss 0.2249 MAE 0.2249 | val loss 0.2525 MAE 0.2511 | test loss 0.2588 MAE 0.2577 | best val 0.2500 (epoch 174, test 0.25736851861952575)
epoch 190 | 127.4s | train loss 0.2246 MAE 0.2246 | val loss 0.2528 MAE 0.2514 | test loss 0.2594 MAE 0.2583 | best val 0.2500 (epoch 174, test 0.25736851861952575)
epoch 191 | 128.4s | train loss 0.2238 MAE 0.2238 | val loss 0.2527 MAE 0.2512 | test loss 0.2589 MAE 0.2578 | best val 0.2500 (epoch 174, test 0.25736851861952575)
epoch 192 | 129.3s | train loss 0.2234 MAE 0.2234 | val loss 0.2527 MAE 0.2512 | test loss 0.2591 MAE 0.2579 | best val 0.2500 (epoch 174, test 0.25736851861952575)
epoch 193 | 129.0s | train loss 0.2249 MAE 0.2250 | val loss 0.2527 MAE 0.2512 | test loss 0.2590 MAE 0.2578 | best val 0.2500 (epoch 174, test 0.25736851861952575)
epoch 194 | 128.6s | train loss 0.2235 MAE 0.2235 | val loss 0.2525 MAE 0.2511 | test loss 0.2589 MAE 0.2578 | best val 0.2500 (epoch 174, test 0.25736851861952575)
epoch 195 | 128.5s | train loss 0.2243 MAE 0.2243 | val loss 0.2526 MAE 0.2512 | test loss 0.2590 MAE 0.2579 | best val 0.2500 (epoch 174, test 0.25736851861952575)
epoch 196 | 128.3s | train loss 0.2250 MAE 0.2250 | val loss 0.2527 MAE 0.2512 | test loss 0.2591 MAE 0.2580 | best val 0.2500 (epoch 174, test 0.25736851861952575)
epoch 197 | 130.4s | train loss 0.2231 MAE 0.2231 | val loss 0.2527 MAE 0.2513 | test loss 0.2591 MAE 0.2580 | best val 0.2500 (epoch 174, test 0.25736851861952575)
epoch 198 | 127.5s | train loss 0.2236 MAE 0.2237 | val loss 0.2528 MAE 0.2514 | test loss 0.2593 MAE 0.2581 | best val 0.2500 (epoch 174, test 0.25736851861952575)
epoch 199 | 130.8s | train loss 0.2246 MAE 0.2246 | val loss 0.2528 MAE 0.2513 | test loss 0.2593 MAE 0.2581 | best val 0.2500 (epoch 174, test 0.25736851861952575)
BEST: val MAE 0.2500 | test MAE 0.2574 (epoch 174)
