{'dataset': 'Peptides-struct', 'max_hops': 40, 'use_lap_pe': False, 'lap_pe_dim': 8, 'hidden_dim': 640, 'num_heads': 20, 'ffn_ratio': 4, 'num_layers': 1, 'dropout': 0.2, 'graph_pool': 'sum', 'hop_mode': 'window', 'hop_window': 1, 'num_global_heads': 0, 'lr': 0.001, 'lr_min': 1e-06, 'weight_decay': 0.0003, 'batch_size': 64, 'max_epochs': 200, 'patience': 40, 'warmup_ratio': 0.05, 'grad_clip': 1.0, 'num_workers': 4, 'dist_mask_workers': 8, 'device': None, 'save_dir': 'checkpoints_hop_masked_struct_3', 'seed': 0}
Unknown args =  []
[Peptides-struct] task=regression level=graph metric=mae (higher_is_better=False)
  Loading cached distance masks from ./data/Peptides-struct/dist_masks/train.pkl
  Loading cached distance masks from ./data/Peptides-struct/dist_masks/val.pkl
  Loading cached distance masks from ./data/Peptides-struct/dist_masks/test.pkl
Head -> hop set assignment:
  head 0: [0, 1, 2]
  head 1: [0, 2, 3, 4]
  head 2: [0, 4, 5, 6]
  head 3: [0, 6, 7, 8]
  head 4: [0, 8, 9, 10]
  head 5: [0, 10, 11, 12]
  head 6: [0, 12, 13, 14]
  head 7: [0, 14, 15, 16]
  head 8: [0, 16, 17, 18]
  head 9: [0, 18, 19, 20]
  head 10: [0, 20, 21, 22]
  head 11: [0, 22, 23, 24]
  head 12: [0, 24, 25, 26]
  head 13: [0, 26, 27, 28]
  head 14: [0, 28, 29, 30]
  head 15: [0, 30, 31, 32]
  head 16: [0, 32, 33, 34]
  head 17: [0, 34, 35, 36]
  head 18: [0, 36, 37, 38]
  head 19: [0, 38, 39]
trainable params: 5.864M
epoch 000 | 101.5s | train loss 0.5075 MAE 0.5076 | val loss 0.3572 MAE 0.3554 | test loss 0.3696 MAE 0.3690 | best val 0.3554 (epoch 0, test 0.36900704553622515)
epoch 001 | 101.7s | train loss 0.3634 MAE 0.3633 | val loss 0.3526 MAE 0.3510 | test loss 0.3608 MAE 0.3599 | best val 0.3510 (epoch 1, test 0.35985547793941985)
epoch 002 | 100.9s | train loss 0.3448 MAE 0.3447 | val loss 0.3295 MAE 0.3284 | test loss 0.3371 MAE 0.3364 | best val 0.3284 (epoch 2, test 0.3364015585708593)
epoch 003 | 101.8s | train loss 0.3337 MAE 0.3337 | val loss 0.3119 MAE 0.3103 | test loss 0.3190 MAE 0.3180 | best val 0.3103 (epoch 3, test 0.31798045439086103)
epoch 004 | 102.9s | train loss 0.3287 MAE 0.3287 | val loss 0.3098 MAE 0.3083 | test loss 0.3182 MAE 0.3174 | best val 0.3083 (epoch 4, test 0.31744463043857307)
epoch 005 | 102.3s | train loss 0.3250 MAE 0.3250 | val loss 0.3100 MAE 0.3084 | test loss 0.3193 MAE 0.3187 | best val 0.3083 (epoch 4, test 0.31744463043857307)
epoch 006 | 102.0s | train loss 0.3215 MAE 0.3216 | val loss 0.3083 MAE 0.3063 | test loss 0.3135 MAE 0.3128 | best val 0.3063 (epoch 6, test 0.3128249852143756)
epoch 007 | 102.6s | train loss 0.3189 MAE 0.3189 | val loss 0.3155 MAE 0.3137 | test loss 0.3238 MAE 0.3228 | best val 0.3063 (epoch 6, test 0.3128249852143756)
epoch 008 | 103.3s | train loss 0.3333 MAE 0.3333 | val loss 0.3084 MAE 0.3069 | test loss 0.3145 MAE 0.3138 | best val 0.3063 (epoch 6, test 0.3128249852143756)
epoch 009 | 101.9s | train loss 0.3263 MAE 0.3263 | val loss 0.2973 MAE 0.2959 | test loss 0.3050 MAE 0.3043 | best val 0.2959 (epoch 9, test 0.30433848481524006)
epoch 010 | 102.9s | train loss 0.3243 MAE 0.3242 | val loss 0.3016 MAE 0.3002 | test loss 0.3091 MAE 0.3086 | best val 0.2959 (epoch 9, test 0.30433848481524006)
epoch 011 | 102.0s | train loss 0.3193 MAE 0.3193 | val loss 0.3009 MAE 0.2996 | test loss 0.3095 MAE 0.3092 | best val 0.2959 (epoch 9, test 0.30433848481524006)
epoch 012 | 102.2s | train loss 0.3221 MAE 0.3221 | val loss 0.3098 MAE 0.3085 | test loss 0.3188 MAE 0.3179 | best val 0.2959 (epoch 9, test 0.30433848481524006)
epoch 013 | 102.0s | train loss 0.3208 MAE 0.3208 | val loss 0.2996 MAE 0.2981 | test loss 0.3076 MAE 0.3072 | best val 0.2959 (epoch 9, test 0.30433848481524006)
epoch 014 | 101.5s | train loss 0.3152 MAE 0.3152 | val loss 0.3053 MAE 0.3038 | test loss 0.3113 MAE 0.3110 | best val 0.2959 (epoch 9, test 0.30433848481524006)
epoch 015 | 100.8s | train loss 0.3120 MAE 0.3119 | val loss 0.2934 MAE 0.2920 | test loss 0.3039 MAE 0.3034 | best val 0.2920 (epoch 15, test 0.3034336846863978)
epoch 016 | 102.5s | train loss 0.3118 MAE 0.3118 | val loss 0.2995 MAE 0.2981 | test loss 0.3078 MAE 0.3074 | best val 0.2920 (epoch 15, test 0.3034336846863978)
epoch 017 | 102.8s | train loss 0.3065 MAE 0.3065 | val loss 0.2948 MAE 0.2934 | test loss 0.3021 MAE 0.3014 | best val 0.2920 (epoch 15, test 0.3034336846863978)
epoch 018 | 103.1s | train loss 0.3058 MAE 0.3058 | val loss 0.2859 MAE 0.2848 | test loss 0.2936 MAE 0.2931 | best val 0.2848 (epoch 18, test 0.29306951107428725)
epoch 019 | 100.8s | train loss 0.3051 MAE 0.3051 | val loss 0.2898 MAE 0.2889 | test loss 0.2978 MAE 0.2969 | best val 0.2848 (epoch 18, test 0.29306951107428725)
epoch 020 | 102.6s | train loss 0.3144 MAE 0.3144 | val loss 0.2987 MAE 0.2976 | test loss 0.3027 MAE 0.3021 | best val 0.2848 (epoch 18, test 0.29306951107428725)
epoch 021 | 102.3s | train loss 0.3088 MAE 0.3088 | val loss 0.2884 MAE 0.2870 | test loss 0.2944 MAE 0.2938 | best val 0.2848 (epoch 18, test 0.29306951107428725)
epoch 022 | 103.2s | train loss 0.3107 MAE 0.3107 | val loss 0.2970 MAE 0.2957 | test loss 0.3046 MAE 0.3040 | best val 0.2848 (epoch 18, test 0.29306951107428725)
epoch 023 | 102.3s | train loss 0.3090 MAE 0.3090 | val loss 0.3065 MAE 0.3053 | test loss 0.3119 MAE 0.3112 | best val 0.2848 (epoch 18, test 0.29306951107428725)
epoch 024 | 112.0s | train loss 0.3032 MAE 0.3032 | val loss 0.2921 MAE 0.2909 | test loss 0.2984 MAE 0.2980 | best val 0.2848 (epoch 18, test 0.29306951107428725)
epoch 025 | 113.7s | train loss 0.3035 MAE 0.3035 | val loss 0.2875 MAE 0.2863 | test loss 0.2947 MAE 0.2941 | best val 0.2848 (epoch 18, test 0.29306951107428725)
epoch 026 | 115.3s | train loss 0.3020 MAE 0.3020 | val loss 0.2875 MAE 0.2863 | test loss 0.2936 MAE 0.2926 | best val 0.2848 (epoch 18, test 0.29306951107428725)
epoch 027 | 118.2s | train loss 0.3024 MAE 0.3025 | val loss 0.2852 MAE 0.2839 | test loss 0.2926 MAE 0.2919 | best val 0.2839 (epoch 27, test 0.2918862634863742)
epoch 028 | 117.4s | train loss 0.2996 MAE 0.2997 | val loss 0.2816 MAE 0.2804 | test loss 0.2891 MAE 0.2885 | best val 0.2804 (epoch 28, test 0.2885325357275912)
epoch 029 | 116.8s | train loss 0.2970 MAE 0.2970 | val loss 0.2865 MAE 0.2853 | test loss 0.2925 MAE 0.2919 | best val 0.2804 (epoch 28, test 0.2885325357275912)
epoch 030 | 120.0s | train loss 0.2966 MAE 0.2966 | val loss 0.2845 MAE 0.2835 | test loss 0.2913 MAE 0.2908 | best val 0.2804 (epoch 28, test 0.2885325357275912)
epoch 031 | 118.0s | train loss 0.2991 MAE 0.2990 | val loss 0.2862 MAE 0.2849 | test loss 0.2948 MAE 0.2946 | best val 0.2804 (epoch 28, test 0.2885325357275912)
epoch 032 | 117.6s | train loss 0.2955 MAE 0.2955 | val loss 0.2844 MAE 0.2831 | test loss 0.2929 MAE 0.2920 | best val 0.2804 (epoch 28, test 0.2885325357275912)
epoch 033 | 120.3s | train loss 0.2989 MAE 0.2989 | val loss 0.2856 MAE 0.2842 | test loss 0.2934 MAE 0.2931 | best val 0.2804 (epoch 28, test 0.2885325357275912)
epoch 034 | 119.5s | train loss 0.2978 MAE 0.2978 | val loss 0.2828 MAE 0.2818 | test loss 0.2891 MAE 0.2887 | best val 0.2804 (epoch 28, test 0.2885325357275912)
epoch 035 | 120.2s | train loss 0.2980 MAE 0.2980 | val loss 0.2856 MAE 0.2842 | test loss 0.2926 MAE 0.2925 | best val 0.2804 (epoch 28, test 0.2885325357275912)
epoch 036 | 118.1s | train loss 0.2950 MAE 0.2950 | val loss 0.2906 MAE 0.2899 | test loss 0.3004 MAE 0.2999 | best val 0.2804 (epoch 28, test 0.2885325357275912)
epoch 037 | 119.1s | train loss 0.2981 MAE 0.2981 | val loss 0.3057 MAE 0.3046 | test loss 0.3149 MAE 0.3142 | best val 0.2804 (epoch 28, test 0.2885325357275912)
epoch 038 | 119.8s | train loss 0.2964 MAE 0.2963 | val loss 0.2806 MAE 0.2797 | test loss 0.2885 MAE 0.2880 | best val 0.2797 (epoch 38, test 0.28804281267920423)
epoch 039 | 119.7s | train loss 0.2959 MAE 0.2958 | val loss 0.2809 MAE 0.2798 | test loss 0.2887 MAE 0.2884 | best val 0.2797 (epoch 38, test 0.28804281267920423)
epoch 040 | 119.0s | train loss 0.3056 MAE 0.3056 | val loss 0.3002 MAE 0.2992 | test loss 0.3076 MAE 0.3071 | best val 0.2797 (epoch 38, test 0.28804281267920423)
epoch 041 | 119.0s | train loss 0.3040 MAE 0.3040 | val loss 0.2971 MAE 0.2959 | test loss 0.3061 MAE 0.3055 | best val 0.2797 (epoch 38, test 0.28804281267920423)
epoch 042 | 112.8s | train loss 0.3142 MAE 0.3142 | val loss 0.2947 MAE 0.2934 | test loss 0.3034 MAE 0.3032 | best val 0.2797 (epoch 38, test 0.28804281267920423)
epoch 043 | 111.7s | train loss 0.3002 MAE 0.3002 | val loss 0.2863 MAE 0.2854 | test loss 0.2953 MAE 0.2949 | best val 0.2797 (epoch 38, test 0.28804281267920423)
epoch 044 | 111.5s | train loss 0.2963 MAE 0.2963 | val loss 0.2811 MAE 0.2800 | test loss 0.2904 MAE 0.2899 | best val 0.2797 (epoch 38, test 0.28804281267920423)
epoch 045 | 110.5s | train loss 0.2954 MAE 0.2954 | val loss 0.2894 MAE 0.2882 | test loss 0.2985 MAE 0.2979 | best val 0.2797 (epoch 38, test 0.28804281267920423)
epoch 046 | 111.8s | train loss 0.3003 MAE 0.3003 | val loss 0.2917 MAE 0.2909 | test loss 0.3038 MAE 0.3035 | best val 0.2797 (epoch 38, test 0.28804281267920423)
epoch 047 | 114.0s | train loss 0.3054 MAE 0.3054 | val loss 0.2905 MAE 0.2893 | test loss 0.2983 MAE 0.2977 | best val 0.2797 (epoch 38, test 0.28804281267920423)
epoch 048 | 116.0s | train loss 0.2961 MAE 0.2961 | val loss 0.2817 MAE 0.2804 | test loss 0.2929 MAE 0.2923 | best val 0.2797 (epoch 38, test 0.28804281267920423)
epoch 049 | 115.6s | train loss 0.2932 MAE 0.2932 | val loss 0.2816 MAE 0.2803 | test loss 0.2903 MAE 0.2900 | best val 0.2797 (epoch 38, test 0.28804281267920423)
epoch 050 | 110.1s | train loss 0.2914 MAE 0.2913 | val loss 0.3031 MAE 0.3019 | test loss 0.3102 MAE 0.3095 | best val 0.2797 (epoch 38, test 0.28804281267920423)
epoch 051 | 109.4s | train loss 0.2913 MAE 0.2913 | val loss 0.2929 MAE 0.2920 | test loss 0.3047 MAE 0.3042 | best val 0.2797 (epoch 38, test 0.28804281267920423)
epoch 052 | 110.1s | train loss 0.2944 MAE 0.2944 | val loss 0.2847 MAE 0.2836 | test loss 0.2929 MAE 0.2926 | best val 0.2797 (epoch 38, test 0.28804281267920423)
epoch 053 | 110.4s | train loss 0.2916 MAE 0.2916 | val loss 0.2803 MAE 0.2790 | test loss 0.2906 MAE 0.2902 | best val 0.2790 (epoch 53, test 0.29018901839225386)
epoch 054 | 110.5s | train loss 0.2918 MAE 0.2918 | val loss 0.2789 MAE 0.2776 | test loss 0.2860 MAE 0.2857 | best val 0.2776 (epoch 54, test 0.2856583907088798)
epoch 055 | 111.7s | train loss 0.2895 MAE 0.2895 | val loss 0.2768 MAE 0.2756 | test loss 0.2865 MAE 0.2860 | best val 0.2756 (epoch 55, test 0.2860237716704641)
epoch 056 | 112.8s | train loss 0.2889 MAE 0.2889 | val loss 0.2761 MAE 0.2752 | test loss 0.2831 MAE 0.2827 | best val 0.2752 (epoch 56, test 0.28268417361970394)
epoch 057 | 109.5s | train loss 0.2848 MAE 0.2848 | val loss 0.2798 MAE 0.2788 | test loss 0.2871 MAE 0.2865 | best val 0.2752 (epoch 56, test 0.28268417361970394)
epoch 058 | 108.5s | train loss 0.2875 MAE 0.2875 | val loss 0.2774 MAE 0.2761 | test loss 0.2832 MAE 0.2824 | best val 0.2752 (epoch 56, test 0.28268417361970394)
epoch 059 | 109.3s | train loss 0.2870 MAE 0.2870 | val loss 0.2890 MAE 0.2880 | test loss 0.2974 MAE 0.2969 | best val 0.2752 (epoch 56, test 0.28268417361970394)
epoch 060 | 112.4s | train loss 0.2884 MAE 0.2885 | val loss 0.2824 MAE 0.2812 | test loss 0.2945 MAE 0.2940 | best val 0.2752 (epoch 56, test 0.28268417361970394)
epoch 061 | 114.7s | train loss 0.2836 MAE 0.2836 | val loss 0.2805 MAE 0.2793 | test loss 0.2872 MAE 0.2866 | best val 0.2752 (epoch 56, test 0.28268417361970394)
epoch 062 | 108.1s | train loss 0.2823 MAE 0.2823 | val loss 0.2772 MAE 0.2762 | test loss 0.2855 MAE 0.2851 | best val 0.2752 (epoch 56, test 0.28268417361970394)
epoch 063 | 108.7s | train loss 0.2859 MAE 0.2859 | val loss 0.2856 MAE 0.2843 | test loss 0.2936 MAE 0.2932 | best val 0.2752 (epoch 56, test 0.28268417361970394)
epoch 064 | 108.2s | train loss 0.2836 MAE 0.2836 | val loss 0.2809 MAE 0.2798 | test loss 0.2900 MAE 0.2894 | best val 0.2752 (epoch 56, test 0.28268417361970394)
epoch 065 | 110.3s | train loss 0.2828 MAE 0.2828 | val loss 0.2784 MAE 0.2773 | test loss 0.2853 MAE 0.2849 | best val 0.2752 (epoch 56, test 0.28268417361970394)
epoch 066 | 110.8s | train loss 0.2805 MAE 0.2805 | val loss 0.2986 MAE 0.2980 | test loss 0.3084 MAE 0.3076 | best val 0.2752 (epoch 56, test 0.28268417361970394)
epoch 067 | 109.5s | train loss 0.2798 MAE 0.2798 | val loss 0.2769 MAE 0.2758 | test loss 0.2865 MAE 0.2861 | best val 0.2752 (epoch 56, test 0.28268417361970394)
epoch 068 | 109.6s | train loss 0.2792 MAE 0.2792 | val loss 0.2786 MAE 0.2772 | test loss 0.2847 MAE 0.2840 | best val 0.2752 (epoch 56, test 0.28268417361970394)
epoch 069 | 110.3s | train loss 0.2825 MAE 0.2825 | val loss 0.2765 MAE 0.2754 | test loss 0.2841 MAE 0.2836 | best val 0.2752 (epoch 56, test 0.28268417361970394)
epoch 070 | 108.2s | train loss 0.2820 MAE 0.2820 | val loss 0.2827 MAE 0.2815 | test loss 0.2893 MAE 0.2888 | best val 0.2752 (epoch 56, test 0.28268417361970394)
epoch 071 | 109.7s | train loss 0.2814 MAE 0.2814 | val loss 0.2831 MAE 0.2818 | test loss 0.2905 MAE 0.2900 | best val 0.2752 (epoch 56, test 0.28268417361970394)
epoch 072 | 109.4s | train loss 0.2781 MAE 0.2780 | val loss 0.2769 MAE 0.2756 | test loss 0.2826 MAE 0.2818 | best val 0.2752 (epoch 56, test 0.28268417361970394)
epoch 073 | 108.4s | train loss 0.2845 MAE 0.2845 | val loss 0.2774 MAE 0.2762 | test loss 0.2854 MAE 0.2847 | best val 0.2752 (epoch 56, test 0.28268417361970394)
epoch 074 | 112.3s | train loss 0.2886 MAE 0.2886 | val loss 0.2800 MAE 0.2788 | test loss 0.2889 MAE 0.2884 | best val 0.2752 (epoch 56, test 0.28268417361970394)
epoch 075 | 107.4s | train loss 0.2818 MAE 0.2818 | val loss 0.2748 MAE 0.2737 | test loss 0.2850 MAE 0.2843 | best val 0.2737 (epoch 75, test 0.2843031536275652)
epoch 076 | 105.1s | train loss 0.2797 MAE 0.2797 | val loss 0.2741 MAE 0.2729 | test loss 0.2828 MAE 0.2823 | best val 0.2729 (epoch 76, test 0.282262081167437)
epoch 077 | 104.1s | train loss 0.2777 MAE 0.2777 | val loss 0.2729 MAE 0.2720 | test loss 0.2820 MAE 0.2814 | best val 0.2720 (epoch 77, test 0.28141819003565277)
epoch 078 | 102.9s | train loss 0.2805 MAE 0.2805 | val loss 0.2737 MAE 0.2728 | test loss 0.2827 MAE 0.2822 | best val 0.2720 (epoch 77, test 0.28141819003565277)
epoch 079 | 105.1s | train loss 0.2799 MAE 0.2799 | val loss 0.2743 MAE 0.2729 | test loss 0.2812 MAE 0.2806 | best val 0.2720 (epoch 77, test 0.28141819003565277)
epoch 080 | 106.3s | train loss 0.2789 MAE 0.2789 | val loss 0.2772 MAE 0.2760 | test loss 0.2864 MAE 0.2860 | best val 0.2720 (epoch 77, test 0.28141819003565277)
epoch 081 | 105.6s | train loss 0.2797 MAE 0.2796 | val loss 0.2834 MAE 0.2829 | test loss 0.2904 MAE 0.2896 | best val 0.2720 (epoch 77, test 0.28141819003565277)
epoch 082 | 102.0s | train loss 0.2801 MAE 0.2801 | val loss 0.2854 MAE 0.2843 | test loss 0.2944 MAE 0.2935 | best val 0.2720 (epoch 77, test 0.28141819003565277)
epoch 083 | 103.3s | train loss 0.2788 MAE 0.2788 | val loss 0.2722 MAE 0.2709 | test loss 0.2803 MAE 0.2797 | best val 0.2709 (epoch 83, test 0.27966239391338543)
epoch 084 | 105.2s | train loss 0.2749 MAE 0.2749 | val loss 0.2719 MAE 0.2707 | test loss 0.2785 MAE 0.2778 | best val 0.2707 (epoch 84, test 0.27784218463105087)
epoch 085 | 105.4s | train loss 0.2746 MAE 0.2746 | val loss 0.2700 MAE 0.2684 | test loss 0.2796 MAE 0.2790 | best val 0.2684 (epoch 85, test 0.2789826509461119)
epoch 086 | 104.7s | train loss 0.2759 MAE 0.2759 | val loss 0.2689 MAE 0.2675 | test loss 0.2757 MAE 0.2748 | best val 0.2675 (epoch 86, test 0.27476286401193717)
epoch 087 | 102.9s | train loss 0.2732 MAE 0.2732 | val loss 0.2791 MAE 0.2777 | test loss 0.2861 MAE 0.2854 | best val 0.2675 (epoch 86, test 0.27476286401193717)
epoch 088 | 104.9s | train loss 0.2723 MAE 0.2724 | val loss 0.2728 MAE 0.2711 | test loss 0.2780 MAE 0.2771 | best val 0.2675 (epoch 86, test 0.27476286401193717)
epoch 089 | 102.3s | train loss 0.2719 MAE 0.2720 | val loss 0.2765 MAE 0.2750 | test loss 0.2807 MAE 0.2801 | best val 0.2675 (epoch 86, test 0.27476286401193717)
epoch 090 | 105.4s | train loss 0.2714 MAE 0.2714 | val loss 0.2717 MAE 0.2704 | test loss 0.2771 MAE 0.2763 | best val 0.2675 (epoch 86, test 0.27476286401193717)
epoch 091 | 102.8s | train loss 0.2727 MAE 0.2727 | val loss 0.2707 MAE 0.2695 | test loss 0.2770 MAE 0.2764 | best val 0.2675 (epoch 86, test 0.27476286401193717)
epoch 092 | 102.9s | train loss 0.2716 MAE 0.2716 | val loss 0.2681 MAE 0.2667 | test loss 0.2743 MAE 0.2737 | best val 0.2667 (epoch 92, test 0.2737030163249883)
epoch 093 | 103.4s | train loss 0.2697 MAE 0.2697 | val loss 0.2833 MAE 0.2819 | test loss 0.2875 MAE 0.2866 | best val 0.2667 (epoch 92, test 0.2737030163249883)
epoch 094 | 104.6s | train loss 0.2704 MAE 0.2704 | val loss 0.2711 MAE 0.2698 | test loss 0.2780 MAE 0.2775 | best val 0.2667 (epoch 92, test 0.2737030163249883)
epoch 095 | 105.2s | train loss 0.2693 MAE 0.2692 | val loss 0.2723 MAE 0.2711 | test loss 0.2794 MAE 0.2789 | best val 0.2667 (epoch 92, test 0.2737030163249883)
epoch 096 | 105.5s | train loss 0.2699 MAE 0.2699 | val loss 0.2704 MAE 0.2690 | test loss 0.2769 MAE 0.2763 | best val 0.2667 (epoch 92, test 0.2737030163249883)
epoch 097 | 106.3s | train loss 0.2693 MAE 0.2694 | val loss 0.2675 MAE 0.2661 | test loss 0.2749 MAE 0.2742 | best val 0.2661 (epoch 97, test 0.2742285242603217)
epoch 098 | 103.0s | train loss 0.2698 MAE 0.2698 | val loss 0.2774 MAE 0.2760 | test loss 0.2829 MAE 0.2822 | best val 0.2661 (epoch 97, test 0.2742285242603217)
epoch 099 | 104.6s | train loss 0.2659 MAE 0.2659 | val loss 0.2692 MAE 0.2678 | test loss 0.2768 MAE 0.2762 | best val 0.2661 (epoch 97, test 0.2742285242603217)
epoch 100 | 103.0s | train loss 0.2669 MAE 0.2670 | val loss 0.2711 MAE 0.2698 | test loss 0.2781 MAE 0.2775 | best val 0.2661 (epoch 97, test 0.2742285242603217)
epoch 101 | 103.2s | train loss 0.2657 MAE 0.2657 | val loss 0.2746 MAE 0.2733 | test loss 0.2807 MAE 0.2799 | best val 0.2661 (epoch 97, test 0.2742285242603217)
epoch 102 | 105.9s | train loss 0.2660 MAE 0.2660 | val loss 0.2678 MAE 0.2662 | test loss 0.2729 MAE 0.2722 | best val 0.2661 (epoch 97, test 0.2742285242603217)
epoch 103 | 103.5s | train loss 0.2657 MAE 0.2657 | val loss 0.2671 MAE 0.2660 | test loss 0.2739 MAE 0.2733 | best val 0.2660 (epoch 103, test 0.2732726964209033)
epoch 104 | 106.0s | train loss 0.2645 MAE 0.2645 | val loss 0.2674 MAE 0.2661 | test loss 0.2732 MAE 0.2726 | best val 0.2660 (epoch 103, test 0.2732726964209033)
epoch 105 | 102.3s | train loss 0.2652 MAE 0.2652 | val loss 0.2761 MAE 0.2751 | test loss 0.2783 MAE 0.2777 | best val 0.2660 (epoch 103, test 0.2732726964209033)
epoch 106 | 105.1s | train loss 0.2634 MAE 0.2634 | val loss 0.2672 MAE 0.2660 | test loss 0.2712 MAE 0.2707 | best val 0.2660 (epoch 103, test 0.2732726964209033)
epoch 107 | 104.4s | train loss 0.2627 MAE 0.2627 | val loss 0.2648 MAE 0.2636 | test loss 0.2708 MAE 0.2704 | best val 0.2636 (epoch 107, test 0.270425584525851)
epoch 108 | 104.0s | train loss 0.2614 MAE 0.2614 | val loss 0.2707 MAE 0.2697 | test loss 0.2748 MAE 0.2742 | best val 0.2636 (epoch 107, test 0.270425584525851)
epoch 109 | 103.1s | train loss 0.2620 MAE 0.2621 | val loss 0.2686 MAE 0.2676 | test loss 0.2748 MAE 0.2741 | best val 0.2636 (epoch 107, test 0.270425584525851)
epoch 110 | 106.2s | train loss 0.2646 MAE 0.2646 | val loss 0.2651 MAE 0.2639 | test loss 0.2699 MAE 0.2692 | best val 0.2636 (epoch 107, test 0.270425584525851)
epoch 111 | 102.5s | train loss 0.2616 MAE 0.2616 | val loss 0.2671 MAE 0.2659 | test loss 0.2732 MAE 0.2724 | best val 0.2636 (epoch 107, test 0.270425584525851)
epoch 112 | 103.6s | train loss 0.2613 MAE 0.2614 | val loss 0.2654 MAE 0.2643 | test loss 0.2708 MAE 0.2701 | best val 0.2636 (epoch 107, test 0.270425584525851)
epoch 113 | 103.1s | train loss 0.2602 MAE 0.2602 | val loss 0.2629 MAE 0.2619 | test loss 0.2692 MAE 0.2686 | best val 0.2619 (epoch 113, test 0.2686169749021843)
epoch 114 | 103.2s | train loss 0.2596 MAE 0.2596 | val loss 0.2693 MAE 0.2680 | test loss 0.2740 MAE 0.2735 | best val 0.2619 (epoch 113, test 0.2686169749021843)
epoch 115 | 105.1s | train loss 0.2583 MAE 0.2583 | val loss 0.2686 MAE 0.2677 | test loss 0.2717 MAE 0.2711 | best val 0.2619 (epoch 113, test 0.2686169749021843)
epoch 116 | 103.1s | train loss 0.2592 MAE 0.2592 | val loss 0.2676 MAE 0.2666 | test loss 0.2721 MAE 0.2715 | best val 0.2619 (epoch 113, test 0.2686169749021843)
epoch 117 | 102.0s | train loss 0.2593 MAE 0.2593 | val loss 0.2663 MAE 0.2651 | test loss 0.2719 MAE 0.2715 | best val 0.2619 (epoch 113, test 0.2686169749021843)
epoch 118 | 104.5s | train loss 0.2570 MAE 0.2570 | val loss 0.2641 MAE 0.2631 | test loss 0.2676 MAE 0.2670 | best val 0.2619 (epoch 113, test 0.2686169749021843)
epoch 119 | 102.5s | train loss 0.2556 MAE 0.2556 | val loss 0.2674 MAE 0.2662 | test loss 0.2717 MAE 0.2711 | best val 0.2619 (epoch 113, test 0.2686169749021843)
epoch 120 | 102.9s | train loss 0.2570 MAE 0.2570 | val loss 0.2695 MAE 0.2684 | test loss 0.2726 MAE 0.2721 | best val 0.2619 (epoch 113, test 0.2686169749021843)
epoch 121 | 106.4s | train loss 0.2553 MAE 0.2553 | val loss 0.2634 MAE 0.2624 | test loss 0.2679 MAE 0.2674 | best val 0.2619 (epoch 113, test 0.2686169749021843)
epoch 122 | 103.4s | train loss 0.2560 MAE 0.2561 | val loss 0.2656 MAE 0.2646 | test loss 0.2719 MAE 0.2714 | best val 0.2619 (epoch 113, test 0.2686169749021843)
epoch 123 | 103.0s | train loss 0.2568 MAE 0.2568 | val loss 0.2705 MAE 0.2697 | test loss 0.2744 MAE 0.2737 | best val 0.2619 (epoch 113, test 0.2686169749021843)
epoch 124 | 104.3s | train loss 0.2556 MAE 0.2556 | val loss 0.2662 MAE 0.2651 | test loss 0.2707 MAE 0.2701 | best val 0.2619 (epoch 113, test 0.2686169749021843)
epoch 125 | 103.5s | train loss 0.2555 MAE 0.2555 | val loss 0.2683 MAE 0.2672 | test loss 0.2745 MAE 0.2740 | best val 0.2619 (epoch 113, test 0.2686169749021843)
epoch 126 | 101.8s | train loss 0.2539 MAE 0.2539 | val loss 0.2645 MAE 0.2634 | test loss 0.2712 MAE 0.2708 | best val 0.2619 (epoch 113, test 0.2686169749021843)
epoch 127 | 103.4s | train loss 0.2525 MAE 0.2525 | val loss 0.2628 MAE 0.2615 | test loss 0.2694 MAE 0.2688 | best val 0.2615 (epoch 127, test 0.2688260584214716)
epoch 128 | 105.0s | train loss 0.2552 MAE 0.2552 | val loss 0.2630 MAE 0.2617 | test loss 0.2667 MAE 0.2662 | best val 0.2615 (epoch 127, test 0.2688260584214716)
epoch 129 | 103.6s | train loss 0.2528 MAE 0.2527 | val loss 0.2628 MAE 0.2617 | test loss 0.2694 MAE 0.2688 | best val 0.2615 (epoch 127, test 0.2688260584214716)
epoch 130 | 104.8s | train loss 0.2505 MAE 0.2505 | val loss 0.2636 MAE 0.2622 | test loss 0.2693 MAE 0.2687 | best val 0.2615 (epoch 127, test 0.2688260584214716)
epoch 131 | 104.0s | train loss 0.2510 MAE 0.2510 | val loss 0.2613 MAE 0.2601 | test loss 0.2669 MAE 0.2664 | best val 0.2601 (epoch 131, test 0.26642653764732926)
epoch 132 | 104.4s | train loss 0.2512 MAE 0.2512 | val loss 0.2602 MAE 0.2587 | test loss 0.2658 MAE 0.2654 | best val 0.2587 (epoch 132, test 0.265358024658666)
epoch 133 | 105.9s | train loss 0.2504 MAE 0.2505 | val loss 0.2584 MAE 0.2572 | test loss 0.2634 MAE 0.2630 | best val 0.2572 (epoch 133, test 0.26302818248816623)
epoch 134 | 102.4s | train loss 0.2496 MAE 0.2497 | val loss 0.2606 MAE 0.2594 | test loss 0.2670 MAE 0.2665 | best val 0.2572 (epoch 133, test 0.26302818248816623)
epoch 135 | 101.4s | train loss 0.2481 MAE 0.2481 | val loss 0.2602 MAE 0.2589 | test loss 0.2651 MAE 0.2646 | best val 0.2572 (epoch 133, test 0.26302818248816623)
epoch 136 | 104.3s | train loss 0.2481 MAE 0.2480 | val loss 0.2616 MAE 0.2602 | test loss 0.2672 MAE 0.2666 | best val 0.2572 (epoch 133, test 0.26302818248816623)
epoch 137 | 104.1s | train loss 0.2476 MAE 0.2476 | val loss 0.2634 MAE 0.2622 | test loss 0.2688 MAE 0.2681 | best val 0.2572 (epoch 133, test 0.26302818248816623)
epoch 138 | 106.3s | train loss 0.2464 MAE 0.2465 | val loss 0.2640 MAE 0.2627 | test loss 0.2669 MAE 0.2664 | best val 0.2572 (epoch 133, test 0.26302818248816623)
epoch 139 | 102.5s | train loss 0.2480 MAE 0.2480 | val loss 0.2631 MAE 0.2618 | test loss 0.2655 MAE 0.2649 | best val 0.2572 (epoch 133, test 0.26302818248816623)
epoch 140 | 105.0s | train loss 0.2463 MAE 0.2463 | val loss 0.2607 MAE 0.2593 | test loss 0.2639 MAE 0.2633 | best val 0.2572 (epoch 133, test 0.26302818248816623)
epoch 141 | 104.9s | train loss 0.2458 MAE 0.2458 | val loss 0.2627 MAE 0.2610 | test loss 0.2680 MAE 0.2674 | best val 0.2572 (epoch 133, test 0.26302818248816623)
epoch 142 | 103.4s | train loss 0.2454 MAE 0.2454 | val loss 0.2597 MAE 0.2585 | test loss 0.2642 MAE 0.2637 | best val 0.2572 (epoch 133, test 0.26302818248816623)
epoch 143 | 105.8s | train loss 0.2455 MAE 0.2456 | val loss 0.2606 MAE 0.2591 | test loss 0.2651 MAE 0.2646 | best val 0.2572 (epoch 133, test 0.26302818248816623)
epoch 144 | 102.4s | train loss 0.2442 MAE 0.2442 | val loss 0.2607 MAE 0.2592 | test loss 0.2644 MAE 0.2638 | best val 0.2572 (epoch 133, test 0.26302818248816623)
epoch 145 | 106.2s | train loss 0.2455 MAE 0.2455 | val loss 0.2619 MAE 0.2604 | test loss 0.2677 MAE 0.2672 | best val 0.2572 (epoch 133, test 0.26302818248816623)
epoch 146 | 106.1s | train loss 0.2443 MAE 0.2443 | val loss 0.2606 MAE 0.2591 | test loss 0.2648 MAE 0.2641 | best val 0.2572 (epoch 133, test 0.26302818248816623)
epoch 147 | 105.5s | train loss 0.2440 MAE 0.2440 | val loss 0.2608 MAE 0.2594 | test loss 0.2639 MAE 0.2634 | best val 0.2572 (epoch 133, test 0.26302818248816623)
epoch 148 | 103.5s | train loss 0.2452 MAE 0.2452 | val loss 0.2626 MAE 0.2613 | test loss 0.2674 MAE 0.2669 | best val 0.2572 (epoch 133, test 0.26302818248816623)
epoch 149 | 103.3s | train loss 0.2446 MAE 0.2446 | val loss 0.2661 MAE 0.2648 | test loss 0.2690 MAE 0.2684 | best val 0.2572 (epoch 133, test 0.26302818248816623)
epoch 150 | 106.2s | train loss 0.2428 MAE 0.2428 | val loss 0.2644 MAE 0.2629 | test loss 0.2671 MAE 0.2665 | best val 0.2572 (epoch 133, test 0.26302818248816623)
epoch 151 | 105.7s | train loss 0.2441 MAE 0.2441 | val loss 0.2641 MAE 0.2628 | test loss 0.2677 MAE 0.2671 | best val 0.2572 (epoch 133, test 0.26302818248816623)
epoch 152 | 104.5s | train loss 0.2423 MAE 0.2423 | val loss 0.2595 MAE 0.2580 | test loss 0.2625 MAE 0.2618 | best val 0.2572 (epoch 133, test 0.26302818248816623)
epoch 153 | 105.2s | train loss 0.2410 MAE 0.2410 | val loss 0.2601 MAE 0.2587 | test loss 0.2627 MAE 0.2621 | best val 0.2572 (epoch 133, test 0.26302818248816623)
epoch 154 | 103.2s | train loss 0.2417 MAE 0.2417 | val loss 0.2622 MAE 0.2609 | test loss 0.2649 MAE 0.2642 | best val 0.2572 (epoch 133, test 0.26302818248816623)
epoch 155 | 103.0s | train loss 0.2414 MAE 0.2414 | val loss 0.2664 MAE 0.2649 | test loss 0.2689 MAE 0.2684 | best val 0.2572 (epoch 133, test 0.26302818248816623)
epoch 156 | 104.1s | train loss 0.2413 MAE 0.2413 | val loss 0.2604 MAE 0.2590 | test loss 0.2647 MAE 0.2641 | best val 0.2572 (epoch 133, test 0.26302818248816623)
epoch 157 | 107.4s | train loss 0.2410 MAE 0.2410 | val loss 0.2622 MAE 0.2605 | test loss 0.2659 MAE 0.2653 | best val 0.2572 (epoch 133, test 0.26302818248816623)
epoch 158 | 104.1s | train loss 0.2395 MAE 0.2395 | val loss 0.2616 MAE 0.2602 | test loss 0.2646 MAE 0.2640 | best val 0.2572 (epoch 133, test 0.26302818248816623)
epoch 159 | 104.7s | train loss 0.2395 MAE 0.2395 | val loss 0.2660 MAE 0.2643 | test loss 0.2701 MAE 0.2695 | best val 0.2572 (epoch 133, test 0.26302818248816623)
epoch 160 | 105.1s | train loss 0.2398 MAE 0.2398 | val loss 0.2605 MAE 0.2589 | test loss 0.2646 MAE 0.2640 | best val 0.2572 (epoch 133, test 0.26302818248816623)
epoch 161 | 104.1s | train loss 0.2382 MAE 0.2382 | val loss 0.2614 MAE 0.2598 | test loss 0.2647 MAE 0.2640 | best val 0.2572 (epoch 133, test 0.26302818248816623)
epoch 162 | 105.0s | train loss 0.2388 MAE 0.2388 | val loss 0.2616 MAE 0.2604 | test loss 0.2643 MAE 0.2637 | best val 0.2572 (epoch 133, test 0.26302818248816623)
epoch 163 | 106.1s | train loss 0.2386 MAE 0.2386 | val loss 0.2605 MAE 0.2592 | test loss 0.2632 MAE 0.2625 | best val 0.2572 (epoch 133, test 0.26302818248816623)
epoch 164 | 104.0s | train loss 0.2378 MAE 0.2377 | val loss 0.2612 MAE 0.2597 | test loss 0.2637 MAE 0.2631 | best val 0.2572 (epoch 133, test 0.26302818248816623)
epoch 165 | 104.3s | train loss 0.2368 MAE 0.2368 | val loss 0.2584 MAE 0.2571 | test loss 0.2631 MAE 0.2626 | best val 0.2571 (epoch 165, test 0.26258468792224504)
epoch 166 | 103.9s | train loss 0.2375 MAE 0.2375 | val loss 0.2612 MAE 0.2598 | test loss 0.2639 MAE 0.2633 | best val 0.2571 (epoch 165, test 0.26258468792224504)
epoch 167 | 104.4s | train loss 0.2367 MAE 0.2367 | val loss 0.2587 MAE 0.2575 | test loss 0.2630 MAE 0.2623 | best val 0.2571 (epoch 165, test 0.26258468792224504)
epoch 168 | 106.0s | train loss 0.2372 MAE 0.2372 | val loss 0.2643 MAE 0.2629 | test loss 0.2668 MAE 0.2662 | best val 0.2571 (epoch 165, test 0.26258468792224504)
epoch 169 | 102.6s | train loss 0.2362 MAE 0.2362 | val loss 0.2617 MAE 0.2603 | test loss 0.2644 MAE 0.2638 | best val 0.2571 (epoch 165, test 0.26258468792224504)
epoch 170 | 106.2s | train loss 0.2367 MAE 0.2367 | val loss 0.2604 MAE 0.2590 | test loss 0.2632 MAE 0.2627 | best val 0.2571 (epoch 165, test 0.26258468792224504)
epoch 171 | 100.9s | train loss 0.2363 MAE 0.2363 | val loss 0.2598 MAE 0.2585 | test loss 0.2629 MAE 0.2623 | best val 0.2571 (epoch 165, test 0.26258468792224504)
epoch 172 | 106.4s | train loss 0.2357 MAE 0.2358 | val loss 0.2602 MAE 0.2587 | test loss 0.2636 MAE 0.2631 | best val 0.2571 (epoch 165, test 0.26258468792224504)
epoch 173 | 102.7s | train loss 0.2364 MAE 0.2364 | val loss 0.2613 MAE 0.2601 | test loss 0.2639 MAE 0.2633 | best val 0.2571 (epoch 165, test 0.26258468792224504)
epoch 174 | 102.1s | train loss 0.2342 MAE 0.2342 | val loss 0.2612 MAE 0.2600 | test loss 0.2648 MAE 0.2642 | best val 0.2571 (epoch 165, test 0.26258468792224504)
epoch 175 | 103.7s | train loss 0.2342 MAE 0.2342 | val loss 0.2623 MAE 0.2609 | test loss 0.2648 MAE 0.2642 | best val 0.2571 (epoch 165, test 0.26258468792224504)
epoch 176 | 105.5s | train loss 0.2344 MAE 0.2345 | val loss 0.2599 MAE 0.2585 | test loss 0.2625 MAE 0.2618 | best val 0.2571 (epoch 165, test 0.26258468792224504)
epoch 177 | 104.3s | train loss 0.2355 MAE 0.2356 | val loss 0.2601 MAE 0.2588 | test loss 0.2631 MAE 0.2626 | best val 0.2571 (epoch 165, test 0.26258468792224504)
epoch 178 | 103.9s | train loss 0.2347 MAE 0.2347 | val loss 0.2618 MAE 0.2604 | test loss 0.2653 MAE 0.2647 | best val 0.2571 (epoch 165, test 0.26258468792224504)
epoch 179 | 106.1s | train loss 0.2345 MAE 0.2345 | val loss 0.2604 MAE 0.2590 | test loss 0.2634 MAE 0.2628 | best val 0.2571 (epoch 165, test 0.26258468792224504)
epoch 180 | 104.5s | train loss 0.2347 MAE 0.2347 | val loss 0.2610 MAE 0.2595 | test loss 0.2647 MAE 0.2641 | best val 0.2571 (epoch 165, test 0.26258468792224504)
epoch 181 | 104.8s | train loss 0.2345 MAE 0.2346 | val loss 0.2605 MAE 0.2591 | test loss 0.2638 MAE 0.2632 | best val 0.2571 (epoch 165, test 0.26258468792224504)
epoch 182 | 104.9s | train loss 0.2332 MAE 0.2332 | val loss 0.2607 MAE 0.2593 | test loss 0.2645 MAE 0.2639 | best val 0.2571 (epoch 165, test 0.26258468792224504)
epoch 183 | 102.1s | train loss 0.2339 MAE 0.2339 | val loss 0.2606 MAE 0.2592 | test loss 0.2643 MAE 0.2637 | best val 0.2571 (epoch 165, test 0.26258468792224504)
epoch 184 | 102.7s | train loss 0.2336 MAE 0.2336 | val loss 0.2631 MAE 0.2617 | test loss 0.2665 MAE 0.2659 | best val 0.2571 (epoch 165, test 0.26258468792224504)
epoch 185 | 103.8s | train loss 0.2336 MAE 0.2336 | val loss 0.2609 MAE 0.2595 | test loss 0.2645 MAE 0.2639 | best val 0.2571 (epoch 165, test 0.26258468792224504)
epoch 186 | 102.1s | train loss 0.2341 MAE 0.2341 | val loss 0.2602 MAE 0.2588 | test loss 0.2637 MAE 0.2631 | best val 0.2571 (epoch 165, test 0.26258468792224504)
epoch 187 | 104.7s | train loss 0.2328 MAE 0.2328 | val loss 0.2615 MAE 0.2600 | test loss 0.2649 MAE 0.2643 | best val 0.2571 (epoch 165, test 0.26258468792224504)
epoch 188 | 106.3s | train loss 0.2338 MAE 0.2338 | val loss 0.2612 MAE 0.2598 | test loss 0.2642 MAE 0.2636 | best val 0.2571 (epoch 165, test 0.26258468792224504)
epoch 189 | 105.1s | train loss 0.2334 MAE 0.2334 | val loss 0.2622 MAE 0.2607 | test loss 0.2653 MAE 0.2647 | best val 0.2571 (epoch 165, test 0.26258468792224504)
epoch 190 | 104.2s | train loss 0.2335 MAE 0.2335 | val loss 0.2618 MAE 0.2604 | test loss 0.2650 MAE 0.2644 | best val 0.2571 (epoch 165, test 0.26258468792224504)
epoch 191 | 105.8s | train loss 0.2341 MAE 0.2341 | val loss 0.2622 MAE 0.2608 | test loss 0.2653 MAE 0.2647 | best val 0.2571 (epoch 165, test 0.26258468792224504)
epoch 192 |  94.1s | train loss 0.2338 MAE 0.2338 | val loss 0.2617 MAE 0.2603 | test loss 0.2647 MAE 0.2641 | best val 0.2571 (epoch 165, test 0.26258468792224504)
epoch 193 |  93.3s | train loss 0.2345 MAE 0.2345 | val loss 0.2616 MAE 0.2601 | test loss 0.2646 MAE 0.2640 | best val 0.2571 (epoch 165, test 0.26258468792224504)
epoch 194 |  94.5s | train loss 0.2324 MAE 0.2324 | val loss 0.2617 MAE 0.2602 | test loss 0.2646 MAE 0.2640 | best val 0.2571 (epoch 165, test 0.26258468792224504)
epoch 195 |  93.3s | train loss 0.2341 MAE 0.2340 | val loss 0.2613 MAE 0.2599 | test loss 0.2643 MAE 0.2637 | best val 0.2571 (epoch 165, test 0.26258468792224504)
epoch 196 |  95.0s | train loss 0.2339 MAE 0.2339 | val loss 0.2613 MAE 0.2599 | test loss 0.2644 MAE 0.2638 | best val 0.2571 (epoch 165, test 0.26258468792224504)
epoch 197 |  93.8s | train loss 0.2326 MAE 0.2326 | val loss 0.2613 MAE 0.2598 | test loss 0.2643 MAE 0.2637 | best val 0.2571 (epoch 165, test 0.26258468792224504)
epoch 198 |  94.2s | train loss 0.2331 MAE 0.2331 | val loss 0.2612 MAE 0.2598 | test loss 0.2643 MAE 0.2637 | best val 0.2571 (epoch 165, test 0.26258468792224504)
epoch 199 |  94.7s | train loss 0.2334 MAE 0.2334 | val loss 0.2613 MAE 0.2598 | test loss 0.2644 MAE 0.2638 | best val 0.2571 (epoch 165, test 0.26258468792224504)
BEST: val MAE 0.2571 | test MAE 0.2626 (epoch 165)
