{'dataset': 'Peptides-func', 'max_hops': 40, 'use_lap_pe': False, 'lap_pe_dim': 8, 'hidden_dim': 320, 'num_heads': 20, 'ffn_ratio': 4, 'num_layers': 1, 'dropout': 0.2, 'graph_pool': 'sum', 'hop_mode': 'interleaved', 'hop_window': 7, 'num_global_heads': 0, 'lr': 0.001, 'lr_min': 1e-06, 'weight_decay': 0.0003, 'batch_size': 128, 'max_epochs': 200, 'patience': 40, 'reduce_lr_patience': 10, 'warmup_ratio': 0.05, 'grad_clip': 1.0, 'num_workers': 4, 'dist_mask_workers': 8, 'device': None, 'save_dir': 'checkpoints_hop_masked_interleaved', 'seed': 0, 'checkpoint': None}
Unknown args =  []
[Peptides-func] task=multi_label level=graph metric=macro_ap (higher_is_better=True)
  Loading cached distance masks from ./data/Peptides-func/dist_masks/train.pkl
  Loading cached distance masks from ./data/Peptides-func/dist_masks/val.pkl
  Loading cached distance masks from ./data/Peptides-func/dist_masks/test.pkl
Head -> hop set assignment:
  head 0: [0, 7, 14, 21, 28, 35]
  head 1: [0, 2, 9, 16, 23, 30, 37]
  head 2: [0, 4, 11, 18, 25, 32, 39]
  head 3: [0, 6, 13, 20, 27, 34]
  head 4: [0, 1, 8, 15, 22, 29, 36]
  head 5: [0, 3, 10, 17, 24, 31, 38]
  head 6: [0, 5, 12, 19, 26, 33]
  head 7: [0, 7, 14, 21, 28, 35]
  head 8: [0, 2, 9, 16, 23, 30, 37]
  head 9: [0, 4, 11, 18, 25, 32, 39]
  head 10: [0, 7, 14, 21, 28, 35]
  head 11: [0, 2, 9, 16, 23, 30, 37]
  head 12: [0, 4, 11, 18, 25, 32, 39]
  head 13: [0, 6, 13, 20, 27, 34]
  head 14: [0, 1, 8, 15, 22, 29, 36]
  head 15: [0, 3, 10, 17, 24, 31, 38]
  head 16: [0, 5, 12, 19, 26, 33]
  head 17: [0, 7, 14, 21, 28, 35]
  head 18: [0, 2, 9, 16, 23, 30, 37]
  head 19: [0, 4, 11, 18, 25, 32, 39]
trainable params: 1.498M
ReduceLROnPlateau: mode=max, patience=10, factor=0.5, min_lr=1e-06
epoch 000 | 174.3s | train loss 0.4372 AP 0.1648 | val loss 0.3563 AP 0.2137 | test loss 0.3568 AP 0.2070 | best val 0.2137 (epoch 0, test 0.20704567155932335)
epoch 001 | 174.2s | train loss 0.3515 AP 0.2060 | val loss 0.3177 AP 0.3179 | test loss 0.3192 AP 0.3048 | best val 0.3179 (epoch 1, test 0.3048294664722443)
epoch 002 | 174.0s | train loss 0.3078 AP 0.3264 | val loss 0.2966 AP 0.3772 | test loss 0.2992 AP 0.3772 | best val 0.3772 (epoch 2, test 0.3771539734711829)
epoch 003 | 171.6s | train loss 0.2909 AP 0.3680 | val loss 0.2838 AP 0.4064 | test loss 0.2898 AP 0.3893 | best val 0.4064 (epoch 3, test 0.3893138172945309)
epoch 004 | 171.5s | train loss 0.2809 AP 0.3920 | val loss 0.2688 AP 0.4351 | test loss 0.2736 AP 0.4331 | best val 0.4351 (epoch 4, test 0.4330815895264428)
epoch 005 | 172.6s | train loss 0.2732 AP 0.4146 | val loss 0.2707 AP 0.4451 | test loss 0.2749 AP 0.4299 | best val 0.4451 (epoch 5, test 0.42985527388038236)
epoch 006 | 170.6s | train loss 0.2667 AP 0.4295 | val loss 0.2539 AP 0.4779 | test loss 0.2648 AP 0.4570 | best val 0.4779 (epoch 6, test 0.4570108284576917)
epoch 007 | 174.2s | train loss 0.2632 AP 0.4439 | val loss 0.2554 AP 0.4770 | test loss 0.2620 AP 0.4566 | best val 0.4779 (epoch 6, test 0.4570108284576917)
epoch 008 | 172.0s | train loss 0.2555 AP 0.4590 | val loss 0.2500 AP 0.5048 | test loss 0.2620 AP 0.4766 | best val 0.5048 (epoch 8, test 0.4766183426736356)
epoch 009 | 171.9s | train loss 0.2523 AP 0.4718 | val loss 0.2424 AP 0.5000 | test loss 0.2544 AP 0.4700 | best val 0.5048 (epoch 8, test 0.4766183426736356)
epoch 010 | 172.8s | train loss 0.2494 AP 0.4813 | val loss 0.2475 AP 0.5090 | test loss 0.2582 AP 0.4835 | best val 0.5090 (epoch 10, test 0.4835437060323592)
epoch 011 | 169.1s | train loss 0.2438 AP 0.4967 | val loss 0.2331 AP 0.5317 | test loss 0.2462 AP 0.4966 | best val 0.5317 (epoch 11, test 0.49660502581695026)
epoch 012 | 168.3s | train loss 0.2398 AP 0.5070 | val loss 0.2366 AP 0.5268 | test loss 0.2501 AP 0.4924 | best val 0.5317 (epoch 11, test 0.49660502581695026)
epoch 013 | 170.4s | train loss 0.2378 AP 0.5092 | val loss 0.2353 AP 0.5404 | test loss 0.2499 AP 0.5039 | best val 0.5404 (epoch 13, test 0.5038547307605352)
epoch 014 | 169.6s | train loss 0.2301 AP 0.5355 | val loss 0.2270 AP 0.5494 | test loss 0.2406 AP 0.5223 | best val 0.5494 (epoch 14, test 0.5222512037811367)
epoch 015 | 169.3s | train loss 0.2294 AP 0.5396 | val loss 0.2251 AP 0.5515 | test loss 0.2408 AP 0.5189 | best val 0.5515 (epoch 15, test 0.5189232752361217)
epoch 016 | 169.6s | train loss 0.2300 AP 0.5387 | val loss 0.2300 AP 0.5579 | test loss 0.2461 AP 0.5126 | best val 0.5579 (epoch 16, test 0.5126232849114934)
epoch 017 | 168.4s | train loss 0.2226 AP 0.5554 | val loss 0.2334 AP 0.5579 | test loss 0.2464 AP 0.5194 | best val 0.5579 (epoch 16, test 0.5126232849114934)
epoch 018 | 166.6s | train loss 0.2259 AP 0.5438 | val loss 0.2260 AP 0.5596 | test loss 0.2451 AP 0.5263 | best val 0.5596 (epoch 18, test 0.5263091333098797)
epoch 019 | 168.1s | train loss 0.2227 AP 0.5589 | val loss 0.2381 AP 0.5565 | test loss 0.2550 AP 0.5268 | best val 0.5596 (epoch 18, test 0.5263091333098797)
epoch 020 | 164.4s | train loss 0.2167 AP 0.5759 | val loss 0.2216 AP 0.5770 | test loss 0.2400 AP 0.5358 | best val 0.5770 (epoch 20, test 0.535813840311872)
epoch 021 | 172.6s | train loss 0.2136 AP 0.5796 | val loss 0.2219 AP 0.5790 | test loss 0.2403 AP 0.5402 | best val 0.5790 (epoch 21, test 0.5402145131084228)
epoch 022 | 171.6s | train loss 0.2122 AP 0.5882 | val loss 0.2202 AP 0.5800 | test loss 0.2316 AP 0.5598 | best val 0.5800 (epoch 22, test 0.5597772731918879)
epoch 023 | 171.0s | train loss 0.2088 AP 0.6010 | val loss 0.2268 AP 0.5826 | test loss 0.2401 AP 0.5538 | best val 0.5826 (epoch 23, test 0.5538481244214866)
epoch 024 | 169.3s | train loss 0.2076 AP 0.5970 | val loss 0.2176 AP 0.5926 | test loss 0.2320 AP 0.5638 | best val 0.5926 (epoch 24, test 0.5637546585598316)
epoch 025 | 168.3s | train loss 0.2039 AP 0.6150 | val loss 0.2171 AP 0.5950 | test loss 0.2303 AP 0.5781 | best val 0.5950 (epoch 25, test 0.5780625514929585)
epoch 026 | 169.3s | train loss 0.2010 AP 0.6184 | val loss 0.2155 AP 0.6002 | test loss 0.2276 AP 0.5755 | best val 0.6002 (epoch 26, test 0.5755030869689307)
epoch 027 | 168.3s | train loss 0.2000 AP 0.6188 | val loss 0.2105 AP 0.6085 | test loss 0.2243 AP 0.5811 | best val 0.6085 (epoch 27, test 0.5811199373949741)
epoch 028 | 170.2s | train loss 0.1953 AP 0.6352 | val loss 0.2125 AP 0.6167 | test loss 0.2272 AP 0.5752 | best val 0.6167 (epoch 28, test 0.5751922737655153)
epoch 029 | 168.6s | train loss 0.1913 AP 0.6452 | val loss 0.2165 AP 0.6123 | test loss 0.2271 AP 0.5849 | best val 0.6167 (epoch 28, test 0.5751922737655153)
epoch 030 | 169.8s | train loss 0.1866 AP 0.6595 | val loss 0.2107 AP 0.6163 | test loss 0.2236 AP 0.5944 | best val 0.6167 (epoch 28, test 0.5751922737655153)
epoch 031 | 167.8s | train loss 0.1860 AP 0.6602 | val loss 0.2116 AP 0.6221 | test loss 0.2252 AP 0.5921 | best val 0.6221 (epoch 31, test 0.5920911066570718)
epoch 032 | 169.7s | train loss 0.1829 AP 0.6715 | val loss 0.2084 AP 0.6282 | test loss 0.2172 AP 0.6040 | best val 0.6282 (epoch 32, test 0.6039580311516161)
epoch 033 | 169.8s | train loss 0.1800 AP 0.6823 | val loss 0.2119 AP 0.6179 | test loss 0.2227 AP 0.5948 | best val 0.6282 (epoch 32, test 0.6039580311516161)
epoch 034 | 169.4s | train loss 0.1785 AP 0.6817 | val loss 0.2098 AP 0.6283 | test loss 0.2211 AP 0.6124 | best val 0.6283 (epoch 34, test 0.6123865442195308)
epoch 035 | 169.5s | train loss 0.1748 AP 0.6905 | val loss 0.2159 AP 0.6224 | test loss 0.2277 AP 0.6030 | best val 0.6283 (epoch 34, test 0.6123865442195308)
epoch 036 | 169.2s | train loss 0.1715 AP 0.6982 | val loss 0.2074 AP 0.6378 | test loss 0.2248 AP 0.6106 | best val 0.6378 (epoch 36, test 0.6105914400553172)
epoch 037 | 169.9s | train loss 0.1678 AP 0.7076 | val loss 0.2046 AP 0.6368 | test loss 0.2184 AP 0.6121 | best val 0.6378 (epoch 36, test 0.6105914400553172)
epoch 038 | 166.6s | train loss 0.1655 AP 0.7145 | val loss 0.2149 AP 0.6421 | test loss 0.2301 AP 0.6103 | best val 0.6421 (epoch 38, test 0.6102775667299669)
epoch 039 | 169.2s | train loss 0.1600 AP 0.7278 | val loss 0.2175 AP 0.6298 | test loss 0.2220 AP 0.6179 | best val 0.6421 (epoch 38, test 0.6102775667299669)
epoch 040 | 167.4s | train loss 0.1600 AP 0.7271 | val loss 0.2093 AP 0.6491 | test loss 0.2212 AP 0.6174 | best val 0.6491 (epoch 40, test 0.6173549362598613)
epoch 041 | 170.0s | train loss 0.1554 AP 0.7385 | val loss 0.2167 AP 0.6381 | test loss 0.2251 AP 0.6221 | best val 0.6491 (epoch 40, test 0.6173549362598613)
epoch 042 | 168.5s | train loss 0.1537 AP 0.7453 | val loss 0.2078 AP 0.6477 | test loss 0.2167 AP 0.6262 | best val 0.6491 (epoch 40, test 0.6173549362598613)
epoch 043 | 171.1s | train loss 0.1487 AP 0.7512 | val loss 0.2239 AP 0.6454 | test loss 0.2341 AP 0.6239 | best val 0.6491 (epoch 40, test 0.6173549362598613)
epoch 044 | 169.4s | train loss 0.1479 AP 0.7553 | val loss 0.2093 AP 0.6586 | test loss 0.2250 AP 0.6338 | best val 0.6586 (epoch 44, test 0.6338333079539311)
epoch 045 | 170.0s | train loss 0.1419 AP 0.7702 | val loss 0.2127 AP 0.6465 | test loss 0.2251 AP 0.6217 | best val 0.6586 (epoch 44, test 0.6338333079539311)
epoch 046 | 170.6s | train loss 0.1420 AP 0.7732 | val loss 0.2220 AP 0.6549 | test loss 0.2317 AP 0.6293 | best val 0.6586 (epoch 44, test 0.6338333079539311)
epoch 047 | 169.4s | train loss 0.1355 AP 0.7829 | val loss 0.2357 AP 0.6510 | test loss 0.2505 AP 0.6258 | best val 0.6586 (epoch 44, test 0.6338333079539311)
epoch 048 | 170.9s | train loss 0.1366 AP 0.7753 | val loss 0.2274 AP 0.6567 | test loss 0.2395 AP 0.6358 | best val 0.6586 (epoch 44, test 0.6338333079539311)
epoch 049 | 169.6s | train loss 0.1327 AP 0.7931 | val loss 0.2279 AP 0.6573 | test loss 0.2440 AP 0.6239 | best val 0.6586 (epoch 44, test 0.6338333079539311)
epoch 050 | 168.4s | train loss 0.1289 AP 0.7969 | val loss 0.2166 AP 0.6654 | test loss 0.2278 AP 0.6408 | best val 0.6654 (epoch 50, test 0.6408140163230049)
epoch 051 | 167.4s | train loss 0.1269 AP 0.8026 | val loss 0.2227 AP 0.6585 | test loss 0.2337 AP 0.6289 | best val 0.6654 (epoch 50, test 0.6408140163230049)
epoch 052 | 169.9s | train loss 0.1251 AP 0.8086 | val loss 0.2148 AP 0.6718 | test loss 0.2296 AP 0.6441 | best val 0.6718 (epoch 52, test 0.6441398281199155)
epoch 053 | 168.2s | train loss 0.1204 AP 0.8171 | val loss 0.2124 AP 0.6663 | test loss 0.2242 AP 0.6447 | best val 0.6718 (epoch 52, test 0.6441398281199155)
epoch 054 | 169.7s | train loss 0.1176 AP 0.8266 | val loss 0.2400 AP 0.6552 | test loss 0.2467 AP 0.6560 | best val 0.6718 (epoch 52, test 0.6441398281199155)
epoch 055 | 169.4s | train loss 0.1152 AP 0.8286 | val loss 0.2246 AP 0.6716 | test loss 0.2324 AP 0.6488 | best val 0.6718 (epoch 52, test 0.6441398281199155)
epoch 056 | 169.4s | train loss 0.1147 AP 0.8286 | val loss 0.2308 AP 0.6545 | test loss 0.2329 AP 0.6378 | best val 0.6718 (epoch 52, test 0.6441398281199155)
epoch 057 | 167.3s | train loss 0.1108 AP 0.8367 | val loss 0.2341 AP 0.6667 | test loss 0.2431 AP 0.6473 | best val 0.6718 (epoch 52, test 0.6441398281199155)
epoch 058 | 169.6s | train loss 0.1106 AP 0.8388 | val loss 0.2322 AP 0.6652 | test loss 0.2436 AP 0.6583 | best val 0.6718 (epoch 52, test 0.6441398281199155)
epoch 059 | 168.9s | train loss 0.1082 AP 0.8453 | val loss 0.2182 AP 0.6808 | test loss 0.2356 AP 0.6588 | best val 0.6808 (epoch 59, test 0.6587605298136795)
epoch 060 | 169.7s | train loss 0.1019 AP 0.8543 | val loss 0.2456 AP 0.6517 | test loss 0.2559 AP 0.6601 | best val 0.6808 (epoch 59, test 0.6587605298136795)
epoch 061 | 168.9s | train loss 0.1014 AP 0.8554 | val loss 0.2365 AP 0.6705 | test loss 0.2536 AP 0.6493 | best val 0.6808 (epoch 59, test 0.6587605298136795)
epoch 062 | 170.7s | train loss 0.0997 AP 0.8573 | val loss 0.2366 AP 0.6795 | test loss 0.2621 AP 0.6633 | best val 0.6808 (epoch 59, test 0.6587605298136795)
epoch 063 | 169.5s | train loss 0.0963 AP 0.8667 | val loss 0.2320 AP 0.6664 | test loss 0.2474 AP 0.6551 | best val 0.6808 (epoch 59, test 0.6587605298136795)
epoch 064 | 171.0s | train loss 0.0963 AP 0.8632 | val loss 0.2453 AP 0.6653 | test loss 0.2641 AP 0.6559 | best val 0.6808 (epoch 59, test 0.6587605298136795)
epoch 065 | 170.5s | train loss 0.0935 AP 0.8718 | val loss 0.2418 AP 0.6733 | test loss 0.2547 AP 0.6588 | best val 0.6808 (epoch 59, test 0.6587605298136795)
epoch 066 | 179.1s | train loss 0.0948 AP 0.8692 | val loss 0.2537 AP 0.6845 | test loss 0.2724 AP 0.6692 | best val 0.6845 (epoch 66, test 0.6692362065388704)
epoch 067 | 177.7s | train loss 0.0892 AP 0.8823 | val loss 0.2614 AP 0.6674 | test loss 0.2669 AP 0.6619 | best val 0.6845 (epoch 66, test 0.6692362065388704)
epoch 068 | 175.2s | train loss 0.0888 AP 0.8821 | val loss 0.2624 AP 0.6808 | test loss 0.2801 AP 0.6680 | best val 0.6845 (epoch 66, test 0.6692362065388704)
epoch 069 | 170.8s | train loss 0.0838 AP 0.8922 | val loss 0.2588 AP 0.6658 | test loss 0.2685 AP 0.6615 | best val 0.6845 (epoch 66, test 0.6692362065388704)
epoch 070 | 169.9s | train loss 0.0830 AP 0.8953 | val loss 0.2395 AP 0.6756 | test loss 0.2556 AP 0.6746 | best val 0.6845 (epoch 66, test 0.6692362065388704)
epoch 071 | 171.2s | train loss 0.0835 AP 0.8957 | val loss 0.2517 AP 0.6739 | test loss 0.2651 AP 0.6716 | best val 0.6845 (epoch 66, test 0.6692362065388704)
epoch 072 | 169.2s | train loss 0.0810 AP 0.8962 | val loss 0.2643 AP 0.6712 | test loss 0.2780 AP 0.6689 | best val 0.6845 (epoch 66, test 0.6692362065388704)
epoch 073 | 169.9s | train loss 0.0786 AP 0.9019 | val loss 0.2554 AP 0.6796 | test loss 0.2813 AP 0.6673 | best val 0.6845 (epoch 66, test 0.6692362065388704)
epoch 074 | 169.9s | train loss 0.0806 AP 0.9009 | val loss 0.2788 AP 0.6780 | test loss 0.2928 AP 0.6707 | best val 0.6845 (epoch 66, test 0.6692362065388704)
epoch 075 | 170.8s | train loss 0.0769 AP 0.9058 | val loss 0.2909 AP 0.6731 | test loss 0.2968 AP 0.6778 | best val 0.6845 (epoch 66, test 0.6692362065388704)
epoch 076 | 171.4s | train loss 0.0754 AP 0.9093 | val loss 0.2738 AP 0.6788 | test loss 0.2875 AP 0.6832 | best val 0.6845 (epoch 66, test 0.6692362065388704)
epoch 077 | 169.8s | train loss 0.0718 AP 0.9141 | val loss 0.2862 AP 0.6770 | test loss 0.3010 AP 0.6809 | best val 0.6845 (epoch 66, test 0.6692362065388704)
epoch 078 | 170.6s | train loss 0.0733 AP 0.9114 | val loss 0.2841 AP 0.6768 | test loss 0.2922 AP 0.6854 | best val 0.6845 (epoch 66, test 0.6692362065388704)
epoch 079 | 171.3s | train loss 0.0719 AP 0.9190 | val loss 0.2682 AP 0.6703 | test loss 0.2830 AP 0.6764 | best val 0.6845 (epoch 66, test 0.6692362065388704)
epoch 080 | 170.6s | train loss 0.0705 AP 0.9198 | val loss 0.2806 AP 0.6885 | test loss 0.2996 AP 0.6823 | best val 0.6885 (epoch 80, test 0.6823465852260056)
epoch 081 | 172.3s | train loss 0.0683 AP 0.9228 | val loss 0.2996 AP 0.6837 | test loss 0.3153 AP 0.6782 | best val 0.6885 (epoch 80, test 0.6823465852260056)
epoch 082 | 170.5s | train loss 0.0696 AP 0.9206 | val loss 0.2712 AP 0.6755 | test loss 0.2896 AP 0.6780 | best val 0.6885 (epoch 80, test 0.6823465852260056)
epoch 083 | 168.9s | train loss 0.0666 AP 0.9270 | val loss 0.2758 AP 0.6821 | test loss 0.2941 AP 0.6830 | best val 0.6885 (epoch 80, test 0.6823465852260056)
epoch 084 | 136.6s | train loss 0.0633 AP 0.9308 | val loss 0.2663 AP 0.6852 | test loss 0.2836 AP 0.6834 | best val 0.6885 (epoch 80, test 0.6823465852260056)
epoch 085 | 136.8s | train loss 0.0652 AP 0.9297 | val loss 0.2949 AP 0.6752 | test loss 0.3186 AP 0.6725 | best val 0.6885 (epoch 80, test 0.6823465852260056)
epoch 086 | 136.9s | train loss 0.0631 AP 0.9327 | val loss 0.2923 AP 0.6842 | test loss 0.3086 AP 0.6835 | best val 0.6885 (epoch 80, test 0.6823465852260056)
epoch 087 | 138.0s | train loss 0.0617 AP 0.9344 | val loss 0.2947 AP 0.6852 | test loss 0.3211 AP 0.6834 | best val 0.6885 (epoch 80, test 0.6823465852260056)
epoch 088 | 138.0s | train loss 0.0619 AP 0.9328 | val loss 0.2855 AP 0.6780 | test loss 0.3048 AP 0.6748 | best val 0.6885 (epoch 80, test 0.6823465852260056)
epoch 089 | 136.6s | train loss 0.0600 AP 0.9386 | val loss 0.3040 AP 0.6904 | test loss 0.3355 AP 0.6885 | best val 0.6904 (epoch 89, test 0.688462970620612)
epoch 090 | 137.8s | train loss 0.0600 AP 0.9386 | val loss 0.2823 AP 0.6805 | test loss 0.2996 AP 0.6915 | best val 0.6904 (epoch 89, test 0.688462970620612)
epoch 091 | 136.9s | train loss 0.0592 AP 0.9397 | val loss 0.3064 AP 0.6817 | test loss 0.3233 AP 0.6850 | best val 0.6904 (epoch 89, test 0.688462970620612)
epoch 092 | 139.0s | train loss 0.0550 AP 0.9453 | val loss 0.3154 AP 0.6888 | test loss 0.3423 AP 0.6887 | best val 0.6904 (epoch 89, test 0.688462970620612)
epoch 093 | 134.9s | train loss 0.0571 AP 0.9448 | val loss 0.3281 AP 0.6739 | test loss 0.3513 AP 0.6816 | best val 0.6904 (epoch 89, test 0.688462970620612)
epoch 094 | 137.1s | train loss 0.0541 AP 0.9475 | val loss 0.2985 AP 0.6805 | test loss 0.3190 AP 0.6830 | best val 0.6904 (epoch 89, test 0.688462970620612)
epoch 095 | 137.4s | train loss 0.0548 AP 0.9445 | val loss 0.3033 AP 0.6823 | test loss 0.3238 AP 0.6850 | best val 0.6904 (epoch 89, test 0.688462970620612)
epoch 096 | 136.5s | train loss 0.0533 AP 0.9454 | val loss 0.3011 AP 0.6910 | test loss 0.3212 AP 0.6935 | best val 0.6910 (epoch 96, test 0.6935378039457347)
epoch 097 | 137.0s | train loss 0.0523 AP 0.9503 | val loss 0.3081 AP 0.6850 | test loss 0.3317 AP 0.6806 | best val 0.6910 (epoch 96, test 0.6935378039457347)
epoch 098 | 135.9s | train loss 0.0515 AP 0.9513 | val loss 0.3071 AP 0.6820 | test loss 0.3250 AP 0.6834 | best val 0.6910 (epoch 96, test 0.6935378039457347)
epoch 099 | 137.3s | train loss 0.0515 AP 0.9529 | val loss 0.3120 AP 0.6894 | test loss 0.3313 AP 0.6908 | best val 0.6910 (epoch 96, test 0.6935378039457347)
epoch 100 | 136.3s | train loss 0.0498 AP 0.9540 | val loss 0.2957 AP 0.6845 | test loss 0.3109 AP 0.6882 | best val 0.6910 (epoch 96, test 0.6935378039457347)
epoch 101 | 136.1s | train loss 0.0491 AP 0.9558 | val loss 0.3076 AP 0.6821 | test loss 0.3252 AP 0.6889 | best val 0.6910 (epoch 96, test 0.6935378039457347)
epoch 102 | 136.6s | train loss 0.0498 AP 0.9512 | val loss 0.3091 AP 0.6912 | test loss 0.3349 AP 0.6882 | best val 0.6912 (epoch 102, test 0.6881919881590725)
epoch 103 | 136.6s | train loss 0.0466 AP 0.9588 | val loss 0.3114 AP 0.6741 | test loss 0.3226 AP 0.6852 | best val 0.6912 (epoch 102, test 0.6881919881590725)
epoch 104 | 138.4s | train loss 0.0476 AP 0.9570 | val loss 0.3387 AP 0.6810 | test loss 0.3568 AP 0.6896 | best val 0.6912 (epoch 102, test 0.6881919881590725)
epoch 105 | 137.5s | train loss 0.0468 AP 0.9568 | val loss 0.3422 AP 0.6850 | test loss 0.3622 AP 0.6893 | best val 0.6912 (epoch 102, test 0.6881919881590725)
epoch 106 | 137.3s | train loss 0.0448 AP 0.9632 | val loss 0.3344 AP 0.6792 | test loss 0.3468 AP 0.6826 | best val 0.6912 (epoch 102, test 0.6881919881590725)
epoch 107 | 135.8s | train loss 0.0437 AP 0.9629 | val loss 0.3298 AP 0.6771 | test loss 0.3540 AP 0.6839 | best val 0.6912 (epoch 102, test 0.6881919881590725)
epoch 108 | 136.5s | train loss 0.0461 AP 0.9600 | val loss 0.3090 AP 0.6803 | test loss 0.3301 AP 0.6861 | best val 0.6912 (epoch 102, test 0.6881919881590725)
epoch 109 | 137.0s | train loss 0.0441 AP 0.9666 | val loss 0.3159 AP 0.6855 | test loss 0.3322 AP 0.6967 | best val 0.6912 (epoch 102, test 0.6881919881590725)
epoch 110 | 135.7s | train loss 0.0429 AP 0.9639 | val loss 0.3413 AP 0.6845 | test loss 0.3594 AP 0.6927 | best val 0.6912 (epoch 102, test 0.6881919881590725)
epoch 111 | 137.2s | train loss 0.0430 AP 0.9639 | val loss 0.3249 AP 0.6846 | test loss 0.3384 AP 0.6959 | best val 0.6912 (epoch 102, test 0.6881919881590725)
epoch 112 | 135.7s | train loss 0.0431 AP 0.9642 | val loss 0.3343 AP 0.6871 | test loss 0.3560 AP 0.6908 | best val 0.6912 (epoch 102, test 0.6881919881590725)
epoch 113 | 135.9s | train loss 0.0415 AP 0.9659 | val loss 0.3449 AP 0.6907 | test loss 0.3606 AP 0.6950 | best val 0.6912 (epoch 102, test 0.6881919881590725)
epoch 114 | 137.2s | train loss 0.0425 AP 0.9669 | val loss 0.3304 AP 0.6822 | test loss 0.3279 AP 0.6893 | best val 0.6912 (epoch 102, test 0.6881919881590725)
epoch 115 | 136.8s | train loss 0.0410 AP 0.9703 | val loss 0.3403 AP 0.6827 | test loss 0.3574 AP 0.6876 | best val 0.6912 (epoch 102, test 0.6881919881590725)
epoch 116 | 136.6s | train loss 0.0399 AP 0.9705 | val loss 0.3522 AP 0.6885 | test loss 0.3716 AP 0.6941 | best val 0.6912 (epoch 102, test 0.6881919881590725)
epoch 117 | 138.4s | train loss 0.0385 AP 0.9727 | val loss 0.3617 AP 0.6864 | test loss 0.3812 AP 0.6916 | best val 0.6912 (epoch 102, test 0.6881919881590725)
epoch 118 | 140.7s | train loss 0.0382 AP 0.9705 | val loss 0.3702 AP 0.6876 | test loss 0.3882 AP 0.6926 | best val 0.6912 (epoch 102, test 0.6881919881590725)
epoch 119 | 151.7s | train loss 0.0380 AP 0.9725 | val loss 0.3319 AP 0.6919 | test loss 0.3483 AP 0.6967 | best val 0.6919 (epoch 119, test 0.696684896271124)
epoch 120 | 163.2s | train loss 0.0378 AP 0.9715 | val loss 0.3576 AP 0.6948 | test loss 0.3793 AP 0.7013 | best val 0.6948 (epoch 120, test 0.7012687075321375)
epoch 121 | 167.2s | train loss 0.0373 AP 0.9725 | val loss 0.3243 AP 0.6931 | test loss 0.3438 AP 0.6973 | best val 0.6948 (epoch 120, test 0.7012687075321375)
epoch 122 | 166.9s | train loss 0.0369 AP 0.9731 | val loss 0.3674 AP 0.6935 | test loss 0.3924 AP 0.6938 | best val 0.6948 (epoch 120, test 0.7012687075321375)
epoch 123 | 168.7s | train loss 0.0358 AP 0.9733 | val loss 0.3534 AP 0.6869 | test loss 0.3763 AP 0.6886 | best val 0.6948 (epoch 120, test 0.7012687075321375)
epoch 124 | 166.6s | train loss 0.0343 AP 0.9754 | val loss 0.3578 AP 0.6886 | test loss 0.3817 AP 0.6959 | best val 0.6948 (epoch 120, test 0.7012687075321375)
epoch 125 | 166.9s | train loss 0.0340 AP 0.9753 | val loss 0.3474 AP 0.6848 | test loss 0.3631 AP 0.6914 | best val 0.6948 (epoch 120, test 0.7012687075321375)
epoch 126 | 169.0s | train loss 0.0350 AP 0.9744 | val loss 0.3600 AP 0.6846 | test loss 0.3782 AP 0.7022 | best val 0.6948 (epoch 120, test 0.7012687075321375)
epoch 127 | 167.9s | train loss 0.0341 AP 0.9764 | val loss 0.3461 AP 0.6834 | test loss 0.3691 AP 0.6985 | best val 0.6948 (epoch 120, test 0.7012687075321375)
epoch 128 | 168.3s | train loss 0.0316 AP 0.9800 | val loss 0.3799 AP 0.6897 | test loss 0.4116 AP 0.6935 | best val 0.6948 (epoch 120, test 0.7012687075321375)
epoch 129 | 166.9s | train loss 0.0324 AP 0.9802 | val loss 0.3481 AP 0.6928 | test loss 0.3680 AP 0.7012 | best val 0.6948 (epoch 120, test 0.7012687075321375)
epoch 130 | 166.9s | train loss 0.0328 AP 0.9764 | val loss 0.3757 AP 0.6879 | test loss 0.3965 AP 0.6977 | best val 0.6948 (epoch 120, test 0.7012687075321375)
epoch 131 | 166.9s | train loss 0.0319 AP 0.9788 | val loss 0.3808 AP 0.6875 | test loss 0.4021 AP 0.7008 | best val 0.6948 (epoch 120, test 0.7012687075321375)
epoch 132 | 167.2s | train loss 0.0312 AP 0.9789 | val loss 0.3590 AP 0.6868 | test loss 0.3816 AP 0.6985 | best val 0.6948 (epoch 120, test 0.7012687075321375)
epoch 133 | 168.5s | train loss 0.0314 AP 0.9801 | val loss 0.3706 AP 0.6851 | test loss 0.3876 AP 0.6992 | best val 0.6948 (epoch 120, test 0.7012687075321375)
epoch 134 | 167.9s | train loss 0.0295 AP 0.9815 | val loss 0.3712 AP 0.6871 | test loss 0.3926 AP 0.6917 | best val 0.6948 (epoch 120, test 0.7012687075321375)
epoch 135 | 168.3s | train loss 0.0290 AP 0.9815 | val loss 0.3919 AP 0.6879 | test loss 0.4154 AP 0.6898 | best val 0.6948 (epoch 120, test 0.7012687075321375)
epoch 136 | 168.7s | train loss 0.0301 AP 0.9788 | val loss 0.4109 AP 0.6860 | test loss 0.4372 AP 0.6961 | best val 0.6948 (epoch 120, test 0.7012687075321375)
epoch 137 | 169.6s | train loss 0.0302 AP 0.9816 | val loss 0.3803 AP 0.6815 | test loss 0.3951 AP 0.6981 | best val 0.6948 (epoch 120, test 0.7012687075321375)
epoch 138 | 170.2s | train loss 0.0286 AP 0.9829 | val loss 0.3974 AP 0.6923 | test loss 0.4106 AP 0.7024 | best val 0.6948 (epoch 120, test 0.7012687075321375)
epoch 139 | 169.9s | train loss 0.0280 AP 0.9835 | val loss 0.3906 AP 0.6914 | test loss 0.4095 AP 0.7038 | best val 0.6948 (epoch 120, test 0.7012687075321375)
epoch 140 | 165.3s | train loss 0.0275 AP 0.9832 | val loss 0.3962 AP 0.6933 | test loss 0.4166 AP 0.7054 | best val 0.6948 (epoch 120, test 0.7012687075321375)
epoch 141 | 169.4s | train loss 0.0275 AP 0.9840 | val loss 0.3850 AP 0.6916 | test loss 0.4036 AP 0.7029 | best val 0.6948 (epoch 120, test 0.7012687075321375)
epoch 142 | 166.6s | train loss 0.0277 AP 0.9837 | val loss 0.3779 AP 0.6949 | test loss 0.3982 AP 0.7025 | best val 0.6949 (epoch 142, test 0.7024841185232298)
epoch 143 | 166.7s | train loss 0.0275 AP 0.9853 | val loss 0.3817 AP 0.6899 | test loss 0.4032 AP 0.6967 | best val 0.6949 (epoch 142, test 0.7024841185232298)
epoch 144 | 165.9s | train loss 0.0270 AP 0.9817 | val loss 0.4055 AP 0.6926 | test loss 0.4268 AP 0.7014 | best val 0.6949 (epoch 142, test 0.7024841185232298)
epoch 145 | 167.8s | train loss 0.0267 AP 0.9836 | val loss 0.3907 AP 0.6932 | test loss 0.4138 AP 0.6995 | best val 0.6949 (epoch 142, test 0.7024841185232298)
epoch 146 | 165.9s | train loss 0.0268 AP 0.9835 | val loss 0.3885 AP 0.6912 | test loss 0.4176 AP 0.6997 | best val 0.6949 (epoch 142, test 0.7024841185232298)
epoch 147 | 166.2s | train loss 0.0256 AP 0.9843 | val loss 0.3935 AP 0.6882 | test loss 0.4151 AP 0.7005 | best val 0.6949 (epoch 142, test 0.7024841185232298)
epoch 148 | 165.2s | train loss 0.0266 AP 0.9855 | val loss 0.3864 AP 0.6901 | test loss 0.4136 AP 0.7019 | best val 0.6949 (epoch 142, test 0.7024841185232298)
epoch 149 | 166.6s | train loss 0.0253 AP 0.9853 | val loss 0.3914 AP 0.6901 | test loss 0.4154 AP 0.7030 | best val 0.6949 (epoch 142, test 0.7024841185232298)
epoch 150 | 166.9s | train loss 0.0241 AP 0.9866 | val loss 0.3887 AP 0.6866 | test loss 0.4133 AP 0.6965 | best val 0.6949 (epoch 142, test 0.7024841185232298)
epoch 151 | 165.6s | train loss 0.0248 AP 0.9858 | val loss 0.3920 AP 0.6904 | test loss 0.4181 AP 0.6991 | best val 0.6949 (epoch 142, test 0.7024841185232298)
epoch 152 | 165.3s | train loss 0.0251 AP 0.9865 | val loss 0.4021 AP 0.6891 | test loss 0.4253 AP 0.6983 | best val 0.6949 (epoch 142, test 0.7024841185232298)
epoch 153 | 166.3s | train loss 0.0242 AP 0.9863 | val loss 0.3935 AP 0.6878 | test loss 0.4170 AP 0.7010 | best val 0.6949 (epoch 142, test 0.7024841185232298)
epoch 154 | 166.8s | train loss 0.0246 AP 0.9873 | val loss 0.4081 AP 0.6876 | test loss 0.4314 AP 0.6983 | best val 0.6949 (epoch 142, test 0.7024841185232298)
epoch 155 | 165.1s | train loss 0.0251 AP 0.9870 | val loss 0.4085 AP 0.6903 | test loss 0.4330 AP 0.7038 | best val 0.6949 (epoch 142, test 0.7024841185232298)
epoch 156 | 167.9s | train loss 0.0236 AP 0.9868 | val loss 0.4133 AP 0.6902 | test loss 0.4389 AP 0.7029 | best val 0.6949 (epoch 142, test 0.7024841185232298)
epoch 157 | 171.6s | train loss 0.0236 AP 0.9875 | val loss 0.3997 AP 0.6845 | test loss 0.4219 AP 0.7016 | best val 0.6949 (epoch 142, test 0.7024841185232298)
epoch 158 | 173.8s | train loss 0.0228 AP 0.9878 | val loss 0.4188 AP 0.6859 | test loss 0.4453 AP 0.7001 | best val 0.6949 (epoch 142, test 0.7024841185232298)
epoch 159 | 171.3s | train loss 0.0228 AP 0.9882 | val loss 0.4123 AP 0.6854 | test loss 0.4287 AP 0.7006 | best val 0.6949 (epoch 142, test 0.7024841185232298)
epoch 160 | 167.1s | train loss 0.0226 AP 0.9886 | val loss 0.4082 AP 0.6917 | test loss 0.4298 AP 0.7030 | best val 0.6949 (epoch 142, test 0.7024841185232298)
epoch 161 | 166.9s | train loss 0.0231 AP 0.9880 | val loss 0.3931 AP 0.6902 | test loss 0.4122 AP 0.7014 | best val 0.6949 (epoch 142, test 0.7024841185232298)
epoch 162 | 167.9s | train loss 0.0222 AP 0.9890 | val loss 0.4273 AP 0.6901 | test loss 0.4496 AP 0.6997 | best val 0.6949 (epoch 142, test 0.7024841185232298)
epoch 163 | 166.9s | train loss 0.0217 AP 0.9893 | val loss 0.4094 AP 0.6898 | test loss 0.4316 AP 0.7022 | best val 0.6949 (epoch 142, test 0.7024841185232298)
epoch 164 | 169.1s | train loss 0.0211 AP 0.9898 | val loss 0.4275 AP 0.6915 | test loss 0.4522 AP 0.7031 | best val 0.6949 (epoch 142, test 0.7024841185232298)
epoch 165 | 168.8s | train loss 0.0214 AP 0.9902 | val loss 0.4239 AP 0.6904 | test loss 0.4485 AP 0.7010 | best val 0.6949 (epoch 142, test 0.7024841185232298)
epoch 166 | 168.0s | train loss 0.0222 AP 0.9887 | val loss 0.4077 AP 0.6930 | test loss 0.4317 AP 0.7017 | best val 0.6949 (epoch 142, test 0.7024841185232298)
epoch 167 | 168.6s | train loss 0.0211 AP 0.9896 | val loss 0.3978 AP 0.6907 | test loss 0.4186 AP 0.7032 | best val 0.6949 (epoch 142, test 0.7024841185232298)
epoch 168 | 169.7s | train loss 0.0219 AP 0.9893 | val loss 0.4120 AP 0.6933 | test loss 0.4335 AP 0.7034 | best val 0.6949 (epoch 142, test 0.7024841185232298)
epoch 169 | 167.9s | train loss 0.0212 AP 0.9890 | val loss 0.4258 AP 0.6934 | test loss 0.4496 AP 0.7033 | best val 0.6949 (epoch 142, test 0.7024841185232298)
epoch 170 | 169.8s | train loss 0.0208 AP 0.9899 | val loss 0.4077 AP 0.6887 | test loss 0.4338 AP 0.7019 | best val 0.6949 (epoch 142, test 0.7024841185232298)
epoch 171 | 167.3s | train loss 0.0203 AP 0.9906 | val loss 0.4135 AP 0.6905 | test loss 0.4396 AP 0.7011 | best val 0.6949 (epoch 142, test 0.7024841185232298)
epoch 172 | 164.6s | train loss 0.0205 AP 0.9897 | val loss 0.4159 AP 0.6907 | test loss 0.4393 AP 0.7026 | best val 0.6949 (epoch 142, test 0.7024841185232298)
epoch 173 | 166.0s | train loss 0.0202 AP 0.9903 | val loss 0.4111 AP 0.6928 | test loss 0.4343 AP 0.7039 | best val 0.6949 (epoch 142, test 0.7024841185232298)
epoch 174 | 166.7s | train loss 0.0211 AP 0.9912 | val loss 0.4150 AP 0.6912 | test loss 0.4359 AP 0.7017 | best val 0.6949 (epoch 142, test 0.7024841185232298)
epoch 175 | 166.8s | train loss 0.0198 AP 0.9915 | val loss 0.4089 AP 0.6917 | test loss 0.4328 AP 0.7009 | best val 0.6949 (epoch 142, test 0.7024841185232298)
epoch 176 | 166.4s | train loss 0.0200 AP 0.9907 | val loss 0.4156 AP 0.6909 | test loss 0.4433 AP 0.7000 | best val 0.6949 (epoch 142, test 0.7024841185232298)
epoch 177 | 165.3s | train loss 0.0194 AP 0.9907 | val loss 0.4205 AP 0.6918 | test loss 0.4426 AP 0.7037 | best val 0.6949 (epoch 142, test 0.7024841185232298)
epoch 178 | 168.3s | train loss 0.0199 AP 0.9907 | val loss 0.4199 AP 0.6911 | test loss 0.4391 AP 0.7030 | best val 0.6949 (epoch 142, test 0.7024841185232298)
epoch 179 | 166.0s | train loss 0.0192 AP 0.9914 | val loss 0.4267 AP 0.6913 | test loss 0.4503 AP 0.7016 | best val 0.6949 (epoch 142, test 0.7024841185232298)
epoch 180 | 167.0s | train loss 0.0196 AP 0.9904 | val loss 0.4245 AP 0.6909 | test loss 0.4467 AP 0.7023 | best val 0.6949 (epoch 142, test 0.7024841185232298)
epoch 181 | 167.2s | train loss 0.0196 AP 0.9907 | val loss 0.4214 AP 0.6923 | test loss 0.4456 AP 0.7016 | best val 0.6949 (epoch 142, test 0.7024841185232298)
epoch 182 | 167.0s | train loss 0.0193 AP 0.9911 | val loss 0.4197 AP 0.6923 | test loss 0.4455 AP 0.7002 | best val 0.6949 (epoch 142, test 0.7024841185232298)
early stopping at epoch 182 (no val improvement in 40 epochs)
BEST: val AP 0.6949 | test AP 0.7025 (epoch 142)
