[Peptides-func] task=multi_label level=graph metric=macro_ap (higher_is_better=True)
  Loading cached distance masks from ./data/Peptides-func/dist_masks/train.pkl
  Loading cached distance masks from ./data/Peptides-func/dist_masks/val.pkl
  Loading cached distance masks from ./data/Peptides-func/dist_masks/test.pkl
Head -> hop set assignment:
  head 0: [0, 1]
  head 1: [0, 2]
  head 2: [0, 3]
  head 3: [0, 4]
  head 4: [0, 5]
  head 5: [0, 6]
  head 6: [0, 7]
  head 7: [0, 8]
  head 8: [0, 9]
  head 9: [0, 10]
  head 10: [0, 11]
  head 11: [0, 12]
  head 12: [0, 13]
  head 13: [0, 14]
  head 14: [0, 15]
  head 15: [0, 16]
  head 16: [0, 17]
  head 17: [0, 18]
  head 18: [0, 19]
  head 19: [0, 20]
  head 20: [0, 21]
  head 21: [0, 22]
  head 22: [0, 23]
  head 23: [0, 24]
  head 24: [0, 25]
  head 25: [0, 26]
  head 26: [0, 27]
  head 27: [0, 28]
  head 28: [0, 29]
  head 29: [0, 30]
  head 30: [0, 31]
  head 31: [0, 32]
  head 32: [0, 33]
  head 33: [0, 34]
  head 34: [0, 35]
  head 35: [0, 36]
  head 36: [0, 37]
  head 37: [0, 38]
  head 38: [0, 39]
  head 39: GLOBAL (no hop mask)
trainable params: 1.498M
epoch 000 |  85.1s | train loss 0.3880 AP 0.2005 | val loss 0.3148 AP 0.3185 | test loss 0.3142 AP 0.3228 | best val 0.3185 (epoch 0, test 0.3228413456682978)
epoch 001 |  85.1s | train loss 0.3057 AP 0.3295 | val loss 0.2806 AP 0.3955 | test loss 0.2804 AP 0.3934 | best val 0.3955 (epoch 1, test 0.3934193527074926)
epoch 002 |  86.8s | train loss 0.2848 AP 0.3791 | val loss 0.2763 AP 0.4282 | test loss 0.2784 AP 0.4118 | best val 0.4282 (epoch 2, test 0.4118479905770057)
epoch 003 |  86.6s | train loss 0.2755 AP 0.4064 | val loss 0.2648 AP 0.4521 | test loss 0.2686 AP 0.4293 | best val 0.4521 (epoch 3, test 0.4292889788561599)
epoch 004 |  83.8s | train loss 0.2656 AP 0.4258 | val loss 0.2685 AP 0.4689 | test loss 0.2729 AP 0.4540 | best val 0.4689 (epoch 4, test 0.45397825469181513)
epoch 005 |  86.2s | train loss 0.2589 AP 0.4467 | val loss 0.2578 AP 0.4888 | test loss 0.2625 AP 0.4745 | best val 0.4888 (epoch 5, test 0.47449506676741765)
epoch 006 |  86.3s | train loss 0.2569 AP 0.4528 | val loss 0.2488 AP 0.4986 | test loss 0.2555 AP 0.4803 | best val 0.4986 (epoch 6, test 0.4802818852193792)
epoch 007 |  87.0s | train loss 0.2544 AP 0.4617 | val loss 0.2512 AP 0.5020 | test loss 0.2535 AP 0.4873 | best val 0.5020 (epoch 7, test 0.48731736747466997)
epoch 008 |  86.1s | train loss 0.2541 AP 0.4643 | val loss 0.2461 AP 0.5116 | test loss 0.2526 AP 0.4855 | best val 0.5116 (epoch 8, test 0.4854819283312327)
epoch 009 |  87.7s | train loss 0.2527 AP 0.4705 | val loss 0.2418 AP 0.5116 | test loss 0.2514 AP 0.4891 | best val 0.5116 (epoch 9, test 0.48911690601430047)
epoch 010 |  86.1s | train loss 0.2495 AP 0.4765 | val loss 0.2399 AP 0.5261 | test loss 0.2464 AP 0.4919 | best val 0.5261 (epoch 10, test 0.49190205718577873)
epoch 011 |  87.3s | train loss 0.2419 AP 0.4974 | val loss 0.2403 AP 0.5307 | test loss 0.2470 AP 0.5072 | best val 0.5307 (epoch 11, test 0.5071855438665536)
epoch 012 |  87.9s | train loss 0.2365 AP 0.5129 | val loss 0.2285 AP 0.5504 | test loss 0.2334 AP 0.5240 | best val 0.5504 (epoch 12, test 0.523953683345461)
epoch 013 |  87.9s | train loss 0.2338 AP 0.5195 | val loss 0.2302 AP 0.5507 | test loss 0.2380 AP 0.5275 | best val 0.5507 (epoch 13, test 0.5274551236388216)
epoch 014 |  87.5s | train loss 0.2288 AP 0.5378 | val loss 0.2238 AP 0.5616 | test loss 0.2321 AP 0.5321 | best val 0.5616 (epoch 14, test 0.5320784579443135)
epoch 015 |  88.7s | train loss 0.2319 AP 0.5254 | val loss 0.2246 AP 0.5602 | test loss 0.2346 AP 0.5447 | best val 0.5616 (epoch 14, test 0.5320784579443135)
epoch 016 |  87.3s | train loss 0.2276 AP 0.5437 | val loss 0.2189 AP 0.5873 | test loss 0.2262 AP 0.5580 | best val 0.5873 (epoch 16, test 0.5580210832166704)
epoch 017 |  88.5s | train loss 0.2236 AP 0.5541 | val loss 0.2243 AP 0.5914 | test loss 0.2353 AP 0.5584 | best val 0.5914 (epoch 17, test 0.5583653411598336)
epoch 018 |  88.1s | train loss 0.2186 AP 0.5680 | val loss 0.2368 AP 0.5645 | test loss 0.2439 AP 0.5508 | best val 0.5914 (epoch 17, test 0.5583653411598336)
epoch 019 |  88.1s | train loss 0.2161 AP 0.5809 | val loss 0.2280 AP 0.5863 | test loss 0.2393 AP 0.5569 | best val 0.5914 (epoch 17, test 0.5583653411598336)
epoch 020 |  87.2s | train loss 0.2145 AP 0.5786 | val loss 0.2134 AP 0.5968 | test loss 0.2233 AP 0.5723 | best val 0.5968 (epoch 20, test 0.5723245246255177)
epoch 021 |  87.3s | train loss 0.2093 AP 0.5923 | val loss 0.2200 AP 0.6030 | test loss 0.2288 AP 0.5716 | best val 0.6030 (epoch 21, test 0.5716081516905912)
epoch 022 |  86.9s | train loss 0.2070 AP 0.6046 | val loss 0.2167 AP 0.6060 | test loss 0.2258 AP 0.5886 | best val 0.6060 (epoch 22, test 0.5886424696534724)
epoch 023 |  88.5s | train loss 0.2062 AP 0.6053 | val loss 0.2091 AP 0.6133 | test loss 0.2238 AP 0.5845 | best val 0.6133 (epoch 23, test 0.5845002394261859)
epoch 024 |  87.0s | train loss 0.2027 AP 0.6145 | val loss 0.2117 AP 0.6120 | test loss 0.2235 AP 0.5876 | best val 0.6133 (epoch 23, test 0.5845002394261859)
epoch 025 |  88.7s | train loss 0.1998 AP 0.6281 | val loss 0.2057 AP 0.6343 | test loss 0.2170 AP 0.6023 | best val 0.6343 (epoch 25, test 0.6023228002967056)
epoch 026 |  87.1s | train loss 0.1980 AP 0.6289 | val loss 0.2139 AP 0.6159 | test loss 0.2299 AP 0.5853 | best val 0.6343 (epoch 25, test 0.6023228002967056)
epoch 027 |  88.0s | train loss 0.1959 AP 0.6339 | val loss 0.2043 AP 0.6310 | test loss 0.2179 AP 0.6059 | best val 0.6343 (epoch 25, test 0.6023228002967056)
epoch 028 |  87.1s | train loss 0.1928 AP 0.6499 | val loss 0.2022 AP 0.6338 | test loss 0.2126 AP 0.6134 | best val 0.6343 (epoch 25, test 0.6023228002967056)
epoch 029 |  87.9s | train loss 0.1901 AP 0.6542 | val loss 0.2026 AP 0.6373 | test loss 0.2141 AP 0.6128 | best val 0.6373 (epoch 29, test 0.6127793934726851)
epoch 030 |  88.2s | train loss 0.1885 AP 0.6509 | val loss 0.2103 AP 0.6303 | test loss 0.2235 AP 0.6159 | best val 0.6373 (epoch 29, test 0.6127793934726851)
epoch 031 |  87.5s | train loss 0.1858 AP 0.6636 | val loss 0.2016 AP 0.6457 | test loss 0.2124 AP 0.6221 | best val 0.6457 (epoch 31, test 0.6221255716293022)
epoch 032 |  84.7s | train loss 0.1840 AP 0.6671 | val loss 0.2043 AP 0.6498 | test loss 0.2164 AP 0.6151 | best val 0.6498 (epoch 32, test 0.6150907236798777)
epoch 033 |  85.5s | train loss 0.1816 AP 0.6797 | val loss 0.2015 AP 0.6453 | test loss 0.2099 AP 0.6292 | best val 0.6498 (epoch 32, test 0.6150907236798777)
epoch 034 |  86.3s | train loss 0.1808 AP 0.6795 | val loss 0.2029 AP 0.6614 | test loss 0.2125 AP 0.6430 | best val 0.6614 (epoch 34, test 0.6430354442688673)
epoch 035 |  85.8s | train loss 0.1803 AP 0.6781 | val loss 0.1992 AP 0.6597 | test loss 0.2090 AP 0.6357 | best val 0.6614 (epoch 34, test 0.6430354442688673)
epoch 036 |  87.7s | train loss 0.1783 AP 0.6810 | val loss 0.2004 AP 0.6574 | test loss 0.2182 AP 0.6163 | best val 0.6614 (epoch 34, test 0.6430354442688673)
epoch 037 |  86.5s | train loss 0.1764 AP 0.6837 | val loss 0.1980 AP 0.6551 | test loss 0.2101 AP 0.6129 | best val 0.6614 (epoch 34, test 0.6430354442688673)
epoch 038 |  87.0s | train loss 0.1736 AP 0.6974 | val loss 0.1995 AP 0.6576 | test loss 0.2116 AP 0.6214 | best val 0.6614 (epoch 34, test 0.6430354442688673)
epoch 039 |  86.8s | train loss 0.1735 AP 0.6922 | val loss 0.1990 AP 0.6620 | test loss 0.2102 AP 0.6433 | best val 0.6620 (epoch 39, test 0.6433067617344638)
epoch 040 |  85.2s | train loss 0.1713 AP 0.6999 | val loss 0.1944 AP 0.6631 | test loss 0.2056 AP 0.6423 | best val 0.6631 (epoch 40, test 0.6423026229382522)
epoch 041 |  86.0s | train loss 0.1667 AP 0.7107 | val loss 0.1990 AP 0.6642 | test loss 0.2098 AP 0.6328 | best val 0.6642 (epoch 41, test 0.632823169268446)
epoch 042 |  84.6s | train loss 0.1649 AP 0.7152 | val loss 0.1920 AP 0.6775 | test loss 0.2027 AP 0.6469 | best val 0.6775 (epoch 42, test 0.6469186806526562)
epoch 043 |  87.3s | train loss 0.1630 AP 0.7219 | val loss 0.1989 AP 0.6780 | test loss 0.2101 AP 0.6512 | best val 0.6780 (epoch 43, test 0.6512473791528349)
epoch 044 |  87.5s | train loss 0.1604 AP 0.7286 | val loss 0.1959 AP 0.6648 | test loss 0.2079 AP 0.6422 | best val 0.6780 (epoch 43, test 0.6512473791528349)
epoch 045 |  88.5s | train loss 0.1616 AP 0.7228 | val loss 0.1930 AP 0.6725 | test loss 0.2026 AP 0.6461 | best val 0.6780 (epoch 43, test 0.6512473791528349)
epoch 046 |  87.1s | train loss 0.1567 AP 0.7378 | val loss 0.1920 AP 0.6709 | test loss 0.2003 AP 0.6563 | best val 0.6780 (epoch 43, test 0.6512473791528349)
epoch 047 |  90.7s | train loss 0.1529 AP 0.7464 | val loss 0.2069 AP 0.6804 | test loss 0.2160 AP 0.6570 | best val 0.6804 (epoch 47, test 0.6570039437417439)
epoch 048 |  87.3s | train loss 0.1544 AP 0.7420 | val loss 0.1938 AP 0.6670 | test loss 0.1988 AP 0.6477 | best val 0.6804 (epoch 47, test 0.6570039437417439)
epoch 049 |  89.7s | train loss 0.1509 AP 0.7469 | val loss 0.1986 AP 0.6783 | test loss 0.2093 AP 0.6440 | best val 0.6804 (epoch 47, test 0.6570039437417439)
epoch 050 |  87.5s | train loss 0.1487 AP 0.7556 | val loss 0.1967 AP 0.6969 | test loss 0.2107 AP 0.6686 | best val 0.6969 (epoch 50, test 0.6685999932417699)
epoch 051 |  88.4s | train loss 0.1476 AP 0.7607 | val loss 0.1896 AP 0.6904 | test loss 0.1985 AP 0.6674 | best val 0.6969 (epoch 50, test 0.6685999932417699)
epoch 052 |  85.9s | train loss 0.1449 AP 0.7674 | val loss 0.1900 AP 0.6817 | test loss 0.2030 AP 0.6573 | best val 0.6969 (epoch 50, test 0.6685999932417699)
epoch 053 |  88.4s | train loss 0.1457 AP 0.7632 | val loss 0.1865 AP 0.6875 | test loss 0.1989 AP 0.6726 | best val 0.6969 (epoch 50, test 0.6685999932417699)
epoch 054 |  88.5s | train loss 0.1430 AP 0.7671 | val loss 0.1976 AP 0.6870 | test loss 0.2041 AP 0.6738 | best val 0.6969 (epoch 50, test 0.6685999932417699)
epoch 055 |  88.8s | train loss 0.1408 AP 0.7754 | val loss 0.1990 AP 0.6719 | test loss 0.2027 AP 0.6657 | best val 0.6969 (epoch 50, test 0.6685999932417699)
epoch 056 |  86.5s | train loss 0.1379 AP 0.7786 | val loss 0.1888 AP 0.6781 | test loss 0.1974 AP 0.6721 | best val 0.6969 (epoch 50, test 0.6685999932417699)
epoch 057 |  84.6s | train loss 0.1394 AP 0.7778 | val loss 0.1912 AP 0.6878 | test loss 0.2063 AP 0.6708 | best val 0.6969 (epoch 50, test 0.6685999932417699)
epoch 058 |  86.1s | train loss 0.1365 AP 0.7868 | val loss 0.1974 AP 0.6775 | test loss 0.2020 AP 0.6691 | best val 0.6969 (epoch 50, test 0.6685999932417699)
epoch 059 |  88.3s | train loss 0.1348 AP 0.7884 | val loss 0.2007 AP 0.6902 | test loss 0.2092 AP 0.6770 | best val 0.6969 (epoch 50, test 0.6685999932417699)
epoch 060 |  87.4s | train loss 0.1307 AP 0.7966 | val loss 0.1976 AP 0.6845 | test loss 0.2135 AP 0.6652 | best val 0.6969 (epoch 50, test 0.6685999932417699)
epoch 061 |  87.6s | train loss 0.1308 AP 0.7963 | val loss 0.2017 AP 0.6777 | test loss 0.2071 AP 0.6611 | best val 0.6969 (epoch 50, test 0.6685999932417699)
epoch 062 |  89.5s | train loss 0.1280 AP 0.8012 | val loss 0.1958 AP 0.6957 | test loss 0.2069 AP 0.6775 | best val 0.6969 (epoch 50, test 0.6685999932417699)
epoch 063 |  89.4s | train loss 0.1267 AP 0.8029 | val loss 0.2030 AP 0.6931 | test loss 0.2117 AP 0.6748 | best val 0.6969 (epoch 50, test 0.6685999932417699)
epoch 064 |  86.9s | train loss 0.1282 AP 0.8040 | val loss 0.1907 AP 0.6940 | test loss 0.1978 AP 0.6816 | best val 0.6969 (epoch 50, test 0.6685999932417699)
epoch 065 |  87.5s | train loss 0.1236 AP 0.8122 | val loss 0.2107 AP 0.6902 | test loss 0.2210 AP 0.6700 | best val 0.6969 (epoch 50, test 0.6685999932417699)
epoch 066 |  88.3s | train loss 0.1229 AP 0.8142 | val loss 0.2030 AP 0.6873 | test loss 0.2145 AP 0.6672 | best val 0.6969 (epoch 50, test 0.6685999932417699)
epoch 067 |  88.3s | train loss 0.1214 AP 0.8204 | val loss 0.2035 AP 0.6918 | test loss 0.2100 AP 0.6778 | best val 0.6969 (epoch 50, test 0.6685999932417699)
epoch 068 |  90.1s | train loss 0.1191 AP 0.8184 | val loss 0.1946 AP 0.6981 | test loss 0.2061 AP 0.6843 | best val 0.6981 (epoch 68, test 0.6843298159541192)
epoch 069 |  86.9s | train loss 0.1214 AP 0.8161 | val loss 0.1967 AP 0.6999 | test loss 0.2076 AP 0.6820 | best val 0.6999 (epoch 69, test 0.6820030361243832)
epoch 070 |  88.1s | train loss 0.1184 AP 0.8211 | val loss 0.1972 AP 0.6974 | test loss 0.2070 AP 0.6727 | best val 0.6999 (epoch 69, test 0.6820030361243832)
epoch 071 |  88.7s | train loss 0.1171 AP 0.8209 | val loss 0.2068 AP 0.6926 | test loss 0.2161 AP 0.6770 | best val 0.6999 (epoch 69, test 0.6820030361243832)
epoch 072 |  87.7s | train loss 0.1178 AP 0.8250 | val loss 0.2111 AP 0.7029 | test loss 0.2168 AP 0.6860 | best val 0.7029 (epoch 72, test 0.6859584064746134)
epoch 073 |  89.2s | train loss 0.1146 AP 0.8301 | val loss 0.1886 AP 0.7095 | test loss 0.2028 AP 0.6842 | best val 0.7095 (epoch 73, test 0.684196581534904)
epoch 074 |  90.6s | train loss 0.1127 AP 0.8363 | val loss 0.2001 AP 0.6991 | test loss 0.2101 AP 0.6838 | best val 0.7095 (epoch 73, test 0.684196581534904)
epoch 075 |  88.4s | train loss 0.1106 AP 0.8379 | val loss 0.2004 AP 0.6938 | test loss 0.2077 AP 0.6789 | best val 0.7095 (epoch 73, test 0.684196581534904)
epoch 076 |  89.0s | train loss 0.1087 AP 0.8417 | val loss 0.2055 AP 0.7077 | test loss 0.2176 AP 0.6764 | best val 0.7095 (epoch 73, test 0.684196581534904)
epoch 077 |  89.7s | train loss 0.1057 AP 0.8478 | val loss 0.2181 AP 0.6948 | test loss 0.2211 AP 0.6776 | best val 0.7095 (epoch 73, test 0.684196581534904)
epoch 078 |  88.8s | train loss 0.1075 AP 0.8484 | val loss 0.1925 AP 0.7100 | test loss 0.2034 AP 0.6899 | best val 0.7100 (epoch 78, test 0.6899373862459837)
epoch 079 |  88.4s | train loss 0.1049 AP 0.8508 | val loss 0.1991 AP 0.7067 | test loss 0.2089 AP 0.6892 | best val 0.7100 (epoch 78, test 0.6899373862459837)
epoch 080 |  88.8s | train loss 0.1024 AP 0.8566 | val loss 0.2027 AP 0.7062 | test loss 0.2192 AP 0.6837 | best val 0.7100 (epoch 78, test 0.6899373862459837)
epoch 081 |  89.5s | train loss 0.1029 AP 0.8555 | val loss 0.2056 AP 0.7047 | test loss 0.2139 AP 0.6918 | best val 0.7100 (epoch 78, test 0.6899373862459837)
epoch 082 |  90.5s | train loss 0.1013 AP 0.8554 | val loss 0.2061 AP 0.7112 | test loss 0.2148 AP 0.6956 | best val 0.7112 (epoch 82, test 0.6955513481783862)
epoch 083 |  90.3s | train loss 0.1015 AP 0.8590 | val loss 0.2203 AP 0.7085 | test loss 0.2391 AP 0.6886 | best val 0.7112 (epoch 82, test 0.6955513481783862)
epoch 084 |  90.7s | train loss 0.1000 AP 0.8607 | val loss 0.2171 AP 0.7023 | test loss 0.2236 AP 0.6851 | best val 0.7112 (epoch 82, test 0.6955513481783862)
epoch 085 |  90.8s | train loss 0.0986 AP 0.8670 | val loss 0.2120 AP 0.6949 | test loss 0.2233 AP 0.6827 | best val 0.7112 (epoch 82, test 0.6955513481783862)
epoch 086 |  91.8s | train loss 0.0979 AP 0.8640 | val loss 0.2079 AP 0.7067 | test loss 0.2210 AP 0.6937 | best val 0.7112 (epoch 82, test 0.6955513481783862)
epoch 087 |  89.5s | train loss 0.0952 AP 0.8696 | val loss 0.2058 AP 0.7125 | test loss 0.2147 AP 0.7005 | best val 0.7125 (epoch 87, test 0.7005423543632575)
epoch 088 |  90.5s | train loss 0.0940 AP 0.8686 | val loss 0.2309 AP 0.7023 | test loss 0.2374 AP 0.6960 | best val 0.7125 (epoch 87, test 0.7005423543632575)
epoch 089 |  88.1s | train loss 0.0923 AP 0.8822 | val loss 0.2092 AP 0.7008 | test loss 0.2174 AP 0.6905 | best val 0.7125 (epoch 87, test 0.7005423543632575)
epoch 090 |  87.7s | train loss 0.0919 AP 0.8773 | val loss 0.2266 AP 0.7029 | test loss 0.2347 AP 0.6887 | best val 0.7125 (epoch 87, test 0.7005423543632575)
epoch 091 |  89.2s | train loss 0.0913 AP 0.8748 | val loss 0.2296 AP 0.7012 | test loss 0.2366 AP 0.6891 | best val 0.7125 (epoch 87, test 0.7005423543632575)
epoch 092 |  91.4s | train loss 0.0901 AP 0.8812 | val loss 0.2312 AP 0.7082 | test loss 0.2346 AP 0.7004 | best val 0.7125 (epoch 87, test 0.7005423543632575)
epoch 093 | 109.4s | train loss 0.0897 AP 0.8804 | val loss 0.2412 AP 0.7086 | test loss 0.2505 AP 0.6877 | best val 0.7125 (epoch 87, test 0.7005423543632575)
epoch 094 | 117.0s | train loss 0.0898 AP 0.8843 | val loss 0.2450 AP 0.7023 | test loss 0.2518 AP 0.6878 | best val 0.7125 (epoch 87, test 0.7005423543632575)
epoch 095 | 117.7s | train loss 0.0865 AP 0.8890 | val loss 0.2312 AP 0.7015 | test loss 0.2412 AP 0.6884 | best val 0.7125 (epoch 87, test 0.7005423543632575)
epoch 096 | 113.3s | train loss 0.0876 AP 0.8851 | val loss 0.2214 AP 0.7111 | test loss 0.2301 AP 0.7000 | best val 0.7125 (epoch 87, test 0.7005423543632575)
epoch 097 | 112.8s | train loss 0.0847 AP 0.8894 | val loss 0.2227 AP 0.7094 | test loss 0.2343 AP 0.6970 | best val 0.7125 (epoch 87, test 0.7005423543632575)
epoch 098 | 112.1s | train loss 0.0852 AP 0.8940 | val loss 0.2247 AP 0.7103 | test loss 0.2347 AP 0.6968 | best val 0.7125 (epoch 87, test 0.7005423543632575)
epoch 099 | 110.4s | train loss 0.0839 AP 0.8910 | val loss 0.2260 AP 0.7103 | test loss 0.2381 AP 0.6970 | best val 0.7125 (epoch 87, test 0.7005423543632575)
epoch 100 | 112.5s | train loss 0.0820 AP 0.8951 | val loss 0.2268 AP 0.7097 | test loss 0.2366 AP 0.6911 | best val 0.7125 (epoch 87, test 0.7005423543632575)
epoch 101 | 108.5s | train loss 0.0811 AP 0.8964 | val loss 0.2314 AP 0.7160 | test loss 0.2422 AP 0.6967 | best val 0.7160 (epoch 101, test 0.6966752195691679)
epoch 102 | 113.6s | train loss 0.0807 AP 0.9012 | val loss 0.2490 AP 0.7095 | test loss 0.2556 AP 0.6951 | best val 0.7160 (epoch 101, test 0.6966752195691679)
epoch 103 | 112.0s | train loss 0.0821 AP 0.8933 | val loss 0.2253 AP 0.7135 | test loss 0.2353 AP 0.6871 | best val 0.7160 (epoch 101, test 0.6966752195691679)
epoch 104 | 104.3s | train loss 0.0798 AP 0.9029 | val loss 0.2269 AP 0.7071 | test loss 0.2322 AP 0.6981 | best val 0.7160 (epoch 101, test 0.6966752195691679)
epoch 105 |  92.5s | train loss 0.0776 AP 0.9019 | val loss 0.2342 AP 0.7181 | test loss 0.2495 AP 0.7036 | best val 0.7181 (epoch 105, test 0.7036078631958014)
epoch 106 |  90.2s | train loss 0.0776 AP 0.9045 | val loss 0.2489 AP 0.7136 | test loss 0.2570 AP 0.7021 | best val 0.7181 (epoch 105, test 0.7036078631958014)
epoch 107 |  89.1s | train loss 0.0769 AP 0.9054 | val loss 0.2289 AP 0.7134 | test loss 0.2384 AP 0.6985 | best val 0.7181 (epoch 105, test 0.7036078631958014)
epoch 108 |  88.6s | train loss 0.0759 AP 0.9055 | val loss 0.2362 AP 0.7120 | test loss 0.2491 AP 0.6921 | best val 0.7181 (epoch 105, test 0.7036078631958014)
epoch 109 |  89.9s | train loss 0.0753 AP 0.9077 | val loss 0.2324 AP 0.7113 | test loss 0.2403 AP 0.6943 | best val 0.7181 (epoch 105, test 0.7036078631958014)
epoch 110 |  91.7s | train loss 0.0731 AP 0.9109 | val loss 0.2419 AP 0.7148 | test loss 0.2526 AP 0.6981 | best val 0.7181 (epoch 105, test 0.7036078631958014)
epoch 111 |  90.2s | train loss 0.0727 AP 0.9116 | val loss 0.2350 AP 0.7180 | test loss 0.2465 AP 0.7086 | best val 0.7181 (epoch 105, test 0.7036078631958014)
epoch 112 |  97.3s | train loss 0.0723 AP 0.9138 | val loss 0.2498 AP 0.7106 | test loss 0.2581 AP 0.6981 | best val 0.7181 (epoch 105, test 0.7036078631958014)
epoch 113 |  94.0s | train loss 0.0698 AP 0.9190 | val loss 0.2530 AP 0.7158 | test loss 0.2642 AP 0.7050 | best val 0.7181 (epoch 105, test 0.7036078631958014)
epoch 114 |  88.3s | train loss 0.0709 AP 0.9158 | val loss 0.2364 AP 0.7156 | test loss 0.2490 AP 0.6983 | best val 0.7181 (epoch 105, test 0.7036078631958014)
epoch 115 | 110.2s | train loss 0.0692 AP 0.9209 | val loss 0.2520 AP 0.7060 | test loss 0.2574 AP 0.6925 | best val 0.7181 (epoch 105, test 0.7036078631958014)
epoch 116 | 118.4s | train loss 0.0690 AP 0.9216 | val loss 0.2507 AP 0.7155 | test loss 0.2622 AP 0.7065 | best val 0.7181 (epoch 105, test 0.7036078631958014)
epoch 117 | 117.5s | train loss 0.0675 AP 0.9231 | val loss 0.2468 AP 0.7186 | test loss 0.2539 AP 0.7078 | best val 0.7186 (epoch 117, test 0.7078019009874461)
epoch 118 | 114.2s | train loss 0.0672 AP 0.9233 | val loss 0.2380 AP 0.7212 | test loss 0.2513 AP 0.7093 | best val 0.7212 (epoch 118, test 0.7093473633271071)
epoch 119 | 113.4s | train loss 0.0669 AP 0.9246 | val loss 0.2570 AP 0.7102 | test loss 0.2634 AP 0.6985 | best val 0.7212 (epoch 118, test 0.7093473633271071)
epoch 120 | 111.0s | train loss 0.0662 AP 0.9230 | val loss 0.2526 AP 0.7111 | test loss 0.2606 AP 0.7023 | best val 0.7212 (epoch 118, test 0.7093473633271071)
epoch 121 | 108.5s | train loss 0.0656 AP 0.9276 | val loss 0.2482 AP 0.7154 | test loss 0.2593 AP 0.7044 | best val 0.7212 (epoch 118, test 0.7093473633271071)
epoch 122 | 112.0s | train loss 0.0634 AP 0.9315 | val loss 0.2402 AP 0.7174 | test loss 0.2553 AP 0.7060 | best val 0.7212 (epoch 118, test 0.7093473633271071)
epoch 123 | 108.8s | train loss 0.0630 AP 0.9286 | val loss 0.2464 AP 0.7225 | test loss 0.2591 AP 0.7060 | best val 0.7225 (epoch 123, test 0.7060389990044366)
epoch 124 | 114.9s | train loss 0.0629 AP 0.9295 | val loss 0.2706 AP 0.7232 | test loss 0.2844 AP 0.7070 | best val 0.7232 (epoch 124, test 0.7070082995259437)
epoch 125 | 112.6s | train loss 0.0619 AP 0.9301 | val loss 0.2513 AP 0.7154 | test loss 0.2627 AP 0.7003 | best val 0.7232 (epoch 124, test 0.7070082995259437)
epoch 126 | 110.9s | train loss 0.0608 AP 0.9347 | val loss 0.2500 AP 0.7186 | test loss 0.2609 AP 0.7045 | best val 0.7232 (epoch 124, test 0.7070082995259437)
epoch 127 | 110.9s | train loss 0.0613 AP 0.9360 | val loss 0.2576 AP 0.7139 | test loss 0.2650 AP 0.7076 | best val 0.7232 (epoch 124, test 0.7070082995259437)
epoch 128 | 111.1s | train loss 0.0595 AP 0.9351 | val loss 0.2549 AP 0.7244 | test loss 0.2704 AP 0.7098 | best val 0.7244 (epoch 128, test 0.7098043010492386)
epoch 129 | 109.9s | train loss 0.0602 AP 0.9391 | val loss 0.2446 AP 0.7213 | test loss 0.2606 AP 0.7062 | best val 0.7244 (epoch 128, test 0.7098043010492386)
epoch 130 | 112.7s | train loss 0.0587 AP 0.9376 | val loss 0.2613 AP 0.7147 | test loss 0.2759 AP 0.7014 | best val 0.7244 (epoch 128, test 0.7098043010492386)
epoch 131 | 112.8s | train loss 0.0592 AP 0.9351 | val loss 0.2672 AP 0.7178 | test loss 0.2726 AP 0.7096 | best val 0.7244 (epoch 128, test 0.7098043010492386)
epoch 132 | 111.4s | train loss 0.0578 AP 0.9386 | val loss 0.2616 AP 0.7172 | test loss 0.2713 AP 0.7042 | best val 0.7244 (epoch 128, test 0.7098043010492386)
epoch 133 | 108.8s | train loss 0.0575 AP 0.9381 | val loss 0.2693 AP 0.7193 | test loss 0.2763 AP 0.7117 | best val 0.7244 (epoch 128, test 0.7098043010492386)
epoch 134 |  89.1s | train loss 0.0573 AP 0.9424 | val loss 0.2593 AP 0.7208 | test loss 0.2690 AP 0.7089 | best val 0.7244 (epoch 128, test 0.7098043010492386)
epoch 135 |  90.5s | train loss 0.0555 AP 0.9466 | val loss 0.2829 AP 0.7207 | test loss 0.2948 AP 0.7066 | best val 0.7244 (epoch 128, test 0.7098043010492386)
epoch 136 |  89.4s | train loss 0.0545 AP 0.9470 | val loss 0.2801 AP 0.7197 | test loss 0.2932 AP 0.7059 | best val 0.7244 (epoch 128, test 0.7098043010492386)
epoch 137 |  88.8s | train loss 0.0566 AP 0.9421 | val loss 0.2764 AP 0.7172 | test loss 0.2886 AP 0.7093 | best val 0.7244 (epoch 128, test 0.7098043010492386)
epoch 138 |  90.0s | train loss 0.0540 AP 0.9462 | val loss 0.2750 AP 0.7187 | test loss 0.2886 AP 0.7011 | best val 0.7244 (epoch 128, test 0.7098043010492386)
epoch 139 |  89.0s | train loss 0.0537 AP 0.9476 | val loss 0.2779 AP 0.7155 | test loss 0.2892 AP 0.7016 | best val 0.7244 (epoch 128, test 0.7098043010492386)
epoch 140 |  88.8s | train loss 0.0531 AP 0.9452 | val loss 0.2610 AP 0.7211 | test loss 0.2724 AP 0.7141 | best val 0.7244 (epoch 128, test 0.7098043010492386)
epoch 141 |  95.9s | train loss 0.0533 AP 0.9492 | val loss 0.2779 AP 0.7256 | test loss 0.2941 AP 0.7171 | best val 0.7256 (epoch 141, test 0.7170891765654573)
epoch 142 |  93.6s | train loss 0.0538 AP 0.9489 | val loss 0.2805 AP 0.7200 | test loss 0.2953 AP 0.7098 | best val 0.7256 (epoch 141, test 0.7170891765654573)
epoch 143 |  89.0s | train loss 0.0520 AP 0.9488 | val loss 0.2878 AP 0.7233 | test loss 0.3039 AP 0.7141 | best val 0.7256 (epoch 141, test 0.7170891765654573)
epoch 144 |  89.0s | train loss 0.0513 AP 0.9503 | val loss 0.2780 AP 0.7277 | test loss 0.2939 AP 0.7171 | best val 0.7277 (epoch 144, test 0.717119668606929)
epoch 145 |  88.5s | train loss 0.0525 AP 0.9493 | val loss 0.2636 AP 0.7228 | test loss 0.2779 AP 0.7131 | best val 0.7277 (epoch 144, test 0.717119668606929)
epoch 146 |  88.6s | train loss 0.0509 AP 0.9521 | val loss 0.2760 AP 0.7228 | test loss 0.2975 AP 0.7136 | best val 0.7277 (epoch 144, test 0.717119668606929)
epoch 147 |  90.2s | train loss 0.0515 AP 0.9497 | val loss 0.2779 AP 0.7277 | test loss 0.2923 AP 0.7162 | best val 0.7277 (epoch 147, test 0.7162224278722296)
epoch 148 |  90.0s | train loss 0.0495 AP 0.9515 | val loss 0.2762 AP 0.7231 | test loss 0.2921 AP 0.7109 | best val 0.7277 (epoch 147, test 0.7162224278722296)
epoch 149 |  90.1s | train loss 0.0500 AP 0.9527 | val loss 0.2756 AP 0.7243 | test loss 0.2923 AP 0.7124 | best val 0.7277 (epoch 147, test 0.7162224278722296)
epoch 150 |  89.7s | train loss 0.0499 AP 0.9567 | val loss 0.2725 AP 0.7258 | test loss 0.2903 AP 0.7091 | best val 0.7277 (epoch 147, test 0.7162224278722296)
epoch 151 |  90.8s | train loss 0.0470 AP 0.9550 | val loss 0.2817 AP 0.7186 | test loss 0.2999 AP 0.7103 | best val 0.7277 (epoch 147, test 0.7162224278722296)
epoch 152 |  89.7s | train loss 0.0483 AP 0.9537 | val loss 0.2879 AP 0.7217 | test loss 0.3030 AP 0.7171 | best val 0.7277 (epoch 147, test 0.7162224278722296)
epoch 153 |  89.4s | train loss 0.0492 AP 0.9553 | val loss 0.2943 AP 0.7173 | test loss 0.3085 AP 0.7091 | best val 0.7277 (epoch 147, test 0.7162224278722296)
epoch 154 |  87.7s | train loss 0.0471 AP 0.9585 | val loss 0.2873 AP 0.7179 | test loss 0.3057 AP 0.7030 | best val 0.7277 (epoch 147, test 0.7162224278722296)
epoch 155 |  88.4s | train loss 0.0469 AP 0.9572 | val loss 0.2912 AP 0.7168 | test loss 0.3063 AP 0.7121 | best val 0.7277 (epoch 147, test 0.7162224278722296)
epoch 156 |  89.7s | train loss 0.0459 AP 0.9580 | val loss 0.3009 AP 0.7177 | test loss 0.3126 AP 0.7146 | best val 0.7277 (epoch 147, test 0.7162224278722296)
epoch 157 |  88.4s | train loss 0.0460 AP 0.9593 | val loss 0.2860 AP 0.7187 | test loss 0.2947 AP 0.7103 | best val 0.7277 (epoch 147, test 0.7162224278722296)
epoch 158 |  90.1s | train loss 0.0459 AP 0.9594 | val loss 0.3021 AP 0.7220 | test loss 0.3158 AP 0.7140 | best val 0.7277 (epoch 147, test 0.7162224278722296)
epoch 159 |  90.0s | train loss 0.0456 AP 0.9615 | val loss 0.2881 AP 0.7224 | test loss 0.3000 AP 0.7158 | best val 0.7277 (epoch 147, test 0.7162224278722296)
epoch 160 |  90.2s | train loss 0.0460 AP 0.9577 | val loss 0.2954 AP 0.7189 | test loss 0.3099 AP 0.7139 | best val 0.7277 (epoch 147, test 0.7162224278722296)
epoch 161 |  89.6s | train loss 0.0457 AP 0.9571 | val loss 0.2880 AP 0.7181 | test loss 0.2941 AP 0.7168 | best val 0.7277 (epoch 147, test 0.7162224278722296)
epoch 162 |  91.3s | train loss 0.0458 AP 0.9577 | val loss 0.3045 AP 0.7178 | test loss 0.3125 AP 0.7129 | best val 0.7277 (epoch 147, test 0.7162224278722296)
epoch 163 |  89.2s | train loss 0.0450 AP 0.9618 | val loss 0.3017 AP 0.7225 | test loss 0.3150 AP 0.7193 | best val 0.7277 (epoch 147, test 0.7162224278722296)
epoch 164 |  91.6s | train loss 0.0452 AP 0.9611 | val loss 0.2852 AP 0.7223 | test loss 0.2985 AP 0.7159 | best val 0.7277 (epoch 147, test 0.7162224278722296)
epoch 165 |  90.2s | train loss 0.0444 AP 0.9606 | val loss 0.2984 AP 0.7228 | test loss 0.3116 AP 0.7163 | best val 0.7277 (epoch 147, test 0.7162224278722296)
epoch 166 |  89.8s | train loss 0.0431 AP 0.9629 | val loss 0.2985 AP 0.7200 | test loss 0.3084 AP 0.7180 | best val 0.7277 (epoch 147, test 0.7162224278722296)
epoch 167 |  90.1s | train loss 0.0445 AP 0.9631 | val loss 0.2911 AP 0.7190 | test loss 0.3008 AP 0.7152 | best val 0.7277 (epoch 147, test 0.7162224278722296)
epoch 168 |  88.4s | train loss 0.0436 AP 0.9616 | val loss 0.2880 AP 0.7191 | test loss 0.2961 AP 0.7164 | best val 0.7277 (epoch 147, test 0.7162224278722296)
epoch 169 |  88.8s | train loss 0.0430 AP 0.9642 | val loss 0.3132 AP 0.7212 | test loss 0.3272 AP 0.7169 | best val 0.7277 (epoch 147, test 0.7162224278722296)
epoch 170 |  88.7s | train loss 0.0431 AP 0.9622 | val loss 0.3065 AP 0.7223 | test loss 0.3184 AP 0.7194 | best val 0.7277 (epoch 147, test 0.7162224278722296)
epoch 171 |  88.5s | train loss 0.0427 AP 0.9645 | val loss 0.2990 AP 0.7216 | test loss 0.3106 AP 0.7177 | best val 0.7277 (epoch 147, test 0.7162224278722296)
epoch 172 |  89.6s | train loss 0.0420 AP 0.9658 | val loss 0.2988 AP 0.7210 | test loss 0.3109 AP 0.7131 | best val 0.7277 (epoch 147, test 0.7162224278722296)
epoch 173 |  91.9s | train loss 0.0420 AP 0.9646 | val loss 0.3050 AP 0.7243 | test loss 0.3194 AP 0.7153 | best val 0.7277 (epoch 147, test 0.7162224278722296)
epoch 174 |  94.0s | train loss 0.0423 AP 0.9639 | val loss 0.3034 AP 0.7227 | test loss 0.3180 AP 0.7158 | best val 0.7277 (epoch 147, test 0.7162224278722296)
epoch 175 |  93.3s | train loss 0.0430 AP 0.9621 | val loss 0.2981 AP 0.7243 | test loss 0.3123 AP 0.7167 | best val 0.7277 (epoch 147, test 0.7162224278722296)
epoch 176 |  94.1s | train loss 0.0417 AP 0.9660 | val loss 0.3034 AP 0.7234 | test loss 0.3161 AP 0.7178 | best val 0.7277 (epoch 147, test 0.7162224278722296)
epoch 177 |  94.3s | train loss 0.0415 AP 0.9628 | val loss 0.2993 AP 0.7231 | test loss 0.3110 AP 0.7180 | best val 0.7277 (epoch 147, test 0.7162224278722296)
epoch 178 |  94.0s | train loss 0.0421 AP 0.9641 | val loss 0.3080 AP 0.7217 | test loss 0.3210 AP 0.7157 | best val 0.7277 (epoch 147, test 0.7162224278722296)
epoch 179 |  95.3s | train loss 0.0409 AP 0.9677 | val loss 0.3054 AP 0.7229 | test loss 0.3192 AP 0.7161 | best val 0.7277 (epoch 147, test 0.7162224278722296)
epoch 180 |  94.4s | train loss 0.0415 AP 0.9667 | val loss 0.3025 AP 0.7226 | test loss 0.3154 AP 0.7174 | best val 0.7277 (epoch 147, test 0.7162224278722296)
epoch 181 |  94.0s | train loss 0.0415 AP 0.9647 | val loss 0.3009 AP 0.7231 | test loss 0.3138 AP 0.7184 | best val 0.7277 (epoch 147, test 0.7162224278722296)
epoch 182 |  94.5s | train loss 0.0409 AP 0.9661 | val loss 0.3007 AP 0.7236 | test loss 0.3135 AP 0.7188 | best val 0.7277 (epoch 147, test 0.7162224278722296)
epoch 183 |  95.2s | train loss 0.0412 AP 0.9646 | val loss 0.3016 AP 0.7226 | test loss 0.3153 AP 0.7165 | best val 0.7277 (epoch 147, test 0.7162224278722296)
epoch 184 |  95.1s | train loss 0.0407 AP 0.9677 | val loss 0.3031 AP 0.7235 | test loss 0.3179 AP 0.7168 | best val 0.7277 (epoch 147, test 0.7162224278722296)
epoch 185 |  93.4s | train loss 0.0408 AP 0.9663 | val loss 0.3058 AP 0.7227 | test loss 0.3189 AP 0.7169 | best val 0.7277 (epoch 147, test 0.7162224278722296)
epoch 186 |  93.6s | train loss 0.0414 AP 0.9661 | val loss 0.3049 AP 0.7232 | test loss 0.3180 AP 0.7190 | best val 0.7277 (epoch 147, test 0.7162224278722296)
epoch 187 |  93.8s | train loss 0.0417 AP 0.9667 | val loss 0.3006 AP 0.7225 | test loss 0.3135 AP 0.7174 | best val 0.7277 (epoch 147, test 0.7162224278722296)
early stopping at epoch 187 (no val improvement in 40 epochs)
BEST: val AP 0.7277 | test AP 0.7162 (epoch 147)
