{'dataset': 'Peptides-struct', 'max_hops': 40, 'use_lap_pe': False, 'lap_pe_dim': 8, 'hidden_dim': 320, 'num_heads': 40, 'ffn_ratio': 4, 'num_layers': 1, 'dropout': 0.2, 'graph_pool': 'sum', 'hop_mode': 'single', 'hop_window': 0, 'num_global_heads': 1, 'lr': 0.001, 'lr_min': 1e-06, 'weight_decay': 0.0003, 'batch_size': 32, 'max_epochs': 200, 'patience': 40, 'reduce_lr_patience': 10, 'warmup_ratio': 0.05, 'grad_clip': 1.0, 'num_workers': 4, 'dist_mask_workers': 8, 'device': None, 'save_dir': 'checkpoints_hop_masked_struct_func_best', 'seed': 0, 'checkpoint': None}
Unknown args =  []
[Peptides-struct] task=regression level=graph metric=mae (higher_is_better=False)
  Loading cached distance masks from ./data/Peptides-struct/dist_masks/train.pkl
  Loading cached distance masks from ./data/Peptides-struct/dist_masks/val.pkl
  Loading cached distance masks from ./data/Peptides-struct/dist_masks/test.pkl
Head -> hop set assignment:
  head 0: [0, 1]
  head 1: [0, 2]
  head 2: [0, 3]
  head 3: [0, 4]
  head 4: [0, 5]
  head 5: [0, 6]
  head 6: [0, 7]
  head 7: [0, 8]
  head 8: [0, 9]
  head 9: [0, 10]
  head 10: [0, 11]
  head 11: [0, 12]
  head 12: [0, 13]
  head 13: [0, 14]
  head 14: [0, 15]
  head 15: [0, 16]
  head 16: [0, 17]
  head 17: [0, 18]
  head 18: [0, 19]
  head 19: [0, 20]
  head 20: [0, 21]
  head 21: [0, 22]
  head 22: [0, 23]
  head 23: [0, 24]
  head 24: [0, 25]
  head 25: [0, 26]
  head 26: [0, 27]
  head 27: [0, 28]
  head 28: [0, 29]
  head 29: [0, 30]
  head 30: [0, 31]
  head 31: [0, 32]
  head 32: [0, 33]
  head 33: [0, 34]
  head 34: [0, 35]
  head 35: [0, 36]
  head 36: [0, 37]
  head 37: [0, 38]
  head 38: [0, 39]
  head 39: GLOBAL (no hop mask)
trainable params: 1.498M
ReduceLROnPlateau: mode=min, patience=10, factor=0.5, min_lr=1e-06
epoch 000 |  87.9s | train loss 0.5004 MAE 0.5005 | val loss 0.3650 MAE 0.3648 | test loss 0.3741 MAE 0.3740 | best val 0.3648 (epoch 0, test 0.3740236050290617)
epoch 001 |  89.4s | train loss 0.3596 MAE 0.3594 | val loss 0.3602 MAE 0.3598 | test loss 0.3698 MAE 0.3697 | best val 0.3598 (epoch 1, test 0.3696893022623743)
epoch 002 |  88.5s | train loss 0.3441 MAE 0.3441 | val loss 0.3128 MAE 0.3126 | test loss 0.3202 MAE 0.3201 | best val 0.3126 (epoch 2, test 0.32009291098187437)
epoch 003 |  91.0s | train loss 0.3295 MAE 0.3294 | val loss 0.2963 MAE 0.2961 | test loss 0.3058 MAE 0.3057 | best val 0.2961 (epoch 3, test 0.3057022999420659)
epoch 004 |  89.6s | train loss 0.3170 MAE 0.3170 | val loss 0.3010 MAE 0.3009 | test loss 0.3096 MAE 0.3095 | best val 0.2961 (epoch 3, test 0.3057022999420659)
epoch 005 |  90.6s | train loss 0.3140 MAE 0.3139 | val loss 0.3264 MAE 0.3262 | test loss 0.3355 MAE 0.3355 | best val 0.2961 (epoch 3, test 0.3057022999420659)
epoch 006 |  92.9s | train loss 0.3097 MAE 0.3097 | val loss 0.2998 MAE 0.2996 | test loss 0.3076 MAE 0.3075 | best val 0.2961 (epoch 3, test 0.3057022999420659)
epoch 007 |  92.6s | train loss 0.3103 MAE 0.3103 | val loss 0.3093 MAE 0.3090 | test loss 0.3179 MAE 0.3178 | best val 0.2961 (epoch 3, test 0.3057022999420659)
epoch 008 |  92.4s | train loss 0.3186 MAE 0.3187 | val loss 0.2861 MAE 0.2859 | test loss 0.2968 MAE 0.2967 | best val 0.2859 (epoch 8, test 0.2967315067924316)
epoch 009 |  92.7s | train loss 0.3131 MAE 0.3131 | val loss 0.3204 MAE 0.3202 | test loss 0.3313 MAE 0.3311 | best val 0.2859 (epoch 8, test 0.2967315067924316)
epoch 010 |  92.6s | train loss 0.3110 MAE 0.3110 | val loss 0.2945 MAE 0.2942 | test loss 0.3022 MAE 0.3021 | best val 0.2859 (epoch 8, test 0.2967315067924316)
epoch 011 |  90.7s | train loss 0.3030 MAE 0.3030 | val loss 0.3022 MAE 0.3020 | test loss 0.3093 MAE 0.3092 | best val 0.2859 (epoch 8, test 0.2967315067924316)
epoch 012 |  92.1s | train loss 0.2990 MAE 0.2990 | val loss 0.2834 MAE 0.2832 | test loss 0.2905 MAE 0.2904 | best val 0.2832 (epoch 12, test 0.2903837164090869)
epoch 013 |  94.2s | train loss 0.2970 MAE 0.2970 | val loss 0.2822 MAE 0.2820 | test loss 0.2895 MAE 0.2894 | best val 0.2820 (epoch 13, test 0.2894253998618171)
epoch 014 |  94.1s | train loss 0.2941 MAE 0.2941 | val loss 0.2922 MAE 0.2920 | test loss 0.3003 MAE 0.3002 | best val 0.2820 (epoch 13, test 0.2894253998618171)
epoch 015 |  93.4s | train loss 0.2966 MAE 0.2966 | val loss 0.2949 MAE 0.2948 | test loss 0.3018 MAE 0.3017 | best val 0.2820 (epoch 13, test 0.2894253998618171)
epoch 016 |  93.6s | train loss 0.2937 MAE 0.2938 | val loss 0.2761 MAE 0.2760 | test loss 0.2826 MAE 0.2824 | best val 0.2760 (epoch 16, test 0.28244880500270353)
epoch 017 |  91.4s | train loss 0.2890 MAE 0.2890 | val loss 0.2735 MAE 0.2734 | test loss 0.2781 MAE 0.2780 | best val 0.2734 (epoch 17, test 0.2780146350012832)
epoch 018 |  92.1s | train loss 0.2914 MAE 0.2914 | val loss 0.2784 MAE 0.2783 | test loss 0.2860 MAE 0.2859 | best val 0.2734 (epoch 17, test 0.2780146350012832)
epoch 019 |  92.8s | train loss 0.2869 MAE 0.2869 | val loss 0.2770 MAE 0.2768 | test loss 0.2862 MAE 0.2861 | best val 0.2734 (epoch 17, test 0.2780146350012832)
epoch 020 |  92.0s | train loss 0.2881 MAE 0.2881 | val loss 0.2705 MAE 0.2704 | test loss 0.2774 MAE 0.2773 | best val 0.2704 (epoch 20, test 0.2772603660006047)
epoch 021 |  91.4s | train loss 0.2901 MAE 0.2901 | val loss 0.2744 MAE 0.2742 | test loss 0.2814 MAE 0.2813 | best val 0.2704 (epoch 20, test 0.2772603660006047)
epoch 022 |  95.4s | train loss 0.2838 MAE 0.2838 | val loss 0.2770 MAE 0.2769 | test loss 0.2828 MAE 0.2827 | best val 0.2704 (epoch 20, test 0.2772603660006047)
epoch 023 |  92.3s | train loss 0.2851 MAE 0.2851 | val loss 0.2674 MAE 0.2672 | test loss 0.2706 MAE 0.2704 | best val 0.2672 (epoch 23, test 0.27044641039436235)
epoch 024 |  93.1s | train loss 0.2848 MAE 0.2848 | val loss 0.2761 MAE 0.2759 | test loss 0.2802 MAE 0.2801 | best val 0.2672 (epoch 23, test 0.27044641039436235)
epoch 025 |  93.8s | train loss 0.2828 MAE 0.2828 | val loss 0.2788 MAE 0.2786 | test loss 0.2828 MAE 0.2826 | best val 0.2672 (epoch 23, test 0.27044641039436235)
epoch 026 |  92.1s | train loss 0.2851 MAE 0.2851 | val loss 0.2649 MAE 0.2647 | test loss 0.2708 MAE 0.2707 | best val 0.2647 (epoch 26, test 0.2707082122589381)
epoch 027 |  93.6s | train loss 0.2806 MAE 0.2806 | val loss 0.2635 MAE 0.2633 | test loss 0.2676 MAE 0.2674 | best val 0.2633 (epoch 27, test 0.26743946856127054)
epoch 028 |  92.1s | train loss 0.2804 MAE 0.2804 | val loss 0.2810 MAE 0.2809 | test loss 0.2915 MAE 0.2913 | best val 0.2633 (epoch 27, test 0.26743946856127054)
epoch 029 |  91.7s | train loss 0.2792 MAE 0.2793 | val loss 0.2666 MAE 0.2665 | test loss 0.2719 MAE 0.2717 | best val 0.2633 (epoch 27, test 0.26743946856127054)
epoch 030 |  92.4s | train loss 0.2807 MAE 0.2806 | val loss 0.2677 MAE 0.2675 | test loss 0.2753 MAE 0.2752 | best val 0.2633 (epoch 27, test 0.26743946856127054)
epoch 031 |  92.3s | train loss 0.2778 MAE 0.2778 | val loss 0.2747 MAE 0.2746 | test loss 0.2853 MAE 0.2852 | best val 0.2633 (epoch 27, test 0.26743946856127054)
epoch 032 |  92.5s | train loss 0.2782 MAE 0.2782 | val loss 0.2661 MAE 0.2659 | test loss 0.2732 MAE 0.2731 | best val 0.2633 (epoch 27, test 0.26743946856127054)
epoch 033 |  92.7s | train loss 0.2781 MAE 0.2781 | val loss 0.2710 MAE 0.2709 | test loss 0.2805 MAE 0.2804 | best val 0.2633 (epoch 27, test 0.26743946856127054)
epoch 034 |  93.1s | train loss 0.2752 MAE 0.2752 | val loss 0.2720 MAE 0.2718 | test loss 0.2831 MAE 0.2829 | best val 0.2633 (epoch 27, test 0.26743946856127054)
epoch 035 |  93.8s | train loss 0.2739 MAE 0.2739 | val loss 0.3288 MAE 0.3287 | test loss 0.3475 MAE 0.3472 | best val 0.2633 (epoch 27, test 0.26743946856127054)
epoch 036 |  93.2s | train loss 0.2754 MAE 0.2753 | val loss 0.2579 MAE 0.2577 | test loss 0.2649 MAE 0.2648 | best val 0.2577 (epoch 36, test 0.26478216799131654)
epoch 037 |  92.3s | train loss 0.2716 MAE 0.2716 | val loss 0.2625 MAE 0.2624 | test loss 0.2684 MAE 0.2683 | best val 0.2577 (epoch 36, test 0.26478216799131654)
epoch 038 |  92.1s | train loss 0.2728 MAE 0.2727 | val loss 0.2653 MAE 0.2652 | test loss 0.2743 MAE 0.2741 | best val 0.2577 (epoch 36, test 0.26478216799131654)
epoch 039 |  92.2s | train loss 0.2707 MAE 0.2708 | val loss 0.2682 MAE 0.2681 | test loss 0.2757 MAE 0.2755 | best val 0.2577 (epoch 36, test 0.26478216799131654)
epoch 040 |  93.8s | train loss 0.2711 MAE 0.2711 | val loss 0.2731 MAE 0.2730 | test loss 0.2830 MAE 0.2829 | best val 0.2577 (epoch 36, test 0.26478216799131654)
epoch 041 |  92.3s | train loss 0.2741 MAE 0.2741 | val loss 0.2688 MAE 0.2686 | test loss 0.2764 MAE 0.2762 | best val 0.2577 (epoch 36, test 0.26478216799131654)
epoch 042 |  91.3s | train loss 0.2718 MAE 0.2718 | val loss 0.2693 MAE 0.2692 | test loss 0.2752 MAE 0.2751 | best val 0.2577 (epoch 36, test 0.26478216799131654)
epoch 043 |  92.8s | train loss 0.2704 MAE 0.2704 | val loss 0.2664 MAE 0.2663 | test loss 0.2759 MAE 0.2757 | best val 0.2577 (epoch 36, test 0.26478216799131654)
epoch 044 |  92.5s | train loss 0.2697 MAE 0.2697 | val loss 0.2607 MAE 0.2606 | test loss 0.2663 MAE 0.2661 | best val 0.2577 (epoch 36, test 0.26478216799131654)
epoch 045 |  92.8s | train loss 0.2683 MAE 0.2683 | val loss 0.2602 MAE 0.2601 | test loss 0.2658 MAE 0.2657 | best val 0.2577 (epoch 36, test 0.26478216799131654)
epoch 046 |  92.5s | train loss 0.2686 MAE 0.2686 | val loss 0.2629 MAE 0.2627 | test loss 0.2691 MAE 0.2690 | best val 0.2577 (epoch 36, test 0.26478216799131654)
epoch 047 |  92.8s | train loss 0.2683 MAE 0.2683 | val loss 0.2788 MAE 0.2786 | test loss 0.2887 MAE 0.2885 | best val 0.2577 (epoch 36, test 0.26478216799131654)
epoch 048 |  92.4s | train loss 0.2684 MAE 0.2683 | val loss 0.2697 MAE 0.2695 | test loss 0.2783 MAE 0.2782 | best val 0.2577 (epoch 36, test 0.26478216799131654)
epoch 049 |  93.6s | train loss 0.2672 MAE 0.2672 | val loss 0.2699 MAE 0.2698 | test loss 0.2788 MAE 0.2786 | best val 0.2577 (epoch 36, test 0.26478216799131654)
epoch 050 |  93.8s | train loss 0.2668 MAE 0.2668 | val loss 0.2636 MAE 0.2635 | test loss 0.2699 MAE 0.2697 | best val 0.2577 (epoch 36, test 0.26478216799131654)
epoch 051 |  92.3s | train loss 0.2667 MAE 0.2667 | val loss 0.2726 MAE 0.2724 | test loss 0.2785 MAE 0.2783 | best val 0.2577 (epoch 36, test 0.26478216799131654)
epoch 052 |  92.4s | train loss 0.2674 MAE 0.2673 | val loss 0.2607 MAE 0.2605 | test loss 0.2669 MAE 0.2667 | best val 0.2577 (epoch 36, test 0.26478216799131654)
epoch 053 |  92.9s | train loss 0.2640 MAE 0.2640 | val loss 0.2661 MAE 0.2660 | test loss 0.2708 MAE 0.2707 | best val 0.2577 (epoch 36, test 0.26478216799131654)
epoch 054 |  92.3s | train loss 0.2641 MAE 0.2641 | val loss 0.2693 MAE 0.2692 | test loss 0.2782 MAE 0.2780 | best val 0.2577 (epoch 36, test 0.26478216799131654)
epoch 055 |  92.4s | train loss 0.2650 MAE 0.2650 | val loss 0.2545 MAE 0.2543 | test loss 0.2588 MAE 0.2586 | best val 0.2543 (epoch 55, test 0.25862689392930815)
epoch 056 |  92.5s | train loss 0.2640 MAE 0.2640 | val loss 0.2557 MAE 0.2556 | test loss 0.2605 MAE 0.2603 | best val 0.2543 (epoch 55, test 0.25862689392930815)
epoch 057 |  92.3s | train loss 0.2626 MAE 0.2626 | val loss 0.2635 MAE 0.2634 | test loss 0.2725 MAE 0.2724 | best val 0.2543 (epoch 55, test 0.25862689392930815)
epoch 058 |  92.2s | train loss 0.2652 MAE 0.2651 | val loss 0.2724 MAE 0.2723 | test loss 0.2833 MAE 0.2832 | best val 0.2543 (epoch 55, test 0.25862689392930815)
epoch 059 |  91.4s | train loss 0.2643 MAE 0.2644 | val loss 0.2642 MAE 0.2640 | test loss 0.2698 MAE 0.2697 | best val 0.2543 (epoch 55, test 0.25862689392930815)
epoch 060 |  92.5s | train loss 0.2620 MAE 0.2620 | val loss 0.2646 MAE 0.2644 | test loss 0.2730 MAE 0.2729 | best val 0.2543 (epoch 55, test 0.25862689392930815)
epoch 061 |  91.8s | train loss 0.2627 MAE 0.2627 | val loss 0.2686 MAE 0.2685 | test loss 0.2772 MAE 0.2770 | best val 0.2543 (epoch 55, test 0.25862689392930815)
epoch 062 |  92.7s | train loss 0.2619 MAE 0.2619 | val loss 0.2619 MAE 0.2617 | test loss 0.2687 MAE 0.2686 | best val 0.2543 (epoch 55, test 0.25862689392930815)
epoch 063 |  92.2s | train loss 0.2602 MAE 0.2602 | val loss 0.2641 MAE 0.2640 | test loss 0.2714 MAE 0.2712 | best val 0.2543 (epoch 55, test 0.25862689392930815)
epoch 064 |  92.6s | train loss 0.2593 MAE 0.2593 | val loss 0.2596 MAE 0.2595 | test loss 0.2657 MAE 0.2655 | best val 0.2543 (epoch 55, test 0.25862689392930815)
epoch 065 |  92.0s | train loss 0.2582 MAE 0.2581 | val loss 0.2653 MAE 0.2652 | test loss 0.2714 MAE 0.2712 | best val 0.2543 (epoch 55, test 0.25862689392930815)
epoch 066 |  93.3s | train loss 0.2590 MAE 0.2589 | val loss 0.2721 MAE 0.2720 | test loss 0.2786 MAE 0.2784 | best val 0.2543 (epoch 55, test 0.25862689392930815)
epoch 067 |  91.8s | train loss 0.2585 MAE 0.2585 | val loss 0.2715 MAE 0.2714 | test loss 0.2826 MAE 0.2824 | best val 0.2543 (epoch 55, test 0.25862689392930815)
epoch 068 |  93.7s | train loss 0.2577 MAE 0.2577 | val loss 0.2673 MAE 0.2672 | test loss 0.2742 MAE 0.2740 | best val 0.2543 (epoch 55, test 0.25862689392930815)
epoch 069 |  92.0s | train loss 0.2572 MAE 0.2572 | val loss 0.2728 MAE 0.2727 | test loss 0.2796 MAE 0.2795 | best val 0.2543 (epoch 55, test 0.25862689392930815)
epoch 070 |  93.3s | train loss 0.2579 MAE 0.2579 | val loss 0.2822 MAE 0.2821 | test loss 0.2902 MAE 0.2900 | best val 0.2543 (epoch 55, test 0.25862689392930815)
epoch 071 |  91.6s | train loss 0.2582 MAE 0.2582 | val loss 0.2574 MAE 0.2573 | test loss 0.2630 MAE 0.2629 | best val 0.2543 (epoch 55, test 0.25862689392930815)
epoch 072 |  92.5s | train loss 0.2559 MAE 0.2559 | val loss 0.2550 MAE 0.2549 | test loss 0.2577 MAE 0.2576 | best val 0.2543 (epoch 55, test 0.25862689392930815)
epoch 073 |  93.6s | train loss 0.2576 MAE 0.2577 | val loss 0.2640 MAE 0.2639 | test loss 0.2704 MAE 0.2703 | best val 0.2543 (epoch 55, test 0.25862689392930815)
epoch 074 |  93.5s | train loss 0.2555 MAE 0.2555 | val loss 0.2607 MAE 0.2607 | test loss 0.2688 MAE 0.2687 | best val 0.2543 (epoch 55, test 0.25862689392930815)
epoch 075 |  92.4s | train loss 0.2564 MAE 0.2565 | val loss 0.2616 MAE 0.2615 | test loss 0.2660 MAE 0.2659 | best val 0.2543 (epoch 55, test 0.25862689392930815)
epoch 076 |  91.3s | train loss 0.2543 MAE 0.2543 | val loss 0.2603 MAE 0.2602 | test loss 0.2646 MAE 0.2644 | best val 0.2543 (epoch 55, test 0.25862689392930815)
epoch 077 |  91.3s | train loss 0.2550 MAE 0.2550 | val loss 0.2678 MAE 0.2676 | test loss 0.2762 MAE 0.2761 | best val 0.2543 (epoch 55, test 0.25862689392930815)
epoch 078 |  92.5s | train loss 0.2544 MAE 0.2544 | val loss 0.2593 MAE 0.2592 | test loss 0.2627 MAE 0.2626 | best val 0.2543 (epoch 55, test 0.25862689392930815)
epoch 079 |  91.5s | train loss 0.2536 MAE 0.2535 | val loss 0.2542 MAE 0.2541 | test loss 0.2563 MAE 0.2562 | best val 0.2541 (epoch 79, test 0.25617910236731767)
epoch 080 |  91.5s | train loss 0.2516 MAE 0.2516 | val loss 0.2585 MAE 0.2585 | test loss 0.2604 MAE 0.2602 | best val 0.2541 (epoch 79, test 0.25617910236731767)
epoch 081 |  93.2s | train loss 0.2533 MAE 0.2533 | val loss 0.2608 MAE 0.2608 | test loss 0.2627 MAE 0.2625 | best val 0.2541 (epoch 79, test 0.25617910236731767)
epoch 082 |  92.5s | train loss 0.2521 MAE 0.2522 | val loss 0.2594 MAE 0.2593 | test loss 0.2663 MAE 0.2662 | best val 0.2541 (epoch 79, test 0.25617910236731767)
epoch 083 |  93.4s | train loss 0.2535 MAE 0.2535 | val loss 0.2584 MAE 0.2582 | test loss 0.2644 MAE 0.2642 | best val 0.2541 (epoch 79, test 0.25617910236731767)
epoch 084 |  93.4s | train loss 0.2497 MAE 0.2497 | val loss 0.2529 MAE 0.2527 | test loss 0.2565 MAE 0.2564 | best val 0.2527 (epoch 84, test 0.2563848966754758)
epoch 085 |  92.8s | train loss 0.2519 MAE 0.2519 | val loss 0.2538 MAE 0.2537 | test loss 0.2579 MAE 0.2577 | best val 0.2527 (epoch 84, test 0.2563848966754758)
epoch 086 |  92.6s | train loss 0.2494 MAE 0.2494 | val loss 0.2713 MAE 0.2712 | test loss 0.2818 MAE 0.2817 | best val 0.2527 (epoch 84, test 0.2563848966754758)
epoch 087 |  92.3s | train loss 0.2495 MAE 0.2496 | val loss 0.2548 MAE 0.2547 | test loss 0.2617 MAE 0.2616 | best val 0.2527 (epoch 84, test 0.2563848966754758)
epoch 088 |  93.0s | train loss 0.2484 MAE 0.2484 | val loss 0.2548 MAE 0.2548 | test loss 0.2595 MAE 0.2593 | best val 0.2527 (epoch 84, test 0.2563848966754758)
epoch 089 |  92.1s | train loss 0.2490 MAE 0.2490 | val loss 0.2729 MAE 0.2728 | test loss 0.2809 MAE 0.2808 | best val 0.2527 (epoch 84, test 0.2563848966754758)
epoch 090 |  92.5s | train loss 0.2505 MAE 0.2504 | val loss 0.2676 MAE 0.2676 | test loss 0.2749 MAE 0.2748 | best val 0.2527 (epoch 84, test 0.2563848966754758)
epoch 091 |  92.2s | train loss 0.2496 MAE 0.2495 | val loss 0.2587 MAE 0.2587 | test loss 0.2618 MAE 0.2616 | best val 0.2527 (epoch 84, test 0.2563848966754758)
epoch 092 |  92.5s | train loss 0.2460 MAE 0.2460 | val loss 0.2561 MAE 0.2560 | test loss 0.2615 MAE 0.2614 | best val 0.2527 (epoch 84, test 0.2563848966754758)
epoch 093 |  91.8s | train loss 0.2469 MAE 0.2469 | val loss 0.2503 MAE 0.2503 | test loss 0.2555 MAE 0.2554 | best val 0.2503 (epoch 93, test 0.2553975666253996)
epoch 094 |  93.0s | train loss 0.2472 MAE 0.2472 | val loss 0.2610 MAE 0.2610 | test loss 0.2701 MAE 0.2700 | best val 0.2503 (epoch 93, test 0.2553975666253996)
epoch 095 |  92.8s | train loss 0.2447 MAE 0.2447 | val loss 0.2672 MAE 0.2672 | test loss 0.2751 MAE 0.2750 | best val 0.2503 (epoch 93, test 0.2553975666253996)
epoch 096 |  91.8s | train loss 0.2484 MAE 0.2483 | val loss 0.2693 MAE 0.2691 | test loss 0.2778 MAE 0.2777 | best val 0.2503 (epoch 93, test 0.2553975666253996)
epoch 097 |  91.3s | train loss 0.2445 MAE 0.2445 | val loss 0.2538 MAE 0.2538 | test loss 0.2604 MAE 0.2602 | best val 0.2503 (epoch 93, test 0.2553975666253996)
epoch 098 |  93.8s | train loss 0.2425 MAE 0.2425 | val loss 0.2633 MAE 0.2631 | test loss 0.2699 MAE 0.2698 | best val 0.2503 (epoch 93, test 0.2553975666253996)
epoch 099 |  93.2s | train loss 0.2439 MAE 0.2439 | val loss 0.2659 MAE 0.2659 | test loss 0.2776 MAE 0.2775 | best val 0.2503 (epoch 93, test 0.2553975666253996)
epoch 100 |  93.5s | train loss 0.2443 MAE 0.2443 | val loss 0.2677 MAE 0.2676 | test loss 0.2757 MAE 0.2756 | best val 0.2503 (epoch 93, test 0.2553975666253996)
epoch 101 |  92.0s | train loss 0.2420 MAE 0.2419 | val loss 0.2576 MAE 0.2575 | test loss 0.2575 MAE 0.2574 | best val 0.2503 (epoch 93, test 0.2553975666253996)
epoch 102 |  93.0s | train loss 0.2419 MAE 0.2419 | val loss 0.2626 MAE 0.2625 | test loss 0.2722 MAE 0.2721 | best val 0.2503 (epoch 93, test 0.2553975666253996)
epoch 103 |  93.0s | train loss 0.2410 MAE 0.2410 | val loss 0.2663 MAE 0.2661 | test loss 0.2738 MAE 0.2737 | best val 0.2503 (epoch 93, test 0.2553975666253996)
epoch 104 |  92.2s | train loss 0.2415 MAE 0.2414 | val loss 0.2598 MAE 0.2597 | test loss 0.2686 MAE 0.2685 | best val 0.2503 (epoch 93, test 0.2553975666253996)
epoch 105 |  92.6s | train loss 0.2398 MAE 0.2398 | val loss 0.2663 MAE 0.2662 | test loss 0.2737 MAE 0.2736 | best val 0.2503 (epoch 93, test 0.2553975666253996)
epoch 106 |  92.8s | train loss 0.2403 MAE 0.2403 | val loss 0.2568 MAE 0.2567 | test loss 0.2639 MAE 0.2638 | best val 0.2503 (epoch 93, test 0.2553975666253996)
epoch 107 |  93.6s | train loss 0.2405 MAE 0.2405 | val loss 0.2580 MAE 0.2579 | test loss 0.2671 MAE 0.2669 | best val 0.2503 (epoch 93, test 0.2553975666253996)
epoch 108 |  92.3s | train loss 0.2415 MAE 0.2415 | val loss 0.2613 MAE 0.2612 | test loss 0.2696 MAE 0.2695 | best val 0.2503 (epoch 93, test 0.2553975666253996)
epoch 109 |  92.4s | train loss 0.2385 MAE 0.2385 | val loss 0.2615 MAE 0.2614 | test loss 0.2698 MAE 0.2696 | best val 0.2503 (epoch 93, test 0.2553975666253996)
epoch 110 |  93.0s | train loss 0.2384 MAE 0.2384 | val loss 0.2472 MAE 0.2471 | test loss 0.2511 MAE 0.2510 | best val 0.2471 (epoch 110, test 0.2509592303062355)
epoch 111 |  92.5s | train loss 0.2374 MAE 0.2373 | val loss 0.2609 MAE 0.2608 | test loss 0.2670 MAE 0.2668 | best val 0.2471 (epoch 110, test 0.2509592303062355)
epoch 112 |  93.4s | train loss 0.2390 MAE 0.2391 | val loss 0.2610 MAE 0.2609 | test loss 0.2686 MAE 0.2685 | best val 0.2471 (epoch 110, test 0.2509592303062355)
epoch 113 |  92.8s | train loss 0.2372 MAE 0.2372 | val loss 0.2583 MAE 0.2581 | test loss 0.2641 MAE 0.2640 | best val 0.2471 (epoch 110, test 0.2509592303062355)
epoch 114 |  92.4s | train loss 0.2376 MAE 0.2376 | val loss 0.2619 MAE 0.2617 | test loss 0.2652 MAE 0.2651 | best val 0.2471 (epoch 110, test 0.2509592303062355)
epoch 115 |  91.9s | train loss 0.2358 MAE 0.2357 | val loss 0.2634 MAE 0.2633 | test loss 0.2692 MAE 0.2690 | best val 0.2471 (epoch 110, test 0.2509592303062355)
epoch 116 |  92.0s | train loss 0.2367 MAE 0.2367 | val loss 0.2680 MAE 0.2678 | test loss 0.2769 MAE 0.2767 | best val 0.2471 (epoch 110, test 0.2509592303062355)
epoch 117 |  91.9s | train loss 0.2362 MAE 0.2362 | val loss 0.2581 MAE 0.2580 | test loss 0.2632 MAE 0.2631 | best val 0.2471 (epoch 110, test 0.2509592303062355)
epoch 118 |  93.1s | train loss 0.2342 MAE 0.2342 | val loss 0.2525 MAE 0.2524 | test loss 0.2577 MAE 0.2576 | best val 0.2471 (epoch 110, test 0.2509592303062355)
epoch 119 |  92.0s | train loss 0.2352 MAE 0.2352 | val loss 0.2589 MAE 0.2588 | test loss 0.2652 MAE 0.2651 | best val 0.2471 (epoch 110, test 0.2509592303062355)
epoch 120 |  92.2s | train loss 0.2340 MAE 0.2340 | val loss 0.2520 MAE 0.2519 | test loss 0.2559 MAE 0.2557 | best val 0.2471 (epoch 110, test 0.2509592303062355)
epoch 121 |  91.8s | train loss 0.2349 MAE 0.2349 | val loss 0.2681 MAE 0.2679 | test loss 0.2722 MAE 0.2721 | best val 0.2471 (epoch 110, test 0.2509592303062355)
epoch 122 |  92.3s | train loss 0.2336 MAE 0.2336 | val loss 0.2686 MAE 0.2685 | test loss 0.2711 MAE 0.2710 | best val 0.2471 (epoch 110, test 0.2509592303062355)
epoch 123 |  92.6s | train loss 0.2343 MAE 0.2343 | val loss 0.2553 MAE 0.2552 | test loss 0.2567 MAE 0.2565 | best val 0.2471 (epoch 110, test 0.2509592303062355)
epoch 124 |  92.2s | train loss 0.2317 MAE 0.2317 | val loss 0.2590 MAE 0.2589 | test loss 0.2625 MAE 0.2624 | best val 0.2471 (epoch 110, test 0.2509592303062355)
epoch 125 |  92.9s | train loss 0.2325 MAE 0.2325 | val loss 0.2579 MAE 0.2578 | test loss 0.2611 MAE 0.2609 | best val 0.2471 (epoch 110, test 0.2509592303062355)
epoch 126 |  93.1s | train loss 0.2312 MAE 0.2311 | val loss 0.2557 MAE 0.2557 | test loss 0.2592 MAE 0.2590 | best val 0.2471 (epoch 110, test 0.2509592303062355)
epoch 127 |  92.5s | train loss 0.2318 MAE 0.2318 | val loss 0.2558 MAE 0.2557 | test loss 0.2586 MAE 0.2584 | best val 0.2471 (epoch 110, test 0.2509592303062355)
epoch 128 |  91.4s | train loss 0.2300 MAE 0.2300 | val loss 0.2519 MAE 0.2519 | test loss 0.2544 MAE 0.2542 | best val 0.2471 (epoch 110, test 0.2509592303062355)
epoch 129 |  91.5s | train loss 0.2303 MAE 0.2303 | val loss 0.2499 MAE 0.2498 | test loss 0.2517 MAE 0.2516 | best val 0.2471 (epoch 110, test 0.2509592303062355)
epoch 130 |  91.1s | train loss 0.2303 MAE 0.2303 | val loss 0.2629 MAE 0.2628 | test loss 0.2674 MAE 0.2672 | best val 0.2471 (epoch 110, test 0.2509592303062355)
epoch 131 |  91.7s | train loss 0.2292 MAE 0.2292 | val loss 0.2584 MAE 0.2583 | test loss 0.2633 MAE 0.2632 | best val 0.2471 (epoch 110, test 0.2509592303062355)
epoch 132 |  92.1s | train loss 0.2291 MAE 0.2291 | val loss 0.2528 MAE 0.2527 | test loss 0.2526 MAE 0.2525 | best val 0.2471 (epoch 110, test 0.2509592303062355)
epoch 133 |  91.7s | train loss 0.2292 MAE 0.2292 | val loss 0.2543 MAE 0.2542 | test loss 0.2565 MAE 0.2563 | best val 0.2471 (epoch 110, test 0.2509592303062355)
epoch 134 |  92.4s | train loss 0.2276 MAE 0.2277 | val loss 0.2605 MAE 0.2604 | test loss 0.2629 MAE 0.2628 | best val 0.2471 (epoch 110, test 0.2509592303062355)
epoch 135 |  92.7s | train loss 0.2263 MAE 0.2264 | val loss 0.2496 MAE 0.2495 | test loss 0.2538 MAE 0.2537 | best val 0.2471 (epoch 110, test 0.2509592303062355)
epoch 136 |  92.3s | train loss 0.2260 MAE 0.2260 | val loss 0.2596 MAE 0.2595 | test loss 0.2619 MAE 0.2618 | best val 0.2471 (epoch 110, test 0.2509592303062355)
epoch 137 |  91.3s | train loss 0.2272 MAE 0.2272 | val loss 0.2663 MAE 0.2662 | test loss 0.2701 MAE 0.2700 | best val 0.2471 (epoch 110, test 0.2509592303062355)
epoch 138 |  92.9s | train loss 0.2265 MAE 0.2265 | val loss 0.2581 MAE 0.2581 | test loss 0.2599 MAE 0.2597 | best val 0.2471 (epoch 110, test 0.2509592303062355)
epoch 139 |  93.4s | train loss 0.2267 MAE 0.2267 | val loss 0.2623 MAE 0.2622 | test loss 0.2652 MAE 0.2650 | best val 0.2471 (epoch 110, test 0.2509592303062355)
epoch 140 |  91.6s | train loss 0.2259 MAE 0.2259 | val loss 0.2569 MAE 0.2568 | test loss 0.2583 MAE 0.2582 | best val 0.2471 (epoch 110, test 0.2509592303062355)
epoch 141 |  93.6s | train loss 0.2248 MAE 0.2248 | val loss 0.2602 MAE 0.2601 | test loss 0.2607 MAE 0.2606 | best val 0.2471 (epoch 110, test 0.2509592303062355)
epoch 142 |  92.3s | train loss 0.2254 MAE 0.2255 | val loss 0.2546 MAE 0.2545 | test loss 0.2560 MAE 0.2559 | best val 0.2471 (epoch 110, test 0.2509592303062355)
epoch 143 |  92.7s | train loss 0.2241 MAE 0.2241 | val loss 0.2533 MAE 0.2532 | test loss 0.2550 MAE 0.2549 | best val 0.2471 (epoch 110, test 0.2509592303062355)
epoch 144 |  93.0s | train loss 0.2247 MAE 0.2247 | val loss 0.2624 MAE 0.2623 | test loss 0.2658 MAE 0.2657 | best val 0.2471 (epoch 110, test 0.2509592303062355)
epoch 145 |  93.3s | train loss 0.2237 MAE 0.2238 | val loss 0.2564 MAE 0.2563 | test loss 0.2600 MAE 0.2599 | best val 0.2471 (epoch 110, test 0.2509592303062355)
epoch 146 |  92.6s | train loss 0.2214 MAE 0.2214 | val loss 0.2637 MAE 0.2636 | test loss 0.2664 MAE 0.2663 | best val 0.2471 (epoch 110, test 0.2509592303062355)
epoch 147 |  92.2s | train loss 0.2235 MAE 0.2234 | val loss 0.2591 MAE 0.2589 | test loss 0.2607 MAE 0.2606 | best val 0.2471 (epoch 110, test 0.2509592303062355)
epoch 148 |  91.6s | train loss 0.2228 MAE 0.2228 | val loss 0.2555 MAE 0.2554 | test loss 0.2563 MAE 0.2561 | best val 0.2471 (epoch 110, test 0.2509592303062355)
epoch 149 |  92.7s | train loss 0.2229 MAE 0.2229 | val loss 0.2526 MAE 0.2525 | test loss 0.2545 MAE 0.2543 | best val 0.2471 (epoch 110, test 0.2509592303062355)
epoch 150 |  92.2s | train loss 0.2221 MAE 0.2221 | val loss 0.2542 MAE 0.2541 | test loss 0.2550 MAE 0.2548 | best val 0.2471 (epoch 110, test 0.2509592303062355)
early stopping at epoch 150 (no val improvement in 40 epochs)
BEST: val MAE 0.2471 | test MAE 0.2510 (epoch 110)
