/home1/sajan_rg/.local/lib/python3.13/site-packages/outdated/__init__.py:36: UserWarning: pkg_resources is deprecated as an API. See https://setuptools.pypa.io/en/latest/pkg_resources.html. The pkg_resources package is slated for removal as early as 2025-11-30. Refrain from using this package or pin to Setuptools<81.
  from pkg_resources import parse_version
Saved code snapshot to checkpoints_indist_vanilla/code_snapshot.zip
============================================================
PHASE 1: Pretrain Full Transformer (Baseline)
  Backbone: vanilla_gt
============================================================
  Parameters: 6,472,330
Epoch   1/500 [24.1s mem=22920MB] | train_loss=0.3757 train_AP=0.1755 | val_loss=0.3472 val_AP=0.2567
  -> New best val AP=0.2567, saved
Epoch   2/500 [23.8s mem=22916MB] | train_loss=0.3266 train_AP=0.2751 | val_loss=0.3163 val_AP=0.3327
  -> New best val AP=0.3327, saved
Epoch   3/500 [23.1s mem=22919MB] | train_loss=0.3064 train_AP=0.3250 | val_loss=0.3030 val_AP=0.3603
  -> New best val AP=0.3603, saved
Epoch   4/500 [24.0s mem=22919MB] | train_loss=0.2995 train_AP=0.3398 | val_loss=0.2982 val_AP=0.3665
  -> New best val AP=0.3665, saved
Epoch   5/500 [24.5s mem=22918MB] | train_loss=0.2899 train_AP=0.3665 | val_loss=0.2827 val_AP=0.4068
  -> New best val AP=0.4068, saved
Epoch   6/500 [23.6s mem=22917MB] | train_loss=0.2865 train_AP=0.3753 | val_loss=0.2853 val_AP=0.3984
Epoch   7/500 [23.6s mem=22917MB] | train_loss=0.2804 train_AP=0.3942 | val_loss=0.2957 val_AP=0.3893
Epoch   8/500 [23.3s mem=22918MB] | train_loss=0.2810 train_AP=0.3926 | val_loss=0.2847 val_AP=0.4118
  -> New best val AP=0.4118, saved
Epoch   9/500 [23.4s mem=22920MB] | train_loss=0.2746 train_AP=0.4183 | val_loss=0.2875 val_AP=0.4164
  -> New best val AP=0.4164, saved
Epoch  10/500 [23.5s mem=22085MB] | train_loss=0.2709 train_AP=0.4189 | val_loss=0.2857 val_AP=0.4157 | test_AP=0.3910
Epoch  11/500 [23.2s mem=22919MB] | train_loss=0.2699 train_AP=0.4252 | val_loss=0.2641 val_AP=0.4602
  -> New best val AP=0.4602, saved
Epoch  12/500 [23.5s mem=22917MB] | train_loss=0.2683 train_AP=0.4281 | val_loss=0.2682 val_AP=0.4445
Epoch  13/500 [23.2s mem=22918MB] | train_loss=0.2665 train_AP=0.4357 | val_loss=0.2640 val_AP=0.4583
Epoch  14/500 [24.4s mem=22921MB] | train_loss=0.2625 train_AP=0.4434 | val_loss=0.2753 val_AP=0.4478
Epoch  15/500 [23.8s mem=22919MB] | train_loss=0.2640 train_AP=0.4438 | val_loss=0.2623 val_AP=0.4654
  -> New best val AP=0.4654, saved
Epoch  16/500 [23.4s mem=22917MB] | train_loss=0.2602 train_AP=0.4510 | val_loss=0.2801 val_AP=0.4205
Epoch  17/500 [23.3s mem=22917MB] | train_loss=0.2591 train_AP=0.4522 | val_loss=0.2824 val_AP=0.4371
Epoch  18/500 [23.7s mem=22919MB] | train_loss=0.2579 train_AP=0.4628 | val_loss=0.2811 val_AP=0.4330
Epoch  19/500 [23.7s mem=22918MB] | train_loss=0.2560 train_AP=0.4678 | val_loss=0.2679 val_AP=0.4628
Epoch  20/500 [24.2s mem=22920MB] | train_loss=0.2561 train_AP=0.4659 | val_loss=0.2801 val_AP=0.4578 | test_AP=0.4478
Epoch  21/500 [23.2s mem=22915MB] | train_loss=0.2548 train_AP=0.4697 | val_loss=0.2659 val_AP=0.4764
  -> New best val AP=0.4764, saved
Epoch  22/500 [23.1s mem=22919MB] | train_loss=0.2520 train_AP=0.4763 | val_loss=0.2536 val_AP=0.4917
  -> New best val AP=0.4917, saved
Epoch  23/500 [23.6s mem=22919MB] | train_loss=0.2525 train_AP=0.4797 | val_loss=0.2608 val_AP=0.4699
Epoch  24/500 [23.9s mem=22919MB] | train_loss=0.2505 train_AP=0.4817 | val_loss=0.2707 val_AP=0.4643
Epoch  25/500 [24.0s mem=22921MB] | train_loss=0.2504 train_AP=0.4837 | val_loss=0.2756 val_AP=0.4736
Epoch  26/500 [23.2s mem=22919MB] | train_loss=0.2508 train_AP=0.4841 | val_loss=0.2722 val_AP=0.4594
Epoch  27/500 [23.9s mem=22920MB] | train_loss=0.2461 train_AP=0.4990 | val_loss=0.2660 val_AP=0.4770
Epoch  28/500 [23.8s mem=22920MB] | train_loss=0.2522 train_AP=0.4781 | val_loss=0.2668 val_AP=0.4752
Epoch  29/500 [23.4s mem=22917MB] | train_loss=0.2478 train_AP=0.4909 | val_loss=0.2651 val_AP=0.4726
Epoch  30/500 [24.4s mem=22919MB] | train_loss=0.2481 train_AP=0.4943 | val_loss=0.2675 val_AP=0.4913 | test_AP=0.4873
Epoch  31/500 [23.6s mem=22915MB] | train_loss=0.2450 train_AP=0.5002 | val_loss=0.3071 val_AP=0.4674
Epoch  32/500 [23.3s mem=22918MB] | train_loss=0.2430 train_AP=0.5099 | val_loss=0.2659 val_AP=0.4949
  -> New best val AP=0.4949, saved
Epoch  33/500 [24.3s mem=22917MB] | train_loss=0.2400 train_AP=0.5151 | val_loss=0.2479 val_AP=0.5278
  -> New best val AP=0.5278, saved
Epoch  34/500 [23.3s mem=22919MB] | train_loss=0.2418 train_AP=0.5096 | val_loss=0.2683 val_AP=0.4946
Epoch  35/500 [23.6s mem=22918MB] | train_loss=0.2423 train_AP=0.5113 | val_loss=0.2599 val_AP=0.4961
Epoch  36/500 [23.8s mem=22917MB] | train_loss=0.2434 train_AP=0.5024 | val_loss=0.2529 val_AP=0.5068
Epoch  37/500 [23.9s mem=22915MB] | train_loss=0.2409 train_AP=0.5138 | val_loss=0.2796 val_AP=0.4898
Epoch  38/500 [24.4s mem=22919MB] | train_loss=0.2429 train_AP=0.5113 | val_loss=0.2523 val_AP=0.5030
Epoch  39/500 [23.4s mem=22918MB] | train_loss=0.2392 train_AP=0.5211 | val_loss=0.2537 val_AP=0.5124
Epoch  40/500 [23.0s mem=22919MB] | train_loss=0.2372 train_AP=0.5297 | val_loss=0.2628 val_AP=0.5080 | test_AP=0.4844
Epoch  41/500 [24.8s mem=22917MB] | train_loss=0.2308 train_AP=0.5446 | val_loss=0.2457 val_AP=0.5039
Epoch  42/500 [23.7s mem=22917MB] | train_loss=0.2325 train_AP=0.5397 | val_loss=0.2492 val_AP=0.5206
Epoch  43/500 [25.0s mem=22917MB] | train_loss=0.2314 train_AP=0.5404 | val_loss=0.2579 val_AP=0.5153
Epoch  44/500 [23.6s mem=22916MB] | train_loss=0.2276 train_AP=0.5582 | val_loss=0.2528 val_AP=0.5143
Epoch  45/500 [23.3s mem=22916MB] | train_loss=0.2307 train_AP=0.5459 | val_loss=0.2601 val_AP=0.5296
  -> New best val AP=0.5296, saved
Epoch  46/500 [23.9s mem=22918MB] | train_loss=0.2280 train_AP=0.5532 | val_loss=0.2434 val_AP=0.5486
  -> New best val AP=0.5486, saved
Epoch  47/500 [24.1s mem=22918MB] | train_loss=0.2253 train_AP=0.5578 | val_loss=0.2432 val_AP=0.5461
Epoch  48/500 [23.6s mem=22919MB] | train_loss=0.2262 train_AP=0.5629 | val_loss=0.2496 val_AP=0.5252
Epoch  49/500 [23.9s mem=22919MB] | train_loss=0.2279 train_AP=0.5580 | val_loss=0.2748 val_AP=0.4974
Epoch  50/500 [23.6s mem=22918MB] | train_loss=0.2261 train_AP=0.5571 | val_loss=0.2421 val_AP=0.5388 | test_AP=0.5042
Epoch  51/500 [23.9s mem=22919MB] | train_loss=0.2240 train_AP=0.5656 | val_loss=0.2494 val_AP=0.5380
Epoch  52/500 [23.5s mem=22918MB] | train_loss=0.2189 train_AP=0.5854 | val_loss=0.2416 val_AP=0.5563
  -> New best val AP=0.5563, saved
Epoch  53/500 [23.0s mem=22921MB] | train_loss=0.2171 train_AP=0.5865 | val_loss=0.2507 val_AP=0.5503
Epoch  54/500 [24.6s mem=22918MB] | train_loss=0.2164 train_AP=0.5874 | val_loss=0.2452 val_AP=0.5648
  -> New best val AP=0.5648, saved
Epoch  55/500 [23.3s mem=22917MB] | train_loss=0.2153 train_AP=0.5896 | val_loss=0.2424 val_AP=0.5515
Epoch  56/500 [23.9s mem=22919MB] | train_loss=0.2171 train_AP=0.5923 | val_loss=0.2508 val_AP=0.5555
Epoch  57/500 [23.9s mem=22919MB] | train_loss=0.2167 train_AP=0.5871 | val_loss=0.2451 val_AP=0.5626
Epoch  58/500 [24.3s mem=22919MB] | train_loss=0.2147 train_AP=0.5967 | val_loss=0.2402 val_AP=0.5659
  -> New best val AP=0.5659, saved
Epoch  59/500 [23.2s mem=22919MB] | train_loss=0.2143 train_AP=0.6002 | val_loss=0.2526 val_AP=0.5406
Epoch  60/500 [24.2s mem=22919MB] | train_loss=0.2112 train_AP=0.6110 | val_loss=0.2446 val_AP=0.5553 | test_AP=0.5294
Epoch  61/500 [23.9s mem=22918MB] | train_loss=0.2133 train_AP=0.6053 | val_loss=0.2634 val_AP=0.5359
Epoch  62/500 [24.0s mem=22919MB] | train_loss=0.2113 train_AP=0.6074 | val_loss=0.2501 val_AP=0.5478
Epoch  63/500 [24.6s mem=22917MB] | train_loss=0.2074 train_AP=0.6202 | val_loss=0.2648 val_AP=0.5336
Epoch  64/500 [23.7s mem=22921MB] | train_loss=0.2038 train_AP=0.6255 | val_loss=0.2508 val_AP=0.5520
Epoch  65/500 [24.1s mem=22920MB] | train_loss=0.2079 train_AP=0.6151 | val_loss=0.2503 val_AP=0.5507
Epoch  66/500 [24.1s mem=22917MB] | train_loss=0.2098 train_AP=0.6125 | val_loss=0.2474 val_AP=0.5591
Epoch  67/500 [24.3s mem=22919MB] | train_loss=0.2031 train_AP=0.6278 | val_loss=0.2412 val_AP=0.5671
  -> New best val AP=0.5671, saved
Epoch  68/500 [23.2s mem=22922MB] | train_loss=0.1990 train_AP=0.6370 | val_loss=0.2615 val_AP=0.5535
Epoch  69/500 [24.5s mem=22916MB] | train_loss=0.1988 train_AP=0.6435 | val_loss=0.2490 val_AP=0.5687
  -> New best val AP=0.5687, saved
Epoch  70/500 [23.7s mem=22917MB] | train_loss=0.1978 train_AP=0.6483 | val_loss=0.2585 val_AP=0.5494 | test_AP=0.5343
Epoch  71/500 [22.9s mem=22916MB] | train_loss=0.1962 train_AP=0.6490 | val_loss=0.2623 val_AP=0.5615
Epoch  72/500 [23.1s mem=22918MB] | train_loss=0.1920 train_AP=0.6573 | val_loss=0.2585 val_AP=0.5616
Epoch  73/500 [23.8s mem=22918MB] | train_loss=0.1929 train_AP=0.6600 | val_loss=0.2681 val_AP=0.5410
Epoch  74/500 [24.1s mem=22920MB] | train_loss=0.1908 train_AP=0.6634 | val_loss=0.2405 val_AP=0.5708
  -> New best val AP=0.5708, saved
Epoch  75/500 [23.3s mem=22083MB] | train_loss=0.1889 train_AP=0.6712 | val_loss=0.2660 val_AP=0.5523
Epoch  76/500 [23.8s mem=22919MB] | train_loss=0.1901 train_AP=0.6598 | val_loss=0.2549 val_AP=0.5499
Epoch  77/500 [24.6s mem=22917MB] | train_loss=0.1869 train_AP=0.6757 | val_loss=0.2617 val_AP=0.5554
Epoch  78/500 [24.9s mem=22917MB] | train_loss=0.1846 train_AP=0.6779 | val_loss=0.2659 val_AP=0.5456
Epoch  79/500 [23.1s mem=22920MB] | train_loss=0.1859 train_AP=0.6756 | val_loss=0.2579 val_AP=0.5702
Epoch  80/500 [23.4s mem=22920MB] | train_loss=0.1828 train_AP=0.6830 | val_loss=0.2633 val_AP=0.5715 | test_AP=0.5506
  -> New best val AP=0.5715, saved
Epoch  81/500 [23.3s mem=22918MB] | train_loss=0.1796 train_AP=0.6889 | val_loss=0.2587 val_AP=0.5757
  -> New best val AP=0.5757, saved
Epoch  82/500 [23.9s mem=22916MB] | train_loss=0.1799 train_AP=0.6913 | val_loss=0.2527 val_AP=0.5843
  -> New best val AP=0.5843, saved
Epoch  83/500 [23.5s mem=22919MB] | train_loss=0.1767 train_AP=0.6981 | val_loss=0.2661 val_AP=0.5756
Epoch  84/500 [24.2s mem=22919MB] | train_loss=0.1707 train_AP=0.7135 | val_loss=0.2747 val_AP=0.5693
Epoch  85/500 [23.5s mem=22918MB] | train_loss=0.1735 train_AP=0.7098 | val_loss=0.2510 val_AP=0.5779
Epoch  86/500 [23.6s mem=22918MB] | train_loss=0.1757 train_AP=0.7060 | val_loss=0.2735 val_AP=0.5556
Epoch  87/500 [24.1s mem=22917MB] | train_loss=0.1687 train_AP=0.7178 | val_loss=0.2567 val_AP=0.5804
Epoch  88/500 [23.8s mem=22920MB] | train_loss=0.1703 train_AP=0.7158 | val_loss=0.2673 val_AP=0.5800
Epoch  89/500 [24.0s mem=22916MB] | train_loss=0.1691 train_AP=0.7208 | val_loss=0.2715 val_AP=0.5596
Epoch  90/500 [23.0s mem=22919MB] | train_loss=0.1701 train_AP=0.7171 | val_loss=0.2767 val_AP=0.5662 | test_AP=0.5458
Epoch  91/500 [23.3s mem=22920MB] | train_loss=0.1673 train_AP=0.7225 | val_loss=0.2803 val_AP=0.5707
Epoch  92/500 [24.2s mem=22919MB] | train_loss=0.1630 train_AP=0.7378 | val_loss=0.2743 val_AP=0.5680
Epoch  93/500 [23.2s mem=22919MB] | train_loss=0.1597 train_AP=0.7406 | val_loss=0.2674 val_AP=0.5786
Epoch  94/500 [23.5s mem=22916MB] | train_loss=0.1628 train_AP=0.7397 | val_loss=0.2498 val_AP=0.5921
  -> New best val AP=0.5921, saved
Epoch  95/500 [24.0s mem=22918MB] | train_loss=0.1560 train_AP=0.7532 | val_loss=0.2717 val_AP=0.5783
Epoch  96/500 [23.1s mem=22916MB] | train_loss=0.1537 train_AP=0.7573 | val_loss=0.2715 val_AP=0.5787
Epoch  97/500 [23.2s mem=22917MB] | train_loss=0.1499 train_AP=0.7613 | val_loss=0.2893 val_AP=0.5710
Epoch  98/500 [24.0s mem=22919MB] | train_loss=0.1534 train_AP=0.7598 | val_loss=0.2816 val_AP=0.5784
Epoch  99/500 [23.5s mem=22918MB] | train_loss=0.1495 train_AP=0.7641 | val_loss=0.2902 val_AP=0.5724
Epoch 100/500 [24.0s mem=22919MB] | train_loss=0.1481 train_AP=0.7683 | val_loss=0.2952 val_AP=0.5720 | test_AP=0.5735
Epoch 101/500 [23.4s mem=22917MB] | train_loss=0.1496 train_AP=0.7653 | val_loss=0.2911 val_AP=0.5877
Epoch 102/500 [23.2s mem=22920MB] | train_loss=0.1470 train_AP=0.7749 | val_loss=0.2851 val_AP=0.5913
Epoch 103/500 [23.7s mem=22917MB] | train_loss=0.1472 train_AP=0.7687 | val_loss=0.2969 val_AP=0.5658
Epoch 104/500 [24.2s mem=22922MB] | train_loss=0.1421 train_AP=0.7856 | val_loss=0.3004 val_AP=0.5929
  -> New best val AP=0.5929, saved
Epoch 105/500 [23.9s mem=22919MB] | train_loss=0.1376 train_AP=0.7953 | val_loss=0.3019 val_AP=0.5821
Epoch 106/500 [24.2s mem=22916MB] | train_loss=0.1369 train_AP=0.7936 | val_loss=0.3018 val_AP=0.5823
Epoch 107/500 [23.4s mem=22915MB] | train_loss=0.1368 train_AP=0.8006 | val_loss=0.3022 val_AP=0.5940
  -> New best val AP=0.5940, saved
Epoch 108/500 [24.1s mem=22920MB] | train_loss=0.1395 train_AP=0.7896 | val_loss=0.3101 val_AP=0.5697
Epoch 109/500 [23.4s mem=22920MB] | train_loss=0.1349 train_AP=0.7987 | val_loss=0.3009 val_AP=0.5894
Epoch 110/500 [23.7s mem=22920MB] | train_loss=0.1350 train_AP=0.7998 | val_loss=0.3099 val_AP=0.5864 | test_AP=0.5732
Epoch 111/500 [23.9s mem=22917MB] | train_loss=0.1297 train_AP=0.8112 | val_loss=0.3148 val_AP=0.5498
Epoch 112/500 [23.5s mem=22918MB] | train_loss=0.1281 train_AP=0.8132 | val_loss=0.3242 val_AP=0.5826
Epoch 113/500 [24.2s mem=22919MB] | train_loss=0.1300 train_AP=0.8123 | val_loss=0.3355 val_AP=0.5821
Epoch 114/500 [23.7s mem=22919MB] | train_loss=0.1234 train_AP=0.8232 | val_loss=0.3420 val_AP=0.5890
Epoch 115/500 [24.1s mem=22915MB] | train_loss=0.1259 train_AP=0.8208 | val_loss=0.3266 val_AP=0.5816
Epoch 116/500 [24.4s mem=22920MB] | train_loss=0.1209 train_AP=0.8303 | val_loss=0.3492 val_AP=0.5719
Epoch 117/500 [23.7s mem=22918MB] | train_loss=0.1193 train_AP=0.8320 | val_loss=0.3356 val_AP=0.5745
Epoch 118/500 [23.9s mem=22917MB] | train_loss=0.1231 train_AP=0.8281 | val_loss=0.3406 val_AP=0.5787
Epoch 119/500 [23.7s mem=22919MB] | train_loss=0.1209 train_AP=0.8339 | val_loss=0.3513 val_AP=0.5793
Epoch 120/500 [24.3s mem=22919MB] | train_loss=0.1175 train_AP=0.8380 | val_loss=0.3524 val_AP=0.5563 | test_AP=0.5420
Epoch 121/500 [23.3s mem=22919MB] | train_loss=0.1209 train_AP=0.8241 | val_loss=0.3591 val_AP=0.5619
Epoch 122/500 [22.9s mem=22918MB] | train_loss=0.1134 train_AP=0.8444 | val_loss=0.3753 val_AP=0.5608
Epoch 123/500 [24.9s mem=22918MB] | train_loss=0.1131 train_AP=0.8460 | val_loss=0.3882 val_AP=0.5703
Epoch 124/500 [23.4s mem=22918MB] | train_loss=0.1155 train_AP=0.8428 | val_loss=0.3609 val_AP=0.5851
Epoch 125/500 [23.4s mem=22919MB] | train_loss=0.1090 train_AP=0.8536 | val_loss=0.3597 val_AP=0.5739
Epoch 126/500 [23.8s mem=22916MB] | train_loss=0.1145 train_AP=0.8429 | val_loss=0.3813 val_AP=0.5771
Epoch 127/500 [23.6s mem=22918MB] | train_loss=0.1107 train_AP=0.8515 | val_loss=0.3770 val_AP=0.5779
Epoch 128/500 [23.6s mem=22922MB] | train_loss=0.1115 train_AP=0.8500 | val_loss=0.3600 val_AP=0.5905
Epoch 129/500 [24.0s mem=22919MB] | train_loss=0.1096 train_AP=0.8559 | val_loss=0.3764 val_AP=0.5745
Epoch 130/500 [23.5s mem=22919MB] | train_loss=0.1034 train_AP=0.8653 | val_loss=0.4053 val_AP=0.5756 | test_AP=0.5648
Epoch 131/500 [23.5s mem=22917MB] | train_loss=0.1067 train_AP=0.8576 | val_loss=0.3690 val_AP=0.5814
Epoch 132/500 [23.5s mem=22922MB] | train_loss=0.1039 train_AP=0.8627 | val_loss=0.3967 val_AP=0.5733
Epoch 133/500 [23.3s mem=22915MB] | train_loss=0.1039 train_AP=0.8610 | val_loss=0.3898 val_AP=0.5730
Epoch 134/500 [23.9s mem=22921MB] | train_loss=0.0990 train_AP=0.8734 | val_loss=0.4058 val_AP=0.5877
Epoch 135/500 [24.4s mem=22917MB] | train_loss=0.0961 train_AP=0.8773 | val_loss=0.3986 val_AP=0.5711
Epoch 136/500 [24.1s mem=22917MB] | train_loss=0.1042 train_AP=0.8683 | val_loss=0.3701 val_AP=0.5847
Epoch 137/500 [23.6s mem=22918MB] | train_loss=0.1024 train_AP=0.8715 | val_loss=0.4219 val_AP=0.5925
Epoch 138/500 [23.4s mem=22918MB] | train_loss=0.0943 train_AP=0.8846 | val_loss=0.4441 val_AP=0.5693
Epoch 139/500 [23.7s mem=22920MB] | train_loss=0.0968 train_AP=0.8833 | val_loss=0.4331 val_AP=0.5627
Epoch 140/500 [24.1s mem=22918MB] | train_loss=0.0988 train_AP=0.8733 | val_loss=0.3753 val_AP=0.5856 | test_AP=0.5653
Epoch 141/500 [23.2s mem=22918MB] | train_loss=0.0919 train_AP=0.8845 | val_loss=0.4313 val_AP=0.5950
  -> New best val AP=0.5950, saved
Epoch 142/500 [23.2s mem=22915MB] | train_loss=0.0906 train_AP=0.8911 | val_loss=0.4178 val_AP=0.5679
Epoch 143/500 [23.8s mem=22919MB] | train_loss=0.0968 train_AP=0.8776 | val_loss=0.4563 val_AP=0.5712
Epoch 144/500 [23.3s mem=22919MB] | train_loss=0.0931 train_AP=0.8849 | val_loss=0.4466 val_AP=0.5560
Epoch 145/500 [23.5s mem=22922MB] | train_loss=0.0901 train_AP=0.8895 | val_loss=0.4204 val_AP=0.5763
Epoch 146/500 [23.2s mem=22921MB] | train_loss=0.0900 train_AP=0.8904 | val_loss=0.4698 val_AP=0.5759
Epoch 147/500 [23.0s mem=22917MB] | train_loss=0.0922 train_AP=0.8922 | val_loss=0.4363 val_AP=0.5742
Epoch 148/500 [24.2s mem=22919MB] | train_loss=0.0897 train_AP=0.8917 | val_loss=0.4470 val_AP=0.5739
Epoch 149/500 [23.6s mem=22919MB] | train_loss=0.0890 train_AP=0.8949 | val_loss=0.4699 val_AP=0.5749
Epoch 150/500 [23.3s mem=22918MB] | train_loss=0.0881 train_AP=0.8931 | val_loss=0.4679 val_AP=0.5579 | test_AP=0.5588
Epoch 151/500 [22.9s mem=22918MB] | train_loss=0.0858 train_AP=0.9018 | val_loss=0.4368 val_AP=0.5803
Epoch 152/500 [23.9s mem=22918MB] | train_loss=0.0831 train_AP=0.9035 | val_loss=0.4397 val_AP=0.5895
Epoch 153/500 [24.1s mem=22919MB] | train_loss=0.0845 train_AP=0.9045 | val_loss=0.4528 val_AP=0.5854
Epoch 154/500 [23.9s mem=22918MB] | train_loss=0.0820 train_AP=0.9075 | val_loss=0.4932 val_AP=0.5763
Epoch 155/500 [23.3s mem=22918MB] | train_loss=0.0862 train_AP=0.9026 | val_loss=0.4661 val_AP=0.5785
Epoch 156/500 [23.7s mem=22920MB] | train_loss=0.0834 train_AP=0.9027 | val_loss=0.4328 val_AP=0.5882
Epoch 157/500 [23.6s mem=22916MB] | train_loss=0.0803 train_AP=0.9068 | val_loss=0.4867 val_AP=0.5763
Epoch 158/500 [23.7s mem=22920MB] | train_loss=0.0838 train_AP=0.9047 | val_loss=0.4718 val_AP=0.5883
Epoch 159/500 [24.3s mem=22920MB] | train_loss=0.0757 train_AP=0.9149 | val_loss=0.4847 val_AP=0.5809
Epoch 160/500 [23.3s mem=22920MB] | train_loss=0.0810 train_AP=0.9075 | val_loss=0.4531 val_AP=0.5796 | test_AP=0.5600
Epoch 161/500 [23.5s mem=22919MB] | train_loss=0.0802 train_AP=0.9098 | val_loss=0.4584 val_AP=0.5865
Epoch 162/500 [24.5s mem=22919MB] | train_loss=0.0860 train_AP=0.9009 | val_loss=0.4680 val_AP=0.5892
Epoch 163/500 [23.9s mem=22918MB] | train_loss=0.0792 train_AP=0.9132 | val_loss=0.4972 val_AP=0.5686
Epoch 164/500 [23.4s mem=22919MB] | train_loss=0.0798 train_AP=0.9091 | val_loss=0.5190 val_AP=0.5856
Epoch 165/500 [24.3s mem=22921MB] | train_loss=0.0736 train_AP=0.9206 | val_loss=0.5104 val_AP=0.5877
Epoch 166/500 [23.6s mem=22919MB] | train_loss=0.0758 train_AP=0.9184 | val_loss=0.5247 val_AP=0.5771
Epoch 167/500 [23.8s mem=22917MB] | train_loss=0.0787 train_AP=0.9126 | val_loss=0.5187 val_AP=0.5778
Epoch 168/500 [23.1s mem=22917MB] | train_loss=0.0722 train_AP=0.9203 | val_loss=0.4987 val_AP=0.5763
Epoch 169/500 [23.6s mem=22918MB] | train_loss=0.0742 train_AP=0.9176 | val_loss=0.4732 val_AP=0.5753
Epoch 170/500 [24.5s mem=22918MB] | train_loss=0.0762 train_AP=0.9193 | val_loss=0.5338 val_AP=0.5748 | test_AP=0.5625
Epoch 171/500 [24.6s mem=22920MB] | train_loss=0.0709 train_AP=0.9267 | val_loss=0.5583 val_AP=0.5816
Epoch 172/500 [23.9s mem=22917MB] | train_loss=0.0722 train_AP=0.9263 | val_loss=0.5277 val_AP=0.5698
Epoch 173/500 [22.9s mem=22917MB] | train_loss=0.0722 train_AP=0.9237 | val_loss=0.5394 val_AP=0.5810
Epoch 174/500 [23.6s mem=22918MB] | train_loss=0.0751 train_AP=0.9207 | val_loss=0.5138 val_AP=0.5736
Epoch 175/500 [23.5s mem=22917MB] | train_loss=0.0738 train_AP=0.9167 | val_loss=0.5390 val_AP=0.5819
Epoch 176/500 [23.4s mem=22920MB] | train_loss=0.0707 train_AP=0.9246 | val_loss=0.5432 val_AP=0.5733
Epoch 177/500 [23.5s mem=22918MB] | train_loss=0.0706 train_AP=0.9269 | val_loss=0.5410 val_AP=0.5639
Epoch 178/500 [23.5s mem=22917MB] | train_loss=0.0749 train_AP=0.9202 | val_loss=0.5466 val_AP=0.5835
Epoch 179/500 [23.0s mem=22918MB] | train_loss=0.0721 train_AP=0.9242 | val_loss=0.5811 val_AP=0.5685
Epoch 180/500 [24.3s mem=22920MB] | train_loss=0.0719 train_AP=0.9244 | val_loss=0.5845 val_AP=0.5677 | test_AP=0.5544
Epoch 181/500 [23.0s mem=22920MB] | train_loss=0.0697 train_AP=0.9284 | val_loss=0.5584 val_AP=0.5865
Epoch 182/500 [24.1s mem=22919MB] | train_loss=0.0678 train_AP=0.9316 | val_loss=0.5267 val_AP=0.5841
Epoch 183/500 [23.4s mem=22916MB] | train_loss=0.0656 train_AP=0.9348 | val_loss=0.5398 val_AP=0.5863
Epoch 184/500 [23.5s mem=22918MB] | train_loss=0.0637 train_AP=0.9389 | val_loss=0.5647 val_AP=0.5845
Epoch 185/500 [23.8s mem=22919MB] | train_loss=0.0652 train_AP=0.9351 | val_loss=0.5264 val_AP=0.5871
Epoch 186/500 [23.1s mem=22916MB] | train_loss=0.0673 train_AP=0.9343 | val_loss=0.5217 val_AP=0.5867
Epoch 187/500 [23.3s mem=22917MB] | train_loss=0.0660 train_AP=0.9358 | val_loss=0.5723 val_AP=0.5877
Epoch 188/500 [23.8s mem=22918MB] | train_loss=0.0661 train_AP=0.9309 | val_loss=0.6029 val_AP=0.5724
Epoch 189/500 [23.4s mem=22919MB] | train_loss=0.0616 train_AP=0.9401 | val_loss=0.5960 val_AP=0.5775
Epoch 190/500 [23.6s mem=22916MB] | train_loss=0.0609 train_AP=0.9409 | val_loss=0.6086 val_AP=0.5780 | test_AP=0.5637
Epoch 191/500 [23.9s mem=22921MB] | train_loss=0.0633 train_AP=0.9385 | val_loss=0.6079 val_AP=0.5649
Early stopping at epoch 191. Best val AP=0.5950 at epoch 141.
Phase 1 done. Best val AP=0.5950 at epoch 141.
============================================================
PHASE 2: Train Partial-Graph Transformer (N-M nodes)
  Backbone: vanilla_gt
  Dropping M=32 nodes per graph
============================================================
  Encoder frozen. Training transformer layers + head only.
  Trainable params: 6,380,298
Epoch   1/500 [24.6s mem=22976MB] | train_loss=0.2486 train_AP=0.5966 | val_loss=0.3420 val_AP=0.4854
  -> New best val AP=0.4854, saved
Epoch   2/500 [24.1s mem=22974MB] | train_loss=0.2122 train_AP=0.6361 | val_loss=0.2958 val_AP=0.5111
  -> New best val AP=0.5111, saved
Epoch   3/500 [24.2s mem=22976MB] | train_loss=0.2033 train_AP=0.6594 | val_loss=0.2910 val_AP=0.5028
Epoch   4/500 [25.0s mem=22976MB] | train_loss=0.2032 train_AP=0.6526 | val_loss=0.2779 val_AP=0.5243
  -> New best val AP=0.5243, saved
Epoch   5/500 [24.4s mem=22974MB] | train_loss=0.1991 train_AP=0.6655 | val_loss=0.2940 val_AP=0.5115
Epoch   6/500 [24.5s mem=22973MB] | train_loss=0.2003 train_AP=0.6641 | val_loss=0.2773 val_AP=0.5176
Epoch   7/500 [24.7s mem=22975MB] | train_loss=0.1970 train_AP=0.6705 | val_loss=0.2815 val_AP=0.5328
  -> New best val AP=0.5328, saved
Epoch   8/500 [24.5s mem=22973MB] | train_loss=0.1947 train_AP=0.6652 | val_loss=0.2682 val_AP=0.5407
  -> New best val AP=0.5407, saved
Epoch   9/500 [24.5s mem=22974MB] | train_loss=0.1936 train_AP=0.6730 | val_loss=0.2752 val_AP=0.5396
Epoch  10/500 [24.3s mem=22139MB] | train_loss=0.1917 train_AP=0.6837 | val_loss=0.2942 val_AP=0.5191 | test_AP=0.5058 full_val_AP=0.5910
Epoch  11/500 [25.7s mem=22136MB] | train_loss=0.1956 train_AP=0.6703 | val_loss=0.2730 val_AP=0.5478
  -> New best val AP=0.5478, saved
Epoch  12/500 [24.9s mem=22975MB] | train_loss=0.1914 train_AP=0.6799 | val_loss=0.2911 val_AP=0.5142
Epoch  13/500 [24.4s mem=22973MB] | train_loss=0.1874 train_AP=0.6919 | val_loss=0.2715 val_AP=0.5375
Epoch  14/500 [24.3s mem=22976MB] | train_loss=0.1882 train_AP=0.6885 | val_loss=0.2870 val_AP=0.5318
Epoch  15/500 [24.0s mem=22974MB] | train_loss=0.1863 train_AP=0.6984 | val_loss=0.2779 val_AP=0.5351
Epoch  16/500 [25.0s mem=22975MB] | train_loss=0.1875 train_AP=0.6906 | val_loss=0.2744 val_AP=0.5530
  -> New best val AP=0.5530, saved
Epoch  17/500 [25.2s mem=22975MB] | train_loss=0.1869 train_AP=0.6966 | val_loss=0.2758 val_AP=0.5437
Epoch  18/500 [24.2s mem=22975MB] | train_loss=0.1851 train_AP=0.6979 | val_loss=0.2794 val_AP=0.5244
Epoch  19/500 [25.4s mem=22973MB] | train_loss=0.1871 train_AP=0.6960 | val_loss=0.2902 val_AP=0.5445
Epoch  20/500 [24.2s mem=22974MB] | train_loss=0.1845 train_AP=0.6942 | val_loss=0.2879 val_AP=0.5288 | test_AP=0.5084 full_val_AP=0.5912
Epoch  21/500 [24.8s mem=22975MB] | train_loss=0.1818 train_AP=0.7046 | val_loss=0.2789 val_AP=0.5389
Epoch  22/500 [24.7s mem=22975MB] | train_loss=0.1810 train_AP=0.7020 | val_loss=0.2833 val_AP=0.5315
Epoch  23/500 [24.0s mem=22975MB] | train_loss=0.1810 train_AP=0.7047 | val_loss=0.2779 val_AP=0.5352
Epoch  24/500 [25.4s mem=22974MB] | train_loss=0.1817 train_AP=0.6995 | val_loss=0.2851 val_AP=0.5264
Epoch  25/500 [24.0s mem=22974MB] | train_loss=0.1812 train_AP=0.7055 | val_loss=0.2721 val_AP=0.5492
Epoch  26/500 [24.6s mem=22977MB] | train_loss=0.1802 train_AP=0.7112 | val_loss=0.2599 val_AP=0.5444
Epoch  27/500 [23.8s mem=22974MB] | train_loss=0.1780 train_AP=0.7171 | val_loss=0.2817 val_AP=0.5458
Epoch  28/500 [24.4s mem=22976MB] | train_loss=0.1747 train_AP=0.7193 | val_loss=0.2640 val_AP=0.5533
  -> New best val AP=0.5533, saved
Epoch  29/500 [24.9s mem=22975MB] | train_loss=0.1772 train_AP=0.7151 | val_loss=0.2695 val_AP=0.5529
Epoch  30/500 [24.1s mem=22974MB] | train_loss=0.1776 train_AP=0.7187 | val_loss=0.2741 val_AP=0.5473 | test_AP=0.5329 full_val_AP=0.5880
Epoch  31/500 [24.9s mem=22973MB] | train_loss=0.1764 train_AP=0.7115 | val_loss=0.2887 val_AP=0.5403
Epoch  32/500 [24.3s mem=22975MB] | train_loss=0.1777 train_AP=0.7134 | val_loss=0.2745 val_AP=0.5653
  -> New best val AP=0.5653, saved
Epoch  33/500 [24.2s mem=22974MB] | train_loss=0.1746 train_AP=0.7218 | val_loss=0.2929 val_AP=0.5478
Epoch  34/500 [24.7s mem=22973MB] | train_loss=0.1767 train_AP=0.7129 | val_loss=0.2845 val_AP=0.5431
Epoch  35/500 [24.1s mem=22975MB] | train_loss=0.1724 train_AP=0.7269 | val_loss=0.2776 val_AP=0.5498
Epoch  36/500 [24.7s mem=22975MB] | train_loss=0.1745 train_AP=0.7187 | val_loss=0.2763 val_AP=0.5537
Epoch  37/500 [23.9s mem=22974MB] | train_loss=0.1736 train_AP=0.7235 | val_loss=0.2964 val_AP=0.5377
Epoch  38/500 [24.1s mem=22975MB] | train_loss=0.1713 train_AP=0.7307 | val_loss=0.2908 val_AP=0.5551
Epoch  39/500 [25.7s mem=22975MB] | train_loss=0.1713 train_AP=0.7258 | val_loss=0.2905 val_AP=0.5516
Epoch  40/500 [24.2s mem=22977MB] | train_loss=0.1685 train_AP=0.7386 | val_loss=0.3013 val_AP=0.5490 | test_AP=0.5197 full_val_AP=0.5883
Epoch  41/500 [23.8s mem=22976MB] | train_loss=0.1699 train_AP=0.7349 | val_loss=0.2912 val_AP=0.5475
Epoch  42/500 [24.4s mem=22974MB] | train_loss=0.1705 train_AP=0.7387 | val_loss=0.2931 val_AP=0.5484
Epoch  43/500 [24.2s mem=22975MB] | train_loss=0.1712 train_AP=0.7355 | val_loss=0.2841 val_AP=0.5612
Epoch  44/500 [24.3s mem=22975MB] | train_loss=0.1700 train_AP=0.7342 | val_loss=0.2912 val_AP=0.5610
Epoch  45/500 [24.4s mem=22974MB] | train_loss=0.1692 train_AP=0.7348 | val_loss=0.2968 val_AP=0.5605
Epoch  46/500 [24.5s mem=22974MB] | train_loss=0.1659 train_AP=0.7482 | val_loss=0.2867 val_AP=0.5640
Epoch  47/500 [24.1s mem=22975MB] | train_loss=0.1682 train_AP=0.7435 | val_loss=0.3064 val_AP=0.5599
Epoch  48/500 [24.4s mem=22974MB] | train_loss=0.1681 train_AP=0.7432 | val_loss=0.2904 val_AP=0.5582
Epoch  49/500 [24.4s mem=22976MB] | train_loss=0.1628 train_AP=0.7528 | val_loss=0.2929 val_AP=0.5481
Epoch  50/500 [24.2s mem=22975MB] | train_loss=0.1654 train_AP=0.7445 | val_loss=0.2901 val_AP=0.5550 | test_AP=0.5284 full_val_AP=0.6116
Epoch  51/500 [25.1s mem=22974MB] | train_loss=0.1642 train_AP=0.7550 | val_loss=0.2831 val_AP=0.5557
Epoch  52/500 [24.5s mem=22977MB] | train_loss=0.1624 train_AP=0.7529 | val_loss=0.2847 val_AP=0.5668
  -> New best val AP=0.5668, saved
Epoch  53/500 [24.4s mem=22976MB] | train_loss=0.1641 train_AP=0.7518 | val_loss=0.2862 val_AP=0.5572
Epoch  54/500 [24.6s mem=22974MB] | train_loss=0.1638 train_AP=0.7503 | val_loss=0.2732 val_AP=0.5592
Epoch  55/500 [25.3s mem=22139MB] | train_loss=0.1623 train_AP=0.7563 | val_loss=0.2950 val_AP=0.5555
Epoch  56/500 [24.3s mem=22974MB] | train_loss=0.1583 train_AP=0.7630 | val_loss=0.3051 val_AP=0.5619
Epoch  57/500 [23.9s mem=22973MB] | train_loss=0.1595 train_AP=0.7641 | val_loss=0.3060 val_AP=0.5399
Epoch  58/500 [24.0s mem=22975MB] | train_loss=0.1607 train_AP=0.7563 | val_loss=0.3027 val_AP=0.5684
  -> New best val AP=0.5684, saved
Epoch  59/500 [24.7s mem=22974MB] | train_loss=0.1558 train_AP=0.7683 | val_loss=0.2984 val_AP=0.5521
Epoch  60/500 [24.1s mem=22974MB] | train_loss=0.1570 train_AP=0.7663 | val_loss=0.2918 val_AP=0.5812 | test_AP=0.5477 full_val_AP=0.6046
  -> New best val AP=0.5812, saved
Epoch  61/500 [24.2s mem=22975MB] | train_loss=0.1598 train_AP=0.7607 | val_loss=0.2908 val_AP=0.5686
Epoch  62/500 [24.8s mem=22975MB] | train_loss=0.1588 train_AP=0.7604 | val_loss=0.2836 val_AP=0.5645
Epoch  63/500 [25.2s mem=22975MB] | train_loss=0.1581 train_AP=0.7645 | val_loss=0.2828 val_AP=0.5736
Epoch  64/500 [24.5s mem=22974MB] | train_loss=0.1547 train_AP=0.7716 | val_loss=0.3032 val_AP=0.5628
Epoch  65/500 [24.4s mem=22974MB] | train_loss=0.1565 train_AP=0.7700 | val_loss=0.3004 val_AP=0.5622
Epoch  66/500 [24.0s mem=22137MB] | train_loss=0.1537 train_AP=0.7759 | val_loss=0.2930 val_AP=0.5710
Epoch  67/500 [24.4s mem=22974MB] | train_loss=0.1497 train_AP=0.7852 | val_loss=0.2852 val_AP=0.5772
Epoch  68/500 [24.5s mem=22975MB] | train_loss=0.1526 train_AP=0.7800 | val_loss=0.3052 val_AP=0.5691
Epoch  69/500 [24.4s mem=22975MB] | train_loss=0.1522 train_AP=0.7797 | val_loss=0.3080 val_AP=0.5588
Epoch  70/500 [24.1s mem=22975MB] | train_loss=0.1531 train_AP=0.7759 | val_loss=0.2920 val_AP=0.5577 | test_AP=0.5539 full_val_AP=0.6074
Epoch  71/500 [24.4s mem=22975MB] | train_loss=0.1529 train_AP=0.7786 | val_loss=0.2839 val_AP=0.5827
  -> New best val AP=0.5827, saved
Epoch  72/500 [24.9s mem=22974MB] | train_loss=0.1513 train_AP=0.7842 | val_loss=0.3108 val_AP=0.5453
Epoch  73/500 [24.2s mem=22974MB] | train_loss=0.1510 train_AP=0.7824 | val_loss=0.3054 val_AP=0.5748
Epoch  74/500 [25.0s mem=22976MB] | train_loss=0.1520 train_AP=0.7763 | val_loss=0.3023 val_AP=0.5706
Epoch  75/500 [24.6s mem=22975MB] | train_loss=0.1516 train_AP=0.7723 | val_loss=0.2962 val_AP=0.5662
Epoch  76/500 [24.3s mem=22975MB] | train_loss=0.1493 train_AP=0.7831 | val_loss=0.2984 val_AP=0.5675
Epoch  77/500 [24.9s mem=22975MB] | train_loss=0.1450 train_AP=0.7969 | val_loss=0.2902 val_AP=0.5731
Epoch  78/500 [24.5s mem=22976MB] | train_loss=0.1465 train_AP=0.7964 | val_loss=0.3032 val_AP=0.5763
Epoch  79/500 [23.9s mem=22976MB] | train_loss=0.1473 train_AP=0.7928 | val_loss=0.3040 val_AP=0.5677
Epoch  80/500 [24.7s mem=22975MB] | train_loss=0.1491 train_AP=0.7914 | val_loss=0.3255 val_AP=0.5645 | test_AP=0.5346 full_val_AP=0.6058
Epoch  81/500 [24.0s mem=22975MB] | train_loss=0.1490 train_AP=0.7905 | val_loss=0.3099 val_AP=0.5632
Epoch  82/500 [24.2s mem=22973MB] | train_loss=0.1450 train_AP=0.7967 | val_loss=0.2934 val_AP=0.5670
Epoch  83/500 [23.9s mem=22975MB] | train_loss=0.1439 train_AP=0.8007 | val_loss=0.3054 val_AP=0.5633
Epoch  84/500 [24.2s mem=22975MB] | train_loss=0.1451 train_AP=0.7998 | val_loss=0.3145 val_AP=0.5741
Epoch  85/500 [24.2s mem=22975MB] | train_loss=0.1463 train_AP=0.7951 | val_loss=0.3136 val_AP=0.5647
Epoch  86/500 [23.9s mem=22976MB] | train_loss=0.1439 train_AP=0.7983 | val_loss=0.3131 val_AP=0.5715
Epoch  87/500 [23.9s mem=22975MB] | train_loss=0.1442 train_AP=0.7964 | val_loss=0.3140 val_AP=0.5716
Epoch  88/500 [23.8s mem=22974MB] | train_loss=0.1432 train_AP=0.8026 | val_loss=0.3186 val_AP=0.5698
Epoch  89/500 [23.8s mem=22976MB] | train_loss=0.1401 train_AP=0.8094 | val_loss=0.3111 val_AP=0.5554
Epoch  90/500 [23.6s mem=22975MB] | train_loss=0.1463 train_AP=0.7964 | val_loss=0.3101 val_AP=0.5566 | test_AP=0.5261 full_val_AP=0.5805
Epoch  91/500 [23.8s mem=22975MB] | train_loss=0.1412 train_AP=0.8045 | val_loss=0.3321 val_AP=0.5642
Epoch  92/500 [24.0s mem=22974MB] | train_loss=0.1434 train_AP=0.8040 | val_loss=0.3123 val_AP=0.5653
Epoch  93/500 [23.9s mem=22974MB] | train_loss=0.1418 train_AP=0.8051 | val_loss=0.3023 val_AP=0.5780
Epoch  94/500 [24.8s mem=22978MB] | train_loss=0.1407 train_AP=0.8055 | val_loss=0.3112 val_AP=0.5628
Epoch  95/500 [24.4s mem=22973MB] | train_loss=0.1347 train_AP=0.8200 | val_loss=0.3019 val_AP=0.5899
  -> New best val AP=0.5899, saved
Epoch  96/500 [23.8s mem=22974MB] | train_loss=0.1369 train_AP=0.8152 | val_loss=0.3165 val_AP=0.5709
Epoch  97/500 [23.7s mem=22976MB] | train_loss=0.1377 train_AP=0.8138 | val_loss=0.3332 val_AP=0.5569
Epoch  98/500 [23.8s mem=22974MB] | train_loss=0.1381 train_AP=0.8097 | val_loss=0.3192 val_AP=0.5664
Epoch  99/500 [23.7s mem=22975MB] | train_loss=0.1371 train_AP=0.8142 | val_loss=0.3181 val_AP=0.5728
Epoch 100/500 [23.8s mem=22975MB] | train_loss=0.1337 train_AP=0.8242 | val_loss=0.3525 val_AP=0.5521 | test_AP=0.5375 full_val_AP=0.6093
Epoch 101/500 [23.9s mem=22976MB] | train_loss=0.1375 train_AP=0.8185 | val_loss=0.3096 val_AP=0.5696
Epoch 102/500 [23.9s mem=22975MB] | train_loss=0.1380 train_AP=0.8119 | val_loss=0.3228 val_AP=0.5617
Epoch 103/500 [24.5s mem=22974MB] | train_loss=0.1375 train_AP=0.8162 | val_loss=0.3199 val_AP=0.5658
Epoch 104/500 [23.9s mem=22974MB] | train_loss=0.1342 train_AP=0.8234 | val_loss=0.3444 val_AP=0.5608
Epoch 105/500 [23.9s mem=22975MB] | train_loss=0.1345 train_AP=0.8249 | val_loss=0.3114 val_AP=0.5711
Epoch 106/500 [23.7s mem=22974MB] | train_loss=0.1360 train_AP=0.8185 | val_loss=0.3372 val_AP=0.5719
Epoch 107/500 [23.9s mem=22975MB] | train_loss=0.1369 train_AP=0.8141 | val_loss=0.3169 val_AP=0.5681
Epoch 108/500 [23.9s mem=22975MB] | train_loss=0.1337 train_AP=0.8240 | val_loss=0.3124 val_AP=0.5835
Epoch 109/500 [24.0s mem=22973MB] | train_loss=0.1332 train_AP=0.8233 | val_loss=0.3306 val_AP=0.5604
Epoch 110/500 [24.0s mem=22974MB] | train_loss=0.1346 train_AP=0.8237 | val_loss=0.3157 val_AP=0.5835 | test_AP=0.5386 full_val_AP=0.6209
Epoch 111/500 [24.1s mem=22974MB] | train_loss=0.1328 train_AP=0.8211 | val_loss=0.3299 val_AP=0.5611
Epoch 112/500 [24.0s mem=22975MB] | train_loss=0.1342 train_AP=0.8245 | val_loss=0.3183 val_AP=0.5722
Epoch 113/500 [23.8s mem=22976MB] | train_loss=0.1293 train_AP=0.8339 | val_loss=0.3396 val_AP=0.5743
Epoch 114/500 [24.2s mem=22975MB] | train_loss=0.1314 train_AP=0.8268 | val_loss=0.3356 val_AP=0.5697
Epoch 115/500 [24.0s mem=22978MB] | train_loss=0.1320 train_AP=0.8282 | val_loss=0.3288 val_AP=0.5792
Epoch 116/500 [23.9s mem=22975MB] | train_loss=0.1284 train_AP=0.8335 | val_loss=0.3490 val_AP=0.5785
Epoch 117/500 [23.8s mem=22977MB] | train_loss=0.1287 train_AP=0.8395 | val_loss=0.3481 val_AP=0.5643
Epoch 118/500 [23.8s mem=22973MB] | train_loss=0.1292 train_AP=0.8321 | val_loss=0.3390 val_AP=0.5698
Epoch 119/500 [23.7s mem=22973MB] | train_loss=0.1303 train_AP=0.8304 | val_loss=0.3291 val_AP=0.5688
Epoch 120/500 [23.8s mem=22975MB] | train_loss=0.1284 train_AP=0.8391 | val_loss=0.3546 val_AP=0.5696 | test_AP=0.5305 full_val_AP=0.5931
Epoch 121/500 [24.0s mem=22975MB] | train_loss=0.1278 train_AP=0.8343 | val_loss=0.3698 val_AP=0.5612
Epoch 122/500 [23.6s mem=22974MB] | train_loss=0.1294 train_AP=0.8353 | val_loss=0.3706 val_AP=0.5738
Epoch 123/500 [24.0s mem=22974MB] | train_loss=0.1279 train_AP=0.8382 | val_loss=0.3503 val_AP=0.5594
Epoch 124/500 [24.6s mem=22975MB] | train_loss=0.1285 train_AP=0.8351 | val_loss=0.3471 val_AP=0.5625
Epoch 125/500 [24.0s mem=22975MB] | train_loss=0.1269 train_AP=0.8400 | val_loss=0.3360 val_AP=0.5753
Epoch 126/500 [23.9s mem=22976MB] | train_loss=0.1259 train_AP=0.8410 | val_loss=0.3721 val_AP=0.5627
Epoch 127/500 [24.1s mem=22976MB] | train_loss=0.1255 train_AP=0.8417 | val_loss=0.3399 val_AP=0.5564
Epoch 128/500 [23.9s mem=22975MB] | train_loss=0.1280 train_AP=0.8340 | val_loss=0.3430 val_AP=0.5687
Epoch 129/500 [24.1s mem=22975MB] | train_loss=0.1238 train_AP=0.8418 | val_loss=0.3314 val_AP=0.5709
Epoch 130/500 [23.7s mem=22974MB] | train_loss=0.1232 train_AP=0.8462 | val_loss=0.3344 val_AP=0.5691 | test_AP=0.5507 full_val_AP=0.6018
Epoch 131/500 [23.9s mem=22975MB] | train_loss=0.1253 train_AP=0.8397 | val_loss=0.3501 val_AP=0.5720
Epoch 132/500 [23.7s mem=22974MB] | train_loss=0.1241 train_AP=0.8433 | val_loss=0.3284 val_AP=0.5733
Epoch 133/500 [24.3s mem=22975MB] | train_loss=0.1231 train_AP=0.8416 | val_loss=0.3447 val_AP=0.5624
Epoch 134/500 [23.7s mem=22974MB] | train_loss=0.1221 train_AP=0.8462 | val_loss=0.3417 val_AP=0.5745
Epoch 135/500 [24.0s mem=22975MB] | train_loss=0.1195 train_AP=0.8529 | val_loss=0.3518 val_AP=0.5749
Epoch 136/500 [24.1s mem=22975MB] | train_loss=0.1216 train_AP=0.8486 | val_loss=0.3360 val_AP=0.5780
Epoch 137/500 [23.7s mem=22976MB] | train_loss=0.1229 train_AP=0.8467 | val_loss=0.3311 val_AP=0.5690
Epoch 138/500 [23.7s mem=22975MB] | train_loss=0.1224 train_AP=0.8483 | val_loss=0.3690 val_AP=0.5486
Epoch 139/500 [24.0s mem=22974MB] | train_loss=0.1194 train_AP=0.8531 | val_loss=0.3427 val_AP=0.5663
Epoch 140/500 [23.9s mem=22974MB] | train_loss=0.1203 train_AP=0.8509 | val_loss=0.3510 val_AP=0.5486 | test_AP=0.5424 full_val_AP=0.5814
Epoch 141/500 [23.5s mem=22973MB] | train_loss=0.1205 train_AP=0.8534 | val_loss=0.3514 val_AP=0.5668
Epoch 142/500 [23.9s mem=22974MB] | train_loss=0.1223 train_AP=0.8523 | val_loss=0.3511 val_AP=0.5598
Epoch 143/500 [23.9s mem=22974MB] | train_loss=0.1220 train_AP=0.8483 | val_loss=0.3592 val_AP=0.5670
Epoch 144/500 [23.8s mem=22974MB] | train_loss=0.1180 train_AP=0.8567 | val_loss=0.3579 val_AP=0.5678
Epoch 145/500 [24.3s mem=22978MB] | train_loss=0.1184 train_AP=0.8568 | val_loss=0.3898 val_AP=0.5582
Early stopping at epoch 145. Best val AP=0.5899 at epoch 95.
Phase 2 done. Best val AP=0.5899 at epoch 95.
============================================================
PHASE 3: Train Proxy Generator (score_based)
  Backbone: vanilla_gt
  Recon weight: 1.0 → 0.1 over 100 epochs
============================================================
  Generator parameters: 4,878,368
Epoch   1/1000 [30.5s mem=21004MB] | loss=82.7161 task=0.1548 recon=82.5613 (w=1.000) | val_AP=0.5341 test_AP=0.5213
  -> New best val AP=0.5341
Epoch   2/1000 [30.5s mem=21004MB] | loss=25.3163 task=0.1548 recon=25.3923 (w=0.991) | val_AP=0.5524 test_AP=0.5275
  -> New best val AP=0.5524
Epoch   3/1000 [29.7s mem=21006MB] | loss=20.8375 task=0.1608 recon=21.0597 (w=0.982) | val_AP=0.5391 test_AP=0.5186
Epoch   4/1000 [29.4s mem=21003MB] | loss=16.6482 task=0.1601 recon=16.9505 (w=0.973) | val_AP=0.5412 test_AP=0.5096
Epoch   5/1000 [29.3s mem=21003MB] | loss=15.9739 task=0.1584 recon=16.4123 (w=0.964) | val_AP=0.5417 test_AP=0.5105
Epoch   6/1000 [29.2s mem=21004MB] | loss=14.4767 task=0.1626 recon=14.9957 (w=0.955) | val_AP=0.5394 test_AP=0.5190
Epoch   7/1000 [29.3s mem=21001MB] | loss=13.2464 task=0.1641 recon=13.8371 (w=0.945) | val_AP=0.5348 test_AP=0.5043
Epoch   8/1000 [30.6s mem=21002MB] | loss=13.1218 task=0.1629 recon=13.8395 (w=0.936) | val_AP=0.5417 test_AP=0.5160
Epoch   9/1000 [29.6s mem=21004MB] | loss=12.9290 task=0.1629 recon=13.7674 (w=0.927) | val_AP=0.5428 test_AP=0.5165
Epoch  10/1000 [29.4s mem=21004MB] | loss=12.6864 task=0.1607 recon=13.6418 (w=0.918) | val_AP=0.5417 test_AP=0.5131
Epoch  11/1000 [29.4s mem=21001MB] | loss=12.4585 task=0.1625 recon=13.5255 (w=0.909) | val_AP=0.5402 test_AP=0.5193
Epoch  12/1000 [29.6s mem=20249MB] | loss=12.2692 task=0.1611 recon=13.4534 (w=0.900) | val_AP=0.5426 test_AP=0.5125
Epoch  13/1000 [29.0s mem=21004MB] | loss=12.0584 task=0.1617 recon=13.3534 (w=0.891) | val_AP=0.5452 test_AP=0.5246
Epoch  14/1000 [29.5s mem=21003MB] | loss=11.9184 task=0.1595 recon=13.3349 (w=0.882) | val_AP=0.5409 test_AP=0.5142
Epoch  15/1000 [29.2s mem=21002MB] | loss=11.7985 task=0.1622 recon=13.3333 (w=0.873) | val_AP=0.5326 test_AP=0.5156
Epoch  16/1000 [29.4s mem=21003MB] | loss=11.5371 task=0.1615 recon=13.1717 (w=0.864) | val_AP=0.5419 test_AP=0.5062
Epoch  17/1000 [29.9s mem=21004MB] | loss=11.5826 task=0.1647 recon=13.3614 (w=0.855) | val_AP=0.5466 test_AP=0.5119
Epoch  18/1000 [29.7s mem=21005MB] | loss=11.3955 task=0.1623 recon=13.2865 (w=0.845) | val_AP=0.5449 test_AP=0.5151
Epoch  19/1000 [29.3s mem=21005MB] | loss=11.0114 task=0.1607 recon=12.9736 (w=0.836) | val_AP=0.5403 test_AP=0.5108
Epoch  20/1000 [30.9s mem=21004MB] | loss=10.9924 task=0.1617 recon=13.0921 (w=0.827) | val_AP=0.5308 test_AP=0.5234
Epoch  21/1000 [29.4s mem=21007MB] | loss=10.8082 task=0.1627 recon=13.0111 (w=0.818) | val_AP=0.5436 test_AP=0.5101
Epoch  22/1000 [29.4s mem=21004MB] | loss=10.4056 task=0.1623 recon=12.6602 (w=0.809) | val_AP=0.5369 test_AP=0.5035
Epoch  23/1000 [29.7s mem=21003MB] | loss=10.2957 task=0.1701 recon=12.6569 (w=0.800) | val_AP=0.5442 test_AP=0.5056
Epoch  24/1000 [29.5s mem=21004MB] | loss=10.1925 task=0.1643 recon=12.6794 (w=0.791) | val_AP=0.5399 test_AP=0.5142
Epoch  25/1000 [29.8s mem=21002MB] | loss=9.8195 task=0.1641 recon=12.3500 (w=0.782) | val_AP=0.5407 test_AP=0.5046
Epoch  26/1000 [29.5s mem=21005MB] | loss=10.2579 task=0.1633 recon=13.0636 (w=0.773) | val_AP=0.5363 test_AP=0.5124
Epoch  27/1000 [29.5s mem=21004MB] | loss=10.1804 task=0.1652 recon=13.1151 (w=0.764) | val_AP=0.5515 test_AP=0.5189
Epoch  28/1000 [29.6s mem=21004MB] | loss=9.7440 task=0.1625 recon=12.6985 (w=0.755) | val_AP=0.5368 test_AP=0.5095
Epoch  29/1000 [30.2s mem=21003MB] | loss=9.6366 task=0.1625 recon=12.7091 (w=0.745) | val_AP=0.5353 test_AP=0.5163
Epoch  30/1000 [29.6s mem=21003MB] | loss=9.4909 task=0.1681 recon=12.6606 (w=0.736) | val_AP=0.5343 test_AP=0.5259
Epoch  31/1000 [29.9s mem=21003MB] | loss=9.5702 task=0.1703 recon=12.9249 (w=0.727) | val_AP=0.5201 test_AP=0.4903
Epoch  32/1000 [29.8s mem=21006MB] | loss=9.5310 task=0.1765 recon=13.0253 (w=0.718) | val_AP=0.5160 test_AP=0.4981
Epoch  33/1000 [31.3s mem=21002MB] | loss=9.2277 task=0.1810 recon=12.7581 (w=0.709) | val_AP=0.5276 test_AP=0.5195
Epoch  34/1000 [29.8s mem=21003MB] | loss=9.2349 task=0.1749 recon=12.9428 (w=0.700) | val_AP=0.5438 test_AP=0.5012
Epoch  35/1000 [30.2s mem=21002MB] | loss=9.4556 task=0.1675 recon=13.4434 (w=0.691) | val_AP=0.5327 test_AP=0.5072
Epoch  36/1000 [29.5s mem=21003MB] | loss=9.1868 task=0.1679 recon=13.2277 (w=0.682) | val_AP=0.5517 test_AP=0.5183
Epoch  37/1000 [29.7s mem=21006MB] | loss=8.8296 task=0.1671 recon=12.8767 (w=0.673) | val_AP=0.5325 test_AP=0.5116
Epoch  38/1000 [29.3s mem=21003MB] | loss=8.6771 task=0.1749 recon=12.8116 (w=0.664) | val_AP=0.5491 test_AP=0.5175
Epoch  39/1000 [29.7s mem=21003MB] | loss=9.2489 task=0.1708 recon=13.8693 (w=0.655) | val_AP=0.5201 test_AP=0.4880
Epoch  40/1000 [29.7s mem=21005MB] | loss=8.8150 task=0.1741 recon=13.3874 (w=0.645) | val_AP=0.5524 test_AP=0.5075
  -> New best val AP=0.5524
Epoch  41/1000 [30.0s mem=21003MB] | loss=8.4284 task=0.1759 recon=12.9682 (w=0.636) | val_AP=0.5272 test_AP=0.4844
Epoch  42/1000 [29.3s mem=21003MB] | loss=8.3779 task=0.1686 recon=13.0872 (w=0.627) | val_AP=0.5321 test_AP=0.5093
Epoch  43/1000 [29.6s mem=21005MB] | loss=7.9878 task=0.1661 recon=12.6528 (w=0.618) | val_AP=0.5369 test_AP=0.5090
Epoch  44/1000 [29.3s mem=21005MB] | loss=7.9072 task=0.1698 recon=12.7032 (w=0.609) | val_AP=0.5368 test_AP=0.5035
Epoch  45/1000 [29.7s mem=21004MB] | loss=8.0014 task=0.1711 recon=13.0505 (w=0.600) | val_AP=0.5450 test_AP=0.5094
Epoch  46/1000 [30.7s mem=21004MB] | loss=7.7055 task=0.1691 recon=12.7538 (w=0.591) | val_AP=0.5408 test_AP=0.5092
Epoch  47/1000 [29.0s mem=21002MB] | loss=7.6161 task=0.1779 recon=12.7844 (w=0.582) | val_AP=0.5299 test_AP=0.4911
Epoch  48/1000 [29.4s mem=21005MB] | loss=7.2914 task=0.1809 recon=12.4152 (w=0.573) | val_AP=0.5210 test_AP=0.4909
Epoch  49/1000 [30.6s mem=21003MB] | loss=7.0196 task=0.1905 recon=12.1162 (w=0.564) | val_AP=0.5170 test_AP=0.4924
Epoch  50/1000 [30.2s mem=21001MB] | loss=6.8626 task=0.1839 recon=12.0435 (w=0.555) | val_AP=0.5120 test_AP=0.4921
Epoch  51/1000 [31.2s mem=21003MB] | loss=6.9055 task=0.1856 recon=12.3199 (w=0.545) | val_AP=0.5301 test_AP=0.4976
Epoch  52/1000 [31.6s mem=21005MB] | loss=6.5936 task=0.1860 recon=11.9463 (w=0.536) | val_AP=0.5154 test_AP=0.4898
Epoch  53/1000 [29.2s mem=21004MB] | loss=6.4044 task=0.1840 recon=11.7972 (w=0.527) | val_AP=0.5205 test_AP=0.4905
Epoch  54/1000 [30.3s mem=21003MB] | loss=6.3539 task=0.1846 recon=11.9057 (w=0.518) | val_AP=0.5137 test_AP=0.4910
Epoch  55/1000 [29.2s mem=21003MB] | loss=6.2785 task=0.1843 recon=11.9707 (w=0.509) | val_AP=0.5199 test_AP=0.4893
Epoch  56/1000 [29.5s mem=21003MB] | loss=6.1675 task=0.1842 recon=11.9666 (w=0.500) | val_AP=0.5182 test_AP=0.4835
Epoch  57/1000 [29.4s mem=21004MB] | loss=6.0056 task=0.1831 recon=11.8607 (w=0.491) | val_AP=0.5226 test_AP=0.4959
Epoch  58/1000 [29.7s mem=21003MB] | loss=5.7534 task=0.1799 recon=11.5675 (w=0.482) | val_AP=0.5240 test_AP=0.4918
Epoch  59/1000 [29.2s mem=21005MB] | loss=5.6417 task=0.1785 recon=11.5568 (w=0.473) | val_AP=0.5398 test_AP=0.5054
Epoch  60/1000 [29.2s mem=21005MB] | loss=5.6685 task=0.1738 recon=11.8514 (w=0.464) | val_AP=0.5395 test_AP=0.5045
Epoch  61/1000 [29.1s mem=21005MB] | loss=5.3872 task=0.1704 recon=11.4771 (w=0.455) | val_AP=0.5342 test_AP=0.4954
Epoch  62/1000 [29.1s mem=21002MB] | loss=5.2623 task=0.1787 recon=11.4123 (w=0.445) | val_AP=0.5275 test_AP=0.4967
Epoch  63/1000 [29.3s mem=21004MB] | loss=5.1241 task=0.1773 recon=11.3366 (w=0.436) | val_AP=0.5221 test_AP=0.5156
Epoch  64/1000 [29.3s mem=21003MB] | loss=5.1013 task=0.1768 recon=11.5256 (w=0.427) | val_AP=0.5285 test_AP=0.5103
Epoch  65/1000 [30.6s mem=21004MB] | loss=4.9245 task=0.1788 recon=11.3484 (w=0.418) | val_AP=0.5271 test_AP=0.4977
Epoch  66/1000 [30.6s mem=21004MB] | loss=4.8124 task=0.1752 recon=11.3352 (w=0.409) | val_AP=0.5352 test_AP=0.4879
Epoch  67/1000 [29.6s mem=21005MB] | loss=4.6219 task=0.1769 recon=11.1125 (w=0.400) | val_AP=0.5390 test_AP=0.5087
Epoch  68/1000 [29.6s mem=21004MB] | loss=4.5539 task=0.1830 recon=11.1814 (w=0.391) | val_AP=0.5275 test_AP=0.4904
Epoch  69/1000 [29.9s mem=21003MB] | loss=4.4598 task=0.1830 recon=11.2011 (w=0.382) | val_AP=0.5260 test_AP=0.4990
Epoch  70/1000 [29.8s mem=21004MB] | loss=4.3037 task=0.1820 recon=11.0581 (w=0.373) | val_AP=0.5354 test_AP=0.4819
Epoch  71/1000 [29.9s mem=21003MB] | loss=4.2556 task=0.1900 recon=11.1805 (w=0.364) | val_AP=0.5218 test_AP=0.4984
Epoch  72/1000 [29.3s mem=21003MB] | loss=4.2350 task=0.1737 recon=11.4548 (w=0.355) | val_AP=0.5402 test_AP=0.5057
Epoch  73/1000 [29.2s mem=21005MB] | loss=4.0779 task=0.1686 recon=11.3162 (w=0.345) | val_AP=0.5268 test_AP=0.5159
Epoch  74/1000 [29.4s mem=21003MB] | loss=3.9239 task=0.1743 recon=11.1474 (w=0.336) | val_AP=0.5351 test_AP=0.5023
Epoch  75/1000 [29.5s mem=21003MB] | loss=3.8541 task=0.1708 recon=11.2547 (w=0.327) | val_AP=0.5400 test_AP=0.5035
Epoch  76/1000 [29.4s mem=21003MB] | loss=3.7123 task=0.1659 recon=11.1459 (w=0.318) | val_AP=0.5475 test_AP=0.5189
Epoch  77/1000 [29.7s mem=21004MB] | loss=3.9009 task=0.1645 recon=12.0884 (w=0.309) | val_AP=0.5265 test_AP=0.5058
Epoch  78/1000 [29.9s mem=21004MB] | loss=3.6061 task=0.1663 recon=11.4660 (w=0.300) | val_AP=0.5397 test_AP=0.5025
Epoch  79/1000 [29.7s mem=21002MB] | loss=3.4062 task=0.1714 recon=11.1197 (w=0.291) | val_AP=0.5335 test_AP=0.5061
Epoch  80/1000 [30.0s mem=21004MB] | loss=3.2841 task=0.1705 recon=11.0484 (w=0.282) | val_AP=0.5531 test_AP=0.5103
  -> New best val AP=0.5531
Epoch  81/1000 [30.8s mem=21004MB] | loss=3.2349 task=0.1629 recon=11.2640 (w=0.273) | val_AP=0.5408 test_AP=0.5049
Epoch  82/1000 [29.7s mem=21005MB] | loss=3.2065 task=0.1702 recon=11.5172 (w=0.264) | val_AP=0.5334 test_AP=0.4890
Epoch  83/1000 [29.2s mem=21003MB] | loss=3.0564 task=0.1699 recon=11.3398 (w=0.255) | val_AP=0.5261 test_AP=0.4942
Epoch  84/1000 [29.4s mem=21001MB] | loss=3.0193 task=0.1654 recon=11.6268 (w=0.245) | val_AP=0.5474 test_AP=0.5105
Epoch  85/1000 [30.0s mem=21003MB] | loss=2.8300 task=0.1657 recon=11.2721 (w=0.236) | val_AP=0.5312 test_AP=0.5070
Epoch  86/1000 [29.2s mem=21002MB] | loss=2.7893 task=0.1718 recon=11.5170 (w=0.227) | val_AP=0.5272 test_AP=0.5006
Epoch  87/1000 [30.2s mem=21005MB] | loss=2.7046 task=0.1664 recon=11.6330 (w=0.218) | val_AP=0.5390 test_AP=0.5093
Epoch  88/1000 [29.5s mem=21005MB] | loss=2.5336 task=0.1610 recon=11.3473 (w=0.209) | val_AP=0.5425 test_AP=0.5150
Epoch  89/1000 [29.9s mem=21005MB] | loss=2.4652 task=0.1606 recon=11.5231 (w=0.200) | val_AP=0.5406 test_AP=0.5096
Epoch  90/1000 [29.2s mem=21004MB] | loss=2.3681 task=0.1596 recon=11.5686 (w=0.191) | val_AP=0.5587 test_AP=0.5194
  -> New best val AP=0.5587
Epoch  91/1000 [29.4s mem=21003MB] | loss=2.2465 task=0.1617 recon=11.4659 (w=0.182) | val_AP=0.5410 test_AP=0.5170
Epoch  92/1000 [29.4s mem=21002MB] | loss=2.1266 task=0.1580 recon=11.3972 (w=0.173) | val_AP=0.5559 test_AP=0.5211
Epoch  93/1000 [29.6s mem=21004MB] | loss=1.9497 task=0.1622 recon=10.9238 (w=0.164) | val_AP=0.5482 test_AP=0.5381
Epoch  94/1000 [30.3s mem=21005MB] | loss=1.8356 task=0.1534 recon=10.8848 (w=0.155) | val_AP=0.5423 test_AP=0.5009
Epoch  95/1000 [29.6s mem=21005MB] | loss=1.7743 task=0.1532 recon=11.1447 (w=0.145) | val_AP=0.5518 test_AP=0.5034
Epoch  96/1000 [30.0s mem=21003MB] | loss=1.6405 task=0.1511 recon=10.9223 (w=0.136) | val_AP=0.5518 test_AP=0.5255
Epoch  97/1000 [29.1s mem=21003MB] | loss=1.5282 task=0.1558 recon=10.7830 (w=0.127) | val_AP=0.5451 test_AP=0.5145
Epoch  98/1000 [29.1s mem=21002MB] | loss=1.4148 task=0.1493 recon=10.7085 (w=0.118) | val_AP=0.5400 test_AP=0.5155
Epoch  99/1000 [29.6s mem=21003MB] | loss=1.3072 task=0.1490 recon=10.6166 (w=0.109) | val_AP=0.5411 test_AP=0.5277
Epoch 100/1000 [29.9s mem=21006MB] | loss=1.2390 task=0.1522 recon=10.8680 (w=0.100) | val_AP=0.5512 test_AP=0.5372
Epoch 101/1000 [29.3s mem=21004MB] | loss=1.2206 task=0.1510 recon=10.6961 (w=0.100) | val_AP=0.5499 test_AP=0.5322
Epoch 102/1000 [29.8s mem=21004MB] | loss=1.2042 task=0.1495 recon=10.5468 (w=0.100) | val_AP=0.5476 test_AP=0.5094
Epoch 103/1000 [30.1s mem=21003MB] | loss=1.2134 task=0.1507 recon=10.6274 (w=0.100) | val_AP=0.5530 test_AP=0.5323
Epoch 104/1000 [29.3s mem=21004MB] | loss=1.2453 task=0.1572 recon=10.8804 (w=0.100) | val_AP=0.5513 test_AP=0.5118
Epoch 105/1000 [30.0s mem=21002MB] | loss=1.2512 task=0.1486 recon=11.0267 (w=0.100) | val_AP=0.5566 test_AP=0.5315
Epoch 106/1000 [30.3s mem=21004MB] | loss=1.1965 task=0.1484 recon=10.4811 (w=0.100) | val_AP=0.5609 test_AP=0.5225
  -> New best val AP=0.5609
Epoch 107/1000 [30.0s mem=21005MB] | loss=1.2358 task=0.1480 recon=10.8778 (w=0.100) | val_AP=0.5419 test_AP=0.5025
Epoch 108/1000 [30.2s mem=21004MB] | loss=1.2205 task=0.1458 recon=10.7474 (w=0.100) | val_AP=0.5535 test_AP=0.5232
Epoch 109/1000 [30.8s mem=21004MB] | loss=1.2427 task=0.1502 recon=10.9252 (w=0.100) | val_AP=0.5621 test_AP=0.5257
  -> New best val AP=0.5621
Epoch 110/1000 [29.4s mem=21003MB] | loss=1.2253 task=0.1459 recon=10.7944 (w=0.100) | val_AP=0.5442 test_AP=0.5171
Epoch 111/1000 [29.4s mem=21004MB] | loss=1.2328 task=0.1495 recon=10.8337 (w=0.100) | val_AP=0.5298 test_AP=0.5113
Epoch 112/1000 [29.6s mem=21004MB] | loss=1.2063 task=0.1502 recon=10.5612 (w=0.100) | val_AP=0.5413 test_AP=0.5153
Epoch 113/1000 [29.3s mem=21004MB] | loss=1.2018 task=0.1489 recon=10.5288 (w=0.100) | val_AP=0.5493 test_AP=0.5146
Epoch 114/1000 [30.2s mem=21002MB] | loss=1.2294 task=0.1522 recon=10.7720 (w=0.100) | val_AP=0.5555 test_AP=0.5227
Epoch 115/1000 [29.5s mem=21003MB] | loss=1.1825 task=0.1458 recon=10.3673 (w=0.100) | val_AP=0.5441 test_AP=0.5055
Epoch 116/1000 [29.7s mem=21002MB] | loss=1.2071 task=0.1502 recon=10.5693 (w=0.100) | val_AP=0.5586 test_AP=0.5036
Epoch 117/1000 [29.8s mem=21003MB] | loss=1.1936 task=0.1510 recon=10.4266 (w=0.100) | val_AP=0.5420 test_AP=0.5188
Epoch 118/1000 [29.5s mem=21003MB] | loss=1.1913 task=0.1491 recon=10.4219 (w=0.100) | val_AP=0.5520 test_AP=0.5257
Epoch 119/1000 [29.2s mem=21004MB] | loss=1.2123 task=0.1487 recon=10.6359 (w=0.100) | val_AP=0.5639 test_AP=0.5203
  -> New best val AP=0.5639
Epoch 120/1000 [29.4s mem=21004MB] | loss=1.1793 task=0.1479 recon=10.3149 (w=0.100) | val_AP=0.5456 test_AP=0.5199
Epoch 121/1000 [29.3s mem=21004MB] | loss=1.1787 task=0.1447 recon=10.3403 (w=0.100) | val_AP=0.5383 test_AP=0.5127
Epoch 122/1000 [29.0s mem=21003MB] | loss=1.1820 task=0.1426 recon=10.3940 (w=0.100) | val_AP=0.5586 test_AP=0.5190
Epoch 123/1000 [29.1s mem=21004MB] | loss=1.2167 task=0.1464 recon=10.7023 (w=0.100) | val_AP=0.5533 test_AP=0.5174
Epoch 124/1000 [29.7s mem=21005MB] | loss=1.2120 task=0.1477 recon=10.6429 (w=0.100) | val_AP=0.5554 test_AP=0.5392
Epoch 125/1000 [29.7s mem=21003MB] | loss=1.2200 task=0.1493 recon=10.7072 (w=0.100) | val_AP=0.5541 test_AP=0.5185
Epoch 126/1000 [30.0s mem=21003MB] | loss=1.1939 task=0.1456 recon=10.4830 (w=0.100) | val_AP=0.5512 test_AP=0.5217
Epoch 127/1000 [30.1s mem=21003MB] | loss=1.1936 task=0.1466 recon=10.4702 (w=0.100) | val_AP=0.5624 test_AP=0.5240
Epoch 128/1000 [29.4s mem=21003MB] | loss=1.1954 task=0.1446 recon=10.5083 (w=0.100) | val_AP=0.5511 test_AP=0.5244
Epoch 129/1000 [29.2s mem=21005MB] | loss=1.1977 task=0.1472 recon=10.5049 (w=0.100) | val_AP=0.5529 test_AP=0.5221
Epoch 130/1000 [29.2s mem=21003MB] | loss=1.2300 task=0.1481 recon=10.8191 (w=0.100) | val_AP=0.5536 test_AP=0.5328
Epoch 131/1000 [29.2s mem=21002MB] | loss=1.1630 task=0.1438 recon=10.1920 (w=0.100) | val_AP=0.5517 test_AP=0.5220
Epoch 132/1000 [30.0s mem=20997MB] | loss=1.1701 task=0.1469 recon=10.2317 (w=0.100) | val_AP=0.5602 test_AP=0.5290
Epoch 133/1000 [29.2s mem=21003MB] | loss=1.1667 task=0.1435 recon=10.2316 (w=0.100) | val_AP=0.5628 test_AP=0.5148
Epoch 134/1000 [30.6s mem=21002MB] | loss=1.1624 task=0.1458 recon=10.1661 (w=0.100) | val_AP=0.5434 test_AP=0.5205
Epoch 135/1000 [29.3s mem=21004MB] | loss=1.1784 task=0.1454 recon=10.3303 (w=0.100) | val_AP=0.5497 test_AP=0.5239
Epoch 136/1000 [30.0s mem=21004MB] | loss=1.1649 task=0.1459 recon=10.1899 (w=0.100) | val_AP=0.5583 test_AP=0.5180
Epoch 137/1000 [30.4s mem=21004MB] | loss=1.1714 task=0.1446 recon=10.2674 (w=0.100) | val_AP=0.5446 test_AP=0.5214
Epoch 138/1000 [29.6s mem=21004MB] | loss=1.1644 task=0.1465 recon=10.1790 (w=0.100) | val_AP=0.5516 test_AP=0.5296
Epoch 139/1000 [30.0s mem=21003MB] | loss=1.1443 task=0.1445 recon=9.9979 (w=0.100) | val_AP=0.5521 test_AP=0.5272
Epoch 140/1000 [29.5s mem=21002MB] | loss=1.1707 task=0.1452 recon=10.2546 (w=0.100) | val_AP=0.5566 test_AP=0.5280
Epoch 141/1000 [29.4s mem=21004MB] | loss=1.1821 task=0.1499 recon=10.3218 (w=0.100) | val_AP=0.5391 test_AP=0.5103
Epoch 142/1000 [29.3s mem=21005MB] | loss=1.1562 task=0.1471 recon=10.0914 (w=0.100) | val_AP=0.5488 test_AP=0.5118
Epoch 143/1000 [29.6s mem=21004MB] | loss=1.1829 task=0.1460 recon=10.3688 (w=0.100) | val_AP=0.5639 test_AP=0.5317
Epoch 144/1000 [29.5s mem=21004MB] | loss=1.1860 task=0.1463 recon=10.3967 (w=0.100) | val_AP=0.5507 test_AP=0.5181
Epoch 145/1000 [31.3s mem=21004MB] | loss=1.1823 task=0.1449 recon=10.3741 (w=0.100) | val_AP=0.5517 test_AP=0.5207
Epoch 146/1000 [30.1s mem=21004MB] | loss=1.1911 task=0.1485 recon=10.4264 (w=0.100) | val_AP=0.5561 test_AP=0.5258
Epoch 147/1000 [30.3s mem=21004MB] | loss=1.1939 task=0.1463 recon=10.4763 (w=0.100) | val_AP=0.5580 test_AP=0.5198
Epoch 148/1000 [31.5s mem=21003MB] | loss=1.2021 task=0.1469 recon=10.5512 (w=0.100) | val_AP=0.5592 test_AP=0.5193
Epoch 149/1000 [29.7s mem=21004MB] | loss=1.2085 task=0.1492 recon=10.5929 (w=0.100) | val_AP=0.5656 test_AP=0.5220
  -> New best val AP=0.5656
Epoch 150/1000 [29.2s mem=21003MB] | loss=1.1830 task=0.1456 recon=10.3740 (w=0.100) | val_AP=0.5658 test_AP=0.5280
  -> New best val AP=0.5658
Epoch 151/1000 [29.5s mem=21004MB] | loss=1.1913 task=0.1504 recon=10.4095 (w=0.100) | val_AP=0.5461 test_AP=0.5306
Epoch 152/1000 [31.0s mem=21004MB] | loss=1.1791 task=0.1470 recon=10.3219 (w=0.100) | val_AP=0.5570 test_AP=0.5370
Epoch 153/1000 [30.8s mem=21002MB] | loss=1.1445 task=0.1458 recon=9.9867 (w=0.100) | val_AP=0.5532 test_AP=0.5261
Epoch 154/1000 [29.5s mem=21002MB] | loss=1.1477 task=0.1466 recon=10.0115 (w=0.100) | val_AP=0.5486 test_AP=0.5189
Epoch 155/1000 [29.4s mem=21004MB] | loss=1.1340 task=0.1440 recon=9.8999 (w=0.100) | val_AP=0.5659 test_AP=0.5349
  -> New best val AP=0.5659
Epoch 156/1000 [29.4s mem=21004MB] | loss=1.1549 task=0.1452 recon=10.0971 (w=0.100) | val_AP=0.5508 test_AP=0.5283
Epoch 157/1000 [29.4s mem=21004MB] | loss=1.1408 task=0.1416 recon=9.9927 (w=0.100) | val_AP=0.5578 test_AP=0.5228
Epoch 158/1000 [30.2s mem=21003MB] | loss=1.1470 task=0.1431 recon=10.0391 (w=0.100) | val_AP=0.5408 test_AP=0.5250
Epoch 159/1000 [29.3s mem=21004MB] | loss=1.1550 task=0.1448 recon=10.1017 (w=0.100) | val_AP=0.5490 test_AP=0.5171
Epoch 160/1000 [29.4s mem=21002MB] | loss=1.1616 task=0.1442 recon=10.1734 (w=0.100) | val_AP=0.5540 test_AP=0.5288
Epoch 161/1000 [29.1s mem=21004MB] | loss=1.1602 task=0.1470 recon=10.1321 (w=0.100) | val_AP=0.5577 test_AP=0.5341
Epoch 162/1000 [29.1s mem=21004MB] | loss=1.1551 task=0.1464 recon=10.0867 (w=0.100) | val_AP=0.5521 test_AP=0.5224
Epoch 163/1000 [29.7s mem=21003MB] | loss=1.1587 task=0.1456 recon=10.1316 (w=0.100) | val_AP=0.5498 test_AP=0.5194
Epoch 164/1000 [29.6s mem=21003MB] | loss=1.1353 task=0.1439 recon=9.9134 (w=0.100) | val_AP=0.5592 test_AP=0.5353
Epoch 165/1000 [29.4s mem=21004MB] | loss=1.1249 task=0.1416 recon=9.8330 (w=0.100) | val_AP=0.5391 test_AP=0.4998
Epoch 166/1000 [29.4s mem=21002MB] | loss=1.1540 task=0.1460 recon=10.0802 (w=0.100) | val_AP=0.5429 test_AP=0.5223
Epoch 167/1000 [29.7s mem=21005MB] | loss=1.1412 task=0.1422 recon=9.9891 (w=0.100) | val_AP=0.5665 test_AP=0.5375
  -> New best val AP=0.5665
Epoch 168/1000 [29.3s mem=21003MB] | loss=1.1462 task=0.1407 recon=10.0550 (w=0.100) | val_AP=0.5523 test_AP=0.5330
Epoch 169/1000 [30.1s mem=21003MB] | loss=1.1379 task=0.1414 recon=9.9652 (w=0.100) | val_AP=0.5592 test_AP=0.5311
Epoch 170/1000 [29.3s mem=21003MB] | loss=1.1347 task=0.1414 recon=9.9326 (w=0.100) | val_AP=0.5635 test_AP=0.5235
Epoch 171/1000 [29.8s mem=21003MB] | loss=1.1801 task=0.1435 recon=10.3667 (w=0.100) | val_AP=0.5512 test_AP=0.5263
Epoch 172/1000 [29.4s mem=21004MB] | loss=1.1246 task=0.1410 recon=9.8369 (w=0.100) | val_AP=0.5470 test_AP=0.5299
Epoch 173/1000 [30.3s mem=21002MB] | loss=1.1856 task=0.1437 recon=10.4199 (w=0.100) | val_AP=0.5627 test_AP=0.5299
Epoch 174/1000 [29.4s mem=20999MB] | loss=1.1492 task=0.1421 recon=10.0711 (w=0.100) | val_AP=0.5597 test_AP=0.5250
Epoch 175/1000 [29.3s mem=21003MB] | loss=1.1520 task=0.1434 recon=10.0858 (w=0.100) | val_AP=0.5606 test_AP=0.5354
Epoch 176/1000 [29.4s mem=21003MB] | loss=1.1726 task=0.1471 recon=10.2548 (w=0.100) | val_AP=0.5526 test_AP=0.5217
Epoch 177/1000 [30.2s mem=21004MB] | loss=1.1411 task=0.1434 recon=9.9766 (w=0.100) | val_AP=0.5656 test_AP=0.5413
Epoch 178/1000 [29.7s mem=21003MB] | loss=1.1577 task=0.1448 recon=10.1290 (w=0.100) | val_AP=0.5620 test_AP=0.5393
Epoch 179/1000 [30.1s mem=21002MB] | loss=1.1289 task=0.1420 recon=9.8696 (w=0.100) | val_AP=0.5632 test_AP=0.5286
Epoch 180/1000 [29.5s mem=21003MB] | loss=1.1376 task=0.1430 recon=9.9453 (w=0.100) | val_AP=0.5512 test_AP=0.5186
Epoch 181/1000 [29.7s mem=21003MB] | loss=1.1196 task=0.1487 recon=9.7092 (w=0.100) | val_AP=0.5641 test_AP=0.5363
Epoch 182/1000 [30.4s mem=21004MB] | loss=1.1436 task=0.1459 recon=9.9766 (w=0.100) | val_AP=0.5564 test_AP=0.5271
Epoch 183/1000 [29.8s mem=20995MB] | loss=1.1342 task=0.1430 recon=9.9125 (w=0.100) | val_AP=0.5629 test_AP=0.5330
Epoch 184/1000 [29.3s mem=21005MB] | loss=1.1405 task=0.1468 recon=9.9370 (w=0.100) | val_AP=0.5506 test_AP=0.5282
Epoch 185/1000 [29.3s mem=21006MB] | loss=1.1373 task=0.1435 recon=9.9382 (w=0.100) | val_AP=0.5499 test_AP=0.5361
Epoch 186/1000 [29.3s mem=21003MB] | loss=1.1463 task=0.1455 recon=10.0080 (w=0.100) | val_AP=0.5529 test_AP=0.5415
Epoch 187/1000 [29.2s mem=21005MB] | loss=1.1633 task=0.1428 recon=10.2050 (w=0.100) | val_AP=0.5571 test_AP=0.5324
Epoch 188/1000 [29.3s mem=21006MB] | loss=1.1346 task=0.1422 recon=9.9235 (w=0.100) | val_AP=0.5605 test_AP=0.5321
Epoch 189/1000 [29.5s mem=20250MB] | loss=1.1163 task=0.1423 recon=9.7407 (w=0.100) | val_AP=0.5556 test_AP=0.5332
Epoch 190/1000 [29.2s mem=21005MB] | loss=1.1135 task=0.1441 recon=9.6943 (w=0.100) | val_AP=0.5556 test_AP=0.5192
Epoch 191/1000 [30.0s mem=21004MB] | loss=1.1247 task=0.1423 recon=9.8231 (w=0.100) | val_AP=0.5684 test_AP=0.5122
  -> New best val AP=0.5684
Epoch 192/1000 [29.3s mem=21003MB] | loss=1.1295 task=0.1422 recon=9.8735 (w=0.100) | val_AP=0.5627 test_AP=0.5244
Epoch 193/1000 [29.6s mem=21003MB] | loss=1.1305 task=0.1473 recon=9.8321 (w=0.100) | val_AP=0.5548 test_AP=0.5173
Epoch 194/1000 [29.6s mem=21003MB] | loss=1.1354 task=0.1485 recon=9.8687 (w=0.100) | val_AP=0.5582 test_AP=0.5342
Epoch 195/1000 [29.6s mem=21004MB] | loss=1.1166 task=0.1403 recon=9.7638 (w=0.100) | val_AP=0.5657 test_AP=0.5388
Epoch 196/1000 [29.5s mem=21002MB] | loss=1.1201 task=0.1432 recon=9.7687 (w=0.100) | val_AP=0.5396 test_AP=0.5251
Epoch 197/1000 [29.6s mem=21003MB] | loss=1.1405 task=0.1438 recon=9.9664 (w=0.100) | val_AP=0.5496 test_AP=0.5297
Epoch 198/1000 [29.4s mem=21002MB] | loss=1.1306 task=0.1455 recon=9.8509 (w=0.100) | val_AP=0.5557 test_AP=0.5319
Epoch 199/1000 [29.4s mem=21004MB] | loss=1.1151 task=0.1398 recon=9.7531 (w=0.100) | val_AP=0.5688 test_AP=0.5402
  -> New best val AP=0.5688
Epoch 200/1000 [29.3s mem=21004MB] | loss=1.1036 task=0.1449 recon=9.5871 (w=0.100) | val_AP=0.5571 test_AP=0.5260
Epoch 201/1000 [29.6s mem=21003MB] | loss=1.1211 task=0.1445 recon=9.7660 (w=0.100) | val_AP=0.5389 test_AP=0.5205
Epoch 202/1000 [29.0s mem=21003MB] | loss=1.1043 task=0.1417 recon=9.6261 (w=0.100) | val_AP=0.5489 test_AP=0.5316
Epoch 203/1000 [29.7s mem=21005MB] | loss=1.0909 task=0.1417 recon=9.4914 (w=0.100) | val_AP=0.5594 test_AP=0.5168
Epoch 204/1000 [29.3s mem=21005MB] | loss=1.0924 task=0.1428 recon=9.4953 (w=0.100) | val_AP=0.5600 test_AP=0.5273
Epoch 205/1000 [30.7s mem=21004MB] | loss=1.1167 task=0.1430 recon=9.7376 (w=0.100) | val_AP=0.5577 test_AP=0.5290
Epoch 206/1000 [29.4s mem=21003MB] | loss=1.1567 task=0.1450 recon=10.1171 (w=0.100) | val_AP=0.5565 test_AP=0.5274
Epoch 207/1000 [29.1s mem=21002MB] | loss=1.1115 task=0.1424 recon=9.6910 (w=0.100) | val_AP=0.5514 test_AP=0.5388
Epoch 208/1000 [29.2s mem=21003MB] | loss=1.1323 task=0.1432 recon=9.8918 (w=0.100) | val_AP=0.5520 test_AP=0.5322
Epoch 209/1000 [29.3s mem=21003MB] | loss=1.1326 task=0.1450 recon=9.8762 (w=0.100) | val_AP=0.5442 test_AP=0.5149
Epoch 210/1000 [29.2s mem=21003MB] | loss=1.1149 task=0.1420 recon=9.7289 (w=0.100) | val_AP=0.5651 test_AP=0.5345
Epoch 211/1000 [29.2s mem=21003MB] | loss=1.1228 task=0.1453 recon=9.7745 (w=0.100) | val_AP=0.5534 test_AP=0.5265
Epoch 212/1000 [29.6s mem=21005MB] | loss=1.0973 task=0.1449 recon=9.5244 (w=0.100) | val_AP=0.5528 test_AP=0.5069
Epoch 213/1000 [29.8s mem=20996MB] | loss=1.1059 task=0.1459 recon=9.6003 (w=0.100) | val_AP=0.5549 test_AP=0.5381
Epoch 214/1000 [29.5s mem=21003MB] | loss=1.0926 task=0.1435 recon=9.4908 (w=0.100) | val_AP=0.5675 test_AP=0.5286
Epoch 215/1000 [29.2s mem=21003MB] | loss=1.0901 task=0.1429 recon=9.4714 (w=0.100) | val_AP=0.5642 test_AP=0.5335
Epoch 216/1000 [29.4s mem=21006MB] | loss=1.1158 task=0.1393 recon=9.7641 (w=0.100) | val_AP=0.5600 test_AP=0.5268
Epoch 217/1000 [29.5s mem=21004MB] | loss=1.1113 task=0.1408 recon=9.7050 (w=0.100) | val_AP=0.5604 test_AP=0.5370
Epoch 218/1000 [29.3s mem=21005MB] | loss=1.1032 task=0.1440 recon=9.5922 (w=0.100) | val_AP=0.5466 test_AP=0.5323
Epoch 219/1000 [29.1s mem=21002MB] | loss=1.1148 task=0.1448 recon=9.6993 (w=0.100) | val_AP=0.5594 test_AP=0.5239
Epoch 220/1000 [29.2s mem=21004MB] | loss=1.0913 task=0.1409 recon=9.5041 (w=0.100) | val_AP=0.5536 test_AP=0.5257
Epoch 221/1000 [29.4s mem=21003MB] | loss=1.0833 task=0.1433 recon=9.4002 (w=0.100) | val_AP=0.5497 test_AP=0.5362
Epoch 222/1000 [29.2s mem=21002MB] | loss=1.0795 task=0.1381 recon=9.4147 (w=0.100) | val_AP=0.5590 test_AP=0.5303
Epoch 223/1000 [29.8s mem=21004MB] | loss=1.1034 task=0.1410 recon=9.6243 (w=0.100) | val_AP=0.5416 test_AP=0.5310
Epoch 224/1000 [29.2s mem=21004MB] | loss=1.1215 task=0.1427 recon=9.7882 (w=0.100) | val_AP=0.5549 test_AP=0.5238
Epoch 225/1000 [29.2s mem=21004MB] | loss=1.1112 task=0.1449 recon=9.6625 (w=0.100) | val_AP=0.5630 test_AP=0.5267
Epoch 226/1000 [29.6s mem=21002MB] | loss=1.1130 task=0.1423 recon=9.7065 (w=0.100) | val_AP=0.5526 test_AP=0.5258
Epoch 227/1000 [29.4s mem=21005MB] | loss=1.1062 task=0.1390 recon=9.6726 (w=0.100) | val_AP=0.5574 test_AP=0.5373
Epoch 228/1000 [29.4s mem=21002MB] | loss=1.1176 task=0.1481 recon=9.6955 (w=0.100) | val_AP=0.5620 test_AP=0.5268
Epoch 229/1000 [29.4s mem=21004MB] | loss=1.0960 task=0.1426 recon=9.5339 (w=0.100) | val_AP=0.5422 test_AP=0.5170
Epoch 230/1000 [29.3s mem=21003MB] | loss=1.1003 task=0.1446 recon=9.5564 (w=0.100) | val_AP=0.5462 test_AP=0.5234
Epoch 231/1000 [29.7s mem=21000MB] | loss=1.0907 task=0.1422 recon=9.4852 (w=0.100) | val_AP=0.5611 test_AP=0.5334
Epoch 232/1000 [30.0s mem=21004MB] | loss=1.0811 task=0.1442 recon=9.3689 (w=0.100) | val_AP=0.5554 test_AP=0.5277
Epoch 233/1000 [29.5s mem=21004MB] | loss=1.0938 task=0.1430 recon=9.5080 (w=0.100) | val_AP=0.5611 test_AP=0.5339
Epoch 234/1000 [31.0s mem=21003MB] | loss=1.0880 task=0.1405 recon=9.4745 (w=0.100) | val_AP=0.5661 test_AP=0.5255
Epoch 235/1000 [29.6s mem=21003MB] | loss=1.1291 task=0.1454 recon=9.8366 (w=0.100) | val_AP=0.5561 test_AP=0.5351
Epoch 236/1000 [29.8s mem=21003MB] | loss=1.0784 task=0.1427 recon=9.3563 (w=0.100) | val_AP=0.5485 test_AP=0.5239
Epoch 237/1000 [29.7s mem=21003MB] | loss=1.0773 task=0.1407 recon=9.3658 (w=0.100) | val_AP=0.5593 test_AP=0.5260
Epoch 238/1000 [29.8s mem=21003MB] | loss=1.0726 task=0.1412 recon=9.3135 (w=0.100) | val_AP=0.5656 test_AP=0.5220
Epoch 239/1000 [29.7s mem=21004MB] | loss=1.0725 task=0.1415 recon=9.3107 (w=0.100) | val_AP=0.5420 test_AP=0.5154
Epoch 240/1000 [29.4s mem=21006MB] | loss=1.0778 task=0.1404 recon=9.3746 (w=0.100) | val_AP=0.5554 test_AP=0.5208
Epoch 241/1000 [29.5s mem=21004MB] | loss=1.0966 task=0.1453 recon=9.5135 (w=0.100) | val_AP=0.5678 test_AP=0.5318
Epoch 242/1000 [29.2s mem=21005MB] | loss=1.0741 task=0.1446 recon=9.2950 (w=0.100) | val_AP=0.5545 test_AP=0.5237
Epoch 243/1000 [29.2s mem=21003MB] | loss=1.0702 task=0.1439 recon=9.2634 (w=0.100) | val_AP=0.5573 test_AP=0.5264
Epoch 244/1000 [29.3s mem=21004MB] | loss=1.0911 task=0.1444 recon=9.4663 (w=0.100) | val_AP=0.5538 test_AP=0.5316
Epoch 245/1000 [29.5s mem=21003MB] | loss=1.0867 task=0.1423 recon=9.4439 (w=0.100) | val_AP=0.5520 test_AP=0.5238
Epoch 246/1000 [29.5s mem=21003MB] | loss=1.0920 task=0.1431 recon=9.4888 (w=0.100) | val_AP=0.5663 test_AP=0.5332
Epoch 247/1000 [29.7s mem=21004MB] | loss=1.0878 task=0.1391 recon=9.4873 (w=0.100) | val_AP=0.5641 test_AP=0.5343
Epoch 248/1000 [29.5s mem=21004MB] | loss=1.0785 task=0.1415 recon=9.3697 (w=0.100) | val_AP=0.5452 test_AP=0.5324
Epoch 249/1000 [29.3s mem=21002MB] | loss=1.0803 task=0.1410 recon=9.3932 (w=0.100) | val_AP=0.5697 test_AP=0.5369
  -> New best val AP=0.5697
Epoch 250/1000 [29.3s mem=21004MB] | loss=1.0824 task=0.1408 recon=9.4158 (w=0.100) | val_AP=0.5582 test_AP=0.5302
Epoch 251/1000 [29.9s mem=20995MB] | loss=1.0656 task=0.1393 recon=9.2630 (w=0.100) | val_AP=0.5583 test_AP=0.5378
Epoch 252/1000 [29.3s mem=21004MB] | loss=1.0692 task=0.1405 recon=9.2872 (w=0.100) | val_AP=0.5429 test_AP=0.5438
Epoch 253/1000 [29.0s mem=21004MB] | loss=1.0792 task=0.1448 recon=9.3435 (w=0.100) | val_AP=0.5544 test_AP=0.5254
Epoch 254/1000 [29.4s mem=21005MB] | loss=1.0841 task=0.1404 recon=9.4375 (w=0.100) | val_AP=0.5523 test_AP=0.5148
Epoch 255/1000 [29.8s mem=20997MB] | loss=1.1052 task=0.1481 recon=9.5714 (w=0.100) | val_AP=0.5620 test_AP=0.5347
Epoch 256/1000 [29.6s mem=21002MB] | loss=1.0855 task=0.1410 recon=9.4450 (w=0.100) | val_AP=0.5470 test_AP=0.5189
Epoch 257/1000 [29.2s mem=21005MB] | loss=1.0587 task=0.1412 recon=9.1747 (w=0.100) | val_AP=0.5663 test_AP=0.5335
Epoch 258/1000 [29.2s mem=21004MB] | loss=1.0644 task=0.1425 recon=9.2191 (w=0.100) | val_AP=0.5536 test_AP=0.5210
Epoch 259/1000 [29.3s mem=21003MB] | loss=1.0901 task=0.1425 recon=9.4760 (w=0.100) | val_AP=0.5523 test_AP=0.5258
Epoch 260/1000 [29.3s mem=21003MB] | loss=1.0679 task=0.1408 recon=9.2705 (w=0.100) | val_AP=0.5539 test_AP=0.5199
Epoch 261/1000 [29.5s mem=21003MB] | loss=1.0737 task=0.1416 recon=9.3209 (w=0.100) | val_AP=0.5514 test_AP=0.5258
Epoch 262/1000 [29.6s mem=21003MB] | loss=1.0791 task=0.1408 recon=9.3833 (w=0.100) | val_AP=0.5639 test_AP=0.5412
Epoch 263/1000 [29.3s mem=21004MB] | loss=1.0939 task=0.1409 recon=9.5303 (w=0.100) | val_AP=0.5661 test_AP=0.5399
Epoch 264/1000 [29.4s mem=21005MB] | loss=1.0907 task=0.1442 recon=9.4645 (w=0.100) | val_AP=0.5699 test_AP=0.5274
  -> New best val AP=0.5699
Epoch 265/1000 [29.7s mem=21004MB] | loss=1.0719 task=0.1419 recon=9.3000 (w=0.100) | val_AP=0.5606 test_AP=0.5281
Epoch 266/1000 [29.6s mem=21004MB] | loss=1.0725 task=0.1422 recon=9.3033 (w=0.100) | val_AP=0.5495 test_AP=0.5269
Epoch 267/1000 [29.8s mem=21006MB] | loss=1.0929 task=0.1409 recon=9.5201 (w=0.100) | val_AP=0.5680 test_AP=0.5361
Epoch 268/1000 [29.7s mem=21004MB] | loss=1.1076 task=0.1408 recon=9.6681 (w=0.100) | val_AP=0.5559 test_AP=0.5401
Epoch 269/1000 [30.1s mem=21002MB] | loss=1.1025 task=0.1428 recon=9.5978 (w=0.100) | val_AP=0.5374 test_AP=0.5123
Epoch 270/1000 [29.8s mem=21003MB] | loss=1.0976 task=0.1433 recon=9.5430 (w=0.100) | val_AP=0.5663 test_AP=0.5252
Epoch 271/1000 [29.1s mem=21004MB] | loss=1.1418 task=0.1431 recon=9.9870 (w=0.100) | val_AP=0.5521 test_AP=0.5272
Epoch 272/1000 [29.5s mem=21003MB] | loss=1.0804 task=0.1393 recon=9.4113 (w=0.100) | val_AP=0.5550 test_AP=0.5228
Epoch 273/1000 [29.3s mem=21003MB] | loss=1.0646 task=0.1396 recon=9.2500 (w=0.100) | val_AP=0.5616 test_AP=0.5227
Epoch 274/1000 [29.5s mem=21003MB] | loss=1.0854 task=0.1393 recon=9.4612 (w=0.100) | val_AP=0.5673 test_AP=0.5439
Epoch 275/1000 [29.6s mem=21004MB] | loss=1.0695 task=0.1415 recon=9.2806 (w=0.100) | val_AP=0.5726 test_AP=0.5266
  -> New best val AP=0.5726
Epoch 276/1000 [29.6s mem=21004MB] | loss=1.0744 task=0.1408 recon=9.3359 (w=0.100) | val_AP=0.5678 test_AP=0.5349
Epoch 277/1000 [29.4s mem=21005MB] | loss=1.0883 task=0.1387 recon=9.4967 (w=0.100) | val_AP=0.5628 test_AP=0.5169
Epoch 278/1000 [29.4s mem=21001MB] | loss=1.0734 task=0.1437 recon=9.2970 (w=0.100) | val_AP=0.5657 test_AP=0.5451
Epoch 279/1000 [29.5s mem=21003MB] | loss=1.0867 task=0.1412 recon=9.4552 (w=0.100) | val_AP=0.5519 test_AP=0.5162
Epoch 280/1000 [29.3s mem=21004MB] | loss=1.1035 task=0.1417 recon=9.6174 (w=0.100) | val_AP=0.5710 test_AP=0.5352
Epoch 281/1000 [29.5s mem=21003MB] | loss=1.0864 task=0.1406 recon=9.4583 (w=0.100) | val_AP=0.5648 test_AP=0.5431
Epoch 282/1000 [29.8s mem=21003MB] | loss=1.1081 task=0.1435 recon=9.6456 (w=0.100) | val_AP=0.5618 test_AP=0.5252
Epoch 283/1000 [29.5s mem=21004MB] | loss=1.0975 task=0.1417 recon=9.5582 (w=0.100) | val_AP=0.5655 test_AP=0.5331
Epoch 284/1000 [30.0s mem=21004MB] | loss=1.1197 task=0.1452 recon=9.7449 (w=0.100) | val_AP=0.5512 test_AP=0.5278
Epoch 285/1000 [30.8s mem=21001MB] | loss=1.1808 task=0.1441 recon=10.3670 (w=0.100) | val_AP=0.5510 test_AP=0.5287
Epoch 286/1000 [31.3s mem=21003MB] | loss=1.1074 task=0.1429 recon=9.6447 (w=0.100) | val_AP=0.5593 test_AP=0.5378
Epoch 287/1000 [30.8s mem=21003MB] | loss=1.0991 task=0.1456 recon=9.5350 (w=0.100) | val_AP=0.5618 test_AP=0.5179
Epoch 288/1000 [29.5s mem=21003MB] | loss=1.1262 task=0.1449 recon=9.8128 (w=0.100) | val_AP=0.5586 test_AP=0.5387
Epoch 289/1000 [29.9s mem=21002MB] | loss=1.0720 task=0.1417 recon=9.3021 (w=0.100) | val_AP=0.5498 test_AP=0.5399
Epoch 290/1000 [29.9s mem=21004MB] | loss=1.0678 task=0.1380 recon=9.2982 (w=0.100) | val_AP=0.5503 test_AP=0.5228
Epoch 291/1000 [29.2s mem=21003MB] | loss=1.0522 task=0.1402 recon=9.1198 (w=0.100) | val_AP=0.5569 test_AP=0.5301
Epoch 292/1000 [29.7s mem=21002MB] | loss=1.0487 task=0.1398 recon=9.0898 (w=0.100) | val_AP=0.5463 test_AP=0.5224
Epoch 293/1000 [29.9s mem=21005MB] | loss=1.0606 task=0.1416 recon=9.1904 (w=0.100) | val_AP=0.5463 test_AP=0.5298
Epoch 294/1000 [29.0s mem=21004MB] | loss=1.0605 task=0.1419 recon=9.1865 (w=0.100) | val_AP=0.5731 test_AP=0.5271
  -> New best val AP=0.5731
Epoch 295/1000 [30.1s mem=21002MB] | loss=1.0465 task=0.1418 recon=9.0470 (w=0.100) | val_AP=0.5604 test_AP=0.5209
Epoch 296/1000 [31.5s mem=20998MB] | loss=1.0488 task=0.1422 recon=9.0658 (w=0.100) | val_AP=0.5623 test_AP=0.5362
Epoch 297/1000 [31.2s mem=21003MB] | loss=1.0321 task=0.1385 recon=8.9358 (w=0.100) | val_AP=0.5614 test_AP=0.5261
Epoch 298/1000 [30.5s mem=21003MB] | loss=1.0713 task=0.1428 recon=9.2853 (w=0.100) | val_AP=0.5568 test_AP=0.5268
Epoch 299/1000 [30.3s mem=21004MB] | loss=1.0654 task=0.1421 recon=9.2335 (w=0.100) | val_AP=0.5632 test_AP=0.5317
Epoch 300/1000 [29.9s mem=21004MB] | loss=1.0572 task=0.1395 recon=9.1772 (w=0.100) | val_AP=0.5698 test_AP=0.5357
Epoch 301/1000 [29.1s mem=21004MB] | loss=1.0549 task=0.1412 recon=9.1374 (w=0.100) | val_AP=0.5547 test_AP=0.5380
Epoch 302/1000 [30.0s mem=21005MB] | loss=1.0465 task=0.1389 recon=9.0754 (w=0.100) | val_AP=0.5626 test_AP=0.5201
Epoch 303/1000 [29.2s mem=21003MB] | loss=1.0773 task=0.1402 recon=9.3707 (w=0.100) | val_AP=0.5619 test_AP=0.5260
Epoch 304/1000 [29.6s mem=21005MB] | loss=1.0979 task=0.1420 recon=9.5597 (w=0.100) | val_AP=0.5616 test_AP=0.5265
Epoch 305/1000 [29.5s mem=21002MB] | loss=1.0840 task=0.1410 recon=9.4296 (w=0.100) | val_AP=0.5599 test_AP=0.5277
Epoch 306/1000 [29.2s mem=21003MB] | loss=1.0846 task=0.1425 recon=9.4210 (w=0.100) | val_AP=0.5405 test_AP=0.5314
Epoch 307/1000 [29.9s mem=21004MB] | loss=1.1064 task=0.1418 recon=9.6464 (w=0.100) | val_AP=0.5780 test_AP=0.5336
  -> New best val AP=0.5780
Epoch 308/1000 [29.5s mem=21004MB] | loss=1.0846 task=0.1417 recon=9.4283 (w=0.100) | val_AP=0.5618 test_AP=0.5333
Epoch 309/1000 [29.4s mem=21003MB] | loss=1.0647 task=0.1389 recon=9.2583 (w=0.100) | val_AP=0.5625 test_AP=0.5266
Epoch 310/1000 [29.6s mem=21001MB] | loss=1.0705 task=0.1422 recon=9.2831 (w=0.100) | val_AP=0.5626 test_AP=0.5342
Epoch 311/1000 [30.1s mem=21005MB] | loss=1.0727 task=0.1396 recon=9.3301 (w=0.100) | val_AP=0.5603 test_AP=0.5249
Epoch 312/1000 [29.9s mem=21004MB] | loss=1.0420 task=0.1373 recon=9.0470 (w=0.100) | val_AP=0.5646 test_AP=0.5325
Epoch 313/1000 [29.7s mem=21004MB] | loss=1.0609 task=0.1401 recon=9.2074 (w=0.100) | val_AP=0.5630 test_AP=0.5326
Epoch 314/1000 [29.9s mem=21005MB] | loss=1.0768 task=0.1447 recon=9.3217 (w=0.100) | val_AP=0.5484 test_AP=0.5220
Epoch 315/1000 [29.9s mem=21003MB] | loss=1.0829 task=0.1441 recon=9.3875 (w=0.100) | val_AP=0.5651 test_AP=0.5311
Epoch 316/1000 [29.9s mem=21002MB] | loss=1.1153 task=0.1435 recon=9.7175 (w=0.100) | val_AP=0.5574 test_AP=0.5412
Epoch 317/1000 [31.2s mem=21003MB] | loss=1.0703 task=0.1415 recon=9.2884 (w=0.100) | val_AP=0.5738 test_AP=0.5326
Epoch 318/1000 [29.7s mem=21006MB] | loss=1.0792 task=0.1415 recon=9.3773 (w=0.100) | val_AP=0.5563 test_AP=0.5221
Epoch 319/1000 [30.4s mem=21003MB] | loss=1.0703 task=0.1384 recon=9.3189 (w=0.100) | val_AP=0.5626 test_AP=0.5258
Epoch 320/1000 [29.5s mem=21004MB] | loss=1.0657 task=0.1406 recon=9.2511 (w=0.100) | val_AP=0.5562 test_AP=0.5374
Epoch 321/1000 [30.9s mem=21005MB] | loss=1.0961 task=0.1416 recon=9.5443 (w=0.100) | val_AP=0.5513 test_AP=0.5259
Epoch 322/1000 [30.7s mem=21005MB] | loss=1.0902 task=0.1420 recon=9.4820 (w=0.100) | val_AP=0.5707 test_AP=0.5493
Epoch 323/1000 [29.6s mem=21002MB] | loss=1.0577 task=0.1405 recon=9.1720 (w=0.100) | val_AP=0.5523 test_AP=0.5351
Epoch 324/1000 [29.3s mem=21003MB] | loss=1.0599 task=0.1394 recon=9.2054 (w=0.100) | val_AP=0.5606 test_AP=0.5270
Epoch 325/1000 [29.7s mem=21004MB] | loss=1.0766 task=0.1416 recon=9.3497 (w=0.100) | val_AP=0.5679 test_AP=0.5327
Epoch 326/1000 [29.1s mem=21003MB] | loss=1.0680 task=0.1408 recon=9.2722 (w=0.100) | val_AP=0.5551 test_AP=0.5261
Epoch 327/1000 [29.1s mem=21004MB] | loss=1.0632 task=0.1411 recon=9.2215 (w=0.100) | val_AP=0.5587 test_AP=0.5223
Epoch 328/1000 [29.2s mem=21002MB] | loss=1.0514 task=0.1430 recon=9.0841 (w=0.100) | val_AP=0.5580 test_AP=0.5395
Epoch 329/1000 [29.5s mem=21004MB] | loss=1.0639 task=0.1391 recon=9.2478 (w=0.100) | val_AP=0.5560 test_AP=0.5268
Epoch 330/1000 [29.4s mem=21002MB] | loss=1.1015 task=0.1395 recon=9.6203 (w=0.100) | val_AP=0.5606 test_AP=0.5270
Epoch 331/1000 [29.5s mem=21004MB] | loss=1.0924 task=0.1384 recon=9.5403 (w=0.100) | val_AP=0.5696 test_AP=0.5335
Epoch 332/1000 [29.3s mem=21005MB] | loss=1.0635 task=0.1389 recon=9.2465 (w=0.100) | val_AP=0.5455 test_AP=0.5341
Epoch 333/1000 [29.0s mem=21004MB] | loss=1.0538 task=0.1386 recon=9.1521 (w=0.100) | val_AP=0.5541 test_AP=0.5276
Epoch 334/1000 [29.2s mem=21002MB] | loss=1.0583 task=0.1401 recon=9.1822 (w=0.100) | val_AP=0.5677 test_AP=0.5330
Epoch 335/1000 [29.6s mem=21002MB] | loss=1.0670 task=0.1408 recon=9.2621 (w=0.100) | val_AP=0.5568 test_AP=0.5313
Epoch 336/1000 [29.8s mem=21002MB] | loss=1.0729 task=0.1378 recon=9.3517 (w=0.100) | val_AP=0.5576 test_AP=0.5422
Epoch 337/1000 [29.4s mem=21003MB] | loss=1.0660 task=0.1403 recon=9.2572 (w=0.100) | val_AP=0.5658 test_AP=0.5225
Epoch 338/1000 [29.4s mem=21003MB] | loss=1.0615 task=0.1428 recon=9.1868 (w=0.100) | val_AP=0.5634 test_AP=0.5393
Epoch 339/1000 [29.2s mem=21002MB] | loss=1.0691 task=0.1418 recon=9.2729 (w=0.100) | val_AP=0.5696 test_AP=0.5286
Epoch 340/1000 [29.7s mem=21001MB] | loss=1.0853 task=0.1376 recon=9.4773 (w=0.100) | val_AP=0.5622 test_AP=0.5266
Epoch 341/1000 [29.7s mem=21004MB] | loss=1.0878 task=0.1407 recon=9.4707 (w=0.100) | val_AP=0.5567 test_AP=0.5372
Epoch 342/1000 [31.3s mem=21003MB] | loss=1.0602 task=0.1393 recon=9.2092 (w=0.100) | val_AP=0.5613 test_AP=0.5465
Epoch 343/1000 [29.8s mem=21003MB] | loss=1.0660 task=0.1394 recon=9.2665 (w=0.100) | val_AP=0.5502 test_AP=0.5215
Epoch 344/1000 [29.2s mem=21004MB] | loss=1.0680 task=0.1411 recon=9.2686 (w=0.100) | val_AP=0.5742 test_AP=0.5478
Epoch 345/1000 [30.6s mem=21003MB] | loss=1.0511 task=0.1380 recon=9.1309 (w=0.100) | val_AP=0.5618 test_AP=0.5347
Epoch 346/1000 [29.6s mem=21004MB] | loss=1.0630 task=0.1422 recon=9.2084 (w=0.100) | val_AP=0.5557 test_AP=0.5397
Epoch 347/1000 [29.4s mem=21003MB] | loss=1.0639 task=0.1426 recon=9.2129 (w=0.100) | val_AP=0.5598 test_AP=0.5343
Epoch 348/1000 [29.2s mem=21004MB] | loss=1.0761 task=0.1440 recon=9.3208 (w=0.100) | val_AP=0.5365 test_AP=0.5212
Epoch 349/1000 [29.8s mem=21005MB] | loss=1.0756 task=0.1419 recon=9.3369 (w=0.100) | val_AP=0.5703 test_AP=0.5370
Epoch 350/1000 [30.6s mem=21005MB] | loss=1.0629 task=0.1409 recon=9.2198 (w=0.100) | val_AP=0.5674 test_AP=0.5291
Epoch 351/1000 [29.8s mem=21004MB] | loss=1.0640 task=0.1381 recon=9.2592 (w=0.100) | val_AP=0.5538 test_AP=0.5303
Epoch 352/1000 [30.0s mem=21004MB] | loss=1.1021 task=0.1410 recon=9.6114 (w=0.100) | val_AP=0.5591 test_AP=0.5311
Epoch 353/1000 [29.4s mem=21003MB] | loss=1.0598 task=0.1396 recon=9.2028 (w=0.100) | val_AP=0.5616 test_AP=0.5289
Epoch 354/1000 [30.5s mem=21005MB] | loss=1.0953 task=0.1390 recon=9.5633 (w=0.100) | val_AP=0.5506 test_AP=0.5230
Epoch 355/1000 [30.1s mem=21004MB] | loss=1.0509 task=0.1385 recon=9.1238 (w=0.100) | val_AP=0.5597 test_AP=0.5272
Epoch 356/1000 [31.2s mem=21005MB] | loss=1.0568 task=0.1398 recon=9.1692 (w=0.100) | val_AP=0.5653 test_AP=0.5337
Epoch 357/1000 [29.8s mem=21003MB] | loss=1.0594 task=0.1398 recon=9.1955 (w=0.100) | val_AP=0.5620 test_AP=0.5234
Early stopping at epoch 357. Best val AP=0.5780 at epoch 307.
Phase 3 done. Best val AP=0.5780 at epoch 307.
============================================================
PHASE 4: Augmented Evaluation (N + generated nodes)
  Backbone: vanilla_gt
============================================================
Baseline (Phase 1, no proxies):
  Val  AP=0.5933 loss=0.4360
  Test AP=0.5594 loss=0.4760
Augmented (N + 64 generated proxies = 2M):
  Val  AP=0.5360 loss=0.5115
  Test AP=0.5093 loss=0.5287
----------------------------------------
Phase 4 Summary:
  Val  AP: 0.5933 → 0.5360 (delta=-0.0573)
  Test AP: 0.5594 → 0.5093 (delta=-0.0501)
Results saved to checkpoints_indist_vanilla/phase4_results.pkl
============================================================
PHASE 5: End-to-End Fine-tuning
  Backbone: vanilla_gt
  Joint LR (model + generator): 1.00e-04
  Proxy dropout: 0.0
============================================================
Epoch   1/500 [joint][33.4s mem=30142MB] | train_loss=0.0792 train_AP=0.9120 | val_loss=0.4615 val_AP=0.5992 | test_AP=0.5701
  -> New best val AP=0.5992 (test=0.5701)
Epoch   2/500 [joint][34.1s mem=30142MB] | train_loss=0.0650 train_AP=0.9329 | val_loss=0.4804 val_AP=0.6011 | test_AP=0.5742
  -> New best val AP=0.6011 (test=0.5742)
Epoch   3/500 [joint][34.4s mem=30141MB] | train_loss=0.0607 train_AP=0.9414 | val_loss=0.4972 val_AP=0.6031 | test_AP=0.5776
  -> New best val AP=0.6031 (test=0.5776)
Epoch   4/500 [joint][34.5s mem=30142MB] | train_loss=0.0592 train_AP=0.9443 | val_loss=0.5197 val_AP=0.6007 | test_AP=0.5734
Epoch   5/500 [joint][34.0s mem=30144MB] | train_loss=0.0572 train_AP=0.9447 | val_loss=0.5272 val_AP=0.6024 | test_AP=0.5774
Epoch   6/500 [joint][33.6s mem=30142MB] | train_loss=0.0559 train_AP=0.9459 | val_loss=0.5504 val_AP=0.5988 | test_AP=0.5792
Epoch   7/500 [joint][34.0s mem=30146MB] | train_loss=0.0537 train_AP=0.9503 | val_loss=0.5590 val_AP=0.5997 | test_AP=0.5826
Epoch   8/500 [joint][34.4s mem=30143MB] | train_loss=0.0533 train_AP=0.9505 | val_loss=0.5662 val_AP=0.6028 | test_AP=0.5804
Epoch   9/500 [joint][33.4s mem=30141MB] | train_loss=0.0529 train_AP=0.9512 | val_loss=0.5673 val_AP=0.5987 | test_AP=0.5801
Epoch  10/500 [joint][33.8s mem=30144MB] | train_loss=0.0515 train_AP=0.9538 | val_loss=0.5893 val_AP=0.5974 | test_AP=0.5798
Epoch  11/500 [joint][34.6s mem=30143MB] | train_loss=0.0509 train_AP=0.9530 | val_loss=0.5845 val_AP=0.6004 | test_AP=0.5831
Epoch  12/500 [joint][34.5s mem=30147MB] | train_loss=0.0499 train_AP=0.9568 | val_loss=0.6078 val_AP=0.5929 | test_AP=0.5795
Epoch  13/500 [joint][33.5s mem=30144MB] | train_loss=0.0499 train_AP=0.9552 | val_loss=0.6107 val_AP=0.5906 | test_AP=0.5769
Epoch  14/500 [joint][34.0s mem=30145MB] | train_loss=0.0490 train_AP=0.9562 | val_loss=0.6272 val_AP=0.5957 | test_AP=0.5855
Epoch  15/500 [joint][33.2s mem=30144MB] | train_loss=0.0468 train_AP=0.9607 | val_loss=0.6310 val_AP=0.5930 | test_AP=0.5827
Epoch  16/500 [joint][33.7s mem=30147MB] | train_loss=0.0470 train_AP=0.9604 | val_loss=0.6479 val_AP=0.5968 | test_AP=0.5782
Epoch  17/500 [joint][33.6s mem=30122MB] | train_loss=0.0463 train_AP=0.9605 | val_loss=0.6328 val_AP=0.5987 | test_AP=0.5845
Epoch  18/500 [joint][34.1s mem=30145MB] | train_loss=0.0460 train_AP=0.9591 | val_loss=0.6651 val_AP=0.5924 | test_AP=0.5797
Epoch  19/500 [joint][33.5s mem=30144MB] | train_loss=0.0457 train_AP=0.9635 | val_loss=0.6681 val_AP=0.5893 | test_AP=0.5796
Epoch  20/500 [joint][33.4s mem=30147MB] | train_loss=0.0450 train_AP=0.9618 | val_loss=0.6708 val_AP=0.5931 | test_AP=0.5795
Epoch  21/500 [joint][33.8s mem=30141MB] | train_loss=0.0442 train_AP=0.9630 | val_loss=0.6860 val_AP=0.5899 | test_AP=0.5768
Epoch  22/500 [joint][33.8s mem=30141MB] | train_loss=0.0439 train_AP=0.9647 | val_loss=0.6784 val_AP=0.5933 | test_AP=0.5787
Epoch  23/500 [joint][33.5s mem=30139MB] | train_loss=0.0428 train_AP=0.9654 | val_loss=0.6909 val_AP=0.5919 | test_AP=0.5766
Epoch  24/500 [joint][33.4s mem=30146MB] | train_loss=0.0431 train_AP=0.9645 | val_loss=0.6949 val_AP=0.5935 | test_AP=0.5798
Epoch  25/500 [joint][33.6s mem=30145MB] | train_loss=0.0419 train_AP=0.9652 | val_loss=0.7024 val_AP=0.5931 | test_AP=0.5808
Epoch  26/500 [joint][33.5s mem=30144MB] | train_loss=0.0418 train_AP=0.9672 | val_loss=0.7181 val_AP=0.5919 | test_AP=0.5798
Epoch  27/500 [joint][34.3s mem=30142MB] | train_loss=0.0418 train_AP=0.9681 | val_loss=0.7323 val_AP=0.5911 | test_AP=0.5791
Epoch  28/500 [joint][33.6s mem=30144MB] | train_loss=0.0421 train_AP=0.9667 | val_loss=0.7333 val_AP=0.5873 | test_AP=0.5709
Epoch  29/500 [joint][33.4s mem=30139MB] | train_loss=0.0413 train_AP=0.9675 | val_loss=0.7328 val_AP=0.5894 | test_AP=0.5759
Epoch  30/500 [joint][33.7s mem=30144MB] | train_loss=0.0410 train_AP=0.9655 | val_loss=0.7384 val_AP=0.5908 | test_AP=0.5752
Epoch  31/500 [joint][33.3s mem=30142MB] | train_loss=0.0410 train_AP=0.9660 | val_loss=0.7381 val_AP=0.5882 | test_AP=0.5748
Epoch  32/500 [joint][33.1s mem=30142MB] | train_loss=0.0414 train_AP=0.9662 | val_loss=0.7380 val_AP=0.5874 | test_AP=0.5765
Epoch  33/500 [joint][33.1s mem=30143MB] | train_loss=0.0390 train_AP=0.9695 | val_loss=0.7585 val_AP=0.5863 | test_AP=0.5789
Epoch  34/500 [joint][34.9s mem=30141MB] | train_loss=0.0395 train_AP=0.9681 | val_loss=0.7714 val_AP=0.5899 | test_AP=0.5791
Epoch  35/500 [joint][33.2s mem=30142MB] | train_loss=0.0394 train_AP=0.9687 | val_loss=0.7651 val_AP=0.5910 | test_AP=0.5771
Epoch  36/500 [joint][34.0s mem=30145MB] | train_loss=0.0379 train_AP=0.9716 | val_loss=0.7816 val_AP=0.5928 | test_AP=0.5744
Epoch  37/500 [joint][33.1s mem=30146MB] | train_loss=0.0381 train_AP=0.9700 | val_loss=0.7747 val_AP=0.5921 | test_AP=0.5771
Epoch  38/500 [joint][33.3s mem=30141MB] | train_loss=0.0379 train_AP=0.9713 | val_loss=0.7892 val_AP=0.5920 | test_AP=0.5785
Epoch  39/500 [joint][33.8s mem=30144MB] | train_loss=0.0376 train_AP=0.9717 | val_loss=0.7936 val_AP=0.5898 | test_AP=0.5749
Epoch  40/500 [joint][34.4s mem=30145MB] | train_loss=0.0379 train_AP=0.9709 | val_loss=0.7972 val_AP=0.5877 | test_AP=0.5739
Epoch  41/500 [joint][34.1s mem=30144MB] | train_loss=0.0373 train_AP=0.9727 | val_loss=0.8008 val_AP=0.5902 | test_AP=0.5774
Epoch  42/500 [joint][33.4s mem=30143MB] | train_loss=0.0368 train_AP=0.9719 | val_loss=0.7979 val_AP=0.5882 | test_AP=0.5733
Epoch  43/500 [joint][33.7s mem=30143MB] | train_loss=0.0359 train_AP=0.9742 | val_loss=0.8124 val_AP=0.5901 | test_AP=0.5674
Early stopping at epoch 43. Best val AP=0.6031 at epoch 3.
Phase 5 done. Best val AP=0.6031 at epoch 3.
All requested phases complete.
