+ python3 main_indist.py --phase all
Args =  {'config': None, 'phase': 'all', 'generator': 'score_based', 'backbone': 'vanilla_gt', 'model_path': None, 'phase2_model_path': None, 'generator_path': None, 'hidden_dim': 128, 'num_layers': 6, 'num_heads': 8, 'output_dim': 10, 'dropout': 0.1, 'num_proxies': 64, 'proxy_multiplier': 2, 'use_lap_pe': False, 'lap_pe_dim': 8, 'state_dim': 88, 'num_gred_layers': 8, 'num_transformer_layers': 2, 'gred_expand': 1, 'r_min': 0.0, 'r_max': 1.0, 'max_phase_lru': 6.28, 'gred_act': 'full-glu', 'max_hops': 40, 'dist_mask_workers': 8, 'p1_lr': 0.0001, 'p1_weight_decay': 0.0003, 'p1_max_epochs': 500, 'p1_patience': 50, 'p1_grad_clip': 1.0, 'p2_lr': 0.0001, 'p2_weight_decay': 0.0003, 'p2_max_epochs': 500, 'p2_patience': 50, 'p2_grad_clip': 1.0, 'p3_lr': 0.0001, 'p3_weight_decay': 0.0003, 'p3_max_epochs': 500, 'p3_patience': 50, 'p3_grad_clip': 1.0, 'p3_eval_every': 1, 'p3_recon_weight': 0.05, 'p3_recon_anneal_to': 0.1, 'p3_recon_anneal_epochs': 100, 'p3_no_task_loss': False, 'p5_phase_a_epochs': 0, 'p5_lr_gen': 2e-05, 'p5_lr_model': 1e-05, 'p5_proxy_dropout': 0.1, 'p5_max_epochs': 500, 'p5_patience': 50, 'p5_grad_clip': 1.0, 'p5_weight_decay': 5e-05, 'novelty_temperature': 1.0, 'novelty_alpha': 0.0, 'novelty_alpha_node': 0.0, 'diversity_weight': 0.0, 'gen_hidden_dim': 256, 'gen_num_layers': 6, 'gen_num_heads': 8, 'gen_dropout': 0.2, 'pma_query_mode': 'farthest_point', 'coarsen_gnn_type': 'GIN', 'coarsen_reg_weight': 0.1, 'coarsen_reg_type': 'mincut', 'gnn_layers': 4, 'gnn_type': 'GINE', 'pool_types': ['max'], 'decode_hidden': 128, 'decode_layers': 3, 'idx_emb_dim': 128, 'decode_mode': 'shared', 'use_cross_attn_routing': False, 'num_cross_layers': 2, 'cross_attn_proxy_self_attn': True, 'proxy_insertion_layers': '-1', 'separate_proxy_generators': False, 'separate_proxy_routers': False, 'proxy_aux_loss_decay': 1.0, 'readout_scope': 'all_tokens', 'batch_size': 32, 'num_workers': 4, 'lr_min': 1e-07, 'warmup_ratio': 0.05, 'recurrent_lr_factor': 1.0, 'save_dir': 'checkpoints_indist', 'device': 'cuda'}
Saved code snapshot to checkpoints_indist/code_snapshot.zip

============================================================
PHASE 1: Pretrain Full Transformer (Baseline)
  Backbone: vanilla_gt
============================================================
  Parameters: 1,243,914
Traceback (most recent call last):
  File "/home1/sajan_rg/graphormer_eval/new_experiments/graph_exp_new/main_indist.py", line 1880, in <module>
    model_path = run_phase1(args)
  File "/home1/sajan_rg/graphormer_eval/new_experiments/graph_exp_new/main_indist.py", line 742, in run_phase1
    logits, _ = model(batch)
                ~~~~~^^^^^^^
  File "/home1/sajan_rg/.local/lib/python3.13/site-packages/torch/nn/modules/module.py", line 1779, in _wrapped_call_impl
    return self._call_impl(*args, **kwargs)
           ~~~~~~~~~~~~~~~^^^^^^^^^^^^^^^^^
  File "/home1/sajan_rg/.local/lib/python3.13/site-packages/torch/nn/modules/module.py", line 1790, in _call_impl
    return forward_call(*args, **kwargs)
  File "/home1/sajan_rg/graphormer_eval/new_experiments/graph_exp_new/models.py", line 248, in forward
    dense_x = layer(dense_x, aug_mask_final)
  File "/home1/sajan_rg/.local/lib/python3.13/site-packages/torch/nn/modules/module.py", line 1779, in _wrapped_call_impl
    return self._call_impl(*args, **kwargs)
           ~~~~~~~~~~~~~~~^^^^^^^^^^^^^^^^^
  File "/home1/sajan_rg/.local/lib/python3.13/site-packages/torch/nn/modules/module.py", line 1790, in _call_impl
    return forward_call(*args, **kwargs)
  File "/home1/sajan_rg/graphormer_eval/new_experiments/graph_exp_new/models.py", line 110, in forward
    attn = (q @ k.transpose(-2, -1)) / (self.head_dim ** 0.5)
           ~~~~~~~~~~~~~~~~~~~~~~~~~~^~~~~~~~~~~~~~~~~~~~~~~~
torch.OutOfMemoryError: CUDA out of memory. Tried to allocate 108.00 MiB. GPU 0 has a total capacity of 94.96 GiB of which 78.25 MiB is free. Process 2898378 has 50.11 GiB memory in use. Process 3238742 has 15.46 GiB memory in use. Process 3400706 has 26.69 GiB memory in use. Including non-PyTorch memory, this process has 2.47 GiB memory in use. Of the allocated memory 1.79 GiB is allocated by PyTorch, and 44.34 MiB is reserved by PyTorch but unallocated. If reserved but unallocated memory is large try setting PYTORCH_CUDA_ALLOC_CONF=expandable_segments:True to avoid fragmentation.  See documentation for Memory Management  (https://docs.pytorch.org/docs/stable/notes/cuda.html#optimizing-memory-usage-with-pytorch-cuda-alloc-conf)
