/home1/sajan_rg/.local/lib/python3.13/site-packages/outdated/__init__.py:36: UserWarning: pkg_resources is deprecated as an API. See https://setuptools.pypa.io/en/latest/pkg_resources.html. The pkg_resources package is slated for removal as early as 2025-11-30. Refrain from using this package or pin to Setuptools<81.
  from pkg_resources import parse_version
Saved code snapshot to checkpoints_indist_2/code_snapshot.zip

============================================================
PHASE 1: Pretrain Full Transformer (Baseline)
  Backbone: hybrid
============================================================
  Loading cached distance masks from ./data/Peptides-func/dist_masks/train.pkl
  Loading cached distance masks from ./data/Peptides-func/dist_masks/val.pkl
  Loading cached distance masks from ./data/Peptides-func/dist_masks/test.pkl
  Parameters: 4,580,362
Epoch   1/500 [392.3s mem=40917MB] | train_loss=0.3335 train_AP=0.2640 | val_loss=0.3065 val_AP=0.3515
  -> New best val AP=0.3515, saved
Epoch   2/500 [381.5s mem=40919MB] | train_loss=0.2949 train_AP=0.3579 | val_loss=0.2761 val_AP=0.4399
  -> New best val AP=0.4399, saved
Epoch   3/500 [387.2s mem=40918MB] | train_loss=0.2735 train_AP=0.4111 | val_loss=0.2647 val_AP=0.4495
  -> New best val AP=0.4495, saved
Epoch   4/500 [386.7s mem=40919MB] | train_loss=0.2609 train_AP=0.4432 | val_loss=0.2550 val_AP=0.4849
  -> New best val AP=0.4849, saved
Epoch   5/500 [377.7s mem=40917MB] | train_loss=0.2504 train_AP=0.4710 | val_loss=0.2404 val_AP=0.5279
  -> New best val AP=0.5279, saved
Epoch   6/500 [390.6s mem=40919MB] | train_loss=0.2397 train_AP=0.4954 | val_loss=0.2330 val_AP=0.5344
  -> New best val AP=0.5344, saved
Epoch   7/500 [389.1s mem=40918MB] | train_loss=0.2327 train_AP=0.5157 | val_loss=0.2317 val_AP=0.5546
  -> New best val AP=0.5546, saved
Epoch   8/500 [379.1s mem=40917MB] | train_loss=0.2265 train_AP=0.5325 | val_loss=0.2398 val_AP=0.5449
Epoch   9/500 [387.7s mem=40918MB] | train_loss=0.2189 train_AP=0.5581 | val_loss=0.2240 val_AP=0.5678
  -> New best val AP=0.5678, saved
Epoch  10/500 [388.4s mem=40920MB] | train_loss=0.2162 train_AP=0.5655 | val_loss=0.2212 val_AP=0.5876 | test_AP=0.5578
  -> New best val AP=0.5876, saved
Epoch  11/500 [381.5s mem=40919MB] | train_loss=0.2110 train_AP=0.5784 | val_loss=0.2193 val_AP=0.6027
  -> New best val AP=0.6027, saved
Epoch  12/500 [386.7s mem=40920MB] | train_loss=0.2054 train_AP=0.5920 | val_loss=0.2264 val_AP=0.5902
Epoch  13/500 [384.8s mem=40917MB] | train_loss=0.2015 train_AP=0.6090 | val_loss=0.2051 val_AP=0.6210
  -> New best val AP=0.6210, saved
Epoch  14/500 [387.8s mem=40917MB] | train_loss=0.1964 train_AP=0.6195 | val_loss=0.2270 val_AP=0.6076
Epoch  15/500 [390.9s mem=40919MB] | train_loss=0.1910 train_AP=0.6307 | val_loss=0.2226 val_AP=0.6030
Epoch  16/500 [378.8s mem=40918MB] | train_loss=0.1884 train_AP=0.6361 | val_loss=0.2118 val_AP=0.6234
  -> New best val AP=0.6234, saved
Epoch  17/500 [383.8s mem=40919MB] | train_loss=0.1846 train_AP=0.6526 | val_loss=0.2108 val_AP=0.6257
  -> New best val AP=0.6257, saved
Epoch  18/500 [387.2s mem=40920MB] | train_loss=0.1835 train_AP=0.6561 | val_loss=0.2096 val_AP=0.6260
  -> New best val AP=0.6260, saved
Epoch  19/500 [377.8s mem=40919MB] | train_loss=0.1772 train_AP=0.6704 | val_loss=0.2207 val_AP=0.6337
  -> New best val AP=0.6337, saved
Epoch  20/500 [388.6s mem=40921MB] | train_loss=0.1735 train_AP=0.6776 | val_loss=0.2165 val_AP=0.6430 | test_AP=0.6146
  -> New best val AP=0.6430, saved
Epoch  21/500 [386.3s mem=40919MB] | train_loss=0.1734 train_AP=0.6821 | val_loss=0.2082 val_AP=0.6461
  -> New best val AP=0.6461, saved
Epoch  22/500 [380.3s mem=40917MB] | train_loss=0.1682 train_AP=0.6953 | val_loss=0.2195 val_AP=0.6354
Epoch  23/500 [389.5s mem=40920MB] | train_loss=0.1674 train_AP=0.6977 | val_loss=0.2092 val_AP=0.6450
Epoch  24/500 [385.8s mem=40920MB] | train_loss=0.1654 train_AP=0.7052 | val_loss=0.2071 val_AP=0.6371
Epoch  25/500 [384.5s mem=40918MB] | train_loss=0.1601 train_AP=0.7133 | val_loss=0.2201 val_AP=0.6468
  -> New best val AP=0.6468, saved
Epoch  26/500 [387.8s mem=40918MB] | train_loss=0.1592 train_AP=0.7175 | val_loss=0.2125 val_AP=0.6571
  -> New best val AP=0.6571, saved
Epoch  27/500 [381.6s mem=40918MB] | train_loss=0.1585 train_AP=0.7192 | val_loss=0.2231 val_AP=0.6433
Epoch  28/500 [387.7s mem=40918MB] | train_loss=0.1563 train_AP=0.7251 | val_loss=0.2268 val_AP=0.6402
Epoch  29/500 [388.8s mem=40919MB] | train_loss=0.1506 train_AP=0.7381 | val_loss=0.2298 val_AP=0.6543
Epoch  30/500 [377.8s mem=40922MB] | train_loss=0.1513 train_AP=0.7349 | val_loss=0.2255 val_AP=0.6542 | test_AP=0.6417
Epoch  31/500 [383.2s mem=40917MB] | train_loss=0.1525 train_AP=0.7322 | val_loss=0.2163 val_AP=0.6575
  -> New best val AP=0.6575, saved
Epoch  32/500 [391.0s mem=40920MB] | train_loss=0.1493 train_AP=0.7422 | val_loss=0.2206 val_AP=0.6533
Epoch  33/500 [379.8s mem=40919MB] | train_loss=0.1466 train_AP=0.7505 | val_loss=0.2198 val_AP=0.6666
  -> New best val AP=0.6666, saved
Epoch  34/500 [392.1s mem=40919MB] | train_loss=0.1471 train_AP=0.7544 | val_loss=0.2218 val_AP=0.6554
Epoch  35/500 [394.2s mem=40920MB] | train_loss=0.1459 train_AP=0.7559 | val_loss=0.2214 val_AP=0.6556
Epoch  36/500 [380.2s mem=40918MB] | train_loss=0.1442 train_AP=0.7498 | val_loss=0.2330 val_AP=0.6582
Epoch  37/500 [391.2s mem=40919MB] | train_loss=0.1448 train_AP=0.7535 | val_loss=0.2306 val_AP=0.6651
Epoch  38/500 [391.0s mem=40920MB] | train_loss=0.1381 train_AP=0.7621 | val_loss=0.2294 val_AP=0.6676
  -> New best val AP=0.6676, saved
Epoch  39/500 [385.0s mem=40919MB] | train_loss=0.1391 train_AP=0.7641 | val_loss=0.2321 val_AP=0.6832
  -> New best val AP=0.6832, saved
Epoch  40/500 [393.1s mem=40919MB] | train_loss=0.1392 train_AP=0.7637 | val_loss=0.2441 val_AP=0.6571 | test_AP=0.6560
Epoch  41/500 [383.3s mem=40919MB] | train_loss=0.1391 train_AP=0.7627 | val_loss=0.2426 val_AP=0.6712
Epoch  42/500 [390.9s mem=40917MB] | train_loss=0.1375 train_AP=0.7698 | val_loss=0.2361 val_AP=0.6600
Epoch  43/500 [392.3s mem=40919MB] | train_loss=0.1340 train_AP=0.7773 | val_loss=0.2429 val_AP=0.6538
Epoch  44/500 [380.0s mem=40918MB] | train_loss=0.1354 train_AP=0.7769 | val_loss=0.2359 val_AP=0.6763
Epoch  45/500 [392.1s mem=40918MB] | train_loss=0.1348 train_AP=0.7699 | val_loss=0.2222 val_AP=0.6609
Epoch  46/500 [374.7s mem=40918MB] | train_loss=0.1339 train_AP=0.7763 | val_loss=0.2638 val_AP=0.6649
Epoch  47/500 [362.0s mem=40919MB] | train_loss=0.1296 train_AP=0.7840 | val_loss=0.2550 val_AP=0.6758
Epoch  48/500 [363.4s mem=40919MB] | train_loss=0.1355 train_AP=0.7747 | val_loss=0.2251 val_AP=0.6652
Epoch  49/500 [363.7s mem=40920MB] | train_loss=0.1310 train_AP=0.7853 | val_loss=0.2386 val_AP=0.6830
Epoch  50/500 [362.9s mem=40918MB] | train_loss=0.1323 train_AP=0.7819 | val_loss=0.2354 val_AP=0.6641 | test_AP=0.6534
Epoch  51/500 [360.2s mem=40918MB] | train_loss=0.1311 train_AP=0.7865 | val_loss=0.2446 val_AP=0.6668
Epoch  52/500 [363.0s mem=40919MB] | train_loss=0.1285 train_AP=0.7901 | val_loss=0.2516 val_AP=0.6731
Epoch  53/500 [362.6s mem=40919MB] | train_loss=0.1269 train_AP=0.7933 | val_loss=0.2286 val_AP=0.6849
  -> New best val AP=0.6849, saved
Epoch  54/500 [362.4s mem=40920MB] | train_loss=0.1243 train_AP=0.8015 | val_loss=0.2953 val_AP=0.6580
Epoch  55/500 [362.1s mem=40919MB] | train_loss=0.1291 train_AP=0.7959 | val_loss=0.2688 val_AP=0.6664
Epoch  56/500 [361.9s mem=40918MB] | train_loss=0.1267 train_AP=0.7999 | val_loss=0.2586 val_AP=0.6666
Epoch  57/500 [364.5s mem=40917MB] | train_loss=0.1271 train_AP=0.7945 | val_loss=0.2353 val_AP=0.6707
Epoch  58/500 [362.4s mem=40917MB] | train_loss=0.1264 train_AP=0.7923 | val_loss=0.2659 val_AP=0.6730
Epoch  59/500 [361.8s mem=40921MB] | train_loss=0.1253 train_AP=0.8038 | val_loss=0.2600 val_AP=0.6721
Epoch  60/500 [363.5s mem=40917MB] | train_loss=0.1235 train_AP=0.8033 | val_loss=0.2897 val_AP=0.6653 | test_AP=0.6517
Epoch  61/500 [366.8s mem=40919MB] | train_loss=0.1244 train_AP=0.8023 | val_loss=0.2830 val_AP=0.6571
Epoch  62/500 [367.4s mem=40919MB] | train_loss=0.1215 train_AP=0.8080 | val_loss=0.2938 val_AP=0.6601
Epoch  63/500 [367.7s mem=40916MB] | train_loss=0.1238 train_AP=0.7976 | val_loss=0.2698 val_AP=0.6600
Epoch  64/500 [365.8s mem=40920MB] | train_loss=0.1210 train_AP=0.8085 | val_loss=0.2842 val_AP=0.6561
Epoch  65/500 [366.6s mem=40918MB] | train_loss=0.1230 train_AP=0.8039 | val_loss=0.2473 val_AP=0.6732
Epoch  66/500 [369.4s mem=40918MB] | train_loss=0.1215 train_AP=0.8100 | val_loss=0.2566 val_AP=0.6718
Epoch  67/500 [368.0s mem=40919MB] | train_loss=0.1227 train_AP=0.8058 | val_loss=0.2487 val_AP=0.6746
Epoch  68/500 [364.2s mem=40918MB] | train_loss=0.1222 train_AP=0.8091 | val_loss=0.2822 val_AP=0.6680
Epoch  69/500 [362.3s mem=40919MB] | train_loss=0.1211 train_AP=0.8071 | val_loss=0.2505 val_AP=0.6788
Epoch  70/500 [363.6s mem=40917MB] | train_loss=0.1246 train_AP=0.7998 | val_loss=0.2701 val_AP=0.6925 | test_AP=0.6675
  -> New best val AP=0.6925, saved
Epoch  71/500 [362.6s mem=40921MB] | train_loss=0.1208 train_AP=0.8068 | val_loss=0.2932 val_AP=0.6718
Epoch  72/500 [361.1s mem=40920MB] | train_loss=0.1207 train_AP=0.8155 | val_loss=0.2665 val_AP=0.6843
Epoch  73/500 [362.7s mem=40920MB] | train_loss=0.1182 train_AP=0.8161 | val_loss=0.2644 val_AP=0.6835
Epoch  74/500 [359.4s mem=40919MB] | train_loss=0.1204 train_AP=0.8129 | val_loss=0.2611 val_AP=0.6850
Epoch  75/500 [364.1s mem=40919MB] | train_loss=0.1195 train_AP=0.8154 | val_loss=0.2867 val_AP=0.6712
Epoch  76/500 [364.9s mem=40918MB] | train_loss=0.1183 train_AP=0.8147 | val_loss=0.2638 val_AP=0.6722
Epoch  77/500 [363.9s mem=40920MB] | train_loss=0.1178 train_AP=0.8170 | val_loss=0.2631 val_AP=0.6644
Epoch  78/500 [364.5s mem=40917MB] | train_loss=0.1217 train_AP=0.8067 | val_loss=0.2643 val_AP=0.6845
Epoch  79/500 [360.4s mem=40918MB] | train_loss=0.1187 train_AP=0.8170 | val_loss=0.2483 val_AP=0.6737
Epoch  80/500 [364.3s mem=40919MB] | train_loss=0.1252 train_AP=0.8073 | val_loss=0.2652 val_AP=0.6755 | test_AP=0.6503
Epoch  81/500 [363.0s mem=40919MB] | train_loss=0.1207 train_AP=0.8127 | val_loss=0.3103 val_AP=0.6808
Epoch  82/500 [362.4s mem=40917MB] | train_loss=0.1211 train_AP=0.8147 | val_loss=0.2578 val_AP=0.6763
Epoch  83/500 [363.3s mem=40919MB] | train_loss=0.1234 train_AP=0.8103 | val_loss=0.2691 val_AP=0.6750
Epoch  84/500 [364.0s mem=40919MB] | train_loss=0.1234 train_AP=0.8040 | val_loss=0.2630 val_AP=0.6670
Epoch  85/500 [363.8s mem=40919MB] | train_loss=0.1228 train_AP=0.8074 | val_loss=0.2864 val_AP=0.6573
Epoch  86/500 [367.6s mem=40919MB] | train_loss=0.1251 train_AP=0.8048 | val_loss=0.2886 val_AP=0.6785
Epoch  87/500 [364.9s mem=40918MB] | train_loss=0.1209 train_AP=0.8083 | val_loss=0.3002 val_AP=0.6710
Epoch  88/500 [363.3s mem=40919MB] | train_loss=0.1229 train_AP=0.8093 | val_loss=0.2748 val_AP=0.6812
Epoch  89/500 [362.0s mem=40922MB] | train_loss=0.1189 train_AP=0.8185 | val_loss=0.2730 val_AP=0.6585
Epoch  90/500 [362.0s mem=40918MB] | train_loss=0.1178 train_AP=0.8212 | val_loss=0.2487 val_AP=0.6863 | test_AP=0.6652
Epoch  91/500 [362.9s mem=40916MB] | train_loss=0.1183 train_AP=0.8202 | val_loss=0.2855 val_AP=0.6838
Epoch  92/500 [360.8s mem=40921MB] | train_loss=0.1209 train_AP=0.8160 | val_loss=0.2481 val_AP=0.6932
  -> New best val AP=0.6932, saved
Epoch  93/500 [363.2s mem=40918MB] | train_loss=0.1179 train_AP=0.8189 | val_loss=0.2447 val_AP=0.6768
Epoch  94/500 [362.2s mem=40917MB] | train_loss=0.1161 train_AP=0.8206 | val_loss=0.3069 val_AP=0.6828
Epoch  95/500 [365.2s mem=40918MB] | train_loss=0.1204 train_AP=0.8114 | val_loss=0.2828 val_AP=0.6781
Epoch  96/500 [361.9s mem=40919MB] | train_loss=0.1198 train_AP=0.8160 | val_loss=0.3161 val_AP=0.6691
Epoch  97/500 [363.7s mem=40919MB] | train_loss=0.1199 train_AP=0.8152 | val_loss=0.2710 val_AP=0.6808
Epoch  98/500 [363.4s mem=40919MB] | train_loss=0.1164 train_AP=0.8208 | val_loss=0.2784 val_AP=0.6487
Epoch  99/500 [361.8s mem=40919MB] | train_loss=0.1215 train_AP=0.8109 | val_loss=0.3128 val_AP=0.6691
Epoch 100/500 [363.6s mem=40918MB] | train_loss=0.1200 train_AP=0.8151 | val_loss=0.2842 val_AP=0.6655 | test_AP=0.6454
Epoch 101/500 [373.2s mem=40917MB] | train_loss=0.1162 train_AP=0.8268 | val_loss=0.3341 val_AP=0.6735
Epoch 102/500 [387.5s mem=40918MB] | train_loss=0.1125 train_AP=0.8266 | val_loss=0.2889 val_AP=0.6891
Epoch 103/500 [394.8s mem=40918MB] | train_loss=0.1119 train_AP=0.8291 | val_loss=0.3197 val_AP=0.6747
Epoch 104/500 [388.6s mem=40920MB] | train_loss=0.1131 train_AP=0.8318 | val_loss=0.3270 val_AP=0.6736
Epoch 105/500 [396.5s mem=40919MB] | train_loss=0.1139 train_AP=0.8289 | val_loss=0.2638 val_AP=0.6657
Epoch 106/500 [389.2s mem=40919MB] | train_loss=0.1195 train_AP=0.8203 | val_loss=0.3076 val_AP=0.6659
Epoch 107/500 [396.3s mem=40919MB] | train_loss=0.1139 train_AP=0.8312 | val_loss=0.3086 val_AP=0.6712
Epoch 108/500 [384.7s mem=40920MB] | train_loss=0.1182 train_AP=0.8220 | val_loss=0.3366 val_AP=0.6782
Epoch 109/500 [396.4s mem=40919MB] | train_loss=0.1199 train_AP=0.8194 | val_loss=0.2904 val_AP=0.6779
Epoch 110/500 [388.5s mem=40917MB] | train_loss=0.1204 train_AP=0.8179 | val_loss=0.2941 val_AP=0.6426 | test_AP=0.6338
Epoch 111/500 [395.3s mem=40920MB] | train_loss=0.1243 train_AP=0.8072 | val_loss=0.3017 val_AP=0.6562
Epoch 112/500 [382.2s mem=40919MB] | train_loss=0.1177 train_AP=0.8198 | val_loss=0.2830 val_AP=0.6801
Epoch 113/500 [391.3s mem=40917MB] | train_loss=0.1146 train_AP=0.8299 | val_loss=0.3352 val_AP=0.6628
Epoch 114/500 [388.0s mem=40918MB] | train_loss=0.1179 train_AP=0.8234 | val_loss=0.2828 val_AP=0.6742
Epoch 115/500 [391.2s mem=40920MB] | train_loss=0.1176 train_AP=0.8235 | val_loss=0.3497 val_AP=0.6563
Epoch 116/500 [395.4s mem=40919MB] | train_loss=0.1117 train_AP=0.8338 | val_loss=0.2991 val_AP=0.6624
Epoch 117/500 [386.4s mem=40920MB] | train_loss=0.1164 train_AP=0.8241 | val_loss=0.2729 val_AP=0.6855
Epoch 118/500 [388.5s mem=40917MB] | train_loss=0.1150 train_AP=0.8255 | val_loss=0.2783 val_AP=0.6837
Epoch 119/500 [388.2s mem=40919MB] | train_loss=0.1155 train_AP=0.8285 | val_loss=0.3400 val_AP=0.6825
Epoch 120/500 [392.2s mem=40919MB] | train_loss=0.1147 train_AP=0.8294 | val_loss=0.2661 val_AP=0.6860 | test_AP=0.6694
Epoch 121/500 [388.5s mem=40919MB] | train_loss=0.1144 train_AP=0.8306 | val_loss=0.3179 val_AP=0.6690
Epoch 122/500 [394.3s mem=40919MB] | train_loss=0.1203 train_AP=0.8204 | val_loss=0.2867 val_AP=0.6778
Epoch 123/500 [393.8s mem=40920MB] | train_loss=0.1147 train_AP=0.8280 | val_loss=0.3067 val_AP=0.6772
Epoch 124/500 [386.4s mem=40918MB] | train_loss=0.1147 train_AP=0.8288 | val_loss=0.3294 val_AP=0.6739
Epoch 125/500 [393.8s mem=40921MB] | train_loss=0.1168 train_AP=0.8297 | val_loss=0.2605 val_AP=0.6941
  -> New best val AP=0.6941, saved
Epoch 126/500 [386.7s mem=40920MB] | train_loss=0.1193 train_AP=0.8208 | val_loss=0.2742 val_AP=0.6848
Epoch 127/500 [394.3s mem=40918MB] | train_loss=0.1148 train_AP=0.8256 | val_loss=0.2928 val_AP=0.6800
Epoch 128/500 [388.4s mem=40919MB] | train_loss=0.1191 train_AP=0.8184 | val_loss=0.2911 val_AP=0.6923
Epoch 129/500 [394.4s mem=40918MB] | train_loss=0.1184 train_AP=0.8197 | val_loss=0.2966 val_AP=0.6668
Epoch 130/500 [386.2s mem=40917MB] | train_loss=0.1167 train_AP=0.8258 | val_loss=0.3000 val_AP=0.6783 | test_AP=0.6564
Epoch 131/500 [386.5s mem=40918MB] | train_loss=0.1212 train_AP=0.8175 | val_loss=0.3493 val_AP=0.6655
Epoch 132/500 [395.0s mem=40919MB] | train_loss=0.1174 train_AP=0.8222 | val_loss=0.3112 val_AP=0.6741
Epoch 133/500 [386.4s mem=40919MB] | train_loss=0.1152 train_AP=0.8310 | val_loss=0.3185 val_AP=0.6806
Epoch 134/500 [395.6s mem=40917MB] | train_loss=0.1151 train_AP=0.8317 | val_loss=0.2931 val_AP=0.6718
Epoch 135/500 [387.0s mem=40921MB] | train_loss=0.1129 train_AP=0.8312 | val_loss=0.3219 val_AP=0.6953
  -> New best val AP=0.6953, saved
Epoch 136/500 [393.9s mem=40919MB] | train_loss=0.1143 train_AP=0.8292 | val_loss=0.2789 val_AP=0.6861
Epoch 137/500 [381.2s mem=40919MB] | train_loss=0.1156 train_AP=0.8218 | val_loss=0.3366 val_AP=0.6810
Epoch 138/500 [393.6s mem=40919MB] | train_loss=0.1191 train_AP=0.8289 | val_loss=0.2680 val_AP=0.6847
Epoch 139/500 [389.4s mem=40918MB] | train_loss=0.1175 train_AP=0.8294 | val_loss=0.2926 val_AP=0.6716
Epoch 140/500 [390.4s mem=40918MB] | train_loss=0.1163 train_AP=0.8253 | val_loss=0.3048 val_AP=0.6750 | test_AP=0.6565
Epoch 141/500 [393.0s mem=40919MB] | train_loss=0.1167 train_AP=0.8251 | val_loss=0.2950 val_AP=0.6687
Epoch 142/500 [385.1s mem=40920MB] | train_loss=0.1156 train_AP=0.8258 | val_loss=0.2830 val_AP=0.6816
Epoch 143/500 [395.5s mem=40918MB] | train_loss=0.1176 train_AP=0.8222 | val_loss=0.2797 val_AP=0.6739
Epoch 144/500 [383.6s mem=40918MB] | train_loss=0.1174 train_AP=0.8285 | val_loss=0.3430 val_AP=0.6710
Epoch 145/500 [396.3s mem=40920MB] | train_loss=0.1161 train_AP=0.8284 | val_loss=0.2985 val_AP=0.6680
Epoch 146/500 [386.8s mem=40920MB] | train_loss=0.1145 train_AP=0.8265 | val_loss=0.3626 val_AP=0.6564
Epoch 147/500 [392.6s mem=40917MB] | train_loss=0.1124 train_AP=0.8346 | val_loss=0.3764 val_AP=0.6630
Epoch 148/500 [390.6s mem=40919MB] | train_loss=0.1174 train_AP=0.8270 | val_loss=0.3309 val_AP=0.6699
Epoch 149/500 [390.2s mem=40917MB] | train_loss=0.1196 train_AP=0.8251 | val_loss=0.3086 val_AP=0.6713
Epoch 150/500 [298.7s mem=40918MB] | train_loss=0.1178 train_AP=0.8297 | val_loss=0.3108 val_AP=0.6945 | test_AP=0.6666
Epoch 151/500 [303.1s mem=40919MB] | train_loss=0.1192 train_AP=0.8192 | val_loss=0.3213 val_AP=0.6593
Epoch 152/500 [302.1s mem=40920MB] | train_loss=0.1195 train_AP=0.8264 | val_loss=0.3674 val_AP=0.6790
Epoch 153/500 [299.9s mem=40920MB] | train_loss=0.1204 train_AP=0.8232 | val_loss=0.3418 val_AP=0.6665
Epoch 154/500 [301.3s mem=40919MB] | train_loss=0.1210 train_AP=0.8158 | val_loss=0.3537 val_AP=0.6572
Epoch 155/500 [301.1s mem=40919MB] | train_loss=0.1165 train_AP=0.8261 | val_loss=0.3264 val_AP=0.6552
Epoch 156/500 [304.2s mem=40917MB] | train_loss=0.1168 train_AP=0.8237 | val_loss=0.3130 val_AP=0.6691
Epoch 157/500 [301.4s mem=40920MB] | train_loss=0.1169 train_AP=0.8282 | val_loss=0.2765 val_AP=0.6757
Epoch 158/500 [303.0s mem=40920MB] | train_loss=0.1144 train_AP=0.8303 | val_loss=0.3419 val_AP=0.6781
Epoch 159/500 [303.3s mem=40918MB] | train_loss=0.1159 train_AP=0.8271 | val_loss=0.3428 val_AP=0.6719
Epoch 160/500 [303.1s mem=40917MB] | train_loss=0.1165 train_AP=0.8247 | val_loss=0.3114 val_AP=0.6676 | test_AP=0.6558
Epoch 161/500 [299.9s mem=40919MB] | train_loss=0.1134 train_AP=0.8354 | val_loss=0.3265 val_AP=0.6603
Epoch 162/500 [305.0s mem=40919MB] | train_loss=0.1197 train_AP=0.8229 | val_loss=0.3187 val_AP=0.6762
Epoch 163/500 [303.3s mem=40919MB] | train_loss=0.1151 train_AP=0.8318 | val_loss=0.3629 val_AP=0.6735
Epoch 164/500 [303.2s mem=40918MB] | train_loss=0.1172 train_AP=0.8288 | val_loss=0.3201 val_AP=0.6555
Epoch 165/500 [303.1s mem=40917MB] | train_loss=0.1182 train_AP=0.8253 | val_loss=0.3023 val_AP=0.6649
Epoch 166/500 [302.2s mem=40922MB] | train_loss=0.1175 train_AP=0.8248 | val_loss=0.3429 val_AP=0.6513
Epoch 167/500 [302.3s mem=40917MB] | train_loss=0.1171 train_AP=0.8271 | val_loss=0.3330 val_AP=0.6748
Epoch 168/500 [301.6s mem=40918MB] | train_loss=0.1117 train_AP=0.8384 | val_loss=0.3455 val_AP=0.6650
Epoch 169/500 [304.0s mem=40920MB] | train_loss=0.1178 train_AP=0.8285 | val_loss=0.3094 val_AP=0.6703
Epoch 170/500 [300.8s mem=40919MB] | train_loss=0.1130 train_AP=0.8300 | val_loss=0.3050 val_AP=0.6557 | test_AP=0.6378
Epoch 171/500 [303.3s mem=40918MB] | train_loss=0.1172 train_AP=0.8290 | val_loss=0.3763 val_AP=0.6688
Epoch 172/500 [303.8s mem=40919MB] | train_loss=0.1172 train_AP=0.8263 | val_loss=0.3610 val_AP=0.6692
Epoch 173/500 [303.3s mem=40918MB] | train_loss=0.1140 train_AP=0.8362 | val_loss=0.3852 val_AP=0.6803
Epoch 174/500 [300.4s mem=40918MB] | train_loss=0.1137 train_AP=0.8362 | val_loss=0.3456 val_AP=0.6643
Epoch 175/500 [305.2s mem=40917MB] | train_loss=0.1200 train_AP=0.8228 | val_loss=0.3749 val_AP=0.6650
Epoch 176/500 [303.2s mem=40918MB] | train_loss=0.1179 train_AP=0.8230 | val_loss=0.3403 val_AP=0.6568
Epoch 177/500 [302.7s mem=40918MB] | train_loss=0.1171 train_AP=0.8254 | val_loss=0.3602 val_AP=0.6582
Epoch 178/500 [305.0s mem=40920MB] | train_loss=0.1195 train_AP=0.8215 | val_loss=0.4180 val_AP=0.6544
Epoch 179/500 [303.4s mem=40918MB] | train_loss=0.1211 train_AP=0.8155 | val_loss=0.3176 val_AP=0.6512
Epoch 180/500 [302.5s mem=40919MB] | train_loss=0.1182 train_AP=0.8274 | val_loss=0.3600 val_AP=0.6704 | test_AP=0.6498
Epoch 181/500 [300.3s mem=40919MB] | train_loss=0.1157 train_AP=0.8298 | val_loss=0.3718 val_AP=0.6592
Epoch 182/500 [303.9s mem=40918MB] | train_loss=0.1167 train_AP=0.8291 | val_loss=0.3641 val_AP=0.6632
Epoch 183/500 [302.6s mem=40919MB] | train_loss=0.1168 train_AP=0.8290 | val_loss=0.3380 val_AP=0.6539
Epoch 184/500 [302.3s mem=40918MB] | train_loss=0.1181 train_AP=0.8317 | val_loss=0.3545 val_AP=0.6658
Epoch 185/500 [302.3s mem=40918MB] | train_loss=0.1144 train_AP=0.8295 | val_loss=0.3825 val_AP=0.6657
Early stopping at epoch 185. Best val AP=0.6953 at epoch 135.
Phase 1 done. Best val AP=0.6953 at epoch 135.

============================================================
PHASE 2: Train Partial-Graph Transformer (N-M nodes)
  Backbone: hybrid
  Dropping M=32 nodes per graph
============================================================
  Loading cached distance masks from ./data/Peptides-func/dist_masks/train.pkl
  Loading cached distance masks from ./data/Peptides-func/dist_masks/val.pkl
  Loading cached distance masks from ./data/Peptides-func/dist_masks/test.pkl
  Encoder frozen. Training transformer layers + head only.
  Trainable params: 4,482,186
Epoch   1/500 [303.2s mem=41900MB] | train_loss=0.2684 train_AP=0.5303 | val_loss=0.2606 val_AP=0.5226
  -> New best val AP=0.5226, saved
Epoch   2/500 [303.8s mem=41901MB] | train_loss=0.2398 train_AP=0.5487 | val_loss=0.2544 val_AP=0.5487
  -> New best val AP=0.5487, saved
Epoch   3/500 [304.8s mem=41900MB] | train_loss=0.2373 train_AP=0.5628 | val_loss=0.2509 val_AP=0.5390
Epoch   4/500 [304.4s mem=41900MB] | train_loss=0.2346 train_AP=0.5580 | val_loss=0.2558 val_AP=0.5559
  -> New best val AP=0.5559, saved
Epoch   5/500 [307.1s mem=41900MB] | train_loss=0.2313 train_AP=0.5738 | val_loss=0.2480 val_AP=0.5614
  -> New best val AP=0.5614, saved
Epoch   6/500 [304.4s mem=41900MB] | train_loss=0.2240 train_AP=0.5877 | val_loss=0.2679 val_AP=0.5582
Epoch   7/500 [305.4s mem=41900MB] | train_loss=0.2276 train_AP=0.5853 | val_loss=0.2498 val_AP=0.5480
Epoch   8/500 [305.7s mem=41900MB] | train_loss=0.2259 train_AP=0.5874 | val_loss=0.2537 val_AP=0.5539
Epoch   9/500 [305.7s mem=41900MB] | train_loss=0.2279 train_AP=0.5669 | val_loss=0.2384 val_AP=0.5619
  -> New best val AP=0.5619, saved
Epoch  10/500 [306.6s mem=41900MB] | train_loss=0.2225 train_AP=0.5855 | val_loss=0.2348 val_AP=0.5664 | test_AP=0.5360 full_val_AP=0.6365
  -> New best val AP=0.5664, saved
Epoch  11/500 [303.8s mem=41900MB] | train_loss=0.2244 train_AP=0.5876 | val_loss=0.2588 val_AP=0.5567
Epoch  12/500 [305.4s mem=41900MB] | train_loss=0.2231 train_AP=0.5809 | val_loss=0.2733 val_AP=0.5729
  -> New best val AP=0.5729, saved
Epoch  13/500 [304.2s mem=41900MB] | train_loss=0.2272 train_AP=0.5847 | val_loss=0.2476 val_AP=0.5653
Epoch  14/500 [303.3s mem=41900MB] | train_loss=0.2200 train_AP=0.5969 | val_loss=0.2403 val_AP=0.5779
  -> New best val AP=0.5779, saved
Epoch  15/500 [305.0s mem=41900MB] | train_loss=0.2189 train_AP=0.5931 | val_loss=0.2569 val_AP=0.5643
Epoch  16/500 [303.1s mem=41900MB] | train_loss=0.2173 train_AP=0.6035 | val_loss=0.2690 val_AP=0.5675
Epoch  17/500 [304.1s mem=41900MB] | train_loss=0.2165 train_AP=0.6000 | val_loss=0.2506 val_AP=0.5700
Epoch  18/500 [303.5s mem=41900MB] | train_loss=0.2166 train_AP=0.6055 | val_loss=0.2306 val_AP=0.5863
  -> New best val AP=0.5863, saved
Epoch  19/500 [304.7s mem=41900MB] | train_loss=0.2157 train_AP=0.6083 | val_loss=0.2431 val_AP=0.5573
Epoch  20/500 [306.8s mem=41900MB] | train_loss=0.2133 train_AP=0.6077 | val_loss=0.2540 val_AP=0.5691 | test_AP=0.5413 full_val_AP=0.6260
Epoch  21/500 [306.2s mem=41900MB] | train_loss=0.2136 train_AP=0.6057 | val_loss=0.2460 val_AP=0.5703
Epoch  22/500 [306.4s mem=41900MB] | train_loss=0.2144 train_AP=0.6078 | val_loss=0.2322 val_AP=0.5793
Epoch  23/500 [304.7s mem=41900MB] | train_loss=0.2146 train_AP=0.6102 | val_loss=0.2316 val_AP=0.5796
Epoch  24/500 [304.9s mem=41900MB] | train_loss=0.2138 train_AP=0.6113 | val_loss=0.2406 val_AP=0.5956
  -> New best val AP=0.5956, saved
Epoch  25/500 [303.1s mem=41900MB] | train_loss=0.2194 train_AP=0.5969 | val_loss=0.2393 val_AP=0.5886
Epoch  26/500 [304.7s mem=41900MB] | train_loss=0.2168 train_AP=0.5945 | val_loss=0.2538 val_AP=0.5753
Epoch  27/500 [303.4s mem=41900MB] | train_loss=0.2147 train_AP=0.6034 | val_loss=0.2414 val_AP=0.5706
Epoch  28/500 [304.7s mem=41900MB] | train_loss=0.2124 train_AP=0.6027 | val_loss=0.2458 val_AP=0.5668
Epoch  29/500 [304.0s mem=41900MB] | train_loss=0.2130 train_AP=0.6071 | val_loss=0.2278 val_AP=0.5881
Epoch  30/500 [305.2s mem=41900MB] | train_loss=0.2123 train_AP=0.6073 | val_loss=0.2365 val_AP=0.5715 | test_AP=0.5544 full_val_AP=0.6151
Epoch  31/500 [305.5s mem=41900MB] | train_loss=0.2171 train_AP=0.6020 | val_loss=0.2442 val_AP=0.5664
Epoch  32/500 [305.2s mem=41900MB] | train_loss=0.2131 train_AP=0.6062 | val_loss=0.2470 val_AP=0.5754
Epoch  33/500 [304.6s mem=40842MB] | train_loss=0.2153 train_AP=0.6037 | val_loss=0.2345 val_AP=0.5682
Epoch  34/500 [303.8s mem=41900MB] | train_loss=0.2141 train_AP=0.6066 | val_loss=0.2468 val_AP=0.5882
Epoch  35/500 [303.6s mem=41900MB] | train_loss=0.2134 train_AP=0.6137 | val_loss=0.2313 val_AP=0.5724
Epoch  36/500 [307.2s mem=41900MB] | train_loss=0.2134 train_AP=0.6046 | val_loss=0.2475 val_AP=0.5750
Epoch  37/500 [305.5s mem=41900MB] | train_loss=0.2126 train_AP=0.6173 | val_loss=0.2540 val_AP=0.5859
Epoch  38/500 [303.0s mem=41900MB] | train_loss=0.2108 train_AP=0.6156 | val_loss=0.2336 val_AP=0.5894
Epoch  39/500 [306.3s mem=41900MB] | train_loss=0.2117 train_AP=0.6152 | val_loss=0.2285 val_AP=0.5843
Epoch  40/500 [304.0s mem=41900MB] | train_loss=0.2116 train_AP=0.6243 | val_loss=0.2415 val_AP=0.6008 | test_AP=0.5727 full_val_AP=0.6375
  -> New best val AP=0.6008, saved
Epoch  41/500 [304.6s mem=41900MB] | train_loss=0.2059 train_AP=0.6338 | val_loss=0.2399 val_AP=0.5940
Epoch  42/500 [304.2s mem=41900MB] | train_loss=0.2076 train_AP=0.6264 | val_loss=0.2545 val_AP=0.6116
  -> New best val AP=0.6116, saved
Epoch  43/500 [305.0s mem=41900MB] | train_loss=0.2118 train_AP=0.6230 | val_loss=0.2488 val_AP=0.5898
Epoch  44/500 [305.9s mem=41900MB] | train_loss=0.2142 train_AP=0.6255 | val_loss=0.2499 val_AP=0.5881
Epoch  45/500 [305.8s mem=41899MB] | train_loss=0.2090 train_AP=0.6258 | val_loss=0.2331 val_AP=0.5857
Epoch  46/500 [304.5s mem=41900MB] | train_loss=0.2115 train_AP=0.6175 | val_loss=0.2346 val_AP=0.5941
Epoch  47/500 [305.0s mem=41900MB] | train_loss=0.2090 train_AP=0.6245 | val_loss=0.2371 val_AP=0.5919
Epoch  48/500 [305.0s mem=41900MB] | train_loss=0.2101 train_AP=0.6211 | val_loss=0.2306 val_AP=0.6068
Epoch  49/500 [308.0s mem=41900MB] | train_loss=0.2056 train_AP=0.6295 | val_loss=0.2419 val_AP=0.5956
Epoch  50/500 [304.8s mem=41900MB] | train_loss=0.2117 train_AP=0.6130 | val_loss=0.2866 val_AP=0.5767 | test_AP=0.5599 full_val_AP=0.6214
Epoch  51/500 [305.3s mem=41900MB] | train_loss=0.2126 train_AP=0.6091 | val_loss=0.2314 val_AP=0.5850
Epoch  52/500 [304.8s mem=41900MB] | train_loss=0.2083 train_AP=0.6249 | val_loss=0.2445 val_AP=0.5886
Epoch  53/500 [304.7s mem=41900MB] | train_loss=0.2075 train_AP=0.6290 | val_loss=0.2313 val_AP=0.5910
Epoch  54/500 [305.4s mem=41900MB] | train_loss=0.2113 train_AP=0.6174 | val_loss=0.2471 val_AP=0.5887
Epoch  55/500 [305.4s mem=40842MB] | train_loss=0.2093 train_AP=0.6223 | val_loss=0.2482 val_AP=0.5917
Epoch  56/500 [305.5s mem=41900MB] | train_loss=0.2103 train_AP=0.6217 | val_loss=0.2357 val_AP=0.5908
Epoch  57/500 [305.0s mem=41900MB] | train_loss=0.2087 train_AP=0.6299 | val_loss=0.2355 val_AP=0.5962
Epoch  58/500 [306.8s mem=41900MB] | train_loss=0.2123 train_AP=0.6214 | val_loss=0.2297 val_AP=0.5900
Epoch  59/500 [304.5s mem=41900MB] | train_loss=0.2113 train_AP=0.6207 | val_loss=0.2437 val_AP=0.5730
Epoch  60/500 [304.7s mem=41900MB] | train_loss=0.2099 train_AP=0.6215 | val_loss=0.2620 val_AP=0.5877 | test_AP=0.5628 full_val_AP=0.6288
Epoch  61/500 [307.4s mem=41900MB] | train_loss=0.2060 train_AP=0.6312 | val_loss=0.2463 val_AP=0.5919
Epoch  62/500 [303.9s mem=41900MB] | train_loss=0.2074 train_AP=0.6222 | val_loss=0.2559 val_AP=0.5898
Epoch  63/500 [305.8s mem=41900MB] | train_loss=0.2086 train_AP=0.6189 | val_loss=0.2479 val_AP=0.5581
Epoch  64/500 [306.5s mem=41900MB] | train_loss=0.2101 train_AP=0.6203 | val_loss=0.2509 val_AP=0.5869
Epoch  65/500 [305.1s mem=41900MB] | train_loss=0.2120 train_AP=0.6152 | val_loss=0.2473 val_AP=0.5794
Epoch  66/500 [304.2s mem=41900MB] | train_loss=0.2105 train_AP=0.6158 | val_loss=0.2359 val_AP=0.5901
Epoch  67/500 [304.7s mem=41900MB] | train_loss=0.2095 train_AP=0.6234 | val_loss=0.2304 val_AP=0.5942
Epoch  68/500 [305.7s mem=41900MB] | train_loss=0.2135 train_AP=0.6186 | val_loss=0.2509 val_AP=0.5670
Epoch  69/500 [304.1s mem=41900MB] | train_loss=0.2147 train_AP=0.6190 | val_loss=0.2483 val_AP=0.5898
Epoch  70/500 [304.9s mem=41900MB] | train_loss=0.2140 train_AP=0.6198 | val_loss=0.2372 val_AP=0.5816 | test_AP=0.5721 full_val_AP=0.6303
Epoch  71/500 [306.2s mem=41900MB] | train_loss=0.2120 train_AP=0.6153 | val_loss=0.2357 val_AP=0.5945
Epoch  72/500 [306.9s mem=41900MB] | train_loss=0.2104 train_AP=0.6214 | val_loss=0.2355 val_AP=0.5883
Epoch  73/500 [308.9s mem=41900MB] | train_loss=0.2100 train_AP=0.6259 | val_loss=0.2540 val_AP=0.5840
Epoch  74/500 [316.0s mem=41900MB] | train_loss=0.2121 train_AP=0.6164 | val_loss=0.2636 val_AP=0.5724
Epoch  75/500 [317.1s mem=41900MB] | train_loss=0.2119 train_AP=0.6184 | val_loss=0.2541 val_AP=0.5901
Epoch  76/500 [316.2s mem=41900MB] | train_loss=0.2146 train_AP=0.6141 | val_loss=0.2540 val_AP=0.5677
Epoch  77/500 [314.6s mem=41900MB] | train_loss=0.2129 train_AP=0.6147 | val_loss=0.2465 val_AP=0.5834
Epoch  78/500 [318.5s mem=41900MB] | train_loss=0.2153 train_AP=0.6185 | val_loss=0.2307 val_AP=0.5856
Epoch  79/500 [316.4s mem=41900MB] | train_loss=0.2137 train_AP=0.6168 | val_loss=0.2427 val_AP=0.5779
Epoch  80/500 [317.1s mem=41900MB] | train_loss=0.2129 train_AP=0.6196 | val_loss=0.2334 val_AP=0.6014 | test_AP=0.5731 full_val_AP=0.6341
Epoch  81/500 [316.0s mem=41900MB] | train_loss=0.2169 train_AP=0.6092 | val_loss=0.2349 val_AP=0.5833
Epoch  82/500 [371.5s mem=41900MB] | train_loss=0.2156 train_AP=0.6074 | val_loss=0.2489 val_AP=0.5863
Epoch  83/500 [395.1s mem=41900MB] | train_loss=0.2154 train_AP=0.6100 | val_loss=0.2367 val_AP=0.5882
Epoch  84/500 [383.8s mem=41900MB] | train_loss=0.2109 train_AP=0.6187 | val_loss=0.2470 val_AP=0.5787
Epoch  85/500 [390.1s mem=41900MB] | train_loss=0.2129 train_AP=0.6181 | val_loss=0.2467 val_AP=0.5818
Epoch  86/500 [392.0s mem=41900MB] | train_loss=0.2105 train_AP=0.6177 | val_loss=0.2276 val_AP=0.5814
Epoch  87/500 [381.9s mem=41900MB] | train_loss=0.2144 train_AP=0.6083 | val_loss=0.2473 val_AP=0.5796
Epoch  88/500 [394.9s mem=41900MB] | train_loss=0.2143 train_AP=0.6150 | val_loss=0.2332 val_AP=0.5814
Epoch  89/500 [379.9s mem=41900MB] | train_loss=0.2107 train_AP=0.6220 | val_loss=0.2435 val_AP=0.5999
Epoch  90/500 [395.0s mem=41900MB] | train_loss=0.2135 train_AP=0.6177 | val_loss=0.2556 val_AP=0.5805 | test_AP=0.5621 full_val_AP=0.6028
Epoch  91/500 [384.2s mem=41902MB] | train_loss=0.2143 train_AP=0.6128 | val_loss=0.2336 val_AP=0.5984
Epoch  92/500 [394.4s mem=41900MB] | train_loss=0.2109 train_AP=0.6208 | val_loss=0.2551 val_AP=0.5876
Early stopping at epoch 92. Best val AP=0.6116 at epoch 42.
Phase 2 done. Best val AP=0.6116 at epoch 42.

============================================================
PHASE 3: Train Proxy Generator (pma)
  Backbone: hybrid
  Recon weight: 1.0 → 0.5 over 100 epochs
============================================================
  Loading cached distance masks from ./data/Peptides-func/dist_masks/train.pkl
  Loading cached distance masks from ./data/Peptides-func/dist_masks/val.pkl
  Loading cached distance masks from ./data/Peptides-func/dist_masks/test.pkl
  Generator parameters: 4,741,632
Epoch   1/1000 [281.1s mem=7476MB] | loss=2186.0538 task=0.1991 recon=2185.8546 (w=1.000) | val_AP=0.6005 test_AP=0.5882
  -> New best val AP=0.6005
Epoch   2/1000 [296.2s mem=8011MB] | loss=1942.4040 task=0.1993 recon=1952.0635 (w=0.995) | val_AP=0.5987 test_AP=0.5723
Epoch   3/1000 [282.4s mem=7478MB] | loss=1841.8721 task=0.2020 recon=1860.4627 (w=0.990) | val_AP=0.5896 test_AP=0.5904
Epoch   4/1000 [296.5s mem=7781MB] | loss=1834.1627 task=0.1999 recon=1862.1776 (w=0.985) | val_AP=0.5930 test_AP=0.5833
Epoch   5/1000 [281.8s mem=7797MB] | loss=1787.7987 task=0.1998 recon=1824.4567 (w=0.980) | val_AP=0.5974 test_AP=0.5776
Epoch   6/1000 [296.3s mem=7477MB] | loss=1761.2145 task=0.2014 recon=1806.6353 (w=0.975) | val_AP=0.5963 test_AP=0.5808
Epoch   7/1000 [289.7s mem=7724MB] | loss=1714.9839 task=0.1993 recon=1768.3715 (w=0.970) | val_AP=0.6017 test_AP=0.5659
  -> New best val AP=0.6017
Epoch   8/1000 [289.9s mem=7505MB] | loss=1689.2994 task=0.1969 recon=1751.0068 (w=0.965) | val_AP=0.6054 test_AP=0.5772
  -> New best val AP=0.6054
Epoch   9/1000 [295.1s mem=7626MB] | loss=1708.5888 task=0.1978 recon=1780.3232 (w=0.960) | val_AP=0.6013 test_AP=0.5731
Epoch  10/1000 [283.3s mem=7612MB] | loss=1675.8862 task=0.2017 recon=1755.4789 (w=0.955) | val_AP=0.5951 test_AP=0.5811
Epoch  11/1000 [296.5s mem=7607MB] | loss=1641.2288 task=0.2020 recon=1728.3154 (w=0.949) | val_AP=0.5960 test_AP=0.5805
Epoch  12/1000 [282.4s mem=7477MB] | loss=1621.5676 task=0.1975 recon=1716.7448 (w=0.944) | val_AP=0.5966 test_AP=0.5757
Epoch  13/1000 [295.4s mem=7724MB] | loss=1618.4746 task=0.1980 recon=1722.6815 (w=0.939) | val_AP=0.5982 test_AP=0.5713
Epoch  14/1000 [281.5s mem=7673MB] | loss=1585.8425 task=0.2017 recon=1697.0642 (w=0.934) | val_AP=0.5950 test_AP=0.5794
Epoch  15/1000 [295.8s mem=7808MB] | loss=1597.8432 task=0.2021 recon=1719.2007 (w=0.929) | val_AP=0.6108 test_AP=0.5822
  -> New best val AP=0.6108
Epoch  16/1000 [281.7s mem=8058MB] | loss=1554.3902 task=0.2008 recon=1681.5820 (w=0.924) | val_AP=0.5915 test_AP=0.5758
Epoch  17/1000 [294.0s mem=7935MB] | loss=1573.5349 task=0.2002 recon=1711.6498 (w=0.919) | val_AP=0.5933 test_AP=0.5693
Epoch  18/1000 [288.8s mem=7852MB] | loss=1556.5597 task=0.2022 recon=1702.5347 (w=0.914) | val_AP=0.5927 test_AP=0.5777
Epoch  19/1000 [287.4s mem=7587MB] | loss=1531.9008 task=0.1989 recon=1684.8721 (w=0.909) | val_AP=0.5968 test_AP=0.5781
Epoch  20/1000 [296.4s mem=7975MB] | loss=1502.2268 task=0.2013 recon=1661.4583 (w=0.904) | val_AP=0.6009 test_AP=0.5884
Epoch  21/1000 [283.2s mem=8034MB] | loss=1531.0233 task=0.1988 recon=1702.8272 (w=0.899) | val_AP=0.5953 test_AP=0.5806
Epoch  22/1000 [295.8s mem=7735MB] | loss=1501.5720 task=0.2001 recon=1679.5008 (w=0.894) | val_AP=0.6029 test_AP=0.5746
Epoch  23/1000 [271.5s mem=8010MB] | loss=1466.3211 task=0.1967 recon=1649.3900 (w=0.889) | val_AP=0.5908 test_AP=0.5749
Epoch  24/1000 [253.3s mem=7664MB] | loss=1491.4271 task=0.1979 recon=1687.2194 (w=0.884) | val_AP=0.6010 test_AP=0.5703
Epoch  25/1000 [251.4s mem=7840MB] | loss=1485.9367 task=0.1992 recon=1690.6668 (w=0.879) | val_AP=0.5971 test_AP=0.5846
Epoch  26/1000 [252.4s mem=7479MB] | loss=1457.2709 task=0.2025 recon=1667.6273 (w=0.874) | val_AP=0.5983 test_AP=0.5674
Epoch  27/1000 [253.6s mem=8028MB] | loss=1442.9207 task=0.1975 recon=1660.8092 (w=0.869) | val_AP=0.5918 test_AP=0.5727
Epoch  28/1000 [251.8s mem=7679MB] | loss=1420.4112 task=0.1994 recon=1644.4558 (w=0.864) | val_AP=0.6047 test_AP=0.5709
Epoch  29/1000 [253.3s mem=7741MB] | loss=1426.3166 task=0.2006 recon=1661.0057 (w=0.859) | val_AP=0.5951 test_AP=0.5854
Epoch  30/1000 [254.6s mem=7782MB] | loss=1425.3311 task=0.1992 recon=1669.6812 (w=0.854) | val_AP=0.6091 test_AP=0.5888
Epoch  31/1000 [253.1s mem=8126MB] | loss=1421.4157 task=0.2000 recon=1675.0041 (w=0.848) | val_AP=0.5972 test_AP=0.5853
Epoch  32/1000 [252.5s mem=7714MB] | loss=1383.2731 task=0.1996 recon=1639.8117 (w=0.843) | val_AP=0.5992 test_AP=0.5725
Epoch  33/1000 [252.7s mem=7754MB] | loss=1400.5074 task=0.1974 recon=1670.2492 (w=0.838) | val_AP=0.5944 test_AP=0.5890
Epoch  34/1000 [253.2s mem=7478MB] | loss=1370.3478 task=0.2000 recon=1644.1773 (w=0.833) | val_AP=0.5942 test_AP=0.5746
Epoch  35/1000 [254.1s mem=8052MB] | loss=1360.5319 task=0.1983 recon=1642.3540 (w=0.828) | val_AP=0.6015 test_AP=0.5809
Epoch  36/1000 [253.7s mem=7781MB] | loss=1337.3984 task=0.2018 recon=1624.3247 (w=0.823) | val_AP=0.5994 test_AP=0.5780
Epoch  37/1000 [250.4s mem=7644MB] | loss=1336.6017 task=0.1952 recon=1633.3857 (w=0.818) | val_AP=0.6002 test_AP=0.5716
Epoch  38/1000 [252.4s mem=7545MB] | loss=1321.8095 task=0.1971 recon=1625.3369 (w=0.813) | val_AP=0.5904 test_AP=0.5688
Epoch  39/1000 [252.3s mem=7679MB] | loss=1301.4446 task=0.2010 recon=1610.2890 (w=0.808) | val_AP=0.5946 test_AP=0.5784
Epoch  40/1000 [251.7s mem=7776MB] | loss=1301.0742 task=0.1986 recon=1619.9582 (w=0.803) | val_AP=0.6049 test_AP=0.5815
Epoch  41/1000 [253.1s mem=7679MB] | loss=1287.4996 task=0.1993 recon=1613.1992 (w=0.798) | val_AP=0.5834 test_AP=0.5760
Epoch  42/1000 [252.8s mem=8196MB] | loss=1286.1337 task=0.2011 recon=1621.7494 (w=0.793) | val_AP=0.5931 test_AP=0.5667
Epoch  43/1000 [251.1s mem=7650MB] | loss=1271.8506 task=0.2007 recon=1614.0171 (w=0.788) | val_AP=0.6025 test_AP=0.5725
Epoch  44/1000 [253.7s mem=7851MB] | loss=1260.9035 task=0.1969 recon=1610.4510 (w=0.783) | val_AP=0.5991 test_AP=0.5704
Epoch  45/1000 [251.5s mem=7478MB] | loss=1250.0759 task=0.1997 recon=1606.9837 (w=0.778) | val_AP=0.5940 test_AP=0.5758
Epoch  46/1000 [254.0s mem=7523MB] | loss=1230.0947 task=0.1971 recon=1591.6322 (w=0.773) | val_AP=0.5935 test_AP=0.5824
Epoch  47/1000 [252.2s mem=7640MB] | loss=1220.1447 task=0.1992 recon=1589.1394 (w=0.768) | val_AP=0.5959 test_AP=0.5721
Epoch  48/1000 [253.0s mem=8201MB] | loss=1208.1103 task=0.2004 recon=1583.8818 (w=0.763) | val_AP=0.5950 test_AP=0.5755
Epoch  49/1000 [251.2s mem=7814MB] | loss=1204.4586 task=0.2012 recon=1589.6199 (w=0.758) | val_AP=0.5967 test_AP=0.5756
Epoch  50/1000 [252.2s mem=7640MB] | loss=1197.9267 task=0.2014 recon=1591.6080 (w=0.753) | val_AP=0.5982 test_AP=0.5696
Epoch  51/1000 [253.8s mem=7777MB] | loss=1196.2290 task=0.1960 recon=1600.0982 (w=0.747) | val_AP=0.5932 test_AP=0.5753
Epoch  52/1000 [254.2s mem=7940MB] | loss=1171.1389 task=0.1993 recon=1577.1840 (w=0.742) | val_AP=0.5923 test_AP=0.5753
Epoch  53/1000 [252.9s mem=7478MB] | loss=1175.3918 task=0.1975 recon=1593.7567 (w=0.737) | val_AP=0.5985 test_AP=0.5705
Epoch  54/1000 [252.6s mem=7605MB] | loss=1175.1623 task=0.2025 recon=1604.4279 (w=0.732) | val_AP=0.5932 test_AP=0.5699
Epoch  55/1000 [251.5s mem=7714MB] | loss=1163.1492 task=0.1996 recon=1599.0556 (w=0.727) | val_AP=0.5920 test_AP=0.5853
Epoch  56/1000 [254.1s mem=7478MB] | loss=1153.3603 task=0.2017 recon=1596.6812 (w=0.722) | val_AP=0.6016 test_AP=0.5626
Epoch  57/1000 [251.9s mem=7665MB] | loss=1127.7398 task=0.1984 recon=1572.2056 (w=0.717) | val_AP=0.5893 test_AP=0.5708
Epoch  58/1000 [252.6s mem=7496MB] | loss=1132.3520 task=0.2006 recon=1589.8297 (w=0.712) | val_AP=0.5928 test_AP=0.5783
Epoch  59/1000 [252.7s mem=7631MB] | loss=1116.5402 task=0.1992 recon=1578.8251 (w=0.707) | val_AP=0.6019 test_AP=0.5760
Epoch  60/1000 [252.0s mem=7792MB] | loss=1102.3369 task=0.2004 recon=1569.9498 (w=0.702) | val_AP=0.5967 test_AP=0.5759
Epoch  61/1000 [253.0s mem=7655MB] | loss=1089.2898 task=0.1988 recon=1562.6088 (w=0.697) | val_AP=0.5928 test_AP=0.5745
Epoch  62/1000 [253.4s mem=7610MB] | loss=1075.2439 task=0.2009 recon=1553.7118 (w=0.692) | val_AP=0.5937 test_AP=0.5580
Epoch  63/1000 [254.1s mem=7913MB] | loss=1083.3224 task=0.2000 recon=1576.8988 (w=0.687) | val_AP=0.5894 test_AP=0.5762
Epoch  64/1000 [252.1s mem=7679MB] | loss=1058.3048 task=0.1994 recon=1551.8879 (w=0.682) | val_AP=0.5903 test_AP=0.5741
Epoch  65/1000 [250.7s mem=7477MB] | loss=1050.9124 task=0.1988 recon=1552.5470 (w=0.677) | val_AP=0.6030 test_AP=0.5827
Early stopping at epoch 65. Best val AP=0.6108 at epoch 15.
Phase 3 done. Best val AP=0.6108 at epoch 15.

============================================================
PHASE 4: Augmented Evaluation (N + generated nodes)
  Backbone: hybrid
============================================================
  Loading cached distance masks from ./data/Peptides-func/dist_masks/train.pkl
  Loading cached distance masks from ./data/Peptides-func/dist_masks/val.pkl
  Loading cached distance masks from ./data/Peptides-func/dist_masks/test.pkl

Baseline (Phase 1, no proxies):
  Val  AP=0.6954 loss=0.3218
  Test AP=0.6696 loss=0.3701

Augmented (N + 64 generated proxies = 2M):
  Val  AP=0.6960 loss=0.3213
  Test AP=0.6702 loss=0.3700

----------------------------------------
Phase 4 Summary:
  Val  AP: 0.6954 → 0.6960 (delta=+0.0006)
  Test AP: 0.6696 → 0.6702 (delta=+0.0007)
Results saved to checkpoints_indist_2/phase4_results.pkl

============================================================
PHASE 5: End-to-End Fine-tuning
  Backbone: hybrid
  Joint LR (model + generator): 1.00e-04
  Proxy dropout: 0.0
============================================================
  Loading cached distance masks from ./data/Peptides-func/dist_masks/train.pkl
  Loading cached distance masks from ./data/Peptides-func/dist_masks/val.pkl
  Loading cached distance masks from ./data/Peptides-func/dist_masks/test.pkl
Epoch   1/500 [joint][435.5s mem=41009MB] | train_loss=0.0880 train_AP=0.8766 | val_loss=0.3187 val_AP=0.7042 | test_AP=0.6816
  -> New best val AP=0.7042 (test=0.6816)
Epoch   2/500 [joint][436.4s mem=41010MB] | train_loss=0.0799 train_AP=0.8871 | val_loss=0.3324 val_AP=0.7074 | test_AP=0.6856
  -> New best val AP=0.7074 (test=0.6856)
Epoch   3/500 [joint][435.3s mem=41008MB] | train_loss=0.0764 train_AP=0.8929 | val_loss=0.3338 val_AP=0.7121 | test_AP=0.6885
  -> New best val AP=0.7121 (test=0.6885)
Epoch   4/500 [joint][435.3s mem=41009MB] | train_loss=0.0734 train_AP=0.8965 | val_loss=0.3449 val_AP=0.7081 | test_AP=0.6884
Epoch   5/500 [joint][436.8s mem=41009MB] | train_loss=0.0728 train_AP=0.8987 | val_loss=0.3436 val_AP=0.7072 | test_AP=0.6922
Epoch   6/500 [joint][433.7s mem=41008MB] | train_loss=0.0702 train_AP=0.9062 | val_loss=0.3589 val_AP=0.7092 | test_AP=0.6938
Epoch   7/500 [joint][437.7s mem=41011MB] | train_loss=0.0698 train_AP=0.9050 | val_loss=0.3515 val_AP=0.7081 | test_AP=0.6950
Epoch   8/500 [joint][437.2s mem=41008MB] | train_loss=0.0683 train_AP=0.9072 | val_loss=0.3574 val_AP=0.7075 | test_AP=0.6937
Epoch   9/500 [joint][435.1s mem=41010MB] | train_loss=0.0658 train_AP=0.9123 | val_loss=0.3690 val_AP=0.7099 | test_AP=0.6952
Epoch  10/500 [joint][436.7s mem=41009MB] | train_loss=0.0656 train_AP=0.9106 | val_loss=0.3784 val_AP=0.7105 | test_AP=0.6965
Epoch  11/500 [joint][435.8s mem=41009MB] | train_loss=0.0645 train_AP=0.9138 | val_loss=0.3618 val_AP=0.7079 | test_AP=0.6932
Epoch  12/500 [joint][437.7s mem=41008MB] | train_loss=0.0639 train_AP=0.9116 | val_loss=0.3637 val_AP=0.7105 | test_AP=0.6937
Epoch  13/500 [joint][433.4s mem=41004MB] | train_loss=0.0628 train_AP=0.9194 | val_loss=0.3804 val_AP=0.7110 | test_AP=0.6907
Epoch  14/500 [joint][437.0s mem=41009MB] | train_loss=0.0621 train_AP=0.9204 | val_loss=0.3834 val_AP=0.7096 | test_AP=0.6931
Epoch  15/500 [joint][434.9s mem=41008MB] | train_loss=0.0608 train_AP=0.9222 | val_loss=0.3824 val_AP=0.7129 | test_AP=0.6927
  -> New best val AP=0.7129 (test=0.6927)
Epoch  16/500 [joint][436.1s mem=41006MB] | train_loss=0.0619 train_AP=0.9200 | val_loss=0.3812 val_AP=0.7107 | test_AP=0.6936
Epoch  17/500 [joint][435.3s mem=41008MB] | train_loss=0.0597 train_AP=0.9223 | val_loss=0.3968 val_AP=0.7105 | test_AP=0.6961
Epoch  18/500 [joint][438.4s mem=41009MB] | train_loss=0.0592 train_AP=0.9206 | val_loss=0.3952 val_AP=0.7091 | test_AP=0.6970
Epoch  19/500 [joint][436.3s mem=41008MB] | train_loss=0.0585 train_AP=0.9243 | val_loss=0.4090 val_AP=0.7098 | test_AP=0.6995
Epoch  20/500 [joint][436.9s mem=41010MB] | train_loss=0.0582 train_AP=0.9258 | val_loss=0.4035 val_AP=0.7114 | test_AP=0.6966
Epoch  21/500 [joint][437.2s mem=41008MB] | train_loss=0.0584 train_AP=0.9248 | val_loss=0.4149 val_AP=0.7128 | test_AP=0.6946
Epoch  22/500 [joint][434.2s mem=41011MB] | train_loss=0.0584 train_AP=0.9257 | val_loss=0.3966 val_AP=0.7123 | test_AP=0.6994
Epoch  23/500 [joint][432.5s mem=41009MB] | train_loss=0.0572 train_AP=0.9295 | val_loss=0.4144 val_AP=0.7071 | test_AP=0.6959
Epoch  24/500 [joint][435.7s mem=41008MB] | train_loss=0.0562 train_AP=0.9301 | val_loss=0.4180 val_AP=0.7122 | test_AP=0.6958
Epoch  25/500 [joint][435.2s mem=41011MB] | train_loss=0.0557 train_AP=0.9291 | val_loss=0.4184 val_AP=0.7092 | test_AP=0.6970
Epoch  26/500 [joint][434.9s mem=41010MB] | train_loss=0.0555 train_AP=0.9306 | val_loss=0.4372 val_AP=0.7068 | test_AP=0.6974
Epoch  27/500 [joint][436.1s mem=41007MB] | train_loss=0.0553 train_AP=0.9322 | val_loss=0.4333 val_AP=0.7071 | test_AP=0.6964
Epoch  28/500 [joint][436.6s mem=41008MB] | train_loss=0.0548 train_AP=0.9347 | val_loss=0.4354 val_AP=0.7086 | test_AP=0.7006
Epoch  29/500 [joint][435.3s mem=41010MB] | train_loss=0.0536 train_AP=0.9343 | val_loss=0.4279 val_AP=0.7080 | test_AP=0.6971
Epoch  30/500 [joint][433.9s mem=41010MB] | train_loss=0.0548 train_AP=0.9322 | val_loss=0.4225 val_AP=0.7095 | test_AP=0.6979
Epoch  31/500 [joint][434.5s mem=41011MB] | train_loss=0.0544 train_AP=0.9327 | val_loss=0.4395 val_AP=0.7114 | test_AP=0.6969
Epoch  32/500 [joint][436.2s mem=41003MB] | train_loss=0.0519 train_AP=0.9375 | val_loss=0.4511 val_AP=0.7090 | test_AP=0.6949
Epoch  33/500 [joint][433.4s mem=41009MB] | train_loss=0.0533 train_AP=0.9365 | val_loss=0.4380 val_AP=0.7131 | test_AP=0.6983
  -> New best val AP=0.7131 (test=0.6983)
Epoch  34/500 [joint][434.7s mem=41009MB] | train_loss=0.0519 train_AP=0.9384 | val_loss=0.4523 val_AP=0.7113 | test_AP=0.6986
Epoch  35/500 [joint][437.3s mem=41010MB] | train_loss=0.0516 train_AP=0.9393 | val_loss=0.4548 val_AP=0.7099 | test_AP=0.6989
Epoch  36/500 [joint][435.5s mem=41008MB] | train_loss=0.0512 train_AP=0.9367 | val_loss=0.4552 val_AP=0.7106 | test_AP=0.6975
Epoch  37/500 [joint][439.3s mem=41009MB] | train_loss=0.0505 train_AP=0.9388 | val_loss=0.4582 val_AP=0.7084 | test_AP=0.7059
Epoch  38/500 [joint][436.9s mem=41008MB] | train_loss=0.0513 train_AP=0.9367 | val_loss=0.4802 val_AP=0.7101 | test_AP=0.6969
Epoch  39/500 [joint][438.4s mem=41008MB] | train_loss=0.0504 train_AP=0.9408 | val_loss=0.4671 val_AP=0.7077 | test_AP=0.6987
Epoch  40/500 [joint][435.6s mem=41010MB] | train_loss=0.0511 train_AP=0.9384 | val_loss=0.4590 val_AP=0.7107 | test_AP=0.6975
Epoch  41/500 [joint][437.1s mem=41011MB] | train_loss=0.0499 train_AP=0.9403 | val_loss=0.4579 val_AP=0.7106 | test_AP=0.6957
Epoch  42/500 [joint][452.3s mem=41009MB] | train_loss=0.0500 train_AP=0.9413 | val_loss=0.4768 val_AP=0.7087 | test_AP=0.6983
Epoch  43/500 [joint][479.3s mem=41010MB] | train_loss=0.0492 train_AP=0.9424 | val_loss=0.4971 val_AP=0.7118 | test_AP=0.7003
Epoch  44/500 [joint][482.2s mem=41008MB] | train_loss=0.0490 train_AP=0.9452 | val_loss=0.4648 val_AP=0.7125 | test_AP=0.7012
Epoch  45/500 [joint][484.1s mem=41009MB] | train_loss=0.0484 train_AP=0.9425 | val_loss=0.4750 val_AP=0.7134 | test_AP=0.6993
  -> New best val AP=0.7134 (test=0.6993)
Epoch  46/500 [joint][480.0s mem=41009MB] | train_loss=0.0492 train_AP=0.9420 | val_loss=0.4792 val_AP=0.7136 | test_AP=0.6959
  -> New best val AP=0.7136 (test=0.6959)
Epoch  47/500 [joint][483.5s mem=41009MB] | train_loss=0.0483 train_AP=0.9433 | val_loss=0.4881 val_AP=0.7138 | test_AP=0.6980
  -> New best val AP=0.7138 (test=0.6980)
Epoch  48/500 [joint][485.9s mem=41007MB] | train_loss=0.0481 train_AP=0.9454 | val_loss=0.4908 val_AP=0.7083 | test_AP=0.6947
Epoch  49/500 [joint][488.5s mem=41011MB] | train_loss=0.0484 train_AP=0.9438 | val_loss=0.5091 val_AP=0.7049 | test_AP=0.6918
Epoch  50/500 [joint][486.1s mem=41008MB] | train_loss=0.0477 train_AP=0.9451 | val_loss=0.5067 val_AP=0.7030 | test_AP=0.6938
Epoch  51/500 [joint][487.5s mem=41010MB] | train_loss=0.0476 train_AP=0.9472 | val_loss=0.4970 val_AP=0.7066 | test_AP=0.6934
Epoch  52/500 [joint][484.4s mem=41010MB] | train_loss=0.0475 train_AP=0.9474 | val_loss=0.5123 val_AP=0.7018 | test_AP=0.6927
Epoch  53/500 [joint][478.4s mem=41009MB] | train_loss=0.0475 train_AP=0.9471 | val_loss=0.4924 val_AP=0.7052 | test_AP=0.6962
Epoch  54/500 [joint][480.8s mem=41009MB] | train_loss=0.0469 train_AP=0.9449 | val_loss=0.5117 val_AP=0.7094 | test_AP=0.6943
Epoch  55/500 [joint][478.7s mem=41008MB] | train_loss=0.0464 train_AP=0.9495 | val_loss=0.4982 val_AP=0.7070 | test_AP=0.6967
Epoch  56/500 [joint][481.2s mem=41010MB] | train_loss=0.0454 train_AP=0.9484 | val_loss=0.4943 val_AP=0.7071 | test_AP=0.6964
Epoch  57/500 [joint][477.7s mem=41007MB] | train_loss=0.0463 train_AP=0.9471 | val_loss=0.4779 val_AP=0.7118 | test_AP=0.6966
Epoch  58/500 [joint][479.7s mem=41010MB] | train_loss=0.0461 train_AP=0.9487 | val_loss=0.5239 val_AP=0.7080 | test_AP=0.6978
Epoch  59/500 [joint][480.1s mem=41009MB] | train_loss=0.0454 train_AP=0.9496 | val_loss=0.5138 val_AP=0.7050 | test_AP=0.6997
Epoch  60/500 [joint][481.6s mem=41008MB] | train_loss=0.0454 train_AP=0.9495 | val_loss=0.5363 val_AP=0.7006 | test_AP=0.6978
Epoch  61/500 [joint][481.2s mem=41008MB] | train_loss=0.0449 train_AP=0.9509 | val_loss=0.5244 val_AP=0.7115 | test_AP=0.6996
Epoch  62/500 [joint][482.7s mem=41009MB] | train_loss=0.0437 train_AP=0.9513 | val_loss=0.5213 val_AP=0.7098 | test_AP=0.6962
Epoch  63/500 [joint][483.1s mem=41010MB] | train_loss=0.0451 train_AP=0.9511 | val_loss=0.5333 val_AP=0.7050 | test_AP=0.6959
Epoch  64/500 [joint][486.7s mem=41013MB] | train_loss=0.0448 train_AP=0.9488 | val_loss=0.5445 val_AP=0.7046 | test_AP=0.6949
Epoch  65/500 [joint][486.1s mem=41010MB] | train_loss=0.0435 train_AP=0.9536 | val_loss=0.5278 val_AP=0.7078 | test_AP=0.6961
Epoch  66/500 [joint][484.0s mem=41008MB] | train_loss=0.0439 train_AP=0.9496 | val_loss=0.5280 val_AP=0.7057 | test_AP=0.6982
Epoch  67/500 [joint][485.2s mem=41010MB] | train_loss=0.0433 train_AP=0.9556 | val_loss=0.5302 val_AP=0.7060 | test_AP=0.7003
Epoch  68/500 [joint][484.5s mem=41009MB] | train_loss=0.0434 train_AP=0.9536 | val_loss=0.5211 val_AP=0.7095 | test_AP=0.7023
Epoch  69/500 [joint][482.4s mem=41011MB] | train_loss=0.0446 train_AP=0.9526 | val_loss=0.5417 val_AP=0.7081 | test_AP=0.7031
Epoch  70/500 [joint][478.5s mem=41011MB] | train_loss=0.0431 train_AP=0.9555 | val_loss=0.5371 val_AP=0.7124 | test_AP=0.7004
Epoch  71/500 [joint][482.9s mem=41009MB] | train_loss=0.0439 train_AP=0.9503 | val_loss=0.5142 val_AP=0.7094 | test_AP=0.7013
Epoch  72/500 [joint][480.7s mem=41011MB] | train_loss=0.0423 train_AP=0.9528 | val_loss=0.5350 val_AP=0.7017 | test_AP=0.7006
Epoch  73/500 [joint][477.5s mem=41010MB] | train_loss=0.0427 train_AP=0.9529 | val_loss=0.5504 val_AP=0.7011 | test_AP=0.7020
Epoch  74/500 [joint][478.7s mem=41010MB] | train_loss=0.0435 train_AP=0.9537 | val_loss=0.5251 val_AP=0.7006 | test_AP=0.7013
Epoch  75/500 [joint][480.3s mem=41008MB] | train_loss=0.0427 train_AP=0.9552 | val_loss=0.5453 val_AP=0.7053 | test_AP=0.6999
Epoch  76/500 [joint][477.6s mem=41013MB] | train_loss=0.0423 train_AP=0.9557 | val_loss=0.5544 val_AP=0.7067 | test_AP=0.7040
Epoch  77/500 [joint][480.5s mem=41011MB] | train_loss=0.0414 train_AP=0.9561 | val_loss=0.5635 val_AP=0.7101 | test_AP=0.6974
Epoch  78/500 [joint][481.0s mem=41012MB] | train_loss=0.0411 train_AP=0.9567 | val_loss=0.5387 val_AP=0.7102 | test_AP=0.6936
Epoch  79/500 [joint][481.3s mem=41010MB] | train_loss=0.0424 train_AP=0.9534 | val_loss=0.5477 val_AP=0.7104 | test_AP=0.6968
Epoch  80/500 [joint][487.3s mem=41009MB] | train_loss=0.0421 train_AP=0.9575 | val_loss=0.5529 val_AP=0.7039 | test_AP=0.6980
Epoch  81/500 [joint][488.2s mem=41010MB] | train_loss=0.0408 train_AP=0.9580 | val_loss=0.5564 val_AP=0.7096 | test_AP=0.6991
Epoch  82/500 [joint][484.7s mem=41010MB] | train_loss=0.0424 train_AP=0.9548 | val_loss=0.5644 val_AP=0.7061 | test_AP=0.6960
Epoch  83/500 [joint][487.0s mem=41008MB] | train_loss=0.0412 train_AP=0.9570 | val_loss=0.5457 val_AP=0.7055 | test_AP=0.6990
Epoch  84/500 [joint][481.7s mem=41008MB] | train_loss=0.0401 train_AP=0.9571 | val_loss=0.5261 val_AP=0.7092 | test_AP=0.6994
Epoch  85/500 [joint][481.9s mem=41010MB] | train_loss=0.0412 train_AP=0.9560 | val_loss=0.5705 val_AP=0.7048 | test_AP=0.6980
Epoch  86/500 [joint][479.8s mem=41011MB] | train_loss=0.0399 train_AP=0.9586 | val_loss=0.5452 val_AP=0.7009 | test_AP=0.6959
Epoch  87/500 [joint][478.4s mem=41009MB] | train_loss=0.0410 train_AP=0.9562 | val_loss=0.5662 val_AP=0.7039 | test_AP=0.6976
Early stopping at epoch 87. Best val AP=0.7138 at epoch 47.
Phase 5 done. Best val AP=0.7138 at epoch 47.

All requested phases complete.
