Traceback (most recent call last):
  File "/home1/sajan_rg/graphormer_eval/new_experiments/graph_exp_new/main_indist.py", line 27, in <module>
    import torch
  File "/home1/sajan_rg/.local/lib/python3.13/site-packages/torch/__init__.py", line 441, in <module>
    _load_global_deps()
    ~~~~~~~~~~~~~~~~~^^
  File "/home1/sajan_rg/.local/lib/python3.13/site-packages/torch/__init__.py", line 392, in _load_global_deps
    _preload_cuda_deps()
    ~~~~~~~~~~~~~~~~~~^^
  File "/home1/sajan_rg/.local/lib/python3.13/site-packages/torch/__init__.py", line 359, in _preload_cuda_deps
    _preload_cuda_lib(lib_folder, lib_name)
    ~~~~~~~~~~~~~~~~~^^^^^^^^^^^^^^^^^^^^^^
  File "/home1/sajan_rg/.local/lib/python3.13/site-packages/torch/__init__.py", line 324, in _preload_cuda_lib
    ctypes.CDLL(lib_path)
    ~~~~~~~~~~~^^^^^^^^^^
  File "/opt/miniforge3/lib/python3.13/ctypes/__init__.py", line 361, in __init__
    self._handle = self._load_library(name, mode, handle, winmode)
                   ~~~~~~~~~~~~~~~~~~^^^^^^^^^^^^^^^^^^^^^^^^^^^^^
  File "/opt/miniforge3/lib/python3.13/ctypes/__init__.py", line 401, in _load_library
    return _dlopen(name, mode)
KeyboardInterrupt
