+ BASE_DIR=checkpoints_multipoint
+ NUM_PROXIES=32
+ BS=128
+ VANILLA_ARGS=--backbone vanilla_gt --hidden_dim 256 --state_dim 256 --num_gred_layers 8 --gred_expand 1 --r_min 0.95 --r_max 1.0 --max_phase_lru 6.28 --gred_act full-glu --max_hops 40 --dropout 0.1 --batch_size 128 --use_lap_pe
+ HYBRID_ARGS=--backbone hybrid --hidden_dim 88 --state_dim 88 --num_gred_layers 8 --num_transformer_layers 2 --num_heads 8 --gred_expand 1 --r_min 0.95 --r_max 1.0 --max_phase_lru 6.28 --gred_act full-glu --max_hops 40 --dropout 0.2 --batch_size 32 --use_lap_pe
+ SCORE_ARGS=--generator score_based --gen_num_layers 3 --gen_num_heads 8 --gen_dropout 0.2
+ PMA_ARGS=--generator pma --pma_query_mode farthest_point --gen_num_layers 8 --gen_num_heads 8 --gen_dropout 0.2
+ CROSS_ATTN_ARGS=--use_cross_attn_routing --num_cross_layers 2
+ GR_DIR=checkpoints_multipoint/gred
+ GR_SHARED=checkpoints_multipoint/gred/shared
+ mkdir -p checkpoints_multipoint/gred/shared
+ echo =============================================================
=============================================================
+ echo   gred: Phase 1 (pretrain)
  gred: Phase 1 (pretrain)
+ echo =============================================================
=============================================================
+ python3 main_indist.py --phase 1 --backbone vanilla_gt --hidden_dim 256 --state_dim 256 --num_gred_layers 8 --gred_expand 1 --r_min 0.95 --r_max 1.0 --max_phase_lru 6.28 --gred_act full-glu --max_hops 40 --dropout 0.1 --batch_size 128 --use_lap_pe --use_cross_attn_routing --num_cross_layers 2 --num_proxies 32 --p1_lr 1e-3 --p1_weight_decay 3e-4 --p1_max_epochs 200 --p1_patience 50 --save_dir checkpoints_multipoint/gred/shared
Args =  {'config': None, 'phase': '1', 'generator': 'score_based', 'backbone': 'vanilla_gt', 'model_path': None, 'phase2_model_path': None, 'generator_path': None, 'hidden_dim': 256, 'num_layers': 8, 'num_heads': 8, 'output_dim': 10, 'dropout': 0.1, 'num_proxies': 32, 'proxy_multiplier': 2, 'use_lap_pe': True, 'lap_pe_dim': 8, 'state_dim': 256, 'num_gred_layers': 8, 'num_transformer_layers': 2, 'gred_expand': 1, 'r_min': 0.95, 'r_max': 1.0, 'max_phase_lru': 6.28, 'gred_act': 'full-glu', 'max_hops': 40, 'dist_mask_workers': 8, 'p1_lr': 0.001, 'p1_weight_decay': 0.0003, 'p1_max_epochs': 200, 'p1_patience': 50, 'p1_grad_clip': 1.0, 'p2_lr': 0.001, 'p2_weight_decay': 0.0003, 'p2_max_epochs': 200, 'p2_patience': 50, 'p2_grad_clip': 1.0, 'p3_lr': 0.001, 'p3_weight_decay': 0.0003, 'p3_max_epochs': 200, 'p3_patience': 50, 'p3_grad_clip': 1.0, 'p3_eval_every': 1, 'p3_recon_weight': 1.0, 'p3_recon_anneal_to': 0.1, 'p3_recon_anneal_epochs': 100, 'p5_phase_a_epochs': 0, 'p5_lr_gen': 0.0001, 'p5_lr_model': 0.0001, 'p5_proxy_dropout': 0.1, 'p5_max_epochs': 200, 'p5_patience': 50, 'p5_grad_clip': 1.0, 'p5_weight_decay': 0.0001, 'gen_hidden_dim': 256, 'gen_num_layers': 6, 'gen_num_heads': 8, 'gen_dropout': 0.2, 'pma_query_mode': 'farthest_point', 'coarsen_gnn_type': 'GIN', 'coarsen_reg_weight': 0.1, 'coarsen_reg_type': 'mincut', 'gnn_layers': 4, 'gnn_type': 'GINE', 'pool_types': ['max'], 'decode_hidden': 128, 'decode_layers': 3, 'idx_emb_dim': 128, 'decode_mode': 'shared', 'use_cross_attn_routing': True, 'num_cross_layers': 2, 'cross_attn_proxy_self_attn': True, 'proxy_insertion_layers': '-1', 'separate_proxy_generators': False, 'separate_proxy_routers': False, 'proxy_aux_loss_decay': 1.0, 'batch_size': 128, 'num_workers': 4, 'lr_min': 1e-07, 'warmup_ratio': 0.05, 'recurrent_lr_factor': 1.0, 'save_dir': 'checkpoints_multipoint/gred/shared', 'device': 'cuda'}
Saved code snapshot to checkpoints_multipoint/gred/shared/code_snapshot.zip
============================================================
PHASE 1: Pretrain Full Transformer (Baseline)
  Backbone: vanilla_gt
============================================================
  Parameters: 11,233,546
Epoch   1/200 [24.4s mem=22962MB] | train_loss=2.4232 train_AP=0.1853 | val_loss=0.7571 val_AP=0.2449
  -> New best val AP=0.2449, saved
Epoch   2/200 [23.3s mem=22955MB] | train_loss=0.9662 train_AP=0.1780 | val_loss=1.0754 val_AP=0.2324
Epoch   3/200 [23.7s mem=22954MB] | train_loss=0.8216 train_AP=0.1664 | val_loss=2.0508 val_AP=0.2446
Epoch   4/200 [23.3s mem=22961MB] | train_loss=0.8374 train_AP=0.1654 | val_loss=0.6698 val_AP=0.1648
Epoch   5/200 [22.7s mem=22961MB] | train_loss=0.7934 train_AP=0.1642 | val_loss=0.6518 val_AP=0.1648
Epoch   6/200 [23.8s mem=22956MB] | train_loss=0.6416 train_AP=0.1651 | val_loss=0.6313 val_AP=0.1648
Epoch   7/200 [23.5s mem=22956MB] | train_loss=0.6211 train_AP=0.1652 | val_loss=0.6108 val_AP=0.1648
Epoch   8/200 [23.6s mem=22953MB] | train_loss=0.6005 train_AP=0.1656 | val_loss=0.5903 val_AP=0.1648
Epoch   9/200 [22.9s mem=22953MB] | train_loss=0.5800 train_AP=0.1637 | val_loss=0.5699 val_AP=0.1648
Epoch  10/200 [23.1s mem=22955MB] | train_loss=0.5598 train_AP=0.1645 | val_loss=0.5499 val_AP=0.1648 | test_AP=0.1647
Epoch  11/200 [23.6s mem=22958MB] | train_loss=0.5403 train_AP=0.1651 | val_loss=0.5313 val_AP=0.1648
Epoch  12/200 [23.2s mem=22954MB] | train_loss=0.5228 train_AP=0.1653 | val_loss=0.5150 val_AP=0.1648
Epoch  13/200 [23.4s mem=22956MB] | train_loss=0.5074 train_AP=0.1652 | val_loss=0.5004 val_AP=0.1648
Epoch  14/200 [23.6s mem=22952MB] | train_loss=0.4936 train_AP=0.1646 | val_loss=0.4875 val_AP=0.1648
Epoch  15/200 [23.7s mem=22955MB] | train_loss=0.4813 train_AP=0.1657 | val_loss=0.4758 val_AP=0.1648
Epoch  16/200 [22.9s mem=22958MB] | train_loss=0.4702 train_AP=0.1645 | val_loss=0.4653 val_AP=0.1648
Epoch  17/200 [23.2s mem=22959MB] | train_loss=0.4602 train_AP=0.1655 | val_loss=0.4559 val_AP=0.1648
Epoch  18/200 [23.4s mem=22955MB] | train_loss=0.4512 train_AP=0.1647 | val_loss=0.4473 val_AP=0.1648
Epoch  19/200 [22.8s mem=22958MB] | train_loss=0.4431 train_AP=0.1644 | val_loss=0.4396 val_AP=0.1648
Epoch  20/200 [24.2s mem=22959MB] | train_loss=0.4357 train_AP=0.1647 | val_loss=0.4326 val_AP=0.1648 | test_AP=0.1647
Epoch  21/200 [24.1s mem=22956MB] | train_loss=0.4290 train_AP=0.1632 | val_loss=0.4262 val_AP=0.1648
Epoch  22/200 [23.3s mem=22959MB] | train_loss=0.4230 train_AP=0.1648 | val_loss=0.4205 val_AP=0.1648
Epoch  23/200 [22.9s mem=22959MB] | train_loss=0.4174 train_AP=0.1639 | val_loss=0.4152 val_AP=0.1648
Epoch  24/200 [23.4s mem=22954MB] | train_loss=0.4124 train_AP=0.1648 | val_loss=0.4104 val_AP=0.1648
Epoch  25/200 [23.3s mem=22957MB] | train_loss=0.4078 train_AP=0.1646 | val_loss=0.4060 val_AP=0.1648
Epoch  26/200 [23.2s mem=22954MB] | train_loss=0.4036 train_AP=0.1654 | val_loss=0.4020 val_AP=0.1648
Epoch  27/200 [23.5s mem=22955MB] | train_loss=0.3998 train_AP=0.1634 | val_loss=0.3984 val_AP=0.1648
Epoch  28/200 [23.3s mem=22955MB] | train_loss=0.3963 train_AP=0.1647 | val_loss=0.3950 val_AP=0.1648
Epoch  29/200 [23.7s mem=22954MB] | train_loss=0.3931 train_AP=0.1640 | val_loss=0.3920 val_AP=0.1648
Epoch  30/200 [23.2s mem=22961MB] | train_loss=0.3902 train_AP=0.1629 | val_loss=0.3892 val_AP=0.1648 | test_AP=0.1647
Epoch  31/200 [23.2s mem=22952MB] | train_loss=0.3875 train_AP=0.1637 | val_loss=0.3866 val_AP=0.1648
Epoch  32/200 [23.3s mem=22957MB] | train_loss=0.3850 train_AP=0.1633 | val_loss=0.3842 val_AP=0.1648
Epoch  33/200 [23.3s mem=22954MB] | train_loss=0.3828 train_AP=0.1636 | val_loss=0.3821 val_AP=0.1648
Epoch  34/200 [23.6s mem=22957MB] | train_loss=0.3807 train_AP=0.1630 | val_loss=0.3801 val_AP=0.1648
Epoch  35/200 [22.9s mem=22959MB] | train_loss=0.3788 train_AP=0.1633 | val_loss=0.3782 val_AP=0.1648
Epoch  36/200 [23.3s mem=22953MB] | train_loss=0.3770 train_AP=0.1625 | val_loss=0.3766 val_AP=0.1648
Epoch  37/200 [23.3s mem=22956MB] | train_loss=0.3754 train_AP=0.1614 | val_loss=0.3750 val_AP=0.1648
Epoch  38/200 [23.1s mem=22953MB] | train_loss=0.3740 train_AP=0.1633 | val_loss=0.3736 val_AP=0.1648
Epoch  39/200 [23.8s mem=22957MB] | train_loss=0.3726 train_AP=0.1627 | val_loss=0.3723 val_AP=0.1648
Epoch  40/200 [23.2s mem=22955MB] | train_loss=0.3713 train_AP=0.1634 | val_loss=0.3711 val_AP=0.1648 | test_AP=0.1647
Epoch  41/200 [23.6s mem=22954MB] | train_loss=0.3702 train_AP=0.1624 | val_loss=0.3700 val_AP=0.1648
Epoch  42/200 [24.0s mem=22953MB] | train_loss=0.3691 train_AP=0.1625 | val_loss=0.3689 val_AP=0.1648
Epoch  43/200 [23.3s mem=22958MB] | train_loss=0.3681 train_AP=0.1629 | val_loss=0.3680 val_AP=0.1648
Epoch  44/200 [23.7s mem=22953MB] | train_loss=0.3672 train_AP=0.1616 | val_loss=0.3671 val_AP=0.1648
Epoch  45/200 [22.9s mem=22955MB] | train_loss=0.3664 train_AP=0.1624 | val_loss=0.3663 val_AP=0.1648
Epoch  46/200 [23.1s mem=22959MB] | train_loss=0.3656 train_AP=0.1630 | val_loss=0.3656 val_AP=0.1648
Epoch  47/200 [23.7s mem=22957MB] | train_loss=0.3649 train_AP=0.1625 | val_loss=0.3649 val_AP=0.1648
Epoch  48/200 [23.5s mem=22961MB] | train_loss=0.3643 train_AP=0.1623 | val_loss=0.3643 val_AP=0.1648
Epoch  49/200 [24.3s mem=22955MB] | train_loss=0.3637 train_AP=0.1626 | val_loss=0.3637 val_AP=0.1648
Epoch  50/200 [23.0s mem=22961MB] | train_loss=0.3632 train_AP=0.1617 | val_loss=0.3632 val_AP=0.1648 | test_AP=0.1647
Epoch  51/200 [22.9s mem=22957MB] | train_loss=0.3627 train_AP=0.1622 | val_loss=0.3627 val_AP=0.1648
Early stopping at epoch 51. Best val AP=0.2449 at epoch 1.
Phase 1 done. Best val AP=0.2449 at epoch 1.
All requested phases complete.
+ GR_P1=checkpoints_multipoint/gred/shared/phase1_best.pt
+ echo 
+ echo =============================================================
=============================================================
+ echo   gred: Phase 2 (partial-graph, N-M nodes)
  gred: Phase 2 (partial-graph, N-M nodes)
+ echo =============================================================
=============================================================
+ python3 main_indist.py --phase 2 --backbone vanilla_gt --hidden_dim 256 --state_dim 256 --num_gred_layers 8 --gred_expand 1 --r_min 0.95 --r_max 1.0 --max_phase_lru 6.28 --gred_act full-glu --max_hops 40 --dropout 0.1 --batch_size 128 --use_lap_pe --use_cross_attn_routing --num_cross_layers 2 --num_proxies 32 --model_path checkpoints_multipoint/gred/shared/phase1_best.pt --p2_lr 1e-3 --p2_weight_decay 3e-4 --p2_max_epochs 200 --p2_patience 50 --save_dir checkpoints_multipoint/gred/shared
Args =  {'config': None, 'phase': '2', 'generator': 'score_based', 'backbone': 'vanilla_gt', 'model_path': 'checkpoints_multipoint/gred/shared/phase1_best.pt', 'phase2_model_path': None, 'generator_path': None, 'hidden_dim': 256, 'num_layers': 8, 'num_heads': 8, 'output_dim': 10, 'dropout': 0.1, 'num_proxies': 32, 'proxy_multiplier': 2, 'use_lap_pe': True, 'lap_pe_dim': 8, 'state_dim': 256, 'num_gred_layers': 8, 'num_transformer_layers': 2, 'gred_expand': 1, 'r_min': 0.95, 'r_max': 1.0, 'max_phase_lru': 6.28, 'gred_act': 'full-glu', 'max_hops': 40, 'dist_mask_workers': 8, 'p1_lr': 0.001, 'p1_weight_decay': 0.0003, 'p1_max_epochs': 500, 'p1_patience': 50, 'p1_grad_clip': 1.0, 'p2_lr': 0.001, 'p2_weight_decay': 0.0003, 'p2_max_epochs': 200, 'p2_patience': 50, 'p2_grad_clip': 1.0, 'p3_lr': 0.001, 'p3_weight_decay': 0.0003, 'p3_max_epochs': 200, 'p3_patience': 50, 'p3_grad_clip': 1.0, 'p3_eval_every': 1, 'p3_recon_weight': 1.0, 'p3_recon_anneal_to': 0.1, 'p3_recon_anneal_epochs': 100, 'p5_phase_a_epochs': 0, 'p5_lr_gen': 0.0001, 'p5_lr_model': 0.0001, 'p5_proxy_dropout': 0.1, 'p5_max_epochs': 200, 'p5_patience': 50, 'p5_grad_clip': 1.0, 'p5_weight_decay': 0.0001, 'gen_hidden_dim': 256, 'gen_num_layers': 6, 'gen_num_heads': 8, 'gen_dropout': 0.2, 'pma_query_mode': 'farthest_point', 'coarsen_gnn_type': 'GIN', 'coarsen_reg_weight': 0.1, 'coarsen_reg_type': 'mincut', 'gnn_layers': 4, 'gnn_type': 'GINE', 'pool_types': ['max'], 'decode_hidden': 128, 'decode_layers': 3, 'idx_emb_dim': 128, 'decode_mode': 'shared', 'use_cross_attn_routing': True, 'num_cross_layers': 2, 'cross_attn_proxy_self_attn': True, 'proxy_insertion_layers': '-1', 'separate_proxy_generators': False, 'separate_proxy_routers': False, 'proxy_aux_loss_decay': 1.0, 'batch_size': 128, 'num_workers': 4, 'lr_min': 1e-07, 'warmup_ratio': 0.05, 'recurrent_lr_factor': 1.0, 'save_dir': 'checkpoints_multipoint/gred/shared', 'device': 'cuda'}
Saved code snapshot to checkpoints_multipoint/gred/shared/code_snapshot.zip
============================================================
PHASE 2: Train Partial-Graph Transformer (N-M nodes)
  Backbone: vanilla_gt
  Dropping M=32 nodes per graph
============================================================
  Encoder frozen. Training transformer layers + head only.
  Trainable params: 11,120,906
Epoch   1/200 [25.1s mem=23012MB] | train_loss=0.5221 train_AP=0.2033 | val_loss=0.5201 val_AP=0.2312
  -> New best val AP=0.2312, saved
Epoch   2/200 [24.8s mem=23011MB] | train_loss=0.6259 train_AP=0.1795 | val_loss=0.5579 val_AP=0.2156
Epoch   3/200 [24.0s mem=23011MB] | train_loss=0.7085 train_AP=0.1746 | val_loss=0.9123 val_AP=0.1735
Epoch   4/200 [24.7s mem=23012MB] | train_loss=0.9521 train_AP=0.1669 | val_loss=0.6665 val_AP=0.1648
Epoch   5/200 [24.4s mem=23011MB] | train_loss=0.8359 train_AP=0.1666 | val_loss=0.6464 val_AP=0.1665
Epoch   6/200 [24.5s mem=23012MB] | train_loss=0.9130 train_AP=0.1659 | val_loss=0.6270 val_AP=0.1743
Epoch   7/200 [24.0s mem=23011MB] | train_loss=0.7628 train_AP=0.1655 | val_loss=0.6061 val_AP=0.1648
Epoch   8/200 [24.1s mem=23011MB] | train_loss=1.0052 train_AP=0.1662 | val_loss=1.1694 val_AP=0.2009
Epoch   9/200 [24.1s mem=23011MB] | train_loss=0.6044 train_AP=0.1646 | val_loss=0.5672 val_AP=0.1648
Epoch  10/200 [23.6s mem=23012MB] | train_loss=0.5997 train_AP=0.1640 | val_loss=0.5459 val_AP=0.1648 | test_AP=0.1647 full_val_AP=0.1648
Epoch  11/200 [24.4s mem=23012MB] | train_loss=0.7278 train_AP=0.1667 | val_loss=0.5275 val_AP=0.1648
Epoch  12/200 [24.7s mem=23012MB] | train_loss=0.5187 train_AP=0.1649 | val_loss=0.5105 val_AP=0.1648
Epoch  13/200 [24.0s mem=23012MB] | train_loss=0.5027 train_AP=0.1655 | val_loss=0.4957 val_AP=0.1648
Epoch  14/200 [24.1s mem=23009MB] | train_loss=0.4887 train_AP=0.1644 | val_loss=0.4825 val_AP=0.1648
Epoch  15/200 [24.9s mem=23012MB] | train_loss=0.4763 train_AP=0.1627 | val_loss=0.4708 val_AP=0.1648
Epoch  16/200 [23.6s mem=23009MB] | train_loss=0.4652 train_AP=0.1660 | val_loss=0.4604 val_AP=0.1648
Epoch  17/200 [24.1s mem=23011MB] | train_loss=0.4553 train_AP=0.1641 | val_loss=0.4511 val_AP=0.1648
Epoch  18/200 [24.7s mem=23012MB] | train_loss=0.4465 train_AP=0.1647 | val_loss=0.4427 val_AP=0.1648
Epoch  19/200 [23.9s mem=23011MB] | train_loss=0.4385 train_AP=0.1640 | val_loss=0.4351 val_AP=0.1648
Epoch  20/200 [24.4s mem=23010MB] | train_loss=0.4313 train_AP=0.1634 | val_loss=0.4283 val_AP=0.1648 | test_AP=0.1647 full_val_AP=0.1648
Epoch  21/200 [24.3s mem=23011MB] | train_loss=0.4249 train_AP=0.1639 | val_loss=0.4222 val_AP=0.1648
Epoch  22/200 [24.3s mem=22178MB] | train_loss=0.4190 train_AP=0.1637 | val_loss=0.4166 val_AP=0.1648
Epoch  23/200 [23.5s mem=23011MB] | train_loss=0.4137 train_AP=0.1644 | val_loss=0.4115 val_AP=0.1648
Epoch  24/200 [24.3s mem=23011MB] | train_loss=0.4089 train_AP=0.1637 | val_loss=0.4070 val_AP=0.1648
Epoch  25/200 [24.7s mem=23012MB] | train_loss=0.4045 train_AP=0.1637 | val_loss=0.4028 val_AP=0.1648
Epoch  26/200 [23.8s mem=23010MB] | train_loss=2.4876 train_AP=0.1648 | val_loss=0.3998 val_AP=0.1648
Epoch  27/200 [23.9s mem=23011MB] | train_loss=0.7472 train_AP=0.1639 | val_loss=0.3965 val_AP=0.1648
Epoch  28/200 [24.5s mem=23011MB] | train_loss=0.3944 train_AP=0.1639 | val_loss=0.3932 val_AP=0.1648
Epoch  29/200 [23.6s mem=23010MB] | train_loss=0.5867 train_AP=0.1651 | val_loss=0.3902 val_AP=0.1648
Epoch  30/200 [23.8s mem=23013MB] | train_loss=1.0448 train_AP=0.1635 | val_loss=0.3876 val_AP=0.1648 | test_AP=0.1647 full_val_AP=0.1648
Epoch  31/200 [23.7s mem=23009MB] | train_loss=0.3982 train_AP=0.1623 | val_loss=0.3851 val_AP=0.1648
Epoch  32/200 [24.6s mem=23010MB] | train_loss=0.5662 train_AP=0.1631 | val_loss=0.3828 val_AP=0.1648
Epoch  33/200 [23.9s mem=23011MB] | train_loss=0.3814 train_AP=0.1627 | val_loss=0.3807 val_AP=0.1648
Epoch  34/200 [24.6s mem=23011MB] | train_loss=0.3794 train_AP=0.1636 | val_loss=0.3788 val_AP=0.1648
Epoch  35/200 [24.5s mem=23011MB] | train_loss=0.3775 train_AP=0.1623 | val_loss=0.3770 val_AP=0.1648
Epoch  36/200 [23.8s mem=23009MB] | train_loss=0.3758 train_AP=0.1640 | val_loss=0.3754 val_AP=0.1648
Epoch  37/200 [24.4s mem=23011MB] | train_loss=0.3743 train_AP=0.1637 | val_loss=0.3739 val_AP=0.1648
Epoch  38/200 [24.6s mem=23010MB] | train_loss=0.3729 train_AP=0.1618 | val_loss=0.3725 val_AP=0.1648
Epoch  39/200 [23.7s mem=23011MB] | train_loss=1.1759 train_AP=0.1627 | val_loss=0.3713 val_AP=0.1648
Epoch  40/200 [23.7s mem=23011MB] | train_loss=0.3704 train_AP=0.1623 | val_loss=0.3702 val_AP=0.1648 | test_AP=0.1647 full_val_AP=0.1648
Epoch  41/200 [24.3s mem=23010MB] | train_loss=0.3693 train_AP=0.1627 | val_loss=0.3691 val_AP=0.1648
Epoch  42/200 [24.1s mem=23009MB] | train_loss=0.3783 train_AP=0.1622 | val_loss=0.3681 val_AP=0.1648
Epoch  43/200 [24.2s mem=23012MB] | train_loss=0.3674 train_AP=0.1614 | val_loss=0.3672 val_AP=0.1648
Epoch  44/200 [24.3s mem=23010MB] | train_loss=0.3665 train_AP=0.1624 | val_loss=0.3664 val_AP=0.1648
Epoch  45/200 [23.6s mem=23013MB] | train_loss=0.3657 train_AP=0.1614 | val_loss=0.3656 val_AP=0.1648
Epoch  46/200 [23.9s mem=23012MB] | train_loss=0.3650 train_AP=0.1628 | val_loss=0.3649 val_AP=0.1648
Epoch  47/200 [24.5s mem=23012MB] | train_loss=0.3644 train_AP=0.1613 | val_loss=0.3643 val_AP=0.1648
Epoch  48/200 [24.3s mem=23011MB] | train_loss=0.3637 train_AP=0.1619 | val_loss=0.3637 val_AP=0.1648
Epoch  49/200 [24.3s mem=23012MB] | train_loss=0.3632 train_AP=0.1612 | val_loss=0.3632 val_AP=0.1648
Epoch  50/200 [24.2s mem=23011MB] | train_loss=0.3627 train_AP=0.1614 | val_loss=0.3627 val_AP=0.1648 | test_AP=0.1647 full_val_AP=0.1648
Epoch  51/200 [24.6s mem=23011MB] | train_loss=0.3622 train_AP=0.1617 | val_loss=0.3622 val_AP=0.1648
Early stopping at epoch 51. Best val AP=0.2312 at epoch 1.
Phase 2 done. Best val AP=0.2312 at epoch 1.
All requested phases complete.
+ GR_P2=checkpoints_multipoint/gred/shared/phase2_best.pt
+ run_generator_phases gred --backbone vanilla_gt --hidden_dim 256 --state_dim 256 --num_gred_layers 8 --gred_expand 1 --r_min 0.95 --r_max 1.0 --max_phase_lru 6.28 --gred_act full-glu --max_hops 40 --dropout 0.1 --batch_size 128 --use_lap_pe cross_attn_pma --generator pma --pma_query_mode farthest_point --gen_num_layers 8 --gen_num_heads 8 --gen_dropout 0.2 --use_cross_attn_routing --num_cross_layers 2 checkpoints_multipoint/gred/shared/phase1_best.pt checkpoints_multipoint/gred/shared/phase2_best.pt
+ local BACKBONE_NAME=gred
+ local BACKBONE_ARGS=--backbone vanilla_gt --hidden_dim 256 --state_dim 256 --num_gred_layers 8 --gred_expand 1 --r_min 0.95 --r_max 1.0 --max_phase_lru 6.28 --gred_act full-glu --max_hops 40 --dropout 0.1 --batch_size 128 --use_lap_pe
+ local EXP_NAME=cross_attn_pma
+ local GEN_ARGS=--generator pma --pma_query_mode farthest_point --gen_num_layers 8 --gen_num_heads 8 --gen_dropout 0.2
+ local EXTRA_ARGS=--use_cross_attn_routing --num_cross_layers 2
+ local P1_MODEL=checkpoints_multipoint/gred/shared/phase1_best.pt
+ local P2_MODEL=checkpoints_multipoint/gred/shared/phase2_best.pt
+ local EXP_DIR=checkpoints_multipoint/gred/cross_attn_pma
+ mkdir -p checkpoints_multipoint/gred/cross_attn_pma
+ echo 
+ echo =============================================================
=============================================================
+ echo   gred | cross_attn_pma: Phase 3 (train generator)
  gred | cross_attn_pma: Phase 3 (train generator)
+ echo =============================================================
=============================================================
+ python3 main_indist.py --phase 3 --backbone vanilla_gt --hidden_dim 256 --state_dim 256 --num_gred_layers 8 --gred_expand 1 --r_min 0.95 --r_max 1.0 --max_phase_lru 6.28 --gred_act full-glu --max_hops 40 --dropout 0.1 --batch_size 128 --use_lap_pe --generator pma --pma_query_mode farthest_point --gen_num_layers 8 --gen_num_heads 8 --gen_dropout 0.2 --use_cross_attn_routing --num_cross_layers 2 --num_proxies 32 --model_path checkpoints_multipoint/gred/shared/phase1_best.pt --phase2_model_path checkpoints_multipoint/gred/shared/phase2_best.pt --p3_lr 1e-3 --p3_max_epochs 200 --p3_patience 50 --p3_recon_weight 1.0 --p3_recon_anneal_to 0.1 --p3_recon_anneal_epochs 100 --save_dir checkpoints_multipoint/gred/cross_attn_pma
Args =  {'config': None, 'phase': '3', 'generator': 'pma', 'backbone': 'vanilla_gt', 'model_path': 'checkpoints_multipoint/gred/shared/phase1_best.pt', 'phase2_model_path': 'checkpoints_multipoint/gred/shared/phase2_best.pt', 'generator_path': None, 'hidden_dim': 256, 'num_layers': 8, 'num_heads': 8, 'output_dim': 10, 'dropout': 0.1, 'num_proxies': 32, 'proxy_multiplier': 2, 'use_lap_pe': True, 'lap_pe_dim': 8, 'state_dim': 256, 'num_gred_layers': 8, 'num_transformer_layers': 2, 'gred_expand': 1, 'r_min': 0.95, 'r_max': 1.0, 'max_phase_lru': 6.28, 'gred_act': 'full-glu', 'max_hops': 40, 'dist_mask_workers': 8, 'p1_lr': 0.001, 'p1_weight_decay': 0.0003, 'p1_max_epochs': 500, 'p1_patience': 50, 'p1_grad_clip': 1.0, 'p2_lr': 0.001, 'p2_weight_decay': 0.0003, 'p2_max_epochs': 200, 'p2_patience': 50, 'p2_grad_clip': 1.0, 'p3_lr': 0.001, 'p3_weight_decay': 0.0003, 'p3_max_epochs': 200, 'p3_patience': 50, 'p3_grad_clip': 1.0, 'p3_eval_every': 1, 'p3_recon_weight': 1.0, 'p3_recon_anneal_to': 0.1, 'p3_recon_anneal_epochs': 100, 'p5_phase_a_epochs': 0, 'p5_lr_gen': 0.0001, 'p5_lr_model': 0.0001, 'p5_proxy_dropout': 0.1, 'p5_max_epochs': 200, 'p5_patience': 50, 'p5_grad_clip': 1.0, 'p5_weight_decay': 0.0001, 'gen_hidden_dim': 256, 'gen_num_layers': 8, 'gen_num_heads': 8, 'gen_dropout': 0.2, 'pma_query_mode': 'farthest_point', 'coarsen_gnn_type': 'GIN', 'coarsen_reg_weight': 0.1, 'coarsen_reg_type': 'mincut', 'gnn_layers': 4, 'gnn_type': 'GINE', 'pool_types': ['max'], 'decode_hidden': 128, 'decode_layers': 3, 'idx_emb_dim': 128, 'decode_mode': 'shared', 'use_cross_attn_routing': True, 'num_cross_layers': 2, 'cross_attn_proxy_self_attn': True, 'proxy_insertion_layers': '-1', 'separate_proxy_generators': False, 'separate_proxy_routers': False, 'proxy_aux_loss_decay': 1.0, 'batch_size': 128, 'num_workers': 4, 'lr_min': 1e-07, 'warmup_ratio': 0.05, 'recurrent_lr_factor': 1.0, 'save_dir': 'checkpoints_multipoint/gred/cross_attn_pma', 'device': 'cuda'}
Saved code snapshot to checkpoints_multipoint/gred/cross_attn_pma/code_snapshot.zip
============================================================
PHASE 3: Train Proxy Generator (pma)
  Backbone: vanilla_gt
  Recon weight: 1.0 → 0.1 over 100 epochs
============================================================
  Generator parameters: 6,322,176
Epoch   1/200 [68.9s mem=22246MB] | loss=78.7404 task=1.8778 recon=76.8626 (w=1.000) | val_AP=0.2524 test_AP=0.2497
  -> New best val AP=0.2524
Epoch   2/200 [68.2s mem=22246MB] | loss=11.3551 task=1.8957 recon=9.5462 (w=0.991) | val_AP=0.2136 test_AP=0.2117
Epoch   3/200 [69.0s mem=22245MB] | loss=8.8861 task=1.8008 recon=7.2166 (w=0.982) | val_AP=0.2191 test_AP=0.2219
Epoch   4/200 [69.7s mem=22244MB] | loss=7.4562 task=1.5964 recon=6.0241 (w=0.973) | val_AP=0.2391 test_AP=0.2425
Epoch   5/200 [68.3s mem=22245MB] | loss=7.6508 task=1.6814 recon=6.1947 (w=0.964) | val_AP=0.2180 test_AP=0.2162
Epoch   6/200 [68.6s mem=22245MB] | loss=7.9035 task=1.8595 recon=6.3317 (w=0.955) | val_AP=0.2240 test_AP=0.2219
Epoch   7/200 [67.7s mem=22243MB] | loss=7.3824 task=1.8367 recon=5.8657 (w=0.945) | val_AP=0.1706 test_AP=0.1741
Epoch   8/200 [68.0s mem=22246MB] | loss=7.8322 task=2.0108 recon=6.2170 (w=0.936) | val_AP=0.2419 test_AP=0.2412
Epoch   9/200 [69.5s mem=22248MB] | loss=8.2456 task=2.1282 recon=6.5972 (w=0.927) | val_AP=0.2180 test_AP=0.2177
Epoch  10/200 [68.3s mem=22245MB] | loss=7.5127 task=2.0971 recon=5.8981 (w=0.918) | val_AP=0.2435 test_AP=0.2474
Epoch  11/200 [69.0s mem=22245MB] | loss=7.3546 task=2.0362 recon=5.8502 (w=0.909) | val_AP=0.2053 test_AP=0.2063
Epoch  12/200 [67.8s mem=22230MB] | loss=5.9878 task=1.8543 recon=4.5928 (w=0.900) | val_AP=0.2350 test_AP=0.2361
Epoch  13/200 [67.7s mem=22246MB] | loss=5.1492 task=1.5956 recon=3.9888 (w=0.891) | val_AP=0.2126 test_AP=0.2116
Epoch  14/200 [67.9s mem=22247MB] | loss=3.9090 task=1.3170 recon=2.9394 (w=0.882) | val_AP=0.2002 test_AP=0.1951
Epoch  15/200 [68.5s mem=22246MB] | loss=3.7454 task=1.3328 recon=2.7644 (w=0.873) | val_AP=0.2425 test_AP=0.2449
Epoch  16/200 [69.4s mem=22245MB] | loss=3.2927 task=1.2004 recon=2.4226 (w=0.864) | val_AP=0.2367 test_AP=0.2385
Epoch  17/200 [68.4s mem=22245MB] | loss=3.0499 task=1.1257 recon=2.2518 (w=0.855) | val_AP=0.2310 test_AP=0.2292
Epoch  18/200 [69.0s mem=22246MB] | loss=2.7600 task=1.0377 recon=2.0371 (w=0.845) | val_AP=0.2167 test_AP=0.2174
Epoch  19/200 [67.7s mem=22246MB] | loss=2.4672 task=0.9061 recon=1.8665 (w=0.836) | val_AP=0.2313 test_AP=0.2320
Epoch  20/200 [68.9s mem=22246MB] | loss=2.2180 task=0.8096 recon=1.7025 (w=0.827) | val_AP=0.2010 test_AP=0.1959
Epoch  21/200 [67.8s mem=22244MB] | loss=2.1704 task=0.7929 recon=1.6836 (w=0.818) | val_AP=0.2382 test_AP=0.2361
Epoch  22/200 [68.3s mem=22245MB] | loss=1.9780 task=0.6996 recon=1.5800 (w=0.809) | val_AP=0.1628 test_AP=0.1648
Epoch  23/200 [67.1s mem=21478MB] | loss=1.8500 task=0.6878 recon=1.4527 (w=0.800) | val_AP=0.2209 test_AP=0.2172
Epoch  24/200 [67.4s mem=22244MB] | loss=1.6826 task=0.5909 recon=1.3803 (w=0.791) | val_AP=0.2461 test_AP=0.2500
Epoch  25/200 [69.1s mem=22246MB] | loss=1.6731 task=0.5685 recon=1.4129 (w=0.782) | val_AP=0.2528 test_AP=0.2497
  -> New best val AP=0.2528
Epoch  26/200 [68.3s mem=22247MB] | loss=1.6036 task=0.5542 recon=1.3580 (w=0.773) | val_AP=0.2007 test_AP=0.2014
Epoch  27/200 [68.8s mem=22245MB] | loss=1.5816 task=0.5688 recon=1.3263 (w=0.764) | val_AP=0.2427 test_AP=0.2405
Epoch  28/200 [68.9s mem=22244MB] | loss=1.5495 task=0.5555 recon=1.3174 (w=0.755) | val_AP=0.2603 test_AP=0.2561
  -> New best val AP=0.2603
Epoch  29/200 [67.5s mem=22246MB] | loss=1.5156 task=0.5494 recon=1.2962 (w=0.745) | val_AP=0.2630 test_AP=0.2597
  -> New best val AP=0.2630
Epoch  30/200 [68.3s mem=22245MB] | loss=1.4846 task=0.5323 recon=1.2932 (w=0.736) | val_AP=0.2556 test_AP=0.2485
Epoch  31/200 [67.7s mem=22244MB] | loss=1.4677 task=0.5168 recon=1.3075 (w=0.727) | val_AP=0.2621 test_AP=0.2633
Epoch  32/200 [67.6s mem=22230MB] | loss=1.5040 task=0.5104 recon=1.3836 (w=0.718) | val_AP=0.2592 test_AP=0.2640
Epoch  33/200 [69.2s mem=22246MB] | loss=1.4479 task=0.5158 recon=1.3144 (w=0.709) | val_AP=0.2476 test_AP=0.2471
Epoch  34/200 [68.6s mem=22245MB] | loss=1.3520 task=0.4969 recon=1.2216 (w=0.700) | val_AP=0.2467 test_AP=0.2456
Epoch  35/200 [68.5s mem=22245MB] | loss=1.3482 task=0.5191 recon=1.2000 (w=0.691) | val_AP=0.2328 test_AP=0.2326
Epoch  36/200 [68.9s mem=22245MB] | loss=1.3581 task=0.4909 recon=1.2718 (w=0.682) | val_AP=0.2461 test_AP=0.2430
Epoch  37/200 [69.1s mem=22248MB] | loss=1.2784 task=0.4799 recon=1.1870 (w=0.673) | val_AP=0.2534 test_AP=0.2512
Epoch  38/200 [68.5s mem=22244MB] | loss=1.2764 task=0.4573 recon=1.2343 (w=0.664) | val_AP=0.2595 test_AP=0.2590
Epoch  39/200 [67.6s mem=22246MB] | loss=1.2473 task=0.4684 recon=1.1900 (w=0.655) | val_AP=0.2285 test_AP=0.2318
Epoch  40/200 [67.9s mem=22245MB] | loss=1.2430 task=0.4757 recon=1.1887 (w=0.645) | val_AP=0.2479 test_AP=0.2442
Epoch  41/200 [68.9s mem=22245MB] | loss=7.1815 task=1.0606 recon=9.6185 (w=0.636) | val_AP=0.2174 test_AP=0.2162
Epoch  42/200 [67.9s mem=22248MB] | loss=5.4725 task=1.3292 recon=6.6051 (w=0.627) | val_AP=0.2428 test_AP=0.2392
Epoch  43/200 [67.7s mem=22247MB] | loss=1.7909 task=0.6828 recon=1.7924 (w=0.618) | val_AP=0.2587 test_AP=0.2588
Epoch  44/200 [67.8s mem=22245MB] | loss=1.3238 task=0.5101 recon=1.3359 (w=0.609) | val_AP=0.2525 test_AP=0.2507
Epoch  45/200 [67.9s mem=22245MB] | loss=1.2269 task=0.4814 recon=1.2426 (w=0.600) | val_AP=0.2699 test_AP=0.2698
  -> New best val AP=0.2699
Epoch  46/200 [67.5s mem=22247MB] | loss=1.1987 task=0.4745 recon=1.2255 (w=0.591) | val_AP=0.2533 test_AP=0.2563
Epoch  47/200 [68.0s mem=22246MB] | loss=1.1424 task=0.4529 recon=1.1851 (w=0.582) | val_AP=0.2615 test_AP=0.2536
Epoch  48/200 [68.7s mem=22246MB] | loss=1.1522 task=0.4644 recon=1.2009 (w=0.573) | val_AP=0.2601 test_AP=0.2647
Epoch  49/200 [68.6s mem=22245MB] | loss=1.1151 task=0.4467 recon=1.1857 (w=0.564) | val_AP=0.2690 test_AP=0.2617
Epoch  50/200 [68.1s mem=22247MB] | loss=1.0980 task=0.4426 recon=1.1819 (w=0.555) | val_AP=0.2640 test_AP=0.2589
Epoch  51/200 [69.5s mem=22246MB] | loss=1.2240 task=0.4803 recon=1.3634 (w=0.545) | val_AP=0.2614 test_AP=0.2624
Epoch  52/200 [68.3s mem=22244MB] | loss=1.1045 task=0.4389 recon=1.2409 (w=0.536) | val_AP=0.2714 test_AP=0.2662
  -> New best val AP=0.2714
Epoch  53/200 [69.3s mem=22246MB] | loss=1.0419 task=0.4244 recon=1.1711 (w=0.527) | val_AP=0.2681 test_AP=0.2606
Epoch  54/200 [68.8s mem=22245MB] | loss=1.0508 task=0.4266 recon=1.2045 (w=0.518) | val_AP=0.2728 test_AP=0.2682
  -> New best val AP=0.2728
Epoch  55/200 [70.1s mem=22245MB] | loss=1.0398 task=0.4235 recon=1.2107 (w=0.509) | val_AP=0.2583 test_AP=0.2567
Epoch  56/200 [69.0s mem=22245MB] | loss=1.0108 task=0.4223 recon=1.1769 (w=0.500) | val_AP=0.2827 test_AP=0.2816
  -> New best val AP=0.2827
Epoch  57/200 [67.9s mem=22244MB] | loss=1.0083 task=0.4331 recon=1.1717 (w=0.491) | val_AP=0.2691 test_AP=0.2674
Epoch  58/200 [67.8s mem=22248MB] | loss=0.9866 task=0.4184 recon=1.1794 (w=0.482) | val_AP=0.2847 test_AP=0.2795
  -> New best val AP=0.2847
Epoch  59/200 [70.6s mem=22245MB] | loss=0.9791 task=0.4245 recon=1.1731 (w=0.473) | val_AP=0.2594 test_AP=0.2542
Epoch  60/200 [68.9s mem=22245MB] | loss=0.9572 task=0.4129 recon=1.1740 (w=0.464) | val_AP=0.2714 test_AP=0.2736
Epoch  61/200 [68.9s mem=22245MB] | loss=0.9538 task=0.4025 recon=1.2128 (w=0.455) | val_AP=0.2772 test_AP=0.2651
Epoch  62/200 [68.8s mem=22246MB] | loss=0.9231 task=0.4018 recon=1.1702 (w=0.445) | val_AP=0.2716 test_AP=0.2625
Epoch  63/200 [69.9s mem=22245MB] | loss=0.9294 task=0.4068 recon=1.1976 (w=0.436) | val_AP=0.2806 test_AP=0.2800
Epoch  64/200 [67.9s mem=22248MB] | loss=0.9158 task=0.4099 recon=1.1841 (w=0.427) | val_AP=0.2778 test_AP=0.2763
Epoch  65/200 [68.5s mem=22244MB] | loss=0.9200 task=0.4207 recon=1.1939 (w=0.418) | val_AP=0.2944 test_AP=0.2902
  -> New best val AP=0.2944
Epoch  66/200 [68.5s mem=22245MB] | loss=0.9437 task=0.3924 recon=1.3478 (w=0.409) | val_AP=0.2701 test_AP=0.2614
Epoch  67/200 [68.9s mem=22247MB] | loss=0.8708 task=0.3994 recon=1.1786 (w=0.400) | val_AP=0.2836 test_AP=0.2785
Epoch  68/200 [69.4s mem=22245MB] | loss=0.8517 task=0.3945 recon=1.1696 (w=0.391) | val_AP=0.2760 test_AP=0.2658
Epoch  69/200 [68.9s mem=22244MB] | loss=0.8360 task=0.3837 recon=1.1846 (w=0.382) | val_AP=0.2889 test_AP=0.2872
Epoch  70/200 [67.4s mem=22244MB] | loss=0.8357 task=0.3913 recon=1.1923 (w=0.373) | val_AP=0.2764 test_AP=0.2736
Epoch  71/200 [70.0s mem=22247MB] | loss=0.8524 task=0.4176 recon=1.1957 (w=0.364) | val_AP=0.2669 test_AP=0.2640
Epoch  72/200 [67.6s mem=22245MB] | loss=0.8150 task=0.3936 recon=1.1884 (w=0.355) | val_AP=0.2844 test_AP=0.2835
Epoch  73/200 [67.1s mem=22245MB] | loss=0.8059 task=0.3921 recon=1.1977 (w=0.345) | val_AP=0.2920 test_AP=0.2837
Epoch  74/200 [69.2s mem=22245MB] | loss=0.7835 task=0.3818 recon=1.1942 (w=0.336) | val_AP=0.2587 test_AP=0.2575
Epoch  75/200 [68.7s mem=22244MB] | loss=0.7909 task=0.3889 recon=1.2283 (w=0.327) | val_AP=0.3100 test_AP=0.3072
  -> New best val AP=0.3100
Epoch  76/200 [69.7s mem=22231MB] | loss=0.7580 task=0.3719 recon=1.2135 (w=0.318) | val_AP=0.2780 test_AP=0.2782
Epoch  77/200 [69.0s mem=22245MB] | loss=0.7459 task=0.3779 recon=1.1907 (w=0.309) | val_AP=0.2908 test_AP=0.2826
Epoch  78/200 [69.5s mem=22245MB] | loss=0.7261 task=0.3702 recon=1.1862 (w=0.300) | val_AP=0.2798 test_AP=0.2765
Epoch  79/200 [68.5s mem=22248MB] | loss=0.7775 task=0.3782 recon=1.3723 (w=0.291) | val_AP=0.2974 test_AP=0.2933
Epoch  80/200 [68.2s mem=22247MB] | loss=0.7153 task=0.3655 recon=1.2414 (w=0.282) | val_AP=0.2946 test_AP=0.2898
Epoch  81/200 [68.7s mem=22244MB] | loss=0.7127 task=0.3780 recon=1.2274 (w=0.273) | val_AP=0.3087 test_AP=0.2943
Epoch  82/200 [70.3s mem=22246MB] | loss=0.6981 task=0.3755 recon=1.2239 (w=0.264) | val_AP=0.3038 test_AP=0.2925
Epoch  83/200 [69.4s mem=22245MB] | loss=0.6809 task=0.3746 recon=1.2035 (w=0.255) | val_AP=0.2743 test_AP=0.2751
Epoch  84/200 [67.9s mem=22230MB] | loss=0.6670 task=0.3612 recon=1.2457 (w=0.245) | val_AP=0.2810 test_AP=0.2752
Epoch  85/200 [68.2s mem=22244MB] | loss=0.6533 task=0.3654 recon=1.2182 (w=0.236) | val_AP=0.3054 test_AP=0.2982
Epoch  86/200 [69.1s mem=22243MB] | loss=0.6535 task=0.3730 recon=1.2342 (w=0.227) | val_AP=0.2956 test_AP=0.2861
Epoch  87/200 [67.6s mem=22245MB] | loss=0.6304 task=0.3575 recon=1.2508 (w=0.218) | val_AP=0.2922 test_AP=0.2905
Epoch  88/200 [68.3s mem=22246MB] | loss=0.6218 task=0.3616 recon=1.2447 (w=0.209) | val_AP=0.2959 test_AP=0.2940
Epoch  89/200 [67.9s mem=22245MB] | loss=0.6060 task=0.3543 recon=1.2587 (w=0.200) | val_AP=0.2948 test_AP=0.2929
Epoch  90/200 [70.1s mem=22246MB] | loss=0.5830 task=0.3473 recon=1.2347 (w=0.191) | val_AP=0.3190 test_AP=0.3132
  -> New best val AP=0.3190
Epoch  91/200 [68.7s mem=22247MB] | loss=0.5758 task=0.3523 recon=1.2288 (w=0.182) | val_AP=0.3009 test_AP=0.2983
Epoch  92/200 [68.2s mem=22244MB] | loss=0.5633 task=0.3485 recon=1.2434 (w=0.173) | val_AP=0.2935 test_AP=0.2965
Epoch  93/200 [67.5s mem=22246MB] | loss=0.5489 task=0.3439 recon=1.2527 (w=0.164) | val_AP=0.3158 test_AP=0.3066
Epoch  94/200 [68.8s mem=22244MB] | loss=0.5459 task=0.3506 recon=1.2635 (w=0.155) | val_AP=0.3332 test_AP=0.3282
  -> New best val AP=0.3332
Epoch  95/200 [71.3s mem=22245MB] | loss=0.5196 task=0.3346 recon=1.2717 (w=0.145) | val_AP=0.3163 test_AP=0.3080
Epoch  96/200 [69.3s mem=22243MB] | loss=0.5174 task=0.3426 recon=1.2823 (w=0.136) | val_AP=0.3191 test_AP=0.3140
Epoch  97/200 [67.8s mem=22245MB] | loss=0.5033 task=0.3393 recon=1.2886 (w=0.127) | val_AP=0.2950 test_AP=0.2890
Epoch  98/200 [68.0s mem=22245MB] | loss=0.4926 task=0.3391 recon=1.2989 (w=0.118) | val_AP=0.3257 test_AP=0.3186
Epoch  99/200 [68.5s mem=22246MB] | loss=0.4756 task=0.3329 recon=1.3080 (w=0.109) | val_AP=0.3154 test_AP=0.3082
Epoch 100/200 [69.1s mem=22246MB] | loss=0.4666 task=0.3356 recon=1.3102 (w=0.100) | val_AP=0.3009 test_AP=0.2968
Epoch 101/200 [72.6s mem=22243MB] | loss=0.4619 task=0.3307 recon=1.3125 (w=0.100) | val_AP=0.3204 test_AP=0.3073
Epoch 102/200 [68.9s mem=22247MB] | loss=0.4676 task=0.3332 recon=1.3439 (w=0.100) | val_AP=0.3070 test_AP=0.3058
Epoch 103/200 [70.0s mem=22246MB] | loss=0.5552 task=0.3733 recon=1.8191 (w=0.100) | val_AP=0.3022 test_AP=0.2893
Epoch 104/200 [68.6s mem=22248MB] | loss=0.4768 task=0.3372 recon=1.3959 (w=0.100) | val_AP=0.3313 test_AP=0.3223
Epoch 105/200 [67.8s mem=22246MB] | loss=0.4662 task=0.3306 recon=1.3560 (w=0.100) | val_AP=0.3278 test_AP=0.3157
Epoch 106/200 [68.3s mem=22244MB] | loss=0.4510 task=0.3185 recon=1.3251 (w=0.100) | val_AP=0.3272 test_AP=0.3121
Epoch 107/200 [69.3s mem=22246MB] | loss=0.4489 task=0.3169 recon=1.3207 (w=0.100) | val_AP=0.3426 test_AP=0.3210
  -> New best val AP=0.3426
Epoch 108/200 [69.9s mem=22244MB] | loss=0.4421 task=0.3103 recon=1.3181 (w=0.100) | val_AP=0.3424 test_AP=0.3195
Epoch 109/200 [70.4s mem=22247MB] | loss=0.4418 task=0.3101 recon=1.3176 (w=0.100) | val_AP=0.3328 test_AP=0.3172
Epoch 110/200 [69.4s mem=22247MB] | loss=0.4363 task=0.3053 recon=1.3098 (w=0.100) | val_AP=0.3545 test_AP=0.3444
  -> New best val AP=0.3545
Epoch 111/200 [67.9s mem=22246MB] | loss=0.4391 task=0.3070 recon=1.3206 (w=0.100) | val_AP=0.3220 test_AP=0.3121
Epoch 112/200 [68.0s mem=22245MB] | loss=0.4357 task=0.3038 recon=1.3190 (w=0.100) | val_AP=0.3378 test_AP=0.3245
Epoch 113/200 [68.4s mem=22245MB] | loss=0.4353 task=0.3027 recon=1.3263 (w=0.100) | val_AP=0.3475 test_AP=0.3266
Epoch 114/200 [68.9s mem=22248MB] | loss=0.4285 task=0.2968 recon=1.3170 (w=0.100) | val_AP=0.3632 test_AP=0.3389
  -> New best val AP=0.3632
Epoch 115/200 [68.2s mem=22245MB] | loss=0.4320 task=0.2988 recon=1.3320 (w=0.100) | val_AP=0.3434 test_AP=0.3294
Epoch 116/200 [150.3s mem=22246MB] | loss=0.4286 task=0.2969 recon=1.3173 (w=0.100) | val_AP=0.3418 test_AP=0.3251
Epoch 117/200 [187.8s mem=22243MB] | loss=0.4267 task=0.2938 recon=1.3288 (w=0.100) | val_AP=0.3412 test_AP=0.3226
Epoch 118/200 [209.8s mem=21477MB] | loss=0.4182 task=0.2852 recon=1.3305 (w=0.100) | val_AP=0.3491 test_AP=0.3369
Epoch 119/200 [224.3s mem=22245MB] | loss=0.4179 task=0.2830 recon=1.3487 (w=0.100) | val_AP=0.3412 test_AP=0.3299
Epoch 120/200 [185.4s mem=22245MB] | loss=0.4147 task=0.2814 recon=1.3326 (w=0.100) | val_AP=0.3523 test_AP=0.3352
Epoch 121/200 [189.0s mem=22245MB] | loss=0.4117 task=0.2786 recon=1.3314 (w=0.100) | val_AP=0.3597 test_AP=0.3480
Epoch 122/200 [198.0s mem=22245MB] | loss=0.4023 task=0.2695 recon=1.3283 (w=0.100) | val_AP=0.3585 test_AP=0.3443
Epoch 123/200 [231.9s mem=22247MB] | loss=0.4034 task=0.2705 recon=1.3289 (w=0.100) | val_AP=0.3509 test_AP=0.3401
Epoch 124/200 [190.8s mem=22230MB] | loss=0.4007 task=0.2655 recon=1.3524 (w=0.100) | val_AP=0.3621 test_AP=0.3442
Epoch 125/200 [187.7s mem=22247MB] | loss=0.3912 task=0.2566 recon=1.3462 (w=0.100) | val_AP=0.3557 test_AP=0.3405
Epoch 126/200 [187.6s mem=22248MB] | loss=0.3902 task=0.2561 recon=1.3407 (w=0.100) | val_AP=0.3574 test_AP=0.3512
Epoch 127/200 [230.2s mem=22246MB] | loss=0.3841 task=0.2504 recon=1.3369 (w=0.100) | val_AP=0.3854 test_AP=0.3515
  -> New best val AP=0.3854
Epoch 128/200 [203.5s mem=22247MB] | loss=0.3822 task=0.2478 recon=1.3438 (w=0.100) | val_AP=0.3710 test_AP=0.3579
Epoch 129/200 [188.1s mem=22246MB] | loss=0.3765 task=0.2405 recon=1.3602 (w=0.100) | val_AP=0.3694 test_AP=0.3434
Epoch 130/200 [189.0s mem=22245MB] | loss=0.3600 task=0.2263 recon=1.3365 (w=0.100) | val_AP=0.3621 test_AP=0.3481
Epoch 131/200 [218.0s mem=22244MB] | loss=0.3595 task=0.2258 recon=1.3375 (w=0.100) | val_AP=0.3755 test_AP=0.3635
Epoch 132/200 [216.0s mem=22245MB] | loss=0.3523 task=0.2191 recon=1.3323 (w=0.100) | val_AP=0.3681 test_AP=0.3486
Epoch 133/200 [188.9s mem=22247MB] | loss=0.3408 task=0.2078 recon=1.3302 (w=0.100) | val_AP=0.3818 test_AP=0.3668
Epoch 134/200 [187.6s mem=22245MB] | loss=0.3409 task=0.2072 recon=1.3370 (w=0.100) | val_AP=0.3735 test_AP=0.3707
Epoch 135/200 [203.4s mem=22245MB] | loss=0.3290 task=0.1957 recon=1.3330 (w=0.100) | val_AP=0.3784 test_AP=0.3640
Epoch 136/200 [226.1s mem=22247MB] | loss=0.3219 task=0.1888 recon=1.3306 (w=0.100) | val_AP=0.3774 test_AP=0.3700
Epoch 137/200 [384.4s mem=22247MB] | loss=0.3149 task=0.1820 recon=1.3296 (w=0.100) | val_AP=0.3794 test_AP=0.3645
Epoch 138/200 [222.6s mem=22245MB] | loss=0.3108 task=0.1786 recon=1.3214 (w=0.100) | val_AP=0.3740 test_AP=0.3721
Epoch 139/200 [188.4s mem=22247MB] | loss=0.3039 task=0.1711 recon=1.3275 (w=0.100) | val_AP=0.3655 test_AP=0.3560
Epoch 140/200 [184.5s mem=22246MB] | loss=0.2968 task=0.1649 recon=1.3188 (w=0.100) | val_AP=0.3849 test_AP=0.3748
Terminated
