Args =  {'config': None, 'phase': 'all', 'generator': 'graph_coarsening', 'backbone': 'vanilla_gt', 'model_path': None, 'phase2_model_path': None, 'generator_path': None, 'hidden_dim': 256, 'num_layers': 8, 'num_heads': 8, 'output_dim': 10, 'dropout': 0.1, 'num_proxies': 64, 'proxy_multiplier': 2, 'use_lap_pe': True, 'lap_pe_dim': 16, 'state_dim': 88, 'num_gred_layers': 8, 'num_transformer_layers': 2, 'gred_expand': 1, 'r_min': 0.0, 'r_max': 1.0, 'max_phase_lru': 6.28, 'gred_act': 'full-glu', 'max_hops': 40, 'dist_mask_workers': 8, 'p1_lr': 0.0005, 'p1_weight_decay': 0.0001, 'p1_max_epochs': 500, 'p1_patience': 50, 'p1_grad_clip': 1.0, 'p2_lr': 0.0005, 'p2_weight_decay': 0.0001, 'p2_max_epochs': 500, 'p2_patience': 50, 'p2_grad_clip': 1.0, 'p3_lr': 0.0005, 'p3_weight_decay': 0.0001, 'p3_max_epochs': 500, 'p3_patience': 50, 'p3_grad_clip': 1.0, 'p3_eval_every': 1, 'p3_recon_weight': 1.0, 'p3_recon_anneal_to': 0.8, 'p3_recon_anneal_epochs': 200, 'p3_no_task_loss': False, 'p5_phase_a_epochs': 0, 'p5_lr_gen': 0.0001, 'p5_lr_model': 0.0001, 'p5_proxy_dropout': 0.0, 'p5_max_epochs': 500, 'p5_patience': 50, 'p5_grad_clip': 1.0, 'p5_weight_decay': 5e-05, 'gen_hidden_dim': 256, 'gen_num_layers': 6, 'gen_num_heads': 8, 'gen_dropout': 0.2, 'pma_query_mode': 'farthest_point', 'coarsen_gnn_type': 'GIN', 'coarsen_reg_weight': 0.1, 'coarsen_reg_type': 'mincut', 'gnn_layers': 4, 'gnn_type': 'GINE', 'pool_types': ['max'], 'decode_hidden': 128, 'decode_layers': 3, 'idx_emb_dim': 128, 'decode_mode': 'shared', 'use_cross_attn_routing': False, 'num_cross_layers': 2, 'cross_attn_proxy_self_attn': True, 'proxy_insertion_layers': '0,2,4', 'separate_proxy_generators': True, 'separate_proxy_routers': True, 'proxy_aux_loss_decay': 1.0, 'batch_size': 32, 'num_workers': 4, 'lr_min': 1e-07, 'warmup_ratio': 0.05, 'recurrent_lr_factor': 1.0, 'save_dir': 'checkpoints_indist_vanilla_new', 'device': 'cuda'}
Saved code snapshot to checkpoints_indist_vanilla_new/code_snapshot.zip
============================================================
PHASE 1: Pretrain Full Transformer (Baseline)
  Backbone: vanilla_gt
============================================================
  Parameters: 6,494,986
Epoch   1/500 [51.5s mem=5807MB] | train_loss=1.7844 train_AP=0.1917 | val_loss=0.5576 val_AP=0.2285
  -> New best val AP=0.2285, saved
Epoch   2/500 [62.4s mem=5806MB] | train_loss=0.4654 train_AP=0.2008 | val_loss=0.4536 val_AP=0.2340
  -> New best val AP=0.2340, saved
Epoch   3/500 [62.7s mem=5807MB] | train_loss=0.4387 train_AP=0.2116 | val_loss=0.4885 val_AP=0.2256
Epoch   4/500 [52.1s mem=5805MB] | train_loss=0.4077 train_AP=0.2154 | val_loss=0.3534 val_AP=0.2535
  -> New best val AP=0.2535, saved
Epoch   5/500 [50.6s mem=5806MB] | train_loss=0.3915 train_AP=0.2188 | val_loss=0.3378 val_AP=0.2501
Epoch   6/500 [50.6s mem=5808MB] | train_loss=0.3940 train_AP=0.2215 | val_loss=0.3692 val_AP=0.2547
  -> New best val AP=0.2547, saved
Epoch   7/500 [50.6s mem=5807MB] | train_loss=0.3854 train_AP=0.2202 | val_loss=0.3620 val_AP=0.2522
Epoch   8/500 [50.7s mem=5808MB] | train_loss=0.3748 train_AP=0.2274 | val_loss=0.3298 val_AP=0.2569
  -> New best val AP=0.2569, saved
Epoch   9/500 [51.1s mem=5806MB] | train_loss=0.3654 train_AP=0.2274 | val_loss=0.3369 val_AP=0.2542
Epoch  10/500 [51.3s mem=5807MB] | train_loss=0.4012 train_AP=0.2202 | val_loss=0.3527 val_AP=0.2408 | test_AP=0.2421
Epoch  11/500 [53.9s mem=5804MB] | train_loss=0.3635 train_AP=0.2320 | val_loss=0.3310 val_AP=0.2694
  -> New best val AP=0.2694, saved
Epoch  12/500 [53.4s mem=5807MB] | train_loss=0.3557 train_AP=0.2395 | val_loss=0.3300 val_AP=0.2733
  -> New best val AP=0.2733, saved
Epoch  13/500 [55.8s mem=5805MB] | train_loss=0.3502 train_AP=0.2386 | val_loss=0.3360 val_AP=0.2716
Epoch  14/500 [66.2s mem=5806MB] | train_loss=0.4210 train_AP=0.2238 | val_loss=0.3291 val_AP=0.2757
  -> New best val AP=0.2757, saved
Epoch  15/500 [63.4s mem=5807MB] | train_loss=0.3562 train_AP=0.2427 | val_loss=0.3339 val_AP=0.2798
  -> New best val AP=0.2798, saved
Epoch  16/500 [52.2s mem=5807MB] | train_loss=0.3481 train_AP=0.2472 | val_loss=0.3312 val_AP=0.2647
Epoch  17/500 [53.2s mem=5804MB] | train_loss=0.3457 train_AP=0.2485 | val_loss=0.3293 val_AP=0.2825
  -> New best val AP=0.2825, saved
Epoch  18/500 [52.4s mem=5807MB] | train_loss=0.3969 train_AP=0.2454 | val_loss=0.4512 val_AP=0.2586
Epoch  19/500 [52.5s mem=5806MB] | train_loss=0.4004 train_AP=0.2130 | val_loss=0.3337 val_AP=0.2627
Epoch  20/500 [53.3s mem=5809MB] | train_loss=0.4005 train_AP=0.2252 | val_loss=0.3387 val_AP=0.2464 | test_AP=0.2456
Epoch  21/500 [51.7s mem=5807MB] | train_loss=0.4168 train_AP=0.2416 | val_loss=0.3464 val_AP=0.2497
Epoch  22/500 [51.6s mem=5806MB] | train_loss=0.3874 train_AP=0.2263 | val_loss=0.3330 val_AP=0.2544
Epoch  23/500 [51.4s mem=5807MB] | train_loss=0.3610 train_AP=0.2311 | val_loss=0.3289 val_AP=0.2644
Epoch  24/500 [53.1s mem=5806MB] | train_loss=0.3643 train_AP=0.2306 | val_loss=0.3326 val_AP=0.2612
Epoch  25/500 [65.3s mem=5809MB] | train_loss=0.3543 train_AP=0.2373 | val_loss=0.3521 val_AP=0.2488
Epoch  26/500 [63.4s mem=5804MB] | train_loss=0.3866 train_AP=0.2324 | val_loss=0.3283 val_AP=0.2581
Epoch  27/500 [42.7s mem=5807MB] | train_loss=0.4807 train_AP=0.2286 | val_loss=0.3321 val_AP=0.2602
Epoch  28/500 [41.9s mem=5808MB] | train_loss=0.4410 train_AP=0.2332 | val_loss=0.3666 val_AP=0.2511
Epoch  29/500 [41.0s mem=5805MB] | train_loss=0.4026 train_AP=0.2324 | val_loss=0.3358 val_AP=0.2568
Epoch  30/500 [41.9s mem=5806MB] | train_loss=0.3593 train_AP=0.2394 | val_loss=0.3288 val_AP=0.2710 | test_AP=0.2660
Epoch  31/500 [42.0s mem=5805MB] | train_loss=0.3383 train_AP=0.2458 | val_loss=0.3318 val_AP=0.2525
Epoch  32/500 [40.6s mem=5807MB] | train_loss=0.3395 train_AP=0.2434 | val_loss=0.3283 val_AP=0.2544
Epoch  33/500 [42.4s mem=5808MB] | train_loss=0.3357 train_AP=0.2446 | val_loss=0.3311 val_AP=0.2586
Epoch  34/500 [43.2s mem=5806MB] | train_loss=0.3355 train_AP=0.2481 | val_loss=0.3349 val_AP=0.2519
Epoch  35/500 [41.3s mem=5807MB] | train_loss=0.3328 train_AP=0.2514 | val_loss=0.3338 val_AP=0.2644
Epoch  36/500 [56.6s mem=5807MB] | train_loss=0.3363 train_AP=0.2490 | val_loss=0.3601 val_AP=0.2539
Epoch  37/500 [61.9s mem=5809MB] | train_loss=0.3367 train_AP=0.2474 | val_loss=0.3289 val_AP=0.2705
Epoch  38/500 [49.4s mem=5806MB] | train_loss=0.3594 train_AP=0.2547 | val_loss=0.3242 val_AP=0.2720
Epoch  39/500 [41.9s mem=5807MB] | train_loss=0.3749 train_AP=0.2556 | val_loss=0.3290 val_AP=0.2736
Epoch  40/500 [40.9s mem=5804MB] | train_loss=0.3435 train_AP=0.2534 | val_loss=0.3234 val_AP=0.2869 | test_AP=0.2816
  -> New best val AP=0.2869, saved
Epoch  41/500 [42.2s mem=5807MB] | train_loss=0.3266 train_AP=0.2640 | val_loss=0.3232 val_AP=0.2838
Epoch  42/500 [41.1s mem=5807MB] | train_loss=0.3351 train_AP=0.2576 | val_loss=0.3266 val_AP=0.2766
Epoch  43/500 [42.5s mem=5805MB] | train_loss=0.3378 train_AP=0.2637 | val_loss=0.3288 val_AP=0.2900
  -> New best val AP=0.2900, saved
Epoch  44/500 [42.0s mem=5806MB] | train_loss=0.3256 train_AP=0.2666 | val_loss=0.3346 val_AP=0.2870
Epoch  45/500 [40.5s mem=5808MB] | train_loss=0.3278 train_AP=0.2615 | val_loss=0.3247 val_AP=0.2939
  -> New best val AP=0.2939, saved
Epoch  46/500 [41.9s mem=5807MB] | train_loss=0.5115 train_AP=0.2580 | val_loss=0.3214 val_AP=0.2864
Epoch  47/500 [49.7s mem=5808MB] | train_loss=0.3341 train_AP=0.2664 | val_loss=0.3229 val_AP=0.2943
  -> New best val AP=0.2943, saved
Epoch  48/500 [63.9s mem=5807MB] | train_loss=0.3255 train_AP=0.2702 | val_loss=0.3203 val_AP=0.2958
  -> New best val AP=0.2958, saved
Epoch  49/500 [58.4s mem=5806MB] | train_loss=0.3311 train_AP=0.2744 | val_loss=0.3334 val_AP=0.2631
Epoch  50/500 [41.6s mem=5806MB] | train_loss=0.3254 train_AP=0.2730 | val_loss=0.3213 val_AP=0.2968 | test_AP=0.2941
  -> New best val AP=0.2968, saved
Epoch  51/500 [40.0s mem=5806MB] | train_loss=0.3220 train_AP=0.2775 | val_loss=0.3152 val_AP=0.2985
  -> New best val AP=0.2985, saved
Epoch  52/500 [42.1s mem=5804MB] | train_loss=0.3219 train_AP=0.2780 | val_loss=0.3251 val_AP=0.2982
Epoch  53/500 [46.5s mem=5806MB] | train_loss=0.3197 train_AP=0.2832 | val_loss=0.3275 val_AP=0.3049
  -> New best val AP=0.3049, saved
Epoch  54/500 [42.3s mem=5806MB] | train_loss=0.3492 train_AP=0.2800 | val_loss=0.3146 val_AP=0.3038
Epoch  55/500 [42.4s mem=5807MB] | train_loss=0.3187 train_AP=0.2851 | val_loss=0.3184 val_AP=0.3085
  -> New best val AP=0.3085, saved
Epoch  56/500 [40.7s mem=5807MB] | train_loss=0.3179 train_AP=0.2881 | val_loss=0.3165 val_AP=0.3068
Epoch  57/500 [42.4s mem=5807MB] | train_loss=0.3182 train_AP=0.2884 | val_loss=0.3198 val_AP=0.3127
  -> New best val AP=0.3127, saved
Epoch  58/500 [45.5s mem=5809MB] | train_loss=0.3266 train_AP=0.2862 | val_loss=0.3159 val_AP=0.3016
Epoch  59/500 [62.6s mem=5806MB] | train_loss=0.3155 train_AP=0.2926 | val_loss=0.3135 val_AP=0.3083
Epoch  60/500 [59.6s mem=5808MB] | train_loss=0.3159 train_AP=0.2906 | val_loss=0.3208 val_AP=0.2971 | test_AP=0.2966
Epoch  61/500 [40.7s mem=5806MB] | train_loss=0.3230 train_AP=0.2839 | val_loss=0.3182 val_AP=0.3088
Epoch  62/500 [42.1s mem=5808MB] | train_loss=0.3160 train_AP=0.2908 | val_loss=0.3196 val_AP=0.3177
  -> New best val AP=0.3177, saved
Epoch  63/500 [41.5s mem=5808MB] | train_loss=0.3137 train_AP=0.2963 | val_loss=0.3192 val_AP=0.3047
Epoch  64/500 [42.4s mem=5808MB] | train_loss=0.3158 train_AP=0.2893 | val_loss=0.3128 val_AP=0.3085
Epoch  65/500 [42.6s mem=5806MB] | train_loss=0.3131 train_AP=0.2986 | val_loss=0.3168 val_AP=0.3030
Epoch  66/500 [40.0s mem=5807MB] | train_loss=0.3141 train_AP=0.2961 | val_loss=0.3264 val_AP=0.3084
Epoch  67/500 [41.4s mem=5806MB] | train_loss=0.3131 train_AP=0.2947 | val_loss=0.3170 val_AP=0.3006
Epoch  68/500 [41.9s mem=5806MB] | train_loss=0.3116 train_AP=0.3009 | val_loss=0.3299 val_AP=0.2812
Epoch  69/500 [40.3s mem=5807MB] | train_loss=0.3111 train_AP=0.2986 | val_loss=0.3192 val_AP=0.3053
Epoch  70/500 [56.6s mem=5806MB] | train_loss=0.3119 train_AP=0.3004 | val_loss=0.3114 val_AP=0.3075 | test_AP=0.3106
Epoch  71/500 [65.5s mem=5807MB] | train_loss=0.3163 train_AP=0.2978 | val_loss=0.3155 val_AP=0.3113
Epoch  72/500 [44.5s mem=5806MB] | train_loss=0.3098 train_AP=0.3032 | val_loss=0.3180 val_AP=0.3128
Epoch  73/500 [41.8s mem=5807MB] | train_loss=0.3132 train_AP=0.3023 | val_loss=0.3131 val_AP=0.3062
Epoch  74/500 [40.2s mem=5805MB] | train_loss=0.3106 train_AP=0.2993 | val_loss=0.3217 val_AP=0.3125
Epoch  75/500 [42.3s mem=5808MB] | train_loss=0.3116 train_AP=0.2992 | val_loss=0.3129 val_AP=0.3236
  -> New best val AP=0.3236, saved
Epoch  76/500 [41.7s mem=5805MB] | train_loss=0.3092 train_AP=0.3039 | val_loss=0.3151 val_AP=0.3031
Epoch  77/500 [40.6s mem=5806MB] | train_loss=0.3093 train_AP=0.3035 | val_loss=0.3259 val_AP=0.2965
Epoch  78/500 [42.0s mem=5806MB] | train_loss=0.3081 train_AP=0.3049 | val_loss=0.3150 val_AP=0.3156
Epoch  79/500 [42.3s mem=5805MB] | train_loss=0.3094 train_AP=0.3039 | val_loss=0.3191 val_AP=0.3070
Epoch  80/500 [41.2s mem=5808MB] | train_loss=0.3083 train_AP=0.3054 | val_loss=0.3150 val_AP=0.3189 | test_AP=0.3188
Epoch  81/500 [56.5s mem=5805MB] | train_loss=0.3089 train_AP=0.3018 | val_loss=0.3134 val_AP=0.3070
Epoch  82/500 [62.5s mem=5808MB] | train_loss=0.3074 train_AP=0.3047 | val_loss=0.3089 val_AP=0.3233
Epoch  83/500 [53.1s mem=5807MB] | train_loss=0.3097 train_AP=0.3029 | val_loss=0.3127 val_AP=0.3022
Epoch  84/500 [40.5s mem=5809MB] | train_loss=0.3101 train_AP=0.2997 | val_loss=0.3107 val_AP=0.3101
Epoch  85/500 [42.1s mem=5806MB] | train_loss=0.3070 train_AP=0.3059 | val_loss=0.3146 val_AP=0.3149
Epoch  86/500 [42.3s mem=5806MB] | train_loss=0.3063 train_AP=0.3054 | val_loss=0.3107 val_AP=0.3170
Epoch  87/500 [40.5s mem=5806MB] | train_loss=0.3096 train_AP=0.3038 | val_loss=0.3108 val_AP=0.3117
Epoch  88/500 [42.8s mem=5805MB] | train_loss=0.3092 train_AP=0.3026 | val_loss=0.3266 val_AP=0.3023
Epoch  89/500 [42.0s mem=5808MB] | train_loss=0.3077 train_AP=0.3040 | val_loss=0.3149 val_AP=0.3037
Epoch  90/500 [39.6s mem=5808MB] | train_loss=0.3065 train_AP=0.3067 | val_loss=0.3160 val_AP=0.3078 | test_AP=0.3096
Epoch  91/500 [41.8s mem=5807MB] | train_loss=0.3087 train_AP=0.3041 | val_loss=0.3122 val_AP=0.3103
Epoch  92/500 [49.0s mem=5806MB] | train_loss=0.3058 train_AP=0.3081 | val_loss=0.3110 val_AP=0.3042
Epoch  93/500 [62.3s mem=5808MB] | train_loss=0.3067 train_AP=0.3057 | val_loss=0.3136 val_AP=0.3093
Epoch  94/500 [58.0s mem=5805MB] | train_loss=0.3061 train_AP=0.3064 | val_loss=0.3190 val_AP=0.3061
Epoch  95/500 [40.5s mem=5806MB] | train_loss=0.3072 train_AP=0.3063 | val_loss=0.3132 val_AP=0.3057
Epoch  96/500 [41.4s mem=5806MB] | train_loss=0.3050 train_AP=0.3092 | val_loss=0.3174 val_AP=0.3086
Epoch  97/500 [43.1s mem=5807MB] | train_loss=0.3050 train_AP=0.3112 | val_loss=0.3255 val_AP=0.3118
Epoch  98/500 [41.6s mem=5804MB] | train_loss=0.3074 train_AP=0.3071 | val_loss=0.3168 val_AP=0.3118
Epoch  99/500 [42.0s mem=5806MB] | train_loss=0.3054 train_AP=0.3066 | val_loss=0.3139 val_AP=0.3100
Epoch 100/500 [41.6s mem=5806MB] | train_loss=0.3082 train_AP=0.3070 | val_loss=0.3206 val_AP=0.3047 | test_AP=0.3035
Epoch 101/500 [42.1s mem=5806MB] | train_loss=0.3049 train_AP=0.3091 | val_loss=0.3100 val_AP=0.3125
Epoch 102/500 [41.8s mem=5807MB] | train_loss=0.3049 train_AP=0.3109 | val_loss=0.3111 val_AP=0.3174
Epoch 103/500 [40.0s mem=5806MB] | train_loss=0.3047 train_AP=0.3127 | val_loss=0.3158 val_AP=0.3172
Epoch 104/500 [63.6s mem=5807MB] | train_loss=0.3046 train_AP=0.3119 | val_loss=0.3146 val_AP=0.3075
Epoch 105/500 [60.8s mem=5806MB] | train_loss=0.3062 train_AP=0.3063 | val_loss=0.3104 val_AP=0.3154
Epoch 106/500 [45.7s mem=5808MB] | train_loss=0.3041 train_AP=0.3111 | val_loss=0.3177 val_AP=0.3108
Epoch 107/500 [42.0s mem=5806MB] | train_loss=0.3049 train_AP=0.3091 | val_loss=0.3137 val_AP=0.3095
Epoch 108/500 [40.7s mem=5809MB] | train_loss=0.3036 train_AP=0.3105 | val_loss=0.3136 val_AP=0.3114
Epoch 109/500 [41.6s mem=5805MB] | train_loss=0.3041 train_AP=0.3109 | val_loss=0.3260 val_AP=0.3038
Epoch 110/500 [41.7s mem=5807MB] | train_loss=0.3027 train_AP=0.3125 | val_loss=0.3135 val_AP=0.3072 | test_AP=0.3091
Epoch 111/500 [42.0s mem=5807MB] | train_loss=0.3065 train_AP=0.3059 | val_loss=0.3173 val_AP=0.3129
Epoch 112/500 [42.1s mem=5806MB] | train_loss=0.3014 train_AP=0.3157 | val_loss=0.3183 val_AP=0.3156
Epoch 113/500 [42.3s mem=5806MB] | train_loss=0.3020 train_AP=0.3150 | val_loss=0.3188 val_AP=0.2911
Epoch 114/500 [41.8s mem=5803MB] | train_loss=0.3069 train_AP=0.3092 | val_loss=0.3216 val_AP=0.2989
Epoch 115/500 [61.6s mem=5806MB] | train_loss=0.3081 train_AP=0.3069 | val_loss=0.3172 val_AP=0.3101
Epoch 116/500 [65.2s mem=5805MB] | train_loss=0.3053 train_AP=0.3100 | val_loss=0.3118 val_AP=0.3088
Epoch 117/500 [45.2s mem=5808MB] | train_loss=0.3035 train_AP=0.3128 | val_loss=1.3586 val_AP=0.2847
Epoch 118/500 [40.2s mem=5807MB] | train_loss=0.3043 train_AP=0.3094 | val_loss=0.3177 val_AP=0.3054
Epoch 119/500 [42.7s mem=5809MB] | train_loss=0.3042 train_AP=0.3102 | val_loss=0.3662 val_AP=0.2972
Epoch 120/500 [41.6s mem=5808MB] | train_loss=0.3061 train_AP=0.3067 | val_loss=0.3242 val_AP=0.2990 | test_AP=0.3023
Epoch 121/500 [40.2s mem=5805MB] | train_loss=0.3051 train_AP=0.3092 | val_loss=0.3224 val_AP=0.2915
Epoch 122/500 [42.1s mem=5807MB] | train_loss=0.3097 train_AP=0.3068 | val_loss=0.3219 val_AP=0.3017
Epoch 123/500 [42.5s mem=5807MB] | train_loss=0.3038 train_AP=0.3153 | val_loss=0.3623 val_AP=0.3047
Epoch 124/500 [41.1s mem=5804MB] | train_loss=0.3044 train_AP=0.3141 | val_loss=0.3157 val_AP=0.3052
Epoch 125/500 [42.2s mem=5807MB] | train_loss=0.3023 train_AP=0.3150 | val_loss=0.3644 val_AP=0.3015
Early stopping at epoch 125. Best val AP=0.3236 at epoch 75.
Phase 1 done. Best val AP=0.3236 at epoch 75.
============================================================
PHASE 2: Train Partial-Graph Transformer (N-M nodes)
  Backbone: vanilla_gt
  Dropping M=64 nodes per graph
============================================================
  Encoder frozen. Training transformer layers + head only.
  Trainable params: 6,380,298
Epoch   1/500 [71.3s mem=5832MB] | train_loss=0.3128 train_AP=0.3028 | val_loss=0.3192 val_AP=0.3034
  -> New best val AP=0.3034, saved
Epoch   2/500 [63.7s mem=5831MB] | train_loss=0.3113 train_AP=0.3007 | val_loss=0.3133 val_AP=0.3062
  -> New best val AP=0.3062, saved
Epoch   3/500 [86.5s mem=5832MB] | train_loss=0.3110 train_AP=0.2993 | val_loss=0.3160 val_AP=0.3052
Epoch   4/500 [82.0s mem=5831MB] | train_loss=0.3093 train_AP=0.3047 | val_loss=0.3162 val_AP=0.3020
Epoch   5/500 [87.0s mem=5831MB] | train_loss=0.3101 train_AP=0.3011 | val_loss=0.3175 val_AP=0.2971
Epoch   6/500 [77.5s mem=5832MB] | train_loss=0.3101 train_AP=0.3002 | val_loss=0.3141 val_AP=0.3069
  -> New best val AP=0.3069, saved
Epoch   7/500 [67.0s mem=5832MB] | train_loss=0.3095 train_AP=0.2992 | val_loss=0.3170 val_AP=0.3051
Epoch   8/500 [74.8s mem=5832MB] | train_loss=0.3098 train_AP=0.3011 | val_loss=0.3176 val_AP=0.3048
Epoch   9/500 [88.0s mem=5832MB] | train_loss=0.3093 train_AP=0.3026 | val_loss=0.3178 val_AP=0.3048

Epoch  10/500 [88.2s mem=5832MB] | train_loss=0.3104 train_AP=0.2993 | val_loss=0.3135 val_AP=0.3069 | test_AP=0.3036 full_val_AP=0.3176
  -> New best val AP=0.3069, saved
Epoch  11/500 [79.9s mem=5831MB] | train_loss=0.3094 train_AP=0.2992 | val_loss=0.3143 val_AP=0.3050
Epoch  12/500 [67.1s mem=5832MB] | train_loss=0.3082 train_AP=0.3065 | val_loss=0.3138 val_AP=0.3106
  -> New best val AP=0.3106, saved
Epoch  13/500 [73.1s mem=5832MB] | train_loss=0.3094 train_AP=0.3017 | val_loss=0.3197 val_AP=0.3014
Epoch  14/500 [81.8s mem=5832MB] | train_loss=0.3103 train_AP=0.2975 | val_loss=0.3162 val_AP=0.3034
Epoch  15/500 [88.1s mem=5832MB] | train_loss=0.3091 train_AP=0.3017 | val_loss=0.3192 val_AP=0.3044
Epoch  16/500 [87.0s mem=5831MB] | train_loss=0.3092 train_AP=0.3017 | val_loss=0.3186 val_AP=0.3010
Epoch  17/500 [64.1s mem=5832MB] | train_loss=0.3096 train_AP=0.3027 | val_loss=0.3215 val_AP=0.2991
Epoch  18/500 [63.3s mem=5832MB] | train_loss=0.3106 train_AP=0.2991 | val_loss=0.3177 val_AP=0.2974
Epoch  19/500 [85.4s mem=5832MB] | train_loss=0.3078 train_AP=0.3034 | val_loss=0.3235 val_AP=0.2950

Epoch  20/500 [88.2s mem=5832MB] | train_loss=0.3129 train_AP=0.2971 | val_loss=0.3169 val_AP=0.3021 | test_AP=0.3031 full_val_AP=0.3133
Epoch  21/500 [88.1s mem=5833MB] | train_loss=0.3093 train_AP=0.3029 | val_loss=0.3238 val_AP=0.2944
Epoch  22/500 [71.8s mem=5832MB] | train_loss=0.3109 train_AP=0.2976 | val_loss=0.3207 val_AP=0.2958
Epoch  23/500 [64.9s mem=5832MB] | train_loss=0.3133 train_AP=0.2926 | val_loss=0.3236 val_AP=0.2932
Epoch  24/500 [76.5s mem=5832MB] | train_loss=0.3114 train_AP=0.2966 | val_loss=0.3233 val_AP=0.3054
Epoch  25/500 [87.5s mem=5834MB] | train_loss=0.3142 train_AP=0.2935 | val_loss=0.3176 val_AP=0.2968
Epoch  26/500 [87.7s mem=5831MB] | train_loss=0.3125 train_AP=0.2959 | val_loss=0.3216 val_AP=0.2919
Epoch  27/500 [78.4s mem=5832MB] | train_loss=0.3122 train_AP=0.2961 | val_loss=0.3192 val_AP=0.2931
Epoch  28/500 [65.8s mem=5832MB] | train_loss=0.3115 train_AP=0.2974 | val_loss=0.3165 val_AP=0.2996
Epoch  29/500 [71.0s mem=5831MB] | train_loss=0.3122 train_AP=0.2931 | val_loss=0.3251 val_AP=0.2867

Epoch  30/500 [87.1s mem=5832MB] | train_loss=0.3118 train_AP=0.2960 | val_loss=0.3182 val_AP=0.3038 | test_AP=0.3041 full_val_AP=0.3085
Epoch  31/500 [87.6s mem=5832MB] | train_loss=0.3112 train_AP=0.2970 | val_loss=0.3219 val_AP=0.3001
Epoch  32/500 [85.2s mem=5832MB] | train_loss=0.3120 train_AP=0.2939 | val_loss=0.3185 val_AP=0.2910
Epoch  33/500 [65.4s mem=5832MB] | train_loss=0.3130 train_AP=0.2976 | val_loss=0.3224 val_AP=0.2969
Epoch  34/500 [69.1s mem=5832MB] | train_loss=0.3108 train_AP=0.2961 | val_loss=0.3196 val_AP=0.3054
Epoch  35/500 [88.3s mem=5832MB] | train_loss=0.3119 train_AP=0.2955 | val_loss=0.3170 val_AP=0.3019
Epoch  36/500 [88.2s mem=5831MB] | train_loss=0.3120 train_AP=0.2962 | val_loss=0.3307 val_AP=0.2877
Epoch  37/500 [88.8s mem=5832MB] | train_loss=0.3113 train_AP=0.2956 | val_loss=0.3206 val_AP=0.2949
Epoch  38/500 [67.8s mem=5832MB] | train_loss=0.3107 train_AP=0.2999 | val_loss=0.3180 val_AP=0.2936
Epoch  39/500 [63.9s mem=5831MB] | train_loss=0.3112 train_AP=0.2975 | val_loss=0.3184 val_AP=0.2853

Epoch  40/500 [85.8s mem=5832MB] | train_loss=0.3127 train_AP=0.2956 | val_loss=0.3278 val_AP=0.2972 | test_AP=0.2989 full_val_AP=0.3095
Epoch  41/500 [87.8s mem=5832MB] | train_loss=0.3120 train_AP=0.2975 | val_loss=0.3911 val_AP=0.2930
Epoch  42/500 [88.3s mem=5831MB] | train_loss=0.3135 train_AP=0.2982 | val_loss=0.3227 val_AP=0.2896
Epoch  43/500 [70.7s mem=5831MB] | train_loss=0.3134 train_AP=0.2957 | val_loss=0.3285 val_AP=0.2942
Epoch  44/500 [65.4s mem=5832MB] | train_loss=0.3137 train_AP=0.2943 | val_loss=0.3191 val_AP=0.3000
Epoch  45/500 [81.1s mem=5831MB] | train_loss=0.3111 train_AP=0.2966 | val_loss=0.3185 val_AP=0.2958
Epoch  46/500 [87.3s mem=5831MB] | train_loss=0.3114 train_AP=0.2983 | val_loss=0.3199 val_AP=0.3004
Epoch  47/500 [88.2s mem=5832MB] | train_loss=0.3117 train_AP=0.2956 | val_loss=0.3363 val_AP=0.2926
Epoch  48/500 [79.5s mem=5832MB] | train_loss=0.3134 train_AP=0.2937 | val_loss=0.3246 val_AP=0.2975
Epoch  49/500 [65.3s mem=5832MB] | train_loss=0.3146 train_AP=0.2956 | val_loss=0.3153 val_AP=0.2972

Epoch  50/500 [74.3s mem=5832MB] | train_loss=0.3128 train_AP=0.2931 | val_loss=0.3351 val_AP=0.2849 | test_AP=0.2890 full_val_AP=0.3041
Epoch  51/500 [88.2s mem=5832MB] | train_loss=0.3111 train_AP=0.2996 | val_loss=0.3419 val_AP=0.2995
Epoch  52/500 [86.8s mem=5832MB] | train_loss=0.3118 train_AP=0.2985 | val_loss=0.3324 val_AP=0.2905
Epoch  53/500 [80.1s mem=5831MB] | train_loss=0.3107 train_AP=0.2996 | val_loss=0.3819 val_AP=0.2948
Epoch  54/500 [63.2s mem=5833MB] | train_loss=0.3124 train_AP=0.3028 | val_loss=0.3221 val_AP=0.2997
Epoch  55/500 [69.2s mem=5831MB] | train_loss=0.3105 train_AP=0.2990 | val_loss=0.3185 val_AP=0.2953
Epoch  56/500 [85.7s mem=5832MB] | train_loss=0.3110 train_AP=0.3000 | val_loss=0.3336 val_AP=0.3026
Epoch  57/500 [87.2s mem=5831MB] | train_loss=0.3099 train_AP=0.3010 | val_loss=0.3340 val_AP=0.2990
Epoch  58/500 [88.2s mem=5831MB] | train_loss=0.3100 train_AP=0.2999 | val_loss=0.3184 val_AP=0.2987
Epoch  59/500 [68.7s mem=5831MB] | train_loss=0.3110 train_AP=0.3025 | val_loss=0.3389 val_AP=0.2975

Epoch  60/500 [64.1s mem=5832MB] | train_loss=0.3214 train_AP=0.3004 | val_loss=0.3322 val_AP=0.2952 | test_AP=0.2921 full_val_AP=0.3098
Epoch  61/500 [86.4s mem=5832MB] | train_loss=0.3106 train_AP=0.2990 | val_loss=0.3141 val_AP=0.2997
Epoch  62/500 [88.1s mem=5833MB] | train_loss=0.3122 train_AP=0.2992 | val_loss=0.3181 val_AP=0.2989
Early stopping at epoch 62. Best val AP=0.3106 at epoch 12.
Phase 2 done. Best val AP=0.3106 at epoch 12.
============================================================
PHASE 3: Train Proxy Generator (graph_coarsening)
  Backbone: vanilla_gt
  Recon weight: 1.0 → 0.8 over 200 epochs
============================================================
  Generator parameters: 1,598,784
Traceback (most recent call last):
  File "/home1/sajan_rg/graphormer_eval/new_experiments/graph_exp_new/main_indist.py", line 1682, in <module>
    generator_path = run_phase3(args, model_path, phase2_model_path)
  File "/home1/sajan_rg/graphormer_eval/new_experiments/graph_exp_new/main_indist.py", line 1067, in run_phase3
    proxies, aux_loss = generator(
                        ~~~~~~~~~^
        flat_emb, mask=None,
        ^^^^^^^^^^^^^^^^^^^^
        edge_index=batch.edge_index, batch_vec=batch.batch,
        ^^^^^^^^^^^^^^^^^^^^^^^^^^^^^^^^^^^^^^^^^^^^^^^^^^^
        edge_attr=getattr(batch, "edge_attr", None),
        ^^^^^^^^^^^^^^^^^^^^^^^^^^^^^^^^^^^^^^^^^^^^
    )
    ^
  File "/home1/sajan_rg/.local/lib/python3.13/site-packages/torch/nn/modules/module.py", line 1779, in _wrapped_call_impl
    return self._call_impl(*args, **kwargs)
           ~~~~~~~~~~~~~~~^^^^^^^^^^^^^^^^^
  File "/home1/sajan_rg/.local/lib/python3.13/site-packages/torch/nn/modules/module.py", line 1790, in _call_impl
    return forward_call(*args, **kwargs)
  File "/home1/sajan_rg/graphormer_eval/new_experiments/graph_exp_new/generators.py", line 543, in forward
    S_g = S[g_mask]                                        # (n_g, M)
          ~^^^^^^^^
IndexError: The shape of the mask [4625] at index 0 does not match the shape of the indexed tensor [2897, 64] at index 0
usage: main_indist.py [-h] [--config CONFIG] [--phase {1,2,3,4,5,all}]
                      [--generator {score_based,pma,graph_coarsening,gnn_pooling}]
                      [--backbone {vanilla_gt,gred,hybrid}]
                      [--model_path MODEL_PATH]
                      [--phase2_model_path PHASE2_MODEL_PATH]
                      [--generator_path GENERATOR_PATH]
                      [--hidden_dim HIDDEN_DIM] [--num_layers NUM_LAYERS]
                      [--num_heads NUM_HEADS] [--output_dim OUTPUT_DIM]
                      [--dropout DROPOUT] [--num_proxies NUM_PROXIES]
                      [--proxy_multiplier PROXY_MULTIPLIER] [--use_lap_pe]
                      [--lap_pe_dim LAP_PE_DIM] [--state_dim STATE_DIM]
                      [--num_gred_layers NUM_GRED_LAYERS]
                      [--num_transformer_layers NUM_TRANSFORMER_LAYERS]
                      [--gred_expand GRED_EXPAND] [--r_min R_MIN]
                      [--r_max R_MAX] [--max_phase_lru MAX_PHASE_LRU]
                      [--gred_act {full-glu,half-glu}] [--max_hops MAX_HOPS]
                      [--dist_mask_workers DIST_MASK_WORKERS] [--p1_lr P1_LR]
                      [--p1_weight_decay P1_WEIGHT_DECAY]
                      [--p1_max_epochs P1_MAX_EPOCHS]
                      [--p1_patience P1_PATIENCE]
                      [--p1_grad_clip P1_GRAD_CLIP] [--p2_lr P2_LR]
                      [--p2_weight_decay P2_WEIGHT_DECAY]
                      [--p2_max_epochs P2_MAX_EPOCHS]
                      [--p2_patience P2_PATIENCE]
                      [--p2_grad_clip P2_GRAD_CLIP] [--p3_lr P3_LR]
                      [--p3_weight_decay P3_WEIGHT_DECAY]
                      [--p3_max_epochs P3_MAX_EPOCHS]
                      [--p3_patience P3_PATIENCE]
                      [--p3_grad_clip P3_GRAD_CLIP]
                      [--p3_eval_every P3_EVAL_EVERY]
                      [--p3_recon_weight P3_RECON_WEIGHT]
                      [--p3_recon_anneal_to P3_RECON_ANNEAL_TO]
                      [--p3_recon_anneal_epochs P3_RECON_ANNEAL_EPOCHS]
                      [--p3_no_task_loss]
                      [--p5_phase_a_epochs P5_PHASE_A_EPOCHS]
                      [--p5_lr_gen P5_LR_GEN] [--p5_lr_model P5_LR_MODEL]
                      [--p5_proxy_dropout P5_PROXY_DROPOUT]
                      [--p5_max_epochs P5_MAX_EPOCHS]
                      [--p5_patience P5_PATIENCE]
                      [--p5_grad_clip P5_GRAD_CLIP]
                      [--p5_weight_decay P5_WEIGHT_DECAY]
                      [--gen_hidden_dim GEN_HIDDEN_DIM]
                      [--gen_num_layers GEN_NUM_LAYERS]
                      [--gen_num_heads GEN_NUM_HEADS]
                      [--gen_dropout GEN_DROPOUT]
                      [--pma_query_mode {farthest_point,soft_kmeans}]
                      [--coarsen_gnn_type {GIN,GCN}]
                      [--coarsen_reg_weight COARSEN_REG_WEIGHT]
                      [--coarsen_reg_type COARSEN_REG_TYPE]
                      [--gnn_layers GNN_LAYERS]
                      [--gnn_type {GCN,GIN,GINE,GAT}]
                      [--pool_types POOL_TYPES [POOL_TYPES ...]]
                      [--decode_hidden DECODE_HIDDEN]
                      [--decode_layers DECODE_LAYERS]
                      [--idx_emb_dim IDX_EMB_DIM]
                      [--decode_mode {shared,grouped}]
                      [--use_cross_attn_routing]
                      [--num_cross_layers NUM_CROSS_LAYERS]
                      [--cross_attn_proxy_self_attn | --no-cross_attn_proxy_self_attn]
                      [--proxy_insertion_layers PROXY_INSERTION_LAYERS]
                      [--separate_proxy_generators] [--separate_proxy_routers]
                      [--proxy_aux_loss_decay PROXY_AUX_LOSS_DECAY]
                      [--batch_size BATCH_SIZE] [--num_workers NUM_WORKERS]
                      [--lr_min LR_MIN] [--warmup_ratio WARMUP_RATIO]
                      [--recurrent_lr_factor RECURRENT_LR_FACTOR]
                      [--save_dir SAVE_DIR] [--device DEVICE]
main_indist.py: error: unrecognized arguments: --stage 3
Args =  {'config': None, 'phase': '3', 'generator': 'graph_coarsening', 'backbone': 'vanilla_gt', 'model_path': None, 'phase2_model_path': None, 'generator_path': None, 'hidden_dim': 256, 'num_layers': 8, 'num_heads': 8, 'output_dim': 10, 'dropout': 0.1, 'num_proxies': 64, 'proxy_multiplier': 2, 'use_lap_pe': True, 'lap_pe_dim': 16, 'state_dim': 88, 'num_gred_layers': 8, 'num_transformer_layers': 2, 'gred_expand': 1, 'r_min': 0.0, 'r_max': 1.0, 'max_phase_lru': 6.28, 'gred_act': 'full-glu', 'max_hops': 40, 'dist_mask_workers': 8, 'p1_lr': 0.0005, 'p1_weight_decay': 0.0001, 'p1_max_epochs': 500, 'p1_patience': 50, 'p1_grad_clip': 1.0, 'p2_lr': 0.0005, 'p2_weight_decay': 0.0001, 'p2_max_epochs': 500, 'p2_patience': 50, 'p2_grad_clip': 1.0, 'p3_lr': 0.0005, 'p3_weight_decay': 0.0001, 'p3_max_epochs': 500, 'p3_patience': 50, 'p3_grad_clip': 1.0, 'p3_eval_every': 1, 'p3_recon_weight': 1.0, 'p3_recon_anneal_to': 0.8, 'p3_recon_anneal_epochs': 200, 'p3_no_task_loss': False, 'p5_phase_a_epochs': 0, 'p5_lr_gen': 0.0001, 'p5_lr_model': 0.0001, 'p5_proxy_dropout': 0.0, 'p5_max_epochs': 500, 'p5_patience': 50, 'p5_grad_clip': 1.0, 'p5_weight_decay': 5e-05, 'gen_hidden_dim': 256, 'gen_num_layers': 6, 'gen_num_heads': 8, 'gen_dropout': 0.2, 'pma_query_mode': 'farthest_point', 'coarsen_gnn_type': 'GIN', 'coarsen_reg_weight': 0.1, 'coarsen_reg_type': 'mincut', 'gnn_layers': 4, 'gnn_type': 'GINE', 'pool_types': ['max'], 'decode_hidden': 128, 'decode_layers': 3, 'idx_emb_dim': 128, 'decode_mode': 'shared', 'use_cross_attn_routing': False, 'num_cross_layers': 2, 'cross_attn_proxy_self_attn': True, 'proxy_insertion_layers': '0,2,4', 'separate_proxy_generators': True, 'separate_proxy_routers': True, 'proxy_aux_loss_decay': 1.0, 'batch_size': 32, 'num_workers': 4, 'lr_min': 1e-07, 'warmup_ratio': 0.05, 'recurrent_lr_factor': 1.0, 'save_dir': 'checkpoints_indist_vanilla_new', 'device': 'cuda'}
Saved code snapshot to checkpoints_indist_vanilla_new/code_snapshot.zip
============================================================
PHASE 3: Train Proxy Generator (graph_coarsening)
  Backbone: vanilla_gt
  Recon weight: 1.0 → 0.8 over 200 epochs
============================================================
  Generator parameters: 1,598,784
Epoch   1/500 [73.3s mem=5922MB] | loss=23.3167 task=2.1031 recon=21.2011 (w=1.000) | val_AP=0.2561 test_AP=0.2520
  -> New best val AP=0.2561
Epoch   2/500 [93.3s mem=5933MB] | loss=3.9156 task=0.5041 recon=3.4013 (w=0.999) | val_AP=0.2553 test_AP=0.2445
Epoch   3/500 [117.7s mem=5941MB] | loss=2.9002 task=0.4236 recon=2.4671 (w=0.998) | val_AP=0.2523 test_AP=0.2500
Epoch   4/500 [67.4s mem=5932MB] | loss=2.5362 task=0.3939 recon=2.1337 (w=0.997) | val_AP=0.2624 test_AP=0.2591
  -> New best val AP=0.2624
Epoch   5/500 [70.0s mem=5935MB] | loss=2.3642 task=0.3820 recon=1.9747 (w=0.996) | val_AP=0.2658 test_AP=0.2622
  -> New best val AP=0.2658
Epoch   6/500 [119.1s mem=5932MB] | loss=2.2546 task=0.3733 recon=1.8748 (w=0.995) | val_AP=0.2417 test_AP=0.2389
Epoch   7/500 [92.8s mem=5977MB] | loss=2.1903 task=0.3683 recon=1.8168 (w=0.994) | val_AP=0.2503 test_AP=0.2519
Epoch   8/500 [62.1s mem=5950MB] | loss=2.1694 task=0.3693 recon=1.7964 (w=0.993) | val_AP=0.2547 test_AP=0.2554
Epoch   9/500 [119.7s mem=5934MB] | loss=2.1296 task=0.3680 recon=1.7592 (w=0.992) | val_AP=0.2514 test_AP=0.2460
Epoch  10/500 [99.3s mem=5943MB] | loss=2.1152 task=0.3637 recon=1.7508 (w=0.991) | val_AP=0.2588 test_AP=0.2568
Epoch  11/500 [59.8s mem=5932MB] | loss=2.0939 task=0.3634 recon=1.7314 (w=0.990) | val_AP=0.2573 test_AP=0.2521
Epoch  12/500 [117.6s mem=5924MB] | loss=2.0870 task=0.3671 recon=1.7223 (w=0.989) | val_AP=0.2485 test_AP=0.2474
Epoch  13/500 [104.2s mem=5930MB] | loss=2.0542 task=0.3609 recon=1.6972 (w=0.988) | val_AP=0.2590 test_AP=0.2538
Epoch  14/500 [49.0s mem=5924MB] | loss=2.0528 task=0.3643 recon=1.6938 (w=0.987) | val_AP=0.2541 test_AP=0.2590
Epoch  15/500 [115.1s mem=5934MB] | loss=2.0412 task=0.3702 recon=1.6779 (w=0.986) | val_AP=0.2446 test_AP=0.2420
Epoch  16/500 [116.9s mem=5930MB] | loss=2.0254 task=0.3645 recon=1.6693 (w=0.985) | val_AP=0.2515 test_AP=0.2506
Epoch  17/500 [50.8s mem=5953MB] | loss=2.0161 task=0.3624 recon=1.6637 (w=0.984) | val_AP=0.2587 test_AP=0.2509
Epoch  18/500 [118.0s mem=5950MB] | loss=2.0228 task=0.3630 recon=1.6718 (w=0.983) | val_AP=0.2598 test_AP=0.2467
Epoch  19/500 [113.1s mem=5922MB] | loss=2.0105 task=0.3658 recon=1.6577 (w=0.982) | val_AP=0.2657 test_AP=0.2634
Epoch  20/500 [56.3s mem=5921MB] | loss=2.0033 task=0.3649 recon=1.6529 (w=0.981) | val_AP=0.2544 test_AP=0.2476
Epoch  21/500 [121.0s mem=5950MB] | loss=1.9949 task=0.3633 recon=1.6477 (w=0.980) | val_AP=0.2530 test_AP=0.2453
Epoch  22/500 [108.9s mem=5912MB] | loss=1.9920 task=0.3649 recon=1.6444 (w=0.979) | val_AP=0.2398 test_AP=0.2351
Epoch  23/500 [60.2s mem=5941MB] | loss=1.9784 task=0.3644 recon=1.6328 (w=0.978) | val_AP=0.2654 test_AP=0.2649
Epoch  24/500 [118.4s mem=5922MB] | loss=1.9773 task=0.3642 recon=1.6335 (w=0.977) | val_AP=0.2740 test_AP=0.2666
  -> New best val AP=0.2740
Epoch  25/500 [103.7s mem=5938MB] | loss=1.9695 task=0.3601 recon=1.6316 (w=0.976) | val_AP=0.2572 test_AP=0.2566
Epoch  26/500 [48.8s mem=5911MB] | loss=1.9575 task=0.3644 recon=1.6165 (w=0.975) | val_AP=0.2460 test_AP=0.2357
Epoch  27/500 [103.0s mem=5929MB] | loss=1.9541 task=0.3657 recon=1.6139 (w=0.974) | val_AP=0.2653 test_AP=0.2637
Epoch  28/500 [120.7s mem=5930MB] | loss=1.9373 task=0.3619 recon=1.6023 (w=0.973) | val_AP=0.2545 test_AP=0.2565
Epoch  29/500 [55.7s mem=5942MB] | loss=1.9277 task=0.3654 recon=1.5904 (w=0.972) | val_AP=0.2597 test_AP=0.2590
Epoch  30/500 [97.0s mem=5950MB] | loss=1.9191 task=0.3612 recon=1.5876 (w=0.971) | val_AP=0.2518 test_AP=0.2477
Epoch  31/500 [115.1s mem=5935MB] | loss=1.8999 task=0.3595 recon=1.5713 (w=0.970) | val_AP=0.2542 test_AP=0.2499
Epoch  32/500 [69.0s mem=5942MB] | loss=1.8895 task=0.3599 recon=1.5619 (w=0.969) | val_AP=0.2433 test_AP=0.2405
Epoch  33/500 [90.2s mem=5923MB] | loss=1.8859 task=0.3573 recon=1.5624 (w=0.968) | val_AP=0.2570 test_AP=0.2522
Epoch  34/500 [119.6s mem=5935MB] | loss=1.8778 task=0.3583 recon=1.5549 (w=0.967) | val_AP=0.2618 test_AP=0.2640
Epoch  35/500 [71.1s mem=5914MB] | loss=1.8758 task=0.3594 recon=1.5535 (w=0.966) | val_AP=0.2571 test_AP=0.2554
Epoch  36/500 [58.0s mem=5942MB] | loss=1.8647 task=0.3563 recon=1.5467 (w=0.965) | val_AP=0.2383 test_AP=0.2339
Epoch  37/500 [119.2s mem=5943MB] | loss=1.8522 task=0.3550 recon=1.5366 (w=0.964) | val_AP=0.2656 test_AP=0.2632
Epoch  38/500 [103.2s mem=5930MB] | loss=1.8543 task=0.3531 recon=1.5426 (w=0.963) | val_AP=0.2682 test_AP=0.2643
Epoch  39/500 [59.5s mem=5937MB] | loss=1.8390 task=0.3513 recon=1.5303 (w=0.962) | val_AP=0.2804 test_AP=0.2771
  -> New best val AP=0.2804
Epoch  40/500 [119.4s mem=5940MB] | loss=1.8343 task=0.3511 recon=1.5276 (w=0.961) | val_AP=0.2591 test_AP=0.2598
Epoch  41/500 [102.7s mem=5923MB] | loss=1.8359 task=0.3504 recon=1.5318 (w=0.960) | val_AP=0.2776 test_AP=0.2693
Epoch  42/500 [59.6s mem=5932MB] | loss=1.8262 task=0.3508 recon=1.5229 (w=0.959) | val_AP=0.2440 test_AP=0.2503
Epoch  43/500 [115.8s mem=5935MB] | loss=1.8228 task=0.3528 recon=1.5188 (w=0.958) | val_AP=0.2661 test_AP=0.2686
Epoch  44/500 [104.2s mem=5966MB] | loss=1.8161 task=0.3486 recon=1.5179 (w=0.957) | val_AP=0.2553 test_AP=0.2493
Epoch  45/500 [48.1s mem=5939MB] | loss=1.8181 task=0.3494 recon=1.5209 (w=0.956) | val_AP=0.2739 test_AP=0.2788
Epoch  46/500 [117.9s mem=5928MB] | loss=1.7967 task=0.3437 recon=1.5061 (w=0.955) | val_AP=0.2682 test_AP=0.2641
Epoch  47/500 [113.8s mem=5941MB] | loss=1.7981 task=0.3481 recon=1.5044 (w=0.954) | val_AP=0.2690 test_AP=0.2665
Epoch  48/500 [51.1s mem=5936MB] | loss=1.7924 task=0.3418 recon=1.5065 (w=0.953) | val_AP=0.2645 test_AP=0.2679
Epoch  49/500 [117.9s mem=5936MB] | loss=1.7953 task=0.3474 recon=1.5053 (w=0.952) | val_AP=0.2717 test_AP=0.2695
Epoch  50/500 [115.1s mem=5931MB] | loss=1.7859 task=0.3444 recon=1.5002 (w=0.951) | val_AP=0.2735 test_AP=0.2696
Epoch  51/500 [50.8s mem=5933MB] | loss=1.7818 task=0.3448 recon=1.4971 (w=0.950) | val_AP=0.2794 test_AP=0.2767
Epoch  52/500 [115.1s mem=5922MB] | loss=1.7714 task=0.3449 recon=1.4876 (w=0.949) | val_AP=0.2796 test_AP=0.2758
Epoch  53/500 [116.7s mem=5952MB] | loss=1.7705 task=0.3443 recon=1.4890 (w=0.948) | val_AP=0.2726 test_AP=0.2776
Epoch  54/500 [50.7s mem=5921MB] | loss=1.7709 task=0.3444 recon=1.4909 (w=0.947) | val_AP=0.2735 test_AP=0.2727
Epoch  55/500 [118.8s mem=5933MB] | loss=1.7619 task=0.3401 recon=1.4874 (w=0.946) | val_AP=0.2833 test_AP=0.2830
  -> New best val AP=0.2833
Epoch  56/500 [115.5s mem=5936MB] | loss=1.7577 task=0.3421 recon=1.4825 (w=0.945) | val_AP=0.2741 test_AP=0.2815
Epoch  57/500 [55.1s mem=5931MB] | loss=1.7553 task=0.3390 recon=1.4850 (w=0.944) | val_AP=0.2867 test_AP=0.2821
  -> New best val AP=0.2867
Epoch  58/500 [117.8s mem=5951MB] | loss=1.7509 task=0.3404 recon=1.4803 (w=0.943) | val_AP=0.2815 test_AP=0.2940
Epoch  59/500 [110.2s mem=5942MB] | loss=1.7465 task=0.3395 recon=1.4781 (w=0.942) | val_AP=0.2774 test_AP=0.2862
Epoch  60/500 [49.7s mem=5952MB] | loss=1.7402 task=0.3386 recon=1.4740 (w=0.941) | val_AP=0.2651 test_AP=0.2739
Epoch  61/500 [106.4s mem=5951MB] | loss=1.7361 task=0.3395 recon=1.4699 (w=0.940) | val_AP=0.2812 test_AP=0.2848
Epoch  62/500 [119.7s mem=5951MB] | loss=1.7361 task=0.3378 recon=1.4735 (w=0.939) | val_AP=0.2732 test_AP=0.2755
Epoch  63/500 [53.5s mem=5952MB] | loss=1.7365 task=0.3379 recon=1.4754 (w=0.938) | val_AP=0.2731 test_AP=0.2779
Epoch  64/500 [101.1s mem=5932MB] | loss=1.7334 task=0.3379 recon=1.4737 (w=0.937) | val_AP=0.2794 test_AP=0.2695
Epoch  65/500 [121.7s mem=5937MB] | loss=1.7301 task=0.3378 recon=1.4718 (w=0.936) | val_AP=0.2908 test_AP=0.2946
  -> New best val AP=0.2908
Epoch  66/500 [57.5s mem=5932MB] | loss=1.7272 task=0.3358 recon=1.4725 (w=0.935) | val_AP=0.2716 test_AP=0.2745
Epoch  67/500 [77.2s mem=5924MB] | loss=1.7161 task=0.3315 recon=1.4668 (w=0.934) | val_AP=0.2900 test_AP=0.2911
Epoch  68/500 [116.2s mem=5932MB] | loss=1.7227 task=0.3351 recon=1.4718 (w=0.933) | val_AP=0.2788 test_AP=0.2780
Epoch  69/500 [85.5s mem=5931MB] | loss=1.7104 task=0.3333 recon=1.4620 (w=0.932) | val_AP=0.2878 test_AP=0.2891
Epoch  70/500 [58.5s mem=5924MB] | loss=1.7137 task=0.3386 recon=1.4614 (w=0.931) | val_AP=0.2657 test_AP=0.2779
Epoch  71/500 [119.5s mem=5929MB] | loss=1.7026 task=0.3331 recon=1.4570 (w=0.930) | val_AP=0.2896 test_AP=0.2888
Epoch  72/500 [102.9s mem=5928MB] | loss=1.7038 task=0.3339 recon=1.4589 (w=0.929) | val_AP=0.2874 test_AP=0.2908
Epoch  73/500 [60.3s mem=5929MB] | loss=1.6994 task=0.3339 recon=1.4558 (w=0.928) | val_AP=0.2887 test_AP=0.2932
Epoch  74/500 [117.2s mem=5922MB] | loss=1.6889 task=0.3321 recon=1.4480 (w=0.927) | val_AP=0.2882 test_AP=0.2868
Epoch  75/500 [104.1s mem=5914MB] | loss=1.6925 task=0.3344 recon=1.4512 (w=0.926) | val_AP=0.2865 test_AP=0.2856
Epoch  76/500 [60.1s mem=5941MB] | loss=1.6912 task=0.3326 recon=1.4532 (w=0.925) | val_AP=0.2709 test_AP=0.2687
Epoch  77/500 [118.7s mem=5940MB] | loss=1.6891 task=0.3312 recon=1.4541 (w=0.924) | val_AP=0.2813 test_AP=0.2820
Epoch  78/500 [103.5s mem=5943MB] | loss=1.6805 task=0.3292 recon=1.4484 (w=0.923) | val_AP=0.2833 test_AP=0.2916
Epoch  79/500 [55.2s mem=5922MB] | loss=1.6781 task=0.3294 recon=1.4471 (w=0.922) | val_AP=0.2893 test_AP=0.2892
Epoch  80/500 [118.5s mem=5923MB] | loss=1.6777 task=0.3312 recon=1.4464 (w=0.921) | val_AP=0.2763 test_AP=0.2771
Epoch  81/500 [109.7s mem=5933MB] | loss=1.6717 task=0.3294 recon=1.4434 (w=0.920) | val_AP=0.2950 test_AP=0.2906
  -> New best val AP=0.2950
Epoch  82/500 [56.6s mem=5941MB] | loss=1.6797 task=0.3304 recon=1.4527 (w=0.919) | val_AP=0.2844 test_AP=0.2866
Epoch  83/500 [117.9s mem=5941MB] | loss=1.6688 task=0.3291 recon=1.4437 (w=0.918) | val_AP=0.2939 test_AP=0.2951
Epoch  84/500 [110.2s mem=5917MB] | loss=1.6616 task=0.3280 recon=1.4387 (w=0.917) | val_AP=0.2668 test_AP=0.2726
Epoch  85/500 [50.5s mem=5941MB] | loss=1.6609 task=0.3280 recon=1.4397 (w=0.916) | val_AP=0.2896 test_AP=0.2950
Epoch  86/500 [103.0s mem=5922MB] | loss=1.6589 task=0.3261 recon=1.4412 (w=0.915) | val_AP=0.2829 test_AP=0.2941
Epoch  87/500 [117.3s mem=5930MB] | loss=1.6568 task=0.3292 recon=1.4371 (w=0.914) | val_AP=0.2810 test_AP=0.2804
Epoch  88/500 [60.1s mem=5938MB] | loss=1.6558 task=0.3281 recon=1.4389 (w=0.913) | val_AP=0.2925 test_AP=0.2881
Epoch  89/500 [91.6s mem=5933MB] | loss=1.6484 task=0.3284 recon=1.4319 (w=0.912) | val_AP=0.2860 test_AP=0.2827
Epoch  90/500 [120.6s mem=5930MB] | loss=1.6491 task=0.3299 recon=1.4327 (w=0.911) | val_AP=0.2732 test_AP=0.2695
Epoch  91/500 [67.1s mem=5951MB] | loss=1.6447 task=0.3279 recon=1.4315 (w=0.910) | val_AP=0.2991 test_AP=0.3026
  -> New best val AP=0.2991
Epoch  92/500 [59.4s mem=5921MB] | loss=1.6421 task=0.3247 recon=1.4337 (w=0.909) | val_AP=0.2742 test_AP=0.2693
Epoch  93/500 [117.6s mem=5935MB] | loss=1.6444 task=0.3290 recon=1.4331 (w=0.908) | val_AP=0.2908 test_AP=0.2881
Epoch  94/500 [103.2s mem=5955MB] | loss=1.6345 task=0.3259 recon=1.4274 (w=0.907) | val_AP=0.2832 test_AP=0.2866
Epoch  95/500 [49.1s mem=5951MB] | loss=1.6375 task=0.3249 recon=1.4332 (w=0.906) | val_AP=0.2893 test_AP=0.2873
Epoch  96/500 [116.7s mem=5910MB] | loss=1.6317 task=0.3248 recon=1.4286 (w=0.905) | val_AP=0.2846 test_AP=0.2833
Epoch  97/500 [115.0s mem=5911MB] | loss=1.6249 task=0.3266 recon=1.4205 (w=0.904) | val_AP=0.2825 test_AP=0.2869
Epoch  98/500 [51.2s mem=5929MB] | loss=1.6306 task=0.3272 recon=1.4279 (w=0.903) | val_AP=0.2982 test_AP=0.2999
Epoch  99/500 [119.9s mem=5933MB] | loss=1.6253 task=0.3247 recon=1.4264 (w=0.902) | val_AP=0.2883 test_AP=0.2927
Epoch 100/500 [111.2s mem=5932MB] | loss=1.6229 task=0.3226 recon=1.4277 (w=0.901) | val_AP=0.2867 test_AP=0.2871
Epoch 101/500 [57.1s mem=5917MB] | loss=1.6177 task=0.3239 recon=1.4220 (w=0.899) | val_AP=0.2801 test_AP=0.2798
Epoch 102/500 [118.1s mem=5966MB] | loss=1.6200 task=0.3275 recon=1.4222 (w=0.898) | val_AP=0.2797 test_AP=0.2804
Epoch 103/500 [109.2s mem=5952MB] | loss=1.6100 task=0.3230 recon=1.4176 (w=0.897) | val_AP=0.2785 test_AP=0.2751
Epoch 104/500 [56.2s mem=5921MB] | loss=1.6105 task=0.3239 recon=1.4189 (w=0.896) | val_AP=0.2882 test_AP=0.2910
Epoch 105/500 [118.5s mem=5932MB] | loss=1.6112 task=0.3221 recon=1.4232 (w=0.895) | val_AP=0.3003 test_AP=0.2931
  -> New best val AP=0.3003
Epoch 106/500 [108.5s mem=5932MB] | loss=1.6117 task=0.3256 recon=1.4217 (w=0.894) | val_AP=0.2719 test_AP=0.2793
Epoch 107/500 [54.3s mem=5920MB] | loss=1.6054 task=0.3212 recon=1.4209 (w=0.893) | val_AP=0.2874 test_AP=0.2987
Epoch 108/500 [118.6s mem=5935MB] | loss=1.6115 task=0.3245 recon=1.4257 (w=0.892) | val_AP=0.2842 test_AP=0.2848
Epoch 109/500 [110.4s mem=5935MB] | loss=1.6007 task=0.3208 recon=1.4193 (w=0.891) | val_AP=0.2894 test_AP=0.2942
Epoch 110/500 [56.8s mem=5933MB] | loss=1.5997 task=0.3221 recon=1.4182 (w=0.890) | val_AP=0.2937 test_AP=0.2950
Epoch 111/500 [118.2s mem=5962MB] | loss=1.5922 task=0.3213 recon=1.4123 (w=0.889) | val_AP=0.3005 test_AP=0.3043
  -> New best val AP=0.3005
Epoch 112/500 [110.1s mem=5937MB] | loss=1.5921 task=0.3170 recon=1.4186 (w=0.888) | val_AP=0.2837 test_AP=0.2841
Epoch 113/500 [61.7s mem=5952MB] | loss=1.5843 task=0.3186 recon=1.4098 (w=0.887) | val_AP=0.2851 test_AP=0.2858
Epoch 114/500 [117.5s mem=5906MB] | loss=1.5853 task=0.3194 recon=1.4117 (w=0.886) | val_AP=0.2932 test_AP=0.2926
Epoch 115/500 [103.5s mem=5933MB] | loss=1.5812 task=0.3201 recon=1.4077 (w=0.885) | val_AP=0.2957 test_AP=0.2959
Epoch 116/500 [59.0s mem=5942MB] | loss=1.5906 task=0.3242 recon=1.4155 (w=0.884) | val_AP=0.2951 test_AP=0.2946
Epoch 117/500 [118.7s mem=5930MB] | loss=1.5788 task=0.3176 recon=1.4111 (w=0.883) | val_AP=0.2994 test_AP=0.2981
Epoch 118/500 [102.9s mem=5931MB] | loss=1.5763 task=0.3175 recon=1.4099 (w=0.882) | val_AP=0.2962 test_AP=0.2999
Epoch 119/500 [52.8s mem=5950MB] | loss=1.5738 task=0.3200 recon=1.4059 (w=0.881) | val_AP=0.2928 test_AP=0.2926
Epoch 120/500 [117.1s mem=5932MB] | loss=1.5752 task=0.3206 recon=1.4086 (w=0.880) | val_AP=0.2966 test_AP=0.2965
Epoch 121/500 [111.2s mem=5931MB] | loss=1.5700 task=0.3187 recon=1.4064 (w=0.879) | val_AP=0.2871 test_AP=0.2922
Epoch 122/500 [50.4s mem=5922MB] | loss=1.5693 task=0.3192 recon=1.4067 (w=0.878) | val_AP=0.2967 test_AP=0.3040
Epoch 123/500 [117.9s mem=5955MB] | loss=1.5718 task=0.3196 recon=1.4108 (w=0.877) | val_AP=0.2926 test_AP=0.2915
Epoch 124/500 [114.3s mem=5923MB] | loss=1.5614 task=0.3170 recon=1.4032 (w=0.876) | val_AP=0.3009 test_AP=0.3053
  -> New best val AP=0.3009
Epoch 125/500 [53.0s mem=5940MB] | loss=1.5575 task=0.3154 recon=1.4025 (w=0.875) | val_AP=0.2863 test_AP=0.2855
Epoch 126/500 [116.5s mem=5932MB] | loss=1.5611 task=0.3173 recon=1.4061 (w=0.874) | val_AP=0.2940 test_AP=0.3024
Epoch 127/500 [112.1s mem=5937MB] | loss=1.5514 task=0.3157 recon=1.3983 (w=0.873) | val_AP=0.3013 test_AP=0.3002
  -> New best val AP=0.3013
Epoch 128/500 [51.2s mem=5932MB] | loss=1.5587 task=0.3163 recon=1.4077 (w=0.872) | val_AP=0.3009 test_AP=0.3015
Epoch 129/500 [118.5s mem=5933MB] | loss=1.5517 task=0.3165 recon=1.4010 (w=0.871) | val_AP=0.2878 test_AP=0.2949
Epoch 130/500 [113.3s mem=5932MB] | loss=1.5515 task=0.3149 recon=1.4043 (w=0.870) | val_AP=0.3055 test_AP=0.3031
  -> New best val AP=0.3055
Epoch 131/500 [49.9s mem=5932MB] | loss=1.5467 task=0.3167 recon=1.3982 (w=0.869) | val_AP=0.3018 test_AP=0.2982
Epoch 132/500 [118.3s mem=5951MB] | loss=1.5478 task=0.3143 recon=1.4041 (w=0.868) | val_AP=0.2937 test_AP=0.2881
Epoch 133/500 [114.3s mem=5950MB] | loss=1.5396 task=0.3138 recon=1.3969 (w=0.867) | val_AP=0.3021 test_AP=0.2967
Epoch 134/500 [50.9s mem=5951MB] | loss=1.5414 task=0.3152 recon=1.3987 (w=0.866) | val_AP=0.2895 test_AP=0.2956
Epoch 135/500 [117.8s mem=5934MB] | loss=1.5381 task=0.3142 recon=1.3980 (w=0.865) | val_AP=0.2939 test_AP=0.2981
Epoch 136/500 [114.2s mem=5967MB] | loss=1.5400 task=0.3161 recon=1.3994 (w=0.864) | val_AP=0.3031 test_AP=0.2984
Epoch 137/500 [50.8s mem=5943MB] | loss=1.5333 task=0.3150 recon=1.3948 (w=0.863) | val_AP=0.3005 test_AP=0.2935
Epoch 138/500 [117.2s mem=5942MB] | loss=1.5316 task=0.3147 recon=1.3946 (w=0.862) | val_AP=0.2915 test_AP=0.2877
Epoch 139/500 [114.7s mem=5934MB] | loss=1.5222 task=0.3139 recon=1.3863 (w=0.861) | val_AP=0.3002 test_AP=0.2950
Epoch 140/500 [50.3s mem=5932MB] | loss=1.5254 task=0.3134 recon=1.3922 (w=0.860) | val_AP=0.2890 test_AP=0.2917
Epoch 141/500 [117.0s mem=5930MB] | loss=1.5267 task=0.3146 recon=1.3940 (w=0.859) | val_AP=0.3017 test_AP=0.2966
Epoch 142/500 [116.0s mem=5929MB] | loss=1.5162 task=0.3128 recon=1.3855 (w=0.858) | val_AP=0.2858 test_AP=0.2904
Epoch 143/500 [51.6s mem=5950MB] | loss=1.5175 task=0.3143 recon=1.3870 (w=0.857) | val_AP=0.3101 test_AP=0.3032
  -> New best val AP=0.3101
Epoch 144/500 [38.8s mem=5929MB] | loss=1.5157 task=0.3133 recon=1.3878 (w=0.856) | val_AP=0.2999 test_AP=0.2974
Epoch 145/500 [37.8s mem=5951MB] | loss=1.5108 task=0.3126 recon=1.3845 (w=0.855) | val_AP=0.3029 test_AP=0.3112
Epoch 146/500 [37.8s mem=5928MB] | loss=1.5159 task=0.3144 recon=1.3898 (w=0.854) | val_AP=0.2705 test_AP=0.2811
Epoch 147/500 [37.6s mem=5944MB] | loss=1.5072 task=0.3113 recon=1.3851 (w=0.853) | val_AP=0.2920 test_AP=0.2905
Epoch 148/500 [37.8s mem=5943MB] | loss=1.5072 task=0.3142 recon=1.3833 (w=0.852) | val_AP=0.2997 test_AP=0.2964
Epoch 149/500 [37.9s mem=5922MB] | loss=1.5019 task=0.3125 recon=1.3806 (w=0.851) | val_AP=0.3036 test_AP=0.3086
Epoch 150/500 [38.0s mem=5921MB] | loss=1.5027 task=0.3111 recon=1.3850 (w=0.850) | val_AP=0.2948 test_AP=0.2948
Epoch 151/500 [37.6s mem=5932MB] | loss=1.5041 task=0.3127 recon=1.3863 (w=0.849) | val_AP=0.2983 test_AP=0.3021
Epoch 152/500 [37.9s mem=5941MB] | loss=1.4986 task=0.3100 recon=1.3848 (w=0.848) | val_AP=0.2886 test_AP=0.2919
Epoch 153/500 [38.3s mem=5950MB] | loss=1.4948 task=0.3107 recon=1.3811 (w=0.847) | val_AP=0.2974 test_AP=0.2996
Epoch 154/500 [37.4s mem=5929MB] | loss=1.4915 task=0.3124 recon=1.3768 (w=0.846) | val_AP=0.3009 test_AP=0.3037
Epoch 155/500 [37.7s mem=5951MB] | loss=1.4888 task=0.3081 recon=1.3802 (w=0.845) | val_AP=0.2918 test_AP=0.2868
Epoch 156/500 [37.8s mem=5933MB] | loss=1.4898 task=0.3117 recon=1.3789 (w=0.844) | val_AP=0.2912 test_AP=0.2973
Epoch 157/500 [37.6s mem=5934MB] | loss=1.4822 task=0.3077 recon=1.3763 (w=0.843) | val_AP=0.3016 test_AP=0.3017
Epoch 158/500 [38.2s mem=5932MB] | loss=1.4830 task=0.3089 recon=1.3775 (w=0.842) | val_AP=0.3131 test_AP=0.3081
  -> New best val AP=0.3131
Epoch 159/500 [37.6s mem=5933MB] | loss=1.4845 task=0.3099 recon=1.3797 (w=0.841) | val_AP=0.2909 test_AP=0.2851
Epoch 160/500 [38.0s mem=5922MB] | loss=1.4847 task=0.3094 recon=1.3824 (w=0.840) | val_AP=0.2973 test_AP=0.2984
Epoch 161/500 [38.4s mem=5951MB] | loss=1.4738 task=0.3082 recon=1.3724 (w=0.839) | val_AP=0.2854 test_AP=0.2883
Epoch 162/500 [38.1s mem=5930MB] | loss=1.4708 task=0.3090 recon=1.3695 (w=0.838) | val_AP=0.2927 test_AP=0.2901
Epoch 163/500 [37.7s mem=5933MB] | loss=1.4694 task=0.3076 recon=1.3712 (w=0.837) | val_AP=0.3055 test_AP=0.3090
Epoch 164/500 [37.6s mem=5953MB] | loss=1.4701 task=0.3072 recon=1.3742 (w=0.836) | val_AP=0.3037 test_AP=0.2957
Epoch 165/500 [37.8s mem=5950MB] | loss=1.4679 task=0.3093 recon=1.3706 (w=0.835) | val_AP=0.3034 test_AP=0.3017
Epoch 166/500 [37.6s mem=5931MB] | loss=1.4653 task=0.3060 recon=1.3730 (w=0.834) | val_AP=0.2909 test_AP=0.2945
Epoch 167/500 [37.7s mem=5929MB] | loss=1.4668 task=0.3085 recon=1.3735 (w=0.833) | val_AP=0.3037 test_AP=0.2934
Epoch 168/500 [37.9s mem=5952MB] | loss=1.4677 task=0.3085 recon=1.3762 (w=0.832) | val_AP=0.2881 test_AP=0.2877
Epoch 169/500 [37.7s mem=5930MB] | loss=1.4580 task=0.3081 recon=1.3667 (w=0.831) | val_AP=0.2984 test_AP=0.2960
Epoch 170/500 [37.9s mem=5939MB] | loss=1.4574 task=0.3050 recon=1.3715 (w=0.830) | val_AP=0.3127 test_AP=0.3099
Epoch 171/500 [37.9s mem=5931MB] | loss=1.4600 task=0.3075 recon=1.3733 (w=0.829) | val_AP=0.3052 test_AP=0.2938
Epoch 172/500 [37.9s mem=5916MB] | loss=1.4569 task=0.3074 recon=1.3711 (w=0.828) | val_AP=0.3053 test_AP=0.3019
Epoch 173/500 [37.8s mem=5934MB] | loss=1.4479 task=0.3052 recon=1.3648 (w=0.827) | val_AP=0.2947 test_AP=0.2961
Epoch 174/500 [37.8s mem=5923MB] | loss=1.4458 task=0.3042 recon=1.3651 (w=0.826) | val_AP=0.3011 test_AP=0.2957
Epoch 175/500 [37.7s mem=5931MB] | loss=1.4447 task=0.3050 recon=1.3644 (w=0.825) | val_AP=0.3178 test_AP=0.3090
  -> New best val AP=0.3178
Epoch 176/500 [37.7s mem=5931MB] | loss=1.4354 task=0.3016 recon=1.3590 (w=0.824) | val_AP=0.2912 test_AP=0.2884
Epoch 177/500 [37.7s mem=5936MB] | loss=1.4384 task=0.3045 recon=1.3607 (w=0.823) | val_AP=0.3082 test_AP=0.3016
Epoch 178/500 [37.8s mem=5942MB] | loss=1.4430 task=0.3042 recon=1.3682 (w=0.822) | val_AP=0.3013 test_AP=0.3030
Epoch 179/500 [37.9s mem=5925MB] | loss=1.4296 task=0.3033 recon=1.3547 (w=0.821) | val_AP=0.3077 test_AP=0.3022
Epoch 180/500 [37.9s mem=5921MB] | loss=1.4320 task=0.3029 recon=1.3597 (w=0.820) | val_AP=0.3085 test_AP=0.3038
Epoch 181/500 [37.8s mem=5930MB] | loss=1.4312 task=0.3047 recon=1.3582 (w=0.819) | val_AP=0.2984 test_AP=0.3020
Epoch 182/500 [38.4s mem=5951MB] | loss=1.4323 task=0.3065 recon=1.3591 (w=0.818) | val_AP=0.2914 test_AP=0.2921
Epoch 183/500 [37.9s mem=5924MB] | loss=1.4231 task=0.3039 recon=1.3525 (w=0.817) | val_AP=0.3137 test_AP=0.2975
Epoch 184/500 [37.0s mem=5930MB] | loss=1.4242 task=0.3042 recon=1.3552 (w=0.816) | val_AP=0.3088 test_AP=0.3023
Epoch 185/500 [37.9s mem=5964MB] | loss=1.4153 task=0.3032 recon=1.3471 (w=0.815) | val_AP=0.3005 test_AP=0.3017
Epoch 186/500 [37.8s mem=5931MB] | loss=1.4228 task=0.3062 recon=1.3545 (w=0.814) | val_AP=0.2966 test_AP=0.2983
Epoch 187/500 [38.0s mem=5923MB] | loss=1.4107 task=0.3015 recon=1.3470 (w=0.813) | val_AP=0.3167 test_AP=0.3110
Epoch 188/500 [37.6s mem=5909MB] | loss=1.4065 task=0.3012 recon=1.3438 (w=0.812) | val_AP=0.2998 test_AP=0.2992
Epoch 189/500 [37.5s mem=5929MB] | loss=1.4098 task=0.3034 recon=1.3468 (w=0.811) | val_AP=0.2981 test_AP=0.2930
Epoch 190/500 [37.7s mem=5933MB] | loss=1.4061 task=0.3022 recon=1.3454 (w=0.810) | val_AP=0.3047 test_AP=0.3000
Epoch 191/500 [37.4s mem=5922MB] | loss=1.4032 task=0.3029 recon=1.3426 (w=0.809) | val_AP=0.3136 test_AP=0.3093
Epoch 192/500 [37.8s mem=5922MB] | loss=1.3973 task=0.3008 recon=1.3396 (w=0.808) | val_AP=0.3009 test_AP=0.3041
Epoch 193/500 [37.1s mem=5941MB] | loss=1.4013 task=0.3033 recon=1.3433 (w=0.807) | val_AP=0.3022 test_AP=0.2984
Epoch 194/500 [37.7s mem=5953MB] | loss=1.3969 task=0.3032 recon=1.3396 (w=0.806) | val_AP=0.3146 test_AP=0.3077
Epoch 195/500 [38.2s mem=5932MB] | loss=1.3960 task=0.3009 recon=1.3429 (w=0.805) | val_AP=0.3060 test_AP=0.3022
Epoch 196/500 [37.5s mem=5922MB] | loss=1.3935 task=0.3042 recon=1.3373 (w=0.804) | val_AP=0.2947 test_AP=0.2972
Epoch 197/500 [37.9s mem=5952MB] | loss=1.3893 task=0.3018 recon=1.3369 (w=0.803) | val_AP=0.2972 test_AP=0.3059
Epoch 198/500 [37.6s mem=5929MB] | loss=1.3859 task=0.3008 recon=1.3356 (w=0.802) | val_AP=0.2990 test_AP=0.3037
Epoch 199/500 [38.2s mem=5943MB] | loss=1.3866 task=0.3019 recon=1.3369 (w=0.801) | val_AP=0.2887 test_AP=0.2907
Epoch 200/500 [37.4s mem=5921MB] | loss=1.3793 task=0.2993 recon=1.3326 (w=0.800) | val_AP=0.3087 test_AP=0.3092
Epoch 201/500 [38.1s mem=5932MB] | loss=1.3824 task=0.3023 recon=1.3326 (w=0.800) | val_AP=0.3125 test_AP=0.3124
Epoch 202/500 [37.7s mem=5934MB] | loss=1.3823 task=0.2998 recon=1.3357 (w=0.800) | val_AP=0.3012 test_AP=0.3019
Epoch 203/500 [38.0s mem=5933MB] | loss=1.3834 task=0.3008 recon=1.3359 (w=0.800) | val_AP=0.3099 test_AP=0.3038
Epoch 204/500 [37.5s mem=5950MB] | loss=1.3764 task=0.3007 recon=1.3272 (w=0.800) | val_AP=0.2954 test_AP=0.2857
Epoch 205/500 [38.3s mem=5932MB] | loss=1.3806 task=0.3007 recon=1.3325 (w=0.800) | val_AP=0.2908 test_AP=0.2960
Epoch 206/500 [37.7s mem=5911MB] | loss=1.3760 task=0.2992 recon=1.3286 (w=0.800) | val_AP=0.2985 test_AP=0.3036
Epoch 207/500 [38.0s mem=5922MB] | loss=1.3754 task=0.2965 recon=1.3314 (w=0.800) | val_AP=0.2962 test_AP=0.3015
Epoch 208/500 [37.5s mem=5936MB] | loss=1.3730 task=0.2987 recon=1.3256 (w=0.800) | val_AP=0.3076 test_AP=0.3070
Epoch 209/500 [37.5s mem=5928MB] | loss=1.3748 task=0.3002 recon=1.3259 (w=0.800) | val_AP=0.3045 test_AP=0.3045
Epoch 210/500 [37.5s mem=5936MB] | loss=1.3711 task=0.2968 recon=1.3256 (w=0.800) | val_AP=0.3052 test_AP=0.2959
Epoch 211/500 [37.9s mem=5933MB] | loss=1.3744 task=0.2986 recon=1.3276 (w=0.800) | val_AP=0.3042 test_AP=0.2970
Epoch 212/500 [38.0s mem=5942MB] | loss=1.3748 task=0.2986 recon=1.3280 (w=0.800) | val_AP=0.3094 test_AP=0.3113
Epoch 213/500 [37.8s mem=5941MB] | loss=1.3690 task=0.2972 recon=1.3226 (w=0.800) | val_AP=0.3082 test_AP=0.3142
Epoch 214/500 [37.5s mem=5932MB] | loss=1.3703 task=0.2986 recon=1.3225 (w=0.800) | val_AP=0.3151 test_AP=0.3111
Epoch 215/500 [37.7s mem=5950MB] | loss=1.3689 task=0.2979 recon=1.3216 (w=0.800) | val_AP=0.2900 test_AP=0.2938
Epoch 216/500 [37.6s mem=5922MB] | loss=1.3717 task=0.2995 recon=1.3232 (w=0.800) | val_AP=0.3008 test_AP=0.2944
Epoch 217/500 [37.2s mem=5935MB] | loss=1.3682 task=0.2959 recon=1.3233 (w=0.800) | val_AP=0.3165 test_AP=0.3091
Epoch 218/500 [37.6s mem=5961MB] | loss=1.3681 task=0.2957 recon=1.3236 (w=0.800) | val_AP=0.3145 test_AP=0.3107
Epoch 219/500 [37.6s mem=5933MB] | loss=1.3698 task=0.2961 recon=1.3252 (w=0.800) | val_AP=0.3075 test_AP=0.3027
Epoch 220/500 [37.8s mem=5923MB] | loss=1.3682 task=0.2984 recon=1.3204 (w=0.800) | val_AP=0.3051 test_AP=0.2967
Epoch 221/500 [37.8s mem=5925MB] | loss=1.3653 task=0.2958 recon=1.3198 (w=0.800) | val_AP=0.3032 test_AP=0.3030
Epoch 222/500 [37.7s mem=5965MB] | loss=1.3645 task=0.2968 recon=1.3176 (w=0.800) | val_AP=0.3071 test_AP=0.3012
Epoch 223/500 [37.6s mem=5943MB] | loss=1.3655 task=0.2979 recon=1.3175 (w=0.800) | val_AP=0.3079 test_AP=0.3068
Epoch 224/500 [38.3s mem=5928MB] | loss=1.3642 task=0.2963 recon=1.3177 (w=0.800) | val_AP=0.3162 test_AP=0.3142
Epoch 225/500 [37.8s mem=5923MB] | loss=1.3575 task=0.2948 recon=1.3112 (w=0.800) | val_AP=0.3094 test_AP=0.3018
Early stopping at epoch 225. Best val AP=0.3178 at epoch 175.
Phase 3 done. Best val AP=0.3178 at epoch 175.
All requested phases complete.
