{'dataset': 'Peptides-func', 'max_hops': 40, 'use_lap_pe': False, 'lap_pe_dim': 8, 'hidden_dim': 96, 'hop_dim': 16, 'fuse_mode': 'concat_proj', 'khop_per_block': False, 'khop_num_heads': 4, 'no_residual_self': False, 'num_layers': 2, 'num_heads': 8, 'num_cross_layers': 1, 'no_proxy_self_attn': True, 'share_blocks': True, 'graph_pool': 'sum', 'dropout': 0.2, 'aux_loss_weight': 0.5, 'aux_loss_decay': 1.0, 'final_sa_layers': 0, 'final_sa_heads': 0, 'generator': 'graph_coarsening', 'num_proxies': 128, 'score_hidden': 128, 'score_layers': 1, 'score_heads': 8, 'gnn_layers': 20, 'gnn_type': 'GINE', 'pool_types': ['mean'], 'decode_hidden': 128, 'decode_layers': 1, 'idx_emb_dim': 64, 'decode_mode': 'shared', 'pma_query_mode': 'farthest_point', 'coarsen_gnn_type': 'GIN', 'coarsen_reg_weight': 0.3, 'lr': 0.001, 'lr_min': 1e-06, 'weight_decay': 0.0003, 'batch_size': 128, 'max_epochs': 200, 'patience': 40, 'warmup_ratio': 0.05, 'grad_clip': 1.0, 'num_workers': 4, 'dist_mask_workers': 8, 'device': None, 'save_dir': 'checkpoints_khop_cross_attn_func_2', 'seed': 0}
Unknown =  []
[Peptides-func] task=multi_label level=graph metric=macro_ap (higher_is_better=True)
  Loading cached distance masks from ./data/Peptides-func/dist_masks/train.pkl
  Loading cached distance masks from ./data/Peptides-func/dist_masks/val.pkl
  Loading cached distance masks from ./data/Peptides-func/dist_masks/test.pkl
trainable params: 0.826M
epoch 000 | 232.5s | train loss 0.5179 AP 0.1850 | val loss 0.3992 AP 0.2684 | test loss 0.4001 AP 0.2653 | best val 0.2684 (epoch 0, test 0.2652708171562423)
epoch 001 | 228.8s | train loss 0.3600 AP 0.2414 | val loss 0.3310 AP 0.2898 | test loss 0.3333 AP 0.2831 | best val 0.2898 (epoch 1, test 0.2830958987773978)
epoch 002 | 225.2s | train loss 0.3329 AP 0.2620 | val loss 0.3189 AP 0.3078 | test loss 0.3216 AP 0.3029 | best val 0.3078 (epoch 2, test 0.30290613980224557)
epoch 003 | 228.7s | train loss 0.3224 AP 0.2831 | val loss 0.3027 AP 0.3485 | test loss 0.3057 AP 0.3466 | best val 0.3485 (epoch 3, test 0.3466205076578721)
epoch 004 | 224.6s | train loss 0.3065 AP 0.3200 | val loss 0.2904 AP 0.3751 | test loss 0.2966 AP 0.3636 | best val 0.3751 (epoch 4, test 0.3636153830693011)
epoch 005 | 223.1s | train loss 0.2923 AP 0.3542 | val loss 0.3040 AP 0.3692 | test loss 0.3090 AP 0.3635 | best val 0.3751 (epoch 4, test 0.3636153830693011)
epoch 006 | 227.2s | train loss 0.2821 AP 0.3762 | val loss 0.2667 AP 0.4281 | test loss 0.2734 AP 0.4156 | best val 0.4281 (epoch 6, test 0.41555991347379156)
epoch 007 | 225.6s | train loss 0.2720 AP 0.3982 | val loss 0.2603 AP 0.4446 | test loss 0.2697 AP 0.4313 | best val 0.4446 (epoch 7, test 0.4313250336419994)
epoch 008 | 226.1s | train loss 0.2648 AP 0.4178 | val loss 0.2490 AP 0.4863 | test loss 0.2608 AP 0.4534 | best val 0.4863 (epoch 8, test 0.45344042193251005)
epoch 009 | 223.0s | train loss 0.2547 AP 0.4382 | val loss 0.2496 AP 0.4664 | test loss 0.2596 AP 0.4543 | best val 0.4863 (epoch 8, test 0.45344042193251005)
epoch 010 | 228.8s | train loss 0.2498 AP 0.4522 | val loss 0.2382 AP 0.5011 | test loss 0.2471 AP 0.4869 | best val 0.5011 (epoch 10, test 0.486923401046055)
epoch 011 | 226.3s | train loss 0.2393 AP 0.4769 | val loss 0.2327 AP 0.5094 | test loss 0.2422 AP 0.4884 | best val 0.5094 (epoch 11, test 0.4883583793650523)
epoch 012 | 223.6s | train loss 0.2340 AP 0.4950 | val loss 0.2296 AP 0.5274 | test loss 0.2424 AP 0.5097 | best val 0.5274 (epoch 12, test 0.5096811704911683)
epoch 013 | 211.9s | train loss 0.2290 AP 0.5033 | val loss 0.2247 AP 0.5392 | test loss 0.2337 AP 0.5176 | best val 0.5392 (epoch 13, test 0.5176179099151265)
epoch 014 | 211.7s | train loss 0.2191 AP 0.5260 | val loss 0.2278 AP 0.5542 | test loss 0.2337 AP 0.5317 | best val 0.5542 (epoch 14, test 0.5316767759672485)
epoch 015 | 215.5s | train loss 0.2146 AP 0.5469 | val loss 0.2313 AP 0.5426 | test loss 0.2380 AP 0.5185 | best val 0.5542 (epoch 14, test 0.5316767759672485)
epoch 016 | 212.5s | train loss 0.2080 AP 0.5633 | val loss 0.2225 AP 0.5706 | test loss 0.2336 AP 0.5466 | best val 0.5706 (epoch 16, test 0.5465893585060757)
epoch 017 | 210.9s | train loss 0.2030 AP 0.5782 | val loss 0.2133 AP 0.5856 | test loss 0.2230 AP 0.5612 | best val 0.5856 (epoch 17, test 0.5612257755653391)
epoch 018 | 214.8s | train loss 0.1969 AP 0.5972 | val loss 0.2185 AP 0.5682 | test loss 0.2273 AP 0.5450 | best val 0.5856 (epoch 17, test 0.5612257755653391)
epoch 019 | 213.5s | train loss 0.1913 AP 0.6089 | val loss 0.2174 AP 0.5959 | test loss 0.2288 AP 0.5584 | best val 0.5959 (epoch 19, test 0.5584492018637317)
epoch 020 | 215.3s | train loss 0.1858 AP 0.6265 | val loss 0.2169 AP 0.5966 | test loss 0.2246 AP 0.5830 | best val 0.5966 (epoch 20, test 0.582984444314051)
epoch 021 | 213.0s | train loss 0.1811 AP 0.6350 | val loss 0.2176 AP 0.6021 | test loss 0.2346 AP 0.5656 | best val 0.6021 (epoch 21, test 0.565634203072773)
epoch 022 | 212.6s | train loss 0.1772 AP 0.6460 | val loss 0.2163 AP 0.6062 | test loss 0.2307 AP 0.5778 | best val 0.6062 (epoch 22, test 0.5777717559745896)
epoch 023 | 212.8s | train loss 0.1738 AP 0.6512 | val loss 0.2043 AP 0.6238 | test loss 0.2174 AP 0.5977 | best val 0.6238 (epoch 23, test 0.5977390953042645)
epoch 024 | 213.0s | train loss 0.1676 AP 0.6731 | val loss 0.2021 AP 0.6403 | test loss 0.2168 AP 0.6068 | best val 0.6403 (epoch 24, test 0.6068458756345652)
epoch 025 | 214.8s | train loss 0.1642 AP 0.6848 | val loss 0.2077 AP 0.6305 | test loss 0.2225 AP 0.5995 | best val 0.6403 (epoch 24, test 0.6068458756345652)
epoch 026 | 212.0s | train loss 0.1612 AP 0.6851 | val loss 0.2217 AP 0.6176 | test loss 0.2332 AP 0.5934 | best val 0.6403 (epoch 24, test 0.6068458756345652)
epoch 027 | 216.3s | train loss 0.1577 AP 0.6996 | val loss 0.2124 AP 0.6384 | test loss 0.2307 AP 0.6166 | best val 0.6403 (epoch 24, test 0.6068458756345652)
epoch 028 | 211.6s | train loss 0.1546 AP 0.7022 | val loss 0.2177 AP 0.6260 | test loss 0.2340 AP 0.6065 | best val 0.6403 (epoch 24, test 0.6068458756345652)
epoch 029 | 213.3s | train loss 0.1524 AP 0.7131 | val loss 0.2212 AP 0.6163 | test loss 0.2376 AP 0.5917 | best val 0.6403 (epoch 24, test 0.6068458756345652)
epoch 030 | 213.8s | train loss 0.1469 AP 0.7285 | val loss 0.2071 AP 0.6440 | test loss 0.2207 AP 0.6149 | best val 0.6440 (epoch 30, test 0.614919696658837)
epoch 031 | 211.5s | train loss 0.1428 AP 0.7327 | val loss 0.2147 AP 0.6440 | test loss 0.2326 AP 0.6224 | best val 0.6440 (epoch 31, test 0.622388289990705)
epoch 032 | 215.3s | train loss 0.1391 AP 0.7453 | val loss 0.2224 AP 0.6378 | test loss 0.2351 AP 0.6292 | best val 0.6440 (epoch 31, test 0.622388289990705)
epoch 033 | 213.4s | train loss 0.1393 AP 0.7448 | val loss 0.2149 AP 0.6562 | test loss 0.2394 AP 0.6239 | best val 0.6562 (epoch 33, test 0.6238978283578509)
epoch 034 | 213.0s | train loss 0.1385 AP 0.7525 | val loss 0.2167 AP 0.6619 | test loss 0.2370 AP 0.6176 | best val 0.6619 (epoch 34, test 0.6175679243953096)
epoch 035 | 213.0s | train loss 0.1300 AP 0.7687 | val loss 0.2221 AP 0.6419 | test loss 0.2407 AP 0.6167 | best val 0.6619 (epoch 34, test 0.6175679243953096)
epoch 036 | 212.3s | train loss 0.1310 AP 0.7645 | val loss 0.2273 AP 0.6432 | test loss 0.2465 AP 0.6164 | best val 0.6619 (epoch 34, test 0.6175679243953096)
epoch 037 | 216.2s | train loss 0.1266 AP 0.7762 | val loss 0.2220 AP 0.6570 | test loss 0.2383 AP 0.6329 | best val 0.6619 (epoch 34, test 0.6175679243953096)
epoch 038 | 211.9s | train loss 0.1230 AP 0.7856 | val loss 0.2233 AP 0.6681 | test loss 0.2506 AP 0.6361 | best val 0.6681 (epoch 38, test 0.6361424664036955)
epoch 039 | 211.3s | train loss 0.1214 AP 0.7909 | val loss 0.2421 AP 0.6475 | test loss 0.2563 AP 0.6354 | best val 0.6681 (epoch 38, test 0.6361424664036955)
epoch 040 | 213.0s | train loss 0.1185 AP 0.8001 | val loss 0.2290 AP 0.6571 | test loss 0.2470 AP 0.6436 | best val 0.6681 (epoch 38, test 0.6361424664036955)
epoch 041 | 213.5s | train loss 0.1150 AP 0.8086 | val loss 0.2323 AP 0.6533 | test loss 0.2554 AP 0.6468 | best val 0.6681 (epoch 38, test 0.6361424664036955)
epoch 042 | 214.8s | train loss 0.1109 AP 0.8136 | val loss 0.2374 AP 0.6540 | test loss 0.2555 AP 0.6409 | best val 0.6681 (epoch 38, test 0.6361424664036955)
epoch 043 | 211.2s | train loss 0.1113 AP 0.8177 | val loss 0.2364 AP 0.6484 | test loss 0.2510 AP 0.6339 | best val 0.6681 (epoch 38, test 0.6361424664036955)
epoch 044 | 213.6s | train loss 0.1090 AP 0.8202 | val loss 0.2550 AP 0.6469 | test loss 0.2678 AP 0.6405 | best val 0.6681 (epoch 38, test 0.6361424664036955)
epoch 045 | 212.4s | train loss 0.1074 AP 0.8289 | val loss 0.2313 AP 0.6543 | test loss 0.2482 AP 0.6429 | best val 0.6681 (epoch 38, test 0.6361424664036955)
epoch 046 | 212.1s | train loss 0.1068 AP 0.8275 | val loss 0.2432 AP 0.6587 | test loss 0.2530 AP 0.6432 | best val 0.6681 (epoch 38, test 0.6361424664036955)
epoch 047 | 216.0s | train loss 0.1070 AP 0.8285 | val loss 0.2444 AP 0.6625 | test loss 0.2543 AP 0.6538 | best val 0.6681 (epoch 38, test 0.6361424664036955)
epoch 048 | 212.3s | train loss 0.1004 AP 0.8442 | val loss 0.2468 AP 0.6689 | test loss 0.2592 AP 0.6568 | best val 0.6689 (epoch 48, test 0.656751075488448)
epoch 049 | 216.7s | train loss 0.0978 AP 0.8438 | val loss 0.2545 AP 0.6614 | test loss 0.2672 AP 0.6535 | best val 0.6689 (epoch 48, test 0.656751075488448)
epoch 050 | 212.2s | train loss 0.0958 AP 0.8510 | val loss 0.2672 AP 0.6622 | test loss 0.2751 AP 0.6527 | best val 0.6689 (epoch 48, test 0.656751075488448)
epoch 051 | 212.8s | train loss 0.0940 AP 0.8580 | val loss 0.2482 AP 0.6743 | test loss 0.2705 AP 0.6561 | best val 0.6743 (epoch 51, test 0.6560950369108891)
epoch 052 | 213.1s | train loss 0.0939 AP 0.8562 | val loss 0.2515 AP 0.6742 | test loss 0.2624 AP 0.6562 | best val 0.6743 (epoch 51, test 0.6560950369108891)
epoch 053 | 213.0s | train loss 0.0918 AP 0.8619 | val loss 0.2627 AP 0.6708 | test loss 0.2784 AP 0.6541 | best val 0.6743 (epoch 51, test 0.6560950369108891)
epoch 054 | 214.9s | train loss 0.0917 AP 0.8640 | val loss 0.2485 AP 0.6765 | test loss 0.2698 AP 0.6559 | best val 0.6765 (epoch 54, test 0.6558744154499665)
epoch 055 | 210.6s | train loss 0.0879 AP 0.8724 | val loss 0.2544 AP 0.6737 | test loss 0.2754 AP 0.6566 | best val 0.6765 (epoch 54, test 0.6558744154499665)
epoch 056 | 211.8s | train loss 0.0888 AP 0.8658 | val loss 0.2656 AP 0.6769 | test loss 0.2844 AP 0.6549 | best val 0.6769 (epoch 56, test 0.6548534978977066)
epoch 057 | 213.7s | train loss 0.0859 AP 0.8760 | val loss 0.2599 AP 0.6844 | test loss 0.2814 AP 0.6553 | best val 0.6844 (epoch 57, test 0.6552534260458335)
epoch 058 | 212.6s | train loss 0.0851 AP 0.8761 | val loss 0.2554 AP 0.6648 | test loss 0.2771 AP 0.6541 | best val 0.6844 (epoch 57, test 0.6552534260458335)
epoch 059 | 213.4s | train loss 0.0823 AP 0.8870 | val loss 0.2730 AP 0.6690 | test loss 0.2807 AP 0.6473 | best val 0.6844 (epoch 57, test 0.6552534260458335)
epoch 060 | 210.8s | train loss 0.0788 AP 0.8895 | val loss 0.2504 AP 0.6834 | test loss 0.2801 AP 0.6581 | best val 0.6844 (epoch 57, test 0.6552534260458335)
epoch 061 | 214.0s | train loss 0.0797 AP 0.8875 | val loss 0.2575 AP 0.6740 | test loss 0.2771 AP 0.6643 | best val 0.6844 (epoch 57, test 0.6552534260458335)
epoch 062 | 212.1s | train loss 0.0783 AP 0.8919 | val loss 0.2588 AP 0.6860 | test loss 0.2814 AP 0.6630 | best val 0.6860 (epoch 62, test 0.662965347396638)
epoch 063 | 212.2s | train loss 0.0788 AP 0.8883 | val loss 0.2739 AP 0.6768 | test loss 0.2957 AP 0.6604 | best val 0.6860 (epoch 62, test 0.662965347396638)
epoch 064 | 216.8s | train loss 0.0763 AP 0.9000 | val loss 0.2785 AP 0.6725 | test loss 0.2898 AP 0.6650 | best val 0.6860 (epoch 62, test 0.662965347396638)
epoch 065 | 212.5s | train loss 0.0760 AP 0.8973 | val loss 0.2629 AP 0.6777 | test loss 0.2884 AP 0.6663 | best val 0.6860 (epoch 62, test 0.662965347396638)
epoch 066 | 215.9s | train loss 0.0746 AP 0.9002 | val loss 0.2854 AP 0.6770 | test loss 0.3050 AP 0.6676 | best val 0.6860 (epoch 62, test 0.662965347396638)
epoch 067 | 213.5s | train loss 0.0720 AP 0.9110 | val loss 0.2807 AP 0.6742 | test loss 0.3122 AP 0.6560 | best val 0.6860 (epoch 62, test 0.662965347396638)
epoch 068 | 212.1s | train loss 0.0723 AP 0.9054 | val loss 0.2651 AP 0.6776 | test loss 0.2865 AP 0.6661 | best val 0.6860 (epoch 62, test 0.662965347396638)
epoch 069 | 214.0s | train loss 0.0687 AP 0.9124 | val loss 0.2813 AP 0.6759 | test loss 0.2956 AP 0.6668 | best val 0.6860 (epoch 62, test 0.662965347396638)
epoch 070 | 212.0s | train loss 0.0700 AP 0.9116 | val loss 0.2639 AP 0.6846 | test loss 0.2867 AP 0.6711 | best val 0.6860 (epoch 62, test 0.662965347396638)
epoch 071 | 221.0s | train loss 0.0692 AP 0.9112 | val loss 0.2805 AP 0.6760 | test loss 0.3036 AP 0.6614 | best val 0.6860 (epoch 62, test 0.662965347396638)
epoch 072 | 224.5s | train loss 0.0671 AP 0.9182 | val loss 0.2705 AP 0.6828 | test loss 0.2938 AP 0.6657 | best val 0.6860 (epoch 62, test 0.662965347396638)
epoch 073 | 227.5s | train loss 0.0675 AP 0.9188 | val loss 0.2923 AP 0.6749 | test loss 0.3112 AP 0.6633 | best val 0.6860 (epoch 62, test 0.662965347396638)
epoch 074 | 228.1s | train loss 0.0632 AP 0.9229 | val loss 0.2937 AP 0.6705 | test loss 0.3203 AP 0.6460 | best val 0.6860 (epoch 62, test 0.662965347396638)
epoch 075 | 225.0s | train loss 0.0630 AP 0.9255 | val loss 0.2899 AP 0.6751 | test loss 0.3126 AP 0.6654 | best val 0.6860 (epoch 62, test 0.662965347396638)
epoch 076 | 228.3s | train loss 0.0614 AP 0.9296 | val loss 0.3092 AP 0.6698 | test loss 0.3290 AP 0.6613 | best val 0.6860 (epoch 62, test 0.662965347396638)
epoch 077 | 228.1s | train loss 0.0627 AP 0.9271 | val loss 0.2959 AP 0.6730 | test loss 0.3136 AP 0.6546 | best val 0.6860 (epoch 62, test 0.662965347396638)
epoch 078 | 229.7s | train loss 0.0580 AP 0.9347 | val loss 0.3035 AP 0.6819 | test loss 0.3262 AP 0.6633 | best val 0.6860 (epoch 62, test 0.662965347396638)
epoch 079 | 225.6s | train loss 0.0614 AP 0.9306 | val loss 0.2782 AP 0.6716 | test loss 0.3000 AP 0.6652 | best val 0.6860 (epoch 62, test 0.662965347396638)
epoch 080 | 224.9s | train loss 0.0603 AP 0.9344 | val loss 0.2979 AP 0.6707 | test loss 0.3181 AP 0.6630 | best val 0.6860 (epoch 62, test 0.662965347396638)
epoch 081 | 226.8s | train loss 0.0579 AP 0.9348 | val loss 0.2904 AP 0.6746 | test loss 0.3083 AP 0.6635 | best val 0.6860 (epoch 62, test 0.662965347396638)
epoch 082 | 225.1s | train loss 0.0585 AP 0.9319 | val loss 0.2781 AP 0.6888 | test loss 0.3076 AP 0.6688 | best val 0.6888 (epoch 82, test 0.668794342509002)
epoch 083 | 227.4s | train loss 0.0554 AP 0.9401 | val loss 0.2983 AP 0.6769 | test loss 0.3200 AP 0.6655 | best val 0.6888 (epoch 82, test 0.668794342509002)
epoch 084 | 225.2s | train loss 0.0553 AP 0.9392 | val loss 0.3112 AP 0.6694 | test loss 0.3287 AP 0.6690 | best val 0.6888 (epoch 82, test 0.668794342509002)
epoch 085 | 229.5s | train loss 0.0536 AP 0.9444 | val loss 0.2999 AP 0.6886 | test loss 0.3183 AP 0.6701 | best val 0.6888 (epoch 82, test 0.668794342509002)
epoch 086 | 226.8s | train loss 0.0534 AP 0.9436 | val loss 0.3183 AP 0.6807 | test loss 0.3380 AP 0.6663 | best val 0.6888 (epoch 82, test 0.668794342509002)
epoch 087 | 225.9s | train loss 0.0506 AP 0.9515 | val loss 0.3267 AP 0.6734 | test loss 0.3404 AP 0.6671 | best val 0.6888 (epoch 82, test 0.668794342509002)
epoch 088 | 227.0s | train loss 0.0500 AP 0.9505 | val loss 0.3101 AP 0.6811 | test loss 0.3297 AP 0.6715 | best val 0.6888 (epoch 82, test 0.668794342509002)
epoch 089 | 226.6s | train loss 0.0492 AP 0.9495 | val loss 0.3286 AP 0.6809 | test loss 0.3449 AP 0.6696 | best val 0.6888 (epoch 82, test 0.668794342509002)
epoch 090 | 227.9s | train loss 0.0485 AP 0.9541 | val loss 0.3296 AP 0.6747 | test loss 0.3414 AP 0.6727 | best val 0.6888 (epoch 82, test 0.668794342509002)
epoch 091 | 224.9s | train loss 0.0508 AP 0.9485 | val loss 0.3283 AP 0.6783 | test loss 0.3369 AP 0.6758 | best val 0.6888 (epoch 82, test 0.668794342509002)
epoch 092 | 228.8s | train loss 0.0502 AP 0.9523 | val loss 0.3034 AP 0.6753 | test loss 0.3216 AP 0.6702 | best val 0.6888 (epoch 82, test 0.668794342509002)
epoch 093 | 224.6s | train loss 0.0469 AP 0.9563 | val loss 0.3337 AP 0.6784 | test loss 0.3538 AP 0.6736 | best val 0.6888 (epoch 82, test 0.668794342509002)
epoch 094 | 224.5s | train loss 0.0469 AP 0.9542 | val loss 0.3406 AP 0.6742 | test loss 0.3511 AP 0.6751 | best val 0.6888 (epoch 82, test 0.668794342509002)
epoch 095 | 226.4s | train loss 0.0468 AP 0.9532 | val loss 0.3341 AP 0.6835 | test loss 0.3508 AP 0.6779 | best val 0.6888 (epoch 82, test 0.668794342509002)
epoch 096 | 225.2s | train loss 0.0458 AP 0.9600 | val loss 0.3236 AP 0.6830 | test loss 0.3466 AP 0.6703 | best val 0.6888 (epoch 82, test 0.668794342509002)
epoch 097 | 229.0s | train loss 0.0455 AP 0.9570 | val loss 0.3141 AP 0.6845 | test loss 0.3369 AP 0.6784 | best val 0.6888 (epoch 82, test 0.668794342509002)
epoch 098 | 222.6s | train loss 0.0442 AP 0.9613 | val loss 0.3234 AP 0.6834 | test loss 0.3494 AP 0.6689 | best val 0.6888 (epoch 82, test 0.668794342509002)
epoch 099 | 228.7s | train loss 0.0436 AP 0.9624 | val loss 0.3223 AP 0.6849 | test loss 0.3393 AP 0.6748 | best val 0.6888 (epoch 82, test 0.668794342509002)
epoch 100 | 223.5s | train loss 0.0422 AP 0.9624 | val loss 0.3346 AP 0.6818 | test loss 0.3538 AP 0.6639 | best val 0.6888 (epoch 82, test 0.668794342509002)
epoch 101 | 225.4s | train loss 0.0407 AP 0.9665 | val loss 0.3435 AP 0.6884 | test loss 0.3661 AP 0.6643 | best val 0.6888 (epoch 82, test 0.668794342509002)
epoch 102 | 227.2s | train loss 0.0394 AP 0.9668 | val loss 0.3513 AP 0.6776 | test loss 0.3610 AP 0.6671 | best val 0.6888 (epoch 82, test 0.668794342509002)
epoch 103 | 224.2s | train loss 0.0401 AP 0.9654 | val loss 0.3410 AP 0.6810 | test loss 0.3552 AP 0.6750 | best val 0.6888 (epoch 82, test 0.668794342509002)
epoch 104 | 227.2s | train loss 0.0417 AP 0.9653 | val loss 0.3322 AP 0.6796 | test loss 0.3512 AP 0.6640 | best val 0.6888 (epoch 82, test 0.668794342509002)
epoch 105 | 226.8s | train loss 0.0394 AP 0.9664 | val loss 0.3400 AP 0.6849 | test loss 0.3604 AP 0.6760 | best val 0.6888 (epoch 82, test 0.668794342509002)
epoch 106 | 225.6s | train loss 0.0391 AP 0.9673 | val loss 0.3510 AP 0.6814 | test loss 0.3653 AP 0.6780 | best val 0.6888 (epoch 82, test 0.668794342509002)
epoch 107 | 226.6s | train loss 0.0365 AP 0.9712 | val loss 0.3450 AP 0.6791 | test loss 0.3578 AP 0.6773 | best val 0.6888 (epoch 82, test 0.668794342509002)
epoch 108 | 224.6s | train loss 0.0399 AP 0.9686 | val loss 0.3492 AP 0.6806 | test loss 0.3667 AP 0.6794 | best val 0.6888 (epoch 82, test 0.668794342509002)
epoch 109 | 228.9s | train loss 0.0363 AP 0.9710 | val loss 0.3429 AP 0.6807 | test loss 0.3603 AP 0.6745 | best val 0.6888 (epoch 82, test 0.668794342509002)
epoch 110 | 222.8s | train loss 0.0363 AP 0.9721 | val loss 0.3434 AP 0.6834 | test loss 0.3603 AP 0.6791 | best val 0.6888 (epoch 82, test 0.668794342509002)
epoch 111 | 227.0s | train loss 0.0342 AP 0.9729 | val loss 0.3630 AP 0.6809 | test loss 0.3804 AP 0.6730 | best val 0.6888 (epoch 82, test 0.668794342509002)
epoch 112 | 223.7s | train loss 0.0342 AP 0.9735 | val loss 0.3861 AP 0.6775 | test loss 0.3947 AP 0.6758 | best val 0.6888 (epoch 82, test 0.668794342509002)
epoch 113 | 227.8s | train loss 0.0341 AP 0.9745 | val loss 0.3761 AP 0.6835 | test loss 0.3935 AP 0.6747 | best val 0.6888 (epoch 82, test 0.668794342509002)
epoch 114 | 224.8s | train loss 0.0344 AP 0.9752 | val loss 0.3843 AP 0.6819 | test loss 0.3904 AP 0.6771 | best val 0.6888 (epoch 82, test 0.668794342509002)
epoch 115 | 223.1s | train loss 0.0335 AP 0.9777 | val loss 0.3757 AP 0.6829 | test loss 0.3840 AP 0.6774 | best val 0.6888 (epoch 82, test 0.668794342509002)
epoch 116 | 228.8s | train loss 0.0339 AP 0.9734 | val loss 0.3756 AP 0.6781 | test loss 0.3919 AP 0.6747 | best val 0.6888 (epoch 82, test 0.668794342509002)
epoch 117 | 225.7s | train loss 0.0342 AP 0.9749 | val loss 0.3644 AP 0.6765 | test loss 0.3880 AP 0.6703 | best val 0.6888 (epoch 82, test 0.668794342509002)
epoch 118 | 226.3s | train loss 0.0336 AP 0.9736 | val loss 0.3632 AP 0.6862 | test loss 0.3968 AP 0.6703 | best val 0.6888 (epoch 82, test 0.668794342509002)
epoch 119 | 224.2s | train loss 0.0310 AP 0.9787 | val loss 0.3679 AP 0.6869 | test loss 0.4012 AP 0.6715 | best val 0.6888 (epoch 82, test 0.668794342509002)
epoch 120 | 228.6s | train loss 0.0305 AP 0.9793 | val loss 0.3792 AP 0.6830 | test loss 0.4120 AP 0.6732 | best val 0.6888 (epoch 82, test 0.668794342509002)
epoch 121 | 227.3s | train loss 0.0307 AP 0.9794 | val loss 0.3854 AP 0.6791 | test loss 0.4063 AP 0.6676 | best val 0.6888 (epoch 82, test 0.668794342509002)
epoch 122 | 226.2s | train loss 0.0316 AP 0.9772 | val loss 0.3696 AP 0.6845 | test loss 0.3838 AP 0.6788 | best val 0.6888 (epoch 82, test 0.668794342509002)
early stopping at epoch 122 (no val improvement in 40 epochs)
BEST: val AP 0.6888 | test AP 0.6688 (epoch 82)
