{'dataset': 'Peptides-struct', 'max_hops': 40, 'use_lap_pe': False, 'lap_pe_dim': 8, 'hidden_dim': 96, 'hop_dim': 16, 'fuse_mode': 'concat_proj', 'khop_per_block': False, 'khop_num_heads': 4, 'no_residual_self': False, 'num_layers': 1, 'num_heads': 8, 'num_cross_layers': 1, 'no_proxy_self_attn': True, 'share_blocks': True, 'graph_pool': 'sum', 'dropout': 0.2, 'aux_loss_weight': 1.0, 'aux_loss_decay': 1.0, 'final_sa_layers': 0, 'final_sa_heads': 0, 'generator': 'graph_coarsening', 'num_proxies': 128, 'score_hidden': 128, 'score_layers': 0, 'score_heads': 8, 'gnn_layers': 15, 'gnn_type': 'GINE', 'pool_types': ['mean'], 'decode_hidden': 128, 'decode_layers': 1, 'idx_emb_dim': 64, 'decode_mode': 'shared', 'pma_query_mode': 'farthest_point', 'coarsen_gnn_type': 'GIN', 'coarsen_reg_weight': 0.2, 'lr': 0.001, 'lr_min': 1e-06, 'weight_decay': 0.0003, 'batch_size': 32, 'max_epochs': 200, 'patience': 40, 'warmup_ratio': 0.05, 'grad_clip': 1.0, 'num_workers': 4, 'dist_mask_workers': 8, 'device': None, 'save_dir': 'checkpoints_khop_cross_attn_struct', 'seed': 0}
Unknown =  []
[Peptides-struct] task=regression level=graph metric=mae (higher_is_better=False)
  Loading cached distance masks from ./data/Peptides-struct/dist_masks/train.pkl
  Loading cached distance masks from ./data/Peptides-struct/dist_masks/val.pkl
  Loading cached distance masks from ./data/Peptides-struct/dist_masks/test.pkl
trainable params: 0.620M
epoch 000 | 197.1s | train loss 0.5139 MAE 0.5139 | val loss 0.4108 MAE 0.4106 | test loss 0.4214 MAE 0.4214 | best val 0.4106 (epoch 0, test 0.42140695034549713)
epoch 001 | 181.4s | train loss 0.4102 MAE 0.4101 | val loss 0.4151 MAE 0.4148 | test loss 0.4176 MAE 0.4175 | best val 0.4106 (epoch 0, test 0.42140695034549713)
epoch 002 | 180.3s | train loss 0.3750 MAE 0.3750 | val loss 0.3294 MAE 0.3291 | test loss 0.3379 MAE 0.3378 | best val 0.3291 (epoch 2, test 0.3377866842173529)
epoch 003 | 181.5s | train loss 0.3494 MAE 0.3494 | val loss 0.3039 MAE 0.3036 | test loss 0.3145 MAE 0.3144 | best val 0.3036 (epoch 3, test 0.314449203935474)
epoch 004 | 180.6s | train loss 0.3260 MAE 0.3259 | val loss 0.3183 MAE 0.3180 | test loss 0.3276 MAE 0.3274 | best val 0.3036 (epoch 3, test 0.314449203935474)
epoch 005 | 180.9s | train loss 0.3200 MAE 0.3199 | val loss 0.3046 MAE 0.3043 | test loss 0.3150 MAE 0.3148 | best val 0.3036 (epoch 3, test 0.314449203935474)
epoch 006 | 183.5s | train loss 0.3144 MAE 0.3144 | val loss 0.2930 MAE 0.2927 | test loss 0.3025 MAE 0.3024 | best val 0.2927 (epoch 6, test 0.3024199420919174)
epoch 007 | 179.7s | train loss 0.3093 MAE 0.3094 | val loss 0.2958 MAE 0.2955 | test loss 0.3059 MAE 0.3058 | best val 0.2927 (epoch 6, test 0.3024199420919174)
epoch 008 | 178.2s | train loss 0.3056 MAE 0.3057 | val loss 0.2869 MAE 0.2867 | test loss 0.2966 MAE 0.2965 | best val 0.2867 (epoch 8, test 0.29653448386542614)
epoch 009 | 181.9s | train loss 0.3047 MAE 0.3048 | val loss 0.2918 MAE 0.2917 | test loss 0.3018 MAE 0.3017 | best val 0.2867 (epoch 8, test 0.29653448386542614)
epoch 010 | 179.9s | train loss 0.3023 MAE 0.3023 | val loss 0.2854 MAE 0.2852 | test loss 0.2936 MAE 0.2935 | best val 0.2852 (epoch 10, test 0.29349538751088444)
epoch 011 | 190.5s | train loss 0.2982 MAE 0.2982 | val loss 0.2908 MAE 0.2906 | test loss 0.2977 MAE 0.2975 | best val 0.2852 (epoch 10, test 0.29349538751088444)
epoch 012 | 180.7s | train loss 0.2946 MAE 0.2945 | val loss 0.2953 MAE 0.2950 | test loss 0.3038 MAE 0.3037 | best val 0.2852 (epoch 10, test 0.29349538751088444)
epoch 013 | 179.0s | train loss 0.2913 MAE 0.2913 | val loss 0.2786 MAE 0.2784 | test loss 0.2874 MAE 0.2872 | best val 0.2784 (epoch 13, test 0.2872335141019696)
epoch 014 | 180.6s | train loss 0.2892 MAE 0.2892 | val loss 0.2780 MAE 0.2779 | test loss 0.2868 MAE 0.2867 | best val 0.2779 (epoch 14, test 0.2867042553395824)
epoch 015 | 185.9s | train loss 0.2860 MAE 0.2860 | val loss 0.2808 MAE 0.2806 | test loss 0.2925 MAE 0.2923 | best val 0.2779 (epoch 14, test 0.2867042553395824)
epoch 016 | 179.9s | train loss 0.2839 MAE 0.2839 | val loss 0.2849 MAE 0.2846 | test loss 0.2937 MAE 0.2936 | best val 0.2779 (epoch 14, test 0.2867042553395824)
epoch 017 | 182.2s | train loss 0.2818 MAE 0.2818 | val loss 0.2726 MAE 0.2724 | test loss 0.2804 MAE 0.2802 | best val 0.2724 (epoch 17, test 0.2802353799506619)
epoch 018 | 179.6s | train loss 0.2788 MAE 0.2788 | val loss 0.2856 MAE 0.2854 | test loss 0.2915 MAE 0.2913 | best val 0.2724 (epoch 17, test 0.2802353799506619)
epoch 019 | 180.5s | train loss 0.2790 MAE 0.2790 | val loss 0.2777 MAE 0.2776 | test loss 0.2863 MAE 0.2862 | best val 0.2724 (epoch 17, test 0.2802353799506619)
epoch 020 | 181.6s | train loss 0.2765 MAE 0.2765 | val loss 0.2735 MAE 0.2733 | test loss 0.2826 MAE 0.2825 | best val 0.2724 (epoch 17, test 0.2802353799506619)
epoch 021 | 181.7s | train loss 0.2713 MAE 0.2713 | val loss 0.2756 MAE 0.2753 | test loss 0.2856 MAE 0.2855 | best val 0.2724 (epoch 17, test 0.2802353799506619)
epoch 022 | 180.2s | train loss 0.2725 MAE 0.2725 | val loss 0.2684 MAE 0.2682 | test loss 0.2828 MAE 0.2826 | best val 0.2682 (epoch 22, test 0.28262817799386764)
epoch 023 | 182.5s | train loss 0.2685 MAE 0.2684 | val loss 0.2695 MAE 0.2693 | test loss 0.2799 MAE 0.2798 | best val 0.2682 (epoch 22, test 0.28262817799386764)
epoch 024 | 179.3s | train loss 0.2679 MAE 0.2679 | val loss 0.2749 MAE 0.2747 | test loss 0.2859 MAE 0.2857 | best val 0.2682 (epoch 22, test 0.28262817799386764)
epoch 025 | 180.1s | train loss 0.2664 MAE 0.2664 | val loss 0.2873 MAE 0.2870 | test loss 0.2979 MAE 0.2978 | best val 0.2682 (epoch 22, test 0.28262817799386764)
epoch 026 | 181.4s | train loss 0.2661 MAE 0.2661 | val loss 0.2727 MAE 0.2725 | test loss 0.2820 MAE 0.2819 | best val 0.2682 (epoch 22, test 0.28262817799386764)
epoch 027 | 179.0s | train loss 0.2627 MAE 0.2627 | val loss 0.2658 MAE 0.2656 | test loss 0.2757 MAE 0.2755 | best val 0.2656 (epoch 27, test 0.27548503388077433)
epoch 028 | 178.7s | train loss 0.2626 MAE 0.2626 | val loss 0.2688 MAE 0.2686 | test loss 0.2787 MAE 0.2786 | best val 0.2656 (epoch 27, test 0.27548503388077433)
epoch 029 | 180.7s | train loss 0.2599 MAE 0.2599 | val loss 0.2632 MAE 0.2629 | test loss 0.2699 MAE 0.2698 | best val 0.2629 (epoch 29, test 0.26976608461481427)
epoch 030 | 181.4s | train loss 0.2591 MAE 0.2591 | val loss 0.2691 MAE 0.2689 | test loss 0.2794 MAE 0.2792 | best val 0.2629 (epoch 29, test 0.26976608461481427)
epoch 031 | 178.9s | train loss 0.2567 MAE 0.2567 | val loss 0.2630 MAE 0.2628 | test loss 0.2744 MAE 0.2743 | best val 0.2628 (epoch 31, test 0.2742672943013221)
epoch 032 | 181.5s | train loss 0.2576 MAE 0.2576 | val loss 0.2720 MAE 0.2717 | test loss 0.2821 MAE 0.2819 | best val 0.2628 (epoch 31, test 0.2742672943013221)
epoch 033 | 177.7s | train loss 0.2547 MAE 0.2548 | val loss 0.2727 MAE 0.2724 | test loss 0.2788 MAE 0.2787 | best val 0.2628 (epoch 31, test 0.2742672943013221)
epoch 034 | 180.0s | train loss 0.2528 MAE 0.2528 | val loss 0.2707 MAE 0.2705 | test loss 0.2798 MAE 0.2797 | best val 0.2628 (epoch 31, test 0.2742672943013221)
epoch 035 | 181.5s | train loss 0.2532 MAE 0.2532 | val loss 0.2672 MAE 0.2669 | test loss 0.2762 MAE 0.2760 | best val 0.2628 (epoch 31, test 0.2742672943013221)
epoch 036 | 180.5s | train loss 0.2518 MAE 0.2519 | val loss 0.2646 MAE 0.2644 | test loss 0.2715 MAE 0.2714 | best val 0.2628 (epoch 31, test 0.2742672943013221)
epoch 037 | 178.4s | train loss 0.2495 MAE 0.2495 | val loss 0.2709 MAE 0.2706 | test loss 0.2834 MAE 0.2832 | best val 0.2628 (epoch 31, test 0.2742672943013221)
epoch 038 | 180.5s | train loss 0.2481 MAE 0.2481 | val loss 0.2619 MAE 0.2616 | test loss 0.2703 MAE 0.2702 | best val 0.2616 (epoch 38, test 0.2701603650028551)
epoch 039 | 179.5s | train loss 0.2475 MAE 0.2475 | val loss 0.2756 MAE 0.2753 | test loss 0.2862 MAE 0.2862 | best val 0.2616 (epoch 38, test 0.2701603650028551)
epoch 040 | 180.6s | train loss 0.2467 MAE 0.2467 | val loss 0.2778 MAE 0.2775 | test loss 0.2896 MAE 0.2895 | best val 0.2616 (epoch 38, test 0.2701603650028551)
epoch 041 | 182.3s | train loss 0.2437 MAE 0.2437 | val loss 0.2667 MAE 0.2665 | test loss 0.2763 MAE 0.2761 | best val 0.2616 (epoch 38, test 0.2701603650028551)
epoch 042 | 178.2s | train loss 0.2432 MAE 0.2432 | val loss 0.2641 MAE 0.2638 | test loss 0.2730 MAE 0.2729 | best val 0.2616 (epoch 38, test 0.2701603650028551)
epoch 043 | 184.4s | train loss 0.2423 MAE 0.2423 | val loss 0.2725 MAE 0.2723 | test loss 0.2830 MAE 0.2829 | best val 0.2616 (epoch 38, test 0.2701603650028551)
epoch 044 | 181.5s | train loss 0.2429 MAE 0.2429 | val loss 0.2600 MAE 0.2597 | test loss 0.2667 MAE 0.2666 | best val 0.2597 (epoch 44, test 0.26656855214708647)
epoch 045 | 180.7s | train loss 0.2418 MAE 0.2418 | val loss 0.2741 MAE 0.2737 | test loss 0.2864 MAE 0.2862 | best val 0.2597 (epoch 44, test 0.26656855214708647)
epoch 046 | 179.8s | train loss 0.2394 MAE 0.2394 | val loss 0.2644 MAE 0.2642 | test loss 0.2766 MAE 0.2765 | best val 0.2597 (epoch 44, test 0.26656855214708647)
epoch 047 | 186.6s | train loss 0.2408 MAE 0.2408 | val loss 0.2757 MAE 0.2755 | test loss 0.2844 MAE 0.2843 | best val 0.2597 (epoch 44, test 0.26656855214708647)
epoch 048 | 178.6s | train loss 0.2387 MAE 0.2387 | val loss 0.2723 MAE 0.2721 | test loss 0.2841 MAE 0.2839 | best val 0.2597 (epoch 44, test 0.26656855214708647)
epoch 049 | 180.3s | train loss 0.2373 MAE 0.2373 | val loss 0.2649 MAE 0.2646 | test loss 0.2751 MAE 0.2750 | best val 0.2597 (epoch 44, test 0.26656855214708647)
epoch 050 | 181.7s | train loss 0.2371 MAE 0.2371 | val loss 0.2671 MAE 0.2668 | test loss 0.2747 MAE 0.2745 | best val 0.2597 (epoch 44, test 0.26656855214708647)
epoch 051 | 180.6s | train loss 0.2353 MAE 0.2353 | val loss 0.2708 MAE 0.2705 | test loss 0.2798 MAE 0.2796 | best val 0.2597 (epoch 44, test 0.26656855214708647)
epoch 052 | 185.2s | train loss 0.2350 MAE 0.2349 | val loss 0.2753 MAE 0.2749 | test loss 0.2876 MAE 0.2875 | best val 0.2597 (epoch 44, test 0.26656855214708647)
epoch 053 | 180.4s | train loss 0.2342 MAE 0.2342 | val loss 0.2685 MAE 0.2683 | test loss 0.2813 MAE 0.2812 | best val 0.2597 (epoch 44, test 0.26656855214708647)
epoch 054 | 179.9s | train loss 0.2341 MAE 0.2341 | val loss 0.2745 MAE 0.2743 | test loss 0.2872 MAE 0.2870 | best val 0.2597 (epoch 44, test 0.26656855214708647)
epoch 055 | 184.3s | train loss 0.2325 MAE 0.2325 | val loss 0.2671 MAE 0.2669 | test loss 0.2793 MAE 0.2791 | best val 0.2597 (epoch 44, test 0.26656855214708647)
epoch 056 | 180.3s | train loss 0.2315 MAE 0.2315 | val loss 0.2684 MAE 0.2680 | test loss 0.2796 MAE 0.2796 | best val 0.2597 (epoch 44, test 0.26656855214708647)
epoch 057 | 180.6s | train loss 0.2324 MAE 0.2324 | val loss 0.2700 MAE 0.2698 | test loss 0.2858 MAE 0.2857 | best val 0.2597 (epoch 44, test 0.26656855214708647)
epoch 058 | 179.4s | train loss 0.2299 MAE 0.2299 | val loss 0.2783 MAE 0.2780 | test loss 0.2940 MAE 0.2939 | best val 0.2597 (epoch 44, test 0.26656855214708647)
epoch 059 | 180.2s | train loss 0.2294 MAE 0.2293 | val loss 0.2691 MAE 0.2688 | test loss 0.2866 MAE 0.2865 | best val 0.2597 (epoch 44, test 0.26656855214708647)
epoch 060 | 179.2s | train loss 0.2296 MAE 0.2296 | val loss 0.2601 MAE 0.2598 | test loss 0.2695 MAE 0.2693 | best val 0.2597 (epoch 44, test 0.26656855214708647)
epoch 061 | 182.7s | train loss 0.2264 MAE 0.2265 | val loss 0.2675 MAE 0.2673 | test loss 0.2838 MAE 0.2837 | best val 0.2597 (epoch 44, test 0.26656855214708647)
epoch 062 | 180.6s | train loss 0.2269 MAE 0.2269 | val loss 0.2799 MAE 0.2796 | test loss 0.2941 MAE 0.2940 | best val 0.2597 (epoch 44, test 0.26656855214708647)
epoch 063 | 179.2s | train loss 0.2262 MAE 0.2262 | val loss 0.2718 MAE 0.2716 | test loss 0.2854 MAE 0.2853 | best val 0.2597 (epoch 44, test 0.26656855214708647)
epoch 064 | 178.4s | train loss 0.2245 MAE 0.2245 | val loss 0.2605 MAE 0.2603 | test loss 0.2690 MAE 0.2689 | best val 0.2597 (epoch 44, test 0.26656855214708647)
epoch 065 | 194.5s | train loss 0.2251 MAE 0.2250 | val loss 0.2680 MAE 0.2678 | test loss 0.2816 MAE 0.2815 | best val 0.2597 (epoch 44, test 0.26656855214708647)
epoch 066 | 175.0s | train loss 0.2238 MAE 0.2237 | val loss 0.2621 MAE 0.2618 | test loss 0.2718 MAE 0.2716 | best val 0.2597 (epoch 44, test 0.26656855214708647)
epoch 067 | 180.8s | train loss 0.2219 MAE 0.2219 | val loss 0.2598 MAE 0.2596 | test loss 0.2714 MAE 0.2713 | best val 0.2596 (epoch 67, test 0.2712551562655886)
