
============================================================
PRETRAIN: Train Model from scratch
  backbone=vanilla_gt
  hidden_dim=512, num_layers=1, num_heads=16
  s1_lr=3e-05, s1_weight_decay=0.0003, dropout=0.1
  s1_max_epochs=300, s1_patience=50
============================================================
  Parameters: 3,770,378
Epoch   1/300 [8.1s mem=21054MB] | train_loss=0.4504 train_AP=0.1657 | val_loss=0.3597 val_AP=0.1901
  -> New best: val_loss=0.3597 val_AP=0.1901, saved
Epoch   2/300 [7.6s mem=21882MB] | train_loss=0.3594 train_AP=0.1672 | val_loss=0.3572 val_AP=0.2090
  -> New best: val_loss=0.3572 val_AP=0.2090, saved
Epoch   3/300 [7.7s mem=21893MB] | train_loss=0.3587 train_AP=0.1671 | val_loss=0.3570 val_AP=0.2215
  -> New best: val_loss=0.3570 val_AP=0.2215, saved
Epoch   4/300 [7.6s mem=21883MB] | train_loss=0.3585 train_AP=0.1701 | val_loss=0.3567 val_AP=0.2272
  -> New best: val_loss=0.3567 val_AP=0.2272, saved
Epoch   5/300 [7.8s mem=21877MB] | train_loss=0.3569 train_AP=0.1767 | val_loss=0.3523 val_AP=0.2255
  -> New best: val_loss=0.3523 val_AP=0.2272, saved
Epoch   6/300 [7.7s mem=21878MB] | train_loss=0.3502 train_AP=0.2049 | val_loss=0.3421 val_AP=0.2539
  -> New best: val_loss=0.3421 val_AP=0.2539, saved
Epoch   7/300 [8.0s mem=21883MB] | train_loss=0.3395 train_AP=0.2433 | val_loss=0.3270 val_AP=0.2887
  -> New best: val_loss=0.3270 val_AP=0.2887, saved
Epoch   8/300 [8.0s mem=21882MB] | train_loss=0.3245 train_AP=0.2841 | val_loss=0.3147 val_AP=0.3242
  -> New best: val_loss=0.3147 val_AP=0.3242, saved
Epoch   9/300 [7.8s mem=21877MB] | train_loss=0.3141 train_AP=0.3139 | val_loss=0.3073 val_AP=0.3473
  -> New best: val_loss=0.3073 val_AP=0.3473, saved
Epoch  10/300 [7.9s mem=21878MB] | train_loss=0.3031 train_AP=0.3433 | val_loss=0.3000 val_AP=0.3700 | test_AP=0.3670
  -> New best: val_loss=0.3000 val_AP=0.3700, saved
Epoch  11/300 [8.0s mem=21885MB] | train_loss=0.2969 train_AP=0.3597 | val_loss=0.2933 val_AP=0.3814
  -> New best: val_loss=0.2933 val_AP=0.3814, saved
Epoch  12/300 [7.9s mem=21899MB] | train_loss=0.2925 train_AP=0.3725 | val_loss=0.2893 val_AP=0.3902
  -> New best: val_loss=0.2893 val_AP=0.3902, saved
Epoch  13/300 [7.9s mem=21885MB] | train_loss=0.2881 train_AP=0.3825 | val_loss=0.2896 val_AP=0.3999
  -> New best: val_loss=0.2893 val_AP=0.3999, saved
Epoch  14/300 [7.9s mem=21879MB] | train_loss=0.2849 train_AP=0.3950 | val_loss=0.2854 val_AP=0.4039
  -> New best: val_loss=0.2854 val_AP=0.4039, saved
Epoch  15/300 [7.9s mem=21893MB] | train_loss=0.2814 train_AP=0.3997 | val_loss=0.2794 val_AP=0.4126
  -> New best: val_loss=0.2794 val_AP=0.4126, saved
Epoch  16/300 [8.0s mem=21890MB] | train_loss=0.2790 train_AP=0.4054 | val_loss=0.2786 val_AP=0.4170
  -> New best: val_loss=0.2786 val_AP=0.4170, saved
Epoch  17/300 [8.0s mem=21877MB] | train_loss=0.2770 train_AP=0.4131 | val_loss=0.2746 val_AP=0.4267
  -> New best: val_loss=0.2746 val_AP=0.4267, saved
Epoch  18/300 [8.0s mem=21888MB] | train_loss=0.2746 train_AP=0.4214 | val_loss=0.2783 val_AP=0.4285
  -> New best: val_loss=0.2746 val_AP=0.4285, saved
Epoch  19/300 [8.0s mem=21889MB] | train_loss=0.2723 train_AP=0.4236 | val_loss=0.2736 val_AP=0.4315
  -> New best: val_loss=0.2736 val_AP=0.4315, saved
Epoch  20/300 [8.1s mem=21041MB] | train_loss=0.2713 train_AP=0.4255 | val_loss=0.2749 val_AP=0.4389 | test_AP=0.4364
  -> New best: val_loss=0.2736 val_AP=0.4389, saved
Epoch  21/300 [8.0s mem=21865MB] | train_loss=0.2689 train_AP=0.4312 | val_loss=0.2710 val_AP=0.4432
  -> New best: val_loss=0.2710 val_AP=0.4432, saved
Epoch  22/300 [8.0s mem=21878MB] | train_loss=0.2663 train_AP=0.4367 | val_loss=0.2741 val_AP=0.4464
  -> New best: val_loss=0.2710 val_AP=0.4464, saved
Epoch  23/300 [8.1s mem=21884MB] | train_loss=0.2648 train_AP=0.4415 | val_loss=0.2712 val_AP=0.4451
Epoch  24/300 [8.0s mem=21889MB] | train_loss=0.2636 train_AP=0.4450 | val_loss=0.2662 val_AP=0.4542
  -> New best: val_loss=0.2662 val_AP=0.4542, saved
Epoch  25/300 [8.0s mem=21885MB] | train_loss=0.2620 train_AP=0.4472 | val_loss=0.2653 val_AP=0.4597
  -> New best: val_loss=0.2653 val_AP=0.4597, saved
Epoch  26/300 [8.0s mem=21877MB] | train_loss=0.2601 train_AP=0.4509 | val_loss=0.2660 val_AP=0.4671
  -> New best: val_loss=0.2653 val_AP=0.4671, saved
Epoch  27/300 [8.0s mem=21877MB] | train_loss=0.2568 train_AP=0.4581 | val_loss=0.2597 val_AP=0.4726
  -> New best: val_loss=0.2597 val_AP=0.4726, saved
Epoch  28/300 [7.9s mem=21887MB] | train_loss=0.2557 train_AP=0.4608 | val_loss=0.2569 val_AP=0.4786
  -> New best: val_loss=0.2569 val_AP=0.4786, saved
Epoch  29/300 [8.1s mem=21893MB] | train_loss=0.2548 train_AP=0.4670 | val_loss=0.2578 val_AP=0.4795
  -> New best: val_loss=0.2569 val_AP=0.4795, saved
Epoch  30/300 [8.1s mem=21896MB] | train_loss=0.2543 train_AP=0.4667 | val_loss=0.2537 val_AP=0.4872 | test_AP=0.4651
  -> New best: val_loss=0.2537 val_AP=0.4872, saved
Epoch  31/300 [8.0s mem=21898MB] | train_loss=0.2519 train_AP=0.4740 | val_loss=0.2517 val_AP=0.4920
  -> New best: val_loss=0.2517 val_AP=0.4920, saved
Epoch  32/300 [8.0s mem=21885MB] | train_loss=0.2511 train_AP=0.4770 | val_loss=0.2527 val_AP=0.4935
  -> New best: val_loss=0.2517 val_AP=0.4935, saved
Epoch  33/300 [8.0s mem=21876MB] | train_loss=0.2491 train_AP=0.4828 | val_loss=0.2540 val_AP=0.4926
Epoch  34/300 [8.0s mem=21883MB] | train_loss=0.2483 train_AP=0.4838 | val_loss=0.2504 val_AP=0.5006
  -> New best: val_loss=0.2504 val_AP=0.5006, saved
Epoch  35/300 [8.1s mem=21874MB] | train_loss=0.2469 train_AP=0.4879 | val_loss=0.2501 val_AP=0.4997
  -> New best: val_loss=0.2501 val_AP=0.5006, saved
Epoch  36/300 [8.0s mem=21883MB] | train_loss=0.2485 train_AP=0.4856 | val_loss=0.2563 val_AP=0.5012
  -> New best: val_loss=0.2501 val_AP=0.5012, saved
Epoch  37/300 [8.0s mem=21888MB] | train_loss=0.2458 train_AP=0.4919 | val_loss=0.2509 val_AP=0.5024
  -> New best: val_loss=0.2501 val_AP=0.5024, saved
Epoch  38/300 [8.0s mem=21876MB] | train_loss=0.2452 train_AP=0.4922 | val_loss=0.2489 val_AP=0.5091
  -> New best: val_loss=0.2489 val_AP=0.5091, saved
Epoch  39/300 [8.2s mem=21880MB] | train_loss=0.2436 train_AP=0.4967 | val_loss=0.2478 val_AP=0.5092
  -> New best: val_loss=0.2478 val_AP=0.5092, saved
Epoch  40/300 [8.1s mem=21879MB] | train_loss=0.2425 train_AP=0.5024 | val_loss=0.2482 val_AP=0.5116 | test_AP=0.4855
  -> New best: val_loss=0.2478 val_AP=0.5116, saved
Epoch  41/300 [8.1s mem=21889MB] | train_loss=0.2413 train_AP=0.5059 | val_loss=0.2464 val_AP=0.5137
  -> New best: val_loss=0.2464 val_AP=0.5137, saved
Epoch  42/300 [8.1s mem=21885MB] | train_loss=0.2406 train_AP=0.5053 | val_loss=0.2470 val_AP=0.5173
  -> New best: val_loss=0.2464 val_AP=0.5173, saved
Epoch  43/300 [8.0s mem=21881MB] | train_loss=0.2403 train_AP=0.5081 | val_loss=0.2435 val_AP=0.5189
  -> New best: val_loss=0.2435 val_AP=0.5189, saved
Epoch  44/300 [8.1s mem=21880MB] | train_loss=0.2382 train_AP=0.5119 | val_loss=0.2436 val_AP=0.5205
  -> New best: val_loss=0.2435 val_AP=0.5205, saved
Epoch  45/300 [8.1s mem=21892MB] | train_loss=0.2387 train_AP=0.5133 | val_loss=0.2476 val_AP=0.5241
  -> New best: val_loss=0.2435 val_AP=0.5241, saved
Epoch  46/300 [8.0s mem=21886MB] | train_loss=0.2372 train_AP=0.5185 | val_loss=0.2439 val_AP=0.5236
Epoch  47/300 [8.2s mem=21878MB] | train_loss=0.2359 train_AP=0.5202 | val_loss=0.2459 val_AP=0.5236
Epoch  48/300 [8.0s mem=21875MB] | train_loss=0.2362 train_AP=0.5188 | val_loss=0.2423 val_AP=0.5245
  -> New best: val_loss=0.2423 val_AP=0.5245, saved
Epoch  49/300 [8.0s mem=21886MB] | train_loss=0.2344 train_AP=0.5234 | val_loss=0.2422 val_AP=0.5290
  -> New best: val_loss=0.2422 val_AP=0.5290, saved
Epoch  50/300 [8.0s mem=21882MB] | train_loss=0.2343 train_AP=0.5286 | val_loss=0.2404 val_AP=0.5300 | test_AP=0.5022
  -> New best: val_loss=0.2404 val_AP=0.5300, saved
Epoch  51/300 [8.1s mem=21888MB] | train_loss=0.2326 train_AP=0.5269 | val_loss=0.2404 val_AP=0.5310
  -> New best: val_loss=0.2404 val_AP=0.5310, saved
Epoch  52/300 [8.1s mem=21876MB] | train_loss=0.2317 train_AP=0.5327 | val_loss=0.2406 val_AP=0.5361
  -> New best: val_loss=0.2404 val_AP=0.5361, saved
Epoch  53/300 [8.1s mem=21878MB] | train_loss=0.2324 train_AP=0.5327 | val_loss=0.2401 val_AP=0.5323
  -> New best: val_loss=0.2401 val_AP=0.5361, saved
Epoch  54/300 [8.2s mem=21890MB] | train_loss=0.2306 train_AP=0.5378 | val_loss=0.2404 val_AP=0.5366
  -> New best: val_loss=0.2401 val_AP=0.5366, saved
Epoch  55/300 [8.1s mem=21891MB] | train_loss=0.2304 train_AP=0.5388 | val_loss=0.2383 val_AP=0.5432
  -> New best: val_loss=0.2383 val_AP=0.5432, saved
Epoch  56/300 [8.1s mem=21886MB] | train_loss=0.2294 train_AP=0.5409 | val_loss=0.2403 val_AP=0.5367
Epoch  57/300 [8.0s mem=21883MB] | train_loss=0.2300 train_AP=0.5413 | val_loss=0.2396 val_AP=0.5442
  -> New best: val_loss=0.2383 val_AP=0.5442, saved
Epoch  58/300 [8.0s mem=21883MB] | train_loss=0.2282 train_AP=0.5452 | val_loss=0.2375 val_AP=0.5451
  -> New best: val_loss=0.2375 val_AP=0.5451, saved
Epoch  59/300 [8.0s mem=21882MB] | train_loss=0.2274 train_AP=0.5491 | val_loss=0.2358 val_AP=0.5430
  -> New best: val_loss=0.2358 val_AP=0.5451, saved
Epoch  60/300 [8.1s mem=21880MB] | train_loss=0.2274 train_AP=0.5489 | val_loss=0.2393 val_AP=0.5449 | test_AP=0.5148
Epoch  61/300 [8.0s mem=21885MB] | train_loss=0.2272 train_AP=0.5502 | val_loss=0.2395 val_AP=0.5463
  -> New best: val_loss=0.2358 val_AP=0.5463, saved
Epoch  62/300 [8.1s mem=21874MB] | train_loss=0.2269 train_AP=0.5511 | val_loss=0.2369 val_AP=0.5515
  -> New best: val_loss=0.2358 val_AP=0.5515, saved
Epoch  63/300 [8.1s mem=21881MB] | train_loss=0.2257 train_AP=0.5538 | val_loss=0.2370 val_AP=0.5572
  -> New best: val_loss=0.2358 val_AP=0.5572, saved
Epoch  64/300 [8.1s mem=21889MB] | train_loss=0.2251 train_AP=0.5545 | val_loss=0.2373 val_AP=0.5470
Epoch  65/300 [8.0s mem=21875MB] | train_loss=0.2246 train_AP=0.5560 | val_loss=0.2397 val_AP=0.5557
Epoch  66/300 [8.1s mem=21880MB] | train_loss=0.2240 train_AP=0.5597 | val_loss=0.2397 val_AP=0.5527
Epoch  67/300 [8.1s mem=21879MB] | train_loss=0.2247 train_AP=0.5631 | val_loss=0.2382 val_AP=0.5523
Epoch  68/300 [8.0s mem=21879MB] | train_loss=0.2237 train_AP=0.5643 | val_loss=0.2330 val_AP=0.5629
  -> New best: val_loss=0.2330 val_AP=0.5629, saved
Epoch  69/300 [8.1s mem=20980MB] | train_loss=0.2217 train_AP=0.5660 | val_loss=0.2362 val_AP=0.5578
Epoch  70/300 [8.1s mem=21877MB] | train_loss=0.2230 train_AP=0.5643 | val_loss=0.2360 val_AP=0.5562 | test_AP=0.5283
Epoch  71/300 [8.1s mem=21885MB] | train_loss=0.2231 train_AP=0.5607 | val_loss=0.2400 val_AP=0.5640
  -> New best: val_loss=0.2330 val_AP=0.5640, saved
Epoch  72/300 [8.1s mem=21881MB] | train_loss=0.2207 train_AP=0.5695 | val_loss=0.2371 val_AP=0.5601
Epoch  73/300 [8.0s mem=21812MB] | train_loss=0.2211 train_AP=0.5694 | val_loss=0.2331 val_AP=0.5629
Epoch  74/300 [8.1s mem=21880MB] | train_loss=0.2192 train_AP=0.5753 | val_loss=0.2339 val_AP=0.5626
Epoch  75/300 [8.1s mem=21888MB] | train_loss=0.2190 train_AP=0.5729 | val_loss=0.2351 val_AP=0.5641
  -> New best: val_loss=0.2330 val_AP=0.5641, saved
Epoch  76/300 [8.1s mem=21886MB] | train_loss=0.2185 train_AP=0.5746 | val_loss=0.2331 val_AP=0.5657
  -> New best: val_loss=0.2330 val_AP=0.5657, saved
Epoch  77/300 [8.1s mem=21878MB] | train_loss=0.2185 train_AP=0.5766 | val_loss=0.2301 val_AP=0.5678
  -> New best: val_loss=0.2301 val_AP=0.5678, saved
Epoch  78/300 [8.1s mem=21885MB] | train_loss=0.2178 train_AP=0.5798 | val_loss=0.2338 val_AP=0.5698
  -> New best: val_loss=0.2301 val_AP=0.5698, saved
Epoch  79/300 [8.1s mem=21885MB] | train_loss=0.2182 train_AP=0.5782 | val_loss=0.2318 val_AP=0.5635
Epoch  80/300 [8.1s mem=21882MB] | train_loss=0.2170 train_AP=0.5819 | val_loss=0.2311 val_AP=0.5696 | test_AP=0.5401
Epoch  81/300 [8.1s mem=21884MB] | train_loss=0.2171 train_AP=0.5814 | val_loss=0.2369 val_AP=0.5595
Epoch  82/300 [8.1s mem=21877MB] | train_loss=0.2160 train_AP=0.5869 | val_loss=0.2317 val_AP=0.5729
  -> New best: val_loss=0.2301 val_AP=0.5729, saved
Epoch  83/300 [8.1s mem=21868MB] | train_loss=0.2155 train_AP=0.5860 | val_loss=0.2328 val_AP=0.5728
Epoch  84/300 [8.1s mem=21888MB] | train_loss=0.2146 train_AP=0.5872 | val_loss=0.2329 val_AP=0.5730
  -> New best: val_loss=0.2301 val_AP=0.5730, saved
Epoch  85/300 [8.0s mem=21887MB] | train_loss=0.2146 train_AP=0.5908 | val_loss=0.2304 val_AP=0.5737
  -> New best: val_loss=0.2301 val_AP=0.5737, saved
Epoch  86/300 [8.1s mem=21885MB] | train_loss=0.2142 train_AP=0.5909 | val_loss=0.2329 val_AP=0.5715
Epoch  87/300 [7.9s mem=21884MB] | train_loss=0.2132 train_AP=0.5926 | val_loss=0.2358 val_AP=0.5680
Epoch  88/300 [8.0s mem=21875MB] | train_loss=0.2134 train_AP=0.5943 | val_loss=0.2291 val_AP=0.5759
  -> New best: val_loss=0.2291 val_AP=0.5759, saved
Epoch  89/300 [8.3s mem=21881MB] | train_loss=0.2130 train_AP=0.5939 | val_loss=0.2291 val_AP=0.5770
  -> New best: val_loss=0.2291 val_AP=0.5770, saved
Epoch  90/300 [8.1s mem=21884MB] | train_loss=0.2119 train_AP=0.6003 | val_loss=0.2309 val_AP=0.5754 | test_AP=0.5458
Epoch  91/300 [8.1s mem=21884MB] | train_loss=0.2120 train_AP=0.5966 | val_loss=0.2315 val_AP=0.5800
  -> New best: val_loss=0.2291 val_AP=0.5800, saved
Epoch  92/300 [8.1s mem=21875MB] | train_loss=0.2114 train_AP=0.6003 | val_loss=0.2303 val_AP=0.5774
Epoch  93/300 [8.0s mem=21891MB] | train_loss=0.2110 train_AP=0.6001 | val_loss=0.2297 val_AP=0.5760
Epoch  94/300 [8.0s mem=21882MB] | train_loss=0.2107 train_AP=0.6050 | val_loss=0.2286 val_AP=0.5804
  -> New best: val_loss=0.2286 val_AP=0.5804, saved
Epoch  95/300 [8.0s mem=21829MB] | train_loss=0.2093 train_AP=0.6035 | val_loss=0.2295 val_AP=0.5807
  -> New best: val_loss=0.2286 val_AP=0.5807, saved
Epoch  96/300 [8.1s mem=21879MB] | train_loss=0.2089 train_AP=0.6075 | val_loss=0.2283 val_AP=0.5831
  -> New best: val_loss=0.2283 val_AP=0.5831, saved
Epoch  97/300 [8.1s mem=21891MB] | train_loss=0.2095 train_AP=0.6036 | val_loss=0.2280 val_AP=0.5812
  -> New best: val_loss=0.2280 val_AP=0.5831, saved
Epoch  98/300 [8.1s mem=21890MB] | train_loss=0.2091 train_AP=0.6072 | val_loss=0.2288 val_AP=0.5851
  -> New best: val_loss=0.2280 val_AP=0.5851, saved
Epoch  99/300 [8.0s mem=21879MB] | train_loss=0.2091 train_AP=0.6056 | val_loss=0.2279 val_AP=0.5830
  -> New best: val_loss=0.2279 val_AP=0.5851, saved
Epoch 100/300 [8.1s mem=21898MB] | train_loss=0.2078 train_AP=0.6096 | val_loss=0.2285 val_AP=0.5850 | test_AP=0.5527
Epoch 101/300 [8.1s mem=21877MB] | train_loss=0.2066 train_AP=0.6124 | val_loss=0.2269 val_AP=0.5835
  -> New best: val_loss=0.2269 val_AP=0.5851, saved
Epoch 102/300 [8.0s mem=21887MB] | train_loss=0.2069 train_AP=0.6116 | val_loss=0.2279 val_AP=0.5851
  -> New best: val_loss=0.2269 val_AP=0.5851, saved
Epoch 103/300 [8.1s mem=21886MB] | train_loss=0.2067 train_AP=0.6137 | val_loss=0.2307 val_AP=0.5784
Epoch 104/300 [8.1s mem=21888MB] | train_loss=0.2067 train_AP=0.6137 | val_loss=0.2289 val_AP=0.5820
Epoch 105/300 [8.0s mem=21821MB] | train_loss=0.2061 train_AP=0.6138 | val_loss=0.2282 val_AP=0.5882
  -> New best: val_loss=0.2269 val_AP=0.5882, saved
Epoch 106/300 [8.3s mem=21882MB] | train_loss=0.2054 train_AP=0.6187 | val_loss=0.2282 val_AP=0.5854
Epoch 107/300 [8.0s mem=21891MB] | train_loss=0.2051 train_AP=0.6201 | val_loss=0.2291 val_AP=0.5810
Epoch 108/300 [8.1s mem=21881MB] | train_loss=0.2037 train_AP=0.6209 | val_loss=0.2274 val_AP=0.5920
  -> New best: val_loss=0.2269 val_AP=0.5920, saved
Epoch 109/300 [8.1s mem=21877MB] | train_loss=0.2046 train_AP=0.6195 | val_loss=0.2320 val_AP=0.5892
Epoch 110/300 [8.1s mem=21881MB] | train_loss=0.2055 train_AP=0.6168 | val_loss=0.2281 val_AP=0.5849 | test_AP=0.5577
Epoch 111/300 [8.0s mem=21891MB] | train_loss=0.2040 train_AP=0.6221 | val_loss=0.2263 val_AP=0.5892
  -> New best: val_loss=0.2263 val_AP=0.5920, saved
Epoch 112/300 [8.0s mem=21876MB] | train_loss=0.2024 train_AP=0.6255 | val_loss=0.2266 val_AP=0.5899
Epoch 113/300 [8.0s mem=21883MB] | train_loss=0.2030 train_AP=0.6241 | val_loss=0.2269 val_AP=0.5909
Epoch 114/300 [8.1s mem=21883MB] | train_loss=0.2015 train_AP=0.6287 | val_loss=0.2274 val_AP=0.5926
  -> New best: val_loss=0.2263 val_AP=0.5926, saved
Epoch 115/300 [8.0s mem=21872MB] | train_loss=0.2019 train_AP=0.6252 | val_loss=0.2266 val_AP=0.5914
Epoch 116/300 [8.0s mem=21883MB] | train_loss=0.2026 train_AP=0.6281 | val_loss=0.2304 val_AP=0.5930
  -> New best: val_loss=0.2263 val_AP=0.5930, saved
Epoch 117/300 [8.1s mem=21879MB] | train_loss=0.2022 train_AP=0.6262 | val_loss=0.2266 val_AP=0.5895
Epoch 118/300 [8.0s mem=21881MB] | train_loss=0.2009 train_AP=0.6292 | val_loss=0.2262 val_AP=0.5889
  -> New best: val_loss=0.2262 val_AP=0.5930, saved
Epoch 119/300 [8.1s mem=21887MB] | train_loss=0.2012 train_AP=0.6320 | val_loss=0.2268 val_AP=0.5920
Epoch 120/300 [8.1s mem=21885MB] | train_loss=0.2000 train_AP=0.6338 | val_loss=0.2254 val_AP=0.5927 | test_AP=0.5603
  -> New best: val_loss=0.2254 val_AP=0.5930, saved
Epoch 121/300 [8.1s mem=21884MB] | train_loss=0.1995 train_AP=0.6348 | val_loss=0.2276 val_AP=0.5925
Epoch 122/300 [8.0s mem=21887MB] | train_loss=0.1996 train_AP=0.6366 | val_loss=0.2240 val_AP=0.5974
  -> New best: val_loss=0.2240 val_AP=0.5974, saved
Epoch 123/300 [8.0s mem=21883MB] | train_loss=0.1988 train_AP=0.6348 | val_loss=0.2251 val_AP=0.5974
Epoch 124/300 [8.0s mem=21892MB] | train_loss=0.1990 train_AP=0.6365 | val_loss=0.2246 val_AP=0.5991
  -> New best: val_loss=0.2240 val_AP=0.5991, saved
Epoch 125/300 [8.1s mem=21879MB] | train_loss=0.1986 train_AP=0.6363 | val_loss=0.2266 val_AP=0.5971
Epoch 126/300 [8.0s mem=21884MB] | train_loss=0.1972 train_AP=0.6409 | val_loss=0.2274 val_AP=0.5960
Epoch 127/300 [8.0s mem=21884MB] | train_loss=0.1976 train_AP=0.6370 | val_loss=0.2260 val_AP=0.5971
Epoch 128/300 [8.0s mem=21879MB] | train_loss=0.1967 train_AP=0.6426 | val_loss=0.2268 val_AP=0.5967
Epoch 129/300 [8.1s mem=21882MB] | train_loss=0.1966 train_AP=0.6427 | val_loss=0.2255 val_AP=0.6005
  -> New best: val_loss=0.2240 val_AP=0.6005, saved
Epoch 130/300 [8.0s mem=21886MB] | train_loss=0.1965 train_AP=0.6415 | val_loss=0.2266 val_AP=0.6020 | test_AP=0.5663
  -> New best: val_loss=0.2240 val_AP=0.6020, saved
Epoch 131/300 [8.0s mem=21886MB] | train_loss=0.1970 train_AP=0.6439 | val_loss=0.2250 val_AP=0.5998
Epoch 132/300 [8.1s mem=21888MB] | train_loss=0.1963 train_AP=0.6431 | val_loss=0.2277 val_AP=0.5994
Epoch 133/300 [8.1s mem=21886MB] | train_loss=0.1952 train_AP=0.6431 | val_loss=0.2233 val_AP=0.6016
  -> New best: val_loss=0.2233 val_AP=0.6020, saved
Epoch 134/300 [8.1s mem=21877MB] | train_loss=0.1947 train_AP=0.6482 | val_loss=0.2235 val_AP=0.6026
  -> New best: val_loss=0.2233 val_AP=0.6026, saved
Epoch 135/300 [8.0s mem=21885MB] | train_loss=0.1960 train_AP=0.6448 | val_loss=0.2266 val_AP=0.5985
Epoch 136/300 [8.1s mem=21881MB] | train_loss=0.1945 train_AP=0.6474 | val_loss=0.2257 val_AP=0.6018
Epoch 137/300 [8.1s mem=21888MB] | train_loss=0.1943 train_AP=0.6477 | val_loss=0.2245 val_AP=0.6014
Epoch 138/300 [8.0s mem=21881MB] | train_loss=0.1938 train_AP=0.6494 | val_loss=0.2254 val_AP=0.6005
Epoch 139/300 [8.1s mem=21887MB] | train_loss=0.1942 train_AP=0.6482 | val_loss=0.2268 val_AP=0.5983
Epoch 140/300 [8.0s mem=21875MB] | train_loss=0.1934 train_AP=0.6515 | val_loss=0.2256 val_AP=0.6033 | test_AP=0.5714
  -> New best: val_loss=0.2233 val_AP=0.6033, saved
Epoch 141/300 [8.2s mem=21883MB] | train_loss=0.1930 train_AP=0.6535 | val_loss=0.2272 val_AP=0.6006
Epoch 142/300 [8.1s mem=21891MB] | train_loss=0.1934 train_AP=0.6502 | val_loss=0.2239 val_AP=0.6018
Epoch 143/300 [8.1s mem=21885MB] | train_loss=0.1928 train_AP=0.6546 | val_loss=0.2236 val_AP=0.6037
  -> New best: val_loss=0.2233 val_AP=0.6037, saved
Epoch 144/300 [8.1s mem=21888MB] | train_loss=0.1919 train_AP=0.6563 | val_loss=0.2238 val_AP=0.6051
  -> New best: val_loss=0.2233 val_AP=0.6051, saved
Epoch 145/300 [8.0s mem=21892MB] | train_loss=0.1920 train_AP=0.6541 | val_loss=0.2242 val_AP=0.5998
Epoch 146/300 [8.1s mem=21877MB] | train_loss=0.1920 train_AP=0.6575 | val_loss=0.2235 val_AP=0.6045
Epoch 147/300 [8.1s mem=21883MB] | train_loss=0.1900 train_AP=0.6602 | val_loss=0.2255 val_AP=0.6031
Epoch 148/300 [8.1s mem=21883MB] | train_loss=0.1905 train_AP=0.6599 | val_loss=0.2231 val_AP=0.6074
  -> New best: val_loss=0.2231 val_AP=0.6074, saved
Epoch 149/300 [8.1s mem=21878MB] | train_loss=0.1902 train_AP=0.6600 | val_loss=0.2225 val_AP=0.6081
  -> New best: val_loss=0.2225 val_AP=0.6081, saved
Epoch 150/300 [8.1s mem=21816MB] | train_loss=0.1899 train_AP=0.6617 | val_loss=0.2258 val_AP=0.6047 | test_AP=0.5722
Epoch 151/300 [8.1s mem=21874MB] | train_loss=0.1899 train_AP=0.6616 | val_loss=0.2233 val_AP=0.6041
Epoch 152/300 [8.3s mem=21875MB] | train_loss=0.1902 train_AP=0.6629 | val_loss=0.2248 val_AP=0.6036
Epoch 153/300 [8.1s mem=21884MB] | train_loss=0.1900 train_AP=0.6619 | val_loss=0.2218 val_AP=0.6082
  -> New best: val_loss=0.2218 val_AP=0.6082, saved
Epoch 154/300 [8.2s mem=21884MB] | train_loss=0.1888 train_AP=0.6630 | val_loss=0.2241 val_AP=0.6065
Epoch 155/300 [8.0s mem=21889MB] | train_loss=0.1882 train_AP=0.6669 | val_loss=0.2232 val_AP=0.6060
Epoch 156/300 [8.0s mem=21888MB] | train_loss=0.1889 train_AP=0.6653 | val_loss=0.2227 val_AP=0.6078
Epoch 157/300 [8.0s mem=21872MB] | train_loss=0.1878 train_AP=0.6673 | val_loss=0.2224 val_AP=0.6092
  -> New best: val_loss=0.2218 val_AP=0.6092, saved
Epoch 158/300 [8.1s mem=21889MB] | train_loss=0.1876 train_AP=0.6676 | val_loss=0.2232 val_AP=0.6079
Epoch 159/300 [8.1s mem=21886MB] | train_loss=0.1883 train_AP=0.6654 | val_loss=0.2219 val_AP=0.6097
  -> New best: val_loss=0.2218 val_AP=0.6097, saved
Epoch 160/300 [8.1s mem=21884MB] | train_loss=0.1873 train_AP=0.6684 | val_loss=0.2251 val_AP=0.6087 | test_AP=0.5738
Epoch 161/300 [8.1s mem=21884MB] | train_loss=0.1877 train_AP=0.6678 | val_loss=0.2239 val_AP=0.6075
Epoch 162/300 [8.0s mem=21891MB] | train_loss=0.1878 train_AP=0.6659 | val_loss=0.2223 val_AP=0.6095
Epoch 163/300 [8.0s mem=21880MB] | train_loss=0.1869 train_AP=0.6686 | val_loss=0.2233 val_AP=0.6088
Epoch 164/300 [8.2s mem=21888MB] | train_loss=0.1869 train_AP=0.6696 | val_loss=0.2231 val_AP=0.6092
Epoch 165/300 [8.1s mem=21883MB] | train_loss=0.1860 train_AP=0.6723 | val_loss=0.2247 val_AP=0.6100
  -> New best: val_loss=0.2218 val_AP=0.6100, saved
Epoch 166/300 [8.0s mem=21887MB] | train_loss=0.1854 train_AP=0.6733 | val_loss=0.2222 val_AP=0.6096
Epoch 167/300 [8.0s mem=21891MB] | train_loss=0.1860 train_AP=0.6701 | val_loss=0.2246 val_AP=0.6105
  -> New best: val_loss=0.2218 val_AP=0.6105, saved
Epoch 168/300 [8.1s mem=21897MB] | train_loss=0.1849 train_AP=0.6718 | val_loss=0.2209 val_AP=0.6118
  -> New best: val_loss=0.2209 val_AP=0.6118, saved
Epoch 169/300 [8.1s mem=21872MB] | train_loss=0.1844 train_AP=0.6760 | val_loss=0.2208 val_AP=0.6108
  -> New best: val_loss=0.2208 val_AP=0.6118, saved
Epoch 170/300 [8.0s mem=21885MB] | train_loss=0.1847 train_AP=0.6753 | val_loss=0.2233 val_AP=0.6082 | test_AP=0.5774
Epoch 171/300 [8.0s mem=21891MB] | train_loss=0.1846 train_AP=0.6761 | val_loss=0.2257 val_AP=0.6112
Epoch 172/300 [8.0s mem=21038MB] | train_loss=0.1854 train_AP=0.6724 | val_loss=0.2247 val_AP=0.6109
Epoch 173/300 [8.1s mem=21879MB] | train_loss=0.1839 train_AP=0.6773 | val_loss=0.2224 val_AP=0.6089
Epoch 174/300 [8.0s mem=21882MB] | train_loss=0.1835 train_AP=0.6785 | val_loss=0.2224 val_AP=0.6116
Epoch 175/300 [8.1s mem=21896MB] | train_loss=0.1831 train_AP=0.6779 | val_loss=0.2227 val_AP=0.6128
  -> New best: val_loss=0.2208 val_AP=0.6128, saved
Epoch 176/300 [8.1s mem=21884MB] | train_loss=0.1834 train_AP=0.6800 | val_loss=0.2235 val_AP=0.6107
Epoch 177/300 [8.0s mem=21885MB] | train_loss=0.1839 train_AP=0.6776 | val_loss=0.2214 val_AP=0.6140
  -> New best: val_loss=0.2208 val_AP=0.6140, saved
Epoch 178/300 [8.2s mem=21890MB] | train_loss=0.1830 train_AP=0.6826 | val_loss=0.2253 val_AP=0.6101
Epoch 179/300 [8.0s mem=21882MB] | train_loss=0.1829 train_AP=0.6800 | val_loss=0.2216 val_AP=0.6128
Epoch 180/300 [8.0s mem=21893MB] | train_loss=0.1826 train_AP=0.6809 | val_loss=0.2214 val_AP=0.6136 | test_AP=0.5806
Epoch 181/300 [8.0s mem=21876MB] | train_loss=0.1829 train_AP=0.6803 | val_loss=0.2228 val_AP=0.6136
Epoch 182/300 [8.1s mem=21888MB] | train_loss=0.1821 train_AP=0.6815 | val_loss=0.2208 val_AP=0.6117
  -> New best: val_loss=0.2208 val_AP=0.6140, saved
Epoch 183/300 [8.1s mem=21887MB] | train_loss=0.1817 train_AP=0.6831 | val_loss=0.2221 val_AP=0.6133
Epoch 184/300 [8.0s mem=21892MB] | train_loss=0.1817 train_AP=0.6814 | val_loss=0.2220 val_AP=0.6139
Epoch 185/300 [8.0s mem=21873MB] | train_loss=0.1813 train_AP=0.6850 | val_loss=0.2217 val_AP=0.6146
  -> New best: val_loss=0.2208 val_AP=0.6146, saved
Epoch 186/300 [8.1s mem=21881MB] | train_loss=0.1814 train_AP=0.6866 | val_loss=0.2220 val_AP=0.6128
Epoch 187/300 [8.1s mem=21878MB] | train_loss=0.1811 train_AP=0.6835 | val_loss=0.2227 val_AP=0.6136
Epoch 188/300 [8.1s mem=21891MB] | train_loss=0.1811 train_AP=0.6845 | val_loss=0.2217 val_AP=0.6122
Epoch 189/300 [8.1s mem=21886MB] | train_loss=0.1805 train_AP=0.6874 | val_loss=0.2233 val_AP=0.6135
Epoch 190/300 [8.1s mem=21875MB] | train_loss=0.1805 train_AP=0.6851 | val_loss=0.2240 val_AP=0.6142 | test_AP=0.5823
Epoch 191/300 [8.0s mem=21880MB] | train_loss=0.1802 train_AP=0.6878 | val_loss=0.2220 val_AP=0.6133
Epoch 192/300 [8.1s mem=21879MB] | train_loss=0.1804 train_AP=0.6876 | val_loss=0.2224 val_AP=0.6153
  -> New best: val_loss=0.2208 val_AP=0.6153, saved
Epoch 193/300 [8.1s mem=21876MB] | train_loss=0.1805 train_AP=0.6868 | val_loss=0.2224 val_AP=0.6142
Epoch 194/300 [8.0s mem=21880MB] | train_loss=0.1796 train_AP=0.6909 | val_loss=0.2222 val_AP=0.6162
  -> New best: val_loss=0.2208 val_AP=0.6162, saved
Epoch 195/300 [8.1s mem=21894MB] | train_loss=0.1793 train_AP=0.6904 | val_loss=0.2224 val_AP=0.6159
Epoch 196/300 [8.1s mem=21891MB] | train_loss=0.1796 train_AP=0.6909 | val_loss=0.2205 val_AP=0.6155
  -> New best: val_loss=0.2205 val_AP=0.6162, saved
Epoch 197/300 [8.1s mem=21879MB] | train_loss=0.1793 train_AP=0.6906 | val_loss=0.2214 val_AP=0.6147
Epoch 198/300 [8.0s mem=21885MB] | train_loss=0.1794 train_AP=0.6882 | val_loss=0.2223 val_AP=0.6145
Epoch 199/300 [8.1s mem=21886MB] | train_loss=0.1781 train_AP=0.6914 | val_loss=0.2229 val_AP=0.6139
Epoch 200/300 [8.0s mem=21882MB] | train_loss=0.1785 train_AP=0.6932 | val_loss=0.2218 val_AP=0.6148 | test_AP=0.5839
Epoch 201/300 [8.0s mem=21890MB] | train_loss=0.1780 train_AP=0.6926 | val_loss=0.2216 val_AP=0.6152
Epoch 202/300 [8.1s mem=21887MB] | train_loss=0.1782 train_AP=0.6912 | val_loss=0.2207 val_AP=0.6153
Epoch 203/300 [8.1s mem=21873MB] | train_loss=0.1774 train_AP=0.6946 | val_loss=0.2214 val_AP=0.6152
Epoch 204/300 [8.0s mem=21901MB] | train_loss=0.1782 train_AP=0.6928 | val_loss=0.2208 val_AP=0.6164
  -> New best: val_loss=0.2205 val_AP=0.6164, saved
Epoch 205/300 [8.1s mem=21888MB] | train_loss=0.1778 train_AP=0.6933 | val_loss=0.2215 val_AP=0.6162
Epoch 206/300 [8.1s mem=21901MB] | train_loss=0.1781 train_AP=0.6917 | val_loss=0.2219 val_AP=0.6152
Epoch 207/300 [8.1s mem=21896MB] | train_loss=0.1773 train_AP=0.6951 | val_loss=0.2224 val_AP=0.6176
  -> New best: val_loss=0.2205 val_AP=0.6176, saved
Epoch 208/300 [8.1s mem=21891MB] | train_loss=0.1773 train_AP=0.6928 | val_loss=0.2209 val_AP=0.6186
  -> New best: val_loss=0.2205 val_AP=0.6186, saved
Epoch 209/300 [8.1s mem=21892MB] | train_loss=0.1776 train_AP=0.6946 | val_loss=0.2228 val_AP=0.6171
Epoch 210/300 [8.1s mem=21873MB] | train_loss=0.1764 train_AP=0.6965 | val_loss=0.2221 val_AP=0.6186 | test_AP=0.5872
Epoch 211/300 [8.1s mem=21886MB] | train_loss=0.1764 train_AP=0.6939 | val_loss=0.2213 val_AP=0.6168
Epoch 212/300 [8.0s mem=21889MB] | train_loss=0.1767 train_AP=0.6959 | val_loss=0.2211 val_AP=0.6172
Epoch 213/300 [8.1s mem=21892MB] | train_loss=0.1764 train_AP=0.6974 | val_loss=0.2214 val_AP=0.6156
Epoch 214/300 [8.1s mem=21884MB] | train_loss=0.1765 train_AP=0.6984 | val_loss=0.2224 val_AP=0.6167
Epoch 215/300 [8.1s mem=21886MB] | train_loss=0.1765 train_AP=0.6956 | val_loss=0.2206 val_AP=0.6148
Epoch 216/300 [8.1s mem=21888MB] | train_loss=0.1760 train_AP=0.6980 | val_loss=0.2213 val_AP=0.6158
Epoch 217/300 [8.1s mem=21885MB] | train_loss=0.1759 train_AP=0.6970 | val_loss=0.2204 val_AP=0.6174
  -> New best: val_loss=0.2204 val_AP=0.6186, saved
Epoch 218/300 [8.1s mem=21886MB] | train_loss=0.1753 train_AP=0.6977 | val_loss=0.2207 val_AP=0.6171
Epoch 219/300 [8.0s mem=21893MB] | train_loss=0.1760 train_AP=0.7010 | val_loss=0.2201 val_AP=0.6174
  -> New best: val_loss=0.2201 val_AP=0.6186, saved
Epoch 220/300 [8.2s mem=21882MB] | train_loss=0.1757 train_AP=0.6992 | val_loss=0.2209 val_AP=0.6178 | test_AP=0.5855
Epoch 221/300 [8.0s mem=21877MB] | train_loss=0.1754 train_AP=0.6992 | val_loss=0.2210 val_AP=0.6166
Epoch 222/300 [8.1s mem=21875MB] | train_loss=0.1753 train_AP=0.7008 | val_loss=0.2219 val_AP=0.6181
Epoch 223/300 [8.0s mem=21872MB] | train_loss=0.1752 train_AP=0.6990 | val_loss=0.2211 val_AP=0.6190
  -> New best: val_loss=0.2201 val_AP=0.6190, saved
Epoch 224/300 [8.0s mem=21882MB] | train_loss=0.1758 train_AP=0.6998 | val_loss=0.2214 val_AP=0.6179
Epoch 225/300 [8.0s mem=21871MB] | train_loss=0.1745 train_AP=0.7007 | val_loss=0.2206 val_AP=0.6173
Epoch 226/300 [8.1s mem=21883MB] | train_loss=0.1749 train_AP=0.7011 | val_loss=0.2218 val_AP=0.6182
Epoch 227/300 [8.0s mem=21886MB] | train_loss=0.1747 train_AP=0.6995 | val_loss=0.2207 val_AP=0.6183
Epoch 228/300 [8.0s mem=21876MB] | train_loss=0.1745 train_AP=0.7056 | val_loss=0.2221 val_AP=0.6189
Epoch 229/300 [8.1s mem=21883MB] | train_loss=0.1747 train_AP=0.7010 | val_loss=0.2204 val_AP=0.6195
  -> New best: val_loss=0.2201 val_AP=0.6195, saved
Epoch 230/300 [8.1s mem=21055MB] | train_loss=0.1743 train_AP=0.7021 | val_loss=0.2210 val_AP=0.6182 | test_AP=0.5874
Epoch 231/300 [8.0s mem=21895MB] | train_loss=0.1736 train_AP=0.7036 | val_loss=0.2217 val_AP=0.6193
Epoch 232/300 [8.1s mem=21886MB] | train_loss=0.1741 train_AP=0.7025 | val_loss=0.2208 val_AP=0.6189
Epoch 233/300 [8.1s mem=21888MB] | train_loss=0.1736 train_AP=0.7033 | val_loss=0.2210 val_AP=0.6186
Epoch 234/300 [8.1s mem=21876MB] | train_loss=0.1745 train_AP=0.7015 | val_loss=0.2218 val_AP=0.6172
Epoch 235/300 [8.0s mem=21888MB] | train_loss=0.1743 train_AP=0.7047 | val_loss=0.2212 val_AP=0.6190
Epoch 236/300 [8.0s mem=21882MB] | train_loss=0.1739 train_AP=0.7045 | val_loss=0.2217 val_AP=0.6182
Epoch 237/300 [8.1s mem=21889MB] | train_loss=0.1733 train_AP=0.7041 | val_loss=0.2200 val_AP=0.6189
  -> New best: val_loss=0.2200 val_AP=0.6195, saved
Epoch 238/300 [8.2s mem=21879MB] | train_loss=0.1743 train_AP=0.7033 | val_loss=0.2205 val_AP=0.6195
  -> New best: val_loss=0.2200 val_AP=0.6195, saved
Epoch 239/300 [8.1s mem=21881MB] | train_loss=0.1731 train_AP=0.7041 | val_loss=0.2206 val_AP=0.6199
  -> New best: val_loss=0.2200 val_AP=0.6199, saved
Epoch 240/300 [8.1s mem=21880MB] | train_loss=0.1735 train_AP=0.7028 | val_loss=0.2209 val_AP=0.6194 | test_AP=0.5882
Epoch 241/300 [8.1s mem=21875MB] | train_loss=0.1734 train_AP=0.7058 | val_loss=0.2209 val_AP=0.6205
  -> New best: val_loss=0.2200 val_AP=0.6205, saved
Epoch 242/300 [8.2s mem=21881MB] | train_loss=0.1734 train_AP=0.7059 | val_loss=0.2211 val_AP=0.6189
Epoch 243/300 [8.2s mem=21884MB] | train_loss=0.1731 train_AP=0.7073 | val_loss=0.2206 val_AP=0.6191
Epoch 244/300 [8.0s mem=21885MB] | train_loss=0.1731 train_AP=0.7061 | val_loss=0.2217 val_AP=0.6186
Epoch 245/300 [8.1s mem=21880MB] | train_loss=0.1727 train_AP=0.7055 | val_loss=0.2212 val_AP=0.6187
Epoch 246/300 [8.1s mem=21887MB] | train_loss=0.1731 train_AP=0.7070 | val_loss=0.2206 val_AP=0.6195
Epoch 247/300 [8.1s mem=21882MB] | train_loss=0.1723 train_AP=0.7072 | val_loss=0.2223 val_AP=0.6195
Epoch 248/300 [8.1s mem=21886MB] | train_loss=0.1730 train_AP=0.7052 | val_loss=0.2211 val_AP=0.6186
Epoch 249/300 [8.1s mem=21887MB] | train_loss=0.1727 train_AP=0.7059 | val_loss=0.2210 val_AP=0.6203
Epoch 250/300 [8.1s mem=21877MB] | train_loss=0.1726 train_AP=0.7053 | val_loss=0.2205 val_AP=0.6198 | test_AP=0.5887
Epoch 251/300 [8.0s mem=21881MB] | train_loss=0.1724 train_AP=0.7076 | val_loss=0.2209 val_AP=0.6190
Epoch 252/300 [8.0s mem=21885MB] | train_loss=0.1728 train_AP=0.7075 | val_loss=0.2204 val_AP=0.6198
Epoch 253/300 [8.1s mem=21874MB] | train_loss=0.1721 train_AP=0.7068 | val_loss=0.2212 val_AP=0.6194
Epoch 254/300 [8.0s mem=21886MB] | train_loss=0.1723 train_AP=0.7063 | val_loss=0.2206 val_AP=0.6194
Epoch 255/300 [8.1s mem=21883MB] | train_loss=0.1724 train_AP=0.7062 | val_loss=0.2206 val_AP=0.6196
Epoch 256/300 [8.1s mem=21884MB] | train_loss=0.1726 train_AP=0.7059 | val_loss=0.2206 val_AP=0.6202
Epoch 257/300 [8.0s mem=21881MB] | train_loss=0.1722 train_AP=0.7062 | val_loss=0.2209 val_AP=0.6193
Epoch 258/300 [8.1s mem=21876MB] | train_loss=0.1716 train_AP=0.7109 | val_loss=0.2209 val_AP=0.6205
  -> New best: val_loss=0.2200 val_AP=0.6205, saved
Epoch 259/300 [8.1s mem=21893MB] | train_loss=0.1722 train_AP=0.7068 | val_loss=0.2204 val_AP=0.6194
Epoch 260/300 [8.0s mem=21885MB] | train_loss=0.1723 train_AP=0.7080 | val_loss=0.2207 val_AP=0.6194 | test_AP=0.5887
Epoch 261/300 [8.0s mem=21884MB] | train_loss=0.1721 train_AP=0.7089 | val_loss=0.2204 val_AP=0.6195
Epoch 262/300 [8.1s mem=21887MB] | train_loss=0.1723 train_AP=0.7085 | val_loss=0.2210 val_AP=0.6195
Epoch 263/300 [8.1s mem=21878MB] | train_loss=0.1724 train_AP=0.7068 | val_loss=0.2211 val_AP=0.6198
Epoch 264/300 [8.1s mem=21895MB] | train_loss=0.1719 train_AP=0.7083 | val_loss=0.2207 val_AP=0.6201
Epoch 265/300 [8.1s mem=21877MB] | train_loss=0.1719 train_AP=0.7083 | val_loss=0.2209 val_AP=0.6200
Epoch 266/300 [8.1s mem=21878MB] | train_loss=0.1719 train_AP=0.7083 | val_loss=0.2205 val_AP=0.6199
Epoch 267/300 [8.1s mem=21875MB] | train_loss=0.1715 train_AP=0.7092 | val_loss=0.2207 val_AP=0.6192
Epoch 268/300 [8.0s mem=21884MB] | train_loss=0.1720 train_AP=0.7084 | val_loss=0.2210 val_AP=0.6199
Epoch 269/300 [8.0s mem=21893MB] | train_loss=0.1719 train_AP=0.7097 | val_loss=0.2205 val_AP=0.6199
Epoch 270/300 [8.0s mem=21888MB] | train_loss=0.1718 train_AP=0.7104 | val_loss=0.2204 val_AP=0.6199 | test_AP=0.5889
Epoch 271/300 [8.1s mem=21884MB] | train_loss=0.1720 train_AP=0.7103 | val_loss=0.2208 val_AP=0.6199
Epoch 272/300 [8.0s mem=21886MB] | train_loss=0.1715 train_AP=0.7088 | val_loss=0.2206 val_AP=0.6203
Epoch 273/300 [8.1s mem=21884MB] | train_loss=0.1721 train_AP=0.7089 | val_loss=0.2206 val_AP=0.6207
  -> New best: val_loss=0.2200 val_AP=0.6207, saved
Epoch 274/300 [8.2s mem=21885MB] | train_loss=0.1718 train_AP=0.7074 | val_loss=0.2208 val_AP=0.6196
Epoch 275/300 [8.0s mem=21887MB] | train_loss=0.1715 train_AP=0.7088 | val_loss=0.2207 val_AP=0.6204
Epoch 276/300 [8.1s mem=21897MB] | train_loss=0.1720 train_AP=0.7084 | val_loss=0.2207 val_AP=0.6202
Epoch 277/300 [8.1s mem=21880MB] | train_loss=0.1720 train_AP=0.7093 | val_loss=0.2206 val_AP=0.6205
Epoch 278/300 [8.0s mem=21884MB] | train_loss=0.1715 train_AP=0.7082 | val_loss=0.2206 val_AP=0.6201
Epoch 279/300 [8.1s mem=21882MB] | train_loss=0.1714 train_AP=0.7101 | val_loss=0.2206 val_AP=0.6201
Epoch 280/300 [8.0s mem=21814MB] | train_loss=0.1717 train_AP=0.7100 | val_loss=0.2206 val_AP=0.6198 | test_AP=0.5887
Epoch 281/300 [8.1s mem=21894MB] | train_loss=0.1711 train_AP=0.7105 | val_loss=0.2207 val_AP=0.6202
Epoch 282/300 [8.1s mem=21877MB] | train_loss=0.1720 train_AP=0.7081 | val_loss=0.2206 val_AP=0.6201
Epoch 283/300 [8.0s mem=21884MB] | train_loss=0.1715 train_AP=0.7091 | val_loss=0.2206 val_AP=0.6204
Epoch 284/300 [8.1s mem=21882MB] | train_loss=0.1718 train_AP=0.7091 | val_loss=0.2206 val_AP=0.6202
Epoch 285/300 [8.0s mem=21880MB] | train_loss=0.1714 train_AP=0.7108 | val_loss=0.2207 val_AP=0.6204
Epoch 286/300 [8.1s mem=21883MB] | train_loss=0.1715 train_AP=0.7082 | val_loss=0.2206 val_AP=0.6202
Epoch 287/300 [8.0s mem=21873MB] | train_loss=0.1712 train_AP=0.7109 | val_loss=0.2206 val_AP=0.6203
Epoch 288/300 [8.0s mem=21884MB] | train_loss=0.1712 train_AP=0.7095 | val_loss=0.2207 val_AP=0.6202
Epoch 289/300 [8.1s mem=21875MB] | train_loss=0.1712 train_AP=0.7095 | val_loss=0.2206 val_AP=0.6203
Epoch 290/300 [8.1s mem=21880MB] | train_loss=0.1712 train_AP=0.7106 | val_loss=0.2206 val_AP=0.6202 | test_AP=0.5890
Epoch 291/300 [8.0s mem=21888MB] | train_loss=0.1714 train_AP=0.7086 | val_loss=0.2207 val_AP=0.6203
Epoch 292/300 [8.1s mem=21880MB] | train_loss=0.1714 train_AP=0.7108 | val_loss=0.2206 val_AP=0.6203
Epoch 293/300 [8.1s mem=21887MB] | train_loss=0.1714 train_AP=0.7079 | val_loss=0.2207 val_AP=0.6202
Epoch 294/300 [8.1s mem=21885MB] | train_loss=0.1722 train_AP=0.7081 | val_loss=0.2206 val_AP=0.6203
Epoch 295/300 [8.1s mem=21891MB] | train_loss=0.1717 train_AP=0.7103 | val_loss=0.2206 val_AP=0.6205
Epoch 296/300 [8.1s mem=21882MB] | train_loss=0.1714 train_AP=0.7084 | val_loss=0.2206 val_AP=0.6202
Epoch 297/300 [8.1s mem=21874MB] | train_loss=0.1721 train_AP=0.7073 | val_loss=0.2206 val_AP=0.6203
Epoch 298/300 [8.1s mem=21873MB] | train_loss=0.1712 train_AP=0.7108 | val_loss=0.2206 val_AP=0.6202
Epoch 299/300 [8.1s mem=21885MB] | train_loss=0.1712 train_AP=0.7084 | val_loss=0.2207 val_AP=0.6204
Epoch 300/300 [8.1s mem=21893MB] | train_loss=0.1710 train_AP=0.7084 | val_loss=0.2206 val_AP=0.6202 | test_AP=0.5890
Pretrain done. Best val_loss=0.2200 val_AP=0.6207 at epoch 273.
============================================================
Phase 1: Extract Attention Targets
  model_path=checkpoints_attn_distill_2/pretrain_best.pt
  proxy_opt_steps=500
  num_proxies=64
  proxy_mmd_lambda=2.0
  num_cross_layers=1
  use_proxy_self_attn=False
  distill_layers=all
============================================================
  Loaded 1 pretrained keys, cross-attn layers randomly initialized
  Extracting attention from layers: [0]
  [1/43] 256 graphs | base_loss=0.6875 opt_loss=0.3188 mmd=0.350391
  [10/43] 2560 graphs | base_loss=0.6870 opt_loss=0.3176 mmd=0.353007
  [20/43] 5120 graphs | base_loss=0.6869 opt_loss=0.3168 mmd=0.357353
  [30/43] 7680 graphs | base_loss=0.6869 opt_loss=0.3170 mmd=0.356723
  [40/43] 10240 graphs | base_loss=0.6869 opt_loss=0.3175 mmd=0.352609

Extraction done. 10873 graphs saved to checkpoints_attn_distill_3/attn_targets.pkl
  Avg base_loss=0.6869  opt_loss=0.3175

Sanity check: attention difference (teacher vs vanilla)...
  Mean |teacher_attn - vanilla_attn|: 0.000784
  Good: attention patterns are meaningfully different.
============================================================
Phase 2: Train with Attention Distillation
  backbone=vanilla_gt
  distill_weight=2.0
  temperature=1.0
  distill_layers=[0]
  targets from: checkpoints_attn_distill_3/attn_targets.pkl
============================================================
  AttnTargetDataset: 10873 graphs with targets
  Loaded 1/62 keys from checkpoint

Baseline (pretrained, no distillation):
  val_AP=0.1617  test_AP=0.1621
  Student trainable params: 967,690
Epoch   1/200 [42.5s] | task=0.4960 distill=0.0066 | train_AP=0.1650 val_AP=0.1822 test_AP=0.1760
  -> New best val_AP=0.1822 (test=0.1760)
Epoch   2/200 [42.3s] | task=0.3614 distill=0.0172 | train_AP=0.1654 val_AP=0.1904 test_AP=0.1837
  -> New best val_AP=0.1904 (test=0.1837)
Epoch   3/200 [41.3s] | task=0.3600 distill=0.0180 | train_AP=0.1661 val_AP=0.1946 test_AP=0.1868
  -> New best val_AP=0.1946 (test=0.1868)
Epoch   4/200 [41.9s] | task=0.3600 distill=0.0206 | train_AP=0.1642 val_AP=0.2015 test_AP=0.1935
  -> New best val_AP=0.2015 (test=0.1935)
Epoch   5/200 [42.4s] | task=0.3597 distill=0.0267 | train_AP=0.1662 val_AP=0.2017 test_AP=0.1943
  -> New best val_AP=0.2017 (test=0.1943)
Epoch   6/200 [42.5s] | task=0.3593 distill=0.0433 | train_AP=0.1662 val_AP=0.2024 test_AP=0.1941
  -> New best val_AP=0.2024 (test=0.1941)
Epoch   7/200 [42.6s] | task=0.3588 distill=0.1322 | train_AP=0.1699 val_AP=0.2124 test_AP=0.2034
  -> New best val_AP=0.2124 (test=0.2034)
Epoch   8/200 [42.2s] | task=0.3559 distill=0.6783 | train_AP=0.1818 val_AP=0.2432 test_AP=0.2326
  -> New best val_AP=0.2432 (test=0.2326)
Epoch   9/200 [42.5s] | task=0.3494 distill=1.5939 | train_AP=0.2093 val_AP=0.2584 test_AP=0.2463
  -> New best val_AP=0.2584 (test=0.2463)
Epoch  10/200 [40.9s] | task=0.3410 distill=2.3250 | train_AP=0.2365 val_AP=0.2727 test_AP=0.2591
  -> New best val_AP=0.2727 (test=0.2591)
Epoch  11/200 [42.3s] | task=0.3329 distill=2.6248 | train_AP=0.2578 val_AP=0.2935 test_AP=0.2818
  -> New best val_AP=0.2935 (test=0.2818)
Epoch  12/200 [42.7s] | task=0.3261 distill=2.9705 | train_AP=0.2793 val_AP=0.3139 test_AP=0.3032
  -> New best val_AP=0.3139 (test=0.3032)
Epoch  13/200 [42.2s] | task=0.3181 distill=3.2796 | train_AP=0.3017 val_AP=0.3329 test_AP=0.3255
  -> New best val_AP=0.3329 (test=0.3255)
Epoch  14/200 [41.9s] | task=0.3081 distill=3.4014 | train_AP=0.3255 val_AP=0.3570 test_AP=0.3474
  -> New best val_AP=0.3570 (test=0.3474)
Epoch  15/200 [42.2s] | task=0.2994 distill=3.3498 | train_AP=0.3467 val_AP=0.3745 test_AP=0.3675
  -> New best val_AP=0.3745 (test=0.3675)
Epoch  16/200 [42.2s] | task=0.2937 distill=3.2072 | train_AP=0.3629 val_AP=0.3878 test_AP=0.3785
  -> New best val_AP=0.3878 (test=0.3785)
Epoch  17/200 [43.1s] | task=0.2888 distill=3.0445 | train_AP=0.3727 val_AP=0.3968 test_AP=0.3838
  -> New best val_AP=0.3968 (test=0.3838)
Epoch  18/200 [43.1s] | task=0.2858 distill=2.9289 | train_AP=0.3838 val_AP=0.4001 test_AP=0.3868
  -> New best val_AP=0.4001 (test=0.3868)
Epoch  19/200 [42.6s] | task=0.2835 distill=2.8509 | train_AP=0.3893 val_AP=0.4061 test_AP=0.3950
  -> New best val_AP=0.4061 (test=0.3950)
Epoch  20/200 [42.3s] | task=0.2811 distill=2.8089 | train_AP=0.3960 val_AP=0.4147 test_AP=0.4024
  -> New best val_AP=0.4147 (test=0.4024)
Epoch  21/200 [41.7s] | task=0.2763 distill=2.7457 | train_AP=0.4082 val_AP=0.4270 test_AP=0.4127
  -> New best val_AP=0.4270 (test=0.4127)
Epoch  22/200 [42.0s] | task=0.2722 distill=2.6899 | train_AP=0.4181 val_AP=0.4333 test_AP=0.4186
  -> New best val_AP=0.4333 (test=0.4186)
Epoch  23/200 [41.7s] | task=0.2698 distill=2.6400 | train_AP=0.4256 val_AP=0.4371 test_AP=0.4241
  -> New best val_AP=0.4371 (test=0.4241)
Epoch  24/200 [42.0s] | task=0.2667 distill=2.6268 | train_AP=0.4308 val_AP=0.4456 test_AP=0.4288
  -> New best val_AP=0.4456 (test=0.4288)
Epoch  25/200 [42.8s] | task=0.2644 distill=2.5709 | train_AP=0.4405 val_AP=0.4517 test_AP=0.4364
  -> New best val_AP=0.4517 (test=0.4364)
Epoch  26/200 [42.3s] | task=0.2639 distill=2.5549 | train_AP=0.4394 val_AP=0.4470 test_AP=0.4331
Epoch  27/200 [42.4s] | task=0.2617 distill=2.5435 | train_AP=0.4443 val_AP=0.4600 test_AP=0.4375
  -> New best val_AP=0.4600 (test=0.4375)
Epoch  28/200 [42.8s] | task=0.2592 distill=2.5488 | train_AP=0.4504 val_AP=0.4635 test_AP=0.4435
  -> New best val_AP=0.4635 (test=0.4435)
Epoch  29/200 [42.4s] | task=0.2599 distill=2.5560 | train_AP=0.4512 val_AP=0.4683 test_AP=0.4436
  -> New best val_AP=0.4683 (test=0.4436)
Epoch  30/200 [43.6s] | task=0.2580 distill=2.5592 | train_AP=0.4545 val_AP=0.4723 test_AP=0.4464
  -> New best val_AP=0.4723 (test=0.4464)
Epoch  31/200 [42.7s] | task=0.2586 distill=2.5320 | train_AP=0.4557 val_AP=0.4726 test_AP=0.4488
  -> New best val_AP=0.4726 (test=0.4488)
Epoch  32/200 [41.7s] | task=0.2552 distill=2.5424 | train_AP=0.4613 val_AP=0.4776 test_AP=0.4547
  -> New best val_AP=0.4776 (test=0.4547)
Epoch  33/200 [43.2s] | task=0.2545 distill=2.5586 | train_AP=0.4581 val_AP=0.4811 test_AP=0.4545
  -> New best val_AP=0.4811 (test=0.4545)
Epoch  34/200 [42.4s] | task=0.2525 distill=2.5552 | train_AP=0.4670 val_AP=0.4811 test_AP=0.4556
  -> New best val_AP=0.4811 (test=0.4556)
Epoch  35/200 [41.6s] | task=0.2526 distill=2.5515 | train_AP=0.4677 val_AP=0.4921 test_AP=0.4638
  -> New best val_AP=0.4921 (test=0.4638)
Epoch  36/200 [42.5s] | task=0.2517 distill=2.5808 | train_AP=0.4724 val_AP=0.4898 test_AP=0.4607
Epoch  37/200 [42.9s] | task=0.2521 distill=2.5751 | train_AP=0.4706 val_AP=0.4953 test_AP=0.4682
  -> New best val_AP=0.4953 (test=0.4682)
Epoch  38/200 [42.5s] | task=0.2515 distill=2.5930 | train_AP=0.4728 val_AP=0.4956 test_AP=0.4684
  -> New best val_AP=0.4956 (test=0.4684)
Epoch  39/200 [42.5s] | task=0.2494 distill=2.6102 | train_AP=0.4767 val_AP=0.4980 test_AP=0.4658
  -> New best val_AP=0.4980 (test=0.4658)
Epoch  40/200 [43.6s] | task=0.2480 distill=2.6081 | train_AP=0.4799 val_AP=0.5016 test_AP=0.4696
  -> New best val_AP=0.5016 (test=0.4696)
Epoch  41/200 [42.4s] | task=0.2472 distill=2.6454 | train_AP=0.4833 val_AP=0.5004 test_AP=0.4708
Epoch  42/200 [42.0s] | task=0.2468 distill=2.6296 | train_AP=0.4867 val_AP=0.5041 test_AP=0.4710
  -> New best val_AP=0.5041 (test=0.4710)
Epoch  43/200 [42.6s] | task=0.2465 distill=2.6442 | train_AP=0.4844 val_AP=0.5005 test_AP=0.4706
Epoch  44/200 [41.9s] | task=0.2455 distill=2.6434 | train_AP=0.4889 val_AP=0.5040 test_AP=0.4723
Epoch  45/200 [41.9s] | task=0.2452 distill=2.6902 | train_AP=0.4894 val_AP=0.5086 test_AP=0.4788
  -> New best val_AP=0.5086 (test=0.4788)
Epoch  46/200 [42.5s] | task=0.2446 distill=2.6476 | train_AP=0.4929 val_AP=0.5091 test_AP=0.4785
  -> New best val_AP=0.5091 (test=0.4785)
Epoch  47/200 [42.3s] | task=0.2432 distill=2.6820 | train_AP=0.4986 val_AP=0.5059 test_AP=0.4802
Epoch  48/200 [42.4s] | task=0.2430 distill=2.6979 | train_AP=0.4968 val_AP=0.5125 test_AP=0.4806
  -> New best val_AP=0.5125 (test=0.4806)
Epoch  49/200 [42.7s] | task=0.2429 distill=2.7086 | train_AP=0.4986 val_AP=0.5115 test_AP=0.4793
Epoch  50/200 [42.8s] | task=0.2414 distill=2.7073 | train_AP=0.5012 val_AP=0.5150 test_AP=0.4801
  -> New best val_AP=0.5150 (test=0.4801)
Epoch  51/200 [42.2s] | task=0.2416 distill=2.7175 | train_AP=0.5021 val_AP=0.5135 test_AP=0.4855
Epoch  52/200 [42.2s] | task=0.2412 distill=2.7225 | train_AP=0.5025 val_AP=0.5147 test_AP=0.4880
Epoch  53/200 [42.7s] | task=0.2400 distill=2.7340 | train_AP=0.5059 val_AP=0.5161 test_AP=0.4828
  -> New best val_AP=0.5161 (test=0.4828)
Epoch  54/200 [43.2s] | task=0.2400 distill=2.7544 | train_AP=0.5088 val_AP=0.5211 test_AP=0.4849
  -> New best val_AP=0.5211 (test=0.4849)
Epoch  55/200 [43.3s] | task=0.2394 distill=2.7213 | train_AP=0.5086 val_AP=0.5201 test_AP=0.4900
Epoch  56/200 [43.4s] | task=0.2387 distill=2.7468 | train_AP=0.5098 val_AP=0.5220 test_AP=0.4890
  -> New best val_AP=0.5220 (test=0.4890)
Epoch  57/200 [42.8s] | task=0.2383 distill=2.7515 | train_AP=0.5119 val_AP=0.5235 test_AP=0.4883
  -> New best val_AP=0.5235 (test=0.4883)
Epoch  58/200 [42.3s] | task=0.2379 distill=2.7430 | train_AP=0.5130 val_AP=0.5242 test_AP=0.4895
  -> New best val_AP=0.5242 (test=0.4895)
Epoch  59/200 [42.1s] | task=0.2374 distill=2.7568 | train_AP=0.5154 val_AP=0.5289 test_AP=0.4913
  -> New best val_AP=0.5289 (test=0.4913)
Epoch  60/200 [43.4s] | task=0.2362 distill=2.7446 | train_AP=0.5161 val_AP=0.5283 test_AP=0.4940
Epoch  61/200 [42.5s] | task=0.2357 distill=2.7558 | train_AP=0.5194 val_AP=0.5273 test_AP=0.4938
Epoch  62/200 [42.8s] | task=0.2351 distill=2.7375 | train_AP=0.5236 val_AP=0.5257 test_AP=0.4952
Epoch  63/200 [42.3s] | task=0.2352 distill=2.7371 | train_AP=0.5241 val_AP=0.5283 test_AP=0.4939
Epoch  64/200 [44.2s] | task=0.2344 distill=2.7279 | train_AP=0.5210 val_AP=0.5298 test_AP=0.4988
  -> New best val_AP=0.5298 (test=0.4988)
Epoch  65/200 [41.9s] | task=0.2333 distill=2.7612 | train_AP=0.5272 val_AP=0.5329 test_AP=0.4976
  -> New best val_AP=0.5329 (test=0.4976)
Epoch  66/200 [42.4s] | task=0.2327 distill=2.7571 | train_AP=0.5277 val_AP=0.5339 test_AP=0.5004
  -> New best val_AP=0.5339 (test=0.5004)
Epoch  67/200 [42.6s] | task=0.2329 distill=2.7569 | train_AP=0.5306 val_AP=0.5381 test_AP=0.5029
  -> New best val_AP=0.5381 (test=0.5029)
Epoch  68/200 [43.0s] | task=0.2327 distill=2.7535 | train_AP=0.5303 val_AP=0.5328 test_AP=0.5019
Epoch  69/200 [43.0s] | task=0.2328 distill=2.7331 | train_AP=0.5332 val_AP=0.5362 test_AP=0.5015
Epoch  70/200 [43.1s] | task=0.2315 distill=2.7588 | train_AP=0.5318 val_AP=0.5395 test_AP=0.5023
  -> New best val_AP=0.5395 (test=0.5023)
Epoch  71/200 [42.9s] | task=0.2314 distill=2.7856 | train_AP=0.5328 val_AP=0.5403 test_AP=0.5047
  -> New best val_AP=0.5403 (test=0.5047)
Epoch  72/200 [41.3s] | task=0.2314 distill=2.7699 | train_AP=0.5305 val_AP=0.5423 test_AP=0.5027
  -> New best val_AP=0.5423 (test=0.5027)
Epoch  73/200 [41.8s] | task=0.2294 distill=2.7545 | train_AP=0.5371 val_AP=0.5393 test_AP=0.5033
Epoch  74/200 [42.4s] | task=0.2301 distill=2.7487 | train_AP=0.5373 val_AP=0.5390 test_AP=0.5023
Epoch  75/200 [41.9s] | task=0.2292 distill=2.7581 | train_AP=0.5377 val_AP=0.5418 test_AP=0.5051
Epoch  76/200 [43.0s] | task=0.2304 distill=2.7667 | train_AP=0.5385 val_AP=0.5385 test_AP=0.5049
Epoch  77/200 [43.4s] | task=0.2282 distill=2.7645 | train_AP=0.5448 val_AP=0.5423 test_AP=0.5091
Epoch  78/200 [42.3s] | task=0.2280 distill=2.7905 | train_AP=0.5429 val_AP=0.5427 test_AP=0.5092
  -> New best val_AP=0.5427 (test=0.5092)
Epoch  79/200 [42.2s] | task=0.2285 distill=2.7951 | train_AP=0.5436 val_AP=0.5434 test_AP=0.5108
  -> New best val_AP=0.5434 (test=0.5108)
Epoch  80/200 [42.1s] | task=0.2283 distill=2.7814 | train_AP=0.5418 val_AP=0.5444 test_AP=0.5107
  -> New best val_AP=0.5444 (test=0.5107)
Epoch  81/200 [42.5s] | task=0.2267 distill=2.7700 | train_AP=0.5494 val_AP=0.5449 test_AP=0.5092
  -> New best val_AP=0.5449 (test=0.5092)
Epoch  82/200 [41.7s] | task=0.2271 distill=2.7655 | train_AP=0.5476 val_AP=0.5463 test_AP=0.5145
  -> New best val_AP=0.5463 (test=0.5145)
Epoch  83/200 [42.6s] | task=0.2266 distill=2.7802 | train_AP=0.5493 val_AP=0.5482 test_AP=0.5146
  -> New best val_AP=0.5482 (test=0.5146)
Epoch  84/200 [42.1s] | task=0.2254 distill=2.7624 | train_AP=0.5518 val_AP=0.5484 test_AP=0.5142
  -> New best val_AP=0.5484 (test=0.5142)
Epoch  85/200 [42.2s] | task=0.2260 distill=2.7861 | train_AP=0.5513 val_AP=0.5511 test_AP=0.5166
  -> New best val_AP=0.5511 (test=0.5166)
Epoch  86/200 [42.4s] | task=0.2248 distill=2.7908 | train_AP=0.5540 val_AP=0.5474 test_AP=0.5121
Epoch  87/200 [42.8s] | task=0.2247 distill=2.7611 | train_AP=0.5551 val_AP=0.5504 test_AP=0.5151
Epoch  88/200 [42.9s] | task=0.2247 distill=2.7719 | train_AP=0.5542 val_AP=0.5522 test_AP=0.5182
  -> New best val_AP=0.5522 (test=0.5182)
Epoch  89/200 [45.7s] | task=0.2242 distill=2.7633 | train_AP=0.5597 val_AP=0.5519 test_AP=0.5171
Epoch  90/200 [46.8s] | task=0.2242 distill=2.7705 | train_AP=0.5583 val_AP=0.5519 test_AP=0.5178
Epoch  91/200 [45.9s] | task=0.2240 distill=2.7790 | train_AP=0.5556 val_AP=0.5559 test_AP=0.5169
  -> New best val_AP=0.5559 (test=0.5169)
Epoch  92/200 [46.6s] | task=0.2231 distill=2.7592 | train_AP=0.5580 val_AP=0.5541 test_AP=0.5204
Epoch  93/200 [44.9s] | task=0.2233 distill=2.7855 | train_AP=0.5602 val_AP=0.5548 test_AP=0.5173
Epoch  94/200 [45.3s] | task=0.2225 distill=2.7735 | train_AP=0.5603 val_AP=0.5526 test_AP=0.5170
Epoch  95/200 [44.2s] | task=0.2227 distill=2.7747 | train_AP=0.5605 val_AP=0.5576 test_AP=0.5207
  -> New best val_AP=0.5576 (test=0.5207)
Epoch  96/200 [45.6s] | task=0.2223 distill=2.7572 | train_AP=0.5641 val_AP=0.5583 test_AP=0.5198
  -> New best val_AP=0.5583 (test=0.5198)
Epoch  97/200 [43.0s] | task=0.2209 distill=2.7809 | train_AP=0.5661 val_AP=0.5595 test_AP=0.5233
  -> New best val_AP=0.5595 (test=0.5233)
Epoch  98/200 [43.9s] | task=0.2214 distill=2.7802 | train_AP=0.5669 val_AP=0.5561 test_AP=0.5183
Epoch  99/200 [43.8s] | task=0.2213 distill=2.7720 | train_AP=0.5667 val_AP=0.5587 test_AP=0.5205
Epoch 100/200 [44.0s] | task=0.2203 distill=2.7912 | train_AP=0.5670 val_AP=0.5607 test_AP=0.5236
  -> New best val_AP=0.5607 (test=0.5236)
Epoch 101/200 [43.8s] | task=0.2216 distill=2.7938 | train_AP=0.5649 val_AP=0.5579 test_AP=0.5206
Epoch 102/200 [42.3s] | task=0.2206 distill=2.7828 | train_AP=0.5705 val_AP=0.5610 test_AP=0.5229
  -> New best val_AP=0.5610 (test=0.5229)
Epoch 103/200 [42.4s] | task=0.2192 distill=2.7846 | train_AP=0.5745 val_AP=0.5619 test_AP=0.5240
  -> New best val_AP=0.5619 (test=0.5240)
Epoch 104/200 [44.9s] | task=0.2183 distill=2.7955 | train_AP=0.5736 val_AP=0.5626 test_AP=0.5241
  -> New best val_AP=0.5626 (test=0.5241)
Epoch 105/200 [42.8s] | task=0.2203 distill=2.7788 | train_AP=0.5700 val_AP=0.5620 test_AP=0.5239
Epoch 106/200 [41.5s] | task=0.2188 distill=2.7830 | train_AP=0.5736 val_AP=0.5628 test_AP=0.5240
  -> New best val_AP=0.5628 (test=0.5240)
Epoch 107/200 [42.2s] | task=0.2191 distill=2.7796 | train_AP=0.5733 val_AP=0.5644 test_AP=0.5235
  -> New best val_AP=0.5644 (test=0.5235)
Epoch 108/200 [43.5s] | task=0.2190 distill=2.7937 | train_AP=0.5734 val_AP=0.5617 test_AP=0.5257
Epoch 109/200 [43.8s] | task=0.2185 distill=2.7842 | train_AP=0.5775 val_AP=0.5642 test_AP=0.5266
Epoch 110/200 [43.1s] | task=0.2184 distill=2.8141 | train_AP=0.5742 val_AP=0.5662 test_AP=0.5258
  -> New best val_AP=0.5662 (test=0.5258)
Epoch 111/200 [42.6s] | task=0.2180 distill=2.7672 | train_AP=0.5767 val_AP=0.5689 test_AP=0.5261
  -> New best val_AP=0.5689 (test=0.5261)
Epoch 112/200 [42.5s] | task=0.2174 distill=2.7981 | train_AP=0.5773 val_AP=0.5641 test_AP=0.5285
Epoch 113/200 [43.2s] | task=0.2171 distill=2.7970 | train_AP=0.5777 val_AP=0.5676 test_AP=0.5284
Epoch 114/200 [43.5s] | task=0.2172 distill=2.7882 | train_AP=0.5786 val_AP=0.5665 test_AP=0.5296
Epoch 115/200 [42.9s] | task=0.2176 distill=2.7884 | train_AP=0.5798 val_AP=0.5664 test_AP=0.5280
Epoch 116/200 [42.5s] | task=0.2164 distill=2.7842 | train_AP=0.5807 val_AP=0.5677 test_AP=0.5292
Epoch 117/200 [44.1s] | task=0.2172 distill=2.7933 | train_AP=0.5799 val_AP=0.5666 test_AP=0.5297
Epoch 118/200 [43.1s] | task=0.2161 distill=2.7823 | train_AP=0.5832 val_AP=0.5686 test_AP=0.5286
Epoch 119/200 [42.2s] | task=0.2154 distill=2.7987 | train_AP=0.5862 val_AP=0.5701 test_AP=0.5283
  -> New best val_AP=0.5701 (test=0.5283)
Epoch 120/200 [43.1s] | task=0.2162 distill=2.7900 | train_AP=0.5808 val_AP=0.5639 test_AP=0.5267
Epoch 121/200 [43.2s] | task=0.2156 distill=2.7901 | train_AP=0.5859 val_AP=0.5684 test_AP=0.5316
Epoch 122/200 [44.6s] | task=0.2150 distill=2.7938 | train_AP=0.5863 val_AP=0.5663 test_AP=0.5313
Epoch 123/200 [43.8s] | task=0.2149 distill=2.7803 | train_AP=0.5854 val_AP=0.5682 test_AP=0.5300
Epoch 124/200 [43.4s] | task=0.2155 distill=2.7927 | train_AP=0.5850 val_AP=0.5683 test_AP=0.5319
Epoch 125/200 [44.8s] | task=0.2147 distill=2.7979 | train_AP=0.5860 val_AP=0.5690 test_AP=0.5316
Epoch 126/200 [43.4s] | task=0.2149 distill=2.7949 | train_AP=0.5866 val_AP=0.5700 test_AP=0.5315
Epoch 127/200 [44.0s] | task=0.2152 distill=2.7908 | train_AP=0.5890 val_AP=0.5703 test_AP=0.5331
  -> New best val_AP=0.5703 (test=0.5331)
Epoch 128/200 [43.1s] | task=0.2146 distill=2.8008 | train_AP=0.5896 val_AP=0.5707 test_AP=0.5335
  -> New best val_AP=0.5707 (test=0.5335)
Epoch 129/200 [43.4s] | task=0.2139 distill=2.8042 | train_AP=0.5911 val_AP=0.5707 test_AP=0.5343
Epoch 130/200 [43.5s] | task=0.2140 distill=2.8026 | train_AP=0.5893 val_AP=0.5707 test_AP=0.5334
  -> New best val_AP=0.5707 (test=0.5334)
Epoch 131/200 [43.2s] | task=0.2137 distill=2.7941 | train_AP=0.5885 val_AP=0.5719 test_AP=0.5338
  -> New best val_AP=0.5719 (test=0.5338)
Epoch 132/200 [43.2s] | task=0.2134 distill=2.7909 | train_AP=0.5928 val_AP=0.5711 test_AP=0.5339
Epoch 133/200 [43.0s] | task=0.2133 distill=2.7940 | train_AP=0.5920 val_AP=0.5726 test_AP=0.5339
  -> New best val_AP=0.5726 (test=0.5339)
Epoch 134/200 [42.7s] | task=0.2129 distill=2.7884 | train_AP=0.5930 val_AP=0.5694 test_AP=0.5353
Epoch 135/200 [43.8s] | task=0.2127 distill=2.7884 | train_AP=0.5929 val_AP=0.5728 test_AP=0.5334
  -> New best val_AP=0.5728 (test=0.5334)
Epoch 136/200 [42.8s] | task=0.2123 distill=2.7932 | train_AP=0.5953 val_AP=0.5720 test_AP=0.5351
Epoch 137/200 [43.2s] | task=0.2126 distill=2.7895 | train_AP=0.5929 val_AP=0.5715 test_AP=0.5339
Epoch 138/200 [42.4s] | task=0.2123 distill=2.7903 | train_AP=0.5923 val_AP=0.5727 test_AP=0.5347
Epoch 139/200 [42.6s] | task=0.2123 distill=2.7949 | train_AP=0.5961 val_AP=0.5736 test_AP=0.5361
  -> New best val_AP=0.5736 (test=0.5361)
Epoch 140/200 [43.6s] | task=0.2129 distill=2.7904 | train_AP=0.5941 val_AP=0.5718 test_AP=0.5363
Epoch 141/200 [43.4s] | task=0.2120 distill=2.7894 | train_AP=0.5946 val_AP=0.5710 test_AP=0.5342
Epoch 142/200 [43.8s] | task=0.2120 distill=2.7850 | train_AP=0.5967 val_AP=0.5728 test_AP=0.5340
Epoch 143/200 [44.1s] | task=0.2123 distill=2.7880 | train_AP=0.5969 val_AP=0.5738 test_AP=0.5359
  -> New best val_AP=0.5738 (test=0.5359)
Epoch 144/200 [44.3s] | task=0.2117 distill=2.7892 | train_AP=0.5998 val_AP=0.5735 test_AP=0.5365
Epoch 145/200 [43.9s] | task=0.2116 distill=2.7852 | train_AP=0.5970 val_AP=0.5726 test_AP=0.5361
Epoch 146/200 [43.3s] | task=0.2117 distill=2.7939 | train_AP=0.5977 val_AP=0.5736 test_AP=0.5359
Epoch 147/200 [44.1s] | task=0.2131 distill=2.7937 | train_AP=0.5950 val_AP=0.5747 test_AP=0.5376
  -> New best val_AP=0.5747 (test=0.5376)
Epoch 148/200 [44.9s] | task=0.2108 distill=2.7861 | train_AP=0.5974 val_AP=0.5747 test_AP=0.5370
Epoch 149/200 [44.6s] | task=0.2112 distill=2.7885 | train_AP=0.6005 val_AP=0.5756 test_AP=0.5372
  -> New best val_AP=0.5756 (test=0.5372)
Epoch 150/200 [42.9s] | task=0.2116 distill=2.7849 | train_AP=0.5970 val_AP=0.5748 test_AP=0.5369
Epoch 151/200 [43.4s] | task=0.2111 distill=2.7920 | train_AP=0.5987 val_AP=0.5736 test_AP=0.5379
Epoch 152/200 [44.0s] | task=0.2108 distill=2.7891 | train_AP=0.5996 val_AP=0.5742 test_AP=0.5373
Epoch 153/200 [43.7s] | task=0.2102 distill=2.7911 | train_AP=0.6016 val_AP=0.5752 test_AP=0.5377
Epoch 154/200 [44.1s] | task=0.2110 distill=2.7926 | train_AP=0.5989 val_AP=0.5756 test_AP=0.5379
Epoch 155/200 [43.7s] | task=0.2105 distill=2.7859 | train_AP=0.6021 val_AP=0.5756 test_AP=0.5378
  -> New best val_AP=0.5756 (test=0.5378)
Epoch 156/200 [43.0s] | task=0.2097 distill=2.7877 | train_AP=0.6015 val_AP=0.5761 test_AP=0.5381
  -> New best val_AP=0.5761 (test=0.5381)
Epoch 157/200 [42.7s] | task=0.2105 distill=2.7883 | train_AP=0.6016 val_AP=0.5758 test_AP=0.5406
Epoch 158/200 [42.9s] | task=0.2104 distill=2.7842 | train_AP=0.6004 val_AP=0.5758 test_AP=0.5391
Epoch 159/200 [42.4s] | task=0.2108 distill=2.7840 | train_AP=0.5984 val_AP=0.5761 test_AP=0.5387
Epoch 160/200 [42.3s] | task=0.2101 distill=2.7821 | train_AP=0.6024 val_AP=0.5766 test_AP=0.5389
  -> New best val_AP=0.5766 (test=0.5389)
Epoch 161/200 [43.3s] | task=0.2099 distill=2.7854 | train_AP=0.6007 val_AP=0.5765 test_AP=0.5392
Epoch 162/200 [42.9s] | task=0.2103 distill=2.7846 | train_AP=0.6023 val_AP=0.5758 test_AP=0.5390
Epoch 163/200 [42.4s] | task=0.2095 distill=2.7841 | train_AP=0.6040 val_AP=0.5757 test_AP=0.5391
Epoch 164/200 [43.9s] | task=0.2097 distill=2.7841 | train_AP=0.6021 val_AP=0.5763 test_AP=0.5387
Epoch 165/200 [44.0s] | task=0.2096 distill=2.7810 | train_AP=0.6052 val_AP=0.5755 test_AP=0.5383
Epoch 166/200 [44.2s] | task=0.2099 distill=2.7863 | train_AP=0.6013 val_AP=0.5780 test_AP=0.5406
  -> New best val_AP=0.5780 (test=0.5406)
Epoch 167/200 [43.0s] | task=0.2100 distill=2.7818 | train_AP=0.6019 val_AP=0.5769 test_AP=0.5402
Epoch 168/200 [44.2s] | task=0.2097 distill=2.7810 | train_AP=0.6015 val_AP=0.5765 test_AP=0.5395
Epoch 169/200 [43.5s] | task=0.2097 distill=2.7833 | train_AP=0.6024 val_AP=0.5769 test_AP=0.5403
Epoch 170/200 [42.8s] | task=0.2093 distill=2.7819 | train_AP=0.6041 val_AP=0.5776 test_AP=0.5391
Epoch 171/200 [43.6s] | task=0.2090 distill=2.7843 | train_AP=0.6051 val_AP=0.5768 test_AP=0.5395
Epoch 172/200 [43.3s] | task=0.2092 distill=2.7840 | train_AP=0.6034 val_AP=0.5781 test_AP=0.5405
  -> New best val_AP=0.5781 (test=0.5405)
Epoch 173/200 [43.0s] | task=0.2089 distill=2.7815 | train_AP=0.6024 val_AP=0.5768 test_AP=0.5399
Epoch 174/200 [43.2s] | task=0.2091 distill=2.7806 | train_AP=0.6022 val_AP=0.5775 test_AP=0.5395
Epoch 175/200 [43.3s] | task=0.2094 distill=2.7791 | train_AP=0.6036 val_AP=0.5772 test_AP=0.5395
Epoch 176/200 [44.6s] | task=0.2094 distill=2.7777 | train_AP=0.6045 val_AP=0.5769 test_AP=0.5392
Epoch 177/200 [42.6s] | task=0.2094 distill=2.7817 | train_AP=0.6044 val_AP=0.5776 test_AP=0.5404
Epoch 178/200 [43.8s] | task=0.2091 distill=2.7801 | train_AP=0.6051 val_AP=0.5777 test_AP=0.5404
Epoch 179/200 [43.7s] | task=0.2097 distill=2.7842 | train_AP=0.6013 val_AP=0.5772 test_AP=0.5392
Epoch 180/200 [44.0s] | task=0.2087 distill=2.7776 | train_AP=0.6050 val_AP=0.5777 test_AP=0.5399
Epoch 181/200 [44.3s] | task=0.2090 distill=2.7803 | train_AP=0.6051 val_AP=0.5775 test_AP=0.5394
Epoch 182/200 [42.4s] | task=0.2089 distill=2.7793 | train_AP=0.6037 val_AP=0.5778 test_AP=0.5399
Epoch 183/200 [43.4s] | task=0.2084 distill=2.7801 | train_AP=0.6071 val_AP=0.5780 test_AP=0.5401
Epoch 184/200 [43.7s] | task=0.2087 distill=2.7803 | train_AP=0.6061 val_AP=0.5775 test_AP=0.5398
Epoch 185/200 [43.5s] | task=0.2091 distill=2.7795 | train_AP=0.6041 val_AP=0.5779 test_AP=0.5400
Epoch 186/200 [45.3s] | task=0.2090 distill=2.7785 | train_AP=0.6071 val_AP=0.5777 test_AP=0.5398
Epoch 187/200 [44.3s] | task=0.2088 distill=2.7819 | train_AP=0.6061 val_AP=0.5775 test_AP=0.5396
Epoch 188/200 [43.9s] | task=0.2087 distill=2.7802 | train_AP=0.6052 val_AP=0.5779 test_AP=0.5400
Epoch 189/200 [43.6s] | task=0.2093 distill=2.7797 | train_AP=0.6040 val_AP=0.5778 test_AP=0.5399
Epoch 190/200 [43.7s] | task=0.2089 distill=2.7811 | train_AP=0.6063 val_AP=0.5778 test_AP=0.5398
Epoch 191/200 [44.2s] | task=0.2083 distill=2.7783 | train_AP=0.6079 val_AP=0.5777 test_AP=0.5398
Epoch 192/200 [43.9s] | task=0.2084 distill=2.7805 | train_AP=0.6059 val_AP=0.5778 test_AP=0.5398
Epoch 193/200 [43.2s] | task=0.2090 distill=2.7806 | train_AP=0.6035 val_AP=0.5778 test_AP=0.5400
Epoch 194/200 [43.1s] | task=0.2082 distill=2.7788 | train_AP=0.6071 val_AP=0.5778 test_AP=0.5400
Epoch 195/200 [43.6s] | task=0.2085 distill=2.7790 | train_AP=0.6053 val_AP=0.5778 test_AP=0.5399
Epoch 196/200 [44.0s] | task=0.2084 distill=2.7793 | train_AP=0.6061 val_AP=0.5778 test_AP=0.5399
Epoch 197/200 [44.3s] | task=0.2092 distill=2.7794 | train_AP=0.6044 val_AP=0.5778 test_AP=0.5400
Epoch 198/200 [43.8s] | task=0.2083 distill=2.7800 | train_AP=0.6068 val_AP=0.5778 test_AP=0.5400
Epoch 199/200 [43.8s] | task=0.2082 distill=2.7793 | train_AP=0.6069 val_AP=0.5778 test_AP=0.5399
Epoch 200/200 [43.7s] | task=0.2092 distill=2.7797 | train_AP=0.6022 val_AP=0.5778 test_AP=0.5400

Done. Baseline val_AP=0.1617 | Best distilled val_AP=0.5781 at epoch 172
