
============================================================
PRETRAIN: Train Model from scratch
  backbone=vanilla_gt
  hidden_dim=512, num_layers=1, num_heads=16
  s1_lr=3e-05, s1_weight_decay=0.0003, dropout=0.1
  s1_max_epochs=300, s1_patience=50
============================================================
  Parameters: 3,770,378
Epoch   1/300 [11.2s mem=21879MB] | train_loss=0.6894 train_AP=0.1652 | val_loss=0.6646 val_AP=0.1886
  -> New best: val_loss=0.6646 val_AP=0.1886, saved
Epoch   2/300 [10.6s mem=21874MB] | train_loss=0.6274 train_AP=0.1669 | val_loss=0.5792 val_AP=0.1918
  -> New best: val_loss=0.5792 val_AP=0.1918, saved
Epoch   3/300 [10.5s mem=21878MB] | train_loss=0.5314 train_AP=0.1677 | val_loss=0.4702 val_AP=0.2050
  -> New best: val_loss=0.4702 val_AP=0.2050, saved
Epoch   4/300 [10.6s mem=21884MB] | train_loss=0.4250 train_AP=0.1668 | val_loss=0.3801 val_AP=0.1961
  -> New best: val_loss=0.3801 val_AP=0.2050, saved
Epoch   5/300 [10.3s mem=21885MB] | train_loss=0.3680 train_AP=0.1668 | val_loss=0.3591 val_AP=0.1979
  -> New best: val_loss=0.3591 val_AP=0.2050, saved
Epoch   6/300 [10.7s mem=21889MB] | train_loss=0.3595 train_AP=0.1656 | val_loss=0.3574 val_AP=0.2040
  -> New best: val_loss=0.3574 val_AP=0.2050, saved
Epoch   7/300 [10.7s mem=21885MB] | train_loss=0.3589 train_AP=0.1671 | val_loss=0.3574 val_AP=0.2093
  -> New best: val_loss=0.3574 val_AP=0.2093, saved
Epoch   8/300 [10.7s mem=21887MB] | train_loss=0.3587 train_AP=0.1662 | val_loss=0.3571 val_AP=0.2158
  -> New best: val_loss=0.3571 val_AP=0.2158, saved
Epoch   9/300 [10.6s mem=21881MB] | train_loss=0.3587 train_AP=0.1670 | val_loss=0.3570 val_AP=0.2200
  -> New best: val_loss=0.3570 val_AP=0.2200, saved
Epoch  10/300 [10.7s mem=21878MB] | train_loss=0.3583 train_AP=0.1689 | val_loss=0.3568 val_AP=0.2250 | test_AP=0.2197
  -> New best: val_loss=0.3568 val_AP=0.2250, saved
Epoch  11/300 [10.7s mem=21885MB] | train_loss=0.3577 train_AP=0.1717 | val_loss=0.3561 val_AP=0.2272
  -> New best: val_loss=0.3561 val_AP=0.2272, saved
Epoch  12/300 [10.7s mem=21891MB] | train_loss=0.3574 train_AP=0.1735 | val_loss=0.3545 val_AP=0.2358
  -> New best: val_loss=0.3545 val_AP=0.2358, saved
Epoch  13/300 [10.7s mem=21878MB] | train_loss=0.3537 train_AP=0.1887 | val_loss=0.3479 val_AP=0.2403
  -> New best: val_loss=0.3479 val_AP=0.2403, saved
Epoch  14/300 [10.7s mem=21896MB] | train_loss=0.3482 train_AP=0.2160 | val_loss=0.3392 val_AP=0.2626
  -> New best: val_loss=0.3392 val_AP=0.2626, saved
Epoch  15/300 [10.7s mem=21894MB] | train_loss=0.3376 train_AP=0.2445 | val_loss=0.3261 val_AP=0.2880
  -> New best: val_loss=0.3261 val_AP=0.2880, saved
Epoch  16/300 [10.6s mem=21875MB] | train_loss=0.3260 train_AP=0.2771 | val_loss=0.3181 val_AP=0.3259
  -> New best: val_loss=0.3181 val_AP=0.3259, saved
Epoch  17/300 [10.7s mem=21886MB] | train_loss=0.3150 train_AP=0.3112 | val_loss=0.3057 val_AP=0.3499
  -> New best: val_loss=0.3057 val_AP=0.3499, saved
Epoch  18/300 [10.7s mem=21878MB] | train_loss=0.3053 train_AP=0.3383 | val_loss=0.2960 val_AP=0.3659
  -> New best: val_loss=0.2960 val_AP=0.3659, saved
Epoch  19/300 [10.6s mem=21881MB] | train_loss=0.2984 train_AP=0.3584 | val_loss=0.2919 val_AP=0.3815
  -> New best: val_loss=0.2919 val_AP=0.3815, saved
Epoch  20/300 [10.7s mem=21877MB] | train_loss=0.2925 train_AP=0.3710 | val_loss=0.2876 val_AP=0.3908 | test_AP=0.3809
  -> New best: val_loss=0.2876 val_AP=0.3908, saved
Epoch  21/300 [10.7s mem=21881MB] | train_loss=0.2877 train_AP=0.3831 | val_loss=0.2823 val_AP=0.4034
  -> New best: val_loss=0.2823 val_AP=0.4034, saved
Epoch  22/300 [10.7s mem=21876MB] | train_loss=0.2837 train_AP=0.3942 | val_loss=0.2813 val_AP=0.4118
  -> New best: val_loss=0.2813 val_AP=0.4118, saved
Epoch  23/300 [10.7s mem=21872MB] | train_loss=0.2814 train_AP=0.3985 | val_loss=0.2796 val_AP=0.4175
  -> New best: val_loss=0.2796 val_AP=0.4175, saved
Epoch  24/300 [10.7s mem=21888MB] | train_loss=0.2774 train_AP=0.4108 | val_loss=0.2760 val_AP=0.4239
  -> New best: val_loss=0.2760 val_AP=0.4239, saved
Epoch  25/300 [10.7s mem=21889MB] | train_loss=0.2746 train_AP=0.4178 | val_loss=0.2725 val_AP=0.4331
  -> New best: val_loss=0.2725 val_AP=0.4331, saved
Epoch  26/300 [10.7s mem=21886MB] | train_loss=0.2721 train_AP=0.4192 | val_loss=0.2744 val_AP=0.4342
  -> New best: val_loss=0.2725 val_AP=0.4342, saved
Epoch  27/300 [10.7s mem=21885MB] | train_loss=0.2698 train_AP=0.4290 | val_loss=0.2703 val_AP=0.4389
  -> New best: val_loss=0.2703 val_AP=0.4389, saved
Epoch  28/300 [10.7s mem=21888MB] | train_loss=0.2683 train_AP=0.4301 | val_loss=0.2754 val_AP=0.4382
Epoch  29/300 [10.5s mem=21877MB] | train_loss=0.2653 train_AP=0.4382 | val_loss=0.2668 val_AP=0.4496
  -> New best: val_loss=0.2668 val_AP=0.4496, saved
Epoch  30/300 [10.7s mem=21897MB] | train_loss=0.2626 train_AP=0.4474 | val_loss=0.2644 val_AP=0.4549 | test_AP=0.4432
  -> New best: val_loss=0.2644 val_AP=0.4549, saved
Epoch  31/300 [10.7s mem=21885MB] | train_loss=0.2606 train_AP=0.4519 | val_loss=0.2637 val_AP=0.4633
  -> New best: val_loss=0.2637 val_AP=0.4633, saved
Epoch  32/300 [10.6s mem=21879MB] | train_loss=0.2589 train_AP=0.4562 | val_loss=0.2640 val_AP=0.4596
Epoch  33/300 [10.5s mem=21877MB] | train_loss=0.2569 train_AP=0.4591 | val_loss=0.2593 val_AP=0.4682
  -> New best: val_loss=0.2593 val_AP=0.4682, saved
Epoch  34/300 [10.6s mem=21879MB] | train_loss=0.2556 train_AP=0.4633 | val_loss=0.2610 val_AP=0.4757
  -> New best: val_loss=0.2593 val_AP=0.4757, saved
Epoch  35/300 [10.7s mem=21879MB] | train_loss=0.2558 train_AP=0.4667 | val_loss=0.2614 val_AP=0.4754
Epoch  36/300 [10.5s mem=21883MB] | train_loss=0.2529 train_AP=0.4724 | val_loss=0.2581 val_AP=0.4807
  -> New best: val_loss=0.2581 val_AP=0.4807, saved
Epoch  37/300 [10.7s mem=21893MB] | train_loss=0.2509 train_AP=0.4743 | val_loss=0.2549 val_AP=0.4843
  -> New best: val_loss=0.2549 val_AP=0.4843, saved
Epoch  38/300 [10.4s mem=21898MB] | train_loss=0.2507 train_AP=0.4755 | val_loss=0.2573 val_AP=0.4812
Epoch  39/300 [10.9s mem=21884MB] | train_loss=0.2489 train_AP=0.4816 | val_loss=0.2512 val_AP=0.4941
  -> New best: val_loss=0.2512 val_AP=0.4941, saved
Epoch  40/300 [10.8s mem=21879MB] | train_loss=0.2489 train_AP=0.4783 | val_loss=0.2530 val_AP=0.4932 | test_AP=0.4737
Epoch  41/300 [10.6s mem=21889MB] | train_loss=0.2479 train_AP=0.4821 | val_loss=0.2535 val_AP=0.4912
Epoch  42/300 [10.8s mem=21817MB] | train_loss=0.2467 train_AP=0.4856 | val_loss=0.2524 val_AP=0.4947
  -> New best: val_loss=0.2512 val_AP=0.4947, saved
Epoch  43/300 [10.8s mem=21877MB] | train_loss=0.2455 train_AP=0.4903 | val_loss=0.2492 val_AP=0.5005
  -> New best: val_loss=0.2492 val_AP=0.5005, saved
Epoch  44/300 [10.8s mem=21876MB] | train_loss=0.2441 train_AP=0.4928 | val_loss=0.2516 val_AP=0.5008
  -> New best: val_loss=0.2492 val_AP=0.5008, saved
Epoch  45/300 [10.8s mem=21895MB] | train_loss=0.2428 train_AP=0.4955 | val_loss=0.2507 val_AP=0.5093
  -> New best: val_loss=0.2492 val_AP=0.5093, saved
Epoch  46/300 [10.8s mem=21880MB] | train_loss=0.2434 train_AP=0.4959 | val_loss=0.2491 val_AP=0.5078
  -> New best: val_loss=0.2491 val_AP=0.5093, saved
Epoch  47/300 [10.8s mem=21887MB] | train_loss=0.2425 train_AP=0.4978 | val_loss=0.2520 val_AP=0.5096
  -> New best: val_loss=0.2491 val_AP=0.5096, saved
Epoch  48/300 [10.8s mem=21880MB] | train_loss=0.2422 train_AP=0.4981 | val_loss=0.2502 val_AP=0.5171
  -> New best: val_loss=0.2491 val_AP=0.5171, saved
Epoch  49/300 [10.9s mem=21879MB] | train_loss=0.2415 train_AP=0.5001 | val_loss=0.2472 val_AP=0.5141
  -> New best: val_loss=0.2472 val_AP=0.5171, saved
Epoch  50/300 [10.9s mem=21878MB] | train_loss=0.2396 train_AP=0.5059 | val_loss=0.2461 val_AP=0.5176 | test_AP=0.4890
  -> New best: val_loss=0.2461 val_AP=0.5176, saved
Epoch  51/300 [10.9s mem=21890MB] | train_loss=0.2389 train_AP=0.5069 | val_loss=0.2466 val_AP=0.5189
  -> New best: val_loss=0.2461 val_AP=0.5189, saved
Epoch  52/300 [10.9s mem=21883MB] | train_loss=0.2384 train_AP=0.5114 | val_loss=0.2463 val_AP=0.5203
  -> New best: val_loss=0.2461 val_AP=0.5203, saved
Epoch  53/300 [10.8s mem=21880MB] | train_loss=0.2375 train_AP=0.5108 | val_loss=0.2479 val_AP=0.5248
  -> New best: val_loss=0.2461 val_AP=0.5248, saved
Epoch  54/300 [10.9s mem=21887MB] | train_loss=0.2373 train_AP=0.5133 | val_loss=0.2501 val_AP=0.5244
Epoch  55/300 [10.7s mem=21884MB] | train_loss=0.2366 train_AP=0.5140 | val_loss=0.2441 val_AP=0.5283
  -> New best: val_loss=0.2441 val_AP=0.5283, saved
Epoch  56/300 [10.8s mem=21890MB] | train_loss=0.2356 train_AP=0.5175 | val_loss=0.2451 val_AP=0.5310
  -> New best: val_loss=0.2441 val_AP=0.5310, saved
Epoch  57/300 [10.9s mem=21877MB] | train_loss=0.2351 train_AP=0.5202 | val_loss=0.2432 val_AP=0.5323
  -> New best: val_loss=0.2432 val_AP=0.5323, saved
Epoch  58/300 [10.9s mem=21881MB] | train_loss=0.2355 train_AP=0.5155 | val_loss=0.2457 val_AP=0.5281
Epoch  59/300 [10.8s mem=21893MB] | train_loss=0.2341 train_AP=0.5246 | val_loss=0.2448 val_AP=0.5308
Epoch  60/300 [10.6s mem=21887MB] | train_loss=0.2345 train_AP=0.5254 | val_loss=0.2470 val_AP=0.5221 | test_AP=0.4983
Epoch  61/300 [10.6s mem=21879MB] | train_loss=0.2343 train_AP=0.5235 | val_loss=0.2413 val_AP=0.5369
  -> New best: val_loss=0.2413 val_AP=0.5369, saved
Epoch  62/300 [10.7s mem=21876MB] | train_loss=0.2317 train_AP=0.5290 | val_loss=0.2429 val_AP=0.5356
Epoch  63/300 [10.8s mem=21886MB] | train_loss=0.2315 train_AP=0.5321 | val_loss=0.2433 val_AP=0.5376
  -> New best: val_loss=0.2413 val_AP=0.5376, saved
Epoch  64/300 [10.5s mem=21888MB] | train_loss=0.2308 train_AP=0.5316 | val_loss=0.2398 val_AP=0.5412
  -> New best: val_loss=0.2398 val_AP=0.5412, saved
Epoch  65/300 [10.8s mem=21824MB] | train_loss=0.2299 train_AP=0.5355 | val_loss=0.2391 val_AP=0.5445
  -> New best: val_loss=0.2391 val_AP=0.5445, saved
Epoch  66/300 [10.7s mem=21893MB] | train_loss=0.2295 train_AP=0.5363 | val_loss=0.2398 val_AP=0.5464
  -> New best: val_loss=0.2391 val_AP=0.5464, saved
Epoch  67/300 [10.8s mem=21871MB] | train_loss=0.2287 train_AP=0.5420 | val_loss=0.2417 val_AP=0.5463
Epoch  68/300 [10.6s mem=21879MB] | train_loss=0.2289 train_AP=0.5392 | val_loss=0.2398 val_AP=0.5462
Epoch  69/300 [10.8s mem=21889MB] | train_loss=0.2281 train_AP=0.5440 | val_loss=0.2367 val_AP=0.5497
  -> New best: val_loss=0.2367 val_AP=0.5497, saved
Epoch  70/300 [10.7s mem=21881MB] | train_loss=0.2261 train_AP=0.5502 | val_loss=0.2391 val_AP=0.5500 | test_AP=0.5199
  -> New best: val_loss=0.2367 val_AP=0.5500, saved
Epoch  71/300 [10.8s mem=21887MB] | train_loss=0.2257 train_AP=0.5508 | val_loss=0.2362 val_AP=0.5524
  -> New best: val_loss=0.2362 val_AP=0.5524, saved
Epoch  72/300 [10.5s mem=21884MB] | train_loss=0.2273 train_AP=0.5496 | val_loss=0.2377 val_AP=0.5568
  -> New best: val_loss=0.2362 val_AP=0.5568, saved
Epoch  73/300 [10.9s mem=21882MB] | train_loss=0.2259 train_AP=0.5532 | val_loss=0.2380 val_AP=0.5525
Epoch  74/300 [10.6s mem=21885MB] | train_loss=0.2252 train_AP=0.5525 | val_loss=0.2355 val_AP=0.5572
  -> New best: val_loss=0.2355 val_AP=0.5572, saved
Epoch  75/300 [10.8s mem=21874MB] | train_loss=0.2246 train_AP=0.5567 | val_loss=0.2375 val_AP=0.5557
Epoch  76/300 [10.8s mem=21890MB] | train_loss=0.2232 train_AP=0.5602 | val_loss=0.2342 val_AP=0.5605
  -> New best: val_loss=0.2342 val_AP=0.5605, saved
Epoch  77/300 [10.7s mem=21885MB] | train_loss=0.2230 train_AP=0.5620 | val_loss=0.2376 val_AP=0.5593
Epoch  78/300 [10.7s mem=21885MB] | train_loss=0.2227 train_AP=0.5617 | val_loss=0.2336 val_AP=0.5589
  -> New best: val_loss=0.2336 val_AP=0.5605, saved
Epoch  79/300 [10.6s mem=21887MB] | train_loss=0.2224 train_AP=0.5645 | val_loss=0.2378 val_AP=0.5625
  -> New best: val_loss=0.2336 val_AP=0.5625, saved
Epoch  80/300 [10.7s mem=21887MB] | train_loss=0.2217 train_AP=0.5658 | val_loss=0.2376 val_AP=0.5594 | test_AP=0.5262
Epoch  81/300 [10.7s mem=21895MB] | train_loss=0.2214 train_AP=0.5684 | val_loss=0.2372 val_AP=0.5603
Epoch  82/300 [10.6s mem=21883MB] | train_loss=0.2207 train_AP=0.5709 | val_loss=0.2360 val_AP=0.5580
Epoch  83/300 [10.6s mem=21886MB] | train_loss=0.2206 train_AP=0.5720 | val_loss=0.2380 val_AP=0.5621
Epoch  84/300 [10.6s mem=21882MB] | train_loss=0.2190 train_AP=0.5710 | val_loss=0.2350 val_AP=0.5615
Epoch  85/300 [10.5s mem=21889MB] | train_loss=0.2191 train_AP=0.5773 | val_loss=0.2359 val_AP=0.5583
Epoch  86/300 [10.6s mem=21881MB] | train_loss=0.2176 train_AP=0.5767 | val_loss=0.2326 val_AP=0.5661
  -> New best: val_loss=0.2326 val_AP=0.5661, saved
Epoch  87/300 [10.7s mem=21876MB] | train_loss=0.2177 train_AP=0.5788 | val_loss=0.2330 val_AP=0.5676
  -> New best: val_loss=0.2326 val_AP=0.5676, saved
Epoch  88/300 [10.7s mem=21880MB] | train_loss=0.2176 train_AP=0.5776 | val_loss=0.2308 val_AP=0.5725
  -> New best: val_loss=0.2308 val_AP=0.5725, saved
Epoch  89/300 [10.7s mem=21886MB] | train_loss=0.2159 train_AP=0.5844 | val_loss=0.2355 val_AP=0.5626
Epoch  90/300 [10.6s mem=21814MB] | train_loss=0.2165 train_AP=0.5830 | val_loss=0.2331 val_AP=0.5699 | test_AP=0.5350
Epoch  91/300 [10.7s mem=21867MB] | train_loss=0.2154 train_AP=0.5881 | val_loss=0.2329 val_AP=0.5726
  -> New best: val_loss=0.2308 val_AP=0.5726, saved
Epoch  92/300 [10.7s mem=21883MB] | train_loss=0.2157 train_AP=0.5857 | val_loss=0.2304 val_AP=0.5718
  -> New best: val_loss=0.2304 val_AP=0.5726, saved
Epoch  93/300 [10.8s mem=21879MB] | train_loss=0.2152 train_AP=0.5854 | val_loss=0.2310 val_AP=0.5713
Epoch  94/300 [10.7s mem=21893MB] | train_loss=0.2142 train_AP=0.5916 | val_loss=0.2306 val_AP=0.5774
  -> New best: val_loss=0.2304 val_AP=0.5774, saved
Epoch  95/300 [10.9s mem=21876MB] | train_loss=0.2134 train_AP=0.5930 | val_loss=0.2323 val_AP=0.5718
Epoch  96/300 [10.8s mem=21879MB] | train_loss=0.2132 train_AP=0.5936 | val_loss=0.2296 val_AP=0.5742
  -> New best: val_loss=0.2296 val_AP=0.5774, saved
Epoch  97/300 [10.7s mem=21890MB] | train_loss=0.2132 train_AP=0.5948 | val_loss=0.2286 val_AP=0.5781
  -> New best: val_loss=0.2286 val_AP=0.5781, saved
Epoch  98/300 [10.6s mem=21894MB] | train_loss=0.2119 train_AP=0.5963 | val_loss=0.2281 val_AP=0.5780
  -> New best: val_loss=0.2281 val_AP=0.5781, saved
Epoch  99/300 [10.7s mem=21889MB] | train_loss=0.2107 train_AP=0.6013 | val_loss=0.2292 val_AP=0.5804
  -> New best: val_loss=0.2281 val_AP=0.5804, saved
Epoch 100/300 [10.6s mem=21890MB] | train_loss=0.2104 train_AP=0.6015 | val_loss=0.2292 val_AP=0.5782 | test_AP=0.5453
Epoch 101/300 [10.8s mem=21882MB] | train_loss=0.2116 train_AP=0.5965 | val_loss=0.2284 val_AP=0.5776
Epoch 102/300 [10.7s mem=21874MB] | train_loss=0.2106 train_AP=0.6010 | val_loss=0.2294 val_AP=0.5782
Epoch 103/300 [10.5s mem=21881MB] | train_loss=0.2094 train_AP=0.5996 | val_loss=0.2275 val_AP=0.5819
  -> New best: val_loss=0.2275 val_AP=0.5819, saved
Epoch 104/300 [10.7s mem=21879MB] | train_loss=0.2087 train_AP=0.6053 | val_loss=0.2298 val_AP=0.5806
Epoch 105/300 [10.6s mem=21877MB] | train_loss=0.2082 train_AP=0.6070 | val_loss=0.2319 val_AP=0.5822
  -> New best: val_loss=0.2275 val_AP=0.5822, saved
Epoch 106/300 [10.4s mem=21897MB] | train_loss=0.2081 train_AP=0.6068 | val_loss=0.2280 val_AP=0.5834
  -> New best: val_loss=0.2275 val_AP=0.5834, saved
Epoch 107/300 [10.7s mem=21877MB] | train_loss=0.2084 train_AP=0.6063 | val_loss=0.2271 val_AP=0.5827
  -> New best: val_loss=0.2271 val_AP=0.5834, saved
Epoch 108/300 [10.7s mem=21891MB] | train_loss=0.2075 train_AP=0.6110 | val_loss=0.2312 val_AP=0.5859
  -> New best: val_loss=0.2271 val_AP=0.5859, saved
Epoch 109/300 [10.6s mem=21883MB] | train_loss=0.2071 train_AP=0.6108 | val_loss=0.2275 val_AP=0.5839
Epoch 110/300 [10.8s mem=21887MB] | train_loss=0.2060 train_AP=0.6129 | val_loss=0.2260 val_AP=0.5870 | test_AP=0.5519
  -> New best: val_loss=0.2260 val_AP=0.5870, saved
Epoch 111/300 [10.8s mem=21880MB] | train_loss=0.2050 train_AP=0.6183 | val_loss=0.2279 val_AP=0.5844
Epoch 112/300 [10.7s mem=21883MB] | train_loss=0.2053 train_AP=0.6163 | val_loss=0.2256 val_AP=0.5867
  -> New best: val_loss=0.2256 val_AP=0.5870, saved
Epoch 113/300 [10.6s mem=21878MB] | train_loss=0.2052 train_AP=0.6178 | val_loss=0.2253 val_AP=0.5873
  -> New best: val_loss=0.2253 val_AP=0.5873, saved
Epoch 114/300 [10.8s mem=21879MB] | train_loss=0.2046 train_AP=0.6184 | val_loss=0.2238 val_AP=0.5892
  -> New best: val_loss=0.2238 val_AP=0.5892, saved
Epoch 115/300 [10.6s mem=21891MB] | train_loss=0.2038 train_AP=0.6196 | val_loss=0.2259 val_AP=0.5873
Epoch 116/300 [10.5s mem=21883MB] | train_loss=0.2032 train_AP=0.6238 | val_loss=0.2250 val_AP=0.5877
Epoch 117/300 [10.5s mem=21880MB] | train_loss=0.2027 train_AP=0.6259 | val_loss=0.2281 val_AP=0.5875
Epoch 118/300 [10.7s mem=21880MB] | train_loss=0.2022 train_AP=0.6245 | val_loss=0.2270 val_AP=0.5900
  -> New best: val_loss=0.2238 val_AP=0.5900, saved
Epoch 119/300 [10.7s mem=21877MB] | train_loss=0.2027 train_AP=0.6268 | val_loss=0.2333 val_AP=0.5805
Epoch 120/300 [10.5s mem=21895MB] | train_loss=0.2018 train_AP=0.6256 | val_loss=0.2243 val_AP=0.5896 | test_AP=0.5583
Epoch 121/300 [10.6s mem=21876MB] | train_loss=0.2012 train_AP=0.6288 | val_loss=0.2264 val_AP=0.5892
Epoch 122/300 [10.5s mem=21885MB] | train_loss=0.2011 train_AP=0.6265 | val_loss=0.2261 val_AP=0.5910
  -> New best: val_loss=0.2238 val_AP=0.5910, saved
Epoch 123/300 [10.6s mem=21894MB] | train_loss=0.2005 train_AP=0.6319 | val_loss=0.2278 val_AP=0.5873
Epoch 124/300 [10.5s mem=21886MB] | train_loss=0.2003 train_AP=0.6326 | val_loss=0.2244 val_AP=0.5934
  -> New best: val_loss=0.2238 val_AP=0.5934, saved
Epoch 125/300 [10.6s mem=21885MB] | train_loss=0.1999 train_AP=0.6326 | val_loss=0.2246 val_AP=0.5943
  -> New best: val_loss=0.2238 val_AP=0.5943, saved
Epoch 126/300 [10.7s mem=21884MB] | train_loss=0.1993 train_AP=0.6342 | val_loss=0.2262 val_AP=0.5968
  -> New best: val_loss=0.2238 val_AP=0.5968, saved
Epoch 127/300 [10.7s mem=21898MB] | train_loss=0.1984 train_AP=0.6373 | val_loss=0.2247 val_AP=0.5950
Epoch 128/300 [10.5s mem=21880MB] | train_loss=0.1984 train_AP=0.6360 | val_loss=0.2258 val_AP=0.5916
Epoch 129/300 [10.7s mem=21885MB] | train_loss=0.1980 train_AP=0.6368 | val_loss=0.2224 val_AP=0.5950
  -> New best: val_loss=0.2224 val_AP=0.5968, saved
Epoch 130/300 [10.7s mem=21879MB] | train_loss=0.1983 train_AP=0.6393 | val_loss=0.2226 val_AP=0.5951 | test_AP=0.5620
Epoch 131/300 [10.6s mem=21889MB] | train_loss=0.1969 train_AP=0.6412 | val_loss=0.2239 val_AP=0.5933
Epoch 132/300 [10.5s mem=21891MB] | train_loss=0.1979 train_AP=0.6401 | val_loss=0.2258 val_AP=0.5954
Epoch 133/300 [10.4s mem=21873MB] | train_loss=0.1965 train_AP=0.6383 | val_loss=0.2263 val_AP=0.5925
Epoch 134/300 [10.7s mem=21877MB] | train_loss=0.1964 train_AP=0.6427 | val_loss=0.2229 val_AP=0.5964
Epoch 135/300 [10.7s mem=21887MB] | train_loss=0.1961 train_AP=0.6427 | val_loss=0.2246 val_AP=0.5959
Epoch 136/300 [10.5s mem=21884MB] | train_loss=0.1956 train_AP=0.6434 | val_loss=0.2244 val_AP=0.5948
Epoch 137/300 [10.5s mem=21888MB] | train_loss=0.1950 train_AP=0.6453 | val_loss=0.2257 val_AP=0.5961
Epoch 138/300 [10.7s mem=21886MB] | train_loss=0.1941 train_AP=0.6483 | val_loss=0.2257 val_AP=0.5982
  -> New best: val_loss=0.2224 val_AP=0.5982, saved
Epoch 139/300 [10.7s mem=21885MB] | train_loss=0.1940 train_AP=0.6473 | val_loss=0.2257 val_AP=0.5948
Epoch 140/300 [10.4s mem=21820MB] | train_loss=0.1940 train_AP=0.6500 | val_loss=0.2245 val_AP=0.5983 | test_AP=0.5648
  -> New best: val_loss=0.2224 val_AP=0.5983, saved
Epoch 141/300 [10.4s mem=21900MB] | train_loss=0.1934 train_AP=0.6489 | val_loss=0.2242 val_AP=0.5998
  -> New best: val_loss=0.2224 val_AP=0.5998, saved
Epoch 142/300 [10.6s mem=21817MB] | train_loss=0.1932 train_AP=0.6503 | val_loss=0.2241 val_AP=0.5984
Epoch 143/300 [10.5s mem=21882MB] | train_loss=0.1935 train_AP=0.6513 | val_loss=0.2269 val_AP=0.5941
Epoch 144/300 [10.7s mem=21893MB] | train_loss=0.1924 train_AP=0.6535 | val_loss=0.2239 val_AP=0.5979
Epoch 145/300 [10.5s mem=21879MB] | train_loss=0.1916 train_AP=0.6553 | val_loss=0.2223 val_AP=0.5995
  -> New best: val_loss=0.2223 val_AP=0.5998, saved
Epoch 146/300 [10.7s mem=21880MB] | train_loss=0.1923 train_AP=0.6541 | val_loss=0.2222 val_AP=0.6012
  -> New best: val_loss=0.2222 val_AP=0.6012, saved
Epoch 147/300 [10.6s mem=21888MB] | train_loss=0.1909 train_AP=0.6577 | val_loss=0.2229 val_AP=0.5999
Epoch 148/300 [10.5s mem=21877MB] | train_loss=0.1916 train_AP=0.6550 | val_loss=0.2229 val_AP=0.6030
  -> New best: val_loss=0.2222 val_AP=0.6030, saved
Epoch 149/300 [10.7s mem=21881MB] | train_loss=0.1903 train_AP=0.6598 | val_loss=0.2232 val_AP=0.5997
Epoch 150/300 [10.5s mem=21882MB] | train_loss=0.1907 train_AP=0.6603 | val_loss=0.2243 val_AP=0.6016 | test_AP=0.5693
Epoch 151/300 [10.6s mem=21890MB] | train_loss=0.1900 train_AP=0.6604 | val_loss=0.2208 val_AP=0.6062
  -> New best: val_loss=0.2208 val_AP=0.6062, saved
Epoch 152/300 [10.6s mem=21880MB] | train_loss=0.1899 train_AP=0.6640 | val_loss=0.2234 val_AP=0.6022
Epoch 153/300 [10.5s mem=21867MB] | train_loss=0.1892 train_AP=0.6628 | val_loss=0.2217 val_AP=0.6043
Epoch 154/300 [10.5s mem=21891MB] | train_loss=0.1890 train_AP=0.6605 | val_loss=0.2223 val_AP=0.6027
Epoch 155/300 [10.5s mem=21886MB] | train_loss=0.1893 train_AP=0.6619 | val_loss=0.2232 val_AP=0.6034
Epoch 156/300 [10.7s mem=21889MB] | train_loss=0.1891 train_AP=0.6632 | val_loss=0.2224 val_AP=0.6058
Epoch 157/300 [10.6s mem=21885MB] | train_loss=0.1877 train_AP=0.6654 | val_loss=0.2215 val_AP=0.6030
Epoch 158/300 [10.6s mem=21887MB] | train_loss=0.1884 train_AP=0.6671 | val_loss=0.2214 val_AP=0.6038
Epoch 159/300 [10.7s mem=21883MB] | train_loss=0.1874 train_AP=0.6669 | val_loss=0.2232 val_AP=0.6035
Epoch 160/300 [10.7s mem=21882MB] | train_loss=0.1871 train_AP=0.6701 | val_loss=0.2250 val_AP=0.6049 | test_AP=0.5734
Epoch 161/300 [10.7s mem=21872MB] | train_loss=0.1873 train_AP=0.6661 | val_loss=0.2235 val_AP=0.6057
Epoch 162/300 [10.6s mem=21867MB] | train_loss=0.1869 train_AP=0.6699 | val_loss=0.2225 val_AP=0.6033
Epoch 163/300 [10.6s mem=21890MB] | train_loss=0.1862 train_AP=0.6706 | val_loss=0.2238 val_AP=0.6047
Epoch 164/300 [10.6s mem=21885MB] | train_loss=0.1866 train_AP=0.6703 | val_loss=0.2229 val_AP=0.6039
Epoch 165/300 [10.6s mem=21878MB] | train_loss=0.1861 train_AP=0.6729 | val_loss=0.2230 val_AP=0.6068
  -> New best: val_loss=0.2208 val_AP=0.6068, saved
Epoch 166/300 [10.5s mem=21891MB] | train_loss=0.1862 train_AP=0.6723 | val_loss=0.2231 val_AP=0.6071
  -> New best: val_loss=0.2208 val_AP=0.6071, saved
Epoch 167/300 [10.6s mem=21871MB] | train_loss=0.1855 train_AP=0.6718 | val_loss=0.2231 val_AP=0.6041
Epoch 168/300 [10.5s mem=21877MB] | train_loss=0.1846 train_AP=0.6728 | val_loss=0.2226 val_AP=0.6078
  -> New best: val_loss=0.2208 val_AP=0.6078, saved
Epoch 169/300 [10.7s mem=21884MB] | train_loss=0.1848 train_AP=0.6753 | val_loss=0.2237 val_AP=0.6059
Epoch 170/300 [11.9s mem=21901MB] | train_loss=0.1849 train_AP=0.6769 | val_loss=0.2233 val_AP=0.6052 | test_AP=0.5770
Epoch 171/300 [11.7s mem=21884MB] | train_loss=0.1844 train_AP=0.6753 | val_loss=0.2217 val_AP=0.6058
Epoch 172/300 [12.0s mem=21877MB] | train_loss=0.1845 train_AP=0.6750 | val_loss=0.2245 val_AP=0.6075
Epoch 173/300 [11.9s mem=21894MB] | train_loss=0.1835 train_AP=0.6768 | val_loss=0.2221 val_AP=0.6080
  -> New best: val_loss=0.2208 val_AP=0.6080, saved
Epoch 174/300 [11.9s mem=21877MB] | train_loss=0.1828 train_AP=0.6802 | val_loss=0.2206 val_AP=0.6096
  -> New best: val_loss=0.2206 val_AP=0.6096, saved
Epoch 175/300 [11.8s mem=21875MB] | train_loss=0.1827 train_AP=0.6790 | val_loss=0.2215 val_AP=0.6073
Epoch 176/300 [11.8s mem=21878MB] | train_loss=0.1828 train_AP=0.6801 | val_loss=0.2209 val_AP=0.6112
  -> New best: val_loss=0.2206 val_AP=0.6112, saved
Epoch 177/300 [11.9s mem=21874MB] | train_loss=0.1831 train_AP=0.6776 | val_loss=0.2237 val_AP=0.6064
Epoch 178/300 [11.8s mem=21892MB] | train_loss=0.1820 train_AP=0.6830 | val_loss=0.2225 val_AP=0.6095
Epoch 179/300 [11.7s mem=21883MB] | train_loss=0.1824 train_AP=0.6813 | val_loss=0.2215 val_AP=0.6096
Epoch 180/300 [11.7s mem=21878MB] | train_loss=0.1822 train_AP=0.6822 | val_loss=0.2219 val_AP=0.6085 | test_AP=0.5802
Epoch 181/300 [11.8s mem=21881MB] | train_loss=0.1820 train_AP=0.6814 | val_loss=0.2225 val_AP=0.6081
Epoch 182/300 [11.8s mem=21887MB] | train_loss=0.1815 train_AP=0.6845 | val_loss=0.2224 val_AP=0.6092
Epoch 183/300 [11.9s mem=21889MB] | train_loss=0.1814 train_AP=0.6860 | val_loss=0.2230 val_AP=0.6102
Epoch 184/300 [12.0s mem=21887MB] | train_loss=0.1814 train_AP=0.6845 | val_loss=0.2234 val_AP=0.6109
Epoch 185/300 [12.0s mem=21894MB] | train_loss=0.1816 train_AP=0.6834 | val_loss=0.2202 val_AP=0.6126
  -> New best: val_loss=0.2202 val_AP=0.6126, saved
Epoch 186/300 [11.9s mem=21884MB] | train_loss=0.1807 train_AP=0.6874 | val_loss=0.2218 val_AP=0.6085
Epoch 187/300 [11.8s mem=21888MB] | train_loss=0.1812 train_AP=0.6830 | val_loss=0.2223 val_AP=0.6116
Epoch 188/300 [11.8s mem=21890MB] | train_loss=0.1797 train_AP=0.6885 | val_loss=0.2212 val_AP=0.6120
Epoch 189/300 [11.9s mem=21877MB] | train_loss=0.1802 train_AP=0.6852 | val_loss=0.2229 val_AP=0.6093
Epoch 190/300 [11.9s mem=21895MB] | train_loss=0.1790 train_AP=0.6885 | val_loss=0.2215 val_AP=0.6122 | test_AP=0.5808
Epoch 191/300 [11.9s mem=21898MB] | train_loss=0.1796 train_AP=0.6904 | val_loss=0.2229 val_AP=0.6130
  -> New best: val_loss=0.2202 val_AP=0.6130, saved
Epoch 192/300 [11.8s mem=21888MB] | train_loss=0.1794 train_AP=0.6896 | val_loss=0.2219 val_AP=0.6117
Epoch 193/300 [11.5s mem=21888MB] | train_loss=0.1794 train_AP=0.6898 | val_loss=0.2217 val_AP=0.6103
Epoch 194/300 [11.8s mem=21887MB] | train_loss=0.1795 train_AP=0.6882 | val_loss=0.2222 val_AP=0.6109
Epoch 195/300 [12.0s mem=21892MB] | train_loss=0.1781 train_AP=0.6947 | val_loss=0.2204 val_AP=0.6136
  -> New best: val_loss=0.2202 val_AP=0.6136, saved
Epoch 196/300 [11.8s mem=21884MB] | train_loss=0.1788 train_AP=0.6922 | val_loss=0.2227 val_AP=0.6098
Epoch 197/300 [12.0s mem=21876MB] | train_loss=0.1779 train_AP=0.6925 | val_loss=0.2224 val_AP=0.6114
Epoch 198/300 [11.9s mem=21882MB] | train_loss=0.1780 train_AP=0.6911 | val_loss=0.2211 val_AP=0.6142
  -> New best: val_loss=0.2202 val_AP=0.6142, saved
Epoch 199/300 [11.8s mem=21881MB] | train_loss=0.1784 train_AP=0.6925 | val_loss=0.2242 val_AP=0.6124
Epoch 200/300 [12.0s mem=21889MB] | train_loss=0.1784 train_AP=0.6923 | val_loss=0.2231 val_AP=0.6130 | test_AP=0.5825
Epoch 201/300 [12.0s mem=21816MB] | train_loss=0.1775 train_AP=0.6936 | val_loss=0.2221 val_AP=0.6130
Epoch 202/300 [11.8s mem=21879MB] | train_loss=0.1769 train_AP=0.6966 | val_loss=0.2224 val_AP=0.6127
Epoch 203/300 [11.7s mem=21884MB] | train_loss=0.1777 train_AP=0.6940 | val_loss=0.2216 val_AP=0.6129
Epoch 204/300 [11.8s mem=21881MB] | train_loss=0.1769 train_AP=0.6968 | val_loss=0.2213 val_AP=0.6148
  -> New best: val_loss=0.2202 val_AP=0.6148, saved
Epoch 205/300 [11.7s mem=21878MB] | train_loss=0.1768 train_AP=0.6974 | val_loss=0.2217 val_AP=0.6120
Epoch 206/300 [11.8s mem=21888MB] | train_loss=0.1772 train_AP=0.6943 | val_loss=0.2214 val_AP=0.6142
Epoch 207/300 [11.8s mem=21878MB] | train_loss=0.1769 train_AP=0.6970 | val_loss=0.2211 val_AP=0.6146
Epoch 208/300 [11.8s mem=21888MB] | train_loss=0.1763 train_AP=0.6962 | val_loss=0.2233 val_AP=0.6135
Epoch 209/300 [11.8s mem=21882MB] | train_loss=0.1764 train_AP=0.6969 | val_loss=0.2219 val_AP=0.6137
Epoch 210/300 [11.6s mem=21893MB] | train_loss=0.1761 train_AP=0.6976 | val_loss=0.2205 val_AP=0.6140 | test_AP=0.5855
Epoch 211/300 [12.0s mem=21876MB] | train_loss=0.1758 train_AP=0.6986 | val_loss=0.2214 val_AP=0.6131
Epoch 212/300 [12.0s mem=21890MB] | train_loss=0.1758 train_AP=0.6998 | val_loss=0.2239 val_AP=0.6145
Epoch 213/300 [12.1s mem=21885MB] | train_loss=0.1762 train_AP=0.6979 | val_loss=0.2232 val_AP=0.6122
Epoch 214/300 [12.0s mem=21886MB] | train_loss=0.1747 train_AP=0.7009 | val_loss=0.2216 val_AP=0.6147
Epoch 215/300 [12.0s mem=21887MB] | train_loss=0.1751 train_AP=0.6989 | val_loss=0.2208 val_AP=0.6145
Epoch 216/300 [12.0s mem=21873MB] | train_loss=0.1748 train_AP=0.7001 | val_loss=0.2213 val_AP=0.6156
  -> New best: val_loss=0.2202 val_AP=0.6156, saved
Epoch 217/300 [12.0s mem=21886MB] | train_loss=0.1744 train_AP=0.7020 | val_loss=0.2236 val_AP=0.6137
Epoch 218/300 [11.9s mem=21887MB] | train_loss=0.1747 train_AP=0.7020 | val_loss=0.2214 val_AP=0.6141
Epoch 219/300 [11.9s mem=21879MB] | train_loss=0.1743 train_AP=0.6993 | val_loss=0.2212 val_AP=0.6147
Epoch 220/300 [11.8s mem=21896MB] | train_loss=0.1749 train_AP=0.7010 | val_loss=0.2235 val_AP=0.6141 | test_AP=0.5864
Epoch 221/300 [11.9s mem=21885MB] | train_loss=0.1748 train_AP=0.7011 | val_loss=0.2225 val_AP=0.6135
Epoch 222/300 [12.1s mem=21884MB] | train_loss=0.1745 train_AP=0.7017 | val_loss=0.2208 val_AP=0.6146
Epoch 223/300 [12.1s mem=21881MB] | train_loss=0.1746 train_AP=0.6985 | val_loss=0.2219 val_AP=0.6156
  -> New best: val_loss=0.2202 val_AP=0.6156, saved
Epoch 224/300 [12.2s mem=21882MB] | train_loss=0.1741 train_AP=0.7057 | val_loss=0.2215 val_AP=0.6151
Epoch 225/300 [12.1s mem=21886MB] | train_loss=0.1733 train_AP=0.7044 | val_loss=0.2220 val_AP=0.6132
Epoch 226/300 [11.8s mem=21887MB] | train_loss=0.1733 train_AP=0.7047 | val_loss=0.2217 val_AP=0.6150
Epoch 227/300 [12.3s mem=21887MB] | train_loss=0.1737 train_AP=0.7059 | val_loss=0.2217 val_AP=0.6149
Epoch 228/300 [10.6s mem=21882MB] | train_loss=0.1740 train_AP=0.7040 | val_loss=0.2220 val_AP=0.6161
  -> New best: val_loss=0.2202 val_AP=0.6161, saved
Epoch 229/300 [10.7s mem=21880MB] | train_loss=0.1731 train_AP=0.7046 | val_loss=0.2224 val_AP=0.6153
Epoch 230/300 [10.6s mem=21883MB] | train_loss=0.1732 train_AP=0.7058 | val_loss=0.2214 val_AP=0.6161 | test_AP=0.5870
Epoch 231/300 [10.6s mem=21053MB] | train_loss=0.1730 train_AP=0.7055 | val_loss=0.2221 val_AP=0.6148
Epoch 232/300 [10.6s mem=21889MB] | train_loss=0.1730 train_AP=0.7055 | val_loss=0.2222 val_AP=0.6160
Epoch 233/300 [10.6s mem=21879MB] | train_loss=0.1732 train_AP=0.7067 | val_loss=0.2211 val_AP=0.6163
  -> New best: val_loss=0.2202 val_AP=0.6163, saved
Epoch 234/300 [10.7s mem=21886MB] | train_loss=0.1728 train_AP=0.7066 | val_loss=0.2226 val_AP=0.6154
Epoch 235/300 [10.6s mem=21885MB] | train_loss=0.1724 train_AP=0.7094 | val_loss=0.2225 val_AP=0.6156
Epoch 236/300 [10.6s mem=21884MB] | train_loss=0.1728 train_AP=0.7062 | val_loss=0.2212 val_AP=0.6157
Epoch 237/300 [10.5s mem=21893MB] | train_loss=0.1729 train_AP=0.7058 | val_loss=0.2218 val_AP=0.6160
Epoch 238/300 [10.5s mem=21894MB] | train_loss=0.1721 train_AP=0.7071 | val_loss=0.2227 val_AP=0.6155
Epoch 239/300 [10.6s mem=21879MB] | train_loss=0.1720 train_AP=0.7088 | val_loss=0.2225 val_AP=0.6167
  -> New best: val_loss=0.2202 val_AP=0.6167, saved
Epoch 240/300 [10.7s mem=21881MB] | train_loss=0.1727 train_AP=0.7078 | val_loss=0.2218 val_AP=0.6167 | test_AP=0.5865
Epoch 241/300 [10.6s mem=21879MB] | train_loss=0.1722 train_AP=0.7092 | val_loss=0.2219 val_AP=0.6173
  -> New best: val_loss=0.2202 val_AP=0.6173, saved
Epoch 242/300 [10.7s mem=21882MB] | train_loss=0.1720 train_AP=0.7070 | val_loss=0.2218 val_AP=0.6163
Epoch 243/300 [10.8s mem=21885MB] | train_loss=0.1721 train_AP=0.7107 | val_loss=0.2208 val_AP=0.6165
Epoch 244/300 [10.8s mem=21882MB] | train_loss=0.1713 train_AP=0.7088 | val_loss=0.2216 val_AP=0.6169
Epoch 245/300 [10.7s mem=21885MB] | train_loss=0.1715 train_AP=0.7098 | val_loss=0.2211 val_AP=0.6172
Epoch 246/300 [10.6s mem=21878MB] | train_loss=0.1715 train_AP=0.7099 | val_loss=0.2218 val_AP=0.6174
  -> New best: val_loss=0.2202 val_AP=0.6174, saved
Epoch 247/300 [10.7s mem=21887MB] | train_loss=0.1714 train_AP=0.7091 | val_loss=0.2219 val_AP=0.6175
  -> New best: val_loss=0.2202 val_AP=0.6175, saved
Epoch 248/300 [10.7s mem=21892MB] | train_loss=0.1716 train_AP=0.7090 | val_loss=0.2212 val_AP=0.6171
Epoch 249/300 [10.8s mem=21047MB] | train_loss=0.1712 train_AP=0.7092 | val_loss=0.2216 val_AP=0.6167
Epoch 250/300 [10.5s mem=21885MB] | train_loss=0.1712 train_AP=0.7094 | val_loss=0.2206 val_AP=0.6183 | test_AP=0.5880
  -> New best: val_loss=0.2202 val_AP=0.6183, saved
Epoch 251/300 [10.8s mem=21879MB] | train_loss=0.1709 train_AP=0.7108 | val_loss=0.2216 val_AP=0.6171
Epoch 252/300 [10.8s mem=21888MB] | train_loss=0.1713 train_AP=0.7094 | val_loss=0.2214 val_AP=0.6168
Epoch 253/300 [13.9s mem=21883MB] | train_loss=0.1711 train_AP=0.7110 | val_loss=0.2217 val_AP=0.6169
Epoch 254/300 [15.0s mem=21877MB] | train_loss=0.1706 train_AP=0.7088 | val_loss=0.2214 val_AP=0.6170
Epoch 255/300 [14.5s mem=21885MB] | train_loss=0.1711 train_AP=0.7125 | val_loss=0.2214 val_AP=0.6170
Epoch 256/300 [15.0s mem=21885MB] | train_loss=0.1718 train_AP=0.7089 | val_loss=0.2215 val_AP=0.6177
Epoch 257/300 [15.0s mem=21882MB] | train_loss=0.1709 train_AP=0.7092 | val_loss=0.2213 val_AP=0.6175
Epoch 258/300 [15.0s mem=21887MB] | train_loss=0.1712 train_AP=0.7127 | val_loss=0.2216 val_AP=0.6174
Epoch 259/300 [15.0s mem=21887MB] | train_loss=0.1711 train_AP=0.7111 | val_loss=0.2220 val_AP=0.6174
Epoch 260/300 [15.0s mem=21884MB] | train_loss=0.1707 train_AP=0.7101 | val_loss=0.2211 val_AP=0.6179 | test_AP=0.5883
Epoch 261/300 [15.1s mem=21886MB] | train_loss=0.1708 train_AP=0.7113 | val_loss=0.2214 val_AP=0.6178
Epoch 262/300 [14.9s mem=21888MB] | train_loss=0.1710 train_AP=0.7127 | val_loss=0.2216 val_AP=0.6178
Epoch 263/300 [14.9s mem=21879MB] | train_loss=0.1710 train_AP=0.7121 | val_loss=0.2212 val_AP=0.6179
Epoch 264/300 [14.8s mem=21888MB] | train_loss=0.1709 train_AP=0.7115 | val_loss=0.2215 val_AP=0.6176
Epoch 265/300 [15.1s mem=21880MB] | train_loss=0.1704 train_AP=0.7120 | val_loss=0.2217 val_AP=0.6172
Epoch 266/300 [15.0s mem=21888MB] | train_loss=0.1703 train_AP=0.7128 | val_loss=0.2213 val_AP=0.6180
Epoch 267/300 [15.0s mem=21882MB] | train_loss=0.1701 train_AP=0.7120 | val_loss=0.2213 val_AP=0.6180
Epoch 268/300 [15.0s mem=21894MB] | train_loss=0.1707 train_AP=0.7144 | val_loss=0.2214 val_AP=0.6177
Epoch 269/300 [15.0s mem=21888MB] | train_loss=0.1700 train_AP=0.7133 | val_loss=0.2216 val_AP=0.6177
Epoch 270/300 [15.1s mem=21887MB] | train_loss=0.1702 train_AP=0.7114 | val_loss=0.2217 val_AP=0.6177 | test_AP=0.5881
Epoch 271/300 [15.1s mem=21043MB] | train_loss=0.1705 train_AP=0.7120 | val_loss=0.2215 val_AP=0.6180
Epoch 272/300 [15.0s mem=21887MB] | train_loss=0.1702 train_AP=0.7128 | val_loss=0.2216 val_AP=0.6178
Epoch 273/300 [15.1s mem=21878MB] | train_loss=0.1695 train_AP=0.7131 | val_loss=0.2216 val_AP=0.6179
Epoch 274/300 [15.1s mem=21883MB] | train_loss=0.1704 train_AP=0.7121 | val_loss=0.2214 val_AP=0.6181
Epoch 275/300 [15.1s mem=21877MB] | train_loss=0.1703 train_AP=0.7130 | val_loss=0.2217 val_AP=0.6178
Epoch 276/300 [15.2s mem=21894MB] | train_loss=0.1704 train_AP=0.7122 | val_loss=0.2216 val_AP=0.6177
Epoch 277/300 [15.1s mem=21889MB] | train_loss=0.1703 train_AP=0.7117 | val_loss=0.2216 val_AP=0.6180
Epoch 278/300 [15.1s mem=21880MB] | train_loss=0.1704 train_AP=0.7133 | val_loss=0.2215 val_AP=0.6177
Epoch 279/300 [15.1s mem=21878MB] | train_loss=0.1704 train_AP=0.7121 | val_loss=0.2215 val_AP=0.6176
Epoch 280/300 [15.2s mem=21877MB] | train_loss=0.1698 train_AP=0.7124 | val_loss=0.2214 val_AP=0.6176 | test_AP=0.5887
Epoch 281/300 [15.1s mem=21891MB] | train_loss=0.1700 train_AP=0.7126 | val_loss=0.2214 val_AP=0.6180
Epoch 282/300 [15.1s mem=21885MB] | train_loss=0.1698 train_AP=0.7141 | val_loss=0.2215 val_AP=0.6177
Epoch 283/300 [14.5s mem=21897MB] | train_loss=0.1698 train_AP=0.7128 | val_loss=0.2215 val_AP=0.6177
Epoch 284/300 [15.2s mem=21868MB] | train_loss=0.1697 train_AP=0.7147 | val_loss=0.2215 val_AP=0.6178
Epoch 285/300 [15.2s mem=21882MB] | train_loss=0.1696 train_AP=0.7154 | val_loss=0.2215 val_AP=0.6177
Epoch 286/300 [15.1s mem=21881MB] | train_loss=0.1700 train_AP=0.7113 | val_loss=0.2215 val_AP=0.6178
Epoch 287/300 [15.1s mem=21807MB] | train_loss=0.1698 train_AP=0.7135 | val_loss=0.2215 val_AP=0.6178
Epoch 288/300 [15.2s mem=21884MB] | train_loss=0.1695 train_AP=0.7132 | val_loss=0.2215 val_AP=0.6178
Epoch 289/300 [15.2s mem=21879MB] | train_loss=0.1697 train_AP=0.7121 | val_loss=0.2215 val_AP=0.6178
Epoch 290/300 [15.1s mem=21886MB] | train_loss=0.1700 train_AP=0.7134 | val_loss=0.2215 val_AP=0.6177 | test_AP=0.5889
Epoch 291/300 [15.0s mem=21877MB] | train_loss=0.1703 train_AP=0.7113 | val_loss=0.2215 val_AP=0.6179
Epoch 292/300 [15.1s mem=21889MB] | train_loss=0.1700 train_AP=0.7162 | val_loss=0.2215 val_AP=0.6179
Epoch 293/300 [14.9s mem=21885MB] | train_loss=0.1701 train_AP=0.7130 | val_loss=0.2215 val_AP=0.6178
Epoch 294/300 [15.0s mem=21887MB] | train_loss=0.1695 train_AP=0.7138 | val_loss=0.2215 val_AP=0.6179
Epoch 295/300 [15.2s mem=21883MB] | train_loss=0.1706 train_AP=0.7123 | val_loss=0.2215 val_AP=0.6179
Epoch 296/300 [11.5s mem=21882MB] | train_loss=0.1699 train_AP=0.7130 | val_loss=0.2215 val_AP=0.6179
Epoch 297/300 [11.4s mem=21889MB] | train_loss=0.1701 train_AP=0.7137 | val_loss=0.2215 val_AP=0.6178
Epoch 298/300 [11.3s mem=21878MB] | train_loss=0.1699 train_AP=0.7122 | val_loss=0.2215 val_AP=0.6179
Epoch 299/300 [11.4s mem=21882MB] | train_loss=0.1699 train_AP=0.7150 | val_loss=0.2215 val_AP=0.6179
Epoch 300/300 [11.3s mem=21881MB] | train_loss=0.1696 train_AP=0.7132 | val_loss=0.2215 val_AP=0.6179 | test_AP=0.5888
Early stopping at epoch 300. Best val_loss=0.2202 val_AP=0.6183 at epoch 250.
Pretrain done. Best val_loss=0.2202 val_AP=0.6183 at epoch 250.
============================================================
Phase 1: Extract Attention Targets
  model_path=checkpoints_attn_distill_2/pretrain_best.pt
  proxy_opt_steps=300
  num_proxies=64
  proxy_mmd_lambda=1
  num_cross_layers=None
  use_proxy_self_attn=True
  distill_layers=all
============================================================
  Loaded 1 pretrained keys, cross-attn layers randomly initialized
  Extracting attention from layers: [0]
  [1/43] 256 graphs | base_loss=0.6860 opt_loss=0.3443 mmd=0.345845
  [10/43] 2560 graphs | base_loss=0.6863 opt_loss=0.3429 mmd=0.348867
  [20/43] 5120 graphs | base_loss=0.6864 opt_loss=0.3417 mmd=0.353230
  [30/43] 7680 graphs | base_loss=0.6865 opt_loss=0.3419 mmd=0.352519
  [40/43] 10240 graphs | base_loss=0.6865 opt_loss=0.3428 mmd=0.348358

Extraction done. 10873 graphs saved to checkpoints_attn_distill_3/attn_targets.pkl
  Avg base_loss=0.6865  opt_loss=0.3429

Sanity check: attention difference (teacher vs vanilla)...
  Mean |teacher_attn - vanilla_attn|: 0.000667
  Good: attention patterns are meaningfully different.
============================================================
Phase 2: Train with Attention Distillation
  backbone=vanilla_gt
  distill_weight=1.0
  temperature=1.2
  distill_layers=[0]
  targets from: checkpoints_attn_distill_3/attn_targets.pkl
============================================================
  AttnTargetDataset: 10873 graphs with targets
  Loaded 1/62 keys from checkpoint

Baseline (pretrained, no distillation):
  val_AP=0.1541  test_AP=0.1604
  Student trainable params: 967,690
Epoch   1/200 [48.8s] | task=0.4917 distill=0.0094 | train_AP=0.1661 val_AP=0.1720 test_AP=0.1756
  -> New best val_AP=0.1720 (test=0.1756)
Epoch   2/200 [47.4s] | task=0.3611 distill=0.0270 | train_AP=0.1662 val_AP=0.1894 test_AP=0.1903
  -> New best val_AP=0.1894 (test=0.1903)
Epoch   3/200 [48.3s] | task=0.3605 distill=0.0279 | train_AP=0.1641 val_AP=0.2023 test_AP=0.2019
  -> New best val_AP=0.2023 (test=0.2019)
Epoch   4/200 [48.5s] | task=0.3600 distill=0.0303 | train_AP=0.1670 val_AP=0.2135 test_AP=0.2139
  -> New best val_AP=0.2135 (test=0.2139)
Epoch   5/200 [48.5s] | task=0.3597 distill=0.0390 | train_AP=0.1666 val_AP=0.2231 test_AP=0.2231
  -> New best val_AP=0.2231 (test=0.2231)
Epoch   6/200 [48.7s] | task=0.3596 distill=0.0978 | train_AP=0.1661 val_AP=0.2443 test_AP=0.2361
  -> New best val_AP=0.2443 (test=0.2361)
Epoch   7/200 [50.3s] | task=0.3571 distill=0.2844 | train_AP=0.1773 val_AP=0.2435 test_AP=0.2364
Epoch   8/200 [48.5s] | task=0.3501 distill=0.8761 | train_AP=0.2085 val_AP=0.2652 test_AP=0.2568
  -> New best val_AP=0.2652 (test=0.2568)
Epoch   9/200 [48.5s] | task=0.3399 distill=1.5430 | train_AP=0.2408 val_AP=0.2757 test_AP=0.2661
  -> New best val_AP=0.2757 (test=0.2661)
Epoch  10/200 [49.6s] | task=0.3323 distill=1.8601 | train_AP=0.2558 val_AP=0.2917 test_AP=0.2843
  -> New best val_AP=0.2917 (test=0.2843)
Epoch  11/200 [50.3s] | task=0.3248 distill=2.0055 | train_AP=0.2792 val_AP=0.3080 test_AP=0.3034
  -> New best val_AP=0.3080 (test=0.3034)
Epoch  12/200 [50.0s] | task=0.3217 distill=2.1947 | train_AP=0.2903 val_AP=0.3219 test_AP=0.3204
  -> New best val_AP=0.3219 (test=0.3204)
Epoch  13/200 [49.1s] | task=0.3124 distill=2.3389 | train_AP=0.3133 val_AP=0.3465 test_AP=0.3469
  -> New best val_AP=0.3465 (test=0.3469)
Killed
============================================================
Phase 2: Train with Attention Distillation
  backbone=vanilla_gt
  distill_weight=1.0
  temperature=1.2
  distill_layers=[0]
  targets from: checkpoints_attn_distill_3/attn_targets.pkl
============================================================
  AttnTargetDataset: 10873 graphs with targets
  Loaded 1/62 keys from checkpoint

Baseline (pretrained, no distillation):
  val_AP=0.1736  test_AP=0.1731
  Student trainable params: 967,690
Epoch   1/200 [49.4s] | task=0.4870 distill=0.0078 | train_AP=0.1660 val_AP=0.1891 test_AP=0.1827
  -> New best val_AP=0.1891 (test=0.1827)
Epoch   2/200 [47.3s] | task=0.3620 distill=0.0178 | train_AP=0.1653 val_AP=0.1960 test_AP=0.1902
  -> New best val_AP=0.1960 (test=0.1902)
Epoch   3/200 [48.0s] | task=0.3603 distill=0.0183 | train_AP=0.1668 val_AP=0.1996 test_AP=0.1936
  -> New best val_AP=0.1996 (test=0.1936)
Epoch   4/200 [47.0s] | task=0.3602 distill=0.0200 | train_AP=0.1650 val_AP=0.2030 test_AP=0.1960
  -> New best val_AP=0.2030 (test=0.1960)
Epoch   5/200 [46.9s] | task=0.3596 distill=0.0280 | train_AP=0.1686 val_AP=0.2058 test_AP=0.1967
  -> New best val_AP=0.2058 (test=0.1967)
Epoch   6/200 [47.2s] | task=0.3593 distill=0.0660 | train_AP=0.1678 val_AP=0.2118 test_AP=0.2016
  -> New best val_AP=0.2118 (test=0.2016)
Epoch   7/200 [47.0s] | task=0.3584 distill=0.2513 | train_AP=0.1736 val_AP=0.2339 test_AP=0.2171
  -> New best val_AP=0.2339 (test=0.2171)
Epoch   8/200 [47.6s] | task=0.3529 distill=0.8202 | train_AP=0.1964 val_AP=0.2654 test_AP=0.2488
  -> New best val_AP=0.2654 (test=0.2488)
Epoch   9/200 [48.1s] | task=0.3428 distill=1.2800 | train_AP=0.2339 val_AP=0.2749 test_AP=0.2640
  -> New best val_AP=0.2749 (test=0.2640)
Epoch  10/200 [47.9s] | task=0.3351 distill=1.7554 | train_AP=0.2547 val_AP=0.2896 test_AP=0.2777
  -> New best val_AP=0.2896 (test=0.2777)
Epoch  11/200 [47.4s] | task=0.3290 distill=1.9623 | train_AP=0.2703 val_AP=0.3031 test_AP=0.2911
  -> New best val_AP=0.3031 (test=0.2911)
Epoch  12/200 [47.7s] | task=0.3230 distill=2.0316 | train_AP=0.2860 val_AP=0.3123 test_AP=0.3006
  -> New best val_AP=0.3123 (test=0.3006)
Epoch  13/200 [48.0s] | task=0.3200 distill=2.2059 | train_AP=0.2969 val_AP=0.3240 test_AP=0.3142
  -> New best val_AP=0.3240 (test=0.3142)
Epoch  14/200 [47.4s] | task=0.3151 distill=2.3116 | train_AP=0.3098 val_AP=0.3315 test_AP=0.3253
  -> New best val_AP=0.3315 (test=0.3253)
Epoch  15/200 [47.8s] | task=0.3114 distill=2.4483 | train_AP=0.3198 val_AP=0.3414 test_AP=0.3312
  -> New best val_AP=0.3414 (test=0.3312)
Epoch  16/200 [46.9s] | task=0.3070 distill=2.5953 | train_AP=0.3329 val_AP=0.3531 test_AP=0.3451
  -> New best val_AP=0.3531 (test=0.3451)
Epoch  17/200 [47.5s] | task=0.3028 distill=2.7416 | train_AP=0.3427 val_AP=0.3679 test_AP=0.3640
  -> New best val_AP=0.3679 (test=0.3640)
Epoch  18/200 [47.3s] | task=0.2948 distill=2.8076 | train_AP=0.3616 val_AP=0.3956 test_AP=0.3867
  -> New best val_AP=0.3956 (test=0.3867)
Epoch  19/200 [46.6s] | task=0.2844 distill=2.7793 | train_AP=0.3888 val_AP=0.4103 test_AP=0.4011
  -> New best val_AP=0.4103 (test=0.4011)
Epoch  20/200 [46.5s] | task=0.2806 distill=2.7543 | train_AP=0.3947 val_AP=0.4185 test_AP=0.4065
  -> New best val_AP=0.4185 (test=0.4065)
Epoch  21/200 [47.9s] | task=0.2764 distill=2.7795 | train_AP=0.4073 val_AP=0.4295 test_AP=0.4198
  -> New best val_AP=0.4295 (test=0.4198)
Epoch  22/200 [48.6s] | task=0.2749 distill=2.7529 | train_AP=0.4111 val_AP=0.4301 test_AP=0.4222
  -> New best val_AP=0.4301 (test=0.4222)
Epoch  23/200 [47.2s] | task=0.2712 distill=2.6866 | train_AP=0.4202 val_AP=0.4404 test_AP=0.4274
  -> New best val_AP=0.4404 (test=0.4274)
Epoch  24/200 [47.1s] | task=0.2691 distill=2.6379 | train_AP=0.4263 val_AP=0.4464 test_AP=0.4309
  -> New best val_AP=0.4464 (test=0.4309)
Epoch  25/200 [46.8s] | task=0.2662 distill=2.5720 | train_AP=0.4369 val_AP=0.4506 test_AP=0.4343
  -> New best val_AP=0.4506 (test=0.4343)
Epoch  26/200 [47.4s] | task=0.2635 distill=2.5557 | train_AP=0.4388 val_AP=0.4529 test_AP=0.4373
  -> New best val_AP=0.4529 (test=0.4373)
Epoch  27/200 [47.4s] | task=0.2615 distill=2.5224 | train_AP=0.4453 val_AP=0.4568 test_AP=0.4389
  -> New best val_AP=0.4568 (test=0.4389)
Epoch  28/200 [48.4s] | task=0.2596 distill=2.4727 | train_AP=0.4509 val_AP=0.4647 test_AP=0.4482
  -> New best val_AP=0.4647 (test=0.4482)
Epoch  29/200 [46.9s] | task=0.2573 distill=2.4167 | train_AP=0.4535 val_AP=0.4641 test_AP=0.4402
Epoch  30/200 [46.7s] | task=0.2567 distill=2.4043 | train_AP=0.4560 val_AP=0.4743 test_AP=0.4564
  -> New best val_AP=0.4743 (test=0.4564)
Epoch  31/200 [47.6s] | task=0.2565 distill=2.3575 | train_AP=0.4581 val_AP=0.4768 test_AP=0.4553
  -> New best val_AP=0.4768 (test=0.4553)
Epoch  32/200 [47.0s] | task=0.2547 distill=2.3656 | train_AP=0.4637 val_AP=0.4796 test_AP=0.4542
  -> New best val_AP=0.4796 (test=0.4542)
Epoch  33/200 [48.0s] | task=0.2518 distill=2.3207 | train_AP=0.4686 val_AP=0.4838 test_AP=0.4568
  -> New best val_AP=0.4838 (test=0.4568)
Epoch  34/200 [47.1s] | task=0.2515 distill=2.3395 | train_AP=0.4712 val_AP=0.4875 test_AP=0.4611
  -> New best val_AP=0.4875 (test=0.4611)
Epoch  35/200 [47.5s] | task=0.2508 distill=2.2894 | train_AP=0.4738 val_AP=0.4943 test_AP=0.4646
  -> New best val_AP=0.4943 (test=0.4646)
Epoch  36/200 [47.3s] | task=0.2494 distill=2.3026 | train_AP=0.4767 val_AP=0.4917 test_AP=0.4687
Epoch  37/200 [47.4s] | task=0.2489 distill=2.2632 | train_AP=0.4791 val_AP=0.4936 test_AP=0.4642
Epoch  38/200 [47.3s] | task=0.2480 distill=2.2515 | train_AP=0.4804 val_AP=0.4965 test_AP=0.4653
  -> New best val_AP=0.4965 (test=0.4653)
Epoch  39/200 [47.2s] | task=0.2476 distill=2.2229 | train_AP=0.4806 val_AP=0.4961 test_AP=0.4683
Epoch  40/200 [48.3s] | task=0.2467 distill=2.2222 | train_AP=0.4830 val_AP=0.5042 test_AP=0.4728
  -> New best val_AP=0.5042 (test=0.4728)
Epoch  41/200 [47.3s] | task=0.2456 distill=2.2216 | train_AP=0.4876 val_AP=0.5024 test_AP=0.4724
Epoch  42/200 [48.8s] | task=0.2458 distill=2.2145 | train_AP=0.4896 val_AP=0.5100 test_AP=0.4763
  -> New best val_AP=0.5100 (test=0.4763)
Epoch  43/200 [48.2s] | task=0.2447 distill=2.1712 | train_AP=0.4886 val_AP=0.5079 test_AP=0.4774
Epoch  44/200 [47.2s] | task=0.2444 distill=2.2076 | train_AP=0.4920 val_AP=0.5109 test_AP=0.4773
  -> New best val_AP=0.5109 (test=0.4773)
Epoch  45/200 [46.7s] | task=0.2426 distill=2.1886 | train_AP=0.4953 val_AP=0.5121 test_AP=0.4786
  -> New best val_AP=0.5121 (test=0.4786)
Epoch  46/200 [47.1s] | task=0.2423 distill=2.1900 | train_AP=0.4993 val_AP=0.5135 test_AP=0.4796
  -> New best val_AP=0.5135 (test=0.4796)
Epoch  47/200 [47.9s] | task=0.2422 distill=2.2036 | train_AP=0.4984 val_AP=0.5136 test_AP=0.4808
  -> New best val_AP=0.5136 (test=0.4808)
Epoch  48/200 [47.9s] | task=0.2422 distill=2.1817 | train_AP=0.4990 val_AP=0.5149 test_AP=0.4764
  -> New best val_AP=0.5149 (test=0.4764)
Epoch  49/200 [46.7s] | task=0.2406 distill=2.1811 | train_AP=0.5020 val_AP=0.5165 test_AP=0.4855
  -> New best val_AP=0.5165 (test=0.4855)
Epoch  50/200 [46.9s] | task=0.2406 distill=2.2063 | train_AP=0.5030 val_AP=0.5226 test_AP=0.4868
  -> New best val_AP=0.5226 (test=0.4868)
Epoch  51/200 [47.0s] | task=0.2398 distill=2.1925 | train_AP=0.5061 val_AP=0.5240 test_AP=0.4840
  -> New best val_AP=0.5240 (test=0.4840)
Epoch  52/200 [47.4s] | task=0.2390 distill=2.1920 | train_AP=0.5053 val_AP=0.5273 test_AP=0.4883
  -> New best val_AP=0.5273 (test=0.4883)
Epoch  53/200 [46.4s] | task=0.2390 distill=2.1910 | train_AP=0.5082 val_AP=0.5235 test_AP=0.4893
Epoch  54/200 [47.6s] | task=0.2376 distill=2.1811 | train_AP=0.5084 val_AP=0.5264 test_AP=0.4926
Epoch  55/200 [48.2s] | task=0.2377 distill=2.1917 | train_AP=0.5099 val_AP=0.5292 test_AP=0.4895
  -> New best val_AP=0.5292 (test=0.4895)
Epoch  56/200 [47.2s] | task=0.2365 distill=2.1765 | train_AP=0.5154 val_AP=0.5286 test_AP=0.4910
Epoch  57/200 [48.4s] | task=0.2365 distill=2.1882 | train_AP=0.5143 val_AP=0.5326 test_AP=0.4937
  -> New best val_AP=0.5326 (test=0.4937)
Epoch  58/200 [46.7s] | task=0.2359 distill=2.1895 | train_AP=0.5173 val_AP=0.5316 test_AP=0.4952
Epoch  59/200 [47.5s] | task=0.2361 distill=2.1937 | train_AP=0.5212 val_AP=0.5337 test_AP=0.4936
  -> New best val_AP=0.5337 (test=0.4936)
Epoch  60/200 [47.6s] | task=0.2350 distill=2.1816 | train_AP=0.5204 val_AP=0.5368 test_AP=0.4949
  -> New best val_AP=0.5368 (test=0.4949)
Epoch  61/200 [47.1s] | task=0.2350 distill=2.2019 | train_AP=0.5198 val_AP=0.5363 test_AP=0.4974
Epoch  62/200 [49.0s] | task=0.2343 distill=2.1951 | train_AP=0.5242 val_AP=0.5378 test_AP=0.5003
  -> New best val_AP=0.5378 (test=0.5003)
Epoch  63/200 [47.4s] | task=0.2332 distill=2.1821 | train_AP=0.5251 val_AP=0.5335 test_AP=0.4966
Epoch  64/200 [46.7s] | task=0.2333 distill=2.1804 | train_AP=0.5263 val_AP=0.5398 test_AP=0.4985
  -> New best val_AP=0.5398 (test=0.4985)
Epoch  65/200 [49.0s] | task=0.2343 distill=2.1795 | train_AP=0.5228 val_AP=0.5362 test_AP=0.4994
Epoch  66/200 [47.5s] | task=0.2325 distill=2.1792 | train_AP=0.5281 val_AP=0.5425 test_AP=0.5018
  -> New best val_AP=0.5425 (test=0.5018)
Epoch  67/200 [47.9s] | task=0.2330 distill=2.1980 | train_AP=0.5288 val_AP=0.5394 test_AP=0.5016
Epoch  68/200 [47.7s] | task=0.2313 distill=2.1944 | train_AP=0.5312 val_AP=0.5367 test_AP=0.5045
Epoch  69/200 [47.7s] | task=0.2309 distill=2.2000 | train_AP=0.5316 val_AP=0.5418 test_AP=0.5035
Epoch  70/200 [46.9s] | task=0.2301 distill=2.1889 | train_AP=0.5351 val_AP=0.5430 test_AP=0.5074
  -> New best val_AP=0.5430 (test=0.5074)
Epoch  71/200 [47.4s] | task=0.2301 distill=2.2180 | train_AP=0.5369 val_AP=0.5439 test_AP=0.5060
  -> New best val_AP=0.5439 (test=0.5060)
Epoch  72/200 [46.8s] | task=0.2297 distill=2.1965 | train_AP=0.5359 val_AP=0.5460 test_AP=0.5074
  -> New best val_AP=0.5460 (test=0.5074)
Epoch  73/200 [47.2s] | task=0.2288 distill=2.1858 | train_AP=0.5427 val_AP=0.5464 test_AP=0.5090
  -> New best val_AP=0.5464 (test=0.5090)
Epoch  74/200 [46.3s] | task=0.2288 distill=2.2011 | train_AP=0.5425 val_AP=0.5477 test_AP=0.5096
  -> New best val_AP=0.5477 (test=0.5096)
Epoch  75/200 [47.5s] | task=0.2280 distill=2.1947 | train_AP=0.5416 val_AP=0.5487 test_AP=0.5127
  -> New best val_AP=0.5487 (test=0.5127)
Epoch  76/200 [47.7s] | task=0.2277 distill=2.2172 | train_AP=0.5467 val_AP=0.5418 test_AP=0.5062
Epoch  77/200 [46.9s] | task=0.2275 distill=2.2130 | train_AP=0.5469 val_AP=0.5480 test_AP=0.5084
Epoch  78/200 [47.6s] | task=0.2265 distill=2.1786 | train_AP=0.5478 val_AP=0.5490 test_AP=0.5160
  -> New best val_AP=0.5490 (test=0.5160)
Epoch  79/200 [47.6s] | task=0.2269 distill=2.2110 | train_AP=0.5439 val_AP=0.5532 test_AP=0.5133
  -> New best val_AP=0.5532 (test=0.5133)
Epoch  80/200 [47.2s] | task=0.2261 distill=2.2230 | train_AP=0.5525 val_AP=0.5561 test_AP=0.5137
  -> New best val_AP=0.5561 (test=0.5137)
Epoch  81/200 [46.9s] | task=0.2259 distill=2.2434 | train_AP=0.5492 val_AP=0.5517 test_AP=0.5143
Epoch  82/200 [46.8s] | task=0.2252 distill=2.2259 | train_AP=0.5517 val_AP=0.5531 test_AP=0.5158
Epoch  83/200 [47.0s] | task=0.2250 distill=2.2092 | train_AP=0.5549 val_AP=0.5559 test_AP=0.5184
Epoch  84/200 [47.5s] | task=0.2245 distill=2.2169 | train_AP=0.5570 val_AP=0.5530 test_AP=0.5188
Epoch  85/200 [47.1s] | task=0.2235 distill=2.2099 | train_AP=0.5578 val_AP=0.5568 test_AP=0.5176
  -> New best val_AP=0.5568 (test=0.5176)
Epoch  86/200 [47.7s] | task=0.2246 distill=2.2269 | train_AP=0.5518 val_AP=0.5569 test_AP=0.5205
  -> New best val_AP=0.5569 (test=0.5205)
Epoch  87/200 [47.6s] | task=0.2242 distill=2.2299 | train_AP=0.5569 val_AP=0.5571 test_AP=0.5217
  -> New best val_AP=0.5571 (test=0.5217)
Epoch  88/200 [47.9s] | task=0.2234 distill=2.2054 | train_AP=0.5589 val_AP=0.5590 test_AP=0.5229
  -> New best val_AP=0.5590 (test=0.5229)
Epoch  89/200 [47.4s] | task=0.2234 distill=2.2256 | train_AP=0.5593 val_AP=0.5619 test_AP=0.5231
  -> New best val_AP=0.5619 (test=0.5231)
Epoch  90/200 [47.0s] | task=0.2235 distill=2.2084 | train_AP=0.5595 val_AP=0.5578 test_AP=0.5192
Epoch  91/200 [47.3s] | task=0.2219 distill=2.2311 | train_AP=0.5632 val_AP=0.5589 test_AP=0.5209
Epoch  92/200 [47.3s] | task=0.2217 distill=2.2103 | train_AP=0.5629 val_AP=0.5569 test_AP=0.5205
Epoch  93/200 [49.0s] | task=0.2218 distill=2.2155 | train_AP=0.5645 val_AP=0.5612 test_AP=0.5248
Epoch  94/200 [47.3s] | task=0.2209 distill=2.2119 | train_AP=0.5654 val_AP=0.5640 test_AP=0.5260
  -> New best val_AP=0.5640 (test=0.5260)
Epoch  95/200 [46.6s] | task=0.2211 distill=2.2271 | train_AP=0.5646 val_AP=0.5612 test_AP=0.5254
Epoch  96/200 [47.5s] | task=0.2205 distill=2.2180 | train_AP=0.5701 val_AP=0.5640 test_AP=0.5271
  -> New best val_AP=0.5640 (test=0.5271)
Epoch  97/200 [47.8s] | task=0.2200 distill=2.2095 | train_AP=0.5688 val_AP=0.5630 test_AP=0.5281
Epoch  98/200 [48.5s] | task=0.2199 distill=2.2089 | train_AP=0.5684 val_AP=0.5643 test_AP=0.5283
  -> New best val_AP=0.5643 (test=0.5283)
Epoch  99/200 [47.0s] | task=0.2201 distill=2.2101 | train_AP=0.5693 val_AP=0.5637 test_AP=0.5303
Epoch 100/200 [47.1s] | task=0.2189 distill=2.2109 | train_AP=0.5711 val_AP=0.5656 test_AP=0.5290
  -> New best val_AP=0.5656 (test=0.5290)
Epoch 101/200 [46.7s] | task=0.2190 distill=2.2149 | train_AP=0.5723 val_AP=0.5646 test_AP=0.5306
Epoch 102/200 [46.5s] | task=0.2179 distill=2.2118 | train_AP=0.5766 val_AP=0.5663 test_AP=0.5291
  -> New best val_AP=0.5663 (test=0.5291)
Epoch 103/200 [46.9s] | task=0.2181 distill=2.2119 | train_AP=0.5742 val_AP=0.5661 test_AP=0.5280
Epoch 104/200 [46.8s] | task=0.2189 distill=2.2117 | train_AP=0.5737 val_AP=0.5638 test_AP=0.5271
Epoch 105/200 [47.1s] | task=0.2180 distill=2.2264 | train_AP=0.5747 val_AP=0.5654 test_AP=0.5313
Epoch 106/200 [46.6s] | task=0.2176 distill=2.2260 | train_AP=0.5767 val_AP=0.5672 test_AP=0.5338
  -> New best val_AP=0.5672 (test=0.5338)
Epoch 107/200 [47.3s] | task=0.2172 distill=2.2311 | train_AP=0.5783 val_AP=0.5673 test_AP=0.5349
  -> New best val_AP=0.5673 (test=0.5349)
Epoch 108/200 [47.7s] | task=0.2163 distill=2.2184 | train_AP=0.5797 val_AP=0.5697 test_AP=0.5338
  -> New best val_AP=0.5697 (test=0.5338)
Epoch 109/200 [47.9s] | task=0.2166 distill=2.2363 | train_AP=0.5798 val_AP=0.5681 test_AP=0.5361
Epoch 110/200 [46.6s] | task=0.2163 distill=2.2235 | train_AP=0.5813 val_AP=0.5670 test_AP=0.5342
Epoch 111/200 [47.3s] | task=0.2160 distill=2.2259 | train_AP=0.5838 val_AP=0.5684 test_AP=0.5364
Epoch 112/200 [46.6s] | task=0.2163 distill=2.2309 | train_AP=0.5804 val_AP=0.5691 test_AP=0.5349
Epoch 113/200 [47.0s] | task=0.2154 distill=2.2233 | train_AP=0.5822 val_AP=0.5692 test_AP=0.5341
Epoch 114/200 [46.3s] | task=0.2157 distill=2.2330 | train_AP=0.5838 val_AP=0.5693 test_AP=0.5349
Epoch 115/200 [46.9s] | task=0.2155 distill=2.2282 | train_AP=0.5821 val_AP=0.5704 test_AP=0.5370
  -> New best val_AP=0.5704 (test=0.5370)
Epoch 116/200 [48.2s] | task=0.2156 distill=2.2320 | train_AP=0.5839 val_AP=0.5675 test_AP=0.5342
Epoch 117/200 [47.2s] | task=0.2160 distill=2.2331 | train_AP=0.5849 val_AP=0.5695 test_AP=0.5376
Epoch 118/200 [48.3s] | task=0.2146 distill=2.2339 | train_AP=0.5863 val_AP=0.5708 test_AP=0.5379
  -> New best val_AP=0.5708 (test=0.5379)
Epoch 119/200 [49.6s] | task=0.2141 distill=2.2374 | train_AP=0.5889 val_AP=0.5712 test_AP=0.5387
  -> New best val_AP=0.5712 (test=0.5387)
Epoch 120/200 [47.6s] | task=0.2146 distill=2.2322 | train_AP=0.5859 val_AP=0.5717 test_AP=0.5376
  -> New best val_AP=0.5717 (test=0.5376)
Epoch 121/200 [47.7s] | task=0.2139 distill=2.2354 | train_AP=0.5888 val_AP=0.5728 test_AP=0.5378
  -> New best val_AP=0.5728 (test=0.5378)
Epoch 122/200 [48.7s] | task=0.2140 distill=2.2286 | train_AP=0.5883 val_AP=0.5708 test_AP=0.5383
Epoch 123/200 [47.7s] | task=0.2138 distill=2.2264 | train_AP=0.5879 val_AP=0.5732 test_AP=0.5378
  -> New best val_AP=0.5732 (test=0.5378)
Epoch 124/200 [47.2s] | task=0.2140 distill=2.2279 | train_AP=0.5881 val_AP=0.5717 test_AP=0.5386
Epoch 125/200 [46.5s] | task=0.2132 distill=2.2344 | train_AP=0.5924 val_AP=0.5735 test_AP=0.5399
  -> New best val_AP=0.5735 (test=0.5399)
Epoch 126/200 [46.5s] | task=0.2135 distill=2.2319 | train_AP=0.5899 val_AP=0.5718 test_AP=0.5400
Epoch 127/200 [47.7s] | task=0.2129 distill=2.2347 | train_AP=0.5888 val_AP=0.5740 test_AP=0.5390
  -> New best val_AP=0.5740 (test=0.5390)
Epoch 128/200 [47.4s] | task=0.2127 distill=2.2378 | train_AP=0.5928 val_AP=0.5723 test_AP=0.5411
Epoch 129/200 [47.7s] | task=0.2125 distill=2.2339 | train_AP=0.5963 val_AP=0.5721 test_AP=0.5398
Epoch 130/200 [47.2s] | task=0.2123 distill=2.2437 | train_AP=0.5915 val_AP=0.5738 test_AP=0.5418
Epoch 131/200 [48.1s] | task=0.2117 distill=2.2427 | train_AP=0.5945 val_AP=0.5741 test_AP=0.5422
  -> New best val_AP=0.5741 (test=0.5422)
Epoch 132/200 [47.0s] | task=0.2126 distill=2.2387 | train_AP=0.5931 val_AP=0.5759 test_AP=0.5423
  -> New best val_AP=0.5759 (test=0.5423)
Epoch 133/200 [49.6s] | task=0.2118 distill=2.2366 | train_AP=0.5953 val_AP=0.5742 test_AP=0.5409
Epoch 134/200 [47.5s] | task=0.2117 distill=2.2304 | train_AP=0.5945 val_AP=0.5739 test_AP=0.5405
Epoch 135/200 [47.3s] | task=0.2117 distill=2.2384 | train_AP=0.5943 val_AP=0.5760 test_AP=0.5436
  -> New best val_AP=0.5760 (test=0.5436)
Epoch 136/200 [47.2s] | task=0.2112 distill=2.2370 | train_AP=0.5962 val_AP=0.5748 test_AP=0.5425
Epoch 137/200 [48.1s] | task=0.2112 distill=2.2338 | train_AP=0.5956 val_AP=0.5746 test_AP=0.5425
Epoch 138/200 [48.0s] | task=0.2121 distill=2.2297 | train_AP=0.5963 val_AP=0.5762 test_AP=0.5442
  -> New best val_AP=0.5762 (test=0.5442)
Epoch 139/200 [46.0s] | task=0.2113 distill=2.2390 | train_AP=0.5960 val_AP=0.5762 test_AP=0.5428
  -> New best val_AP=0.5762 (test=0.5428)
Epoch 140/200 [46.7s] | task=0.2123 distill=2.2368 | train_AP=0.5958 val_AP=0.5761 test_AP=0.5436
Epoch 141/200 [47.7s] | task=0.2104 distill=2.2338 | train_AP=0.6011 val_AP=0.5739 test_AP=0.5408
Epoch 142/200 [47.6s] | task=0.2100 distill=2.2334 | train_AP=0.5988 val_AP=0.5764 test_AP=0.5433
  -> New best val_AP=0.5764 (test=0.5433)
Epoch 143/200 [47.4s] | task=0.2102 distill=2.2391 | train_AP=0.6000 val_AP=0.5759 test_AP=0.5423
Epoch 144/200 [47.4s] | task=0.2101 distill=2.2330 | train_AP=0.6009 val_AP=0.5771 test_AP=0.5446
  -> New best val_AP=0.5771 (test=0.5446)
Epoch 145/200 [47.3s] | task=0.2104 distill=2.2341 | train_AP=0.5999 val_AP=0.5753 test_AP=0.5419
Epoch 146/200 [46.5s] | task=0.2103 distill=2.2386 | train_AP=0.5994 val_AP=0.5773 test_AP=0.5446
  -> New best val_AP=0.5773 (test=0.5446)
Epoch 147/200 [47.7s] | task=0.2095 distill=2.2411 | train_AP=0.6010 val_AP=0.5788 test_AP=0.5446
  -> New best val_AP=0.5788 (test=0.5446)
Epoch 148/200 [48.0s] | task=0.2099 distill=2.2387 | train_AP=0.6015 val_AP=0.5776 test_AP=0.5441
Epoch 149/200 [48.0s] | task=0.2095 distill=2.2411 | train_AP=0.6041 val_AP=0.5760 test_AP=0.5456
Epoch 150/200 [47.2s] | task=0.2095 distill=2.2393 | train_AP=0.6021 val_AP=0.5777 test_AP=0.5458
Epoch 151/200 [47.3s] | task=0.2096 distill=2.2355 | train_AP=0.6003 val_AP=0.5764 test_AP=0.5451
Epoch 152/200 [47.2s] | task=0.2096 distill=2.2309 | train_AP=0.6013 val_AP=0.5778 test_AP=0.5460
Epoch 153/200 [49.1s] | task=0.2096 distill=2.2321 | train_AP=0.6016 val_AP=0.5787 test_AP=0.5450
Epoch 154/200 [47.1s] | task=0.2093 distill=2.2322 | train_AP=0.6033 val_AP=0.5774 test_AP=0.5457
Epoch 155/200 [47.1s] | task=0.2096 distill=2.2332 | train_AP=0.6021 val_AP=0.5786 test_AP=0.5457
Epoch 156/200 [48.9s] | task=0.2086 distill=2.2328 | train_AP=0.6016 val_AP=0.5783 test_AP=0.5467
Epoch 157/200 [46.1s] | task=0.2095 distill=2.2356 | train_AP=0.6055 val_AP=0.5785 test_AP=0.5461
Epoch 158/200 [47.2s] | task=0.2087 distill=2.2358 | train_AP=0.6025 val_AP=0.5783 test_AP=0.5457
Epoch 159/200 [47.1s] | task=0.2088 distill=2.2324 | train_AP=0.6036 val_AP=0.5778 test_AP=0.5459
Epoch 160/200 [47.8s] | task=0.2090 distill=2.2385 | train_AP=0.6013 val_AP=0.5784 test_AP=0.5478
Epoch 161/200 [46.5s] | task=0.2083 distill=2.2376 | train_AP=0.6026 val_AP=0.5773 test_AP=0.5467
Epoch 162/200 [47.3s] | task=0.2089 distill=2.2355 | train_AP=0.6033 val_AP=0.5786 test_AP=0.5463
Epoch 163/200 [47.5s] | task=0.2082 distill=2.2345 | train_AP=0.6045 val_AP=0.5785 test_AP=0.5467
Epoch 164/200 [47.8s] | task=0.2081 distill=2.2375 | train_AP=0.6049 val_AP=0.5777 test_AP=0.5469
Epoch 165/200 [47.4s] | task=0.2078 distill=2.2314 | train_AP=0.6061 val_AP=0.5789 test_AP=0.5472
  -> New best val_AP=0.5789 (test=0.5472)
Epoch 166/200 [46.9s] | task=0.2084 distill=2.2367 | train_AP=0.6082 val_AP=0.5778 test_AP=0.5479
Epoch 167/200 [48.0s] | task=0.2089 distill=2.2328 | train_AP=0.6044 val_AP=0.5790 test_AP=0.5475
  -> New best val_AP=0.5790 (test=0.5475)
Epoch 168/200 [48.2s] | task=0.2081 distill=2.2355 | train_AP=0.6038 val_AP=0.5788 test_AP=0.5476
Epoch 169/200 [47.0s] | task=0.2080 distill=2.2343 | train_AP=0.6068 val_AP=0.5788 test_AP=0.5477
Epoch 170/200 [47.5s] | task=0.2084 distill=2.2351 | train_AP=0.6061 val_AP=0.5789 test_AP=0.5471
Epoch 171/200 [47.6s] | task=0.2076 distill=2.2352 | train_AP=0.6068 val_AP=0.5794 test_AP=0.5478
  -> New best val_AP=0.5794 (test=0.5478)
Epoch 172/200 [47.6s] | task=0.2073 distill=2.2381 | train_AP=0.6072 val_AP=0.5793 test_AP=0.5483
Epoch 173/200 [47.3s] | task=0.2078 distill=2.2343 | train_AP=0.6087 val_AP=0.5784 test_AP=0.5476
Epoch 174/200 [48.1s] | task=0.2077 distill=2.2356 | train_AP=0.6053 val_AP=0.5793 test_AP=0.5480
Epoch 175/200 [47.4s] | task=0.2079 distill=2.2360 | train_AP=0.6037 val_AP=0.5789 test_AP=0.5471
Epoch 176/200 [47.4s] | task=0.2074 distill=2.2377 | train_AP=0.6068 val_AP=0.5793 test_AP=0.5476
Epoch 177/200 [46.6s] | task=0.2081 distill=2.2361 | train_AP=0.6076 val_AP=0.5795 test_AP=0.5480
  -> New best val_AP=0.5795 (test=0.5480)
Epoch 178/200 [48.2s] | task=0.2074 distill=2.2334 | train_AP=0.6060 val_AP=0.5801 test_AP=0.5470
  -> New best val_AP=0.5801 (test=0.5470)
Epoch 179/200 [47.1s] | task=0.2073 distill=2.2358 | train_AP=0.6083 val_AP=0.5798 test_AP=0.5480
Epoch 180/200 [48.3s] | task=0.2073 distill=2.2382 | train_AP=0.6092 val_AP=0.5802 test_AP=0.5477
  -> New best val_AP=0.5802 (test=0.5477)
Epoch 181/200 [47.7s] | task=0.2075 distill=2.2353 | train_AP=0.6081 val_AP=0.5796 test_AP=0.5478
Epoch 182/200 [46.4s] | task=0.2074 distill=2.2339 | train_AP=0.6084 val_AP=0.5785 test_AP=0.5478
Epoch 183/200 [46.9s] | task=0.2081 distill=2.2328 | train_AP=0.6057 val_AP=0.5796 test_AP=0.5479
Epoch 184/200 [47.2s] | task=0.2075 distill=2.2346 | train_AP=0.6078 val_AP=0.5797 test_AP=0.5484
Epoch 185/200 [47.9s] | task=0.2066 distill=2.2348 | train_AP=0.6103 val_AP=0.5790 test_AP=0.5477
Epoch 186/200 [47.5s] | task=0.2074 distill=2.2344 | train_AP=0.6092 val_AP=0.5798 test_AP=0.5487
Epoch 187/200 [46.4s] | task=0.2074 distill=2.2355 | train_AP=0.6081 val_AP=0.5796 test_AP=0.5480
Epoch 188/200 [47.3s] | task=0.2078 distill=2.2334 | train_AP=0.6054 val_AP=0.5795 test_AP=0.5482
Epoch 189/200 [46.9s] | task=0.2074 distill=2.2353 | train_AP=0.6081 val_AP=0.5796 test_AP=0.5485
Epoch 190/200 [47.9s] | task=0.2072 distill=2.2356 | train_AP=0.6077 val_AP=0.5796 test_AP=0.5481
Epoch 191/200 [46.6s] | task=0.2069 distill=2.2355 | train_AP=0.6093 val_AP=0.5795 test_AP=0.5482
Epoch 192/200 [46.3s] | task=0.2076 distill=2.2354 | train_AP=0.6086 val_AP=0.5796 test_AP=0.5485
Epoch 193/200 [47.2s] | task=0.2074 distill=2.2355 | train_AP=0.6079 val_AP=0.5796 test_AP=0.5485
Epoch 194/200 [48.3s] | task=0.2070 distill=2.2362 | train_AP=0.6089 val_AP=0.5796 test_AP=0.5486
Epoch 195/200 [47.8s] | task=0.2072 distill=2.2358 | train_AP=0.6098 val_AP=0.5795 test_AP=0.5480
Epoch 196/200 [47.4s] | task=0.2075 distill=2.2354 | train_AP=0.6076 val_AP=0.5795 test_AP=0.5480
Epoch 197/200 [47.7s] | task=0.2070 distill=2.2355 | train_AP=0.6093 val_AP=0.5796 test_AP=0.5481
Epoch 198/200 [47.0s] | task=0.2073 distill=2.2355 | train_AP=0.6090 val_AP=0.5796 test_AP=0.5485
Epoch 199/200 [47.5s] | task=0.2070 distill=2.2353 | train_AP=0.6081 val_AP=0.5796 test_AP=0.5485
Epoch 200/200 [47.7s] | task=0.2069 distill=2.2356 | train_AP=0.6082 val_AP=0.5797 test_AP=0.5481

Done. Baseline val_AP=0.1736 | Best distilled val_AP=0.5802 at epoch 180
