============================================================
Phase 1: Extract Attention Targets
  model_path=checkpoints_staged/stage1_best.pt
  proxy_opt_steps=100
  num_proxies=32
  proxy_mmd_lambda=1.5
  num_cross_layers=1
  use_proxy_self_attn=False
  distill_layers=all
============================================================
  Loaded 28 pretrained keys, cross-attn layers randomly initialized
  Extracting attention from layers: [0]
  [1/43] 256 graphs | base_loss=0.6201 opt_loss=0.0791 mmd=0.357860
  [10/43] 2560 graphs | base_loss=0.6194 opt_loss=0.0802 mmd=0.343628
  [20/43] 5120 graphs | base_loss=0.6206 opt_loss=0.0787 mmd=0.348948
  [30/43] 7680 graphs | base_loss=0.6206 opt_loss=0.0786 mmd=0.345757
  [40/43] 10240 graphs | base_loss=0.6202 opt_loss=0.0780 mmd=0.345221

Extraction done. 10873 graphs saved to checkpoints_attn_distill/attn_targets.pkl
  Avg base_loss=0.6202  opt_loss=0.0782

Sanity check: attention difference (teacher vs vanilla)...
  Mean |teacher_attn - vanilla_attn|: 0.010981
  Good: attention patterns are meaningfully different.
============================================================
Phase 2: Train with Attention Distillation
  distill_weight=1.0
  temperature=2.0
  distill_layers=[0]
  targets from: checkpoints_attn_distill/attn_targets.pkl
============================================================
  AttnTargetDataset: 10873 graphs with targets

Baseline (pretrained, no distillation):
  val_AP=0.6142  test_AP=0.5945
  Student trainable params: 3,770,378
Epoch   1/100 [30.8s] | task=0.3189 distill=0.9717 | train_AP=0.3303 val_AP=0.4352 test_AP=0.4285
  -> New best val_AP=0.4352 (test=0.4285)
Epoch   2/100 [30.1s] | task=0.2638 distill=0.5967 | train_AP=0.4447 val_AP=0.4825 test_AP=0.4549
  -> New best val_AP=0.4825 (test=0.4549)
Epoch   3/100 [31.3s] | task=0.2550 distill=0.5134 | train_AP=0.4711 val_AP=0.4915 test_AP=0.4742
  -> New best val_AP=0.4915 (test=0.4742)
Epoch   4/100 [30.4s] | task=0.2470 distill=0.5331 | train_AP=0.4931 val_AP=0.5086 test_AP=0.4904
  -> New best val_AP=0.5086 (test=0.4904)
Epoch   5/100 [30.6s] | task=0.2402 distill=0.4969 | train_AP=0.5221 val_AP=0.5224 test_AP=0.4966
  -> New best val_AP=0.5224 (test=0.4966)
Epoch   6/100 [29.6s] | task=0.2361 distill=0.5191 | train_AP=0.5353 val_AP=0.5531 test_AP=0.5290
  -> New best val_AP=0.5531 (test=0.5290)
Epoch   7/100 [30.1s] | task=0.2307 distill=0.5052 | train_AP=0.5489 val_AP=0.5437 test_AP=0.5169
Epoch   8/100 [30.1s] | task=0.2284 distill=0.5029 | train_AP=0.5513 val_AP=0.5526 test_AP=0.5232
Epoch   9/100 [31.0s] | task=0.2243 distill=0.5362 | train_AP=0.5662 val_AP=0.5467 test_AP=0.5207
Epoch  10/100 [30.9s] | task=0.2168 distill=0.4801 | train_AP=0.5879 val_AP=0.5748 test_AP=0.5466
  -> New best val_AP=0.5748 (test=0.5466)
Epoch  11/100 [30.6s] | task=0.2128 distill=0.4920 | train_AP=0.6009 val_AP=0.5729 test_AP=0.5509
Epoch  12/100 [30.4s] | task=0.2098 distill=0.4815 | train_AP=0.6127 val_AP=0.5508 test_AP=0.5416
Epoch  13/100 [29.5s] | task=0.2064 distill=0.4567 | train_AP=0.6197 val_AP=0.5871 test_AP=0.5529
  -> New best val_AP=0.5871 (test=0.5529)
Epoch  14/100 [29.4s] | task=0.2052 distill=0.4994 | train_AP=0.6299 val_AP=0.5877 test_AP=0.5607
  -> New best val_AP=0.5877 (test=0.5607)
Epoch  15/100 [30.5s] | task=0.1959 distill=0.4678 | train_AP=0.6496 val_AP=0.5990 test_AP=0.5745
  -> New best val_AP=0.5990 (test=0.5745)
Epoch  16/100 [30.3s] | task=0.1922 distill=0.4796 | train_AP=0.6614 val_AP=0.5915 test_AP=0.5626
Epoch  17/100 [30.4s] | task=0.1916 distill=0.4674 | train_AP=0.6659 val_AP=0.6106 test_AP=0.5763
  -> New best val_AP=0.6106 (test=0.5763)
Epoch  18/100 [31.4s] | task=0.1850 distill=0.4541 | train_AP=0.6862 val_AP=0.6003 test_AP=0.5829
Epoch  19/100 [29.8s] | task=0.1817 distill=0.4482 | train_AP=0.6945 val_AP=0.6098 test_AP=0.6022
Epoch  20/100 [30.0s] | task=0.1798 distill=0.4557 | train_AP=0.7026 val_AP=0.5995 test_AP=0.5639
Epoch  21/100 [30.4s] | task=0.1746 distill=0.4658 | train_AP=0.7115 val_AP=0.6151 test_AP=0.5877
  -> New best val_AP=0.6151 (test=0.5877)
Epoch  22/100 [30.3s] | task=0.1772 distill=0.4701 | train_AP=0.7069 val_AP=0.6052 test_AP=0.5864
Epoch  23/100 [30.4s] | task=0.1665 distill=0.4519 | train_AP=0.7378 val_AP=0.6082 test_AP=0.5738
Epoch  24/100 [29.9s] | task=0.1666 distill=0.4773 | train_AP=0.7388 val_AP=0.5940 test_AP=0.5670
Epoch  25/100 [30.1s] | task=0.1659 distill=0.4662 | train_AP=0.7437 val_AP=0.6186 test_AP=0.5939
  -> New best val_AP=0.6186 (test=0.5939)
Epoch  26/100 [29.7s] | task=0.1571 distill=0.4376 | train_AP=0.7588 val_AP=0.6207 test_AP=0.6035
  -> New best val_AP=0.6207 (test=0.6035)
Epoch  27/100 [29.8s] | task=0.1549 distill=0.4411 | train_AP=0.7668 val_AP=0.6108 test_AP=0.5944
Epoch  28/100 [30.6s] | task=0.1481 distill=0.4592 | train_AP=0.7849 val_AP=0.6225 test_AP=0.5981
  -> New best val_AP=0.6225 (test=0.5981)
Epoch  29/100 [29.8s] | task=0.1458 distill=0.4583 | train_AP=0.7848 val_AP=0.6357 test_AP=0.6080
  -> New best val_AP=0.6357 (test=0.6080)
Epoch  30/100 [30.5s] | task=0.1388 distill=0.4543 | train_AP=0.8014 val_AP=0.6322 test_AP=0.6010
Epoch  31/100 [30.1s] | task=0.1406 distill=0.4565 | train_AP=0.8026 val_AP=0.6153 test_AP=0.6025
Epoch  32/100 [29.4s] | task=0.1368 distill=0.4626 | train_AP=0.8087 val_AP=0.6264 test_AP=0.6079
Epoch  33/100 [26.7s] | task=0.1332 distill=0.4671 | train_AP=0.8184 val_AP=0.6364 test_AP=0.6159
  -> New best val_AP=0.6364 (test=0.6159)
Epoch  34/100 [30.1s] | task=0.1277 distill=0.4656 | train_AP=0.8319 val_AP=0.6298 test_AP=0.6099
Epoch  35/100 [31.0s] | task=0.1230 distill=0.4678 | train_AP=0.8394 val_AP=0.6438 test_AP=0.6252
  -> New best val_AP=0.6438 (test=0.6252)
Epoch  36/100 [30.6s] | task=0.1192 distill=0.4543 | train_AP=0.8498 val_AP=0.6355 test_AP=0.6099
Epoch  37/100 [30.0s] | task=0.1193 distill=0.4572 | train_AP=0.8500 val_AP=0.6397 test_AP=0.6169
Epoch  38/100 [30.1s] | task=0.1122 distill=0.4701 | train_AP=0.8627 val_AP=0.6351 test_AP=0.6213
Epoch  39/100 [30.1s] | task=0.1121 distill=0.4517 | train_AP=0.8661 val_AP=0.6416 test_AP=0.6277
Epoch  40/100 [30.1s] | task=0.1064 distill=0.4651 | train_AP=0.8766 val_AP=0.6348 test_AP=0.6255
Epoch  41/100 [30.4s] | task=0.1031 distill=0.4537 | train_AP=0.8820 val_AP=0.6383 test_AP=0.6253
Epoch  42/100 [30.6s] | task=0.0994 distill=0.4498 | train_AP=0.8900 val_AP=0.6425 test_AP=0.6199
Epoch  43/100 [30.2s] | task=0.0973 distill=0.4538 | train_AP=0.8905 val_AP=0.6375 test_AP=0.6249
Epoch  44/100 [30.8s] | task=0.0952 distill=0.4547 | train_AP=0.8964 val_AP=0.6380 test_AP=0.6206
Epoch  45/100 [31.0s] | task=0.0892 distill=0.4439 | train_AP=0.9096 val_AP=0.6434 test_AP=0.6295
Epoch  46/100 [30.1s] | task=0.0891 distill=0.4614 | train_AP=0.9091 val_AP=0.6452 test_AP=0.6238
  -> New best val_AP=0.6452 (test=0.6238)
Epoch  47/100 [30.2s] | task=0.0861 distill=0.4475 | train_AP=0.9126 val_AP=0.6455 test_AP=0.6274
  -> New best val_AP=0.6455 (test=0.6274)
Epoch  48/100 [31.1s] | task=0.0814 distill=0.4617 | train_AP=0.9229 val_AP=0.6444 test_AP=0.6311
Epoch  49/100 [30.2s] | task=0.0802 distill=0.4499 | train_AP=0.9247 val_AP=0.6417 test_AP=0.6310
Epoch  50/100 [28.7s] | task=0.0776 distill=0.4533 | train_AP=0.9275 val_AP=0.6472 test_AP=0.6333
  -> New best val_AP=0.6472 (test=0.6333)
Epoch  51/100 [30.7s] | task=0.0739 distill=0.4570 | train_AP=0.9373 val_AP=0.6438 test_AP=0.6349
Epoch  52/100 [29.6s] | task=0.0733 distill=0.4638 | train_AP=0.9342 val_AP=0.6457 test_AP=0.6339
Epoch  53/100 [30.2s] | task=0.0691 distill=0.4493 | train_AP=0.9398 val_AP=0.6381 test_AP=0.6318
Epoch  54/100 [30.4s] | task=0.0688 distill=0.4606 | train_AP=0.9441 val_AP=0.6496 test_AP=0.6390
  -> New best val_AP=0.6496 (test=0.6390)
Epoch  55/100 [31.1s] | task=0.0677 distill=0.4506 | train_AP=0.9429 val_AP=0.6434 test_AP=0.6337
Epoch  56/100 [31.9s] | task=0.0654 distill=0.4571 | train_AP=0.9453 val_AP=0.6464 test_AP=0.6326
Epoch  57/100 [29.8s] | task=0.0628 distill=0.4503 | train_AP=0.9510 val_AP=0.6459 test_AP=0.6367
Epoch  58/100 [30.3s] | task=0.0609 distill=0.4560 | train_AP=0.9524 val_AP=0.6492 test_AP=0.6346
Epoch  59/100 [31.3s] | task=0.0595 distill=0.4580 | train_AP=0.9534 val_AP=0.6385 test_AP=0.6303
Epoch  60/100 [30.5s] | task=0.0589 distill=0.4534 | train_AP=0.9565 val_AP=0.6424 test_AP=0.6348
Epoch  61/100 [31.0s] | task=0.0559 distill=0.4567 | train_AP=0.9594 val_AP=0.6467 test_AP=0.6377
Epoch  62/100 [29.8s] | task=0.0538 distill=0.4628 | train_AP=0.9620 val_AP=0.6484 test_AP=0.6329
Epoch  63/100 [30.9s] | task=0.0526 distill=0.4645 | train_AP=0.9646 val_AP=0.6439 test_AP=0.6398
Epoch  64/100 [30.6s] | task=0.0517 distill=0.4595 | train_AP=0.9649 val_AP=0.6465 test_AP=0.6422
Epoch  65/100 [31.2s] | task=0.0495 distill=0.4637 | train_AP=0.9685 val_AP=0.6495 test_AP=0.6368
Epoch  66/100 [30.1s] | task=0.0487 distill=0.4631 | train_AP=0.9692 val_AP=0.6483 test_AP=0.6387
Epoch  67/100 [29.6s] | task=0.0471 distill=0.4624 | train_AP=0.9700 val_AP=0.6465 test_AP=0.6370
Epoch  68/100 [31.6s] | task=0.0460 distill=0.4578 | train_AP=0.9718 val_AP=0.6473 test_AP=0.6413
Epoch  69/100 [30.6s] | task=0.0442 distill=0.4572 | train_AP=0.9733 val_AP=0.6490 test_AP=0.6412
Epoch  70/100 [30.2s] | task=0.0442 distill=0.4615 | train_AP=0.9735 val_AP=0.6521 test_AP=0.6400
  -> New best val_AP=0.6521 (test=0.6400)
Epoch  71/100 [31.1s] | task=0.0427 distill=0.4633 | train_AP=0.9754 val_AP=0.6481 test_AP=0.6418
Epoch  72/100 [30.9s] | task=0.0425 distill=0.4618 | train_AP=0.9759 val_AP=0.6478 test_AP=0.6381
Epoch  73/100 [31.4s] | task=0.0418 distill=0.4593 | train_AP=0.9752 val_AP=0.6437 test_AP=0.6391
Epoch  74/100 [30.0s] | task=0.0410 distill=0.4585 | train_AP=0.9758 val_AP=0.6465 test_AP=0.6412
Epoch  75/100 [30.4s] | task=0.0394 distill=0.4590 | train_AP=0.9791 val_AP=0.6481 test_AP=0.6378
Epoch  76/100 [28.8s] | task=0.0389 distill=0.4601 | train_AP=0.9794 val_AP=0.6432 test_AP=0.6398
Epoch  77/100 [31.7s] | task=0.0382 distill=0.4589 | train_AP=0.9813 val_AP=0.6478 test_AP=0.6394
Epoch  78/100 [30.8s] | task=0.0376 distill=0.4609 | train_AP=0.9813 val_AP=0.6493 test_AP=0.6420
Epoch  79/100 [30.3s] | task=0.0367 distill=0.4605 | train_AP=0.9826 val_AP=0.6481 test_AP=0.6422
Epoch  80/100 [29.9s] | task=0.0361 distill=0.4605 | train_AP=0.9828 val_AP=0.6506 test_AP=0.6438
Epoch  81/100 [30.1s] | task=0.0359 distill=0.4594 | train_AP=0.9826 val_AP=0.6475 test_AP=0.6436
Epoch  82/100 [30.7s] | task=0.0354 distill=0.4576 | train_AP=0.9820 val_AP=0.6476 test_AP=0.6428
Epoch  83/100 [30.6s] | task=0.0356 distill=0.4573 | train_AP=0.9820 val_AP=0.6476 test_AP=0.6426
Epoch  84/100 [27.8s] | task=0.0347 distill=0.4565 | train_AP=0.9834 val_AP=0.6485 test_AP=0.6429
Epoch  85/100 [27.1s] | task=0.0343 distill=0.4584 | train_AP=0.9853 val_AP=0.6482 test_AP=0.6414
Epoch  86/100 [27.6s] | task=0.0337 distill=0.4563 | train_AP=0.9844 val_AP=0.6490 test_AP=0.6435
Epoch  87/100 [27.7s] | task=0.0337 distill=0.4605 | train_AP=0.9848 val_AP=0.6496 test_AP=0.6440
Epoch  88/100 [27.5s] | task=0.0335 distill=0.4574 | train_AP=0.9856 val_AP=0.6490 test_AP=0.6432
Epoch  89/100 [27.3s] | task=0.0330 distill=0.4576 | train_AP=0.9843 val_AP=0.6481 test_AP=0.6431
Epoch  90/100 [27.9s] | task=0.0329 distill=0.4602 | train_AP=0.9855 val_AP=0.6486 test_AP=0.6424
Epoch  91/100 [27.7s] | task=0.0332 distill=0.4593 | train_AP=0.9850 val_AP=0.6482 test_AP=0.6437
Epoch  92/100 [27.8s] | task=0.0326 distill=0.4593 | train_AP=0.9855 val_AP=0.6479 test_AP=0.6425
Epoch  93/100 [27.5s] | task=0.0320 distill=0.4588 | train_AP=0.9874 val_AP=0.6475 test_AP=0.6427
Epoch  94/100 [28.9s] | task=0.0325 distill=0.4595 | train_AP=0.9859 val_AP=0.6482 test_AP=0.6426
Epoch  95/100 [27.6s] | task=0.0320 distill=0.4587 | train_AP=0.9871 val_AP=0.6479 test_AP=0.6430
Epoch  96/100 [27.8s] | task=0.0320 distill=0.4592 | train_AP=0.9869 val_AP=0.6477 test_AP=0.6424
Epoch  97/100 [28.3s] | task=0.0318 distill=0.4592 | train_AP=0.9870 val_AP=0.6480 test_AP=0.6425
Epoch  98/100 [27.2s] | task=0.0321 distill=0.4597 | train_AP=0.9867 val_AP=0.6479 test_AP=0.6424
Epoch  99/100 [27.2s] | task=0.0317 distill=0.4596 | train_AP=0.9871 val_AP=0.6479 test_AP=0.6424
Epoch 100/100 [27.6s] | task=0.0316 distill=0.4596 | train_AP=0.9868 val_AP=0.6478 test_AP=0.6424
Early stopping at epoch 100.

Done. Baseline val_AP=0.6142 | Best distilled val_AP=0.6521 at epoch 70
