+ save_dir=checkpoints_attn_distill_7
+ python exp_attn_distillation_2.py pretrain --hidden_dim 128 --save_dir checkpoints_attn_distill_7 --num_layers 1 --num_heads 8 --proxy_lr 8e-2 --no-use_lap_pe --warmup_ratio 0.05 --num_cross_layers 1 --no-use_proxy_self_attn --proxy_mmd_lambda 1.5 --proxy_opt_steps 1000 --distill_weight 1 --temperature 2 --s1_max_epochs 1000 --s1_weight_decay 5e-4 --batch_size 128 --num_proxies 4 --dropout 0.2
{'phase': 'pretrain', 'model_path': None, 'save_dir': 'checkpoints_attn_distill_7', 'hidden_dim': 128, 'num_layers': 1, 'num_heads': 8, 'output_dim': 10, 'dropout': 0.2, 's1_lr': 3e-05, 's1_weight_decay': 0.0005, 's1_max_epochs': 1000, 's1_patience': 50, 's1_grad_clip': 1.0, 'warmup_ratio': 0.05, 'lr_min': 1e-07, 'num_cross_layers': 1, 'use_proxy_self_attn': False, 'num_proxies': 4, 'proxy_lr': 0.08, 'proxy_opt_steps': 1000, 'proxy_mmd_lambda': 1.5, 'extract_rel_threshold': 0.1, 'proxy_init_jitter': 0.5, 'distill_weight': 1.0, 'temperature': 2.0, 'distill_loss_threshold': 0.5, 'distill_layers': 'all', 'lr': 5e-05, 'weight_decay': 0.0001, 'max_epochs': 200, 'patience': 30, 'grad_clip': 1.0, 'batch_size': 128, 'num_workers': 4, 'device': 'cuda'}
Unknown args =  ['--no-use_lap_pe']

============================================================
PRETRAIN: Train Graph Transformer from scratch
  hidden_dim=128, num_layers=1, num_heads=8
  s1_lr=3e-05, s1_weight_decay=0.0005, dropout=0.2
  s1_max_epochs=1000, s1_patience=50
============================================================
  Parameters: 525,066
Epoch   1/1000 [7.0s mem=4847MB] | train_loss=0.7061 train_AP=0.1647 | val_loss=0.7033 val_AP=0.1666
  -> New best: val_loss=0.7033 val_AP=0.1666, saved
Epoch   2/1000 [6.5s mem=4842MB] | train_loss=0.6941 train_AP=0.1641 | val_loss=0.6830 val_AP=0.1718
  -> New best: val_loss=0.6830 val_AP=0.1718, saved
Epoch   3/1000 [6.4s mem=4850MB] | train_loss=0.6700 train_AP=0.1654 | val_loss=0.6541 val_AP=0.1738
  -> New best: val_loss=0.6541 val_AP=0.1738, saved
Epoch   4/1000 [6.3s mem=4853MB] | train_loss=0.6390 train_AP=0.1644 | val_loss=0.6160 val_AP=0.1663
  -> New best: val_loss=0.6160 val_AP=0.1738, saved
Epoch   5/1000 [6.4s mem=4849MB] | train_loss=0.6016 train_AP=0.1656 | val_loss=0.5751 val_AP=0.1630
  -> New best: val_loss=0.5751 val_AP=0.1738, saved
Epoch   6/1000 [6.3s mem=4843MB] | train_loss=0.5625 train_AP=0.1651 | val_loss=0.5327 val_AP=0.1651
  -> New best: val_loss=0.5327 val_AP=0.1738, saved
Epoch   7/1000 [6.4s mem=4846MB] | train_loss=0.5214 train_AP=0.1665 | val_loss=0.4899 val_AP=0.1652
  -> New best: val_loss=0.4899 val_AP=0.1738, saved
Epoch   8/1000 [6.5s mem=4842MB] | train_loss=0.4816 train_AP=0.1655 | val_loss=0.4485 val_AP=0.1693
  -> New best: val_loss=0.4485 val_AP=0.1738, saved
Epoch   9/1000 [6.5s mem=4844MB] | train_loss=0.4451 train_AP=0.1652 | val_loss=0.4140 val_AP=0.1718
  -> New best: val_loss=0.4140 val_AP=0.1738, saved
Epoch  10/1000 [6.2s mem=4846MB] | train_loss=0.4154 train_AP=0.1649 | val_loss=0.3884 val_AP=0.1758 | test_AP=0.1811
  -> New best: val_loss=0.3884 val_AP=0.1758, saved
Epoch  11/1000 [6.4s mem=4842MB] | train_loss=0.3942 train_AP=0.1651 | val_loss=0.3726 val_AP=0.1820
  -> New best: val_loss=0.3726 val_AP=0.1820, saved
Epoch  12/1000 [6.6s mem=4840MB] | train_loss=0.3819 train_AP=0.1650 | val_loss=0.3642 val_AP=0.1892
  -> New best: val_loss=0.3642 val_AP=0.1892, saved
Epoch  13/1000 [6.6s mem=4852MB] | train_loss=0.3747 train_AP=0.1665 | val_loss=0.3603 val_AP=0.1942
  -> New best: val_loss=0.3603 val_AP=0.1942, saved
Epoch  14/1000 [6.5s mem=4842MB] | train_loss=0.3718 train_AP=0.1666 | val_loss=0.3587 val_AP=0.1982
  -> New best: val_loss=0.3587 val_AP=0.1982, saved
Killed
