{'phase': 'pretrain', 'model_path': None, 'save_dir': 'checkpoints_attn_distill_7', 'hidden_dim': 96, 'num_layers': 1, 'num_heads': 8, 'output_dim': 10, 'dropout': 0.2, 's1_lr': 3e-05, 's1_weight_decay': 0.0005, 's1_max_epochs': 1000, 's1_patience': 50, 's1_grad_clip': 1.0, 'warmup_ratio': 0.05, 'lr_min': 1e-07, 'num_cross_layers': 1, 'use_proxy_self_attn': False, 'num_proxies': 4, 'proxy_lr': 0.08, 'proxy_opt_steps': 1000, 'proxy_mmd_lambda': 1.5, 'extract_rel_threshold': 0.1, 'proxy_init_jitter': 0.5, 'distill_weight': 1.0, 'temperature': 2.0, 'distill_loss_threshold': 0.5, 'distill_layers': 'all', 'lr': 5e-05, 'weight_decay': 0.0001, 'max_epochs': 200, 'patience': 30, 'grad_clip': 1.0, 'batch_size': 16, 'num_workers': 4, 'device': 'cuda'}
Unknown args =  ['--backbone', 'hybrid', '--num_gred_layers', '8', '--num_transformer_layers', '1', '--no-use_lap_pe', '--mse_weight', '0.2']

============================================================
PRETRAIN: Train Graph Transformer from scratch
  hidden_dim=96, num_layers=1, num_heads=8
  s1_lr=3e-05, s1_weight_decay=0.0005, dropout=0.2
  s1_max_epochs=1000, s1_patience=50
============================================================
  Parameters: 147,850
{'phase': 'pretrain', 'model_path': None, 'save_dir': 'checkpoints_attn_distill_7', 'hidden_dim': 96, 'num_layers': 1, 'num_heads': 8, 'output_dim': 10, 'dropout': 0.2, 's1_lr': 3e-05, 's1_weight_decay': 0.0005, 's1_max_epochs': 1000, 's1_patience': 50, 's1_grad_clip': 1.0, 'warmup_ratio': 0.05, 'lr_min': 1e-07, 'num_cross_layers': 1, 'use_proxy_self_attn': False, 'num_proxies': 4, 'proxy_lr': 0.08, 'proxy_opt_steps': 1000, 'proxy_mmd_lambda': 1.5, 'extract_rel_threshold': 0.1, 'proxy_init_jitter': 0.5, 'distill_weight': 1.0, 'temperature': 2.0, 'distill_loss_threshold': 0.5, 'distill_layers': 'all', 'lr': 5e-05, 'weight_decay': 0.0001, 'max_epochs': 200, 'patience': 30, 'grad_clip': 1.0, 'batch_size': 16, 'num_workers': 4, 'device': 'cuda'}
Unknown args =  ['--backbone', 'hybrid', '--num_gred_layers', '8', '--num_transformer_layers', '1', '--no-use_lap_pe', '--mse_weight', '0.2']

============================================================
PRETRAIN: Train Graph Transformer from scratch
  hidden_dim=96, num_layers=1, num_heads=8
  s1_lr=3e-05, s1_weight_decay=0.0005, dropout=0.2
  s1_max_epochs=1000, s1_patience=50
============================================================
Epoch   1/1000 [19.9s mem=592MB] | train_loss=0.6863 train_AP=0.1630 | val_loss=0.6782 val_AP=0.1664
  -> New best: val_loss=0.6782 val_AP=0.1664, saved
Epoch   2/1000 [18.8s mem=593MB] | train_loss=0.6590 train_AP=0.1670 | val_loss=0.6329 val_AP=0.1688
  -> New best: val_loss=0.6329 val_AP=0.1688, saved
Epoch   3/1000 [19.0s mem=593MB] | train_loss=0.6041 train_AP=0.1649 | val_loss=0.5585 val_AP=0.1715
  -> New best: val_loss=0.5585 val_AP=0.1715, saved
Epoch   4/1000 [19.4s mem=593MB] | train_loss=0.5214 train_AP=0.1665 | val_loss=0.4604 val_AP=0.1710
  -> New best: val_loss=0.4604 val_AP=0.1715, saved
Epoch   5/1000 [19.0s mem=592MB] | train_loss=0.4368 train_AP=0.1634 | val_loss=0.3875 val_AP=0.1701
  -> New best: val_loss=0.3875 val_AP=0.1715, saved
Epoch   6/1000 [19.1s mem=593MB] | train_loss=0.3894 train_AP=0.1650 | val_loss=0.3628 val_AP=0.1737
  -> New best: val_loss=0.3628 val_AP=0.1737, saved
Epoch   7/1000 [19.9s mem=592MB] | train_loss=0.3757 train_AP=0.1659 | val_loss=0.3583 val_AP=0.1763
  -> New best: val_loss=0.3583 val_AP=0.1763, saved
Epoch   8/1000 [18.9s mem=592MB] | train_loss=0.3726 train_AP=0.1649 | val_loss=0.3573 val_AP=0.1819
  -> New best: val_loss=0.3573 val_AP=0.1819, saved
Epoch   9/1000 [19.8s mem=593MB] | train_loss=0.3715 train_AP=0.1666 | val_loss=0.3571 val_AP=0.1897
  -> New best: val_loss=0.3571 val_AP=0.1897, saved
Epoch  10/1000 [18.9s mem=592MB] | train_loss=0.3708 train_AP=0.1649 | val_loss=0.3570 val_AP=0.2003 | test_AP=0.2045
  -> New best: val_loss=0.3570 val_AP=0.2003, saved
Epoch  11/1000 [19.2s mem=592MB] | train_loss=0.3706 train_AP=0.1647 | val_loss=0.3570 val_AP=0.2044
  -> New best: val_loss=0.3570 val_AP=0.2044, saved
Epoch  12/1000 [19.9s mem=592MB] | train_loss=0.3697 train_AP=0.1647 | val_loss=0.3568 val_AP=0.2072
  -> New best: val_loss=0.3568 val_AP=0.2072, saved
Epoch  13/1000 [19.5s mem=592MB] | train_loss=0.3686 train_AP=0.1655 | val_loss=0.3570 val_AP=0.2129
  -> New best: val_loss=0.3568 val_AP=0.2129, saved
Epoch  14/1000 [18.7s mem=593MB] | train_loss=0.3675 train_AP=0.1662 | val_loss=0.3568 val_AP=0.2116
Epoch  15/1000 [18.8s mem=593MB] | train_loss=0.3661 train_AP=0.1676 | val_loss=0.3567 val_AP=0.2107
  -> New best: val_loss=0.3567 val_AP=0.2129, saved
Epoch  16/1000 [18.8s mem=591MB] | train_loss=0.3660 train_AP=0.1665 | val_loss=0.3558 val_AP=0.2091
  -> New best: val_loss=0.3558 val_AP=0.2129, saved
Epoch  17/1000 [19.3s mem=594MB] | train_loss=0.3637 train_AP=0.1716 | val_loss=0.3524 val_AP=0.2113
  -> New best: val_loss=0.3524 val_AP=0.2129, saved
Epoch  18/1000 [19.1s mem=593MB] | train_loss=0.3602 train_AP=0.1813 | val_loss=0.3492 val_AP=0.2390
  -> New best: val_loss=0.3492 val_AP=0.2390, saved
Epoch  19/1000 [19.2s mem=592MB] | train_loss=0.3555 train_AP=0.1946 | val_loss=0.3431 val_AP=0.2537
  -> New best: val_loss=0.3431 val_AP=0.2537, saved
Epoch  20/1000 [18.8s mem=593MB] | train_loss=0.3500 train_AP=0.2115 | val_loss=0.3347 val_AP=0.2638 | test_AP=0.2531
  -> New best: val_loss=0.3347 val_AP=0.2638, saved
Epoch  21/1000 [18.9s mem=593MB] | train_loss=0.3430 train_AP=0.2320 | val_loss=0.3298 val_AP=0.2695
  -> New best: val_loss=0.3298 val_AP=0.2695, saved
Epoch  22/1000 [19.3s mem=593MB] | train_loss=0.3391 train_AP=0.2382 | val_loss=0.3264 val_AP=0.2736
  -> New best: val_loss=0.3264 val_AP=0.2736, saved
Epoch  23/1000 [18.8s mem=593MB] | train_loss=0.3358 train_AP=0.2478 | val_loss=0.3243 val_AP=0.2802
  -> New best: val_loss=0.3243 val_AP=0.2802, saved
Epoch  24/1000 [19.6s mem=593MB] | train_loss=0.3332 train_AP=0.2546 | val_loss=0.3226 val_AP=0.2846
  -> New best: val_loss=0.3226 val_AP=0.2846, saved
Epoch  25/1000 [19.1s mem=592MB] | train_loss=0.3307 train_AP=0.2603 | val_loss=0.3203 val_AP=0.2915
  -> New best: val_loss=0.3203 val_AP=0.2915, saved
Epoch  26/1000 [19.8s mem=593MB] | train_loss=0.3275 train_AP=0.2712 | val_loss=0.3180 val_AP=0.2996
  -> New best: val_loss=0.3180 val_AP=0.2996, saved
Epoch  27/1000 [19.4s mem=592MB] | train_loss=0.3259 train_AP=0.2754 | val_loss=0.3169 val_AP=0.3024
  -> New best: val_loss=0.3169 val_AP=0.3024, saved
Epoch  28/1000 [19.5s mem=593MB] | train_loss=0.3238 train_AP=0.2792 | val_loss=0.3154 val_AP=0.3115
  -> New best: val_loss=0.3154 val_AP=0.3115, saved
Epoch  29/1000 [19.0s mem=593MB] | train_loss=0.3217 train_AP=0.2875 | val_loss=0.3151 val_AP=0.3181
  -> New best: val_loss=0.3151 val_AP=0.3181, saved
Epoch  30/1000 [19.1s mem=593MB] | train_loss=0.3198 train_AP=0.2938 | val_loss=0.3131 val_AP=0.3210 | test_AP=0.3210
  -> New best: val_loss=0.3131 val_AP=0.3210, saved
Epoch  31/1000 [19.9s mem=593MB] | train_loss=0.3166 train_AP=0.3035 | val_loss=0.3082 val_AP=0.3271
  -> New best: val_loss=0.3082 val_AP=0.3271, saved
Epoch  32/1000 [19.8s mem=592MB] | train_loss=0.3159 train_AP=0.3026 | val_loss=0.3079 val_AP=0.3329
  -> New best: val_loss=0.3079 val_AP=0.3329, saved
Epoch  33/1000 [19.9s mem=592MB] | train_loss=0.3139 train_AP=0.3071 | val_loss=0.3104 val_AP=0.3340
  -> New best: val_loss=0.3079 val_AP=0.3340, saved
Epoch  34/1000 [19.5s mem=592MB] | train_loss=0.3117 train_AP=0.3143 | val_loss=0.3076 val_AP=0.3370
  -> New best: val_loss=0.3076 val_AP=0.3370, saved
Epoch  35/1000 [19.8s mem=593MB] | train_loss=0.3093 train_AP=0.3201 | val_loss=0.3026 val_AP=0.3446
  -> New best: val_loss=0.3026 val_AP=0.3446, saved
Epoch  36/1000 [20.1s mem=592MB] | train_loss=0.3082 train_AP=0.3220 | val_loss=0.3022 val_AP=0.3528
  -> New best: val_loss=0.3022 val_AP=0.3528, saved
Epoch  37/1000 [19.4s mem=592MB] | train_loss=0.3061 train_AP=0.3287 | val_loss=0.3004 val_AP=0.3544
  -> New best: val_loss=0.3004 val_AP=0.3544, saved
Epoch  38/1000 [20.1s mem=593MB] | train_loss=0.3048 train_AP=0.3328 | val_loss=0.2998 val_AP=0.3595
  -> New best: val_loss=0.2998 val_AP=0.3595, saved
Epoch  39/1000 [19.5s mem=593MB] | train_loss=0.3036 train_AP=0.3350 | val_loss=0.3034 val_AP=0.3560
Epoch  40/1000 [19.4s mem=592MB] | train_loss=0.3024 train_AP=0.3399 | val_loss=0.2968 val_AP=0.3655 | test_AP=0.3598
  -> New best: val_loss=0.2968 val_AP=0.3655, saved
Epoch  41/1000 [18.9s mem=592MB] | train_loss=0.3008 train_AP=0.3430 | val_loss=0.2970 val_AP=0.3670
  -> New best: val_loss=0.2968 val_AP=0.3670, saved
Epoch  42/1000 [20.6s mem=593MB] | train_loss=0.2997 train_AP=0.3474 | val_loss=0.2975 val_AP=0.3643
Epoch  43/1000 [19.7s mem=593MB] | train_loss=0.2984 train_AP=0.3507 | val_loss=0.2970 val_AP=0.3671
  -> New best: val_loss=0.2968 val_AP=0.3671, saved
Epoch  44/1000 [19.4s mem=593MB] | train_loss=0.2976 train_AP=0.3532 | val_loss=0.2959 val_AP=0.3795
  -> New best: val_loss=0.2959 val_AP=0.3795, saved
Epoch  45/1000 [19.5s mem=592MB] | train_loss=0.2964 train_AP=0.3563 | val_loss=0.3034 val_AP=0.3717
Epoch  46/1000 [19.9s mem=592MB] | train_loss=0.2955 train_AP=0.3570 | val_loss=0.2977 val_AP=0.3738
Epoch  47/1000 [19.7s mem=592MB] | train_loss=0.2933 train_AP=0.3595 | val_loss=0.2973 val_AP=0.3812
  -> New best: val_loss=0.2959 val_AP=0.3812, saved
Epoch  48/1000 [19.1s mem=592MB] | train_loss=0.2911 train_AP=0.3704 | val_loss=0.2888 val_AP=0.3898
  -> New best: val_loss=0.2888 val_AP=0.3898, saved
Epoch  49/1000 [19.9s mem=593MB] | train_loss=0.2900 train_AP=0.3720 | val_loss=0.2883 val_AP=0.3939
  -> New best: val_loss=0.2883 val_AP=0.3939, saved
Epoch  50/1000 [19.4s mem=593MB] | train_loss=0.2872 train_AP=0.3806 | val_loss=0.2854 val_AP=0.3961 | test_AP=0.3887
  -> New best: val_loss=0.2854 val_AP=0.3961, saved
Epoch  51/1000 [19.0s mem=592MB] | train_loss=0.2839 train_AP=0.3883 | val_loss=0.2892 val_AP=0.4015
  -> New best: val_loss=0.2854 val_AP=0.4015, saved
Epoch  52/1000 [19.5s mem=593MB] | train_loss=0.2828 train_AP=0.3883 | val_loss=0.2817 val_AP=0.4091
  -> New best: val_loss=0.2817 val_AP=0.4091, saved
Epoch  53/1000 [19.0s mem=593MB] | train_loss=0.2800 train_AP=0.3972 | val_loss=0.2783 val_AP=0.4113
  -> New best: val_loss=0.2783 val_AP=0.4113, saved
Epoch  54/1000 [19.2s mem=592MB] | train_loss=0.2785 train_AP=0.4006 | val_loss=0.2744 val_AP=0.4212
  -> New best: val_loss=0.2744 val_AP=0.4212, saved
Epoch  55/1000 [19.4s mem=592MB] | train_loss=0.2771 train_AP=0.4032 | val_loss=0.2773 val_AP=0.4186
Epoch  56/1000 [19.1s mem=592MB] | train_loss=0.2746 train_AP=0.4117 | val_loss=0.2739 val_AP=0.4268
  -> New best: val_loss=0.2739 val_AP=0.4268, saved
Epoch  57/1000 [18.8s mem=593MB] | train_loss=0.2739 train_AP=0.4130 | val_loss=0.2738 val_AP=0.4265
  -> New best: val_loss=0.2738 val_AP=0.4268, saved
Epoch  58/1000 [19.2s mem=593MB] | train_loss=0.2728 train_AP=0.4158 | val_loss=0.2733 val_AP=0.4244
  -> New best: val_loss=0.2733 val_AP=0.4268, saved
Epoch  59/1000 [19.1s mem=593MB] | train_loss=0.2716 train_AP=0.4213 | val_loss=0.2694 val_AP=0.4335
  -> New best: val_loss=0.2694 val_AP=0.4335, saved
Epoch  60/1000 [18.9s mem=593MB] | train_loss=0.2705 train_AP=0.4201 | val_loss=0.2678 val_AP=0.4391 | test_AP=0.4282
  -> New best: val_loss=0.2678 val_AP=0.4391, saved
Epoch  61/1000 [19.1s mem=593MB] | train_loss=0.2694 train_AP=0.4233 | val_loss=0.2683 val_AP=0.4420
  -> New best: val_loss=0.2678 val_AP=0.4420, saved
Epoch  62/1000 [19.7s mem=592MB] | train_loss=0.2685 train_AP=0.4298 | val_loss=0.2731 val_AP=0.4353
Epoch  63/1000 [19.0s mem=593MB] | train_loss=0.2671 train_AP=0.4300 | val_loss=0.2696 val_AP=0.4380
Epoch  64/1000 [18.9s mem=593MB] | train_loss=0.2658 train_AP=0.4353 | val_loss=0.2646 val_AP=0.4481
  -> New best: val_loss=0.2646 val_AP=0.4481, saved
Epoch  65/1000 [19.4s mem=593MB] | train_loss=0.2655 train_AP=0.4349 | val_loss=0.2762 val_AP=0.4383
Epoch  66/1000 [19.0s mem=592MB] | train_loss=0.2645 train_AP=0.4378 | val_loss=0.2657 val_AP=0.4539
  -> New best: val_loss=0.2646 val_AP=0.4539, saved
Epoch  67/1000 [19.7s mem=593MB] | train_loss=0.2643 train_AP=0.4391 | val_loss=0.2727 val_AP=0.4477
Epoch  68/1000 [19.7s mem=593MB] | train_loss=0.2633 train_AP=0.4390 | val_loss=0.2658 val_AP=0.4590
  -> New best: val_loss=0.2646 val_AP=0.4590, saved
Epoch  69/1000 [19.1s mem=592MB] | train_loss=0.2629 train_AP=0.4416 | val_loss=0.2643 val_AP=0.4641
  -> New best: val_loss=0.2643 val_AP=0.4641, saved
Epoch  70/1000 [18.7s mem=593MB] | train_loss=0.2621 train_AP=0.4445 | val_loss=0.2646 val_AP=0.4607 | test_AP=0.4400
Epoch  71/1000 [19.7s mem=593MB] | train_loss=0.2606 train_AP=0.4479 | val_loss=0.2695 val_AP=0.4586
Epoch  72/1000 [19.5s mem=592MB] | train_loss=0.2610 train_AP=0.4471 | val_loss=0.2692 val_AP=0.4567
Epoch  73/1000 [19.2s mem=593MB] | train_loss=0.2601 train_AP=0.4495 | val_loss=0.2613 val_AP=0.4697
  -> New best: val_loss=0.2613 val_AP=0.4697, saved
Epoch  74/1000 [19.1s mem=593MB] | train_loss=0.2598 train_AP=0.4471 | val_loss=0.2653 val_AP=0.4614
Epoch  75/1000 [19.2s mem=592MB] | train_loss=0.2583 train_AP=0.4543 | val_loss=0.2644 val_AP=0.4644
Epoch  76/1000 [18.9s mem=593MB] | train_loss=0.2582 train_AP=0.4526 | val_loss=0.2639 val_AP=0.4715
  -> New best: val_loss=0.2613 val_AP=0.4715, saved
Epoch  77/1000 [19.5s mem=594MB] | train_loss=0.2575 train_AP=0.4577 | val_loss=0.2600 val_AP=0.4716
  -> New best: val_loss=0.2600 val_AP=0.4716, saved
Epoch  78/1000 [19.3s mem=593MB] | train_loss=0.2563 train_AP=0.4582 | val_loss=0.2640 val_AP=0.4722
  -> New best: val_loss=0.2600 val_AP=0.4722, saved
Epoch  79/1000 [19.8s mem=592MB] | train_loss=0.2561 train_AP=0.4581 | val_loss=0.2628 val_AP=0.4658
Epoch  80/1000 [19.7s mem=593MB] | train_loss=0.2556 train_AP=0.4586 | val_loss=0.2571 val_AP=0.4796 | test_AP=0.4555
  -> New best: val_loss=0.2571 val_AP=0.4796, saved
Epoch  81/1000 [19.4s mem=592MB] | train_loss=0.2549 train_AP=0.4620 | val_loss=0.2640 val_AP=0.4694
Epoch  82/1000 [19.9s mem=592MB] | train_loss=0.2548 train_AP=0.4621 | val_loss=0.2762 val_AP=0.4691
Epoch  83/1000 [20.1s mem=592MB] | train_loss=0.2542 train_AP=0.4623 | val_loss=0.2610 val_AP=0.4795
Epoch  84/1000 [19.0s mem=593MB] | train_loss=0.2543 train_AP=0.4626 | val_loss=0.2654 val_AP=0.4678
Epoch  85/1000 [19.7s mem=593MB] | train_loss=0.2535 train_AP=0.4652 | val_loss=0.2605 val_AP=0.4698
Epoch  86/1000 [19.6s mem=593MB] | train_loss=0.2533 train_AP=0.4646 | val_loss=0.2620 val_AP=0.4788
Epoch  87/1000 [19.3s mem=593MB] | train_loss=0.2524 train_AP=0.4680 | val_loss=0.2586 val_AP=0.4802
  -> New best: val_loss=0.2571 val_AP=0.4802, saved
Epoch  88/1000 [19.0s mem=592MB] | train_loss=0.2526 train_AP=0.4658 | val_loss=0.2595 val_AP=0.4827
  -> New best: val_loss=0.2571 val_AP=0.4827, saved
Epoch  89/1000 [19.8s mem=592MB] | train_loss=0.2520 train_AP=0.4654 | val_loss=0.2634 val_AP=0.4783
Epoch  90/1000 [19.5s mem=592MB] | train_loss=0.2505 train_AP=0.4742 | val_loss=0.2570 val_AP=0.4839 | test_AP=0.4592
  -> New best: val_loss=0.2570 val_AP=0.4839, saved
Epoch  91/1000 [19.0s mem=591MB] | train_loss=0.2510 train_AP=0.4689 | val_loss=0.2591 val_AP=0.4875
  -> New best: val_loss=0.2570 val_AP=0.4875, saved
Epoch  92/1000 [20.0s mem=595MB] | train_loss=0.2505 train_AP=0.4737 | val_loss=0.2607 val_AP=0.4756
Epoch  93/1000 [19.9s mem=592MB] | train_loss=0.2504 train_AP=0.4737 | val_loss=0.2604 val_AP=0.4805
Epoch  94/1000 [19.6s mem=592MB] | train_loss=0.2495 train_AP=0.4781 | val_loss=0.2597 val_AP=0.4898
  -> New best: val_loss=0.2570 val_AP=0.4898, saved
Epoch  95/1000 [19.4s mem=592MB] | train_loss=0.2490 train_AP=0.4763 | val_loss=0.2718 val_AP=0.4770
Epoch  96/1000 [19.8s mem=593MB] | train_loss=0.2479 train_AP=0.4789 | val_loss=0.2546 val_AP=0.4940
  -> New best: val_loss=0.2546 val_AP=0.4940, saved
Epoch  97/1000 [19.3s mem=594MB] | train_loss=0.2473 train_AP=0.4813 | val_loss=0.2580 val_AP=0.4929
Epoch  98/1000 [19.8s mem=593MB] | train_loss=0.2474 train_AP=0.4818 | val_loss=0.2668 val_AP=0.4756
Epoch  99/1000 [20.2s mem=593MB] | train_loss=0.2473 train_AP=0.4824 | val_loss=0.2643 val_AP=0.4931
Epoch 100/1000 [19.0s mem=592MB] | train_loss=0.2463 train_AP=0.4825 | val_loss=0.2529 val_AP=0.4965 | test_AP=0.4701
  -> New best: val_loss=0.2529 val_AP=0.4965, saved
Epoch 101/1000 [19.1s mem=593MB] | train_loss=0.2460 train_AP=0.4825 | val_loss=0.2526 val_AP=0.4994
  -> New best: val_loss=0.2526 val_AP=0.4994, saved
Epoch 102/1000 [18.9s mem=593MB] | train_loss=0.2454 train_AP=0.4869 | val_loss=0.2570 val_AP=0.4906
Epoch 103/1000 [19.9s mem=593MB] | train_loss=0.2427 train_AP=0.4882 | val_loss=0.2517 val_AP=0.5075
  -> New best: val_loss=0.2517 val_AP=0.5075, saved
Epoch 104/1000 [19.5s mem=592MB] | train_loss=0.2428 train_AP=0.4946 | val_loss=0.2567 val_AP=0.5026
Epoch 105/1000 [19.3s mem=592MB] | train_loss=0.2421 train_AP=0.4959 | val_loss=0.2528 val_AP=0.4993
Epoch 106/1000 [19.6s mem=592MB] | train_loss=0.2407 train_AP=0.4949 | val_loss=0.2540 val_AP=0.5038
Epoch 107/1000 [19.1s mem=593MB] | train_loss=0.2409 train_AP=0.4948 | val_loss=0.2549 val_AP=0.5087
  -> New best: val_loss=0.2517 val_AP=0.5087, saved
Epoch 108/1000 [19.6s mem=593MB] | train_loss=0.2401 train_AP=0.4998 | val_loss=0.2468 val_AP=0.5182
  -> New best: val_loss=0.2468 val_AP=0.5182, saved
Epoch 109/1000 [19.0s mem=593MB] | train_loss=0.2399 train_AP=0.4973 | val_loss=0.2479 val_AP=0.5197
  -> New best: val_loss=0.2468 val_AP=0.5197, saved
Epoch 110/1000 [19.6s mem=593MB] | train_loss=0.2391 train_AP=0.4994 | val_loss=0.2532 val_AP=0.5066 | test_AP=0.4736
Epoch 111/1000 [19.1s mem=593MB] | train_loss=0.2393 train_AP=0.5030 | val_loss=0.2524 val_AP=0.5115
Epoch 112/1000 [19.5s mem=593MB] | train_loss=0.2387 train_AP=0.5017 | val_loss=0.2477 val_AP=0.5130
Epoch 113/1000 [19.2s mem=593MB] | train_loss=0.2382 train_AP=0.5035 | val_loss=0.2479 val_AP=0.5227
  -> New best: val_loss=0.2468 val_AP=0.5227, saved
Epoch 114/1000 [19.5s mem=593MB] | train_loss=0.2381 train_AP=0.5032 | val_loss=0.2612 val_AP=0.5185
Epoch 115/1000 [20.0s mem=592MB] | train_loss=0.2376 train_AP=0.5082 | val_loss=0.2501 val_AP=0.5160
Epoch 116/1000 [19.0s mem=592MB] | train_loss=0.2380 train_AP=0.5075 | val_loss=0.2457 val_AP=0.5231
  -> New best: val_loss=0.2457 val_AP=0.5231, saved
Epoch 117/1000 [19.2s mem=593MB] | train_loss=0.2366 train_AP=0.5080 | val_loss=0.2523 val_AP=0.5103
Epoch 118/1000 [19.2s mem=592MB] | train_loss=0.2370 train_AP=0.5086 | val_loss=0.2519 val_AP=0.5141
Epoch 119/1000 [19.5s mem=593MB] | train_loss=0.2366 train_AP=0.5100 | val_loss=0.2532 val_AP=0.5139
Epoch 120/1000 [19.4s mem=592MB] | train_loss=0.2350 train_AP=0.5157 | val_loss=0.2473 val_AP=0.5258 | test_AP=0.4900
  -> New best: val_loss=0.2457 val_AP=0.5258, saved
Epoch 121/1000 [18.9s mem=591MB] | train_loss=0.2355 train_AP=0.5152 | val_loss=0.2529 val_AP=0.5278
  -> New best: val_loss=0.2457 val_AP=0.5278, saved
Epoch 122/1000 [19.5s mem=592MB] | train_loss=0.2356 train_AP=0.5108 | val_loss=0.2483 val_AP=0.5270
Epoch 123/1000 [19.2s mem=593MB] | train_loss=0.2344 train_AP=0.5126 | val_loss=0.2489 val_AP=0.5251
Epoch 124/1000 [19.6s mem=592MB] | train_loss=0.2342 train_AP=0.5165 | val_loss=0.2466 val_AP=0.5243
Epoch 125/1000 [19.1s mem=592MB] | train_loss=0.2340 train_AP=0.5189 | val_loss=0.2453 val_AP=0.5317
  -> New best: val_loss=0.2453 val_AP=0.5317, saved
Epoch 126/1000 [19.1s mem=593MB] | train_loss=0.2340 train_AP=0.5185 | val_loss=0.2567 val_AP=0.5027
Epoch 127/1000 [19.9s mem=595MB] | train_loss=0.2339 train_AP=0.5174 | val_loss=0.2488 val_AP=0.5317
  -> New best: val_loss=0.2453 val_AP=0.5317, saved
Epoch 128/1000 [19.6s mem=592MB] | train_loss=0.2338 train_AP=0.5191 | val_loss=0.2461 val_AP=0.5274
Epoch 129/1000 [19.4s mem=593MB] | train_loss=0.2323 train_AP=0.5217 | val_loss=0.2492 val_AP=0.5251
Epoch 130/1000 [18.9s mem=593MB] | train_loss=0.2324 train_AP=0.5218 | val_loss=0.2460 val_AP=0.5333 | test_AP=0.4995
  -> New best: val_loss=0.2453 val_AP=0.5333, saved
Epoch 131/1000 [19.3s mem=592MB] | train_loss=0.2321 train_AP=0.5258 | val_loss=0.2475 val_AP=0.5312
Epoch 132/1000 [19.0s mem=592MB] | train_loss=0.2313 train_AP=0.5290 | val_loss=0.2483 val_AP=0.5271
Epoch 133/1000 [19.6s mem=592MB] | train_loss=0.2312 train_AP=0.5239 | val_loss=0.2471 val_AP=0.5307
Epoch 134/1000 [19.0s mem=592MB] | train_loss=0.2321 train_AP=0.5257 | val_loss=0.2472 val_AP=0.5331
Epoch 135/1000 [19.3s mem=593MB] | train_loss=0.2312 train_AP=0.5278 | val_loss=0.2467 val_AP=0.5325
Epoch 136/1000 [19.1s mem=591MB] | train_loss=0.2306 train_AP=0.5302 | val_loss=0.2482 val_AP=0.5313
Epoch 137/1000 [19.5s mem=592MB] | train_loss=0.2308 train_AP=0.5269 | val_loss=0.2455 val_AP=0.5318
Epoch 138/1000 [18.8s mem=593MB] | train_loss=0.2305 train_AP=0.5276 | val_loss=0.2465 val_AP=0.5315
Epoch 139/1000 [20.1s mem=593MB] | train_loss=0.2301 train_AP=0.5319 | val_loss=0.2493 val_AP=0.5224
Epoch 140/1000 [18.9s mem=593MB] | train_loss=0.2293 train_AP=0.5320 | val_loss=0.2487 val_AP=0.5382 | test_AP=0.5057
  -> New best: val_loss=0.2453 val_AP=0.5382, saved
Epoch 141/1000 [19.5s mem=592MB] | train_loss=0.2291 train_AP=0.5305 | val_loss=0.2467 val_AP=0.5351
Epoch 142/1000 [18.7s mem=594MB] | train_loss=0.2294 train_AP=0.5297 | val_loss=0.2509 val_AP=0.5373
Epoch 143/1000 [19.5s mem=592MB] | train_loss=0.2285 train_AP=0.5350 | val_loss=0.2483 val_AP=0.5419
  -> New best: val_loss=0.2453 val_AP=0.5419, saved
Epoch 144/1000 [20.0s mem=592MB] | train_loss=0.2285 train_AP=0.5333 | val_loss=0.2410 val_AP=0.5402
  -> New best: val_loss=0.2410 val_AP=0.5419, saved
Epoch 145/1000 [19.3s mem=592MB] | train_loss=0.2289 train_AP=0.5343 | val_loss=0.2447 val_AP=0.5442
  -> New best: val_loss=0.2410 val_AP=0.5442, saved
Epoch 146/1000 [19.3s mem=593MB] | train_loss=0.2284 train_AP=0.5354 | val_loss=0.2446 val_AP=0.5434
Epoch 147/1000 [19.5s mem=592MB] | train_loss=0.2280 train_AP=0.5342 | val_loss=0.2530 val_AP=0.5285
Epoch 148/1000 [19.7s mem=593MB] | train_loss=0.2273 train_AP=0.5363 | val_loss=0.2460 val_AP=0.5432
Epoch 149/1000 [19.2s mem=593MB] | train_loss=0.2274 train_AP=0.5394 | val_loss=0.2583 val_AP=0.5304
Epoch 150/1000 [19.1s mem=592MB] | train_loss=0.2275 train_AP=0.5402 | val_loss=0.2459 val_AP=0.5400 | test_AP=0.5055
Epoch 151/1000 [19.5s mem=592MB] | train_loss=0.2267 train_AP=0.5402 | val_loss=0.2464 val_AP=0.5361
Epoch 152/1000 [19.4s mem=593MB] | train_loss=0.2269 train_AP=0.5447 | val_loss=0.2531 val_AP=0.5405
Epoch 153/1000 [19.1s mem=593MB] | train_loss=0.2270 train_AP=0.5394 | val_loss=0.2406 val_AP=0.5478
  -> New best: val_loss=0.2406 val_AP=0.5478, saved
Epoch 154/1000 [20.0s mem=593MB] | train_loss=0.2257 train_AP=0.5442 | val_loss=0.2410 val_AP=0.5523
  -> New best: val_loss=0.2406 val_AP=0.5523, saved
Epoch 155/1000 [19.4s mem=593MB] | train_loss=0.2263 train_AP=0.5433 | val_loss=0.2483 val_AP=0.5395
Epoch 156/1000 [19.0s mem=592MB] | train_loss=0.2260 train_AP=0.5449 | val_loss=0.2431 val_AP=0.5483
Epoch 157/1000 [20.0s mem=592MB] | train_loss=0.2251 train_AP=0.5492 | val_loss=0.2452 val_AP=0.5423
Epoch 158/1000 [19.9s mem=593MB] | train_loss=0.2257 train_AP=0.5456 | val_loss=0.2459 val_AP=0.5434
Epoch 159/1000 [19.1s mem=593MB] | train_loss=0.2246 train_AP=0.5495 | val_loss=0.2499 val_AP=0.5367
Epoch 160/1000 [19.3s mem=593MB] | train_loss=0.2249 train_AP=0.5504 | val_loss=0.2463 val_AP=0.5498 | test_AP=0.5155
Epoch 161/1000 [19.1s mem=593MB] | train_loss=0.2246 train_AP=0.5478 | val_loss=0.2410 val_AP=0.5492
Epoch 162/1000 [19.7s mem=592MB] | train_loss=0.2244 train_AP=0.5500 | val_loss=0.2397 val_AP=0.5474
  -> New best: val_loss=0.2397 val_AP=0.5523, saved
Epoch 163/1000 [19.2s mem=593MB] | train_loss=0.2247 train_AP=0.5483 | val_loss=0.2391 val_AP=0.5500
  -> New best: val_loss=0.2391 val_AP=0.5523, saved
Epoch 164/1000 [20.0s mem=592MB] | train_loss=0.2240 train_AP=0.5511 | val_loss=0.2447 val_AP=0.5465
Epoch 165/1000 [19.1s mem=593MB] | train_loss=0.2237 train_AP=0.5509 | val_loss=0.2491 val_AP=0.5461
Epoch 166/1000 [19.1s mem=593MB] | train_loss=0.2230 train_AP=0.5534 | val_loss=0.2430 val_AP=0.5507
Epoch 167/1000 [19.3s mem=592MB] | train_loss=0.2217 train_AP=0.5582 | val_loss=0.2430 val_AP=0.5561
  -> New best: val_loss=0.2391 val_AP=0.5561, saved
Epoch 168/1000 [19.1s mem=592MB] | train_loss=0.2221 train_AP=0.5572 | val_loss=0.2422 val_AP=0.5568
  -> New best: val_loss=0.2391 val_AP=0.5568, saved
Epoch 169/1000 [19.5s mem=592MB] | train_loss=0.2223 train_AP=0.5540 | val_loss=0.2551 val_AP=0.5299
Epoch 170/1000 [18.8s mem=593MB] | train_loss=0.2217 train_AP=0.5571 | val_loss=0.2443 val_AP=0.5570 | test_AP=0.5208
  -> New best: val_loss=0.2391 val_AP=0.5570, saved
Epoch 171/1000 [19.4s mem=592MB] | train_loss=0.2218 train_AP=0.5583 | val_loss=0.2477 val_AP=0.5463
Epoch 172/1000 [19.5s mem=593MB] | train_loss=0.2212 train_AP=0.5582 | val_loss=0.2468 val_AP=0.5495
Epoch 173/1000 [19.4s mem=593MB] | train_loss=0.2215 train_AP=0.5583 | val_loss=0.2422 val_AP=0.5563
Epoch 174/1000 [19.3s mem=592MB] | train_loss=0.2208 train_AP=0.5628 | val_loss=0.2419 val_AP=0.5580
  -> New best: val_loss=0.2391 val_AP=0.5580, saved
Epoch 175/1000 [19.3s mem=592MB] | train_loss=0.2217 train_AP=0.5582 | val_loss=0.2422 val_AP=0.5579
Epoch 176/1000 [19.3s mem=593MB] | train_loss=0.2201 train_AP=0.5614 | val_loss=0.2445 val_AP=0.5545
Epoch 177/1000 [19.8s mem=593MB] | train_loss=0.2208 train_AP=0.5630 | val_loss=0.2456 val_AP=0.5540
Epoch 178/1000 [18.8s mem=592MB] | train_loss=0.2209 train_AP=0.5613 | val_loss=0.2405 val_AP=0.5653
  -> New best: val_loss=0.2391 val_AP=0.5653, saved
Epoch 179/1000 [19.4s mem=593MB] | train_loss=0.2201 train_AP=0.5633 | val_loss=0.2422 val_AP=0.5583
Epoch 180/1000 [19.3s mem=593MB] | train_loss=0.2202 train_AP=0.5681 | val_loss=0.2403 val_AP=0.5536 | test_AP=0.5201
Epoch 181/1000 [19.3s mem=592MB] | train_loss=0.2201 train_AP=0.5651 | val_loss=0.2486 val_AP=0.5534
Epoch 182/1000 [19.1s mem=593MB] | train_loss=0.2189 train_AP=0.5667 | val_loss=0.2541 val_AP=0.5599
Epoch 183/1000 [19.5s mem=592MB] | train_loss=0.2193 train_AP=0.5652 | val_loss=0.2408 val_AP=0.5671
  -> New best: val_loss=0.2391 val_AP=0.5671, saved
Epoch 184/1000 [19.1s mem=593MB] | train_loss=0.2189 train_AP=0.5704 | val_loss=0.2429 val_AP=0.5630
Epoch 185/1000 [19.8s mem=593MB] | train_loss=0.2182 train_AP=0.5668 | val_loss=0.2403 val_AP=0.5660
Epoch 186/1000 [19.0s mem=593MB] | train_loss=0.2189 train_AP=0.5698 | val_loss=0.2510 val_AP=0.5440
Epoch 187/1000 [19.5s mem=593MB] | train_loss=0.2185 train_AP=0.5683 | val_loss=0.2452 val_AP=0.5598
Epoch 188/1000 [19.4s mem=593MB] | train_loss=0.2185 train_AP=0.5705 | val_loss=0.2397 val_AP=0.5639
Epoch 189/1000 [19.2s mem=593MB] | train_loss=0.2177 train_AP=0.5718 | val_loss=0.2383 val_AP=0.5676
  -> New best: val_loss=0.2383 val_AP=0.5676, saved
Epoch 190/1000 [19.4s mem=592MB] | train_loss=0.2172 train_AP=0.5721 | val_loss=0.2442 val_AP=0.5618 | test_AP=0.5302
Epoch 191/1000 [18.9s mem=593MB] | train_loss=0.2171 train_AP=0.5738 | val_loss=0.2417 val_AP=0.5564
Epoch 192/1000 [19.2s mem=592MB] | train_loss=0.2167 train_AP=0.5746 | val_loss=0.2405 val_AP=0.5614
Epoch 193/1000 [19.0s mem=593MB] | train_loss=0.2172 train_AP=0.5753 | val_loss=0.2442 val_AP=0.5632
Epoch 194/1000 [19.3s mem=592MB] | train_loss=0.2167 train_AP=0.5774 | val_loss=0.2384 val_AP=0.5676
  -> New best: val_loss=0.2383 val_AP=0.5676, saved
Epoch 195/1000 [18.6s mem=592MB] | train_loss=0.2172 train_AP=0.5758 | val_loss=0.2431 val_AP=0.5612
Epoch 196/1000 [19.0s mem=593MB] | train_loss=0.2160 train_AP=0.5748 | val_loss=0.2428 val_AP=0.5663
Epoch 197/1000 [18.8s mem=592MB] | train_loss=0.2149 train_AP=0.5791 | val_loss=0.2493 val_AP=0.5549
Epoch 198/1000 [19.3s mem=591MB] | train_loss=0.2153 train_AP=0.5816 | val_loss=0.2430 val_AP=0.5616
Epoch 199/1000 [18.7s mem=593MB] | train_loss=0.2156 train_AP=0.5798 | val_loss=0.2413 val_AP=0.5670
Epoch 200/1000 [19.9s mem=592MB] | train_loss=0.2152 train_AP=0.5795 | val_loss=0.2444 val_AP=0.5688 | test_AP=0.5316
  -> New best: val_loss=0.2383 val_AP=0.5688, saved
Epoch 201/1000 [19.2s mem=592MB] | train_loss=0.2157 train_AP=0.5799 | val_loss=0.2448 val_AP=0.5642
Epoch 202/1000 [19.1s mem=591MB] | train_loss=0.2149 train_AP=0.5800 | val_loss=0.2428 val_AP=0.5647
Epoch 203/1000 [19.6s mem=593MB] | train_loss=0.2148 train_AP=0.5800 | val_loss=0.2441 val_AP=0.5627
Epoch 204/1000 [20.0s mem=592MB] | train_loss=0.2143 train_AP=0.5816 | val_loss=0.2431 val_AP=0.5645
Epoch 205/1000 [20.3s mem=592MB] | train_loss=0.2150 train_AP=0.5821 | val_loss=0.2396 val_AP=0.5721
  -> New best: val_loss=0.2383 val_AP=0.5721, saved
Epoch 206/1000 [19.6s mem=593MB] | train_loss=0.2144 train_AP=0.5840 | val_loss=0.2482 val_AP=0.5636
Epoch 207/1000 [19.4s mem=593MB] | train_loss=0.2145 train_AP=0.5840 | val_loss=0.2452 val_AP=0.5652
Epoch 208/1000 [19.5s mem=593MB] | train_loss=0.2144 train_AP=0.5855 | val_loss=0.2414 val_AP=0.5707
Epoch 209/1000 [19.7s mem=593MB] | train_loss=0.2138 train_AP=0.5870 | val_loss=0.2453 val_AP=0.5685
Epoch 210/1000 [19.4s mem=591MB] | train_loss=0.2136 train_AP=0.5901 | val_loss=0.2463 val_AP=0.5680 | test_AP=0.5372
Epoch 211/1000 [19.1s mem=593MB] | train_loss=0.2132 train_AP=0.5875 | val_loss=0.2412 val_AP=0.5636
Epoch 212/1000 [19.7s mem=593MB] | train_loss=0.2126 train_AP=0.5887 | val_loss=0.2393 val_AP=0.5704
Epoch 213/1000 [19.8s mem=592MB] | train_loss=0.2130 train_AP=0.5882 | val_loss=0.2466 val_AP=0.5541
Epoch 214/1000 [19.4s mem=593MB] | train_loss=0.2127 train_AP=0.5854 | val_loss=0.2417 val_AP=0.5629
Epoch 215/1000 [20.5s mem=592MB] | train_loss=0.2113 train_AP=0.5926 | val_loss=0.2421 val_AP=0.5714
Epoch 216/1000 [19.5s mem=593MB] | train_loss=0.2113 train_AP=0.5924 | val_loss=0.2447 val_AP=0.5669
Epoch 217/1000 [19.5s mem=593MB] | train_loss=0.2118 train_AP=0.5922 | val_loss=0.2418 val_AP=0.5757
  -> New best: val_loss=0.2383 val_AP=0.5757, saved
Epoch 218/1000 [19.7s mem=592MB] | train_loss=0.2110 train_AP=0.5928 | val_loss=0.2456 val_AP=0.5662
Epoch 219/1000 [19.6s mem=593MB] | train_loss=0.2122 train_AP=0.5932 | val_loss=0.2481 val_AP=0.5697
Epoch 220/1000 [19.5s mem=593MB] | train_loss=0.2105 train_AP=0.5989 | val_loss=0.2515 val_AP=0.5729 | test_AP=0.5308
Epoch 221/1000 [19.3s mem=592MB] | train_loss=0.2111 train_AP=0.5963 | val_loss=0.2410 val_AP=0.5704
Epoch 222/1000 [19.5s mem=591MB] | train_loss=0.2116 train_AP=0.5961 | val_loss=0.2399 val_AP=0.5718
Epoch 223/1000 [19.9s mem=593MB] | train_loss=0.2102 train_AP=0.5962 | val_loss=0.2399 val_AP=0.5778
  -> New best: val_loss=0.2383 val_AP=0.5778, saved
Epoch 224/1000 [19.3s mem=592MB] | train_loss=0.2109 train_AP=0.5957 | val_loss=0.2474 val_AP=0.5721
Epoch 225/1000 [19.6s mem=593MB] | train_loss=0.2097 train_AP=0.5990 | val_loss=0.2387 val_AP=0.5690
Epoch 226/1000 [18.4s mem=593MB] | train_loss=0.2103 train_AP=0.5954 | val_loss=0.2425 val_AP=0.5743
Epoch 227/1000 [18.9s mem=593MB] | train_loss=0.2099 train_AP=0.5986 | val_loss=0.2384 val_AP=0.5749
Epoch 228/1000 [19.3s mem=592MB] | train_loss=0.2095 train_AP=0.6007 | val_loss=0.2444 val_AP=0.5711
Epoch 229/1000 [19.1s mem=592MB] | train_loss=0.2098 train_AP=0.5979 | val_loss=0.2386 val_AP=0.5772
Epoch 230/1000 [18.6s mem=592MB] | train_loss=0.2087 train_AP=0.6026 | val_loss=0.2402 val_AP=0.5755 | test_AP=0.5399
Epoch 231/1000 [18.5s mem=593MB] | train_loss=0.2096 train_AP=0.6004 | val_loss=0.2420 val_AP=0.5687
Epoch 232/1000 [18.9s mem=593MB] | train_loss=0.2091 train_AP=0.6006 | val_loss=0.2398 val_AP=0.5708
Epoch 233/1000 [19.2s mem=568MB] | train_loss=0.2088 train_AP=0.6016 | val_loss=0.2436 val_AP=0.5737
Epoch 234/1000 [19.1s mem=592MB] | train_loss=0.2081 train_AP=0.6055 | val_loss=0.2533 val_AP=0.5674
Epoch 235/1000 [19.4s mem=593MB] | train_loss=0.2081 train_AP=0.6017 | val_loss=0.2394 val_AP=0.5781
  -> New best: val_loss=0.2383 val_AP=0.5781, saved
Epoch 236/1000 [19.3s mem=593MB] | train_loss=0.2081 train_AP=0.6040 | val_loss=0.2414 val_AP=0.5763
Epoch 237/1000 [19.3s mem=593MB] | train_loss=0.2073 train_AP=0.6071 | val_loss=0.2442 val_AP=0.5797
  -> New best: val_loss=0.2383 val_AP=0.5797, saved
Epoch 238/1000 [19.5s mem=591MB] | train_loss=0.2082 train_AP=0.6017 | val_loss=0.2383 val_AP=0.5804
  -> New best: val_loss=0.2383 val_AP=0.5804, saved
Epoch 239/1000 [18.7s mem=592MB] | train_loss=0.2070 train_AP=0.6063 | val_loss=0.2421 val_AP=0.5720
Epoch 240/1000 [18.6s mem=593MB] | train_loss=0.2073 train_AP=0.6087 | val_loss=0.2399 val_AP=0.5825 | test_AP=0.5469
  -> New best: val_loss=0.2383 val_AP=0.5825, saved
Epoch 241/1000 [19.8s mem=593MB] | train_loss=0.2075 train_AP=0.6045 | val_loss=0.2432 val_AP=0.5828
  -> New best: val_loss=0.2383 val_AP=0.5828, saved
Epoch 242/1000 [18.8s mem=592MB] | train_loss=0.2066 train_AP=0.6060 | val_loss=0.2449 val_AP=0.5703
Epoch 243/1000 [19.6s mem=593MB] | train_loss=0.2069 train_AP=0.6048 | val_loss=0.2396 val_AP=0.5773
Epoch 244/1000 [19.7s mem=593MB] | train_loss=0.2067 train_AP=0.6101 | val_loss=0.2411 val_AP=0.5757
Epoch 245/1000 [18.9s mem=593MB] | train_loss=0.2066 train_AP=0.6093 | val_loss=0.2475 val_AP=0.5772
Epoch 246/1000 [19.4s mem=591MB] | train_loss=0.2062 train_AP=0.6108 | val_loss=0.2409 val_AP=0.5828
  -> New best: val_loss=0.2383 val_AP=0.5828, saved
Epoch 247/1000 [19.0s mem=592MB] | train_loss=0.2060 train_AP=0.6093 | val_loss=0.2427 val_AP=0.5741
Epoch 248/1000 [19.0s mem=592MB] | train_loss=0.2056 train_AP=0.6092 | val_loss=0.2402 val_AP=0.5781
Epoch 249/1000 [19.4s mem=593MB] | train_loss=0.2058 train_AP=0.6110 | val_loss=0.2420 val_AP=0.5826
Epoch 250/1000 [19.9s mem=593MB] | train_loss=0.2051 train_AP=0.6126 | val_loss=0.2404 val_AP=0.5822 | test_AP=0.5457
Epoch 251/1000 [19.6s mem=592MB] | train_loss=0.2052 train_AP=0.6114 | val_loss=0.2399 val_AP=0.5826
Epoch 252/1000 [18.8s mem=592MB] | train_loss=0.2050 train_AP=0.6135 | val_loss=0.2407 val_AP=0.5818
Epoch 253/1000 [19.0s mem=593MB] | train_loss=0.2050 train_AP=0.6114 | val_loss=0.2411 val_AP=0.5799
Epoch 254/1000 [19.4s mem=593MB] | train_loss=0.2046 train_AP=0.6148 | val_loss=0.2485 val_AP=0.5815
Epoch 255/1000 [19.1s mem=593MB] | train_loss=0.2050 train_AP=0.6105 | val_loss=0.2381 val_AP=0.5801
  -> New best: val_loss=0.2381 val_AP=0.5828, saved
Epoch 256/1000 [18.8s mem=593MB] | train_loss=0.2046 train_AP=0.6128 | val_loss=0.2428 val_AP=0.5795
Epoch 257/1000 [19.3s mem=592MB] | train_loss=0.2042 train_AP=0.6169 | val_loss=0.2481 val_AP=0.5797
Epoch 258/1000 [19.9s mem=592MB] | train_loss=0.2040 train_AP=0.6169 | val_loss=0.2430 val_AP=0.5729
Epoch 259/1000 [19.0s mem=593MB] | train_loss=0.2041 train_AP=0.6190 | val_loss=0.2401 val_AP=0.5746
Epoch 260/1000 [20.2s mem=592MB] | train_loss=0.2039 train_AP=0.6142 | val_loss=0.2427 val_AP=0.5784 | test_AP=0.5439
Epoch 261/1000 [19.4s mem=593MB] | train_loss=0.2031 train_AP=0.6223 | val_loss=0.2488 val_AP=0.5706
Epoch 262/1000 [19.4s mem=593MB] | train_loss=0.2038 train_AP=0.6156 | val_loss=0.2472 val_AP=0.5813
Epoch 263/1000 [19.6s mem=593MB] | train_loss=0.2036 train_AP=0.6165 | val_loss=0.2522 val_AP=0.5776
Epoch 264/1000 [19.4s mem=592MB] | train_loss=0.2031 train_AP=0.6208 | val_loss=0.2459 val_AP=0.5861
  -> New best: val_loss=0.2381 val_AP=0.5861, saved
Epoch 265/1000 [19.1s mem=592MB] | train_loss=0.2025 train_AP=0.6201 | val_loss=0.2446 val_AP=0.5803
Epoch 266/1000 [19.1s mem=593MB] | train_loss=0.2017 train_AP=0.6221 | val_loss=0.2416 val_AP=0.5815
Epoch 267/1000 [19.5s mem=592MB] | train_loss=0.2020 train_AP=0.6236 | val_loss=0.2411 val_AP=0.5814
Epoch 268/1000 [19.4s mem=592MB] | train_loss=0.2019 train_AP=0.6217 | val_loss=0.2445 val_AP=0.5858
Epoch 269/1000 [19.3s mem=593MB] | train_loss=0.2014 train_AP=0.6252 | val_loss=0.2401 val_AP=0.5857
Epoch 270/1000 [20.1s mem=592MB] | train_loss=0.2014 train_AP=0.6244 | val_loss=0.2513 val_AP=0.5799 | test_AP=0.5445
Epoch 271/1000 [19.8s mem=592MB] | train_loss=0.2014 train_AP=0.6210 | val_loss=0.2526 val_AP=0.5822
Epoch 272/1000 [20.2s mem=592MB] | train_loss=0.2015 train_AP=0.6225 | val_loss=0.2495 val_AP=0.5786
Epoch 273/1000 [20.5s mem=592MB] | train_loss=0.2017 train_AP=0.6238 | val_loss=0.2399 val_AP=0.5823
Epoch 274/1000 [19.2s mem=593MB] | train_loss=0.2013 train_AP=0.6256 | val_loss=0.2437 val_AP=0.5857
Epoch 275/1000 [19.6s mem=593MB] | train_loss=0.2009 train_AP=0.6233 | val_loss=0.2449 val_AP=0.5844
Epoch 276/1000 [19.5s mem=593MB] | train_loss=0.2009 train_AP=0.6259 | val_loss=0.2433 val_AP=0.5822
Epoch 277/1000 [19.2s mem=592MB] | train_loss=0.2005 train_AP=0.6237 | val_loss=0.2419 val_AP=0.5883
  -> New best: val_loss=0.2381 val_AP=0.5883, saved
Epoch 278/1000 [19.5s mem=592MB] | train_loss=0.1997 train_AP=0.6296 | val_loss=0.2457 val_AP=0.5868
Epoch 279/1000 [18.3s mem=592MB] | train_loss=0.2008 train_AP=0.6254 | val_loss=0.2392 val_AP=0.5868
Epoch 280/1000 [19.2s mem=592MB] | train_loss=0.2003 train_AP=0.6282 | val_loss=0.2451 val_AP=0.5847 | test_AP=0.5525
Epoch 281/1000 [19.6s mem=592MB] | train_loss=0.1995 train_AP=0.6322 | val_loss=0.2484 val_AP=0.5881
Epoch 282/1000 [19.6s mem=592MB] | train_loss=0.1999 train_AP=0.6263 | val_loss=0.2476 val_AP=0.5853
Epoch 283/1000 [19.8s mem=593MB] | train_loss=0.1993 train_AP=0.6289 | val_loss=0.2417 val_AP=0.5771
Epoch 284/1000 [19.1s mem=593MB] | train_loss=0.1984 train_AP=0.6333 | val_loss=0.2513 val_AP=0.5842
Epoch 285/1000 [19.2s mem=592MB] | train_loss=0.1996 train_AP=0.6329 | val_loss=0.2492 val_AP=0.5862
Epoch 286/1000 [19.1s mem=592MB] | train_loss=0.1988 train_AP=0.6320 | val_loss=0.2424 val_AP=0.5848
Epoch 287/1000 [19.1s mem=593MB] | train_loss=0.1984 train_AP=0.6333 | val_loss=0.2462 val_AP=0.5855
Epoch 288/1000 [19.6s mem=593MB] | train_loss=0.1988 train_AP=0.6335 | val_loss=0.2472 val_AP=0.5846
Epoch 289/1000 [18.6s mem=593MB] | train_loss=0.1980 train_AP=0.6352 | val_loss=0.2455 val_AP=0.5870
Epoch 290/1000 [19.0s mem=592MB] | train_loss=0.1982 train_AP=0.6365 | val_loss=0.2448 val_AP=0.5893 | test_AP=0.5537
  -> New best: val_loss=0.2381 val_AP=0.5893, saved
Epoch 291/1000 [19.4s mem=592MB] | train_loss=0.1976 train_AP=0.6327 | val_loss=0.2454 val_AP=0.5819
Epoch 292/1000 [19.5s mem=592MB] | train_loss=0.1982 train_AP=0.6361 | val_loss=0.2488 val_AP=0.5917
  -> New best: val_loss=0.2381 val_AP=0.5917, saved
Epoch 293/1000 [18.9s mem=593MB] | train_loss=0.1986 train_AP=0.6328 | val_loss=0.2501 val_AP=0.5821
Epoch 294/1000 [19.9s mem=593MB] | train_loss=0.1967 train_AP=0.6407 | val_loss=0.2443 val_AP=0.5901
Epoch 295/1000 [19.1s mem=593MB] | train_loss=0.1980 train_AP=0.6340 | val_loss=0.2562 val_AP=0.5802
Epoch 296/1000 [19.5s mem=592MB] | train_loss=0.1975 train_AP=0.6344 | val_loss=0.2517 val_AP=0.5881
Epoch 297/1000 [18.8s mem=593MB] | train_loss=0.1981 train_AP=0.6336 | val_loss=0.2442 val_AP=0.5897
Epoch 298/1000 [19.9s mem=592MB] | train_loss=0.1970 train_AP=0.6350 | val_loss=0.2438 val_AP=0.5871
Epoch 299/1000 [19.0s mem=592MB] | train_loss=0.1960 train_AP=0.6372 | val_loss=0.2400 val_AP=0.5934
  -> New best: val_loss=0.2381 val_AP=0.5934, saved
Epoch 300/1000 [19.6s mem=592MB] | train_loss=0.1966 train_AP=0.6404 | val_loss=0.2484 val_AP=0.5861 | test_AP=0.5503
Epoch 301/1000 [18.9s mem=593MB] | train_loss=0.1967 train_AP=0.6400 | val_loss=0.2438 val_AP=0.5861
Epoch 302/1000 [20.0s mem=592MB] | train_loss=0.1961 train_AP=0.6379 | val_loss=0.2497 val_AP=0.5761
Epoch 303/1000 [18.8s mem=592MB] | train_loss=0.1960 train_AP=0.6385 | val_loss=0.2492 val_AP=0.5857
Epoch 304/1000 [19.0s mem=593MB] | train_loss=0.1956 train_AP=0.6375 | val_loss=0.2508 val_AP=0.5904
Epoch 305/1000 [19.0s mem=592MB] | train_loss=0.1957 train_AP=0.6426 | val_loss=0.2571 val_AP=0.5866
Epoch 306/1000 [19.1s mem=593MB] | train_loss=0.1965 train_AP=0.6374 | val_loss=0.2505 val_AP=0.5847
Epoch 307/1000 [19.6s mem=592MB] | train_loss=0.1951 train_AP=0.6410 | val_loss=0.2443 val_AP=0.5887
Epoch 308/1000 [19.6s mem=593MB] | train_loss=0.1955 train_AP=0.6412 | val_loss=0.2528 val_AP=0.5848
Epoch 309/1000 [19.9s mem=592MB] | train_loss=0.1950 train_AP=0.6404 | val_loss=0.2510 val_AP=0.5902
Epoch 310/1000 [19.2s mem=592MB] | train_loss=0.1951 train_AP=0.6408 | val_loss=0.2485 val_AP=0.5858 | test_AP=0.5537
Epoch 311/1000 [19.3s mem=592MB] | train_loss=0.1952 train_AP=0.6426 | val_loss=0.2457 val_AP=0.5931
Epoch 312/1000 [19.2s mem=593MB] | train_loss=0.1950 train_AP=0.6414 | val_loss=0.2480 val_AP=0.5850
Epoch 313/1000 [19.1s mem=593MB] | train_loss=0.1954 train_AP=0.6398 | val_loss=0.2485 val_AP=0.5924
Epoch 314/1000 [20.2s mem=593MB] | train_loss=0.1939 train_AP=0.6465 | val_loss=0.2445 val_AP=0.5874
Epoch 315/1000 [19.1s mem=593MB] | train_loss=0.1938 train_AP=0.6469 | val_loss=0.2440 val_AP=0.5916
Epoch 316/1000 [19.2s mem=591MB] | train_loss=0.1942 train_AP=0.6459 | val_loss=0.2496 val_AP=0.5875
Epoch 317/1000 [19.8s mem=593MB] | train_loss=0.1930 train_AP=0.6473 | val_loss=0.2517 val_AP=0.5854
Epoch 318/1000 [19.2s mem=592MB] | train_loss=0.1929 train_AP=0.6464 | val_loss=0.2422 val_AP=0.5930
Epoch 319/1000 [19.2s mem=592MB] | train_loss=0.1938 train_AP=0.6464 | val_loss=0.2548 val_AP=0.5840
Epoch 320/1000 [19.3s mem=592MB] | train_loss=0.1938 train_AP=0.6458 | val_loss=0.2523 val_AP=0.5907 | test_AP=0.5528
Epoch 321/1000 [19.2s mem=593MB] | train_loss=0.1931 train_AP=0.6504 | val_loss=0.2510 val_AP=0.5848
Epoch 322/1000 [19.7s mem=593MB] | train_loss=0.1932 train_AP=0.6446 | val_loss=0.2559 val_AP=0.5793
Epoch 323/1000 [19.8s mem=592MB] | train_loss=0.1931 train_AP=0.6462 | val_loss=0.2523 val_AP=0.5876
Epoch 324/1000 [19.3s mem=592MB] | train_loss=0.1919 train_AP=0.6498 | val_loss=0.2508 val_AP=0.5907
Epoch 325/1000 [19.2s mem=592MB] | train_loss=0.1921 train_AP=0.6508 | val_loss=0.2498 val_AP=0.5926
Epoch 326/1000 [19.5s mem=593MB] | train_loss=0.1917 train_AP=0.6510 | val_loss=0.2468 val_AP=0.5864
Epoch 327/1000 [19.6s mem=593MB] | train_loss=0.1920 train_AP=0.6508 | val_loss=0.2511 val_AP=0.5880
Epoch 328/1000 [19.5s mem=593MB] | train_loss=0.1923 train_AP=0.6510 | val_loss=0.2527 val_AP=0.5892
Epoch 329/1000 [19.7s mem=592MB] | train_loss=0.1924 train_AP=0.6524 | val_loss=0.2518 val_AP=0.5886
Epoch 330/1000 [19.3s mem=592MB] | train_loss=0.1918 train_AP=0.6473 | val_loss=0.2503 val_AP=0.5859 | test_AP=0.5566
Epoch 331/1000 [19.8s mem=592MB] | train_loss=0.1912 train_AP=0.6533 | val_loss=0.2474 val_AP=0.5925
Epoch 332/1000 [19.5s mem=593MB] | train_loss=0.1914 train_AP=0.6521 | val_loss=0.2510 val_AP=0.5939
  -> New best: val_loss=0.2381 val_AP=0.5939, saved
Epoch 333/1000 [19.3s mem=592MB] | train_loss=0.1915 train_AP=0.6541 | val_loss=0.2519 val_AP=0.5900
Epoch 334/1000 [19.5s mem=592MB] | train_loss=0.1908 train_AP=0.6532 | val_loss=0.2489 val_AP=0.5806
Epoch 335/1000 [20.0s mem=592MB] | train_loss=0.1897 train_AP=0.6539 | val_loss=0.2552 val_AP=0.5919
Epoch 336/1000 [18.7s mem=592MB] | train_loss=0.1915 train_AP=0.6499 | val_loss=0.2552 val_AP=0.5917
