
============================================================
PRETRAIN: Train Model from scratch
  backbone=vanilla_gt
  hidden_dim=512, num_layers=2, num_heads=8
  s1_lr=3e-05, s1_weight_decay=0.0003, dropout=0.1
  s1_max_epochs=300, s1_patience=50
============================================================
  Parameters: 6,921,226
Epoch   1/300 [11.0s mem=22761MB] | train_loss=0.6605 train_AP=0.1642 | val_loss=0.6116 val_AP=0.1748
  -> New best: val_loss=0.6116 val_AP=0.1748, saved
Epoch   2/300 [10.5s mem=22770MB] | train_loss=0.5469 train_AP=0.1669 | val_loss=0.4626 val_AP=0.1793
  -> New best: val_loss=0.4626 val_AP=0.1793, saved
Epoch   3/300 [10.5s mem=22762MB] | train_loss=0.4182 train_AP=0.1638 | val_loss=0.3742 val_AP=0.1968
  -> New best: val_loss=0.3742 val_AP=0.1968, saved
Epoch   4/300 [10.6s mem=22753MB] | train_loss=0.3665 train_AP=0.1649 | val_loss=0.3586 val_AP=0.2046
  -> New best: val_loss=0.3586 val_AP=0.2046, saved
Epoch   5/300 [10.7s mem=22752MB] | train_loss=0.3594 train_AP=0.1664 | val_loss=0.3573 val_AP=0.2090
  -> New best: val_loss=0.3573 val_AP=0.2090, saved
Epoch   6/300 [10.7s mem=22755MB] | train_loss=0.3588 train_AP=0.1688 | val_loss=0.3576 val_AP=0.2125
  -> New best: val_loss=0.3573 val_AP=0.2125, saved
Epoch   7/300 [10.7s mem=22764MB] | train_loss=0.3589 train_AP=0.1661 | val_loss=0.3568 val_AP=0.2144
  -> New best: val_loss=0.3568 val_AP=0.2144, saved
Epoch   8/300 [10.8s mem=22766MB] | train_loss=0.3588 train_AP=0.1676 | val_loss=0.3570 val_AP=0.2180
  -> New best: val_loss=0.3568 val_AP=0.2180, saved
Epoch   9/300 [10.8s mem=22753MB] | train_loss=0.3579 train_AP=0.1735 | val_loss=0.3560 val_AP=0.2213
  -> New best: val_loss=0.3560 val_AP=0.2213, saved
Epoch  10/300 [11.0s mem=22754MB] | train_loss=0.3563 train_AP=0.1788 | val_loss=0.3526 val_AP=0.2252 | test_AP=0.2242
  -> New best: val_loss=0.3526 val_AP=0.2252, saved
Epoch  11/300 [10.9s mem=22748MB] | train_loss=0.3507 train_AP=0.2039 | val_loss=0.3438 val_AP=0.2568
  -> New best: val_loss=0.3438 val_AP=0.2568, saved
Epoch  12/300 [10.9s mem=22753MB] | train_loss=0.3392 train_AP=0.2472 | val_loss=0.3254 val_AP=0.2902
  -> New best: val_loss=0.3254 val_AP=0.2902, saved
Epoch  13/300 [11.0s mem=22758MB] | train_loss=0.3261 train_AP=0.2830 | val_loss=0.3159 val_AP=0.3113
  -> New best: val_loss=0.3159 val_AP=0.3113, saved
Epoch  14/300 [11.1s mem=22747MB] | train_loss=0.3157 train_AP=0.3093 | val_loss=0.3201 val_AP=0.3292
  -> New best: val_loss=0.3159 val_AP=0.3292, saved
Epoch  15/300 [11.0s mem=22756MB] | train_loss=0.3010 train_AP=0.3454 | val_loss=0.3033 val_AP=0.3506
  -> New best: val_loss=0.3033 val_AP=0.3506, saved
Epoch  16/300 [11.0s mem=22744MB] | train_loss=0.2907 train_AP=0.3684 | val_loss=0.3079 val_AP=0.3566
  -> New best: val_loss=0.3033 val_AP=0.3566, saved
Epoch  17/300 [11.0s mem=22758MB] | train_loss=0.2881 train_AP=0.3735 | val_loss=0.3008 val_AP=0.3705
  -> New best: val_loss=0.3008 val_AP=0.3705, saved
Epoch  18/300 [11.1s mem=22764MB] | train_loss=0.2835 train_AP=0.3924 | val_loss=0.3015 val_AP=0.3823
  -> New best: val_loss=0.3008 val_AP=0.3823, saved
Epoch  19/300 [11.0s mem=22753MB] | train_loss=0.2758 train_AP=0.4081 | val_loss=0.3071 val_AP=0.3816
Epoch  20/300 [11.1s mem=22747MB] | train_loss=0.2719 train_AP=0.4229 | val_loss=0.2969 val_AP=0.3926 | test_AP=0.3772
  -> New best: val_loss=0.2969 val_AP=0.3926, saved
Epoch  21/300 [11.0s mem=22769MB] | train_loss=0.2700 train_AP=0.4273 | val_loss=0.3114 val_AP=0.3916
Epoch  22/300 [11.0s mem=22746MB] | train_loss=0.2649 train_AP=0.4396 | val_loss=0.3018 val_AP=0.3993
  -> New best: val_loss=0.2969 val_AP=0.3993, saved
Epoch  23/300 [10.9s mem=22755MB] | train_loss=0.2619 train_AP=0.4497 | val_loss=0.3004 val_AP=0.3989
Epoch  24/300 [11.0s mem=22749MB] | train_loss=0.2603 train_AP=0.4501 | val_loss=0.3111 val_AP=0.4059
  -> New best: val_loss=0.2969 val_AP=0.4059, saved
Epoch  25/300 [11.1s mem=22756MB] | train_loss=0.2597 train_AP=0.4520 | val_loss=0.3069 val_AP=0.4057
Epoch  26/300 [11.0s mem=22753MB] | train_loss=0.2565 train_AP=0.4601 | val_loss=0.2999 val_AP=0.4197
  -> New best: val_loss=0.2969 val_AP=0.4197, saved
Epoch  27/300 [11.1s mem=22741MB] | train_loss=0.2546 train_AP=0.4625 | val_loss=0.3032 val_AP=0.4201
  -> New best: val_loss=0.2969 val_AP=0.4201, saved
Epoch  28/300 [11.1s mem=22759MB] | train_loss=0.2544 train_AP=0.4705 | val_loss=0.3048 val_AP=0.4124
Epoch  29/300 [11.0s mem=22756MB] | train_loss=0.2520 train_AP=0.4723 | val_loss=0.3139 val_AP=0.4123
Epoch  30/300 [11.0s mem=22741MB] | train_loss=0.2502 train_AP=0.4776 | val_loss=0.3118 val_AP=0.4137 | test_AP=0.3953
Epoch  31/300 [11.1s mem=22760MB] | train_loss=0.2494 train_AP=0.4819 | val_loss=0.3116 val_AP=0.4303
  -> New best: val_loss=0.2969 val_AP=0.4303, saved
Epoch  32/300 [11.1s mem=22761MB] | train_loss=0.2466 train_AP=0.4887 | val_loss=0.3131 val_AP=0.4159
Epoch  33/300 [11.0s mem=22757MB] | train_loss=0.2442 train_AP=0.4905 | val_loss=0.2940 val_AP=0.4396
  -> New best: val_loss=0.2940 val_AP=0.4396, saved
Epoch  34/300 [11.0s mem=22745MB] | train_loss=0.2448 train_AP=0.4941 | val_loss=0.3061 val_AP=0.4429
  -> New best: val_loss=0.2940 val_AP=0.4429, saved
Epoch  35/300 [11.0s mem=22756MB] | train_loss=0.2408 train_AP=0.5001 | val_loss=0.3019 val_AP=0.4429
Epoch  36/300 [11.1s mem=22751MB] | train_loss=0.2394 train_AP=0.5068 | val_loss=0.3081 val_AP=0.4512
  -> New best: val_loss=0.2940 val_AP=0.4512, saved
Epoch  37/300 [11.1s mem=22758MB] | train_loss=0.2389 train_AP=0.5095 | val_loss=0.3060 val_AP=0.4370
Epoch  38/300 [11.0s mem=22747MB] | train_loss=0.2378 train_AP=0.5101 | val_loss=0.3095 val_AP=0.4474
Epoch  39/300 [11.0s mem=22758MB] | train_loss=0.2362 train_AP=0.5182 | val_loss=0.3071 val_AP=0.4600
  -> New best: val_loss=0.2940 val_AP=0.4600, saved
Epoch  40/300 [11.1s mem=22760MB] | train_loss=0.2376 train_AP=0.5141 | val_loss=0.3047 val_AP=0.4528 | test_AP=0.4330
Epoch  41/300 [11.0s mem=22760MB] | train_loss=0.2365 train_AP=0.5161 | val_loss=0.3131 val_AP=0.4386
Epoch  42/300 [11.0s mem=22767MB] | train_loss=0.2347 train_AP=0.5237 | val_loss=0.3149 val_AP=0.4510
Epoch  43/300 [11.0s mem=22683MB] | train_loss=0.2316 train_AP=0.5306 | val_loss=0.3045 val_AP=0.4590
Epoch  44/300 [11.0s mem=22752MB] | train_loss=0.2322 train_AP=0.5320 | val_loss=0.3079 val_AP=0.4577
Epoch  45/300 [11.1s mem=22755MB] | train_loss=0.2326 train_AP=0.5296 | val_loss=0.3184 val_AP=0.4520
Epoch  46/300 [11.1s mem=22756MB] | train_loss=0.2308 train_AP=0.5340 | val_loss=0.3103 val_AP=0.4587
Epoch  47/300 [11.0s mem=22763MB] | train_loss=0.2278 train_AP=0.5422 | val_loss=0.3075 val_AP=0.4546
Epoch  48/300 [11.0s mem=22756MB] | train_loss=0.2283 train_AP=0.5409 | val_loss=0.3010 val_AP=0.4678
  -> New best: val_loss=0.2940 val_AP=0.4678, saved
Epoch  49/300 [11.0s mem=22751MB] | train_loss=0.2253 train_AP=0.5500 | val_loss=0.3101 val_AP=0.4511
Epoch  50/300 [11.1s mem=22755MB] | train_loss=0.2242 train_AP=0.5529 | val_loss=0.3175 val_AP=0.4431 | test_AP=0.4261
Epoch  51/300 [11.0s mem=22758MB] | train_loss=0.2274 train_AP=0.5496 | val_loss=0.3195 val_AP=0.4409
Epoch  52/300 [11.0s mem=22760MB] | train_loss=0.2241 train_AP=0.5496 | val_loss=0.3232 val_AP=0.4478
Epoch  53/300 [11.0s mem=22749MB] | train_loss=0.2235 train_AP=0.5545 | val_loss=0.3063 val_AP=0.4565
Epoch  54/300 [11.0s mem=22757MB] | train_loss=0.2199 train_AP=0.5642 | val_loss=0.3127 val_AP=0.4575
Epoch  55/300 [11.0s mem=22750MB] | train_loss=0.2198 train_AP=0.5666 | val_loss=0.3154 val_AP=0.4574
Epoch  56/300 [11.2s mem=22758MB] | train_loss=0.2195 train_AP=0.5653 | val_loss=0.3016 val_AP=0.4801
  -> New best: val_loss=0.2940 val_AP=0.4801, saved
Epoch  57/300 [11.2s mem=22757MB] | train_loss=0.2184 train_AP=0.5740 | val_loss=0.3289 val_AP=0.4475
Epoch  58/300 [11.0s mem=22760MB] | train_loss=0.2174 train_AP=0.5772 | val_loss=0.3177 val_AP=0.4610
Epoch  59/300 [11.1s mem=22756MB] | train_loss=0.2168 train_AP=0.5744 | val_loss=0.3136 val_AP=0.4706
Epoch  60/300 [11.0s mem=22750MB] | train_loss=0.2158 train_AP=0.5748 | val_loss=0.3023 val_AP=0.4791 | test_AP=0.4549
Epoch  61/300 [10.9s mem=22757MB] | train_loss=0.2143 train_AP=0.5826 | val_loss=0.3326 val_AP=0.4470
Epoch  62/300 [11.0s mem=22757MB] | train_loss=0.2134 train_AP=0.5848 | val_loss=0.3165 val_AP=0.4638
Epoch  63/300 [11.0s mem=22760MB] | train_loss=0.2119 train_AP=0.5876 | val_loss=0.3199 val_AP=0.4625
Epoch  64/300 [11.1s mem=22749MB] | train_loss=0.2115 train_AP=0.5904 | val_loss=0.3178 val_AP=0.4699
Epoch  65/300 [11.1s mem=22759MB] | train_loss=0.2115 train_AP=0.5939 | val_loss=0.3245 val_AP=0.4626
Epoch  66/300 [11.1s mem=22755MB] | train_loss=0.2090 train_AP=0.5965 | val_loss=0.3179 val_AP=0.4696
Epoch  67/300 [11.0s mem=22765MB] | train_loss=0.2085 train_AP=0.6009 | val_loss=0.3185 val_AP=0.4624
Epoch  68/300 [11.0s mem=22754MB] | train_loss=0.2083 train_AP=0.6049 | val_loss=0.3267 val_AP=0.4591
Epoch  69/300 [11.0s mem=22754MB] | train_loss=0.2069 train_AP=0.6051 | val_loss=0.3221 val_AP=0.4705
Epoch  70/300 [11.1s mem=22758MB] | train_loss=0.2067 train_AP=0.6077 | val_loss=0.3160 val_AP=0.4694 | test_AP=0.4519
Epoch  71/300 [11.1s mem=22757MB] | train_loss=0.2061 train_AP=0.6101 | val_loss=0.3307 val_AP=0.4557
Epoch  72/300 [11.0s mem=22748MB] | train_loss=0.2046 train_AP=0.6101 | val_loss=0.3378 val_AP=0.4664
Epoch  73/300 [11.2s mem=22762MB] | train_loss=0.2040 train_AP=0.6113 | val_loss=0.3285 val_AP=0.4583
Epoch  74/300 [11.0s mem=22751MB] | train_loss=0.2029 train_AP=0.6154 | val_loss=0.3234 val_AP=0.4694
Epoch  75/300 [11.0s mem=22751MB] | train_loss=0.2021 train_AP=0.6184 | val_loss=0.3240 val_AP=0.4672
Epoch  76/300 [11.0s mem=22760MB] | train_loss=0.2015 train_AP=0.6220 | val_loss=0.3181 val_AP=0.4743
Epoch  77/300 [11.0s mem=22763MB] | train_loss=0.2006 train_AP=0.6217 | val_loss=0.3207 val_AP=0.4786
Epoch  78/300 [11.0s mem=22746MB] | train_loss=0.2011 train_AP=0.6241 | val_loss=0.3240 val_AP=0.4738
Epoch  79/300 [11.0s mem=22754MB] | train_loss=0.2006 train_AP=0.6247 | val_loss=0.3299 val_AP=0.4617
Epoch  80/300 [11.0s mem=22751MB] | train_loss=0.1987 train_AP=0.6293 | val_loss=0.3253 val_AP=0.4820 | test_AP=0.4574
  -> New best: val_loss=0.2940 val_AP=0.4820, saved
Epoch  81/300 [11.0s mem=22766MB] | train_loss=0.1965 train_AP=0.6342 | val_loss=0.3443 val_AP=0.4574
Epoch  82/300 [11.1s mem=22774MB] | train_loss=0.1967 train_AP=0.6319 | val_loss=0.3340 val_AP=0.4608
Epoch  83/300 [11.0s mem=22753MB] | train_loss=0.1957 train_AP=0.6389 | val_loss=0.3308 val_AP=0.4702
Epoch  84/300 [10.9s mem=22748MB] | train_loss=0.1944 train_AP=0.6394 | val_loss=0.3344 val_AP=0.4699
Epoch  85/300 [11.0s mem=22754MB] | train_loss=0.1934 train_AP=0.6449 | val_loss=0.3365 val_AP=0.4692
Epoch  86/300 [10.9s mem=22770MB] | train_loss=0.1924 train_AP=0.6433 | val_loss=0.3483 val_AP=0.4551
Epoch  87/300 [11.0s mem=22766MB] | train_loss=0.1916 train_AP=0.6464 | val_loss=0.3385 val_AP=0.4733
Epoch  88/300 [10.9s mem=22756MB] | train_loss=0.1910 train_AP=0.6503 | val_loss=0.3294 val_AP=0.4755
Epoch  89/300 [11.0s mem=22760MB] | train_loss=0.1901 train_AP=0.6491 | val_loss=0.3476 val_AP=0.4666
Epoch  90/300 [11.1s mem=22754MB] | train_loss=0.1894 train_AP=0.6539 | val_loss=0.3543 val_AP=0.4601 | test_AP=0.4414
Epoch  91/300 [11.0s mem=22758MB] | train_loss=0.1872 train_AP=0.6587 | val_loss=0.3405 val_AP=0.4730
Epoch  92/300 [11.0s mem=22754MB] | train_loss=0.1880 train_AP=0.6585 | val_loss=0.3375 val_AP=0.4692
Epoch  93/300 [11.0s mem=22749MB] | train_loss=0.1872 train_AP=0.6598 | val_loss=0.3478 val_AP=0.4688
Epoch  94/300 [11.0s mem=22758MB] | train_loss=0.1871 train_AP=0.6587 | val_loss=0.3410 val_AP=0.4807
Epoch  95/300 [11.0s mem=22756MB] | train_loss=0.1859 train_AP=0.6629 | val_loss=0.3445 val_AP=0.4691
Epoch  96/300 [11.1s mem=22752MB] | train_loss=0.1854 train_AP=0.6658 | val_loss=0.3470 val_AP=0.4696
Epoch  97/300 [11.0s mem=22752MB] | train_loss=0.1846 train_AP=0.6673 | val_loss=0.3402 val_AP=0.4803
Epoch  98/300 [11.0s mem=22751MB] | train_loss=0.1824 train_AP=0.6715 | val_loss=0.3517 val_AP=0.4638
Epoch  99/300 [11.0s mem=22752MB] | train_loss=0.1815 train_AP=0.6732 | val_loss=0.3508 val_AP=0.4678
Epoch 100/300 [11.0s mem=22755MB] | train_loss=0.1813 train_AP=0.6749 | val_loss=0.3574 val_AP=0.4673 | test_AP=0.4446
Epoch 101/300 [11.0s mem=22762MB] | train_loss=0.1803 train_AP=0.6763 | val_loss=0.3622 val_AP=0.4655
Epoch 102/300 [10.9s mem=22688MB] | train_loss=0.1797 train_AP=0.6770 | val_loss=0.3534 val_AP=0.4695
Epoch 103/300 [11.0s mem=22760MB] | train_loss=0.1786 train_AP=0.6828 | val_loss=0.3650 val_AP=0.4638
Epoch 104/300 [11.0s mem=22759MB] | train_loss=0.1776 train_AP=0.6824 | val_loss=0.3669 val_AP=0.4646
Epoch 105/300 [11.1s mem=22763MB] | train_loss=0.1774 train_AP=0.6831 | val_loss=0.3609 val_AP=0.4708
Epoch 106/300 [11.0s mem=22761MB] | train_loss=0.1781 train_AP=0.6834 | val_loss=0.3457 val_AP=0.4802
Epoch 107/300 [11.0s mem=22755MB] | train_loss=0.1757 train_AP=0.6897 | val_loss=0.3551 val_AP=0.4846
  -> New best: val_loss=0.2940 val_AP=0.4846, saved
Epoch 108/300 [11.0s mem=22762MB] | train_loss=0.1753 train_AP=0.6896 | val_loss=0.3697 val_AP=0.4615
Epoch 109/300 [11.0s mem=22757MB] | train_loss=0.1742 train_AP=0.6923 | val_loss=0.3621 val_AP=0.4731
Epoch 110/300 [11.1s mem=22755MB] | train_loss=0.1744 train_AP=0.6941 | val_loss=0.3648 val_AP=0.4734 | test_AP=0.4463
Epoch 111/300 [11.1s mem=22754MB] | train_loss=0.1738 train_AP=0.6969 | val_loss=0.3702 val_AP=0.4666
Epoch 112/300 [11.1s mem=22763MB] | train_loss=0.1729 train_AP=0.6999 | val_loss=0.3629 val_AP=0.4741
Epoch 113/300 [11.1s mem=22760MB] | train_loss=0.1715 train_AP=0.6998 | val_loss=0.3627 val_AP=0.4762
Epoch 114/300 [11.0s mem=22760MB] | train_loss=0.1710 train_AP=0.7011 | val_loss=0.3724 val_AP=0.4697
Epoch 115/300 [11.1s mem=22752MB] | train_loss=0.1701 train_AP=0.7042 | val_loss=0.3636 val_AP=0.4752
Epoch 116/300 [11.0s mem=22759MB] | train_loss=0.1695 train_AP=0.7038 | val_loss=0.3662 val_AP=0.4754
Epoch 117/300 [11.0s mem=22759MB] | train_loss=0.1673 train_AP=0.7138 | val_loss=0.3741 val_AP=0.4637
Epoch 118/300 [11.0s mem=22765MB] | train_loss=0.1664 train_AP=0.7117 | val_loss=0.3674 val_AP=0.4750
Epoch 119/300 [11.0s mem=22762MB] | train_loss=0.1685 train_AP=0.7071 | val_loss=0.3766 val_AP=0.4718
Epoch 120/300 [11.0s mem=22758MB] | train_loss=0.1648 train_AP=0.7169 | val_loss=0.3768 val_AP=0.4722 | test_AP=0.4511
Epoch 121/300 [11.0s mem=22749MB] | train_loss=0.1646 train_AP=0.7170 | val_loss=0.3824 val_AP=0.4674
Epoch 122/300 [11.0s mem=22755MB] | train_loss=0.1649 train_AP=0.7148 | val_loss=0.3785 val_AP=0.4668
Epoch 123/300 [11.0s mem=22751MB] | train_loss=0.1631 train_AP=0.7186 | val_loss=0.3815 val_AP=0.4760
Epoch 124/300 [11.1s mem=22759MB] | train_loss=0.1625 train_AP=0.7207 | val_loss=0.3764 val_AP=0.4749
Epoch 125/300 [11.1s mem=22763MB] | train_loss=0.1614 train_AP=0.7234 | val_loss=0.3828 val_AP=0.4633
Epoch 126/300 [11.2s mem=22758MB] | train_loss=0.1604 train_AP=0.7272 | val_loss=0.3803 val_AP=0.4716
Epoch 127/300 [11.2s mem=22749MB] | train_loss=0.1591 train_AP=0.7285 | val_loss=0.3810 val_AP=0.4657
Epoch 128/300 [11.2s mem=22748MB] | train_loss=0.1593 train_AP=0.7283 | val_loss=0.3816 val_AP=0.4716
Epoch 129/300 [11.0s mem=22763MB] | train_loss=0.1585 train_AP=0.7287 | val_loss=0.3849 val_AP=0.4736
Epoch 130/300 [11.0s mem=22749MB] | train_loss=0.1575 train_AP=0.7344 | val_loss=0.3776 val_AP=0.4809 | test_AP=0.4562
Epoch 131/300 [11.0s mem=22763MB] | train_loss=0.1580 train_AP=0.7304 | val_loss=0.3755 val_AP=0.4790
Epoch 132/300 [11.1s mem=22758MB] | train_loss=0.1577 train_AP=0.7341 | val_loss=0.3853 val_AP=0.4658
Epoch 133/300 [11.0s mem=22752MB] | train_loss=0.1564 train_AP=0.7357 | val_loss=0.3986 val_AP=0.4602
Epoch 134/300 [10.9s mem=22750MB] | train_loss=0.1549 train_AP=0.7382 | val_loss=0.3913 val_AP=0.4756
Epoch 135/300 [11.1s mem=22752MB] | train_loss=0.1530 train_AP=0.7451 | val_loss=0.3976 val_AP=0.4682
Epoch 136/300 [11.1s mem=22752MB] | train_loss=0.1529 train_AP=0.7436 | val_loss=0.4000 val_AP=0.4601
Epoch 137/300 [11.0s mem=22762MB] | train_loss=0.1538 train_AP=0.7455 | val_loss=0.3839 val_AP=0.4799
Epoch 138/300 [11.0s mem=22754MB] | train_loss=0.1514 train_AP=0.7484 | val_loss=0.3896 val_AP=0.4779
Epoch 139/300 [11.2s mem=22760MB] | train_loss=0.1520 train_AP=0.7468 | val_loss=0.4020 val_AP=0.4653
Epoch 140/300 [11.2s mem=22752MB] | train_loss=0.1520 train_AP=0.7486 | val_loss=0.3980 val_AP=0.4658 | test_AP=0.4481
Epoch 141/300 [11.1s mem=22761MB] | train_loss=0.1504 train_AP=0.7505 | val_loss=0.3938 val_AP=0.4807
Epoch 142/300 [11.0s mem=22759MB] | train_loss=0.1487 train_AP=0.7522 | val_loss=0.3839 val_AP=0.4796
Epoch 143/300 [11.1s mem=22749MB] | train_loss=0.1471 train_AP=0.7564 | val_loss=0.3949 val_AP=0.4736
Epoch 144/300 [11.1s mem=22752MB] | train_loss=0.1466 train_AP=0.7573 | val_loss=0.3976 val_AP=0.4727
Epoch 145/300 [11.1s mem=22758MB] | train_loss=0.1468 train_AP=0.7561 | val_loss=0.4002 val_AP=0.4724
Epoch 146/300 [11.0s mem=22754MB] | train_loss=0.1452 train_AP=0.7625 | val_loss=0.4074 val_AP=0.4752
Epoch 147/300 [11.0s mem=22752MB] | train_loss=0.1443 train_AP=0.7633 | val_loss=0.3978 val_AP=0.4724
Epoch 148/300 [11.0s mem=22756MB] | train_loss=0.1433 train_AP=0.7644 | val_loss=0.3995 val_AP=0.4801
Epoch 149/300 [11.1s mem=22747MB] | train_loss=0.1445 train_AP=0.7638 | val_loss=0.3949 val_AP=0.4750
Epoch 150/300 [11.1s mem=22753MB] | train_loss=0.1438 train_AP=0.7661 | val_loss=0.4041 val_AP=0.4765 | test_AP=0.4567
Epoch 151/300 [11.1s mem=22745MB] | train_loss=0.1430 train_AP=0.7660 | val_loss=0.4028 val_AP=0.4722
Epoch 152/300 [11.1s mem=22761MB] | train_loss=0.1419 train_AP=0.7674 | val_loss=0.4138 val_AP=0.4694
Epoch 153/300 [11.1s mem=22681MB] | train_loss=0.1398 train_AP=0.7716 | val_loss=0.4175 val_AP=0.4604
Epoch 154/300 [11.0s mem=22754MB] | train_loss=0.1405 train_AP=0.7711 | val_loss=0.3978 val_AP=0.4819
Epoch 155/300 [11.2s mem=22753MB] | train_loss=0.1399 train_AP=0.7734 | val_loss=0.4139 val_AP=0.4676
Epoch 156/300 [11.1s mem=22766MB] | train_loss=0.1393 train_AP=0.7767 | val_loss=0.4246 val_AP=0.4533
Epoch 157/300 [11.0s mem=22748MB] | train_loss=0.1390 train_AP=0.7765 | val_loss=0.4170 val_AP=0.4686
Early stopping at epoch 157. Best val_loss=0.2940 val_AP=0.4846 at epoch 107.
Pretrain done. Best val_loss=0.2940 val_AP=0.4846 at epoch 107.
============================================================
Phase 1: Extract Attention Targets
  model_path=checkpoints_attn_distill_2/pretrain_best.pt
  proxy_opt_steps=300
  num_proxies=64
  proxy_mmd_lambda=1
  num_cross_layers=None
  use_proxy_self_attn=True
  distill_layers=all
============================================================
  Loaded 1 pretrained keys, cross-attn layers randomly initialized
  Extracting attention from layers: [0, 1]
  [1/43] 256 graphs | base_loss=0.6769 opt_loss=0.2961 mmd=0.342847
  [10/43] 2560 graphs | base_loss=0.6767 opt_loss=0.2970 mmd=0.345878
  [20/43] 5120 graphs | base_loss=0.6770 opt_loss=0.2952 mmd=0.350103
  [30/43] 7680 graphs | base_loss=0.6771 opt_loss=0.2953 mmd=0.349423
  [40/43] 10240 graphs | base_loss=0.6771 opt_loss=0.2965 mmd=0.345255

Extraction done. 10873 graphs saved to checkpoints_attn_distill_2/attn_targets.pkl
  Avg base_loss=0.6771  opt_loss=0.2967

Sanity check: attention difference (teacher vs vanilla)...
  Mean |teacher_attn - vanilla_attn|: 0.000334
  Good: attention patterns are meaningfully different.
============================================================
Phase 2: Train with Attention Distillation
  backbone=vanilla_gt
  distill_weight=1.0
  temperature=1.2
  distill_layers=[0, 1]
  targets from: checkpoints_attn_distill_2/attn_targets.pkl
============================================================
  AttnTargetDataset: 10873 graphs with targets
  Loaded 1/109 keys from checkpoint

Baseline (pretrained, no distillation):
  val_AP=0.1781  test_AP=0.1735
  Student trainable params: 1,756,682
Epoch   1/200 [55.2s] | task=0.4467 distill=0.0048 | train_AP=0.1655 val_AP=0.1924 test_AP=0.1848
  -> New best val_AP=0.1924 (test=0.1848)
Epoch   2/200 [56.4s] | task=0.3611 distill=0.0068 | train_AP=0.1638 val_AP=0.2166 test_AP=0.2048
  -> New best val_AP=0.2166 (test=0.2048)
Epoch   3/200 [50.0s] | task=0.3601 distill=0.0077 | train_AP=0.1667 val_AP=0.2189 test_AP=0.2085
  -> New best val_AP=0.2189 (test=0.2085)
Epoch   4/200 [52.6s] | task=0.3602 distill=0.0116 | train_AP=0.1657 val_AP=0.2219 test_AP=0.2121
  -> New best val_AP=0.2219 (test=0.2121)
Epoch   5/200 [56.2s] | task=0.3597 distill=0.0329 | train_AP=0.1664 val_AP=0.2254 test_AP=0.2154
  -> New best val_AP=0.2254 (test=0.2154)
Epoch   6/200 [56.5s] | task=0.3565 distill=0.2016 | train_AP=0.1783 val_AP=0.2293 test_AP=0.2238
  -> New best val_AP=0.2293 (test=0.2238)
Epoch   7/200 [58.0s] | task=0.3517 distill=0.4721 | train_AP=0.1963 val_AP=0.2420 test_AP=0.2355
  -> New best val_AP=0.2420 (test=0.2355)
Epoch   8/200 [55.7s] | task=0.3450 distill=0.7350 | train_AP=0.2241 val_AP=0.2725 test_AP=0.2581
  -> New best val_AP=0.2725 (test=0.2581)
Epoch   9/200 [55.6s] | task=0.3316 distill=1.3234 | train_AP=0.2642 val_AP=0.2975 test_AP=0.2849
  -> New best val_AP=0.2975 (test=0.2849)
Epoch  10/200 [56.0s] | task=0.3152 distill=1.6440 | train_AP=0.3098 val_AP=0.3193 test_AP=0.3095
  -> New best val_AP=0.3193 (test=0.3095)
Epoch  11/200 [49.2s] | task=0.3037 distill=1.7099 | train_AP=0.3381 val_AP=0.3316 test_AP=0.3256
  -> New best val_AP=0.3316 (test=0.3256)
Epoch  12/200 [55.3s] | task=0.2958 distill=1.6947 | train_AP=0.3573 val_AP=0.3598 test_AP=0.3474
  -> New best val_AP=0.3598 (test=0.3474)
Epoch  13/200 [57.0s] | task=0.2858 distill=1.6621 | train_AP=0.3800 val_AP=0.3685 test_AP=0.3548
  -> New best val_AP=0.3685 (test=0.3548)
Epoch  14/200 [56.4s] | task=0.2817 distill=1.6334 | train_AP=0.3898 val_AP=0.3718 test_AP=0.3588
  -> New best val_AP=0.3718 (test=0.3588)
Epoch  15/200 [57.1s] | task=0.2767 distill=1.6328 | train_AP=0.4022 val_AP=0.3836 test_AP=0.3704
  -> New best val_AP=0.3836 (test=0.3704)
Epoch  16/200 [57.6s] | task=0.2745 distill=1.6039 | train_AP=0.4096 val_AP=0.3875 test_AP=0.3776
  -> New best val_AP=0.3875 (test=0.3776)
Epoch  17/200 [56.1s] | task=0.2711 distill=1.5718 | train_AP=0.4183 val_AP=0.3950 test_AP=0.3832
  -> New best val_AP=0.3950 (test=0.3832)
Epoch  18/200 [52.2s] | task=0.2710 distill=1.5713 | train_AP=0.4200 val_AP=0.3855 test_AP=0.3744
Epoch  19/200 [52.5s] | task=0.2656 distill=1.5602 | train_AP=0.4323 val_AP=0.4022 test_AP=0.3893
  -> New best val_AP=0.4022 (test=0.3893)
Epoch  20/200 [55.5s] | task=0.2656 distill=1.5263 | train_AP=0.4349 val_AP=0.4079 test_AP=0.3926
  -> New best val_AP=0.4079 (test=0.3926)
Epoch  21/200 [55.9s] | task=0.2611 distill=1.5223 | train_AP=0.4439 val_AP=0.4000 test_AP=0.3852
Epoch  22/200 [58.1s] | task=0.2613 distill=1.5025 | train_AP=0.4427 val_AP=0.4082 test_AP=0.3922
  -> New best val_AP=0.4082 (test=0.3922)
Epoch  23/200 [58.4s] | task=0.2591 distill=1.5058 | train_AP=0.4492 val_AP=0.4135 test_AP=0.3964
  -> New best val_AP=0.4135 (test=0.3964)
Epoch  24/200 [56.4s] | task=0.2566 distill=1.4803 | train_AP=0.4551 val_AP=0.4115 test_AP=0.3932
Epoch  25/200 [57.5s] | task=0.2564 distill=1.4803 | train_AP=0.4583 val_AP=0.4257 test_AP=0.4060
  -> New best val_AP=0.4257 (test=0.4060)
Epoch  26/200 [49.2s] | task=0.2543 distill=1.4917 | train_AP=0.4621 val_AP=0.4292 test_AP=0.4110
  -> New best val_AP=0.4292 (test=0.4110)
Epoch  27/200 [56.9s] | task=0.2533 distill=1.4933 | train_AP=0.4633 val_AP=0.4259 test_AP=0.4044
Epoch  28/200 [56.6s] | task=0.2510 distill=1.4945 | train_AP=0.4705 val_AP=0.4185 test_AP=0.4017
Epoch  29/200 [55.7s] | task=0.2489 distill=1.4965 | train_AP=0.4765 val_AP=0.4383 test_AP=0.4150
  -> New best val_AP=0.4383 (test=0.4150)
Epoch  30/200 [55.9s] | task=0.2483 distill=1.5089 | train_AP=0.4780 val_AP=0.4323 test_AP=0.4094
Epoch  31/200 [57.9s] | task=0.2465 distill=1.4939 | train_AP=0.4818 val_AP=0.4437 test_AP=0.4180
  -> New best val_AP=0.4437 (test=0.4180)
Epoch  32/200 [57.5s] | task=0.2461 distill=1.5035 | train_AP=0.4850 val_AP=0.4414 test_AP=0.4148
Epoch  33/200 [57.1s] | task=0.2452 distill=1.5125 | train_AP=0.4880 val_AP=0.4279 test_AP=0.4036
Epoch  34/200 [48.1s] | task=0.2439 distill=1.5052 | train_AP=0.4940 val_AP=0.4325 test_AP=0.4104
Epoch  35/200 [57.1s] | task=0.2430 distill=1.5133 | train_AP=0.4936 val_AP=0.4513 test_AP=0.4233
  -> New best val_AP=0.4513 (test=0.4233)
Epoch  36/200 [56.4s] | task=0.2426 distill=1.5154 | train_AP=0.4962 val_AP=0.4548 test_AP=0.4269
  -> New best val_AP=0.4548 (test=0.4269)
Epoch  37/200 [57.8s] | task=0.2424 distill=1.5130 | train_AP=0.4976 val_AP=0.4511 test_AP=0.4219
Epoch  38/200 [56.6s] | task=0.2399 distill=1.5089 | train_AP=0.5013 val_AP=0.4601 test_AP=0.4253
  -> New best val_AP=0.4601 (test=0.4253)
Epoch  39/200 [54.9s] | task=0.2397 distill=1.5076 | train_AP=0.5012 val_AP=0.4557 test_AP=0.4205
Epoch  40/200 [56.5s] | task=0.2385 distill=1.5106 | train_AP=0.5081 val_AP=0.4633 test_AP=0.4309
  -> New best val_AP=0.4633 (test=0.4309)
Epoch  41/200 [51.8s] | task=0.2387 distill=1.5099 | train_AP=0.5070 val_AP=0.4585 test_AP=0.4259
Epoch  42/200 [54.7s] | task=0.2371 distill=1.5100 | train_AP=0.5108 val_AP=0.4704 test_AP=0.4393
  -> New best val_AP=0.4704 (test=0.4393)
Epoch  43/200 [57.0s] | task=0.2368 distill=1.5122 | train_AP=0.5143 val_AP=0.4744 test_AP=0.4359
  -> New best val_AP=0.4744 (test=0.4359)
Epoch  44/200 [57.2s] | task=0.2342 distill=1.5061 | train_AP=0.5215 val_AP=0.4569 test_AP=0.4268
Epoch  45/200 [58.2s] | task=0.2351 distill=1.4973 | train_AP=0.5197 val_AP=0.4530 test_AP=0.4229
Epoch  46/200 [57.3s] | task=0.2338 distill=1.5085 | train_AP=0.5258 val_AP=0.4519 test_AP=0.4177
Epoch  47/200 [56.7s] | task=0.2330 distill=1.4930 | train_AP=0.5266 val_AP=0.4760 test_AP=0.4398
  -> New best val_AP=0.4760 (test=0.4398)
Epoch  48/200 [55.9s] | task=0.2303 distill=1.5000 | train_AP=0.5328 val_AP=0.4704 test_AP=0.4365
Epoch  49/200 [50.4s] | task=0.2306 distill=1.5072 | train_AP=0.5321 val_AP=0.4719 test_AP=0.4348
Epoch  50/200 [54.5s] | task=0.2310 distill=1.5020 | train_AP=0.5338 val_AP=0.4689 test_AP=0.4351
Epoch  51/200 [55.6s] | task=0.2286 distill=1.4988 | train_AP=0.5378 val_AP=0.4605 test_AP=0.4268
Epoch  52/200 [57.2s] | task=0.2279 distill=1.4950 | train_AP=0.5415 val_AP=0.4640 test_AP=0.4281
Epoch  53/200 [57.3s] | task=0.2280 distill=1.4832 | train_AP=0.5401 val_AP=0.4529 test_AP=0.4187
Epoch  54/200 [57.4s] | task=0.2276 distill=1.4838 | train_AP=0.5461 val_AP=0.4645 test_AP=0.4330
Epoch  55/200 [57.4s] | task=0.2261 distill=1.4847 | train_AP=0.5435 val_AP=0.4675 test_AP=0.4322
Epoch  56/200 [51.8s] | task=0.2246 distill=1.4889 | train_AP=0.5507 val_AP=0.4705 test_AP=0.4312
Epoch  57/200 [47.9s] | task=0.2249 distill=1.4875 | train_AP=0.5492 val_AP=0.4756 test_AP=0.4385
Epoch  58/200 [46.2s] | task=0.2230 distill=1.4800 | train_AP=0.5545 val_AP=0.4744 test_AP=0.4382
Epoch  59/200 [47.3s] | task=0.2229 distill=1.4728 | train_AP=0.5542 val_AP=0.4715 test_AP=0.4334
Epoch  60/200 [46.5s] | task=0.2230 distill=1.4726 | train_AP=0.5575 val_AP=0.4825 test_AP=0.4480
  -> New best val_AP=0.4825 (test=0.4480)
Epoch  61/200 [47.2s] | task=0.2226 distill=1.4812 | train_AP=0.5594 val_AP=0.4685 test_AP=0.4317
Epoch  62/200 [48.0s] | task=0.2219 distill=1.4704 | train_AP=0.5640 val_AP=0.4858 test_AP=0.4444
  -> New best val_AP=0.4858 (test=0.4444)
Epoch  63/200 [47.7s] | task=0.2197 distill=1.4727 | train_AP=0.5679 val_AP=0.4634 test_AP=0.4315
Epoch  64/200 [47.0s] | task=0.2202 distill=1.4675 | train_AP=0.5673 val_AP=0.4813 test_AP=0.4394
Epoch  65/200 [47.9s] | task=0.2201 distill=1.4630 | train_AP=0.5659 val_AP=0.4805 test_AP=0.4427
Epoch  66/200 [48.4s] | task=0.2180 distill=1.4635 | train_AP=0.5722 val_AP=0.4819 test_AP=0.4435
Epoch  67/200 [46.4s] | task=0.2168 distill=1.4637 | train_AP=0.5749 val_AP=0.4653 test_AP=0.4305
Epoch  68/200 [47.2s] | task=0.2172 distill=1.4596 | train_AP=0.5724 val_AP=0.4825 test_AP=0.4391
Epoch  69/200 [47.7s] | task=0.2166 distill=1.4664 | train_AP=0.5781 val_AP=0.4826 test_AP=0.4443
Epoch  70/200 [48.4s] | task=0.2172 distill=1.4539 | train_AP=0.5813 val_AP=0.4808 test_AP=0.4441
Epoch  71/200 [48.5s] | task=0.2151 distill=1.4500 | train_AP=0.5802 val_AP=0.4768 test_AP=0.4356
Killed
