+ save_dir=checkpoints_attn_distill_gred
+ python exp_attn_distillation_2.py pretrain --backbone hybrid --num_gred_layers 2 --hidden_dim 512 --num_layers 1 --num_heads 16 --save_dir checkpoints_attn_distill_gred --no-use_lap_pe --warmup_ratio 0.05 --num_cross_layers 1 --no-use_proxy_self_attn --proxy_mmd_lambda 1.5 --proxy_opt_steps 500 --distill_weight 1 --temperature 2 --s1_max_epochs 1000 --batch_size 32 --num_proxies 64

============================================================
PRETRAIN: Train Model from scratch
  backbone=hybrid
  hidden_dim=512, num_layers=1, num_heads=16
  s1_lr=3e-05, s1_weight_decay=0.0003, dropout=0.1
  s1_max_epochs=1000, s1_patience=50
============================================================
  Loading cached distance masks from ./data/Peptides-func/dist_masks/train.pkl
  Loading cached distance masks from ./data/Peptides-func/dist_masks/val.pkl
  Loading cached distance masks from ./data/Peptides-func/dist_masks/test.pkl
  Parameters: 9,387,546
Epoch   1/1000 [208.6s mem=23840MB] | train_loss=2.0478 train_AP=0.1791 | val_loss=1.0140 val_AP=0.2501
  -> New best: val_loss=1.0140 val_AP=0.2501, saved
Epoch   2/1000 [200.5s mem=23836MB] | train_loss=0.8602 train_AP=0.2078 | val_loss=0.7261 val_AP=0.2642
  -> New best: val_loss=0.7261 val_AP=0.2642, saved
Epoch   3/1000 [209.3s mem=23839MB] | train_loss=0.5070 train_AP=0.2422 | val_loss=0.5375 val_AP=0.2839
  -> New best: val_loss=0.5375 val_AP=0.2839, saved
Epoch   4/1000 [209.1s mem=23841MB] | train_loss=0.3858 train_AP=0.2646 | val_loss=0.4461 val_AP=0.2947
  -> New best: val_loss=0.4461 val_AP=0.2947, saved
Epoch   5/1000 [207.9s mem=23840MB] | train_loss=0.3492 train_AP=0.2787 | val_loss=0.3516 val_AP=0.3169
  -> New best: val_loss=0.3516 val_AP=0.3169, saved
Epoch   6/1000 [201.5s mem=23840MB] | train_loss=0.3381 train_AP=0.2833 | val_loss=0.4003 val_AP=0.3182
  -> New best: val_loss=0.3516 val_AP=0.3182, saved
Epoch   7/1000 [210.3s mem=23838MB] | train_loss=0.3332 train_AP=0.2914 | val_loss=0.3529 val_AP=0.3219
  -> New best: val_loss=0.3516 val_AP=0.3219, saved
Epoch   8/1000 [210.1s mem=23836MB] | train_loss=0.3314 train_AP=0.2985 | val_loss=0.3939 val_AP=0.3323
  -> New best: val_loss=0.3516 val_AP=0.3323, saved
Epoch   9/1000 [210.0s mem=23841MB] | train_loss=0.3268 train_AP=0.3066 | val_loss=0.3352 val_AP=0.3555
  -> New best: val_loss=0.3352 val_AP=0.3555, saved
Epoch  10/1000 [205.7s mem=23838MB] | train_loss=0.3245 train_AP=0.3116 | val_loss=0.3890 val_AP=0.3479 | test_AP=0.3487
Epoch  11/1000 [208.9s mem=23838MB] | train_loss=0.3216 train_AP=0.3185 | val_loss=0.3124 val_AP=0.3707
  -> New best: val_loss=0.3124 val_AP=0.3707, saved
Epoch  12/1000 [209.0s mem=23836MB] | train_loss=0.3189 train_AP=0.3244 | val_loss=0.3149 val_AP=0.3870
  -> New best: val_loss=0.3124 val_AP=0.3870, saved
Epoch  13/1000 [210.0s mem=23839MB] | train_loss=0.3138 train_AP=0.3359 | val_loss=0.3369 val_AP=0.3850
Epoch  14/1000 [207.4s mem=23838MB] | train_loss=0.3112 train_AP=0.3433 | val_loss=0.4434 val_AP=0.3691
Epoch  15/1000 [203.6s mem=23837MB] | train_loss=0.3092 train_AP=0.3484 | val_loss=0.3609 val_AP=0.3860
Epoch  16/1000 [210.1s mem=23839MB] | train_loss=0.3031 train_AP=0.3565 | val_loss=0.3442 val_AP=0.4186
  -> New best: val_loss=0.3124 val_AP=0.4186, saved
Epoch  17/1000 [207.1s mem=23840MB] | train_loss=0.2994 train_AP=0.3660 | val_loss=0.3133 val_AP=0.4169
Epoch  18/1000 [208.8s mem=23840MB] | train_loss=0.2974 train_AP=0.3713 | val_loss=0.3345 val_AP=0.4074
Killed
