
============================================================
PRETRAIN: Train Graph Transformer from scratch
  hidden_dim=512, num_layers=2, num_heads=8
  s1_lr=3e-05, s1_weight_decay=0.0003, dropout=0.1
  s1_max_epochs=300, s1_patience=50
============================================================
  Parameters: 6,921,226
Epoch   1/300 [19.1s mem=22745MB] | train_loss=0.6635 train_AP=0.1649 | val_loss=0.6167 val_AP=0.1754
  -> New best: val_loss=0.6167 val_AP=0.1754, saved
Epoch   2/300 [18.6s mem=22752MB] | train_loss=0.5545 train_AP=0.1654 | val_loss=0.4728 val_AP=0.1829
  -> New best: val_loss=0.4728 val_AP=0.1829, saved
Epoch   3/300 [18.9s mem=22754MB] | train_loss=0.4243 train_AP=0.1655 | val_loss=0.3754 val_AP=0.1973
  -> New best: val_loss=0.3754 val_AP=0.1973, saved
Epoch   4/300 [19.0s mem=22759MB] | train_loss=0.3669 train_AP=0.1656 | val_loss=0.3583 val_AP=0.2130
  -> New best: val_loss=0.3583 val_AP=0.2130, saved
Epoch   5/300 [19.1s mem=22756MB] | train_loss=0.3596 train_AP=0.1660 | val_loss=0.3573 val_AP=0.2182
  -> New best: val_loss=0.3573 val_AP=0.2182, saved
Epoch   6/300 [19.1s mem=22762MB] | train_loss=0.3588 train_AP=0.1667 | val_loss=0.3571 val_AP=0.2203
  -> New best: val_loss=0.3571 val_AP=0.2203, saved
Epoch   7/300 [18.8s mem=22749MB] | train_loss=0.3585 train_AP=0.1677 | val_loss=0.3568 val_AP=0.2201
  -> New best: val_loss=0.3568 val_AP=0.2203, saved
Epoch   8/300 [18.5s mem=22757MB] | train_loss=0.3584 train_AP=0.1695 | val_loss=0.3566 val_AP=0.2196
  -> New best: val_loss=0.3566 val_AP=0.2203, saved
Epoch   9/300 [18.6s mem=22755MB] | train_loss=0.3579 train_AP=0.1709 | val_loss=0.3560 val_AP=0.2190
  -> New best: val_loss=0.3560 val_AP=0.2203, saved
Epoch  10/300 [18.9s mem=22757MB] | train_loss=0.3563 train_AP=0.1794 | val_loss=0.3526 val_AP=0.2194 | test_AP=0.2158
  -> New best: val_loss=0.3526 val_AP=0.2203, saved
Epoch  11/300 [18.8s mem=22754MB] | train_loss=0.3512 train_AP=0.1983 | val_loss=0.3459 val_AP=0.2407
  -> New best: val_loss=0.3459 val_AP=0.2407, saved
Epoch  12/300 [18.4s mem=22752MB] | train_loss=0.3428 train_AP=0.2361 | val_loss=0.3307 val_AP=0.2851
  -> New best: val_loss=0.3307 val_AP=0.2851, saved
Epoch  13/300 [18.6s mem=22739MB] | train_loss=0.3275 train_AP=0.2774 | val_loss=0.3197 val_AP=0.3067
  -> New best: val_loss=0.3197 val_AP=0.3067, saved
Epoch  14/300 [14.1s mem=22757MB] | train_loss=0.3200 train_AP=0.2983 | val_loss=0.3147 val_AP=0.3222
  -> New best: val_loss=0.3147 val_AP=0.3222, saved
Epoch  15/300 [13.2s mem=22758MB] | train_loss=0.3089 train_AP=0.3291 | val_loss=0.3186 val_AP=0.3280
  -> New best: val_loss=0.3147 val_AP=0.3280, saved
Epoch  16/300 [13.1s mem=22744MB] | train_loss=0.2987 train_AP=0.3554 | val_loss=0.3046 val_AP=0.3541
  -> New best: val_loss=0.3046 val_AP=0.3541, saved
Epoch  17/300 [13.2s mem=22754MB] | train_loss=0.2914 train_AP=0.3762 | val_loss=0.3106 val_AP=0.3643
  -> New best: val_loss=0.3046 val_AP=0.3643, saved
Epoch  18/300 [13.2s mem=22755MB] | train_loss=0.2820 train_AP=0.3990 | val_loss=0.3114 val_AP=0.3721
  -> New best: val_loss=0.3046 val_AP=0.3721, saved
Epoch  19/300 [13.3s mem=22750MB] | train_loss=0.2774 train_AP=0.4094 | val_loss=0.2864 val_AP=0.4006
  -> New best: val_loss=0.2864 val_AP=0.4006, saved
Epoch  20/300 [14.9s mem=22755MB] | train_loss=0.2718 train_AP=0.4267 | val_loss=0.2961 val_AP=0.3984 | test_AP=0.3807
Epoch  21/300 [18.9s mem=22750MB] | train_loss=0.2696 train_AP=0.4298 | val_loss=0.2912 val_AP=0.4190
  -> New best: val_loss=0.2864 val_AP=0.4190, saved
Epoch  22/300 [18.8s mem=22760MB] | train_loss=0.2684 train_AP=0.4311 | val_loss=0.2822 val_AP=0.4281
  -> New best: val_loss=0.2822 val_AP=0.4281, saved
Epoch  23/300 [18.9s mem=22745MB] | train_loss=0.2633 train_AP=0.4459 | val_loss=0.2902 val_AP=0.4186
Epoch  24/300 [19.0s mem=22746MB] | train_loss=0.2640 train_AP=0.4436 | val_loss=0.2961 val_AP=0.4176
Epoch  25/300 [18.9s mem=22757MB] | train_loss=0.2610 train_AP=0.4516 | val_loss=0.2893 val_AP=0.4257
Epoch  26/300 [19.0s mem=22749MB] | train_loss=0.2578 train_AP=0.4551 | val_loss=0.3185 val_AP=0.4075
Epoch  27/300 [18.9s mem=22746MB] | train_loss=0.2567 train_AP=0.4606 | val_loss=0.2961 val_AP=0.4262
Epoch  28/300 [18.9s mem=22762MB] | train_loss=0.2543 train_AP=0.4683 | val_loss=0.3013 val_AP=0.4244
Epoch  29/300 [19.1s mem=22754MB] | train_loss=0.2526 train_AP=0.4719 | val_loss=0.2878 val_AP=0.4381
  -> New best: val_loss=0.2822 val_AP=0.4381, saved
Epoch  30/300 [18.9s mem=22764MB] | train_loss=0.2506 train_AP=0.4746 | val_loss=0.3026 val_AP=0.4269 | test_AP=0.4075
Epoch  31/300 [18.8s mem=22763MB] | train_loss=0.2488 train_AP=0.4810 | val_loss=0.2973 val_AP=0.4316
Epoch  32/300 [18.8s mem=22758MB] | train_loss=0.2473 train_AP=0.4844 | val_loss=0.2931 val_AP=0.4389
  -> New best: val_loss=0.2822 val_AP=0.4389, saved
Epoch  33/300 [18.9s mem=22750MB] | train_loss=0.2457 train_AP=0.4890 | val_loss=0.3079 val_AP=0.4334
Epoch  34/300 [18.7s mem=22760MB] | train_loss=0.2449 train_AP=0.4927 | val_loss=0.2870 val_AP=0.4499
  -> New best: val_loss=0.2822 val_AP=0.4499, saved
Epoch  35/300 [18.9s mem=22744MB] | train_loss=0.2451 train_AP=0.4923 | val_loss=0.3007 val_AP=0.4452
Epoch  36/300 [18.9s mem=22758MB] | train_loss=0.2412 train_AP=0.5015 | val_loss=0.3085 val_AP=0.4410
Epoch  37/300 [19.0s mem=22760MB] | train_loss=0.2400 train_AP=0.5060 | val_loss=0.3066 val_AP=0.4486
Epoch  38/300 [19.1s mem=22741MB] | train_loss=0.2404 train_AP=0.5054 | val_loss=0.3090 val_AP=0.4431
Epoch  39/300 [18.9s mem=22761MB] | train_loss=0.2391 train_AP=0.5129 | val_loss=0.2960 val_AP=0.4515
  -> New best: val_loss=0.2822 val_AP=0.4515, saved
Epoch  40/300 [19.0s mem=22753MB] | train_loss=0.2370 train_AP=0.5170 | val_loss=0.3017 val_AP=0.4478 | test_AP=0.4190
Epoch  41/300 [19.1s mem=22753MB] | train_loss=0.2359 train_AP=0.5197 | val_loss=0.2904 val_AP=0.4575
  -> New best: val_loss=0.2822 val_AP=0.4575, saved
Epoch  42/300 [18.8s mem=22751MB] | train_loss=0.2350 train_AP=0.5230 | val_loss=0.3070 val_AP=0.4450
Epoch  43/300 [19.0s mem=22756MB] | train_loss=0.2324 train_AP=0.5328 | val_loss=0.2983 val_AP=0.4558
Epoch  44/300 [19.0s mem=22755MB] | train_loss=0.2327 train_AP=0.5322 | val_loss=0.3035 val_AP=0.4535
Epoch  45/300 [18.9s mem=22743MB] | train_loss=0.2306 train_AP=0.5348 | val_loss=0.2923 val_AP=0.4716
  -> New best: val_loss=0.2822 val_AP=0.4716, saved
Epoch  46/300 [18.8s mem=22759MB] | train_loss=0.2303 train_AP=0.5408 | val_loss=0.2998 val_AP=0.4697
Epoch  47/300 [18.7s mem=22745MB] | train_loss=0.2275 train_AP=0.5449 | val_loss=0.3060 val_AP=0.4554
Epoch  48/300 [13.3s mem=22746MB] | train_loss=0.2291 train_AP=0.5438 | val_loss=0.3132 val_AP=0.4500
Epoch  49/300 [13.2s mem=22756MB] | train_loss=0.2286 train_AP=0.5475 | val_loss=0.3098 val_AP=0.4699
Epoch  50/300 [13.1s mem=22755MB] | train_loss=0.2265 train_AP=0.5519 | val_loss=0.3100 val_AP=0.4614 | test_AP=0.4334
Epoch  51/300 [13.2s mem=22756MB] | train_loss=0.2240 train_AP=0.5566 | val_loss=0.3108 val_AP=0.4702
Epoch  52/300 [13.4s mem=22756MB] | train_loss=0.2239 train_AP=0.5565 | val_loss=0.3201 val_AP=0.4600
Epoch  53/300 [13.3s mem=22766MB] | train_loss=0.2239 train_AP=0.5583 | val_loss=0.3058 val_AP=0.4685
Epoch  54/300 [13.5s mem=22755MB] | train_loss=0.2237 train_AP=0.5601 | val_loss=0.3118 val_AP=0.4662
Epoch  55/300 [16.9s mem=22746MB] | train_loss=0.2202 train_AP=0.5705 | val_loss=0.3054 val_AP=0.4680
Epoch  56/300 [18.8s mem=21962MB] | train_loss=0.2190 train_AP=0.5709 | val_loss=0.3165 val_AP=0.4545
Epoch  57/300 [18.2s mem=22760MB] | train_loss=0.2213 train_AP=0.5685 | val_loss=0.3123 val_AP=0.4654
Epoch  58/300 [18.8s mem=22754MB] | train_loss=0.2175 train_AP=0.5750 | val_loss=0.3074 val_AP=0.4810
  -> New best: val_loss=0.2822 val_AP=0.4810, saved
Epoch  59/300 [18.7s mem=22755MB] | train_loss=0.2169 train_AP=0.5783 | val_loss=0.3234 val_AP=0.4692
Epoch  60/300 [18.9s mem=22754MB] | train_loss=0.2168 train_AP=0.5773 | val_loss=0.3268 val_AP=0.4614 | test_AP=0.4322
Epoch  61/300 [18.8s mem=22756MB] | train_loss=0.2146 train_AP=0.5856 | val_loss=0.3140 val_AP=0.4657
Epoch  62/300 [18.9s mem=22767MB] | train_loss=0.2150 train_AP=0.5829 | val_loss=0.3136 val_AP=0.4780
Epoch  63/300 [18.8s mem=22752MB] | train_loss=0.2157 train_AP=0.5799 | val_loss=0.3100 val_AP=0.4718
Epoch  64/300 [18.9s mem=22754MB] | train_loss=0.2119 train_AP=0.5938 | val_loss=0.3297 val_AP=0.4670
Epoch  65/300 [18.7s mem=22757MB] | train_loss=0.2119 train_AP=0.5936 | val_loss=0.3144 val_AP=0.4782
Epoch  66/300 [18.9s mem=22760MB] | train_loss=0.2132 train_AP=0.5876 | val_loss=0.3160 val_AP=0.4823
  -> New best: val_loss=0.2822 val_AP=0.4823, saved
Epoch  67/300 [18.8s mem=22758MB] | train_loss=0.2102 train_AP=0.6005 | val_loss=0.3231 val_AP=0.4856
  -> New best: val_loss=0.2822 val_AP=0.4856, saved
Epoch  68/300 [18.9s mem=22760MB] | train_loss=0.2098 train_AP=0.5964 | val_loss=0.3250 val_AP=0.4804
Epoch  69/300 [18.7s mem=22744MB] | train_loss=0.2078 train_AP=0.6023 | val_loss=0.3176 val_AP=0.4868
  -> New best: val_loss=0.2822 val_AP=0.4868, saved
Epoch  70/300 [18.8s mem=22755MB] | train_loss=0.2071 train_AP=0.6042 | val_loss=0.3312 val_AP=0.4761 | test_AP=0.4473
Epoch  71/300 [19.1s mem=22758MB] | train_loss=0.2059 train_AP=0.6092 | val_loss=0.3223 val_AP=0.4760
Epoch  72/300 [18.9s mem=22752MB] | train_loss=0.2062 train_AP=0.6083 | val_loss=0.3331 val_AP=0.4857
Epoch  73/300 [18.9s mem=22762MB] | train_loss=0.2040 train_AP=0.6161 | val_loss=0.3143 val_AP=0.4874
  -> New best: val_loss=0.2822 val_AP=0.4874, saved
Epoch  74/300 [19.0s mem=22763MB] | train_loss=0.2040 train_AP=0.6133 | val_loss=0.3135 val_AP=0.4937
  -> New best: val_loss=0.2822 val_AP=0.4937, saved
Epoch  75/300 [18.8s mem=22751MB] | train_loss=0.2016 train_AP=0.6199 | val_loss=0.3146 val_AP=0.4924
Epoch  76/300 [19.0s mem=22764MB] | train_loss=0.1995 train_AP=0.6239 | val_loss=0.3222 val_AP=0.4811
Epoch  77/300 [18.8s mem=22757MB] | train_loss=0.1994 train_AP=0.6264 | val_loss=0.3367 val_AP=0.4838
Epoch  78/300 [18.8s mem=22757MB] | train_loss=0.1985 train_AP=0.6292 | val_loss=0.3198 val_AP=0.5015
  -> New best: val_loss=0.2822 val_AP=0.5015, saved
Epoch  79/300 [19.0s mem=22758MB] | train_loss=0.1984 train_AP=0.6323 | val_loss=0.3271 val_AP=0.4846
Epoch  80/300 [19.1s mem=22764MB] | train_loss=0.1972 train_AP=0.6325 | val_loss=0.3174 val_AP=0.4915 | test_AP=0.4630
Epoch  81/300 [18.4s mem=22750MB] | train_loss=0.1962 train_AP=0.6343 | val_loss=0.3248 val_AP=0.4928
Epoch  82/300 [18.5s mem=22755MB] | train_loss=0.1942 train_AP=0.6394 | val_loss=0.3206 val_AP=0.5015
Epoch  83/300 [13.3s mem=22754MB] | train_loss=0.1953 train_AP=0.6386 | val_loss=0.3203 val_AP=0.5003
Epoch  84/300 [13.2s mem=22750MB] | train_loss=0.1958 train_AP=0.6332 | val_loss=0.3252 val_AP=0.4921
Epoch  85/300 [13.2s mem=22754MB] | train_loss=0.1932 train_AP=0.6436 | val_loss=0.3182 val_AP=0.5079
  -> New best: val_loss=0.2822 val_AP=0.5079, saved
Epoch  86/300 [13.2s mem=22686MB] | train_loss=0.1927 train_AP=0.6445 | val_loss=0.3397 val_AP=0.4902
Epoch  87/300 [13.2s mem=22752MB] | train_loss=0.1910 train_AP=0.6496 | val_loss=0.3431 val_AP=0.4859
Epoch  88/300 [13.4s mem=22745MB] | train_loss=0.1901 train_AP=0.6551 | val_loss=0.3279 val_AP=0.4969
Epoch  89/300 [13.3s mem=22757MB] | train_loss=0.1895 train_AP=0.6550 | val_loss=0.3253 val_AP=0.4980
Epoch  90/300 [15.9s mem=22748MB] | train_loss=0.1890 train_AP=0.6562 | val_loss=0.3224 val_AP=0.5013 | test_AP=0.4664
Epoch  91/300 [18.9s mem=22753MB] | train_loss=0.1869 train_AP=0.6614 | val_loss=0.3445 val_AP=0.4918
Epoch  92/300 [19.0s mem=22757MB] | train_loss=0.1861 train_AP=0.6632 | val_loss=0.3369 val_AP=0.5008
Epoch  93/300 [18.9s mem=22748MB] | train_loss=0.1873 train_AP=0.6593 | val_loss=0.3365 val_AP=0.4797
Epoch  94/300 [18.9s mem=22758MB] | train_loss=0.1856 train_AP=0.6614 | val_loss=0.3326 val_AP=0.4947
Epoch  95/300 [19.0s mem=22759MB] | train_loss=0.1833 train_AP=0.6689 | val_loss=0.3384 val_AP=0.5025
Epoch  96/300 [18.8s mem=22752MB] | train_loss=0.1822 train_AP=0.6708 | val_loss=0.3521 val_AP=0.4892
Epoch  97/300 [18.9s mem=22753MB] | train_loss=0.1815 train_AP=0.6751 | val_loss=0.3303 val_AP=0.5016
Epoch  98/300 [18.9s mem=22762MB] | train_loss=0.1796 train_AP=0.6781 | val_loss=0.3445 val_AP=0.4927
Epoch  99/300 [19.0s mem=22762MB] | train_loss=0.1797 train_AP=0.6785 | val_loss=0.3366 val_AP=0.4979
Epoch 100/300 [18.9s mem=22755MB] | train_loss=0.1802 train_AP=0.6812 | val_loss=0.3662 val_AP=0.4933 | test_AP=0.4659
Epoch 101/300 [18.7s mem=21971MB] | train_loss=0.1781 train_AP=0.6807 | val_loss=0.3581 val_AP=0.4872
Epoch 102/300 [19.1s mem=22761MB] | train_loss=0.1770 train_AP=0.6872 | val_loss=0.3455 val_AP=0.4936
Epoch 103/300 [19.0s mem=22755MB] | train_loss=0.1783 train_AP=0.6830 | val_loss=0.3342 val_AP=0.5023
Epoch 104/300 [18.8s mem=22754MB] | train_loss=0.1767 train_AP=0.6908 | val_loss=0.3510 val_AP=0.4844
Epoch 105/300 [18.9s mem=22755MB] | train_loss=0.1757 train_AP=0.6874 | val_loss=0.3410 val_AP=0.4983
Epoch 106/300 [19.1s mem=22748MB] | train_loss=0.1750 train_AP=0.6932 | val_loss=0.3463 val_AP=0.5045
Epoch 107/300 [18.9s mem=22746MB] | train_loss=0.1746 train_AP=0.6925 | val_loss=0.3577 val_AP=0.4924
Epoch 108/300 [19.1s mem=22760MB] | train_loss=0.1736 train_AP=0.6967 | val_loss=0.3450 val_AP=0.5068
Epoch 109/300 [18.7s mem=22758MB] | train_loss=0.1718 train_AP=0.6996 | val_loss=0.3614 val_AP=0.4861
Epoch 110/300 [18.8s mem=22746MB] | train_loss=0.1705 train_AP=0.7050 | val_loss=0.3624 val_AP=0.4899 | test_AP=0.4637
Epoch 111/300 [18.9s mem=22756MB] | train_loss=0.1696 train_AP=0.7039 | val_loss=0.3680 val_AP=0.4891
Epoch 112/300 [18.7s mem=22756MB] | train_loss=0.1682 train_AP=0.7095 | val_loss=0.3685 val_AP=0.4887
Epoch 113/300 [18.8s mem=22756MB] | train_loss=0.1693 train_AP=0.7118 | val_loss=0.3528 val_AP=0.4996
Epoch 114/300 [18.6s mem=22748MB] | train_loss=0.1677 train_AP=0.7072 | val_loss=0.3516 val_AP=0.5037
Epoch 115/300 [18.7s mem=22752MB] | train_loss=0.1670 train_AP=0.7108 | val_loss=0.3683 val_AP=0.4954
Epoch 116/300 [18.8s mem=22759MB] | train_loss=0.1651 train_AP=0.7193 | val_loss=0.3788 val_AP=0.4894
Epoch 117/300 [19.1s mem=22753MB] | train_loss=0.1643 train_AP=0.7166 | val_loss=0.3482 val_AP=0.5149
  -> New best: val_loss=0.2822 val_AP=0.5149, saved
Epoch 118/300 [13.7s mem=22756MB] | train_loss=0.1643 train_AP=0.7198 | val_loss=0.3568 val_AP=0.4995
Epoch 119/300 [13.3s mem=21971MB] | train_loss=0.1628 train_AP=0.7232 | val_loss=0.3695 val_AP=0.4877
Epoch 120/300 [13.2s mem=22759MB] | train_loss=0.1624 train_AP=0.7209 | val_loss=0.3836 val_AP=0.4898 | test_AP=0.4659
Epoch 121/300 [13.2s mem=22762MB] | train_loss=0.1606 train_AP=0.7281 | val_loss=0.3669 val_AP=0.4951
Epoch 122/300 [13.1s mem=22765MB] | train_loss=0.1601 train_AP=0.7297 | val_loss=0.3761 val_AP=0.4980
Epoch 123/300 [13.3s mem=22761MB] | train_loss=0.1611 train_AP=0.7270 | val_loss=0.3869 val_AP=0.4946
Epoch 124/300 [13.2s mem=22743MB] | train_loss=0.1586 train_AP=0.7345 | val_loss=0.3843 val_AP=0.4864
Epoch 125/300 [14.8s mem=22752MB] | train_loss=0.1584 train_AP=0.7360 | val_loss=0.3787 val_AP=0.4995
Epoch 126/300 [19.0s mem=22756MB] | train_loss=0.1573 train_AP=0.7387 | val_loss=0.3704 val_AP=0.4971
Epoch 127/300 [19.0s mem=22759MB] | train_loss=0.1563 train_AP=0.7373 | val_loss=0.3817 val_AP=0.4969
Epoch 128/300 [18.8s mem=22752MB] | train_loss=0.1557 train_AP=0.7388 | val_loss=0.3733 val_AP=0.5009
Epoch 129/300 [18.8s mem=22769MB] | train_loss=0.1549 train_AP=0.7398 | val_loss=0.3714 val_AP=0.5035
Epoch 130/300 [19.0s mem=22745MB] | train_loss=0.1540 train_AP=0.7432 | val_loss=0.3926 val_AP=0.4815 | test_AP=0.4637
Epoch 131/300 [18.9s mem=22763MB] | train_loss=0.1540 train_AP=0.7422 | val_loss=0.3870 val_AP=0.4968
Epoch 132/300 [19.0s mem=22752MB] | train_loss=0.1529 train_AP=0.7455 | val_loss=0.3850 val_AP=0.4961
Epoch 133/300 [19.0s mem=22741MB] | train_loss=0.1531 train_AP=0.7458 | val_loss=0.4009 val_AP=0.4892
Epoch 134/300 [18.8s mem=22754MB] | train_loss=0.1521 train_AP=0.7477 | val_loss=0.4124 val_AP=0.4930
Epoch 135/300 [18.9s mem=22762MB] | train_loss=0.1509 train_AP=0.7530 | val_loss=0.4015 val_AP=0.4922
Epoch 136/300 [19.3s mem=22758MB] | train_loss=0.1488 train_AP=0.7535 | val_loss=0.3948 val_AP=0.4981
Epoch 137/300 [19.1s mem=22755MB] | train_loss=0.1493 train_AP=0.7547 | val_loss=0.4046 val_AP=0.4848
Epoch 138/300 [18.7s mem=22757MB] | train_loss=0.1481 train_AP=0.7561 | val_loss=0.3955 val_AP=0.4938
Epoch 139/300 [18.8s mem=22759MB] | train_loss=0.1469 train_AP=0.7608 | val_loss=0.3966 val_AP=0.5087
Epoch 140/300 [18.7s mem=22757MB] | train_loss=0.1470 train_AP=0.7575 | val_loss=0.4076 val_AP=0.4946 | test_AP=0.4657
Epoch 141/300 [19.1s mem=22756MB] | train_loss=0.1465 train_AP=0.7593 | val_loss=0.4033 val_AP=0.4909
Epoch 142/300 [19.0s mem=22762MB] | train_loss=0.1449 train_AP=0.7626 | val_loss=0.4219 val_AP=0.4823
Epoch 143/300 [18.9s mem=22764MB] | train_loss=0.1459 train_AP=0.7621 | val_loss=0.4143 val_AP=0.4939
Epoch 144/300 [18.9s mem=22756MB] | train_loss=0.1428 train_AP=0.7712 | val_loss=0.4248 val_AP=0.4828
Epoch 145/300 [19.0s mem=22753MB] | train_loss=0.1443 train_AP=0.7642 | val_loss=0.4040 val_AP=0.4915
Epoch 146/300 [18.9s mem=22767MB] | train_loss=0.1429 train_AP=0.7692 | val_loss=0.3984 val_AP=0.4978
Epoch 147/300 [19.1s mem=22757MB] | train_loss=0.1409 train_AP=0.7741 | val_loss=0.4268 val_AP=0.4938
Epoch 148/300 [18.8s mem=22748MB] | train_loss=0.1412 train_AP=0.7712 | val_loss=0.4206 val_AP=0.4927
Epoch 149/300 [18.9s mem=22765MB] | train_loss=0.1404 train_AP=0.7763 | val_loss=0.4131 val_AP=0.4962
Epoch 150/300 [18.7s mem=22749MB] | train_loss=0.1386 train_AP=0.7760 | val_loss=0.4149 val_AP=0.5054 | test_AP=0.4743
Epoch 151/300 [18.9s mem=22751MB] | train_loss=0.1382 train_AP=0.7747 | val_loss=0.4176 val_AP=0.4916
Epoch 152/300 [19.0s mem=22748MB] | train_loss=0.1384 train_AP=0.7802 | val_loss=0.4265 val_AP=0.4968
Epoch 153/300 [15.2s mem=22742MB] | train_loss=0.1375 train_AP=0.7817 | val_loss=0.4323 val_AP=0.4924
Epoch 154/300 [13.3s mem=22758MB] | train_loss=0.1351 train_AP=0.7845 | val_loss=0.4343 val_AP=0.4933
Epoch 155/300 [13.2s mem=22761MB] | train_loss=0.1351 train_AP=0.7850 | val_loss=0.4415 val_AP=0.4960
Epoch 156/300 [13.1s mem=22753MB] | train_loss=0.1345 train_AP=0.7870 | val_loss=0.4362 val_AP=0.4937
Epoch 157/300 [13.2s mem=22755MB] | train_loss=0.1332 train_AP=0.7919 | val_loss=0.4455 val_AP=0.4850
Epoch 158/300 [13.3s mem=22757MB] | train_loss=0.1338 train_AP=0.7873 | val_loss=0.4498 val_AP=0.4850
Epoch 159/300 [13.2s mem=22762MB] | train_loss=0.1328 train_AP=0.7905 | val_loss=0.4390 val_AP=0.4916
Epoch 160/300 [13.3s mem=22764MB] | train_loss=0.1316 train_AP=0.7945 | val_loss=0.4555 val_AP=0.4898 | test_AP=0.4611
Epoch 161/300 [19.1s mem=22750MB] | train_loss=0.1319 train_AP=0.7917 | val_loss=0.4368 val_AP=0.4931
Epoch 162/300 [19.0s mem=22693MB] | train_loss=0.1315 train_AP=0.7938 | val_loss=0.4476 val_AP=0.4928
Epoch 163/300 [18.8s mem=21965MB] | train_loss=0.1302 train_AP=0.7949 | val_loss=0.4539 val_AP=0.4850
Epoch 164/300 [19.0s mem=22753MB] | train_loss=0.1296 train_AP=0.7972 | val_loss=0.4425 val_AP=0.5012
Epoch 165/300 [18.8s mem=22758MB] | train_loss=0.1290 train_AP=0.7971 | val_loss=0.4640 val_AP=0.4987
Epoch 166/300 [18.9s mem=22760MB] | train_loss=0.1285 train_AP=0.7997 | val_loss=0.4546 val_AP=0.4872
Epoch 167/300 [18.9s mem=22757MB] | train_loss=0.1276 train_AP=0.8017 | val_loss=0.4664 val_AP=0.4902
Early stopping at epoch 167. Best val_loss=0.2822 val_AP=0.5149 at epoch 117.
Pretrain done. Best val_loss=0.2822 val_AP=0.5149 at epoch 117.
============================================================
Phase 1: Extract Attention Targets
  model_path=checkpoints_attn_distill_2/pretrain_best.pt
  proxy_opt_steps=300
  num_proxies=64
  proxy_mmd_lambda=1
  num_cross_layers=None
  use_proxy_self_attn=True
  distill_layers=all
============================================================
  Loaded 1 pretrained keys, cross-attn layers randomly initialized
  Extracting attention from layers: [0, 1, 2, 3, 4]
  [1/43] 256 graphs | base_loss=0.6847 opt_loss=0.1641 mmd=0.346897
  [10/43] 2560 graphs | base_loss=0.6849 opt_loss=0.1618 mmd=0.349837
  [20/43] 5120 graphs | base_loss=0.6851 opt_loss=0.1608 mmd=0.354004
  [30/43] 7680 graphs | base_loss=0.6851 opt_loss=0.1611 mmd=0.353274
  [40/43] 10240 graphs | base_loss=0.6851 opt_loss=0.1623 mmd=0.349138

Extraction done. 10873 graphs saved to checkpoints_attn_distill_2/attn_targets.pkl
  Avg base_loss=0.6851  opt_loss=0.1624

Sanity check: attention difference (teacher vs vanilla)...
  Mean |teacher_attn - vanilla_attn|: 0.000203
  Good: attention patterns are meaningfully different.
============================================================
Phase 2: Train with Attention Distillation
  backbone=vanilla_gt
  distill_weight=1.0
  temperature=1.2
  distill_layers=[0, 1, 2, 3, 4]
  targets from: checkpoints_attn_distill_2/attn_targets.pkl
============================================================
  AttnTargetDataset: 10873 graphs with targets
  Loaded 1/250 keys from checkpoint

Baseline (pretrained, no distillation):
  val_AP=0.1769  test_AP=0.1754
  Student trainable params: 4,123,658
Epoch   1/200 [111.5s] | task=0.4034 distill=0.0036 | train_AP=0.1662 val_AP=0.1946 test_AP=0.1877
  -> New best val_AP=0.1946 (test=0.1877)
Epoch   2/200 [107.5s] | task=0.3614 distill=0.0037 | train_AP=0.1668 val_AP=0.2073 test_AP=0.1980
  -> New best val_AP=0.2073 (test=0.1980)
Epoch   3/200 [105.7s] | task=0.3609 distill=0.0049 | train_AP=0.1686 val_AP=0.2128 test_AP=0.2033
  -> New best val_AP=0.2128 (test=0.2033)
Epoch   4/200 [105.9s] | task=0.3591 distill=0.0186 | train_AP=0.1747 val_AP=0.2263 test_AP=0.2215
  -> New best val_AP=0.2263 (test=0.2215)
Epoch   5/200 [106.6s] | task=0.3511 distill=0.0829 | train_AP=0.2059 val_AP=0.2514 test_AP=0.2436
  -> New best val_AP=0.2514 (test=0.2436)
Epoch   6/200 [108.0s] | task=0.3410 distill=0.1124 | train_AP=0.2414 val_AP=0.2886 test_AP=0.2754
  -> New best val_AP=0.2886 (test=0.2754)
Epoch   7/200 [110.3s] | task=0.3304 distill=0.1224 | train_AP=0.2696 val_AP=0.3150 test_AP=0.2951
  -> New best val_AP=0.3150 (test=0.2951)
Epoch   8/200 [107.0s] | task=0.3150 distill=0.2078 | train_AP=0.3084 val_AP=0.3321 test_AP=0.3142
  -> New best val_AP=0.3321 (test=0.3142)
Epoch   9/200 [108.4s] | task=0.3016 distill=0.2377 | train_AP=0.3397 val_AP=0.3599 test_AP=0.3426
  -> New best val_AP=0.3599 (test=0.3426)
Epoch  10/200 [107.2s] | task=0.2982 distill=0.2460 | train_AP=0.3499 val_AP=0.3709 test_AP=0.3538
  -> New best val_AP=0.3709 (test=0.3538)
Epoch  11/200 [108.8s] | task=0.2936 distill=0.2417 | train_AP=0.3605 val_AP=0.3602 test_AP=0.3468
Epoch  12/200 [109.1s] | task=0.2865 distill=0.2527 | train_AP=0.3786 val_AP=0.3859 test_AP=0.3681
  -> New best val_AP=0.3859 (test=0.3681)
Epoch  13/200 [108.4s] | task=0.2850 distill=0.2514 | train_AP=0.3832 val_AP=0.3994 test_AP=0.3771
  -> New best val_AP=0.3994 (test=0.3771)
Epoch  14/200 [106.8s] | task=0.2799 distill=0.2528 | train_AP=0.3950 val_AP=0.3817 test_AP=0.3647
Epoch  15/200 [108.5s] | task=0.2798 distill=0.2593 | train_AP=0.3960 val_AP=0.4019 test_AP=0.3812
  -> New best val_AP=0.4019 (test=0.3812)
Epoch  16/200 [106.1s] | task=0.2775 distill=0.2590 | train_AP=0.4040 val_AP=0.4047 test_AP=0.3830
  -> New best val_AP=0.4047 (test=0.3830)
Epoch  17/200 [107.0s] | task=0.2722 distill=0.2577 | train_AP=0.4194 val_AP=0.4002 test_AP=0.3793
Epoch  18/200 [107.9s] | task=0.2734 distill=0.2534 | train_AP=0.4190 val_AP=0.4078 test_AP=0.3865
  -> New best val_AP=0.4078 (test=0.3865)
Epoch  19/200 [108.0s] | task=0.2682 distill=0.2570 | train_AP=0.4264 val_AP=0.4142 test_AP=0.3872
  -> New best val_AP=0.4142 (test=0.3872)
Epoch  20/200 [105.6s] | task=0.2667 distill=0.2516 | train_AP=0.4284 val_AP=0.4231 test_AP=0.4008
  -> New best val_AP=0.4231 (test=0.4008)
Epoch  21/200 [108.1s] | task=0.2673 distill=0.2571 | train_AP=0.4316 val_AP=0.4253 test_AP=0.4039
  -> New best val_AP=0.4253 (test=0.4039)
Epoch  22/200 [106.5s] | task=0.2621 distill=0.2580 | train_AP=0.4435 val_AP=0.4257 test_AP=0.4037
  -> New best val_AP=0.4257 (test=0.4037)
Epoch  23/200 [107.1s] | task=0.2642 distill=0.2636 | train_AP=0.4456 val_AP=0.4082 test_AP=0.3880
Epoch  24/200 [106.9s] | task=0.2643 distill=0.2739 | train_AP=0.4401 val_AP=0.4352 test_AP=0.4114
  -> New best val_AP=0.4352 (test=0.4114)
Epoch  25/200 [106.8s] | task=0.2569 distill=0.2714 | train_AP=0.4556 val_AP=0.4407 test_AP=0.4153
  -> New best val_AP=0.4407 (test=0.4153)
Epoch  26/200 [107.8s] | task=0.2554 distill=0.2690 | train_AP=0.4627 val_AP=0.4405 test_AP=0.4168
Epoch  27/200 [106.0s] | task=0.2561 distill=0.2729 | train_AP=0.4601 val_AP=0.4435 test_AP=0.4187
  -> New best val_AP=0.4435 (test=0.4187)
Epoch  28/200 [107.2s] | task=0.2540 distill=0.2777 | train_AP=0.4649 val_AP=0.4409 test_AP=0.4141
Epoch  29/200 [106.1s] | task=0.2534 distill=0.2774 | train_AP=0.4662 val_AP=0.4611 test_AP=0.4332
  -> New best val_AP=0.4611 (test=0.4332)
Epoch  30/200 [106.9s] | task=0.2514 distill=0.2862 | train_AP=0.4729 val_AP=0.4577 test_AP=0.4288
Epoch  31/200 [109.0s] | task=0.2507 distill=0.2818 | train_AP=0.4792 val_AP=0.4542 test_AP=0.4200
Epoch  32/200 [106.8s] | task=0.2493 distill=0.2849 | train_AP=0.4805 val_AP=0.4783 test_AP=0.4463
  -> New best val_AP=0.4783 (test=0.4463)
Epoch  33/200 [106.8s] | task=0.2459 distill=0.2855 | train_AP=0.4913 val_AP=0.4746 test_AP=0.4382
Epoch  34/200 [110.6s] | task=0.2457 distill=0.2934 | train_AP=0.4946 val_AP=0.4797 test_AP=0.4510
  -> New best val_AP=0.4797 (test=0.4510)
Epoch  35/200 [107.6s] | task=0.2421 distill=0.2899 | train_AP=0.5031 val_AP=0.4557 test_AP=0.4267
Epoch  36/200 [107.4s] | task=0.2429 distill=0.2924 | train_AP=0.5017 val_AP=0.4568 test_AP=0.4271
Epoch  37/200 [108.1s] | task=0.2415 distill=0.3008 | train_AP=0.5003 val_AP=0.4882 test_AP=0.4578
  -> New best val_AP=0.4882 (test=0.4578)
Epoch  38/200 [108.7s] | task=0.2382 distill=0.2937 | train_AP=0.5137 val_AP=0.4748 test_AP=0.4473
Epoch  39/200 [107.6s] | task=0.2398 distill=0.3005 | train_AP=0.5136 val_AP=0.4796 test_AP=0.4614
Epoch  40/200 [108.7s] | task=0.2362 distill=0.3042 | train_AP=0.5237 val_AP=0.4692 test_AP=0.4442
Epoch  41/200 [106.7s] | task=0.2343 distill=0.3011 | train_AP=0.5273 val_AP=0.4942 test_AP=0.4654
  -> New best val_AP=0.4942 (test=0.4654)
Epoch  42/200 [107.7s] | task=0.2367 distill=0.3038 | train_AP=0.5261 val_AP=0.5145 test_AP=0.4859
  -> New best val_AP=0.5145 (test=0.4859)
Epoch  43/200 [110.3s] | task=0.2356 distill=0.3086 | train_AP=0.5273 val_AP=0.4923 test_AP=0.4659
Epoch  44/200 [108.1s] | task=0.2330 distill=0.3071 | train_AP=0.5331 val_AP=0.5034 test_AP=0.4802
Epoch  45/200 [107.5s] | task=0.2320 distill=0.3076 | train_AP=0.5368 val_AP=0.4911 test_AP=0.4615
Epoch  46/200 [107.6s] | task=0.2314 distill=0.3054 | train_AP=0.5339 val_AP=0.4964 test_AP=0.4734
Epoch  47/200 [108.2s] | task=0.2283 distill=0.3060 | train_AP=0.5451 val_AP=0.5127 test_AP=0.4891
Epoch  48/200 [107.8s] | task=0.2266 distill=0.3076 | train_AP=0.5556 val_AP=0.4850 test_AP=0.4533
Epoch  49/200 [107.8s] | task=0.2254 distill=0.3023 | train_AP=0.5499 val_AP=0.5151 test_AP=0.4854
  -> New best val_AP=0.5151 (test=0.4854)
Epoch  50/200 [106.0s] | task=0.2249 distill=0.3055 | train_AP=0.5573 val_AP=0.5136 test_AP=0.4853
Epoch  51/200 [107.3s] | task=0.2236 distill=0.3043 | train_AP=0.5606 val_AP=0.5119 test_AP=0.4823
Epoch  52/200 [107.0s] | task=0.2216 distill=0.3094 | train_AP=0.5659 val_AP=0.5152 test_AP=0.4884
  -> New best val_AP=0.5152 (test=0.4884)
Epoch  53/200 [109.6s] | task=0.2218 distill=0.3087 | train_AP=0.5650 val_AP=0.4913 test_AP=0.4681
Epoch  54/200 [106.7s] | task=0.2209 distill=0.3099 | train_AP=0.5713 val_AP=0.5188 test_AP=0.4837
  -> New best val_AP=0.5188 (test=0.4837)
Epoch  55/200 [107.9s] | task=0.2191 distill=0.3069 | train_AP=0.5746 val_AP=0.5079 test_AP=0.4742
Epoch  56/200 [107.2s] | task=0.2168 distill=0.3097 | train_AP=0.5785 val_AP=0.5130 test_AP=0.4858
Epoch  57/200 [107.3s] | task=0.2159 distill=0.3069 | train_AP=0.5824 val_AP=0.5143 test_AP=0.4769
Epoch  58/200 [111.4s] | task=0.2155 distill=0.3074 | train_AP=0.5842 val_AP=0.5300 test_AP=0.4966
  -> New best val_AP=0.5300 (test=0.4966)
Epoch  59/200 [107.4s] | task=0.2143 distill=0.3042 | train_AP=0.5890 val_AP=0.5079 test_AP=0.4770
Epoch  60/200 [107.7s] | task=0.2110 distill=0.3155 | train_AP=0.5977 val_AP=0.5246 test_AP=0.4913
Epoch  61/200 [109.3s] | task=0.2113 distill=0.3096 | train_AP=0.5952 val_AP=0.5129 test_AP=0.4870
Epoch  62/200 [108.0s] | task=0.2111 distill=0.3111 | train_AP=0.5983 val_AP=0.5299 test_AP=0.5006
Epoch  63/200 [107.4s] | task=0.2088 distill=0.3101 | train_AP=0.6010 val_AP=0.5208 test_AP=0.4926
Epoch  64/200 [107.0s] | task=0.2083 distill=0.3089 | train_AP=0.6053 val_AP=0.5039 test_AP=0.4739
Epoch  65/200 [107.9s] | task=0.2070 distill=0.3087 | train_AP=0.6083 val_AP=0.5138 test_AP=0.4900
Epoch  66/200 [108.3s] | task=0.2062 distill=0.3098 | train_AP=0.6152 val_AP=0.5204 test_AP=0.4948
Epoch  67/200 [108.6s] | task=0.2029 distill=0.3086 | train_AP=0.6179 val_AP=0.5286 test_AP=0.4977
Epoch  68/200 [107.3s] | task=0.2037 distill=0.3087 | train_AP=0.6152 val_AP=0.5235 test_AP=0.5014
Epoch  69/200 [108.5s] | task=0.2027 distill=0.3082 | train_AP=0.6192 val_AP=0.5266 test_AP=0.4969
Epoch  70/200 [108.9s] | task=0.2026 distill=0.3158 | train_AP=0.6206 val_AP=0.5457 test_AP=0.5228
  -> New best val_AP=0.5457 (test=0.5228)
Epoch  71/200 [104.1s] | task=0.2015 distill=0.3121 | train_AP=0.6242 val_AP=0.5242 test_AP=0.5017
Epoch  72/200 [106.1s] | task=0.1993 distill=0.3104 | train_AP=0.6310 val_AP=0.5380 test_AP=0.5180
Epoch  73/200 [107.4s] | task=0.1985 distill=0.3140 | train_AP=0.6289 val_AP=0.5430 test_AP=0.5130
Epoch  74/200 [106.8s] | task=0.1974 distill=0.3132 | train_AP=0.6327 val_AP=0.5200 test_AP=0.4998
Epoch  75/200 [106.5s] | task=0.1965 distill=0.3100 | train_AP=0.6383 val_AP=0.5345 test_AP=0.5128
Epoch  76/200 [106.2s] | task=0.1964 distill=0.3123 | train_AP=0.6400 val_AP=0.5481 test_AP=0.5240
  -> New best val_AP=0.5481 (test=0.5240)
Epoch  77/200 [107.6s] | task=0.1931 distill=0.3153 | train_AP=0.6481 val_AP=0.5176 test_AP=0.4969
Epoch  78/200 [108.9s] | task=0.1926 distill=0.3140 | train_AP=0.6485 val_AP=0.5228 test_AP=0.5037
Epoch  79/200 [108.4s] | task=0.1907 distill=0.3099 | train_AP=0.6543 val_AP=0.5338 test_AP=0.5029
Epoch  80/200 [107.3s] | task=0.1915 distill=0.3122 | train_AP=0.6526 val_AP=0.5591 test_AP=0.5375
  -> New best val_AP=0.5591 (test=0.5375)
Epoch  81/200 [108.8s] | task=0.1882 distill=0.3145 | train_AP=0.6621 val_AP=0.5371 test_AP=0.5183
Epoch  82/200 [110.4s] | task=0.1891 distill=0.3116 | train_AP=0.6611 val_AP=0.5196 test_AP=0.5015
Epoch  83/200 [107.0s] | task=0.1878 distill=0.3126 | train_AP=0.6586 val_AP=0.5526 test_AP=0.5193
Epoch  84/200 [106.4s] | task=0.1866 distill=0.3113 | train_AP=0.6641 val_AP=0.5400 test_AP=0.5177
Epoch  85/200 [107.9s] | task=0.1865 distill=0.3137 | train_AP=0.6632 val_AP=0.5284 test_AP=0.5065
Epoch  86/200 [106.6s] | task=0.1859 distill=0.3083 | train_AP=0.6638 val_AP=0.5559 test_AP=0.5327
Epoch  87/200 [109.4s] | task=0.1853 distill=0.3112 | train_AP=0.6672 val_AP=0.5370 test_AP=0.5229
Epoch  88/200 [106.9s] | task=0.1831 distill=0.3100 | train_AP=0.6711 val_AP=0.5496 test_AP=0.5292
Epoch  89/200 [108.7s] | task=0.1823 distill=0.3096 | train_AP=0.6757 val_AP=0.5269 test_AP=0.5094
Epoch  90/200 [106.9s] | task=0.1798 distill=0.3102 | train_AP=0.6797 val_AP=0.5203 test_AP=0.5081
Epoch  91/200 [109.6s] | task=0.1800 distill=0.3117 | train_AP=0.6834 val_AP=0.5313 test_AP=0.5124
Epoch  92/200 [107.4s] | task=0.1771 distill=0.3098 | train_AP=0.6913 val_AP=0.5338 test_AP=0.5160
Epoch  93/200 [109.0s] | task=0.1781 distill=0.3124 | train_AP=0.6836 val_AP=0.5481 test_AP=0.5383
Epoch  94/200 [108.5s] | task=0.1757 distill=0.3111 | train_AP=0.6914 val_AP=0.5356 test_AP=0.5241
Epoch  95/200 [109.0s] | task=0.1756 distill=0.3109 | train_AP=0.6914 val_AP=0.5465 test_AP=0.5312
Epoch  96/200 [106.9s] | task=0.1734 distill=0.3126 | train_AP=0.6963 val_AP=0.5432 test_AP=0.5274
Epoch  97/200 [108.8s] | task=0.1739 distill=0.3127 | train_AP=0.6944 val_AP=0.5508 test_AP=0.5361
Epoch  98/200 [108.4s] | task=0.1705 distill=0.3114 | train_AP=0.7027 val_AP=0.5275 test_AP=0.5146
Epoch  99/200 [109.0s] | task=0.1700 distill=0.3125 | train_AP=0.7026 val_AP=0.5391 test_AP=0.5244
Epoch 100/200 [107.1s] | task=0.1688 distill=0.3128 | train_AP=0.7094 val_AP=0.5461 test_AP=0.5351
Epoch 101/200 [107.1s] | task=0.1681 distill=0.3109 | train_AP=0.7086 val_AP=0.5344 test_AP=0.5223
Epoch 102/200 [109.1s] | task=0.1683 distill=0.3115 | train_AP=0.7052 val_AP=0.5399 test_AP=0.5259
Epoch 103/200 [108.6s] | task=0.1657 distill=0.3117 | train_AP=0.7129 val_AP=0.5264 test_AP=0.5244
Epoch 104/200 [109.0s] | task=0.1665 distill=0.3108 | train_AP=0.7151 val_AP=0.5603 test_AP=0.5444
  -> New best val_AP=0.5603 (test=0.5444)
Epoch 105/200 [106.5s] | task=0.1634 distill=0.3102 | train_AP=0.7214 val_AP=0.5510 test_AP=0.5346
Epoch 106/200 [107.3s] | task=0.1633 distill=0.3119 | train_AP=0.7208 val_AP=0.5333 test_AP=0.5286
Epoch 107/200 [107.3s] | task=0.1622 distill=0.3109 | train_AP=0.7214 val_AP=0.5532 test_AP=0.5380
Epoch 108/200 [107.4s] | task=0.1606 distill=0.3103 | train_AP=0.7249 val_AP=0.5389 test_AP=0.5323
Epoch 109/200 [106.8s] | task=0.1599 distill=0.3103 | train_AP=0.7288 val_AP=0.5609 test_AP=0.5474
  -> New best val_AP=0.5609 (test=0.5474)
Epoch 110/200 [108.2s] | task=0.1593 distill=0.3103 | train_AP=0.7291 val_AP=0.5534 test_AP=0.5425
Epoch 111/200 [108.6s] | task=0.1598 distill=0.3134 | train_AP=0.7287 val_AP=0.5521 test_AP=0.5395
Epoch 112/200 [108.7s] | task=0.1564 distill=0.3112 | train_AP=0.7366 val_AP=0.5425 test_AP=0.5328
Epoch 113/200 [107.6s] | task=0.1570 distill=0.3115 | train_AP=0.7337 val_AP=0.5596 test_AP=0.5453
Epoch 114/200 [108.1s] | task=0.1555 distill=0.3110 | train_AP=0.7376 val_AP=0.5597 test_AP=0.5460
Epoch 115/200 [108.1s] | task=0.1532 distill=0.3086 | train_AP=0.7419 val_AP=0.5563 test_AP=0.5387
Epoch 116/200 [107.0s] | task=0.1539 distill=0.3084 | train_AP=0.7433 val_AP=0.5589 test_AP=0.5491
Epoch 117/200 [107.0s] | task=0.1507 distill=0.3087 | train_AP=0.7500 val_AP=0.5601 test_AP=0.5516
Epoch 118/200 [108.6s] | task=0.1517 distill=0.3099 | train_AP=0.7448 val_AP=0.5615 test_AP=0.5450
  -> New best val_AP=0.5615 (test=0.5450)
Epoch 119/200 [107.9s] | task=0.1495 distill=0.3081 | train_AP=0.7499 val_AP=0.5423 test_AP=0.5315
Epoch 120/200 [110.2s] | task=0.1487 distill=0.3112 | train_AP=0.7532 val_AP=0.5451 test_AP=0.5389
Epoch 121/200 [108.0s] | task=0.1491 distill=0.3097 | train_AP=0.7554 val_AP=0.5571 test_AP=0.5491
Epoch 122/200 [108.8s] | task=0.1471 distill=0.3088 | train_AP=0.7556 val_AP=0.5596 test_AP=0.5484
Epoch 123/200 [109.1s] | task=0.1465 distill=0.3089 | train_AP=0.7597 val_AP=0.5468 test_AP=0.5370
Epoch 124/200 [107.9s] | task=0.1451 distill=0.3083 | train_AP=0.7637 val_AP=0.5448 test_AP=0.5309
Epoch 125/200 [107.9s] | task=0.1463 distill=0.3095 | train_AP=0.7616 val_AP=0.5443 test_AP=0.5385
Epoch 126/200 [106.8s] | task=0.1436 distill=0.3084 | train_AP=0.7633 val_AP=0.5515 test_AP=0.5391
Epoch 127/200 [108.5s] | task=0.1434 distill=0.3082 | train_AP=0.7666 val_AP=0.5604 test_AP=0.5465
Epoch 128/200 [107.8s] | task=0.1422 distill=0.3088 | train_AP=0.7670 val_AP=0.5610 test_AP=0.5446
Epoch 129/200 [106.5s] | task=0.1402 distill=0.3077 | train_AP=0.7729 val_AP=0.5498 test_AP=0.5362
Epoch 130/200 [108.5s] | task=0.1394 distill=0.3081 | train_AP=0.7752 val_AP=0.5603 test_AP=0.5495
Epoch 131/200 [107.9s] | task=0.1392 distill=0.3085 | train_AP=0.7717 val_AP=0.5639 test_AP=0.5462
  -> New best val_AP=0.5639 (test=0.5462)
Epoch 132/200 [108.7s] | task=0.1386 distill=0.3079 | train_AP=0.7764 val_AP=0.5528 test_AP=0.5379
Epoch 133/200 [107.0s] | task=0.1371 distill=0.3075 | train_AP=0.7780 val_AP=0.5620 test_AP=0.5476
Epoch 134/200 [110.3s] | task=0.1385 distill=0.3069 | train_AP=0.7763 val_AP=0.5584 test_AP=0.5480
Epoch 135/200 [107.8s] | task=0.1357 distill=0.3088 | train_AP=0.7835 val_AP=0.5579 test_AP=0.5442
Epoch 136/200 [108.6s] | task=0.1350 distill=0.3071 | train_AP=0.7837 val_AP=0.5583 test_AP=0.5421
Epoch 137/200 [107.7s] | task=0.1349 distill=0.3084 | train_AP=0.7848 val_AP=0.5633 test_AP=0.5494
Epoch 138/200 [109.6s] | task=0.1351 distill=0.3070 | train_AP=0.7857 val_AP=0.5678 test_AP=0.5517
  -> New best val_AP=0.5678 (test=0.5517)
Epoch 139/200 [107.5s] | task=0.1326 distill=0.3079 | train_AP=0.7897 val_AP=0.5662 test_AP=0.5541
Epoch 140/200 [109.1s] | task=0.1314 distill=0.3067 | train_AP=0.7912 val_AP=0.5577 test_AP=0.5435
Epoch 141/200 [107.3s] | task=0.1314 distill=0.3069 | train_AP=0.7921 val_AP=0.5588 test_AP=0.5498
Epoch 142/200 [106.1s] | task=0.1313 distill=0.3053 | train_AP=0.7910 val_AP=0.5518 test_AP=0.5395
Epoch 143/200 [107.7s] | task=0.1301 distill=0.3072 | train_AP=0.7950 val_AP=0.5640 test_AP=0.5507
Epoch 144/200 [107.9s] | task=0.1301 distill=0.3053 | train_AP=0.7930 val_AP=0.5594 test_AP=0.5478
Epoch 145/200 [108.5s] | task=0.1283 distill=0.3059 | train_AP=0.7976 val_AP=0.5498 test_AP=0.5373
Epoch 146/200 [107.8s] | task=0.1277 distill=0.3061 | train_AP=0.7972 val_AP=0.5559 test_AP=0.5426
Epoch 147/200 [107.7s] | task=0.1263 distill=0.3061 | train_AP=0.8026 val_AP=0.5565 test_AP=0.5412
Epoch 148/200 [107.1s] | task=0.1262 distill=0.3060 | train_AP=0.8008 val_AP=0.5526 test_AP=0.5420
Epoch 149/200 [106.7s] | task=0.1260 distill=0.3058 | train_AP=0.8030 val_AP=0.5523 test_AP=0.5413
Epoch 150/200 [108.3s] | task=0.1252 distill=0.3048 | train_AP=0.8054 val_AP=0.5529 test_AP=0.5396
Epoch 151/200 [110.5s] | task=0.1241 distill=0.3064 | train_AP=0.8054 val_AP=0.5652 test_AP=0.5510
Epoch 152/200 [109.0s] | task=0.1240 distill=0.3048 | train_AP=0.8085 val_AP=0.5644 test_AP=0.5501
Epoch 153/200 [107.5s] | task=0.1230 distill=0.3046 | train_AP=0.8058 val_AP=0.5541 test_AP=0.5434
Epoch 154/200 [106.9s] | task=0.1229 distill=0.3052 | train_AP=0.8059 val_AP=0.5487 test_AP=0.5398
Epoch 155/200 [106.9s] | task=0.1225 distill=0.3045 | train_AP=0.8096 val_AP=0.5599 test_AP=0.5479
Epoch 156/200 [107.2s] | task=0.1221 distill=0.3054 | train_AP=0.8083 val_AP=0.5535 test_AP=0.5413
Epoch 157/200 [108.1s] | task=0.1203 distill=0.3045 | train_AP=0.8146 val_AP=0.5550 test_AP=0.5441
Epoch 158/200 [109.0s] | task=0.1206 distill=0.3041 | train_AP=0.8132 val_AP=0.5550 test_AP=0.5394
Epoch 159/200 [108.6s] | task=0.1201 distill=0.3045 | train_AP=0.8142 val_AP=0.5616 test_AP=0.5465
Epoch 160/200 [108.7s] | task=0.1191 distill=0.3038 | train_AP=0.8155 val_AP=0.5522 test_AP=0.5393
Epoch 161/200 [106.6s] | task=0.1200 distill=0.3040 | train_AP=0.8148 val_AP=0.5640 test_AP=0.5514
Epoch 162/200 [105.9s] | task=0.1183 distill=0.3040 | train_AP=0.8165 val_AP=0.5601 test_AP=0.5449
Epoch 163/200 [107.2s] | task=0.1182 distill=0.3042 | train_AP=0.8177 val_AP=0.5553 test_AP=0.5421
Epoch 164/200 [104.6s] | task=0.1181 distill=0.3038 | train_AP=0.8182 val_AP=0.5591 test_AP=0.5459
Epoch 165/200 [107.7s] | task=0.1168 distill=0.3033 | train_AP=0.8211 val_AP=0.5596 test_AP=0.5481
Epoch 166/200 [106.9s] | task=0.1176 distill=0.3039 | train_AP=0.8228 val_AP=0.5522 test_AP=0.5409
Epoch 167/200 [108.6s] | task=0.1167 distill=0.3031 | train_AP=0.8212 val_AP=0.5607 test_AP=0.5461
Epoch 168/200 [108.0s] | task=0.1162 distill=0.3027 | train_AP=0.8244 val_AP=0.5585 test_AP=0.5442
Early stopping at epoch 168.

Done. Baseline val_AP=0.1769 | Best distilled val_AP=0.5678 at epoch 138
