
============================================================
PRETRAIN: Train Model from scratch
  backbone=vanilla_gt
  hidden_dim=512, num_layers=1, num_heads=8
  s1_lr=3e-05, s1_weight_decay=0.0003, dropout=0.1
  s1_max_epochs=300, s1_patience=50
============================================================
  Parameters: 3,770,378
Epoch   1/300 [6.2s mem=13799MB] | train_loss=0.4496 train_AP=0.1650 | val_loss=0.3590 val_AP=0.1882
  -> New best: val_loss=0.3590 val_AP=0.1882, saved
Epoch   2/300 [5.7s mem=13802MB] | train_loss=0.3594 train_AP=0.1665 | val_loss=0.3573 val_AP=0.1976
  -> New best: val_loss=0.3573 val_AP=0.1976, saved
Epoch   3/300 [5.9s mem=13797MB] | train_loss=0.3588 train_AP=0.1670 | val_loss=0.3569 val_AP=0.2082
  -> New best: val_loss=0.3569 val_AP=0.2082, saved
Epoch   4/300 [5.9s mem=13790MB] | train_loss=0.3582 train_AP=0.1674 | val_loss=0.3561 val_AP=0.2233
  -> New best: val_loss=0.3561 val_AP=0.2233, saved
Epoch   5/300 [5.8s mem=13804MB] | train_loss=0.3554 train_AP=0.1825 | val_loss=0.3498 val_AP=0.2309
  -> New best: val_loss=0.3498 val_AP=0.2309, saved
Epoch   6/300 [5.9s mem=13799MB] | train_loss=0.3493 train_AP=0.2089 | val_loss=0.3415 val_AP=0.2521
  -> New best: val_loss=0.3415 val_AP=0.2521, saved
Epoch   7/300 [6.0s mem=13794MB] | train_loss=0.3402 train_AP=0.2434 | val_loss=0.3313 val_AP=0.2852
  -> New best: val_loss=0.3313 val_AP=0.2852, saved
Epoch   8/300 [6.1s mem=13803MB] | train_loss=0.3291 train_AP=0.2736 | val_loss=0.3183 val_AP=0.3146
  -> New best: val_loss=0.3183 val_AP=0.3146, saved
Epoch   9/300 [6.1s mem=13803MB] | train_loss=0.3189 train_AP=0.3007 | val_loss=0.3106 val_AP=0.3281
  -> New best: val_loss=0.3106 val_AP=0.3281, saved
Epoch  10/300 [6.0s mem=13798MB] | train_loss=0.3132 train_AP=0.3179 | val_loss=0.3083 val_AP=0.3397 | test_AP=0.3409
  -> New best: val_loss=0.3083 val_AP=0.3397, saved
Epoch  11/300 [5.9s mem=13791MB] | train_loss=0.3081 train_AP=0.3317 | val_loss=0.3001 val_AP=0.3501
  -> New best: val_loss=0.3001 val_AP=0.3501, saved
Epoch  12/300 [5.9s mem=13795MB] | train_loss=0.3017 train_AP=0.3484 | val_loss=0.2947 val_AP=0.3648
  -> New best: val_loss=0.2947 val_AP=0.3648, saved
Epoch  13/300 [5.9s mem=13796MB] | train_loss=0.2971 train_AP=0.3592 | val_loss=0.2912 val_AP=0.3748
  -> New best: val_loss=0.2912 val_AP=0.3748, saved
Epoch  14/300 [5.9s mem=13797MB] | train_loss=0.2935 train_AP=0.3701 | val_loss=0.2934 val_AP=0.3810
  -> New best: val_loss=0.2912 val_AP=0.3810, saved
Epoch  15/300 [5.9s mem=13805MB] | train_loss=0.2901 train_AP=0.3803 | val_loss=0.2864 val_AP=0.3927
  -> New best: val_loss=0.2864 val_AP=0.3927, saved
Epoch  16/300 [5.9s mem=13799MB] | train_loss=0.2875 train_AP=0.3876 | val_loss=0.2841 val_AP=0.4065
  -> New best: val_loss=0.2841 val_AP=0.4065, saved
Epoch  17/300 [5.9s mem=13735MB] | train_loss=0.2844 train_AP=0.3956 | val_loss=0.2803 val_AP=0.4127
  -> New best: val_loss=0.2803 val_AP=0.4127, saved
Epoch  18/300 [5.9s mem=13804MB] | train_loss=0.2818 train_AP=0.4050 | val_loss=0.2805 val_AP=0.4213
  -> New best: val_loss=0.2803 val_AP=0.4213, saved
Epoch  19/300 [6.0s mem=13799MB] | train_loss=0.2800 train_AP=0.4109 | val_loss=0.2788 val_AP=0.4283
  -> New best: val_loss=0.2788 val_AP=0.4283, saved
Epoch  20/300 [6.0s mem=13797MB] | train_loss=0.2780 train_AP=0.4153 | val_loss=0.2789 val_AP=0.4348 | test_AP=0.4141
  -> New best: val_loss=0.2788 val_AP=0.4348, saved
Epoch  21/300 [6.2s mem=13796MB] | train_loss=0.2759 train_AP=0.4189 | val_loss=0.2744 val_AP=0.4383
  -> New best: val_loss=0.2744 val_AP=0.4383, saved
Epoch  22/300 [6.2s mem=13799MB] | train_loss=0.2745 train_AP=0.4258 | val_loss=0.2724 val_AP=0.4426
  -> New best: val_loss=0.2724 val_AP=0.4426, saved
Epoch  23/300 [6.3s mem=13787MB] | train_loss=0.2724 train_AP=0.4299 | val_loss=0.2725 val_AP=0.4474
  -> New best: val_loss=0.2724 val_AP=0.4474, saved
Epoch  24/300 [6.1s mem=13805MB] | train_loss=0.2704 train_AP=0.4343 | val_loss=0.2716 val_AP=0.4531
  -> New best: val_loss=0.2716 val_AP=0.4531, saved
Epoch  25/300 [6.0s mem=13796MB] | train_loss=0.2685 train_AP=0.4360 | val_loss=0.2676 val_AP=0.4583
  -> New best: val_loss=0.2676 val_AP=0.4583, saved
Epoch  26/300 [6.0s mem=13793MB] | train_loss=0.2672 train_AP=0.4403 | val_loss=0.2663 val_AP=0.4579
  -> New best: val_loss=0.2663 val_AP=0.4583, saved
Epoch  27/300 [6.0s mem=13803MB] | train_loss=0.2655 train_AP=0.4483 | val_loss=0.2663 val_AP=0.4589
  -> New best: val_loss=0.2663 val_AP=0.4589, saved
Epoch  28/300 [6.0s mem=13801MB] | train_loss=0.2655 train_AP=0.4446 | val_loss=0.2666 val_AP=0.4610
  -> New best: val_loss=0.2663 val_AP=0.4610, saved
Epoch  29/300 [6.0s mem=13800MB] | train_loss=0.2648 train_AP=0.4467 | val_loss=0.2653 val_AP=0.4657
  -> New best: val_loss=0.2653 val_AP=0.4657, saved
Epoch  30/300 [6.0s mem=13799MB] | train_loss=0.2632 train_AP=0.4508 | val_loss=0.2622 val_AP=0.4708 | test_AP=0.4447
  -> New best: val_loss=0.2622 val_AP=0.4708, saved
Epoch  31/300 [6.0s mem=13790MB] | train_loss=0.2626 train_AP=0.4538 | val_loss=0.2646 val_AP=0.4739
  -> New best: val_loss=0.2622 val_AP=0.4739, saved
Epoch  32/300 [6.0s mem=13798MB] | train_loss=0.2604 train_AP=0.4532 | val_loss=0.2619 val_AP=0.4772
  -> New best: val_loss=0.2619 val_AP=0.4772, saved
Epoch  33/300 [6.1s mem=13797MB] | train_loss=0.2593 train_AP=0.4575 | val_loss=0.2608 val_AP=0.4788
  -> New best: val_loss=0.2608 val_AP=0.4788, saved
Epoch  34/300 [6.3s mem=13803MB] | train_loss=0.2581 train_AP=0.4610 | val_loss=0.2600 val_AP=0.4800
  -> New best: val_loss=0.2600 val_AP=0.4800, saved
Epoch  35/300 [6.3s mem=13802MB] | train_loss=0.2578 train_AP=0.4599 | val_loss=0.2601 val_AP=0.4791
Epoch  36/300 [6.3s mem=13810MB] | train_loss=0.2564 train_AP=0.4648 | val_loss=0.2580 val_AP=0.4830
  -> New best: val_loss=0.2580 val_AP=0.4830, saved
Epoch  37/300 [6.1s mem=13798MB] | train_loss=0.2558 train_AP=0.4674 | val_loss=0.2568 val_AP=0.4863
  -> New best: val_loss=0.2568 val_AP=0.4863, saved
Epoch  38/300 [6.1s mem=13809MB] | train_loss=0.2552 train_AP=0.4698 | val_loss=0.2600 val_AP=0.4806
Epoch  39/300 [6.0s mem=13791MB] | train_loss=0.2538 train_AP=0.4707 | val_loss=0.2592 val_AP=0.4866
  -> New best: val_loss=0.2568 val_AP=0.4866, saved
Epoch  40/300 [6.0s mem=13796MB] | train_loss=0.2522 train_AP=0.4748 | val_loss=0.2545 val_AP=0.4910 | test_AP=0.4652
  -> New best: val_loss=0.2545 val_AP=0.4910, saved
Epoch  41/300 [6.1s mem=13801MB] | train_loss=0.2531 train_AP=0.4738 | val_loss=0.2560 val_AP=0.4927
  -> New best: val_loss=0.2545 val_AP=0.4927, saved
Epoch  42/300 [6.0s mem=13809MB] | train_loss=0.2531 train_AP=0.4746 | val_loss=0.2579 val_AP=0.4903
Epoch  43/300 [6.0s mem=13807MB] | train_loss=0.2505 train_AP=0.4763 | val_loss=0.2590 val_AP=0.4951
  -> New best: val_loss=0.2545 val_AP=0.4951, saved
Epoch  44/300 [6.0s mem=13736MB] | train_loss=0.2512 train_AP=0.4755 | val_loss=0.2559 val_AP=0.4923
Epoch  45/300 [6.0s mem=13801MB] | train_loss=0.2511 train_AP=0.4772 | val_loss=0.2533 val_AP=0.4984
  -> New best: val_loss=0.2533 val_AP=0.4984, saved
Epoch  46/300 [6.1s mem=13783MB] | train_loss=0.2493 train_AP=0.4846 | val_loss=0.2569 val_AP=0.4970
Epoch  47/300 [6.0s mem=13800MB] | train_loss=0.2482 train_AP=0.4852 | val_loss=0.2528 val_AP=0.5011
  -> New best: val_loss=0.2528 val_AP=0.5011, saved
Epoch  48/300 [6.0s mem=13793MB] | train_loss=0.2477 train_AP=0.4867 | val_loss=0.2564 val_AP=0.4942
Epoch  49/300 [6.0s mem=13794MB] | train_loss=0.2472 train_AP=0.4844 | val_loss=0.2540 val_AP=0.4988
Epoch  50/300 [5.9s mem=13805MB] | train_loss=0.2460 train_AP=0.4927 | val_loss=0.2557 val_AP=0.4993 | test_AP=0.4725
Epoch  51/300 [6.0s mem=13790MB] | train_loss=0.2460 train_AP=0.4905 | val_loss=0.2528 val_AP=0.5038
  -> New best: val_loss=0.2528 val_AP=0.5038, saved
Epoch  52/300 [6.1s mem=13803MB] | train_loss=0.2455 train_AP=0.4949 | val_loss=0.2512 val_AP=0.5052
  -> New best: val_loss=0.2512 val_AP=0.5052, saved
Epoch  53/300 [6.0s mem=13802MB] | train_loss=0.2451 train_AP=0.4933 | val_loss=0.2532 val_AP=0.5065
  -> New best: val_loss=0.2512 val_AP=0.5065, saved
Epoch  54/300 [5.9s mem=13799MB] | train_loss=0.2446 train_AP=0.4983 | val_loss=0.2518 val_AP=0.5057
Epoch  55/300 [6.0s mem=13794MB] | train_loss=0.2432 train_AP=0.4978 | val_loss=0.2524 val_AP=0.5017
Epoch  56/300 [6.0s mem=13809MB] | train_loss=0.2437 train_AP=0.4981 | val_loss=0.2486 val_AP=0.5120
  -> New best: val_loss=0.2486 val_AP=0.5120, saved
Epoch  57/300 [6.3s mem=13803MB] | train_loss=0.2435 train_AP=0.4979 | val_loss=0.2529 val_AP=0.5087
Epoch  58/300 [6.1s mem=13788MB] | train_loss=0.2419 train_AP=0.5027 | val_loss=0.2530 val_AP=0.5102
Epoch  59/300 [6.2s mem=13789MB] | train_loss=0.2414 train_AP=0.5074 | val_loss=0.2570 val_AP=0.5119
Epoch  60/300 [6.0s mem=13802MB] | train_loss=0.2405 train_AP=0.5066 | val_loss=0.2561 val_AP=0.5054 | test_AP=0.4800
Epoch  61/300 [6.0s mem=13796MB] | train_loss=0.2407 train_AP=0.5062 | val_loss=0.2488 val_AP=0.5151
  -> New best: val_loss=0.2486 val_AP=0.5151, saved
Epoch  62/300 [6.1s mem=13796MB] | train_loss=0.2390 train_AP=0.5108 | val_loss=0.2494 val_AP=0.5131
Epoch  63/300 [6.0s mem=13798MB] | train_loss=0.2407 train_AP=0.5049 | val_loss=0.2485 val_AP=0.5200
  -> New best: val_loss=0.2485 val_AP=0.5200, saved
Epoch  64/300 [6.2s mem=13796MB] | train_loss=0.2404 train_AP=0.5065 | val_loss=0.2515 val_AP=0.5181
Epoch  65/300 [5.9s mem=13798MB] | train_loss=0.2384 train_AP=0.5177 | val_loss=0.2484 val_AP=0.5169
  -> New best: val_loss=0.2484 val_AP=0.5200, saved
Epoch  66/300 [6.3s mem=13788MB] | train_loss=0.2384 train_AP=0.5160 | val_loss=0.2487 val_AP=0.5115
Epoch  67/300 [6.0s mem=13803MB] | train_loss=0.2371 train_AP=0.5174 | val_loss=0.2477 val_AP=0.5204
  -> New best: val_loss=0.2477 val_AP=0.5204, saved
Epoch  68/300 [6.1s mem=13784MB] | train_loss=0.2369 train_AP=0.5182 | val_loss=0.2457 val_AP=0.5220
  -> New best: val_loss=0.2457 val_AP=0.5220, saved
Epoch  69/300 [6.1s mem=13798MB] | train_loss=0.2365 train_AP=0.5209 | val_loss=0.2455 val_AP=0.5200
  -> New best: val_loss=0.2455 val_AP=0.5220, saved
Epoch  70/300 [6.1s mem=13733MB] | train_loss=0.2355 train_AP=0.5212 | val_loss=0.2488 val_AP=0.5199 | test_AP=0.4968
Epoch  71/300 [6.0s mem=13799MB] | train_loss=0.2361 train_AP=0.5237 | val_loss=0.2467 val_AP=0.5240
  -> New best: val_loss=0.2455 val_AP=0.5240, saved
Epoch  72/300 [6.0s mem=13788MB] | train_loss=0.2352 train_AP=0.5259 | val_loss=0.2500 val_AP=0.5200
Epoch  73/300 [6.0s mem=13797MB] | train_loss=0.2345 train_AP=0.5239 | val_loss=0.2491 val_AP=0.5175
Epoch  74/300 [6.0s mem=13799MB] | train_loss=0.2343 train_AP=0.5277 | val_loss=0.2493 val_AP=0.5249
  -> New best: val_loss=0.2455 val_AP=0.5249, saved
Epoch  75/300 [6.0s mem=13788MB] | train_loss=0.2371 train_AP=0.5197 | val_loss=0.2461 val_AP=0.5264
  -> New best: val_loss=0.2455 val_AP=0.5264, saved
Epoch  76/300 [6.0s mem=13747MB] | train_loss=0.2338 train_AP=0.5319 | val_loss=0.2450 val_AP=0.5311
  -> New best: val_loss=0.2450 val_AP=0.5311, saved
Epoch  77/300 [6.0s mem=13799MB] | train_loss=0.2321 train_AP=0.5347 | val_loss=0.2467 val_AP=0.5231
Epoch  78/300 [6.2s mem=13795MB] | train_loss=0.2332 train_AP=0.5310 | val_loss=0.2451 val_AP=0.5277
Epoch  79/300 [6.1s mem=13798MB] | train_loss=0.2323 train_AP=0.5349 | val_loss=0.2452 val_AP=0.5265
Epoch  80/300 [6.0s mem=13789MB] | train_loss=0.2321 train_AP=0.5344 | val_loss=0.2451 val_AP=0.5328 | test_AP=0.5074
  -> New best: val_loss=0.2450 val_AP=0.5328, saved
Epoch  81/300 [6.0s mem=13786MB] | train_loss=0.2301 train_AP=0.5382 | val_loss=0.2439 val_AP=0.5329
  -> New best: val_loss=0.2439 val_AP=0.5329, saved
Epoch  82/300 [6.0s mem=13804MB] | train_loss=0.2309 train_AP=0.5388 | val_loss=0.2440 val_AP=0.5369
  -> New best: val_loss=0.2439 val_AP=0.5369, saved
Epoch  83/300 [6.0s mem=13796MB] | train_loss=0.2309 train_AP=0.5391 | val_loss=0.2453 val_AP=0.5302
Epoch  84/300 [6.2s mem=13802MB] | train_loss=0.2318 train_AP=0.5376 | val_loss=0.2495 val_AP=0.5211
Epoch  85/300 [6.2s mem=13807MB] | train_loss=0.2301 train_AP=0.5407 | val_loss=0.2409 val_AP=0.5369
  -> New best: val_loss=0.2409 val_AP=0.5369, saved
Epoch  86/300 [6.1s mem=13791MB] | train_loss=0.2292 train_AP=0.5413 | val_loss=0.2495 val_AP=0.5231
Epoch  87/300 [6.3s mem=13805MB] | train_loss=0.2307 train_AP=0.5403 | val_loss=0.2480 val_AP=0.5233
Epoch  88/300 [6.0s mem=13792MB] | train_loss=0.2294 train_AP=0.5456 | val_loss=0.2422 val_AP=0.5337
Epoch  89/300 [6.1s mem=13803MB] | train_loss=0.2288 train_AP=0.5483 | val_loss=0.2465 val_AP=0.5351
Epoch  90/300 [6.1s mem=13787MB] | train_loss=0.2283 train_AP=0.5460 | val_loss=0.2465 val_AP=0.5295 | test_AP=0.5055
Epoch  91/300 [6.3s mem=13787MB] | train_loss=0.2276 train_AP=0.5529 | val_loss=0.2455 val_AP=0.5338
Epoch  92/300 [6.3s mem=13793MB] | train_loss=0.2275 train_AP=0.5513 | val_loss=0.2473 val_AP=0.5339
Epoch  93/300 [6.2s mem=13795MB] | train_loss=0.2276 train_AP=0.5493 | val_loss=0.2418 val_AP=0.5369
  -> New best: val_loss=0.2409 val_AP=0.5369, saved
Epoch  94/300 [6.1s mem=13806MB] | train_loss=0.2264 train_AP=0.5532 | val_loss=0.2427 val_AP=0.5371
  -> New best: val_loss=0.2409 val_AP=0.5371, saved
Epoch  95/300 [6.2s mem=13797MB] | train_loss=0.2259 train_AP=0.5567 | val_loss=0.2445 val_AP=0.5297
Epoch  96/300 [6.1s mem=13796MB] | train_loss=0.2265 train_AP=0.5563 | val_loss=0.2428 val_AP=0.5406
  -> New best: val_loss=0.2409 val_AP=0.5406, saved
Epoch  97/300 [6.0s mem=13789MB] | train_loss=0.2257 train_AP=0.5583 | val_loss=0.2434 val_AP=0.5359
Epoch  98/300 [5.9s mem=13804MB] | train_loss=0.2244 train_AP=0.5579 | val_loss=0.2452 val_AP=0.5410
  -> New best: val_loss=0.2409 val_AP=0.5410, saved
Epoch  99/300 [6.0s mem=13801MB] | train_loss=0.2264 train_AP=0.5535 | val_loss=0.2409 val_AP=0.5400
Epoch 100/300 [6.1s mem=13793MB] | train_loss=0.2245 train_AP=0.5600 | val_loss=0.2458 val_AP=0.5390 | test_AP=0.5143
Epoch 101/300 [6.1s mem=13799MB] | train_loss=0.2245 train_AP=0.5608 | val_loss=0.2394 val_AP=0.5429
  -> New best: val_loss=0.2394 val_AP=0.5429, saved
Epoch 102/300 [6.0s mem=13804MB] | train_loss=0.2244 train_AP=0.5604 | val_loss=0.2460 val_AP=0.5291
Epoch 103/300 [5.9s mem=13794MB] | train_loss=0.2240 train_AP=0.5632 | val_loss=0.2399 val_AP=0.5407
Epoch 104/300 [6.0s mem=13809MB] | train_loss=0.2233 train_AP=0.5633 | val_loss=0.2405 val_AP=0.5409
Epoch 105/300 [6.0s mem=13793MB] | train_loss=0.2233 train_AP=0.5663 | val_loss=0.2391 val_AP=0.5458
  -> New best: val_loss=0.2391 val_AP=0.5458, saved
Epoch 106/300 [6.0s mem=13724MB] | train_loss=0.2225 train_AP=0.5672 | val_loss=0.2400 val_AP=0.5465
  -> New best: val_loss=0.2391 val_AP=0.5465, saved
Epoch 107/300 [6.0s mem=13798MB] | train_loss=0.2226 train_AP=0.5652 | val_loss=0.2424 val_AP=0.5474
  -> New best: val_loss=0.2391 val_AP=0.5474, saved
Epoch 108/300 [6.2s mem=13802MB] | train_loss=0.2227 train_AP=0.5668 | val_loss=0.2425 val_AP=0.5352
Epoch 109/300 [6.1s mem=13800MB] | train_loss=0.2224 train_AP=0.5695 | val_loss=0.2399 val_AP=0.5458
Epoch 110/300 [5.9s mem=13792MB] | train_loss=0.2218 train_AP=0.5690 | val_loss=0.2409 val_AP=0.5449 | test_AP=0.5192
Epoch 111/300 [6.2s mem=13785MB] | train_loss=0.2209 train_AP=0.5706 | val_loss=0.2385 val_AP=0.5490
  -> New best: val_loss=0.2385 val_AP=0.5490, saved
Epoch 112/300 [6.0s mem=13805MB] | train_loss=0.2203 train_AP=0.5734 | val_loss=0.2406 val_AP=0.5496
  -> New best: val_loss=0.2385 val_AP=0.5496, saved
Epoch 113/300 [6.0s mem=13791MB] | train_loss=0.2204 train_AP=0.5715 | val_loss=0.2410 val_AP=0.5472
Epoch 114/300 [5.9s mem=13797MB] | train_loss=0.2199 train_AP=0.5776 | val_loss=0.2388 val_AP=0.5506
  -> New best: val_loss=0.2385 val_AP=0.5506, saved
Epoch 115/300 [6.0s mem=13788MB] | train_loss=0.2191 train_AP=0.5741 | val_loss=0.2383 val_AP=0.5486
  -> New best: val_loss=0.2383 val_AP=0.5506, saved
Epoch 116/300 [6.0s mem=13789MB] | train_loss=0.2188 train_AP=0.5786 | val_loss=0.2407 val_AP=0.5488
Epoch 117/300 [6.0s mem=13733MB] | train_loss=0.2201 train_AP=0.5757 | val_loss=0.2401 val_AP=0.5488
Epoch 118/300 [6.0s mem=13802MB] | train_loss=0.2193 train_AP=0.5739 | val_loss=0.2382 val_AP=0.5554
  -> New best: val_loss=0.2382 val_AP=0.5554, saved
Epoch 119/300 [6.0s mem=13800MB] | train_loss=0.2190 train_AP=0.5777 | val_loss=0.2393 val_AP=0.5535
Epoch 120/300 [6.0s mem=13806MB] | train_loss=0.2181 train_AP=0.5792 | val_loss=0.2420 val_AP=0.5492 | test_AP=0.5227
Epoch 121/300 [6.2s mem=13795MB] | train_loss=0.2180 train_AP=0.5824 | val_loss=0.2427 val_AP=0.5487
Epoch 122/300 [6.1s mem=13797MB] | train_loss=0.2182 train_AP=0.5811 | val_loss=0.2395 val_AP=0.5509
Epoch 123/300 [6.2s mem=13790MB] | train_loss=0.2168 train_AP=0.5850 | val_loss=0.2366 val_AP=0.5545
  -> New best: val_loss=0.2366 val_AP=0.5554, saved
Epoch 124/300 [6.0s mem=13804MB] | train_loss=0.2178 train_AP=0.5821 | val_loss=0.2382 val_AP=0.5510
Epoch 125/300 [6.0s mem=13801MB] | train_loss=0.2172 train_AP=0.5846 | val_loss=0.2384 val_AP=0.5511
Epoch 126/300 [6.2s mem=13783MB] | train_loss=0.2159 train_AP=0.5864 | val_loss=0.2393 val_AP=0.5544
Epoch 127/300 [6.2s mem=13800MB] | train_loss=0.2162 train_AP=0.5878 | val_loss=0.2393 val_AP=0.5547
Epoch 128/300 [6.3s mem=13800MB] | train_loss=0.2164 train_AP=0.5876 | val_loss=0.2358 val_AP=0.5608
  -> New best: val_loss=0.2358 val_AP=0.5608, saved
Epoch 129/300 [6.3s mem=13801MB] | train_loss=0.2156 train_AP=0.5914 | val_loss=0.2387 val_AP=0.5474
Epoch 130/300 [6.3s mem=13793MB] | train_loss=0.2161 train_AP=0.5878 | val_loss=0.2398 val_AP=0.5510 | test_AP=0.5236
Epoch 131/300 [6.2s mem=13797MB] | train_loss=0.2145 train_AP=0.5969 | val_loss=0.2378 val_AP=0.5581
Epoch 132/300 [6.1s mem=13800MB] | train_loss=0.2154 train_AP=0.5901 | val_loss=0.2376 val_AP=0.5550
Epoch 133/300 [6.3s mem=13803MB] | train_loss=0.2155 train_AP=0.5895 | val_loss=0.2397 val_AP=0.5493
Epoch 134/300 [6.0s mem=13789MB] | train_loss=0.2147 train_AP=0.5941 | val_loss=0.2385 val_AP=0.5548
Epoch 135/300 [6.2s mem=13801MB] | train_loss=0.2141 train_AP=0.5948 | val_loss=0.2360 val_AP=0.5607
Epoch 136/300 [6.3s mem=13797MB] | train_loss=0.2139 train_AP=0.5952 | val_loss=0.2369 val_AP=0.5649
  -> New best: val_loss=0.2358 val_AP=0.5649, saved
Epoch 137/300 [6.0s mem=13797MB] | train_loss=0.2125 train_AP=0.5974 | val_loss=0.2345 val_AP=0.5623
  -> New best: val_loss=0.2345 val_AP=0.5649, saved
Epoch 138/300 [6.1s mem=13798MB] | train_loss=0.2140 train_AP=0.5985 | val_loss=0.2353 val_AP=0.5607
Epoch 139/300 [6.1s mem=13801MB] | train_loss=0.2122 train_AP=0.5976 | val_loss=0.2358 val_AP=0.5645
Epoch 140/300 [6.0s mem=13802MB] | train_loss=0.2122 train_AP=0.5996 | val_loss=0.2407 val_AP=0.5621 | test_AP=0.5318
Epoch 141/300 [6.0s mem=13798MB] | train_loss=0.2136 train_AP=0.5973 | val_loss=0.2353 val_AP=0.5659
  -> New best: val_loss=0.2345 val_AP=0.5659, saved
Epoch 142/300 [6.2s mem=13805MB] | train_loss=0.2119 train_AP=0.6014 | val_loss=0.2362 val_AP=0.5608
Epoch 143/300 [5.9s mem=13793MB] | train_loss=0.2125 train_AP=0.6000 | val_loss=0.2393 val_AP=0.5601
Epoch 144/300 [6.1s mem=13799MB] | train_loss=0.2120 train_AP=0.6035 | val_loss=0.2355 val_AP=0.5664
  -> New best: val_loss=0.2345 val_AP=0.5664, saved
Epoch 145/300 [6.1s mem=13253MB] | train_loss=0.2122 train_AP=0.5993 | val_loss=0.2352 val_AP=0.5666
  -> New best: val_loss=0.2345 val_AP=0.5666, saved
Epoch 146/300 [6.4s mem=13796MB] | train_loss=0.2118 train_AP=0.6014 | val_loss=0.2344 val_AP=0.5688
  -> New best: val_loss=0.2344 val_AP=0.5688, saved
Epoch 147/300 [6.3s mem=13797MB] | train_loss=0.2104 train_AP=0.6061 | val_loss=0.2360 val_AP=0.5638
Epoch 148/300 [6.1s mem=13808MB] | train_loss=0.2103 train_AP=0.6070 | val_loss=0.2365 val_AP=0.5653
Epoch 149/300 [6.2s mem=13792MB] | train_loss=0.2094 train_AP=0.6076 | val_loss=0.2350 val_AP=0.5692
  -> New best: val_loss=0.2344 val_AP=0.5692, saved
Epoch 150/300 [6.2s mem=13796MB] | train_loss=0.2099 train_AP=0.6060 | val_loss=0.2355 val_AP=0.5688 | test_AP=0.5367
Epoch 151/300 [6.3s mem=13799MB] | train_loss=0.2092 train_AP=0.6073 | val_loss=0.2337 val_AP=0.5686
  -> New best: val_loss=0.2337 val_AP=0.5692, saved
Epoch 152/300 [6.2s mem=13800MB] | train_loss=0.2093 train_AP=0.6094 | val_loss=0.2343 val_AP=0.5683
Epoch 153/300 [6.3s mem=13802MB] | train_loss=0.2086 train_AP=0.6109 | val_loss=0.2337 val_AP=0.5687
  -> New best: val_loss=0.2337 val_AP=0.5692, saved
Epoch 154/300 [6.2s mem=13792MB] | train_loss=0.2090 train_AP=0.6093 | val_loss=0.2335 val_AP=0.5687
  -> New best: val_loss=0.2335 val_AP=0.5692, saved
Epoch 155/300 [6.0s mem=13790MB] | train_loss=0.2079 train_AP=0.6142 | val_loss=0.2365 val_AP=0.5692
  -> New best: val_loss=0.2335 val_AP=0.5692, saved
Epoch 156/300 [6.0s mem=13802MB] | train_loss=0.2085 train_AP=0.6132 | val_loss=0.2337 val_AP=0.5719
  -> New best: val_loss=0.2335 val_AP=0.5719, saved
Epoch 157/300 [6.0s mem=13798MB] | train_loss=0.2087 train_AP=0.6093 | val_loss=0.2329 val_AP=0.5696
  -> New best: val_loss=0.2329 val_AP=0.5719, saved
Epoch 158/300 [5.9s mem=13798MB] | train_loss=0.2078 train_AP=0.6153 | val_loss=0.2341 val_AP=0.5710
Epoch 159/300 [6.0s mem=13791MB] | train_loss=0.2082 train_AP=0.6159 | val_loss=0.2354 val_AP=0.5651
Epoch 160/300 [6.0s mem=13812MB] | train_loss=0.2077 train_AP=0.6150 | val_loss=0.2359 val_AP=0.5673 | test_AP=0.5349
Epoch 161/300 [6.0s mem=13803MB] | train_loss=0.2071 train_AP=0.6157 | val_loss=0.2373 val_AP=0.5622
Epoch 162/300 [6.0s mem=13794MB] | train_loss=0.2078 train_AP=0.6118 | val_loss=0.2334 val_AP=0.5718
Epoch 163/300 [6.0s mem=13791MB] | train_loss=0.2067 train_AP=0.6160 | val_loss=0.2352 val_AP=0.5698
Epoch 164/300 [6.0s mem=13800MB] | train_loss=0.2073 train_AP=0.6147 | val_loss=0.2323 val_AP=0.5738
  -> New best: val_loss=0.2323 val_AP=0.5738, saved
Epoch 165/300 [6.0s mem=13793MB] | train_loss=0.2067 train_AP=0.6216 | val_loss=0.2342 val_AP=0.5701
Epoch 166/300 [6.0s mem=13801MB] | train_loss=0.2060 train_AP=0.6193 | val_loss=0.2345 val_AP=0.5731
Epoch 167/300 [6.0s mem=13800MB] | train_loss=0.2060 train_AP=0.6164 | val_loss=0.2361 val_AP=0.5720
Epoch 168/300 [6.0s mem=13798MB] | train_loss=0.2078 train_AP=0.6179 | val_loss=0.2329 val_AP=0.5747
  -> New best: val_loss=0.2323 val_AP=0.5747, saved
Epoch 169/300 [6.0s mem=13789MB] | train_loss=0.2060 train_AP=0.6186 | val_loss=0.2325 val_AP=0.5728
Epoch 170/300 [6.1s mem=13806MB] | train_loss=0.2059 train_AP=0.6226 | val_loss=0.2329 val_AP=0.5748 | test_AP=0.5403
  -> New best: val_loss=0.2323 val_AP=0.5748, saved
Epoch 171/300 [6.1s mem=13795MB] | train_loss=0.2053 train_AP=0.6237 | val_loss=0.2329 val_AP=0.5723
Epoch 172/300 [6.0s mem=13802MB] | train_loss=0.2043 train_AP=0.6276 | val_loss=0.2335 val_AP=0.5742
Epoch 173/300 [6.0s mem=13800MB] | train_loss=0.2048 train_AP=0.6235 | val_loss=0.2310 val_AP=0.5773
  -> New best: val_loss=0.2310 val_AP=0.5773, saved
Epoch 174/300 [6.1s mem=13797MB] | train_loss=0.2043 train_AP=0.6240 | val_loss=0.2346 val_AP=0.5711
Epoch 175/300 [6.2s mem=13787MB] | train_loss=0.2044 train_AP=0.6250 | val_loss=0.2326 val_AP=0.5726
Epoch 176/300 [6.3s mem=13811MB] | train_loss=0.2044 train_AP=0.6250 | val_loss=0.2335 val_AP=0.5726
Epoch 177/300 [6.3s mem=13797MB] | train_loss=0.2046 train_AP=0.6250 | val_loss=0.2332 val_AP=0.5754
Epoch 178/300 [6.3s mem=13801MB] | train_loss=0.2042 train_AP=0.6258 | val_loss=0.2311 val_AP=0.5776
  -> New best: val_loss=0.2310 val_AP=0.5776, saved
Epoch 179/300 [6.3s mem=13800MB] | train_loss=0.2038 train_AP=0.6290 | val_loss=0.2337 val_AP=0.5712
Epoch 180/300 [6.3s mem=13800MB] | train_loss=0.2040 train_AP=0.6266 | val_loss=0.2338 val_AP=0.5716 | test_AP=0.5391
Epoch 181/300 [6.2s mem=13792MB] | train_loss=0.2034 train_AP=0.6271 | val_loss=0.2316 val_AP=0.5753
Epoch 182/300 [6.1s mem=13801MB] | train_loss=0.2037 train_AP=0.6279 | val_loss=0.2332 val_AP=0.5771
Epoch 183/300 [6.1s mem=13789MB] | train_loss=0.2021 train_AP=0.6294 | val_loss=0.2345 val_AP=0.5710
Epoch 184/300 [6.3s mem=13813MB] | train_loss=0.2028 train_AP=0.6303 | val_loss=0.2324 val_AP=0.5765
Epoch 185/300 [6.0s mem=13792MB] | train_loss=0.2018 train_AP=0.6325 | val_loss=0.2336 val_AP=0.5771
Epoch 186/300 [6.0s mem=13801MB] | train_loss=0.2029 train_AP=0.6293 | val_loss=0.2326 val_AP=0.5763
Epoch 187/300 [5.9s mem=13803MB] | train_loss=0.2024 train_AP=0.6298 | val_loss=0.2313 val_AP=0.5793
  -> New best: val_loss=0.2310 val_AP=0.5793, saved
Epoch 188/300 [6.0s mem=13784MB] | train_loss=0.2017 train_AP=0.6317 | val_loss=0.2306 val_AP=0.5783
  -> New best: val_loss=0.2306 val_AP=0.5793, saved
Epoch 189/300 [6.0s mem=13794MB] | train_loss=0.2012 train_AP=0.6341 | val_loss=0.2317 val_AP=0.5775
Epoch 190/300 [6.0s mem=13790MB] | train_loss=0.2016 train_AP=0.6323 | val_loss=0.2324 val_AP=0.5789 | test_AP=0.5440
Epoch 191/300 [6.0s mem=13806MB] | train_loss=0.2006 train_AP=0.6340 | val_loss=0.2335 val_AP=0.5808
  -> New best: val_loss=0.2306 val_AP=0.5808, saved
Epoch 192/300 [6.0s mem=13805MB] | train_loss=0.2011 train_AP=0.6360 | val_loss=0.2335 val_AP=0.5775
Epoch 193/300 [6.0s mem=13784MB] | train_loss=0.2009 train_AP=0.6344 | val_loss=0.2318 val_AP=0.5817
  -> New best: val_loss=0.2306 val_AP=0.5817, saved
Epoch 194/300 [6.0s mem=13795MB] | train_loss=0.2007 train_AP=0.6366 | val_loss=0.2336 val_AP=0.5787
Epoch 195/300 [6.0s mem=13804MB] | train_loss=0.2009 train_AP=0.6326 | val_loss=0.2308 val_AP=0.5809
Epoch 196/300 [6.0s mem=13783MB] | train_loss=0.1993 train_AP=0.6373 | val_loss=0.2320 val_AP=0.5793
Epoch 197/300 [6.1s mem=13794MB] | train_loss=0.2000 train_AP=0.6384 | val_loss=0.2315 val_AP=0.5776
Epoch 198/300 [6.0s mem=13790MB] | train_loss=0.1995 train_AP=0.6378 | val_loss=0.2324 val_AP=0.5810
Epoch 199/300 [6.0s mem=13791MB] | train_loss=0.2012 train_AP=0.6369 | val_loss=0.2323 val_AP=0.5783
Epoch 200/300 [6.0s mem=13804MB] | train_loss=0.2000 train_AP=0.6404 | val_loss=0.2323 val_AP=0.5782 | test_AP=0.5451
Epoch 201/300 [6.0s mem=13797MB] | train_loss=0.1993 train_AP=0.6396 | val_loss=0.2305 val_AP=0.5827
  -> New best: val_loss=0.2305 val_AP=0.5827, saved
Epoch 202/300 [6.0s mem=13787MB] | train_loss=0.1989 train_AP=0.6394 | val_loss=0.2309 val_AP=0.5814
Epoch 203/300 [6.0s mem=13790MB] | train_loss=0.1991 train_AP=0.6410 | val_loss=0.2322 val_AP=0.5833
  -> New best: val_loss=0.2305 val_AP=0.5833, saved
Epoch 204/300 [6.0s mem=13799MB] | train_loss=0.1987 train_AP=0.6411 | val_loss=0.2320 val_AP=0.5778
Epoch 205/300 [5.9s mem=13805MB] | train_loss=0.1989 train_AP=0.6424 | val_loss=0.2317 val_AP=0.5822
Epoch 206/300 [6.0s mem=13790MB] | train_loss=0.1993 train_AP=0.6414 | val_loss=0.2331 val_AP=0.5768
Epoch 207/300 [6.0s mem=13798MB] | train_loss=0.1982 train_AP=0.6430 | val_loss=0.2314 val_AP=0.5836
  -> New best: val_loss=0.2305 val_AP=0.5836, saved
Epoch 208/300 [6.0s mem=13801MB] | train_loss=0.1985 train_AP=0.6424 | val_loss=0.2303 val_AP=0.5824
  -> New best: val_loss=0.2303 val_AP=0.5836, saved
Epoch 209/300 [6.0s mem=13801MB] | train_loss=0.1982 train_AP=0.6415 | val_loss=0.2311 val_AP=0.5824
Epoch 210/300 [6.0s mem=13785MB] | train_loss=0.1985 train_AP=0.6425 | val_loss=0.2312 val_AP=0.5807 | test_AP=0.5450
Epoch 211/300 [6.0s mem=13790MB] | train_loss=0.1982 train_AP=0.6414 | val_loss=0.2314 val_AP=0.5791
Epoch 212/300 [6.0s mem=13801MB] | train_loss=0.1980 train_AP=0.6431 | val_loss=0.2318 val_AP=0.5803
Epoch 213/300 [6.0s mem=13806MB] | train_loss=0.1981 train_AP=0.6406 | val_loss=0.2312 val_AP=0.5812
Epoch 214/300 [6.1s mem=13796MB] | train_loss=0.1967 train_AP=0.6461 | val_loss=0.2307 val_AP=0.5824
Epoch 215/300 [6.0s mem=13789MB] | train_loss=0.1972 train_AP=0.6459 | val_loss=0.2293 val_AP=0.5831
  -> New best: val_loss=0.2293 val_AP=0.5836, saved
Epoch 216/300 [5.9s mem=13799MB] | train_loss=0.1969 train_AP=0.6486 | val_loss=0.2304 val_AP=0.5835
Epoch 217/300 [6.0s mem=13788MB] | train_loss=0.1970 train_AP=0.6470 | val_loss=0.2306 val_AP=0.5821
Epoch 218/300 [6.0s mem=13805MB] | train_loss=0.1970 train_AP=0.6450 | val_loss=0.2313 val_AP=0.5830
Epoch 219/300 [6.0s mem=13792MB] | train_loss=0.1964 train_AP=0.6499 | val_loss=0.2289 val_AP=0.5861
  -> New best: val_loss=0.2289 val_AP=0.5861, saved
Epoch 220/300 [6.0s mem=13803MB] | train_loss=0.1958 train_AP=0.6479 | val_loss=0.2298 val_AP=0.5867 | test_AP=0.5505
  -> New best: val_loss=0.2289 val_AP=0.5867, saved
Epoch 221/300 [6.0s mem=13806MB] | train_loss=0.1965 train_AP=0.6472 | val_loss=0.2299 val_AP=0.5867
  -> New best: val_loss=0.2289 val_AP=0.5867, saved
Epoch 222/300 [5.9s mem=13796MB] | train_loss=0.1954 train_AP=0.6513 | val_loss=0.2306 val_AP=0.5864
Epoch 223/300 [6.0s mem=13804MB] | train_loss=0.1966 train_AP=0.6481 | val_loss=0.2309 val_AP=0.5820
Epoch 224/300 [6.0s mem=13799MB] | train_loss=0.1957 train_AP=0.6488 | val_loss=0.2286 val_AP=0.5869
  -> New best: val_loss=0.2286 val_AP=0.5869, saved
Epoch 225/300 [6.0s mem=13793MB] | train_loss=0.1957 train_AP=0.6512 | val_loss=0.2287 val_AP=0.5870
  -> New best: val_loss=0.2286 val_AP=0.5870, saved
Epoch 226/300 [6.0s mem=13791MB] | train_loss=0.1959 train_AP=0.6472 | val_loss=0.2287 val_AP=0.5885
  -> New best: val_loss=0.2286 val_AP=0.5885, saved
Epoch 227/300 [6.0s mem=13801MB] | train_loss=0.1958 train_AP=0.6494 | val_loss=0.2295 val_AP=0.5865
Epoch 228/300 [5.9s mem=13802MB] | train_loss=0.1955 train_AP=0.6501 | val_loss=0.2287 val_AP=0.5868
Epoch 229/300 [6.0s mem=13795MB] | train_loss=0.1952 train_AP=0.6517 | val_loss=0.2305 val_AP=0.5839
Epoch 230/300 [6.0s mem=13802MB] | train_loss=0.1952 train_AP=0.6538 | val_loss=0.2305 val_AP=0.5865 | test_AP=0.5505
Epoch 231/300 [6.0s mem=13801MB] | train_loss=0.1954 train_AP=0.6485 | val_loss=0.2277 val_AP=0.5886
  -> New best: val_loss=0.2277 val_AP=0.5886, saved
Epoch 232/300 [6.0s mem=13781MB] | train_loss=0.1948 train_AP=0.6510 | val_loss=0.2292 val_AP=0.5885
Epoch 233/300 [5.9s mem=13798MB] | train_loss=0.1944 train_AP=0.6532 | val_loss=0.2282 val_AP=0.5883
Epoch 234/300 [6.0s mem=13789MB] | train_loss=0.1944 train_AP=0.6530 | val_loss=0.2288 val_AP=0.5863
Epoch 235/300 [6.0s mem=13798MB] | train_loss=0.1945 train_AP=0.6538 | val_loss=0.2283 val_AP=0.5869
Epoch 236/300 [6.0s mem=13803MB] | train_loss=0.1947 train_AP=0.6501 | val_loss=0.2283 val_AP=0.5887
  -> New best: val_loss=0.2277 val_AP=0.5887, saved
Epoch 237/300 [6.0s mem=13790MB] | train_loss=0.1949 train_AP=0.6527 | val_loss=0.2296 val_AP=0.5863
Epoch 238/300 [6.0s mem=13800MB] | train_loss=0.1942 train_AP=0.6529 | val_loss=0.2287 val_AP=0.5861
Epoch 239/300 [6.2s mem=13798MB] | train_loss=0.1947 train_AP=0.6516 | val_loss=0.2286 val_AP=0.5900
  -> New best: val_loss=0.2277 val_AP=0.5900, saved
Epoch 240/300 [6.2s mem=13798MB] | train_loss=0.1939 train_AP=0.6524 | val_loss=0.2282 val_AP=0.5882 | test_AP=0.5526
Epoch 241/300 [6.1s mem=13795MB] | train_loss=0.1945 train_AP=0.6528 | val_loss=0.2283 val_AP=0.5869
Epoch 242/300 [5.9s mem=13790MB] | train_loss=0.1939 train_AP=0.6557 | val_loss=0.2276 val_AP=0.5895
  -> New best: val_loss=0.2276 val_AP=0.5900, saved
Epoch 243/300 [6.0s mem=13797MB] | train_loss=0.1940 train_AP=0.6551 | val_loss=0.2276 val_AP=0.5899
Epoch 244/300 [5.9s mem=13805MB] | train_loss=0.1936 train_AP=0.6560 | val_loss=0.2284 val_AP=0.5873
Epoch 245/300 [5.9s mem=13794MB] | train_loss=0.1940 train_AP=0.6537 | val_loss=0.2285 val_AP=0.5890
Epoch 246/300 [6.0s mem=13791MB] | train_loss=0.1940 train_AP=0.6512 | val_loss=0.2278 val_AP=0.5894
Epoch 247/300 [5.9s mem=13794MB] | train_loss=0.1935 train_AP=0.6552 | val_loss=0.2281 val_AP=0.5894
Epoch 248/300 [6.0s mem=13792MB] | train_loss=0.1929 train_AP=0.6568 | val_loss=0.2283 val_AP=0.5906
  -> New best: val_loss=0.2276 val_AP=0.5906, saved
Epoch 249/300 [6.0s mem=13796MB] | train_loss=0.1933 train_AP=0.6543 | val_loss=0.2284 val_AP=0.5884
Epoch 250/300 [6.0s mem=13802MB] | train_loss=0.1937 train_AP=0.6562 | val_loss=0.2280 val_AP=0.5903 | test_AP=0.5538
Epoch 251/300 [6.0s mem=13806MB] | train_loss=0.1930 train_AP=0.6560 | val_loss=0.2278 val_AP=0.5907
  -> New best: val_loss=0.2276 val_AP=0.5907, saved
Epoch 252/300 [6.0s mem=13792MB] | train_loss=0.1930 train_AP=0.6565 | val_loss=0.2279 val_AP=0.5899
Epoch 253/300 [6.0s mem=13807MB] | train_loss=0.1931 train_AP=0.6559 | val_loss=0.2272 val_AP=0.5901
  -> New best: val_loss=0.2272 val_AP=0.5907, saved
Epoch 254/300 [6.0s mem=13796MB] | train_loss=0.1934 train_AP=0.6537 | val_loss=0.2280 val_AP=0.5906
Epoch 255/300 [6.0s mem=13793MB] | train_loss=0.1929 train_AP=0.6586 | val_loss=0.2283 val_AP=0.5880
Epoch 256/300 [6.0s mem=13805MB] | train_loss=0.1933 train_AP=0.6567 | val_loss=0.2278 val_AP=0.5899
Epoch 257/300 [5.9s mem=13803MB] | train_loss=0.1928 train_AP=0.6571 | val_loss=0.2281 val_AP=0.5898
Epoch 258/300 [6.0s mem=13799MB] | train_loss=0.1934 train_AP=0.6557 | val_loss=0.2282 val_AP=0.5901
Epoch 259/300 [6.0s mem=13798MB] | train_loss=0.1926 train_AP=0.6580 | val_loss=0.2279 val_AP=0.5901
Epoch 260/300 [6.1s mem=13799MB] | train_loss=0.1927 train_AP=0.6568 | val_loss=0.2279 val_AP=0.5902 | test_AP=0.5543
Epoch 261/300 [6.0s mem=13797MB] | train_loss=0.1935 train_AP=0.6568 | val_loss=0.2284 val_AP=0.5899
Epoch 262/300 [6.0s mem=13800MB] | train_loss=0.1927 train_AP=0.6577 | val_loss=0.2279 val_AP=0.5906
Epoch 263/300 [6.0s mem=13792MB] | train_loss=0.1933 train_AP=0.6572 | val_loss=0.2276 val_AP=0.5902
Epoch 264/300 [6.0s mem=13807MB] | train_loss=0.1924 train_AP=0.6570 | val_loss=0.2282 val_AP=0.5901
Epoch 265/300 [6.0s mem=13803MB] | train_loss=0.1925 train_AP=0.6582 | val_loss=0.2277 val_AP=0.5904
Epoch 266/300 [6.0s mem=13808MB] | train_loss=0.1925 train_AP=0.6566 | val_loss=0.2278 val_AP=0.5911
  -> New best: val_loss=0.2272 val_AP=0.5911, saved
Epoch 267/300 [6.0s mem=13800MB] | train_loss=0.1922 train_AP=0.6579 | val_loss=0.2280 val_AP=0.5895
Epoch 268/300 [6.2s mem=13806MB] | train_loss=0.1925 train_AP=0.6562 | val_loss=0.2282 val_AP=0.5894
Epoch 269/300 [6.2s mem=13806MB] | train_loss=0.1925 train_AP=0.6569 | val_loss=0.2283 val_AP=0.5902
Epoch 270/300 [6.3s mem=13789MB] | train_loss=0.1924 train_AP=0.6546 | val_loss=0.2275 val_AP=0.5907 | test_AP=0.5549
Epoch 271/300 [6.0s mem=13792MB] | train_loss=0.1921 train_AP=0.6567 | val_loss=0.2279 val_AP=0.5902
Epoch 272/300 [5.9s mem=13800MB] | train_loss=0.1921 train_AP=0.6566 | val_loss=0.2279 val_AP=0.5902
Epoch 273/300 [6.0s mem=13801MB] | train_loss=0.1934 train_AP=0.6555 | val_loss=0.2280 val_AP=0.5900
Epoch 274/300 [5.9s mem=13810MB] | train_loss=0.1924 train_AP=0.6590 | val_loss=0.2280 val_AP=0.5901
Epoch 275/300 [6.0s mem=13790MB] | train_loss=0.1923 train_AP=0.6582 | val_loss=0.2277 val_AP=0.5913
  -> New best: val_loss=0.2272 val_AP=0.5913, saved
Epoch 276/300 [6.1s mem=13806MB] | train_loss=0.1923 train_AP=0.6578 | val_loss=0.2278 val_AP=0.5905
Epoch 277/300 [6.0s mem=13806MB] | train_loss=0.1922 train_AP=0.6584 | val_loss=0.2278 val_AP=0.5904
Epoch 278/300 [6.2s mem=13800MB] | train_loss=0.1923 train_AP=0.6583 | val_loss=0.2276 val_AP=0.5909
Epoch 279/300 [6.2s mem=13800MB] | train_loss=0.1923 train_AP=0.6587 | val_loss=0.2278 val_AP=0.5909
Epoch 280/300 [5.9s mem=13796MB] | train_loss=0.1920 train_AP=0.6588 | val_loss=0.2279 val_AP=0.5904 | test_AP=0.5541
Epoch 281/300 [5.9s mem=13792MB] | train_loss=0.1924 train_AP=0.6583 | val_loss=0.2277 val_AP=0.5906
Epoch 282/300 [6.0s mem=13806MB] | train_loss=0.1918 train_AP=0.6596 | val_loss=0.2277 val_AP=0.5909
Epoch 283/300 [6.1s mem=13804MB] | train_loss=0.1922 train_AP=0.6589 | val_loss=0.2278 val_AP=0.5905
Epoch 284/300 [6.3s mem=13795MB] | train_loss=0.1921 train_AP=0.6618 | val_loss=0.2277 val_AP=0.5907
Epoch 285/300 [6.0s mem=13807MB] | train_loss=0.1915 train_AP=0.6589 | val_loss=0.2278 val_AP=0.5904
Epoch 286/300 [5.9s mem=13797MB] | train_loss=0.1922 train_AP=0.6599 | val_loss=0.2278 val_AP=0.5905
Epoch 287/300 [6.0s mem=13809MB] | train_loss=0.1919 train_AP=0.6578 | val_loss=0.2277 val_AP=0.5907
Epoch 288/300 [6.1s mem=13805MB] | train_loss=0.1926 train_AP=0.6557 | val_loss=0.2277 val_AP=0.5907
Epoch 289/300 [6.1s mem=13800MB] | train_loss=0.1920 train_AP=0.6590 | val_loss=0.2277 val_AP=0.5907
Epoch 290/300 [6.1s mem=13799MB] | train_loss=0.1921 train_AP=0.6580 | val_loss=0.2277 val_AP=0.5906 | test_AP=0.5545
Epoch 291/300 [5.9s mem=13788MB] | train_loss=0.1920 train_AP=0.6585 | val_loss=0.2277 val_AP=0.5907
Epoch 292/300 [5.9s mem=13811MB] | train_loss=0.1921 train_AP=0.6574 | val_loss=0.2277 val_AP=0.5907
Epoch 293/300 [6.0s mem=13787MB] | train_loss=0.1920 train_AP=0.6623 | val_loss=0.2277 val_AP=0.5907
Epoch 294/300 [5.9s mem=13790MB] | train_loss=0.1925 train_AP=0.6573 | val_loss=0.2278 val_AP=0.5906
Epoch 295/300 [6.0s mem=13805MB] | train_loss=0.1914 train_AP=0.6619 | val_loss=0.2277 val_AP=0.5905
Epoch 296/300 [5.9s mem=13804MB] | train_loss=0.1920 train_AP=0.6566 | val_loss=0.2277 val_AP=0.5907
Epoch 297/300 [5.9s mem=13800MB] | train_loss=0.1920 train_AP=0.6578 | val_loss=0.2277 val_AP=0.5906
Epoch 298/300 [6.1s mem=13802MB] | train_loss=0.1915 train_AP=0.6587 | val_loss=0.2278 val_AP=0.5904
Epoch 299/300 [6.3s mem=13791MB] | train_loss=0.1923 train_AP=0.6580 | val_loss=0.2277 val_AP=0.5907
Epoch 300/300 [6.2s mem=13799MB] | train_loss=0.1924 train_AP=0.6570 | val_loss=0.2278 val_AP=0.5907 | test_AP=0.5544
Pretrain done. Best val_loss=0.2272 val_AP=0.5913 at epoch 275.
============================================================
Phase 1: Extract Attention Targets
  model_path=checkpoints_attn_distill_2/pretrain_best.pt
  proxy_opt_steps=300
  num_proxies=64
  proxy_mmd_lambda=1.5
  num_cross_layers=1
  use_proxy_self_attn=False
  distill_layers=all
============================================================
  Loaded 1 pretrained keys, cross-attn layers randomly initialized
  Extracting attention from layers: [0]
  [1/43] 256 graphs | base_loss=0.6776 opt_loss=0.3402 mmd=0.348164
  [10/43] 2560 graphs | base_loss=0.6784 opt_loss=0.3389 mmd=0.350515
  [20/43] 5120 graphs | base_loss=0.6784 opt_loss=0.3379 mmd=0.354700
  [30/43] 7680 graphs | base_loss=0.6784 opt_loss=0.3380 mmd=0.353914
  [40/43] 10240 graphs | base_loss=0.6784 opt_loss=0.3382 mmd=0.349845

Extraction done. 10873 graphs saved to checkpoints_attn_distill_3/attn_targets.pkl
  Avg base_loss=0.6784  opt_loss=0.3383

Sanity check: attention difference (teacher vs vanilla)...
  Mean |teacher_attn - vanilla_attn|: 0.000641
  Good: attention patterns are meaningfully different.
============================================================
Phase 2: Train with Attention Distillation
  backbone=vanilla_gt
  distill_weight=1.5
  temperature=1.5
  distill_layers=[0]
  targets from: checkpoints_attn_distill_3/attn_targets.pkl
============================================================
  AttnTargetDataset: 10873 graphs with targets
  Loaded 1/62 keys from checkpoint

Baseline (pretrained, no distillation):
  val_AP=0.1676  test_AP=0.1699
  Student trainable params: 967,690
Epoch   1/200 [26.8s] | task=0.4700 distill=0.0077 | train_AP=0.1649 val_AP=0.1809 test_AP=0.1801
  -> New best val_AP=0.1809 (test=0.1801)
Epoch   2/200 [25.8s] | task=0.3605 distill=0.0206 | train_AP=0.1671 val_AP=0.1906 test_AP=0.1879
  -> New best val_AP=0.1906 (test=0.1879)
Epoch   3/200 [26.1s] | task=0.3594 distill=0.0228 | train_AP=0.1670 val_AP=0.1988 test_AP=0.1954
  -> New best val_AP=0.1988 (test=0.1954)
Epoch   4/200 [26.5s] | task=0.3601 distill=0.0480 | train_AP=0.1658 val_AP=0.2058 test_AP=0.2025
  -> New best val_AP=0.2058 (test=0.2025)
Epoch   5/200 [26.0s] | task=0.3581 distill=0.1735 | train_AP=0.1726 val_AP=0.2413 test_AP=0.2324
  -> New best val_AP=0.2413 (test=0.2324)
Epoch   6/200 [26.2s] | task=0.3545 distill=0.4499 | train_AP=0.1884 val_AP=0.2527 test_AP=0.2435
  -> New best val_AP=0.2527 (test=0.2435)
Epoch   7/200 [26.3s] | task=0.3486 distill=0.5784 | train_AP=0.2146 val_AP=0.2565 test_AP=0.2494
  -> New best val_AP=0.2565 (test=0.2494)
Epoch   8/200 [26.1s] | task=0.3406 distill=0.6602 | train_AP=0.2331 val_AP=0.2695 test_AP=0.2639
  -> New best val_AP=0.2695 (test=0.2639)
Epoch   9/200 [25.3s] | task=0.3340 distill=0.8889 | train_AP=0.2510 val_AP=0.2868 test_AP=0.2781
  -> New best val_AP=0.2868 (test=0.2781)
Epoch  10/200 [25.4s] | task=0.3291 distill=1.0262 | train_AP=0.2679 val_AP=0.3051 test_AP=0.2942
  -> New best val_AP=0.3051 (test=0.2942)
Epoch  11/200 [24.9s] | task=0.3230 distill=1.2525 | train_AP=0.2912 val_AP=0.3196 test_AP=0.3162
  -> New best val_AP=0.3196 (test=0.3162)
Epoch  12/200 [25.5s] | task=0.3158 distill=1.5730 | train_AP=0.3095 val_AP=0.3285 test_AP=0.3297
  -> New best val_AP=0.3285 (test=0.3297)
Epoch  13/200 [24.9s] | task=0.3114 distill=1.8166 | train_AP=0.3213 val_AP=0.3360 test_AP=0.3384
  -> New best val_AP=0.3360 (test=0.3384)
Epoch  14/200 [26.7s] | task=0.3072 distill=1.8775 | train_AP=0.3303 val_AP=0.3408 test_AP=0.3488
  -> New best val_AP=0.3408 (test=0.3488)
Epoch  15/200 [26.2s] | task=0.3033 distill=1.9271 | train_AP=0.3394 val_AP=0.3547 test_AP=0.3594
  -> New best val_AP=0.3547 (test=0.3594)
Epoch  16/200 [26.6s] | task=0.2991 distill=1.8878 | train_AP=0.3495 val_AP=0.3664 test_AP=0.3728
  -> New best val_AP=0.3664 (test=0.3728)
Epoch  17/200 [26.0s] | task=0.2959 distill=1.8734 | train_AP=0.3605 val_AP=0.3736 test_AP=0.3787
  -> New best val_AP=0.3736 (test=0.3787)
Epoch  18/200 [26.0s] | task=0.2924 distill=1.8528 | train_AP=0.3694 val_AP=0.3834 test_AP=0.3809
  -> New best val_AP=0.3834 (test=0.3809)
Epoch  19/200 [25.2s] | task=0.2884 distill=1.8526 | train_AP=0.3801 val_AP=0.3876 test_AP=0.3831
  -> New best val_AP=0.3876 (test=0.3831)
Epoch  20/200 [25.6s] | task=0.2854 distill=1.8533 | train_AP=0.3850 val_AP=0.4067 test_AP=0.4072
  -> New best val_AP=0.4067 (test=0.4072)
Epoch  21/200 [26.1s] | task=0.2820 distill=1.8605 | train_AP=0.3974 val_AP=0.4109 test_AP=0.4077
  -> New best val_AP=0.4109 (test=0.4077)
Epoch  22/200 [26.7s] | task=0.2792 distill=1.8888 | train_AP=0.4053 val_AP=0.4224 test_AP=0.4167
  -> New best val_AP=0.4224 (test=0.4167)
Epoch  23/200 [26.7s] | task=0.2761 distill=1.8854 | train_AP=0.4124 val_AP=0.4280 test_AP=0.4206
  -> New best val_AP=0.4280 (test=0.4206)
Epoch  24/200 [25.2s] | task=0.2753 distill=1.8851 | train_AP=0.4143 val_AP=0.4352 test_AP=0.4281
  -> New best val_AP=0.4352 (test=0.4281)
Epoch  25/200 [25.9s] | task=0.2726 distill=1.8713 | train_AP=0.4213 val_AP=0.4420 test_AP=0.4282
  -> New best val_AP=0.4420 (test=0.4282)
Epoch  26/200 [25.2s] | task=0.2711 distill=1.8289 | train_AP=0.4264 val_AP=0.4493 test_AP=0.4370
  -> New best val_AP=0.4493 (test=0.4370)
Epoch  27/200 [26.0s] | task=0.2698 distill=1.8004 | train_AP=0.4302 val_AP=0.4498 test_AP=0.4364
  -> New best val_AP=0.4498 (test=0.4364)
Epoch  28/200 [26.1s] | task=0.2684 distill=1.7850 | train_AP=0.4333 val_AP=0.4565 test_AP=0.4380
  -> New best val_AP=0.4565 (test=0.4380)
Epoch  29/200 [25.2s] | task=0.2667 distill=1.8060 | train_AP=0.4375 val_AP=0.4579 test_AP=0.4397
  -> New best val_AP=0.4579 (test=0.4397)
Epoch  30/200 [25.7s] | task=0.2657 distill=1.7893 | train_AP=0.4411 val_AP=0.4579 test_AP=0.4386
Epoch  31/200 [25.4s] | task=0.2655 distill=1.7521 | train_AP=0.4413 val_AP=0.4636 test_AP=0.4414
  -> New best val_AP=0.4636 (test=0.4414)
Epoch  32/200 [26.0s] | task=0.2652 distill=1.7421 | train_AP=0.4422 val_AP=0.4669 test_AP=0.4482
  -> New best val_AP=0.4669 (test=0.4482)
Epoch  33/200 [27.9s] | task=0.2628 distill=1.7521 | train_AP=0.4463 val_AP=0.4695 test_AP=0.4497
  -> New best val_AP=0.4695 (test=0.4497)
Epoch  34/200 [26.0s] | task=0.2619 distill=1.7115 | train_AP=0.4508 val_AP=0.4703 test_AP=0.4497
  -> New best val_AP=0.4703 (test=0.4497)
Epoch  35/200 [25.7s] | task=0.2615 distill=1.6998 | train_AP=0.4497 val_AP=0.4729 test_AP=0.4504
  -> New best val_AP=0.4729 (test=0.4504)
Epoch  36/200 [25.6s] | task=0.2610 distill=1.6926 | train_AP=0.4511 val_AP=0.4718 test_AP=0.4494
Epoch  37/200 [26.0s] | task=0.2593 distill=1.6502 | train_AP=0.4558 val_AP=0.4763 test_AP=0.4521
  -> New best val_AP=0.4763 (test=0.4521)
Epoch  38/200 [27.5s] | task=0.2625 distill=1.6585 | train_AP=0.4500 val_AP=0.4777 test_AP=0.4545
  -> New best val_AP=0.4777 (test=0.4545)
Epoch  39/200 [25.8s] | task=0.2588 distill=1.6595 | train_AP=0.4586 val_AP=0.4786 test_AP=0.4544
  -> New best val_AP=0.4786 (test=0.4544)
Epoch  40/200 [26.0s] | task=0.2577 distill=1.6432 | train_AP=0.4653 val_AP=0.4816 test_AP=0.4578
  -> New best val_AP=0.4816 (test=0.4578)
Epoch  41/200 [26.3s] | task=0.2581 distill=1.6193 | train_AP=0.4645 val_AP=0.4845 test_AP=0.4575
  -> New best val_AP=0.4845 (test=0.4575)
Epoch  42/200 [25.6s] | task=0.2569 distill=1.6147 | train_AP=0.4650 val_AP=0.4828 test_AP=0.4551
Epoch  43/200 [26.1s] | task=0.2562 distill=1.5850 | train_AP=0.4657 val_AP=0.4858 test_AP=0.4614
  -> New best val_AP=0.4858 (test=0.4614)
Epoch  44/200 [25.7s] | task=0.2557 distill=1.6077 | train_AP=0.4695 val_AP=0.4867 test_AP=0.4618
  -> New best val_AP=0.4867 (test=0.4618)
Epoch  45/200 [25.6s] | task=0.2548 distill=1.5978 | train_AP=0.4706 val_AP=0.4878 test_AP=0.4620
  -> New best val_AP=0.4878 (test=0.4620)
Epoch  46/200 [26.3s] | task=0.2544 distill=1.5853 | train_AP=0.4738 val_AP=0.4883 test_AP=0.4641
  -> New best val_AP=0.4883 (test=0.4641)
Epoch  47/200 [26.1s] | task=0.2539 distill=1.5936 | train_AP=0.4750 val_AP=0.4909 test_AP=0.4645
  -> New best val_AP=0.4909 (test=0.4645)
Epoch  48/200 [26.0s] | task=0.2533 distill=1.5974 | train_AP=0.4731 val_AP=0.4906 test_AP=0.4632
Epoch  49/200 [26.0s] | task=0.2529 distill=1.5694 | train_AP=0.4760 val_AP=0.4899 test_AP=0.4664
Epoch  50/200 [26.0s] | task=0.2526 distill=1.6038 | train_AP=0.4765 val_AP=0.4916 test_AP=0.4639
  -> New best val_AP=0.4916 (test=0.4639)
Epoch  51/200 [26.7s] | task=0.2516 distill=1.5864 | train_AP=0.4752 val_AP=0.4926 test_AP=0.4612
  -> New best val_AP=0.4926 (test=0.4612)
Epoch  52/200 [26.1s] | task=0.2512 distill=1.6040 | train_AP=0.4796 val_AP=0.4972 test_AP=0.4659
  -> New best val_AP=0.4972 (test=0.4659)
Epoch  53/200 [25.7s] | task=0.2520 distill=1.5778 | train_AP=0.4823 val_AP=0.4996 test_AP=0.4706
  -> New best val_AP=0.4996 (test=0.4706)
Epoch  54/200 [25.0s] | task=0.2498 distill=1.5834 | train_AP=0.4829 val_AP=0.4923 test_AP=0.4608
Epoch  55/200 [25.8s] | task=0.2498 distill=1.5651 | train_AP=0.4836 val_AP=0.5013 test_AP=0.4728
  -> New best val_AP=0.5013 (test=0.4728)
Epoch  56/200 [26.2s] | task=0.2496 distill=1.5849 | train_AP=0.4844 val_AP=0.4981 test_AP=0.4702
Epoch  57/200 [25.2s] | task=0.2478 distill=1.5571 | train_AP=0.4890 val_AP=0.4928 test_AP=0.4650
Epoch  58/200 [25.1s] | task=0.2491 distill=1.5675 | train_AP=0.4856 val_AP=0.5030 test_AP=0.4723
  -> New best val_AP=0.5030 (test=0.4723)
Epoch  59/200 [26.3s] | task=0.2474 distill=1.5645 | train_AP=0.4859 val_AP=0.5013 test_AP=0.4741
Epoch  60/200 [26.3s] | task=0.2473 distill=1.5745 | train_AP=0.4890 val_AP=0.4972 test_AP=0.4676
Epoch  61/200 [25.5s] | task=0.2470 distill=1.5819 | train_AP=0.4886 val_AP=0.5040 test_AP=0.4727
  -> New best val_AP=0.5040 (test=0.4727)
Epoch  62/200 [25.6s] | task=0.2468 distill=1.5702 | train_AP=0.4903 val_AP=0.4994 test_AP=0.4718
Epoch  63/200 [25.4s] | task=0.2470 distill=1.5748 | train_AP=0.4923 val_AP=0.5023 test_AP=0.4767
Epoch  64/200 [26.2s] | task=0.2467 distill=1.5629 | train_AP=0.4913 val_AP=0.4965 test_AP=0.4720
Epoch  65/200 [25.5s] | task=0.2461 distill=1.5704 | train_AP=0.4924 val_AP=0.5054 test_AP=0.4746
  -> New best val_AP=0.5054 (test=0.4746)
Epoch  66/200 [25.7s] | task=0.2457 distill=1.5938 | train_AP=0.4953 val_AP=0.5059 test_AP=0.4764
  -> New best val_AP=0.5059 (test=0.4764)
Epoch  67/200 [26.2s] | task=0.2446 distill=1.5799 | train_AP=0.4959 val_AP=0.5047 test_AP=0.4774
Epoch  68/200 [25.2s] | task=0.2442 distill=1.5851 | train_AP=0.4993 val_AP=0.5076 test_AP=0.4739
  -> New best val_AP=0.5076 (test=0.4739)
Epoch  69/200 [26.8s] | task=0.2440 distill=1.5776 | train_AP=0.4987 val_AP=0.5049 test_AP=0.4748
Epoch  70/200 [26.1s] | task=0.2437 distill=1.5854 | train_AP=0.5017 val_AP=0.5089 test_AP=0.4782
  -> New best val_AP=0.5089 (test=0.4782)
Epoch  71/200 [26.1s] | task=0.2433 distill=1.5727 | train_AP=0.5036 val_AP=0.5126 test_AP=0.4811
  -> New best val_AP=0.5126 (test=0.4811)
Epoch  72/200 [25.4s] | task=0.2433 distill=1.5926 | train_AP=0.5008 val_AP=0.5093 test_AP=0.4792
Epoch  73/200 [25.7s] | task=0.2432 distill=1.5922 | train_AP=0.5023 val_AP=0.5130 test_AP=0.4820
  -> New best val_AP=0.5130 (test=0.4820)
Epoch  74/200 [25.6s] | task=0.2428 distill=1.5894 | train_AP=0.5031 val_AP=0.5090 test_AP=0.4797
Epoch  75/200 [26.7s] | task=0.2426 distill=1.5949 | train_AP=0.5053 val_AP=0.5112 test_AP=0.4792
Epoch  76/200 [25.8s] | task=0.2415 distill=1.5851 | train_AP=0.5030 val_AP=0.5078 test_AP=0.4758
Epoch  77/200 [26.3s] | task=0.2423 distill=1.6054 | train_AP=0.5056 val_AP=0.5134 test_AP=0.4863
  -> New best val_AP=0.5134 (test=0.4863)
Epoch  78/200 [25.7s] | task=0.2406 distill=1.6024 | train_AP=0.5063 val_AP=0.5166 test_AP=0.4850
  -> New best val_AP=0.5166 (test=0.4850)
Epoch  79/200 [26.0s] | task=0.2403 distill=1.5956 | train_AP=0.5100 val_AP=0.5168 test_AP=0.4870
  -> New best val_AP=0.5168 (test=0.4870)
Epoch  80/200 [28.0s] | task=0.2396 distill=1.6014 | train_AP=0.5135 val_AP=0.5160 test_AP=0.4856
Epoch  81/200 [25.7s] | task=0.2397 distill=1.5892 | train_AP=0.5127 val_AP=0.5174 test_AP=0.4863
  -> New best val_AP=0.5174 (test=0.4863)
Epoch  82/200 [25.8s] | task=0.2396 distill=1.5943 | train_AP=0.5152 val_AP=0.5173 test_AP=0.4901
Epoch  83/200 [25.7s] | task=0.2390 distill=1.5977 | train_AP=0.5132 val_AP=0.5214 test_AP=0.4890
  -> New best val_AP=0.5214 (test=0.4890)
Epoch  84/200 [25.7s] | task=0.2380 distill=1.6175 | train_AP=0.5149 val_AP=0.5170 test_AP=0.4871
Epoch  85/200 [25.8s] | task=0.2381 distill=1.6013 | train_AP=0.5156 val_AP=0.5176 test_AP=0.4885
Epoch  86/200 [26.3s] | task=0.2394 distill=1.6305 | train_AP=0.5146 val_AP=0.5199 test_AP=0.4903
Epoch  87/200 [25.6s] | task=0.2381 distill=1.6178 | train_AP=0.5155 val_AP=0.5234 test_AP=0.4911
  -> New best val_AP=0.5234 (test=0.4911)
Epoch  88/200 [26.2s] | task=0.2375 distill=1.6053 | train_AP=0.5194 val_AP=0.5229 test_AP=0.4933
Epoch  89/200 [25.3s] | task=0.2378 distill=1.6246 | train_AP=0.5179 val_AP=0.5214 test_AP=0.4940
Epoch  90/200 [26.2s] | task=0.2369 distill=1.6113 | train_AP=0.5214 val_AP=0.5258 test_AP=0.4931
  -> New best val_AP=0.5258 (test=0.4931)
Epoch  91/200 [25.4s] | task=0.2367 distill=1.6175 | train_AP=0.5215 val_AP=0.5231 test_AP=0.4933
Epoch  92/200 [25.2s] | task=0.2366 distill=1.6258 | train_AP=0.5217 val_AP=0.5245 test_AP=0.4954
Epoch  93/200 [26.4s] | task=0.2364 distill=1.6199 | train_AP=0.5216 val_AP=0.5248 test_AP=0.4951
Epoch  94/200 [25.7s] | task=0.2356 distill=1.6249 | train_AP=0.5249 val_AP=0.5251 test_AP=0.4954
Epoch  95/200 [26.2s] | task=0.2359 distill=1.6469 | train_AP=0.5238 val_AP=0.5243 test_AP=0.4960
Epoch  96/200 [25.7s] | task=0.2350 distill=1.6384 | train_AP=0.5273 val_AP=0.5278 test_AP=0.4950
  -> New best val_AP=0.5278 (test=0.4950)
Epoch  97/200 [25.8s] | task=0.2358 distill=1.6354 | train_AP=0.5245 val_AP=0.5263 test_AP=0.4966
Epoch  98/200 [26.9s] | task=0.2358 distill=1.6481 | train_AP=0.5271 val_AP=0.5242 test_AP=0.4970
Epoch  99/200 [26.5s] | task=0.2347 distill=1.6568 | train_AP=0.5251 val_AP=0.5283 test_AP=0.4990
  -> New best val_AP=0.5283 (test=0.4990)
Epoch 100/200 [25.7s] | task=0.2347 distill=1.6501 | train_AP=0.5265 val_AP=0.5255 test_AP=0.4971
Epoch 101/200 [26.1s] | task=0.2339 distill=1.6520 | train_AP=0.5273 val_AP=0.5285 test_AP=0.4974
  -> New best val_AP=0.5285 (test=0.4974)
Epoch 102/200 [25.7s] | task=0.2352 distill=1.6397 | train_AP=0.5250 val_AP=0.5291 test_AP=0.4998
  -> New best val_AP=0.5291 (test=0.4998)
Epoch 103/200 [25.9s] | task=0.2339 distill=1.6472 | train_AP=0.5295 val_AP=0.5268 test_AP=0.4986
Epoch 104/200 [25.9s] | task=0.2333 distill=1.6599 | train_AP=0.5324 val_AP=0.5322 test_AP=0.4990
  -> New best val_AP=0.5322 (test=0.4990)
Epoch 105/200 [25.6s] | task=0.2330 distill=1.6639 | train_AP=0.5311 val_AP=0.5291 test_AP=0.4992
Epoch 106/200 [25.7s] | task=0.2332 distill=1.6553 | train_AP=0.5334 val_AP=0.5303 test_AP=0.5014
Epoch 107/200 [25.8s] | task=0.2322 distill=1.6649 | train_AP=0.5354 val_AP=0.5272 test_AP=0.5003
Epoch 108/200 [26.5s] | task=0.2322 distill=1.6651 | train_AP=0.5359 val_AP=0.5268 test_AP=0.4982
Epoch 109/200 [26.7s] | task=0.2329 distill=1.6616 | train_AP=0.5330 val_AP=0.5319 test_AP=0.5026
Epoch 110/200 [25.7s] | task=0.2319 distill=1.6496 | train_AP=0.5365 val_AP=0.5332 test_AP=0.5033
  -> New best val_AP=0.5332 (test=0.5033)
Epoch 111/200 [26.6s] | task=0.2322 distill=1.6581 | train_AP=0.5371 val_AP=0.5308 test_AP=0.5032
Epoch 112/200 [24.8s] | task=0.2318 distill=1.6595 | train_AP=0.5342 val_AP=0.5296 test_AP=0.5026
Epoch 113/200 [24.8s] | task=0.2322 distill=1.6619 | train_AP=0.5353 val_AP=0.5336 test_AP=0.5054
  -> New best val_AP=0.5336 (test=0.5054)
Epoch 114/200 [26.3s] | task=0.2308 distill=1.6690 | train_AP=0.5364 val_AP=0.5340 test_AP=0.5030
  -> New best val_AP=0.5340 (test=0.5030)
Epoch 115/200 [26.6s] | task=0.2309 distill=1.6535 | train_AP=0.5417 val_AP=0.5339 test_AP=0.5043
Epoch 116/200 [25.9s] | task=0.2313 distill=1.6710 | train_AP=0.5386 val_AP=0.5325 test_AP=0.5034
Epoch 117/200 [25.6s] | task=0.2302 distill=1.6689 | train_AP=0.5398 val_AP=0.5304 test_AP=0.5046
Epoch 118/200 [25.3s] | task=0.2304 distill=1.6692 | train_AP=0.5396 val_AP=0.5326 test_AP=0.5064
Epoch 119/200 [25.4s] | task=0.2305 distill=1.6758 | train_AP=0.5378 val_AP=0.5305 test_AP=0.5056
Epoch 120/200 [26.0s] | task=0.2298 distill=1.6661 | train_AP=0.5427 val_AP=0.5344 test_AP=0.5071
  -> New best val_AP=0.5344 (test=0.5071)
Epoch 121/200 [25.6s] | task=0.2304 distill=1.6659 | train_AP=0.5398 val_AP=0.5329 test_AP=0.5075
Epoch 122/200 [25.5s] | task=0.2294 distill=1.6684 | train_AP=0.5430 val_AP=0.5365 test_AP=0.5091
  -> New best val_AP=0.5365 (test=0.5091)
Epoch 123/200 [25.8s] | task=0.2295 distill=1.6720 | train_AP=0.5441 val_AP=0.5369 test_AP=0.5086
  -> New best val_AP=0.5369 (test=0.5086)
Epoch 124/200 [25.9s] | task=0.2295 distill=1.6582 | train_AP=0.5433 val_AP=0.5329 test_AP=0.5083
Epoch 125/200 [26.2s] | task=0.2300 distill=1.6768 | train_AP=0.5437 val_AP=0.5358 test_AP=0.5090
Epoch 126/200 [27.1s] | task=0.2294 distill=1.6646 | train_AP=0.5437 val_AP=0.5369 test_AP=0.5096
Epoch 127/200 [26.1s] | task=0.2289 distill=1.6753 | train_AP=0.5434 val_AP=0.5369 test_AP=0.5089
Epoch 128/200 [25.6s] | task=0.2282 distill=1.6795 | train_AP=0.5448 val_AP=0.5365 test_AP=0.5094
Epoch 129/200 [25.3s] | task=0.2280 distill=1.6676 | train_AP=0.5482 val_AP=0.5375 test_AP=0.5105
  -> New best val_AP=0.5375 (test=0.5105)
Epoch 130/200 [27.0s] | task=0.2280 distill=1.6734 | train_AP=0.5479 val_AP=0.5357 test_AP=0.5096
Epoch 131/200 [25.4s] | task=0.2285 distill=1.6702 | train_AP=0.5497 val_AP=0.5377 test_AP=0.5103
  -> New best val_AP=0.5377 (test=0.5103)
Epoch 132/200 [25.5s] | task=0.2280 distill=1.6760 | train_AP=0.5489 val_AP=0.5376 test_AP=0.5099
Epoch 133/200 [25.5s] | task=0.2274 distill=1.6848 | train_AP=0.5490 val_AP=0.5367 test_AP=0.5111
Epoch 134/200 [26.0s] | task=0.2279 distill=1.6791 | train_AP=0.5501 val_AP=0.5388 test_AP=0.5090
  -> New best val_AP=0.5388 (test=0.5090)
Epoch 135/200 [26.0s] | task=0.2273 distill=1.6850 | train_AP=0.5495 val_AP=0.5370 test_AP=0.5108
Epoch 136/200 [25.4s] | task=0.2276 distill=1.6854 | train_AP=0.5481 val_AP=0.5364 test_AP=0.5098
Epoch 137/200 [25.5s] | task=0.2268 distill=1.6855 | train_AP=0.5504 val_AP=0.5383 test_AP=0.5134
Epoch 138/200 [25.7s] | task=0.2267 distill=1.6844 | train_AP=0.5493 val_AP=0.5401 test_AP=0.5124
  -> New best val_AP=0.5401 (test=0.5124)
Epoch 139/200 [26.1s] | task=0.2270 distill=1.6817 | train_AP=0.5529 val_AP=0.5382 test_AP=0.5115
Epoch 140/200 [26.0s] | task=0.2266 distill=1.6815 | train_AP=0.5536 val_AP=0.5395 test_AP=0.5120
Epoch 141/200 [26.7s] | task=0.2264 distill=1.6820 | train_AP=0.5518 val_AP=0.5373 test_AP=0.5119
Epoch 142/200 [26.6s] | task=0.2265 distill=1.6853 | train_AP=0.5522 val_AP=0.5387 test_AP=0.5113
Epoch 143/200 [25.8s] | task=0.2265 distill=1.6873 | train_AP=0.5533 val_AP=0.5409 test_AP=0.5143
  -> New best val_AP=0.5409 (test=0.5143)
Epoch 144/200 [25.3s] | task=0.2261 distill=1.6822 | train_AP=0.5532 val_AP=0.5411 test_AP=0.5122
  -> New best val_AP=0.5411 (test=0.5122)
Epoch 145/200 [25.4s] | task=0.2260 distill=1.6900 | train_AP=0.5507 val_AP=0.5395 test_AP=0.5135
Epoch 146/200 [26.2s] | task=0.2263 distill=1.6808 | train_AP=0.5523 val_AP=0.5400 test_AP=0.5134
Epoch 147/200 [25.6s] | task=0.2269 distill=1.6810 | train_AP=0.5519 val_AP=0.5407 test_AP=0.5133
Epoch 148/200 [26.1s] | task=0.2258 distill=1.6882 | train_AP=0.5536 val_AP=0.5413 test_AP=0.5146
  -> New best val_AP=0.5413 (test=0.5146)
Epoch 149/200 [25.4s] | task=0.2257 distill=1.6848 | train_AP=0.5526 val_AP=0.5419 test_AP=0.5142
  -> New best val_AP=0.5419 (test=0.5142)
Epoch 150/200 [26.2s] | task=0.2255 distill=1.6818 | train_AP=0.5541 val_AP=0.5403 test_AP=0.5144
Epoch 151/200 [25.9s] | task=0.2257 distill=1.6868 | train_AP=0.5534 val_AP=0.5416 test_AP=0.5153
Epoch 152/200 [25.5s] | task=0.2254 distill=1.6853 | train_AP=0.5541 val_AP=0.5414 test_AP=0.5136
Epoch 153/200 [25.9s] | task=0.2257 distill=1.6882 | train_AP=0.5564 val_AP=0.5410 test_AP=0.5154
Epoch 154/200 [25.8s] | task=0.2255 distill=1.6907 | train_AP=0.5535 val_AP=0.5418 test_AP=0.5148
Epoch 155/200 [25.7s] | task=0.2250 distill=1.6866 | train_AP=0.5573 val_AP=0.5410 test_AP=0.5146
Epoch 156/200 [25.8s] | task=0.2249 distill=1.6896 | train_AP=0.5567 val_AP=0.5430 test_AP=0.5145
  -> New best val_AP=0.5430 (test=0.5145)
Epoch 157/200 [25.7s] | task=0.2242 distill=1.6864 | train_AP=0.5594 val_AP=0.5412 test_AP=0.5158
Epoch 158/200 [25.6s] | task=0.2249 distill=1.6875 | train_AP=0.5570 val_AP=0.5413 test_AP=0.5146
Epoch 159/200 [25.6s] | task=0.2249 distill=1.6916 | train_AP=0.5574 val_AP=0.5431 test_AP=0.5165
  -> New best val_AP=0.5431 (test=0.5165)
Epoch 160/200 [26.1s] | task=0.2247 distill=1.6905 | train_AP=0.5561 val_AP=0.5419 test_AP=0.5165
Epoch 161/200 [26.3s] | task=0.2247 distill=1.6869 | train_AP=0.5590 val_AP=0.5426 test_AP=0.5150
Epoch 162/200 [26.2s] | task=0.2255 distill=1.6899 | train_AP=0.5552 val_AP=0.5426 test_AP=0.5164
Epoch 163/200 [25.3s] | task=0.2246 distill=1.6888 | train_AP=0.5579 val_AP=0.5424 test_AP=0.5148
Epoch 164/200 [26.1s] | task=0.2247 distill=1.6898 | train_AP=0.5555 val_AP=0.5424 test_AP=0.5154
Epoch 165/200 [26.0s] | task=0.2246 distill=1.6903 | train_AP=0.5578 val_AP=0.5430 test_AP=0.5149
Epoch 166/200 [26.7s] | task=0.2246 distill=1.6873 | train_AP=0.5575 val_AP=0.5423 test_AP=0.5147
Epoch 167/200 [25.7s] | task=0.2243 distill=1.6925 | train_AP=0.5580 val_AP=0.5428 test_AP=0.5158
Epoch 168/200 [25.7s] | task=0.2246 distill=1.6938 | train_AP=0.5563 val_AP=0.5429 test_AP=0.5151
Epoch 169/200 [26.3s] | task=0.2246 distill=1.6879 | train_AP=0.5552 val_AP=0.5424 test_AP=0.5149
Epoch 170/200 [27.2s] | task=0.2243 distill=1.6906 | train_AP=0.5601 val_AP=0.5429 test_AP=0.5159
Epoch 171/200 [26.2s] | task=0.2244 distill=1.6925 | train_AP=0.5574 val_AP=0.5431 test_AP=0.5158
Epoch 172/200 [26.1s] | task=0.2245 distill=1.6925 | train_AP=0.5587 val_AP=0.5430 test_AP=0.5157
Epoch 173/200 [26.9s] | task=0.2247 distill=1.6889 | train_AP=0.5597 val_AP=0.5432 test_AP=0.5161
  -> New best val_AP=0.5432 (test=0.5161)
Epoch 174/200 [26.2s] | task=0.2244 distill=1.6890 | train_AP=0.5574 val_AP=0.5432 test_AP=0.5152
  -> New best val_AP=0.5432 (test=0.5152)
Epoch 175/200 [25.9s] | task=0.2238 distill=1.6889 | train_AP=0.5580 val_AP=0.5431 test_AP=0.5158
Epoch 176/200 [26.3s] | task=0.2241 distill=1.6894 | train_AP=0.5578 val_AP=0.5437 test_AP=0.5163
  -> New best val_AP=0.5437 (test=0.5163)
Epoch 177/200 [25.6s] | task=0.2238 distill=1.6918 | train_AP=0.5608 val_AP=0.5434 test_AP=0.5153
Epoch 178/200 [25.3s] | task=0.2243 distill=1.6911 | train_AP=0.5583 val_AP=0.5432 test_AP=0.5156
Epoch 179/200 [26.3s] | task=0.2242 distill=1.6892 | train_AP=0.5603 val_AP=0.5433 test_AP=0.5158
Epoch 180/200 [25.8s] | task=0.2234 distill=1.6903 | train_AP=0.5606 val_AP=0.5432 test_AP=0.5166
Epoch 181/200 [26.1s] | task=0.2243 distill=1.6912 | train_AP=0.5607 val_AP=0.5432 test_AP=0.5154
Epoch 182/200 [25.3s] | task=0.2229 distill=1.6914 | train_AP=0.5603 val_AP=0.5433 test_AP=0.5163
Epoch 183/200 [26.9s] | task=0.2247 distill=1.6897 | train_AP=0.5578 val_AP=0.5439 test_AP=0.5160
  -> New best val_AP=0.5439 (test=0.5160)
Epoch 184/200 [25.3s] | task=0.2241 distill=1.6905 | train_AP=0.5599 val_AP=0.5438 test_AP=0.5160
Epoch 185/200 [26.1s] | task=0.2241 distill=1.6910 | train_AP=0.5598 val_AP=0.5436 test_AP=0.5164
Epoch 186/200 [25.3s] | task=0.2237 distill=1.6906 | train_AP=0.5603 val_AP=0.5432 test_AP=0.5164
Epoch 187/200 [25.1s] | task=0.2240 distill=1.6911 | train_AP=0.5622 val_AP=0.5429 test_AP=0.5163
Epoch 188/200 [26.9s] | task=0.2234 distill=1.6907 | train_AP=0.5592 val_AP=0.5433 test_AP=0.5165
Epoch 189/200 [28.3s] | task=0.2237 distill=1.6898 | train_AP=0.5598 val_AP=0.5430 test_AP=0.5166
Epoch 190/200 [27.1s] | task=0.2238 distill=1.6908 | train_AP=0.5595 val_AP=0.5432 test_AP=0.5166
Epoch 191/200 [27.1s] | task=0.2238 distill=1.6912 | train_AP=0.5627 val_AP=0.5433 test_AP=0.5163
Epoch 192/200 [25.8s] | task=0.2234 distill=1.6916 | train_AP=0.5613 val_AP=0.5433 test_AP=0.5164
Epoch 193/200 [26.7s] | task=0.2231 distill=1.6914 | train_AP=0.5612 val_AP=0.5433 test_AP=0.5165
Epoch 194/200 [25.8s] | task=0.2238 distill=1.6914 | train_AP=0.5599 val_AP=0.5431 test_AP=0.5160
Epoch 195/200 [26.6s] | task=0.2239 distill=1.6909 | train_AP=0.5585 val_AP=0.5432 test_AP=0.5161
Epoch 196/200 [25.5s] | task=0.2238 distill=1.6913 | train_AP=0.5639 val_AP=0.5431 test_AP=0.5161
Epoch 197/200 [28.2s] | task=0.2236 distill=1.6911 | train_AP=0.5599 val_AP=0.5433 test_AP=0.5161
Epoch 198/200 [25.3s] | task=0.2234 distill=1.6914 | train_AP=0.5603 val_AP=0.5432 test_AP=0.5163
Epoch 199/200 [25.8s] | task=0.2236 distill=1.6916 | train_AP=0.5607 val_AP=0.5431 test_AP=0.5163
Epoch 200/200 [26.1s] | task=0.2237 distill=1.6913 | train_AP=0.5621 val_AP=0.5433 test_AP=0.5164

Done. Baseline val_AP=0.1676 | Best distilled val_AP=0.5439 at epoch 183
