+ save_dir=checkpoints_attn_distill_5
+ python exp_attn_distillation_2.py pretrain --hidden_dim 512 --save_dir checkpoints_attn_distill_5 --num_layers 1 --num_heads 16 --proxy_lr 8e-2 --no-use_lap_pe --warmup_ratio 0.05 --num_cross_layers 1 --no-use_proxy_self_attn --proxy_mmd_lambda 1.5 --proxy_opt_steps 1000 --distill_weight 1 --temperature 2 --s1_max_epochs 1000 --s1_weight_decay 5e-4 --batch_size 128 --num_proxies 128 --dropout 0.2
{'phase': 'pretrain', 'model_path': None, 'save_dir': 'checkpoints_attn_distill_5', 'hidden_dim': 512, 'num_layers': 1, 'num_heads': 16, 'output_dim': 10, 'dropout': 0.2, 's1_lr': 3e-05, 's1_weight_decay': 0.0005, 's1_max_epochs': 1000, 's1_patience': 50, 's1_grad_clip': 1.0, 'warmup_ratio': 0.05, 'lr_min': 1e-07, 'num_cross_layers': 1, 'use_proxy_self_attn': False, 'num_proxies': 128, 'proxy_lr': 0.08, 'proxy_opt_steps': 1000, 'proxy_mmd_lambda': 1.5, 'distill_weight': 1.0, 'temperature': 2.0, 'distill_layers': 'all', 'lr': 5e-05, 'weight_decay': 0.0001, 'max_epochs': 200, 'patience': 30, 'grad_clip': 1.0, 'batch_size': 128, 'num_workers': 4, 'device': 'cuda'}
Unknown args =  ['--no-use_lap_pe']

============================================================
PRETRAIN: Train Graph Transformer from scratch
  hidden_dim=512, num_layers=1, num_heads=16
  s1_lr=3e-05, s1_weight_decay=0.0005, dropout=0.2
  s1_max_epochs=1000, s1_patience=50
============================================================
  Parameters: 3,770,378
Epoch   1/1000 [11.2s mem=10986MB] | train_loss=0.6858 train_AP=0.1663 | val_loss=0.6709 val_AP=0.1773
  -> New best: val_loss=0.6709 val_AP=0.1773, saved
Epoch   2/1000 [10.3s mem=10985MB] | train_loss=0.6482 train_AP=0.1673 | val_loss=0.6141 val_AP=0.1875
  -> New best: val_loss=0.6141 val_AP=0.1875, saved
Epoch   3/1000 [11.9s mem=10993MB] | train_loss=0.5820 train_AP=0.1651 | val_loss=0.5312 val_AP=0.1873
  -> New best: val_loss=0.5312 val_AP=0.1875, saved
Epoch   4/1000 [11.8s mem=10988MB] | train_loss=0.4942 train_AP=0.1666 | val_loss=0.4378 val_AP=0.1840
  -> New best: val_loss=0.4378 val_AP=0.1875, saved
Epoch   5/1000 [11.8s mem=10984MB] | train_loss=0.4142 train_AP=0.1655 | val_loss=0.3766 val_AP=0.1857
  -> New best: val_loss=0.3766 val_AP=0.1875, saved
Epoch   6/1000 [11.9s mem=10989MB] | train_loss=0.3735 train_AP=0.1661 | val_loss=0.3603 val_AP=0.1877
  -> New best: val_loss=0.3603 val_AP=0.1877, saved
Epoch   7/1000 [11.9s mem=10983MB] | train_loss=0.3630 train_AP=0.1681 | val_loss=0.3580 val_AP=0.1927
  -> New best: val_loss=0.3580 val_AP=0.1927, saved
Epoch   8/1000 [11.9s mem=10988MB] | train_loss=0.3617 train_AP=0.1653 | val_loss=0.3578 val_AP=0.1977
  -> New best: val_loss=0.3578 val_AP=0.1977, saved
Epoch   9/1000 [11.9s mem=10990MB] | train_loss=0.3613 train_AP=0.1658 | val_loss=0.3577 val_AP=0.2024
  -> New best: val_loss=0.3577 val_AP=0.2024, saved
Epoch  10/1000 [11.9s mem=10984MB] | train_loss=0.3609 train_AP=0.1666 | val_loss=0.3575 val_AP=0.2027 | test_AP=0.2003
  -> New best: val_loss=0.3575 val_AP=0.2027, saved
Epoch  11/1000 [11.9s mem=10989MB] | train_loss=0.3606 train_AP=0.1666 | val_loss=0.3573 val_AP=0.2077
  -> New best: val_loss=0.3573 val_AP=0.2077, saved
Epoch  12/1000 [11.9s mem=10994MB] | train_loss=0.3598 train_AP=0.1697 | val_loss=0.3573 val_AP=0.2104
  -> New best: val_loss=0.3573 val_AP=0.2104, saved
Epoch  13/1000 [11.8s mem=10988MB] | train_loss=0.3609 train_AP=0.1663 | val_loss=0.3571 val_AP=0.2134
  -> New best: val_loss=0.3571 val_AP=0.2134, saved
Epoch  14/1000 [11.9s mem=10989MB] | train_loss=0.3602 train_AP=0.1682 | val_loss=0.3566 val_AP=0.2165
  -> New best: val_loss=0.3566 val_AP=0.2165, saved
Epoch  15/1000 [11.8s mem=10984MB] | train_loss=0.3593 train_AP=0.1699 | val_loss=0.3564 val_AP=0.2212
  -> New best: val_loss=0.3564 val_AP=0.2212, saved
Epoch  16/1000 [11.9s mem=10979MB] | train_loss=0.3589 train_AP=0.1727 | val_loss=0.3544 val_AP=0.2281
  -> New best: val_loss=0.3544 val_AP=0.2281, saved
Epoch  17/1000 [11.9s mem=10991MB] | train_loss=0.3554 train_AP=0.1841 | val_loss=0.3496 val_AP=0.2294
  -> New best: val_loss=0.3496 val_AP=0.2294, saved
Epoch  18/1000 [11.9s mem=10983MB] | train_loss=0.3527 train_AP=0.1967 | val_loss=0.3474 val_AP=0.2357
  -> New best: val_loss=0.3474 val_AP=0.2357, saved
Epoch  19/1000 [11.9s mem=10988MB] | train_loss=0.3492 train_AP=0.2097 | val_loss=0.3430 val_AP=0.2472
  -> New best: val_loss=0.3430 val_AP=0.2472, saved
Epoch  20/1000 [11.9s mem=10982MB] | train_loss=0.3434 train_AP=0.2311 | val_loss=0.3340 val_AP=0.2683 | test_AP=0.2551
  -> New best: val_loss=0.3340 val_AP=0.2683, saved
Epoch  21/1000 [11.8s mem=10990MB] | train_loss=0.3361 train_AP=0.2520 | val_loss=0.3265 val_AP=0.2940
  -> New best: val_loss=0.3265 val_AP=0.2940, saved
Epoch  22/1000 [11.9s mem=10984MB] | train_loss=0.3269 train_AP=0.2818 | val_loss=0.3189 val_AP=0.3125
  -> New best: val_loss=0.3189 val_AP=0.3125, saved
Epoch  23/1000 [11.8s mem=10989MB] | train_loss=0.3204 train_AP=0.2990 | val_loss=0.3121 val_AP=0.3218
  -> New best: val_loss=0.3121 val_AP=0.3218, saved
Epoch  24/1000 [11.9s mem=10984MB] | train_loss=0.3148 train_AP=0.3124 | val_loss=0.3065 val_AP=0.3366
  -> New best: val_loss=0.3065 val_AP=0.3366, saved
Epoch  25/1000 [11.9s mem=10989MB] | train_loss=0.3081 train_AP=0.3290 | val_loss=0.3012 val_AP=0.3504
  -> New best: val_loss=0.3012 val_AP=0.3504, saved
Epoch  26/1000 [11.9s mem=10986MB] | train_loss=0.3022 train_AP=0.3437 | val_loss=0.2951 val_AP=0.3647
  -> New best: val_loss=0.2951 val_AP=0.3647, saved
Epoch  27/1000 [11.7s mem=10991MB] | train_loss=0.2967 train_AP=0.3607 | val_loss=0.2914 val_AP=0.3780
  -> New best: val_loss=0.2914 val_AP=0.3780, saved
Epoch  28/1000 [11.8s mem=10987MB] | train_loss=0.2938 train_AP=0.3665 | val_loss=0.2875 val_AP=0.3874
  -> New best: val_loss=0.2875 val_AP=0.3874, saved
Epoch  29/1000 [11.9s mem=10986MB] | train_loss=0.2890 train_AP=0.3799 | val_loss=0.2854 val_AP=0.3975
  -> New best: val_loss=0.2854 val_AP=0.3975, saved
Epoch  30/1000 [11.9s mem=10989MB] | train_loss=0.2856 train_AP=0.3873 | val_loss=0.2825 val_AP=0.4086 | test_AP=0.3933
  -> New best: val_loss=0.2825 val_AP=0.4086, saved
Epoch  31/1000 [11.9s mem=10992MB] | train_loss=0.2835 train_AP=0.3918 | val_loss=0.2805 val_AP=0.4172
  -> New best: val_loss=0.2805 val_AP=0.4172, saved
Epoch  32/1000 [11.9s mem=10983MB] | train_loss=0.2804 train_AP=0.4006 | val_loss=0.2738 val_AP=0.4247
  -> New best: val_loss=0.2738 val_AP=0.4247, saved
Epoch  33/1000 [11.9s mem=10990MB] | train_loss=0.2795 train_AP=0.4050 | val_loss=0.2733 val_AP=0.4289
  -> New best: val_loss=0.2733 val_AP=0.4289, saved
Epoch  34/1000 [11.8s mem=10989MB] | train_loss=0.2775 train_AP=0.4105 | val_loss=0.2731 val_AP=0.4333
  -> New best: val_loss=0.2731 val_AP=0.4333, saved
Epoch  35/1000 [11.9s mem=10985MB] | train_loss=0.2747 train_AP=0.4179 | val_loss=0.2783 val_AP=0.4306
Epoch  36/1000 [11.9s mem=10992MB] | train_loss=0.2729 train_AP=0.4254 | val_loss=0.2715 val_AP=0.4439
  -> New best: val_loss=0.2715 val_AP=0.4439, saved
Epoch  37/1000 [11.9s mem=10992MB] | train_loss=0.2705 train_AP=0.4252 | val_loss=0.2723 val_AP=0.4463
  -> New best: val_loss=0.2715 val_AP=0.4463, saved
Epoch  38/1000 [11.8s mem=10988MB] | train_loss=0.2683 train_AP=0.4329 | val_loss=0.2665 val_AP=0.4574
  -> New best: val_loss=0.2665 val_AP=0.4574, saved
Epoch  39/1000 [11.9s mem=10992MB] | train_loss=0.2658 train_AP=0.4398 | val_loss=0.2653 val_AP=0.4591
  -> New best: val_loss=0.2653 val_AP=0.4591, saved
Epoch  40/1000 [12.0s mem=10992MB] | train_loss=0.2653 train_AP=0.4405 | val_loss=0.2632 val_AP=0.4669 | test_AP=0.4382
  -> New best: val_loss=0.2632 val_AP=0.4669, saved
Epoch  41/1000 [12.0s mem=10994MB] | train_loss=0.2632 train_AP=0.4487 | val_loss=0.2644 val_AP=0.4674
  -> New best: val_loss=0.2632 val_AP=0.4674, saved
Epoch  42/1000 [11.9s mem=10985MB] | train_loss=0.2623 train_AP=0.4487 | val_loss=0.2618 val_AP=0.4708
  -> New best: val_loss=0.2618 val_AP=0.4708, saved
Epoch  43/1000 [11.9s mem=10982MB] | train_loss=0.2603 train_AP=0.4542 | val_loss=0.2575 val_AP=0.4821
  -> New best: val_loss=0.2575 val_AP=0.4821, saved
Epoch  44/1000 [11.9s mem=10989MB] | train_loss=0.2586 train_AP=0.4584 | val_loss=0.2600 val_AP=0.4760
Epoch  45/1000 [11.9s mem=10991MB] | train_loss=0.2586 train_AP=0.4571 | val_loss=0.2641 val_AP=0.4763
Epoch  46/1000 [11.9s mem=10991MB] | train_loss=0.2583 train_AP=0.4584 | val_loss=0.2572 val_AP=0.4838
  -> New best: val_loss=0.2572 val_AP=0.4838, saved
Epoch  47/1000 [12.0s mem=10986MB] | train_loss=0.2571 train_AP=0.4640 | val_loss=0.2572 val_AP=0.4899
  -> New best: val_loss=0.2572 val_AP=0.4899, saved
Epoch  48/1000 [11.9s mem=10987MB] | train_loss=0.2540 train_AP=0.4679 | val_loss=0.2589 val_AP=0.4926
  -> New best: val_loss=0.2572 val_AP=0.4926, saved
Epoch  49/1000 [11.9s mem=10991MB] | train_loss=0.2542 train_AP=0.4716 | val_loss=0.2620 val_AP=0.4907
Epoch  50/1000 [11.9s mem=10991MB] | train_loss=0.2538 train_AP=0.4747 | val_loss=0.2568 val_AP=0.4961 | test_AP=0.4656
  -> New best: val_loss=0.2568 val_AP=0.4961, saved
Epoch  51/1000 [11.9s mem=10983MB] | train_loss=0.2527 train_AP=0.4777 | val_loss=0.2516 val_AP=0.5063
  -> New best: val_loss=0.2516 val_AP=0.5063, saved
Epoch  52/1000 [11.8s mem=10980MB] | train_loss=0.2509 train_AP=0.4795 | val_loss=0.2584 val_AP=0.4970
Epoch  53/1000 [11.8s mem=10991MB] | train_loss=0.2508 train_AP=0.4809 | val_loss=0.2646 val_AP=0.4959
Epoch  54/1000 [11.9s mem=10989MB] | train_loss=0.2491 train_AP=0.4851 | val_loss=0.2629 val_AP=0.4920
Epoch  55/1000 [11.8s mem=10983MB] | train_loss=0.2482 train_AP=0.4899 | val_loss=0.2517 val_AP=0.5059
Epoch  56/1000 [12.0s mem=10980MB] | train_loss=0.2469 train_AP=0.4916 | val_loss=0.2548 val_AP=0.5060
Epoch  57/1000 [11.9s mem=10980MB] | train_loss=0.2465 train_AP=0.4942 | val_loss=0.2477 val_AP=0.5070
  -> New best: val_loss=0.2477 val_AP=0.5070, saved
Epoch  58/1000 [11.9s mem=10988MB] | train_loss=0.2443 train_AP=0.4975 | val_loss=0.2532 val_AP=0.5109
  -> New best: val_loss=0.2477 val_AP=0.5109, saved
Epoch  59/1000 [11.9s mem=10990MB] | train_loss=0.2427 train_AP=0.5010 | val_loss=0.2464 val_AP=0.5178
  -> New best: val_loss=0.2464 val_AP=0.5178, saved
Epoch  60/1000 [12.1s mem=10979MB] | train_loss=0.2405 train_AP=0.5062 | val_loss=0.2477 val_AP=0.5163 | test_AP=0.4837
Epoch  61/1000 [11.0s mem=10986MB] | train_loss=0.2402 train_AP=0.5091 | val_loss=0.2530 val_AP=0.5210
  -> New best: val_loss=0.2464 val_AP=0.5210, saved
Epoch  62/1000 [10.7s mem=10982MB] | train_loss=0.2390 train_AP=0.5133 | val_loss=0.2619 val_AP=0.5051
Epoch  63/1000 [10.6s mem=10983MB] | train_loss=0.2382 train_AP=0.5153 | val_loss=0.2461 val_AP=0.5295
  -> New best: val_loss=0.2461 val_AP=0.5295, saved
Epoch  64/1000 [10.6s mem=10979MB] | train_loss=0.2367 train_AP=0.5205 | val_loss=0.2510 val_AP=0.5211
Epoch  65/1000 [10.5s mem=10985MB] | train_loss=0.2367 train_AP=0.5212 | val_loss=0.2497 val_AP=0.5261
Epoch  66/1000 [10.4s mem=10985MB] | train_loss=0.2354 train_AP=0.5256 | val_loss=0.2478 val_AP=0.5207
Epoch  67/1000 [11.9s mem=10993MB] | train_loss=0.2347 train_AP=0.5257 | val_loss=0.2458 val_AP=0.5328
  -> New best: val_loss=0.2458 val_AP=0.5328, saved
Epoch  68/1000 [11.8s mem=10992MB] | train_loss=0.2342 train_AP=0.5304 | val_loss=0.2435 val_AP=0.5414
  -> New best: val_loss=0.2435 val_AP=0.5414, saved
Epoch  69/1000 [12.0s mem=10987MB] | train_loss=0.2329 train_AP=0.5330 | val_loss=0.2423 val_AP=0.5397
  -> New best: val_loss=0.2423 val_AP=0.5414, saved
Epoch  70/1000 [11.9s mem=10994MB] | train_loss=0.2319 train_AP=0.5319 | val_loss=0.2458 val_AP=0.5354 | test_AP=0.5025
Epoch  71/1000 [11.8s mem=10991MB] | train_loss=0.2303 train_AP=0.5381 | val_loss=0.2460 val_AP=0.5414
Epoch  72/1000 [11.9s mem=10986MB] | train_loss=0.2301 train_AP=0.5390 | val_loss=0.2473 val_AP=0.5351
Epoch  73/1000 [12.0s mem=10990MB] | train_loss=0.2291 train_AP=0.5428 | val_loss=0.2389 val_AP=0.5476
  -> New best: val_loss=0.2389 val_AP=0.5476, saved
Epoch  74/1000 [11.9s mem=10990MB] | train_loss=0.2281 train_AP=0.5480 | val_loss=0.2395 val_AP=0.5497
  -> New best: val_loss=0.2389 val_AP=0.5497, saved
Epoch  75/1000 [11.9s mem=10982MB] | train_loss=0.2277 train_AP=0.5491 | val_loss=0.2408 val_AP=0.5465
Epoch  76/1000 [11.8s mem=10569MB] | train_loss=0.2270 train_AP=0.5514 | val_loss=0.2386 val_AP=0.5510
  -> New best: val_loss=0.2386 val_AP=0.5510, saved
Epoch  77/1000 [11.8s mem=10980MB] | train_loss=0.2259 train_AP=0.5546 | val_loss=0.2384 val_AP=0.5589
  -> New best: val_loss=0.2384 val_AP=0.5589, saved
Epoch  78/1000 [11.9s mem=10990MB] | train_loss=0.2256 train_AP=0.5526 | val_loss=0.2481 val_AP=0.5447
Epoch  79/1000 [11.8s mem=10981MB] | train_loss=0.2250 train_AP=0.5588 | val_loss=0.2406 val_AP=0.5516
Epoch  80/1000 [11.9s mem=10985MB] | train_loss=0.2243 train_AP=0.5595 | val_loss=0.2371 val_AP=0.5614 | test_AP=0.5208
  -> New best: val_loss=0.2371 val_AP=0.5614, saved
Epoch  81/1000 [11.9s mem=10990MB] | train_loss=0.2227 train_AP=0.5652 | val_loss=0.2434 val_AP=0.5502
Epoch  82/1000 [11.8s mem=10991MB] | train_loss=0.2224 train_AP=0.5657 | val_loss=0.2357 val_AP=0.5614
  -> New best: val_loss=0.2357 val_AP=0.5614, saved
Epoch  83/1000 [11.9s mem=10977MB] | train_loss=0.2228 train_AP=0.5662 | val_loss=0.2355 val_AP=0.5610
  -> New best: val_loss=0.2355 val_AP=0.5614, saved
Epoch  84/1000 [11.9s mem=10989MB] | train_loss=0.2212 train_AP=0.5674 | val_loss=0.2379 val_AP=0.5608
Epoch  85/1000 [11.9s mem=10977MB] | train_loss=0.2203 train_AP=0.5677 | val_loss=0.2358 val_AP=0.5611
Epoch  86/1000 [11.9s mem=10984MB] | train_loss=0.2200 train_AP=0.5707 | val_loss=0.2357 val_AP=0.5621
  -> New best: val_loss=0.2355 val_AP=0.5621, saved
Epoch  87/1000 [12.0s mem=10992MB] | train_loss=0.2188 train_AP=0.5753 | val_loss=0.2381 val_AP=0.5646
  -> New best: val_loss=0.2355 val_AP=0.5646, saved
Epoch  88/1000 [11.8s mem=10987MB] | train_loss=0.2189 train_AP=0.5748 | val_loss=0.2367 val_AP=0.5620
Epoch  89/1000 [11.9s mem=10982MB] | train_loss=0.2182 train_AP=0.5783 | val_loss=0.2388 val_AP=0.5562
Epoch  90/1000 [11.8s mem=10986MB] | train_loss=0.2173 train_AP=0.5826 | val_loss=0.2413 val_AP=0.5587 | test_AP=0.5287
Epoch  91/1000 [11.8s mem=10989MB] | train_loss=0.2167 train_AP=0.5836 | val_loss=0.2349 val_AP=0.5704
  -> New best: val_loss=0.2349 val_AP=0.5704, saved
Epoch  92/1000 [11.9s mem=10987MB] | train_loss=0.2158 train_AP=0.5844 | val_loss=0.2359 val_AP=0.5655
Epoch  93/1000 [11.9s mem=10987MB] | train_loss=0.2152 train_AP=0.5875 | val_loss=0.2347 val_AP=0.5732
  -> New best: val_loss=0.2347 val_AP=0.5732, saved
Epoch  94/1000 [11.8s mem=10992MB] | train_loss=0.2146 train_AP=0.5919 | val_loss=0.2363 val_AP=0.5682
Epoch  95/1000 [11.9s mem=10976MB] | train_loss=0.2154 train_AP=0.5858 | val_loss=0.2355 val_AP=0.5692
Epoch  96/1000 [11.9s mem=10983MB] | train_loss=0.2128 train_AP=0.5965 | val_loss=0.2310 val_AP=0.5782
  -> New best: val_loss=0.2310 val_AP=0.5782, saved
Epoch  97/1000 [11.9s mem=10988MB] | train_loss=0.2124 train_AP=0.5958 | val_loss=0.2335 val_AP=0.5741
Epoch  98/1000 [11.9s mem=10988MB] | train_loss=0.2124 train_AP=0.5964 | val_loss=0.2345 val_AP=0.5749
Epoch  99/1000 [11.9s mem=10990MB] | train_loss=0.2123 train_AP=0.5957 | val_loss=0.2328 val_AP=0.5763
Epoch 100/1000 [11.8s mem=10989MB] | train_loss=0.2115 train_AP=0.5986 | val_loss=0.2338 val_AP=0.5714 | test_AP=0.5416
Epoch 101/1000 [11.8s mem=10986MB] | train_loss=0.2099 train_AP=0.6056 | val_loss=0.2400 val_AP=0.5712
Epoch 102/1000 [11.9s mem=10990MB] | train_loss=0.2109 train_AP=0.6027 | val_loss=0.2311 val_AP=0.5824
  -> New best: val_loss=0.2310 val_AP=0.5824, saved
Epoch 103/1000 [12.0s mem=10984MB] | train_loss=0.2094 train_AP=0.6065 | val_loss=0.2317 val_AP=0.5846
  -> New best: val_loss=0.2310 val_AP=0.5846, saved
Epoch 104/1000 [11.9s mem=10986MB] | train_loss=0.2085 train_AP=0.6095 | val_loss=0.2306 val_AP=0.5822
  -> New best: val_loss=0.2306 val_AP=0.5846, saved
Epoch 105/1000 [11.9s mem=10985MB] | train_loss=0.2079 train_AP=0.6103 | val_loss=0.2318 val_AP=0.5805
Epoch 106/1000 [12.0s mem=10991MB] | train_loss=0.2076 train_AP=0.6120 | val_loss=0.2453 val_AP=0.5589
Epoch 107/1000 [11.9s mem=10991MB] | train_loss=0.2064 train_AP=0.6157 | val_loss=0.2323 val_AP=0.5857
  -> New best: val_loss=0.2306 val_AP=0.5857, saved
Epoch 108/1000 [11.8s mem=10989MB] | train_loss=0.2068 train_AP=0.6119 | val_loss=0.2422 val_AP=0.5735
Epoch 109/1000 [11.9s mem=10984MB] | train_loss=0.2060 train_AP=0.6154 | val_loss=0.2321 val_AP=0.5881
  -> New best: val_loss=0.2306 val_AP=0.5881, saved
Epoch 110/1000 [11.9s mem=10992MB] | train_loss=0.2054 train_AP=0.6172 | val_loss=0.2311 val_AP=0.5851 | test_AP=0.5550
Epoch 111/1000 [11.8s mem=10987MB] | train_loss=0.2055 train_AP=0.6182 | val_loss=0.2316 val_AP=0.5938
  -> New best: val_loss=0.2306 val_AP=0.5938, saved
Epoch 112/1000 [11.9s mem=10992MB] | train_loss=0.2035 train_AP=0.6219 | val_loss=0.2336 val_AP=0.5833
Epoch 113/1000 [11.9s mem=10984MB] | train_loss=0.2026 train_AP=0.6250 | val_loss=0.2314 val_AP=0.5856
Epoch 114/1000 [11.9s mem=10984MB] | train_loss=0.2026 train_AP=0.6274 | val_loss=0.2347 val_AP=0.5762
Epoch 115/1000 [11.9s mem=10987MB] | train_loss=0.2020 train_AP=0.6290 | val_loss=0.2320 val_AP=0.5905
Epoch 116/1000 [11.8s mem=10986MB] | train_loss=0.2015 train_AP=0.6306 | val_loss=0.2272 val_AP=0.5937
  -> New best: val_loss=0.2272 val_AP=0.5938, saved
Epoch 117/1000 [11.9s mem=10985MB] | train_loss=0.2013 train_AP=0.6324 | val_loss=0.2299 val_AP=0.5954
  -> New best: val_loss=0.2272 val_AP=0.5954, saved
Epoch 118/1000 [11.9s mem=10979MB] | train_loss=0.2011 train_AP=0.6296 | val_loss=0.2290 val_AP=0.5953
Epoch 119/1000 [12.0s mem=10985MB] | train_loss=0.1993 train_AP=0.6361 | val_loss=0.2319 val_AP=0.5933
Epoch 120/1000 [11.8s mem=10991MB] | train_loss=0.1987 train_AP=0.6342 | val_loss=0.2349 val_AP=0.5885 | test_AP=0.5542
Epoch 121/1000 [11.8s mem=10994MB] | train_loss=0.1987 train_AP=0.6392 | val_loss=0.2282 val_AP=0.5973
  -> New best: val_loss=0.2272 val_AP=0.5973, saved
Epoch 122/1000 [11.8s mem=10991MB] | train_loss=0.1986 train_AP=0.6390 | val_loss=0.2312 val_AP=0.5985
  -> New best: val_loss=0.2272 val_AP=0.5985, saved
Epoch 123/1000 [11.8s mem=10989MB] | train_loss=0.1971 train_AP=0.6405 | val_loss=0.2307 val_AP=0.5956
Epoch 124/1000 [11.9s mem=10985MB] | train_loss=0.1977 train_AP=0.6424 | val_loss=0.2317 val_AP=0.5944
Epoch 125/1000 [11.8s mem=10986MB] | train_loss=0.1967 train_AP=0.6457 | val_loss=0.2297 val_AP=0.5969
Epoch 126/1000 [11.9s mem=10985MB] | train_loss=0.1956 train_AP=0.6455 | val_loss=0.2301 val_AP=0.5957
Epoch 127/1000 [10.2s mem=10994MB] | train_loss=0.1965 train_AP=0.6428 | val_loss=0.2294 val_AP=0.6053
  -> New best: val_loss=0.2272 val_AP=0.6053, saved
Epoch 128/1000 [10.5s mem=10988MB] | train_loss=0.1943 train_AP=0.6502 | val_loss=0.2288 val_AP=0.6016
Epoch 129/1000 [10.6s mem=10983MB] | train_loss=0.1939 train_AP=0.6505 | val_loss=0.2331 val_AP=0.5953
Epoch 130/1000 [10.5s mem=10990MB] | train_loss=0.1943 train_AP=0.6496 | val_loss=0.2322 val_AP=0.5970 | test_AP=0.5618
Epoch 131/1000 [10.5s mem=10985MB] | train_loss=0.1932 train_AP=0.6507 | val_loss=0.2275 val_AP=0.6078
  -> New best: val_loss=0.2272 val_AP=0.6078, saved
Epoch 132/1000 [10.8s mem=10987MB] | train_loss=0.1929 train_AP=0.6525 | val_loss=0.2277 val_AP=0.6075
Epoch 133/1000 [11.9s mem=10990MB] | train_loss=0.1924 train_AP=0.6560 | val_loss=0.2303 val_AP=0.6064
Epoch 134/1000 [12.0s mem=10954MB] | train_loss=0.1912 train_AP=0.6591 | val_loss=0.2310 val_AP=0.6039
Epoch 135/1000 [11.9s mem=10993MB] | train_loss=0.1924 train_AP=0.6521 | val_loss=0.2289 val_AP=0.6080
  -> New best: val_loss=0.2272 val_AP=0.6080, saved
Epoch 136/1000 [11.9s mem=10999MB] | train_loss=0.1908 train_AP=0.6585 | val_loss=0.2315 val_AP=0.5978
Epoch 137/1000 [11.9s mem=10985MB] | train_loss=0.1895 train_AP=0.6629 | val_loss=0.2306 val_AP=0.6076
Epoch 138/1000 [11.9s mem=10988MB] | train_loss=0.1893 train_AP=0.6634 | val_loss=0.2286 val_AP=0.6037
Epoch 139/1000 [11.9s mem=10989MB] | train_loss=0.1887 train_AP=0.6657 | val_loss=0.2285 val_AP=0.6101
  -> New best: val_loss=0.2272 val_AP=0.6101, saved
Epoch 140/1000 [11.9s mem=10992MB] | train_loss=0.1886 train_AP=0.6685 | val_loss=0.2283 val_AP=0.6081 | test_AP=0.5742
Epoch 141/1000 [12.0s mem=10981MB] | train_loss=0.1878 train_AP=0.6681 | val_loss=0.2271 val_AP=0.6083
  -> New best: val_loss=0.2271 val_AP=0.6101, saved
Epoch 142/1000 [11.8s mem=10985MB] | train_loss=0.1867 train_AP=0.6720 | val_loss=0.2311 val_AP=0.6111
  -> New best: val_loss=0.2271 val_AP=0.6111, saved
Epoch 143/1000 [11.9s mem=10983MB] | train_loss=0.1861 train_AP=0.6730 | val_loss=0.2279 val_AP=0.6092
Epoch 144/1000 [12.0s mem=10986MB] | train_loss=0.1855 train_AP=0.6721 | val_loss=0.2297 val_AP=0.6105
Epoch 145/1000 [11.9s mem=10998MB] | train_loss=0.1845 train_AP=0.6769 | val_loss=0.2302 val_AP=0.6125
  -> New best: val_loss=0.2271 val_AP=0.6125, saved
Epoch 146/1000 [11.9s mem=10984MB] | train_loss=0.1841 train_AP=0.6792 | val_loss=0.2286 val_AP=0.6141
  -> New best: val_loss=0.2271 val_AP=0.6141, saved
Epoch 147/1000 [11.9s mem=10985MB] | train_loss=0.1844 train_AP=0.6768 | val_loss=0.2360 val_AP=0.6099
Epoch 148/1000 [11.8s mem=10995MB] | train_loss=0.1838 train_AP=0.6752 | val_loss=0.2322 val_AP=0.6059
Epoch 149/1000 [11.8s mem=10986MB] | train_loss=0.1829 train_AP=0.6790 | val_loss=0.2355 val_AP=0.6098
Epoch 150/1000 [11.9s mem=10991MB] | train_loss=0.1813 train_AP=0.6838 | val_loss=0.2307 val_AP=0.6098 | test_AP=0.5789
Epoch 151/1000 [11.8s mem=10990MB] | train_loss=0.1816 train_AP=0.6828 | val_loss=0.2350 val_AP=0.6057
Epoch 152/1000 [11.9s mem=10992MB] | train_loss=0.1822 train_AP=0.6834 | val_loss=0.2266 val_AP=0.6114
  -> New best: val_loss=0.2266 val_AP=0.6141, saved
Epoch 153/1000 [12.1s mem=10991MB] | train_loss=0.1809 train_AP=0.6862 | val_loss=0.2271 val_AP=0.6226
  -> New best: val_loss=0.2266 val_AP=0.6226, saved
Epoch 154/1000 [11.9s mem=10982MB] | train_loss=0.1811 train_AP=0.6862 | val_loss=0.2370 val_AP=0.6033
Epoch 155/1000 [11.9s mem=10991MB] | train_loss=0.1793 train_AP=0.6923 | val_loss=0.2291 val_AP=0.6209
Epoch 156/1000 [11.8s mem=10986MB] | train_loss=0.1791 train_AP=0.6909 | val_loss=0.2319 val_AP=0.6121
Epoch 157/1000 [11.8s mem=10990MB] | train_loss=0.1785 train_AP=0.6916 | val_loss=0.2298 val_AP=0.6101
Epoch 158/1000 [11.8s mem=10982MB] | train_loss=0.1782 train_AP=0.6929 | val_loss=0.2299 val_AP=0.6161
Epoch 159/1000 [11.9s mem=10995MB] | train_loss=0.1782 train_AP=0.6934 | val_loss=0.2322 val_AP=0.6134
Epoch 160/1000 [12.1s mem=10986MB] | train_loss=0.1777 train_AP=0.6921 | val_loss=0.2369 val_AP=0.6094 | test_AP=0.5888
Epoch 161/1000 [11.9s mem=10997MB] | train_loss=0.1763 train_AP=0.6959 | val_loss=0.2323 val_AP=0.6201
Epoch 162/1000 [11.9s mem=10989MB] | train_loss=0.1765 train_AP=0.6976 | val_loss=0.2334 val_AP=0.6149
Epoch 163/1000 [11.9s mem=10985MB] | train_loss=0.1751 train_AP=0.7027 | val_loss=0.2335 val_AP=0.6101
Epoch 164/1000 [11.8s mem=10990MB] | train_loss=0.1748 train_AP=0.7051 | val_loss=0.2305 val_AP=0.6171
Epoch 165/1000 [11.9s mem=10990MB] | train_loss=0.1737 train_AP=0.7046 | val_loss=0.2328 val_AP=0.6179
Epoch 166/1000 [11.8s mem=10978MB] | train_loss=0.1751 train_AP=0.7019 | val_loss=0.2344 val_AP=0.6157
Epoch 167/1000 [11.8s mem=10992MB] | train_loss=0.1732 train_AP=0.7090 | val_loss=0.2352 val_AP=0.6143
Epoch 168/1000 [11.8s mem=10984MB] | train_loss=0.1737 train_AP=0.7045 | val_loss=0.2323 val_AP=0.6181
Epoch 169/1000 [11.8s mem=10988MB] | train_loss=0.1723 train_AP=0.7076 | val_loss=0.2319 val_AP=0.6207
Epoch 170/1000 [11.9s mem=10985MB] | train_loss=0.1726 train_AP=0.7076 | val_loss=0.2303 val_AP=0.6185 | test_AP=0.5915
Epoch 171/1000 [11.8s mem=10987MB] | train_loss=0.1712 train_AP=0.7143 | val_loss=0.2321 val_AP=0.6190
Epoch 172/1000 [11.9s mem=10985MB] | train_loss=0.1717 train_AP=0.7103 | val_loss=0.2287 val_AP=0.6222
Epoch 173/1000 [11.8s mem=10992MB] | train_loss=0.1701 train_AP=0.7156 | val_loss=0.2374 val_AP=0.6143
Epoch 174/1000 [11.9s mem=10988MB] | train_loss=0.1694 train_AP=0.7137 | val_loss=0.2343 val_AP=0.6171
Epoch 175/1000 [11.8s mem=10984MB] | train_loss=0.1706 train_AP=0.7130 | val_loss=0.2342 val_AP=0.6207
Epoch 176/1000 [11.9s mem=10979MB] | train_loss=0.1686 train_AP=0.7157 | val_loss=0.2365 val_AP=0.6205
Epoch 177/1000 [11.9s mem=10982MB] | train_loss=0.1690 train_AP=0.7155 | val_loss=0.2318 val_AP=0.6249
  -> New best: val_loss=0.2266 val_AP=0.6249, saved
Epoch 178/1000 [11.9s mem=10989MB] | train_loss=0.1685 train_AP=0.7197 | val_loss=0.2374 val_AP=0.6187
Epoch 179/1000 [11.9s mem=10985MB] | train_loss=0.1678 train_AP=0.7163 | val_loss=0.2316 val_AP=0.6213
Epoch 180/1000 [11.9s mem=10993MB] | train_loss=0.1675 train_AP=0.7212 | val_loss=0.2365 val_AP=0.6259 | test_AP=0.5980
  -> New best: val_loss=0.2266 val_AP=0.6259, saved
Epoch 181/1000 [11.9s mem=10984MB] | train_loss=0.1664 train_AP=0.7195 | val_loss=0.2326 val_AP=0.6206
Epoch 182/1000 [12.0s mem=10986MB] | train_loss=0.1663 train_AP=0.7235 | val_loss=0.2319 val_AP=0.6237
Epoch 183/1000 [11.8s mem=10989MB] | train_loss=0.1659 train_AP=0.7263 | val_loss=0.2372 val_AP=0.6190
Epoch 184/1000 [11.9s mem=10983MB] | train_loss=0.1651 train_AP=0.7248 | val_loss=0.2351 val_AP=0.6191
Epoch 185/1000 [11.9s mem=10982MB] | train_loss=0.1649 train_AP=0.7246 | val_loss=0.2383 val_AP=0.6127
Epoch 186/1000 [11.9s mem=10989MB] | train_loss=0.1644 train_AP=0.7267 | val_loss=0.2325 val_AP=0.6248
Epoch 187/1000 [11.9s mem=10988MB] | train_loss=0.1626 train_AP=0.7328 | val_loss=0.2353 val_AP=0.6209
Epoch 188/1000 [11.9s mem=10985MB] | train_loss=0.1632 train_AP=0.7315 | val_loss=0.2330 val_AP=0.6258
Epoch 189/1000 [12.1s mem=10988MB] | train_loss=0.1624 train_AP=0.7317 | val_loss=0.2303 val_AP=0.6253
Epoch 190/1000 [12.3s mem=10992MB] | train_loss=0.1612 train_AP=0.7358 | val_loss=0.2399 val_AP=0.6239 | test_AP=0.6015
Epoch 191/1000 [11.8s mem=10984MB] | train_loss=0.1601 train_AP=0.7396 | val_loss=0.2322 val_AP=0.6324
  -> New best: val_loss=0.2266 val_AP=0.6324, saved
Epoch 192/1000 [11.6s mem=10989MB] | train_loss=0.1595 train_AP=0.7398 | val_loss=0.2467 val_AP=0.6155
Epoch 193/1000 [10.7s mem=10992MB] | train_loss=0.1602 train_AP=0.7404 | val_loss=0.2364 val_AP=0.6216
Epoch 194/1000 [10.6s mem=10982MB] | train_loss=0.1594 train_AP=0.7413 | val_loss=0.2388 val_AP=0.6234
Epoch 195/1000 [10.4s mem=10989MB] | train_loss=0.1595 train_AP=0.7411 | val_loss=0.2351 val_AP=0.6268
Epoch 196/1000 [10.4s mem=10989MB] | train_loss=0.1589 train_AP=0.7405 | val_loss=0.2343 val_AP=0.6288
Epoch 197/1000 [10.6s mem=10989MB] | train_loss=0.1584 train_AP=0.7427 | val_loss=0.2339 val_AP=0.6302
Epoch 198/1000 [11.6s mem=10985MB] | train_loss=0.1581 train_AP=0.7436 | val_loss=0.2380 val_AP=0.6214
Epoch 199/1000 [12.0s mem=10988MB] | train_loss=0.1575 train_AP=0.7468 | val_loss=0.2371 val_AP=0.6244
Epoch 200/1000 [12.0s mem=10982MB] | train_loss=0.1565 train_AP=0.7490 | val_loss=0.2380 val_AP=0.6215 | test_AP=0.5990
Epoch 201/1000 [12.0s mem=11000MB] | train_loss=0.1558 train_AP=0.7470 | val_loss=0.2453 val_AP=0.6203
Epoch 202/1000 [11.9s mem=10982MB] | train_loss=0.1556 train_AP=0.7495 | val_loss=0.2392 val_AP=0.6259
Epoch 203/1000 [11.9s mem=10982MB] | train_loss=0.1545 train_AP=0.7521 | val_loss=0.2406 val_AP=0.6270
Epoch 204/1000 [11.9s mem=10984MB] | train_loss=0.1553 train_AP=0.7511 | val_loss=0.2365 val_AP=0.6332
  -> New best: val_loss=0.2266 val_AP=0.6332, saved
Epoch 205/1000 [11.9s mem=10990MB] | train_loss=0.1530 train_AP=0.7534 | val_loss=0.2380 val_AP=0.6297
Epoch 206/1000 [11.9s mem=10988MB] | train_loss=0.1547 train_AP=0.7515 | val_loss=0.2403 val_AP=0.6232
Epoch 207/1000 [11.9s mem=10991MB] | train_loss=0.1522 train_AP=0.7574 | val_loss=0.2370 val_AP=0.6268
Epoch 208/1000 [11.9s mem=10988MB] | train_loss=0.1536 train_AP=0.7556 | val_loss=0.2457 val_AP=0.6250
Epoch 209/1000 [11.9s mem=10987MB] | train_loss=0.1531 train_AP=0.7568 | val_loss=0.2393 val_AP=0.6255
Epoch 210/1000 [11.8s mem=10992MB] | train_loss=0.1507 train_AP=0.7592 | val_loss=0.2384 val_AP=0.6273 | test_AP=0.6053
Epoch 211/1000 [12.0s mem=10992MB] | train_loss=0.1508 train_AP=0.7599 | val_loss=0.2483 val_AP=0.6209
Epoch 212/1000 [11.9s mem=10986MB] | train_loss=0.1500 train_AP=0.7635 | val_loss=0.2431 val_AP=0.6305
Epoch 213/1000 [12.0s mem=10986MB] | train_loss=0.1502 train_AP=0.7613 | val_loss=0.2359 val_AP=0.6327
Epoch 214/1000 [12.0s mem=10988MB] | train_loss=0.1483 train_AP=0.7668 | val_loss=0.2408 val_AP=0.6302
Epoch 215/1000 [11.9s mem=10995MB] | train_loss=0.1486 train_AP=0.7680 | val_loss=0.2407 val_AP=0.6324
Epoch 216/1000 [11.8s mem=10991MB] | train_loss=0.1485 train_AP=0.7666 | val_loss=0.2437 val_AP=0.6281
Epoch 217/1000 [11.9s mem=10988MB] | train_loss=0.1475 train_AP=0.7695 | val_loss=0.2424 val_AP=0.6258
Epoch 218/1000 [11.8s mem=10978MB] | train_loss=0.1483 train_AP=0.7663 | val_loss=0.2434 val_AP=0.6372
  -> New best: val_loss=0.2266 val_AP=0.6372, saved
Epoch 219/1000 [11.9s mem=10993MB] | train_loss=0.1473 train_AP=0.7693 | val_loss=0.2455 val_AP=0.6254
Epoch 220/1000 [11.8s mem=10993MB] | train_loss=0.1458 train_AP=0.7720 | val_loss=0.2463 val_AP=0.6295 | test_AP=0.6017
Epoch 221/1000 [11.9s mem=10984MB] | train_loss=0.1458 train_AP=0.7736 | val_loss=0.2401 val_AP=0.6335
Epoch 222/1000 [11.8s mem=10990MB] | train_loss=0.1456 train_AP=0.7754 | val_loss=0.2427 val_AP=0.6255
Epoch 223/1000 [11.9s mem=10981MB] | train_loss=0.1456 train_AP=0.7739 | val_loss=0.2463 val_AP=0.6285
Epoch 224/1000 [11.9s mem=10978MB] | train_loss=0.1429 train_AP=0.7786 | val_loss=0.2542 val_AP=0.6251
Epoch 225/1000 [11.9s mem=10984MB] | train_loss=0.1448 train_AP=0.7776 | val_loss=0.2422 val_AP=0.6321
Epoch 226/1000 [11.9s mem=10985MB] | train_loss=0.1439 train_AP=0.7733 | val_loss=0.2464 val_AP=0.6362
Epoch 227/1000 [11.9s mem=10986MB] | train_loss=0.1433 train_AP=0.7796 | val_loss=0.2421 val_AP=0.6339
Epoch 228/1000 [11.8s mem=10986MB] | train_loss=0.1416 train_AP=0.7826 | val_loss=0.2408 val_AP=0.6384
  -> New best: val_loss=0.2266 val_AP=0.6384, saved
Epoch 229/1000 [11.8s mem=10987MB] | train_loss=0.1427 train_AP=0.7795 | val_loss=0.2482 val_AP=0.6279
Epoch 230/1000 [11.9s mem=10983MB] | train_loss=0.1416 train_AP=0.7838 | val_loss=0.2416 val_AP=0.6365 | test_AP=0.6066
Epoch 231/1000 [11.9s mem=10984MB] | train_loss=0.1417 train_AP=0.7838 | val_loss=0.2378 val_AP=0.6391
  -> New best: val_loss=0.2266 val_AP=0.6391, saved
Epoch 232/1000 [11.9s mem=10985MB] | train_loss=0.1404 train_AP=0.7862 | val_loss=0.2431 val_AP=0.6338
Epoch 233/1000 [11.8s mem=10992MB] | train_loss=0.1402 train_AP=0.7841 | val_loss=0.2455 val_AP=0.6306
Epoch 234/1000 [11.9s mem=10993MB] | train_loss=0.1397 train_AP=0.7859 | val_loss=0.2442 val_AP=0.6362
Epoch 235/1000 [11.8s mem=10988MB] | train_loss=0.1385 train_AP=0.7905 | val_loss=0.2491 val_AP=0.6319
Epoch 236/1000 [12.0s mem=10981MB] | train_loss=0.1401 train_AP=0.7842 | val_loss=0.2486 val_AP=0.6302
Epoch 237/1000 [11.9s mem=10987MB] | train_loss=0.1384 train_AP=0.7899 | val_loss=0.2464 val_AP=0.6344
Epoch 238/1000 [11.9s mem=10996MB] | train_loss=0.1373 train_AP=0.7917 | val_loss=0.2482 val_AP=0.6324
Epoch 239/1000 [11.8s mem=10989MB] | train_loss=0.1358 train_AP=0.7928 | val_loss=0.2461 val_AP=0.6310
Epoch 240/1000 [11.9s mem=10984MB] | train_loss=0.1354 train_AP=0.7973 | val_loss=0.2456 val_AP=0.6373 | test_AP=0.6110
Epoch 241/1000 [11.8s mem=10985MB] | train_loss=0.1364 train_AP=0.7933 | val_loss=0.2521 val_AP=0.6326
Epoch 242/1000 [11.8s mem=10989MB] | train_loss=0.1359 train_AP=0.7956 | val_loss=0.2458 val_AP=0.6413
  -> New best: val_loss=0.2266 val_AP=0.6413, saved
Epoch 243/1000 [11.9s mem=10983MB] | train_loss=0.1354 train_AP=0.7946 | val_loss=0.2482 val_AP=0.6363
Epoch 244/1000 [11.9s mem=10989MB] | train_loss=0.1347 train_AP=0.7974 | val_loss=0.2517 val_AP=0.6320
Epoch 245/1000 [11.9s mem=10987MB] | train_loss=0.1348 train_AP=0.7977 | val_loss=0.2474 val_AP=0.6420
  -> New best: val_loss=0.2266 val_AP=0.6420, saved
Epoch 246/1000 [11.9s mem=10992MB] | train_loss=0.1340 train_AP=0.7976 | val_loss=0.2523 val_AP=0.6382
Epoch 247/1000 [11.9s mem=10985MB] | train_loss=0.1324 train_AP=0.8035 | val_loss=0.2470 val_AP=0.6392
Epoch 248/1000 [11.8s mem=10980MB] | train_loss=0.1334 train_AP=0.8003 | val_loss=0.2491 val_AP=0.6383
Epoch 249/1000 [11.9s mem=10993MB] | train_loss=0.1327 train_AP=0.8024 | val_loss=0.2479 val_AP=0.6383
Epoch 250/1000 [11.9s mem=10987MB] | train_loss=0.1321 train_AP=0.7982 | val_loss=0.2494 val_AP=0.6414 | test_AP=0.6118
Epoch 251/1000 [11.9s mem=10989MB] | train_loss=0.1308 train_AP=0.8071 | val_loss=0.2486 val_AP=0.6408
Epoch 252/1000 [11.9s mem=10982MB] | train_loss=0.1304 train_AP=0.8035 | val_loss=0.2585 val_AP=0.6281
Epoch 253/1000 [11.9s mem=10979MB] | train_loss=0.1302 train_AP=0.8096 | val_loss=0.2497 val_AP=0.6414
Epoch 254/1000 [11.8s mem=10988MB] | train_loss=0.1301 train_AP=0.8048 | val_loss=0.2526 val_AP=0.6358
Epoch 255/1000 [11.8s mem=10988MB] | train_loss=0.1290 train_AP=0.8094 | val_loss=0.2578 val_AP=0.6315
Epoch 256/1000 [11.8s mem=10988MB] | train_loss=0.1298 train_AP=0.8097 | val_loss=0.2513 val_AP=0.6394
Epoch 257/1000 [11.9s mem=10994MB] | train_loss=0.1275 train_AP=0.8112 | val_loss=0.2581 val_AP=0.6387
Epoch 258/1000 [12.0s mem=10988MB] | train_loss=0.1285 train_AP=0.8087 | val_loss=0.2571 val_AP=0.6371
Epoch 259/1000 [10.4s mem=10987MB] | train_loss=0.1277 train_AP=0.8114 | val_loss=0.2573 val_AP=0.6435
  -> New best: val_loss=0.2266 val_AP=0.6435, saved
Epoch 260/1000 [10.6s mem=10995MB] | train_loss=0.1270 train_AP=0.8142 | val_loss=0.2595 val_AP=0.6349 | test_AP=0.6082
Epoch 261/1000 [10.6s mem=10989MB] | train_loss=0.1266 train_AP=0.8146 | val_loss=0.2519 val_AP=0.6418
Epoch 262/1000 [10.5s mem=10994MB] | train_loss=0.1250 train_AP=0.8184 | val_loss=0.2565 val_AP=0.6382
Epoch 263/1000 [10.6s mem=10977MB] | train_loss=0.1255 train_AP=0.8163 | val_loss=0.2574 val_AP=0.6399
Epoch 264/1000 [10.8s mem=10985MB] | train_loss=0.1253 train_AP=0.8159 | val_loss=0.2620 val_AP=0.6316
Epoch 265/1000 [11.9s mem=10985MB] | train_loss=0.1238 train_AP=0.8204 | val_loss=0.2686 val_AP=0.6261
Epoch 266/1000 [11.9s mem=10987MB] | train_loss=0.1244 train_AP=0.8234 | val_loss=0.2575 val_AP=0.6385
Epoch 267/1000 [11.9s mem=10986MB] | train_loss=0.1232 train_AP=0.8203 | val_loss=0.2593 val_AP=0.6382
Epoch 268/1000 [11.8s mem=10987MB] | train_loss=0.1236 train_AP=0.8184 | val_loss=0.2578 val_AP=0.6387
Epoch 269/1000 [11.9s mem=10989MB] | train_loss=0.1225 train_AP=0.8242 | val_loss=0.2676 val_AP=0.6295
Epoch 270/1000 [11.9s mem=10987MB] | train_loss=0.1223 train_AP=0.8232 | val_loss=0.2617 val_AP=0.6351 | test_AP=0.6114
Epoch 271/1000 [11.8s mem=10977MB] | train_loss=0.1224 train_AP=0.8246 | val_loss=0.2640 val_AP=0.6309
Epoch 272/1000 [11.9s mem=10987MB] | train_loss=0.1206 train_AP=0.8279 | val_loss=0.2572 val_AP=0.6354
Epoch 273/1000 [11.8s mem=10996MB] | train_loss=0.1212 train_AP=0.8265 | val_loss=0.2632 val_AP=0.6379
Epoch 274/1000 [11.8s mem=10984MB] | train_loss=0.1204 train_AP=0.8262 | val_loss=0.2574 val_AP=0.6431
Epoch 275/1000 [11.9s mem=10982MB] | train_loss=0.1203 train_AP=0.8276 | val_loss=0.2662 val_AP=0.6295
Epoch 276/1000 [11.9s mem=10986MB] | train_loss=0.1200 train_AP=0.8283 | val_loss=0.2574 val_AP=0.6385
Epoch 277/1000 [11.9s mem=10990MB] | train_loss=0.1200 train_AP=0.8324 | val_loss=0.2666 val_AP=0.6399
Epoch 278/1000 [11.9s mem=10995MB] | train_loss=0.1185 train_AP=0.8289 | val_loss=0.2709 val_AP=0.6396
Epoch 279/1000 [11.8s mem=10567MB] | train_loss=0.1194 train_AP=0.8284 | val_loss=0.2666 val_AP=0.6370
Epoch 280/1000 [11.9s mem=10990MB] | train_loss=0.1187 train_AP=0.8306 | val_loss=0.2612 val_AP=0.6398 | test_AP=0.6167
Epoch 281/1000 [11.9s mem=10990MB] | train_loss=0.1176 train_AP=0.8317 | val_loss=0.2657 val_AP=0.6365
Epoch 282/1000 [11.8s mem=10989MB] | train_loss=0.1168 train_AP=0.8333 | val_loss=0.2696 val_AP=0.6409
Epoch 283/1000 [11.9s mem=10991MB] | train_loss=0.1174 train_AP=0.8332 | val_loss=0.2664 val_AP=0.6458
  -> New best: val_loss=0.2266 val_AP=0.6458, saved
Epoch 284/1000 [11.8s mem=10991MB] | train_loss=0.1159 train_AP=0.8346 | val_loss=0.2622 val_AP=0.6428
Epoch 285/1000 [11.9s mem=10981MB] | train_loss=0.1151 train_AP=0.8394 | val_loss=0.2695 val_AP=0.6428
Epoch 286/1000 [11.9s mem=10988MB] | train_loss=0.1154 train_AP=0.8390 | val_loss=0.2681 val_AP=0.6403
Epoch 287/1000 [11.9s mem=10984MB] | train_loss=0.1146 train_AP=0.8379 | val_loss=0.2707 val_AP=0.6433
Epoch 288/1000 [11.9s mem=10987MB] | train_loss=0.1158 train_AP=0.8384 | val_loss=0.2669 val_AP=0.6446
Epoch 289/1000 [11.9s mem=10979MB] | train_loss=0.1142 train_AP=0.8407 | val_loss=0.2679 val_AP=0.6403
Epoch 290/1000 [11.7s mem=10982MB] | train_loss=0.1140 train_AP=0.8426 | val_loss=0.2801 val_AP=0.6346 | test_AP=0.6130
Epoch 291/1000 [11.8s mem=10991MB] | train_loss=0.1140 train_AP=0.8393 | val_loss=0.2678 val_AP=0.6433
Epoch 292/1000 [11.8s mem=10993MB] | train_loss=0.1133 train_AP=0.8422 | val_loss=0.2702 val_AP=0.6450
Epoch 293/1000 [11.9s mem=10986MB] | train_loss=0.1129 train_AP=0.8447 | val_loss=0.2662 val_AP=0.6449
Epoch 294/1000 [11.9s mem=10989MB] | train_loss=0.1129 train_AP=0.8414 | val_loss=0.2689 val_AP=0.6432
Epoch 295/1000 [11.8s mem=10982MB] | train_loss=0.1116 train_AP=0.8426 | val_loss=0.2783 val_AP=0.6403
Epoch 296/1000 [11.8s mem=10992MB] | train_loss=0.1119 train_AP=0.8447 | val_loss=0.2664 val_AP=0.6463
  -> New best: val_loss=0.2266 val_AP=0.6463, saved
Epoch 297/1000 [11.9s mem=10990MB] | train_loss=0.1115 train_AP=0.8443 | val_loss=0.2750 val_AP=0.6423
Epoch 298/1000 [11.8s mem=10990MB] | train_loss=0.1122 train_AP=0.8448 | val_loss=0.2876 val_AP=0.6283
Epoch 299/1000 [11.9s mem=10991MB] | train_loss=0.1103 train_AP=0.8483 | val_loss=0.2687 val_AP=0.6421
Epoch 300/1000 [11.8s mem=10986MB] | train_loss=0.1098 train_AP=0.8482 | val_loss=0.2703 val_AP=0.6445 | test_AP=0.6160
Epoch 301/1000 [11.9s mem=10993MB] | train_loss=0.1093 train_AP=0.8485 | val_loss=0.2798 val_AP=0.6372
Epoch 302/1000 [11.8s mem=10985MB] | train_loss=0.1089 train_AP=0.8506 | val_loss=0.2737 val_AP=0.6370
Epoch 303/1000 [11.9s mem=10984MB] | train_loss=0.1097 train_AP=0.8481 | val_loss=0.2772 val_AP=0.6449
Epoch 304/1000 [12.0s mem=10985MB] | train_loss=0.1084 train_AP=0.8506 | val_loss=0.2754 val_AP=0.6490
  -> New best: val_loss=0.2266 val_AP=0.6490, saved
Epoch 305/1000 [11.9s mem=10996MB] | train_loss=0.1087 train_AP=0.8523 | val_loss=0.2798 val_AP=0.6380
Epoch 306/1000 [11.7s mem=10981MB] | train_loss=0.1065 train_AP=0.8547 | val_loss=0.2783 val_AP=0.6421
Epoch 307/1000 [11.9s mem=10983MB] | train_loss=0.1068 train_AP=0.8529 | val_loss=0.2839 val_AP=0.6360
Epoch 308/1000 [11.9s mem=10983MB] | train_loss=0.1059 train_AP=0.8568 | val_loss=0.2850 val_AP=0.6411
Epoch 309/1000 [11.9s mem=10986MB] | train_loss=0.1062 train_AP=0.8577 | val_loss=0.2816 val_AP=0.6399
Epoch 310/1000 [11.9s mem=10982MB] | train_loss=0.1065 train_AP=0.8525 | val_loss=0.2876 val_AP=0.6380 | test_AP=0.6130
Epoch 311/1000 [11.9s mem=10991MB] | train_loss=0.1058 train_AP=0.8569 | val_loss=0.2825 val_AP=0.6429
Epoch 312/1000 [11.8s mem=10985MB] | train_loss=0.1050 train_AP=0.8597 | val_loss=0.2917 val_AP=0.6405
Epoch 313/1000 [11.8s mem=10983MB] | train_loss=0.1052 train_AP=0.8565 | val_loss=0.2820 val_AP=0.6455
Epoch 314/1000 [11.8s mem=10986MB] | train_loss=0.1047 train_AP=0.8620 | val_loss=0.2810 val_AP=0.6443
Epoch 315/1000 [11.9s mem=10991MB] | train_loss=0.1045 train_AP=0.8583 | val_loss=0.2824 val_AP=0.6451
Epoch 316/1000 [11.8s mem=10990MB] | train_loss=0.1032 train_AP=0.8619 | val_loss=0.2813 val_AP=0.6451
Epoch 317/1000 [11.9s mem=10994MB] | train_loss=0.1030 train_AP=0.8618 | val_loss=0.2908 val_AP=0.6386
Epoch 318/1000 [11.9s mem=10982MB] | train_loss=0.1034 train_AP=0.8621 | val_loss=0.2863 val_AP=0.6424
Epoch 319/1000 [11.8s mem=10986MB] | train_loss=0.1024 train_AP=0.8668 | val_loss=0.2811 val_AP=0.6386
Epoch 320/1000 [11.8s mem=10996MB] | train_loss=0.1032 train_AP=0.8645 | val_loss=0.2903 val_AP=0.6432 | test_AP=0.6111
Epoch 321/1000 [11.8s mem=10978MB] | train_loss=0.1017 train_AP=0.8648 | val_loss=0.2866 val_AP=0.6388
Epoch 322/1000 [11.9s mem=10994MB] | train_loss=0.1016 train_AP=0.8635 | val_loss=0.2864 val_AP=0.6453
Epoch 323/1000 [11.9s mem=10978MB] | train_loss=0.1014 train_AP=0.8675 | val_loss=0.2891 val_AP=0.6410
Epoch 324/1000 [11.9s mem=10991MB] | train_loss=0.1018 train_AP=0.8637 | val_loss=0.2936 val_AP=0.6394
Epoch 325/1000 [11.5s mem=10991MB] | train_loss=0.0994 train_AP=0.8700 | val_loss=0.2887 val_AP=0.6444
Epoch 326/1000 [10.4s mem=10983MB] | train_loss=0.0994 train_AP=0.8680 | val_loss=0.2850 val_AP=0.6474
Epoch 327/1000 [10.4s mem=10986MB] | train_loss=0.0988 train_AP=0.8701 | val_loss=0.2954 val_AP=0.6414
Epoch 328/1000 [10.6s mem=10990MB] | train_loss=0.0983 train_AP=0.8710 | val_loss=0.2870 val_AP=0.6473
Epoch 329/1000 [10.6s mem=10987MB] | train_loss=0.0985 train_AP=0.8737 | val_loss=0.2926 val_AP=0.6413
Epoch 330/1000 [10.6s mem=10988MB] | train_loss=0.0982 train_AP=0.8709 | val_loss=0.2955 val_AP=0.6460 | test_AP=0.6188
Epoch 331/1000 [11.0s mem=10990MB] | train_loss=0.0979 train_AP=0.8708 | val_loss=0.2864 val_AP=0.6475
Epoch 332/1000 [11.9s mem=10987MB] | train_loss=0.0980 train_AP=0.8714 | val_loss=0.2922 val_AP=0.6418
Epoch 333/1000 [11.9s mem=10991MB] | train_loss=0.0967 train_AP=0.8724 | val_loss=0.2933 val_AP=0.6374
Epoch 334/1000 [11.8s mem=11000MB] | train_loss=0.0971 train_AP=0.8725 | val_loss=0.2912 val_AP=0.6505
  -> New best: val_loss=0.2266 val_AP=0.6505, saved
Epoch 335/1000 [11.8s mem=10989MB] | train_loss=0.0965 train_AP=0.8766 | val_loss=0.2942 val_AP=0.6464
Epoch 336/1000 [11.9s mem=10991MB] | train_loss=0.0956 train_AP=0.8773 | val_loss=0.2922 val_AP=0.6459
Epoch 337/1000 [11.8s mem=10988MB] | train_loss=0.0951 train_AP=0.8783 | val_loss=0.2968 val_AP=0.6450
Epoch 338/1000 [11.9s mem=10988MB] | train_loss=0.0946 train_AP=0.8778 | val_loss=0.2945 val_AP=0.6469
Epoch 339/1000 [11.9s mem=10984MB] | train_loss=0.0963 train_AP=0.8752 | val_loss=0.3050 val_AP=0.6439
Epoch 340/1000 [11.9s mem=10987MB] | train_loss=0.0947 train_AP=0.8792 | val_loss=0.2963 val_AP=0.6410 | test_AP=0.6133
Epoch 341/1000 [11.9s mem=10986MB] | train_loss=0.0948 train_AP=0.8788 | val_loss=0.3005 val_AP=0.6464
Epoch 342/1000 [11.9s mem=10990MB] | train_loss=0.0945 train_AP=0.8795 | val_loss=0.2978 val_AP=0.6478
Epoch 343/1000 [11.8s mem=10985MB] | train_loss=0.0935 train_AP=0.8813 | val_loss=0.3024 val_AP=0.6385
Epoch 344/1000 [11.9s mem=10956MB] | train_loss=0.0935 train_AP=0.8786 | val_loss=0.2976 val_AP=0.6445
Epoch 345/1000 [12.0s mem=10989MB] | train_loss=0.0933 train_AP=0.8818 | val_loss=0.3048 val_AP=0.6397
Epoch 346/1000 [11.9s mem=10989MB] | train_loss=0.0930 train_AP=0.8798 | val_loss=0.3040 val_AP=0.6423
Epoch 347/1000 [11.8s mem=10990MB] | train_loss=0.0918 train_AP=0.8836 | val_loss=0.3022 val_AP=0.6419
Epoch 348/1000 [11.8s mem=10990MB] | train_loss=0.0919 train_AP=0.8828 | val_loss=0.3030 val_AP=0.6448
Epoch 349/1000 [11.9s mem=10986MB] | train_loss=0.0914 train_AP=0.8866 | val_loss=0.3016 val_AP=0.6400
Epoch 350/1000 [11.9s mem=10986MB] | train_loss=0.0912 train_AP=0.8841 | val_loss=0.3009 val_AP=0.6453 | test_AP=0.6176
Epoch 351/1000 [11.8s mem=10990MB] | train_loss=0.0913 train_AP=0.8856 | val_loss=0.3094 val_AP=0.6370
Epoch 352/1000 [11.9s mem=10984MB] | train_loss=0.0913 train_AP=0.8835 | val_loss=0.3062 val_AP=0.6374
Epoch 353/1000 [11.9s mem=10984MB] | train_loss=0.0897 train_AP=0.8902 | val_loss=0.3086 val_AP=0.6441
Epoch 354/1000 [11.9s mem=10984MB] | train_loss=0.0900 train_AP=0.8845 | val_loss=0.3103 val_AP=0.6443
Epoch 355/1000 [11.8s mem=10985MB] | train_loss=0.0913 train_AP=0.8854 | val_loss=0.3095 val_AP=0.6373
Epoch 356/1000 [11.9s mem=10991MB] | train_loss=0.0895 train_AP=0.8886 | val_loss=0.3132 val_AP=0.6410
Epoch 357/1000 [11.9s mem=10983MB] | train_loss=0.0892 train_AP=0.8896 | val_loss=0.3094 val_AP=0.6425
Epoch 358/1000 [11.8s mem=10987MB] | train_loss=0.0892 train_AP=0.8875 | val_loss=0.3173 val_AP=0.6408
Epoch 359/1000 [11.7s mem=10983MB] | train_loss=0.0888 train_AP=0.8896 | val_loss=0.3136 val_AP=0.6442
Epoch 360/1000 [11.8s mem=10994MB] | train_loss=0.0882 train_AP=0.8914 | val_loss=0.3132 val_AP=0.6379 | test_AP=0.6166
Epoch 361/1000 [11.9s mem=10996MB] | train_loss=0.0877 train_AP=0.8912 | val_loss=0.3151 val_AP=0.6407
Epoch 362/1000 [11.9s mem=10988MB] | train_loss=0.0877 train_AP=0.8908 | val_loss=0.3151 val_AP=0.6449
Epoch 363/1000 [11.8s mem=10964MB] | train_loss=0.0868 train_AP=0.8913 | val_loss=0.3191 val_AP=0.6420
Epoch 364/1000 [11.9s mem=10984MB] | train_loss=0.0873 train_AP=0.8931 | val_loss=0.3154 val_AP=0.6451
Epoch 365/1000 [11.8s mem=10995MB] | train_loss=0.0864 train_AP=0.8916 | val_loss=0.3150 val_AP=0.6461
Epoch 366/1000 [11.9s mem=10986MB] | train_loss=0.0876 train_AP=0.8925 | val_loss=0.3256 val_AP=0.6422
Epoch 367/1000 [11.9s mem=10988MB] | train_loss=0.0864 train_AP=0.8963 | val_loss=0.3147 val_AP=0.6448
Epoch 368/1000 [11.8s mem=10995MB] | train_loss=0.0853 train_AP=0.8976 | val_loss=0.3168 val_AP=0.6456
Epoch 369/1000 [11.8s mem=10985MB] | train_loss=0.0855 train_AP=0.8958 | val_loss=0.3161 val_AP=0.6428
Epoch 370/1000 [11.9s mem=10983MB] | train_loss=0.0853 train_AP=0.8964 | val_loss=0.3230 val_AP=0.6444 | test_AP=0.6170
Epoch 371/1000 [11.8s mem=10986MB] | train_loss=0.0846 train_AP=0.8963 | val_loss=0.3246 val_AP=0.6474
Epoch 372/1000 [11.9s mem=10989MB] | train_loss=0.0849 train_AP=0.8938 | val_loss=0.3190 val_AP=0.6404
Epoch 373/1000 [11.9s mem=10990MB] | train_loss=0.0842 train_AP=0.8992 | val_loss=0.3260 val_AP=0.6405
Epoch 374/1000 [11.8s mem=10978MB] | train_loss=0.0847 train_AP=0.8975 | val_loss=0.3158 val_AP=0.6456
Epoch 375/1000 [11.9s mem=10987MB] | train_loss=0.0835 train_AP=0.8996 | val_loss=0.3177 val_AP=0.6442
Epoch 376/1000 [11.9s mem=10988MB] | train_loss=0.0843 train_AP=0.8999 | val_loss=0.3223 val_AP=0.6494
Epoch 377/1000 [11.9s mem=10988MB] | train_loss=0.0836 train_AP=0.8985 | val_loss=0.3213 val_AP=0.6439
Epoch 378/1000 [11.9s mem=10981MB] | train_loss=0.0829 train_AP=0.9001 | val_loss=0.3268 val_AP=0.6449
Epoch 379/1000 [11.9s mem=10982MB] | train_loss=0.0831 train_AP=0.9007 | val_loss=0.3251 val_AP=0.6420
Epoch 380/1000 [11.9s mem=10994MB] | train_loss=0.0820 train_AP=0.9020 | val_loss=0.3283 val_AP=0.6434 | test_AP=0.6145
Epoch 381/1000 [11.9s mem=10990MB] | train_loss=0.0830 train_AP=0.8994 | val_loss=0.3280 val_AP=0.6404
Epoch 382/1000 [11.8s mem=10983MB] | train_loss=0.0814 train_AP=0.9042 | val_loss=0.3251 val_AP=0.6472
Epoch 383/1000 [11.8s mem=10985MB] | train_loss=0.0817 train_AP=0.9042 | val_loss=0.3352 val_AP=0.6404
Epoch 384/1000 [11.8s mem=10989MB] | train_loss=0.0817 train_AP=0.9034 | val_loss=0.3255 val_AP=0.6461
Early stopping at epoch 384. Best val_loss=0.2266 val_AP=0.6505 at epoch 334.
Pretrain done. Best val_loss=0.2266 val_AP=0.6505 at epoch 334.
+ python exp_attn_distillation_2.py extract --hidden_dim 512 --model_path checkpoints_attn_distill_5/pretrain_best.pt --save_dir checkpoints_attn_distill_5 --num_layers 1 --num_heads 16 --proxy_lr 8e-2 --no-use_lap_pe --warmup_ratio 0.05 --num_cross_layers 1 --no-use_proxy_self_attn --proxy_mmd_lambda 1.5 --proxy_opt_steps 1000 --distill_weight 1 --temperature 2 --batch_size 256 --num_proxies 128
{'phase': 'extract', 'model_path': 'checkpoints_attn_distill_5/pretrain_best.pt', 'save_dir': 'checkpoints_attn_distill_5', 'hidden_dim': 512, 'num_layers': 1, 'num_heads': 16, 'output_dim': 10, 'dropout': 0.1, 's1_lr': 3e-05, 's1_weight_decay': 0.0003, 's1_max_epochs': 300, 's1_patience': 50, 's1_grad_clip': 1.0, 'warmup_ratio': 0.05, 'lr_min': 1e-07, 'num_cross_layers': 1, 'use_proxy_self_attn': False, 'num_proxies': 128, 'proxy_lr': 0.08, 'proxy_opt_steps': 1000, 'proxy_mmd_lambda': 1.5, 'distill_weight': 1.0, 'temperature': 2.0, 'distill_layers': 'all', 'lr': 5e-05, 'weight_decay': 0.0001, 'max_epochs': 200, 'patience': 30, 'grad_clip': 1.0, 'batch_size': 256, 'num_workers': 4, 'device': 'cuda'}
Unknown args =  ['--no-use_lap_pe']
============================================================
Phase 1: Extract Attention Targets
  model_path=checkpoints_attn_distill_5/pretrain_best.pt
  proxy_opt_steps=1000
  num_proxies=128
  proxy_mmd_lambda=1.5
  num_cross_layers=1
  use_proxy_self_attn=False
  distill_layers=all
============================================================
  Loaded 50 pretrained keys, cross-attn layers randomly initialized
  Extracting attention from layers: [0]
  [1/43] 256 graphs | base_loss=0.0728 opt_loss=0.0001 mmd=0.054513
  [10/43] 2560 graphs | base_loss=0.0801 opt_loss=0.0001 mmd=0.059036
  [20/43] 5120 graphs | base_loss=0.0796 opt_loss=0.0001 mmd=0.058094
  [30/43] 7680 graphs | base_loss=0.0797 opt_loss=0.0001 mmd=0.058924
  [40/43] 10240 graphs | base_loss=0.0780 opt_loss=0.0001 mmd=0.058468

Extraction done. 10873 graphs saved to checkpoints_attn_distill_5/attn_targets.pkl
  Avg base_loss=0.0788  opt_loss=0.0001

Sanity check: attention difference (teacher vs vanilla)...
  Mean |teacher_attn - vanilla_attn|: 0.014271
  Good: attention patterns are meaningfully different.
+ python exp_attn_distillation_2.py train --hidden_dim 512 --model_path checkpoints_attn_distill_5/pretrain_best.pt --save_dir checkpoints_attn_distill_5 --num_layers 1 --num_heads 16 --proxy_lr 8e-2 --no-use_lap_pe --warmup_ratio 0.05 --num_cross_layers 1 --no-use_proxy_self_attn --proxy_mmd_lambda 1.5 --proxy_opt_steps 1000 --distill_weight 1 --temperature 2 --max_epochs 500 --patience 50 --lr 1e-5 --batch_size 64 --num_proxies 128
{'phase': 'train', 'model_path': 'checkpoints_attn_distill_5/pretrain_best.pt', 'save_dir': 'checkpoints_attn_distill_5', 'hidden_dim': 512, 'num_layers': 1, 'num_heads': 16, 'output_dim': 10, 'dropout': 0.1, 's1_lr': 3e-05, 's1_weight_decay': 0.0003, 's1_max_epochs': 300, 's1_patience': 50, 's1_grad_clip': 1.0, 'warmup_ratio': 0.05, 'lr_min': 1e-07, 'num_cross_layers': 1, 'use_proxy_self_attn': False, 'num_proxies': 128, 'proxy_lr': 0.08, 'proxy_opt_steps': 1000, 'proxy_mmd_lambda': 1.5, 'distill_weight': 1.0, 'temperature': 2.0, 'distill_layers': 'all', 'lr': 1e-05, 'weight_decay': 0.0001, 'max_epochs': 500, 'patience': 50, 'grad_clip': 1.0, 'batch_size': 64, 'num_workers': 4, 'device': 'cuda'}
Unknown args =  ['--no-use_lap_pe']
============================================================
Phase 2: Train with Attention Distillation
  distill_weight=1.0
  temperature=2.0
  distill_layers=[0]
  targets from: checkpoints_attn_distill_5/attn_targets.pkl
============================================================
  AttnTargetDataset: 10873 graphs with targets

Baseline (pretrained, no distillation):
  val_AP=0.6505  test_AP=0.6170
  Student trainable params: 3,770,378
Epoch   1/500 [49.6s] | task=0.0839 distill=1.0322 | train_AP=0.8947 val_AP=0.6435 test_AP=0.6203
  -> New best val_AP=0.6435 (test=0.6203)
Epoch   2/500 [48.4s] | task=0.0823 distill=1.0272 | train_AP=0.8991 val_AP=0.6440 test_AP=0.6208
  -> New best val_AP=0.6440 (test=0.6208)
Epoch   3/500 [51.9s] | task=0.0818 distill=1.0252 | train_AP=0.8996 val_AP=0.6465 test_AP=0.6183
  -> New best val_AP=0.6465 (test=0.6183)
Epoch   4/500 [45.7s] | task=0.0818 distill=1.0215 | train_AP=0.9006 val_AP=0.6505 test_AP=0.6206
  -> New best val_AP=0.6505 (test=0.6206)
Epoch   5/500 [47.8s] | task=0.0813 distill=1.0208 | train_AP=0.9001 val_AP=0.6463 test_AP=0.6187
Epoch   6/500 [46.9s] | task=0.0813 distill=1.0245 | train_AP=0.9014 val_AP=0.6497 test_AP=0.6206
Epoch   7/500 [46.8s] | task=0.0805 distill=1.0235 | train_AP=0.9012 val_AP=0.6471 test_AP=0.6207
Epoch   8/500 [49.7s] | task=0.0802 distill=1.0207 | train_AP=0.9039 val_AP=0.6489 test_AP=0.6189
Epoch   9/500 [46.0s] | task=0.0798 distill=1.0239 | train_AP=0.9062 val_AP=0.6495 test_AP=0.6193
Epoch  10/500 [51.5s] | task=0.0802 distill=1.0197 | train_AP=0.9017 val_AP=0.6474 test_AP=0.6177
Epoch  11/500 [49.6s] | task=0.0790 distill=1.0220 | train_AP=0.9074 val_AP=0.6475 test_AP=0.6190
Epoch  12/500 [46.5s] | task=0.0790 distill=1.0240 | train_AP=0.9064 val_AP=0.6468 test_AP=0.6184
Epoch  13/500 [48.4s] | task=0.0783 distill=1.0222 | train_AP=0.9076 val_AP=0.6458 test_AP=0.6189
Epoch  14/500 [45.6s] | task=0.0782 distill=1.0145 | train_AP=0.9081 val_AP=0.6499 test_AP=0.6188
Epoch  15/500 [45.8s] | task=0.0786 distill=1.0150 | train_AP=0.9081 val_AP=0.6488 test_AP=0.6184
Epoch  16/500 [49.1s] | task=0.0783 distill=1.0167 | train_AP=0.9081 val_AP=0.6471 test_AP=0.6196
Epoch  17/500 [49.0s] | task=0.0777 distill=1.0122 | train_AP=0.9089 val_AP=0.6493 test_AP=0.6172
Epoch  18/500 [46.6s] | task=0.0777 distill=1.0172 | train_AP=0.9083 val_AP=0.6464 test_AP=0.6196
Epoch  19/500 [50.1s] | task=0.0768 distill=1.0080 | train_AP=0.9104 val_AP=0.6477 test_AP=0.6179
Epoch  20/500 [50.7s] | task=0.0765 distill=1.0158 | train_AP=0.9107 val_AP=0.6445 test_AP=0.6189
Epoch  21/500 [50.5s] | task=0.0762 distill=1.0126 | train_AP=0.9112 val_AP=0.6479 test_AP=0.6226
Epoch  22/500 [46.5s] | task=0.0761 distill=1.0167 | train_AP=0.9115 val_AP=0.6477 test_AP=0.6198
Epoch  23/500 [50.8s] | task=0.0764 distill=1.0146 | train_AP=0.9100 val_AP=0.6466 test_AP=0.6165
Epoch  24/500 [47.3s] | task=0.0761 distill=1.0173 | train_AP=0.9137 val_AP=0.6469 test_AP=0.6222
Epoch  25/500 [50.7s] | task=0.0754 distill=1.0160 | train_AP=0.9127 val_AP=0.6464 test_AP=0.6182
Epoch  26/500 [49.8s] | task=0.0754 distill=1.0101 | train_AP=0.9115 val_AP=0.6482 test_AP=0.6210
Epoch  27/500 [46.6s] | task=0.0745 distill=1.0176 | train_AP=0.9152 val_AP=0.6480 test_AP=0.6165
Epoch  28/500 [47.4s] | task=0.0743 distill=1.0241 | train_AP=0.9155 val_AP=0.6452 test_AP=0.6200
Epoch  29/500 [47.8s] | task=0.0743 distill=1.0183 | train_AP=0.9135 val_AP=0.6492 test_AP=0.6180
Epoch  30/500 [47.0s] | task=0.0741 distill=1.0215 | train_AP=0.9156 val_AP=0.6453 test_AP=0.6213
Epoch  31/500 [49.3s] | task=0.0732 distill=1.0215 | train_AP=0.9170 val_AP=0.6476 test_AP=0.6144
Epoch  32/500 [48.5s] | task=0.0736 distill=1.0179 | train_AP=0.9157 val_AP=0.6430 test_AP=0.6167
Epoch  33/500 [46.6s] | task=0.0737 distill=1.0200 | train_AP=0.9168 val_AP=0.6493 test_AP=0.6196
Epoch  34/500 [47.4s] | task=0.0733 distill=1.0161 | train_AP=0.9152 val_AP=0.6497 test_AP=0.6186
Epoch  35/500 [50.7s] | task=0.0727 distill=1.0145 | train_AP=0.9177 val_AP=0.6516 test_AP=0.6168
  -> New best val_AP=0.6516 (test=0.6168)
Epoch  36/500 [48.3s] | task=0.0730 distill=1.0175 | train_AP=0.9174 val_AP=0.6449 test_AP=0.6229
Epoch  37/500 [46.9s] | task=0.0724 distill=1.0145 | train_AP=0.9190 val_AP=0.6402 test_AP=0.6209
Epoch  38/500 [45.9s] | task=0.0719 distill=1.0146 | train_AP=0.9204 val_AP=0.6474 test_AP=0.6168
Epoch  39/500 [47.7s] | task=0.0715 distill=1.0099 | train_AP=0.9200 val_AP=0.6484 test_AP=0.6182
Epoch  40/500 [46.8s] | task=0.0721 distill=1.0182 | train_AP=0.9201 val_AP=0.6482 test_AP=0.6189
Epoch  41/500 [50.3s] | task=0.0714 distill=1.0206 | train_AP=0.9202 val_AP=0.6452 test_AP=0.6164
Epoch  42/500 [51.9s] | task=0.0717 distill=1.0218 | train_AP=0.9200 val_AP=0.6473 test_AP=0.6166
Epoch  43/500 [47.4s] | task=0.0707 distill=1.0190 | train_AP=0.9210 val_AP=0.6432 test_AP=0.6162
Epoch  44/500 [48.3s] | task=0.0707 distill=1.0261 | train_AP=0.9233 val_AP=0.6499 test_AP=0.6200
Epoch  45/500 [50.2s] | task=0.0702 distill=1.0124 | train_AP=0.9220 val_AP=0.6470 test_AP=0.6154
Epoch  46/500 [53.0s] | task=0.0703 distill=1.0144 | train_AP=0.9224 val_AP=0.6483 test_AP=0.6174
Epoch  47/500 [47.0s] | task=0.0701 distill=1.0141 | train_AP=0.9228 val_AP=0.6447 test_AP=0.6168
Epoch  48/500 [47.4s] | task=0.0701 distill=1.0146 | train_AP=0.9238 val_AP=0.6440 test_AP=0.6198
Epoch  49/500 [49.8s] | task=0.0692 distill=1.0139 | train_AP=0.9253 val_AP=0.6491 test_AP=0.6204
Epoch  50/500 [52.1s] | task=0.0690 distill=1.0153 | train_AP=0.9229 val_AP=0.6493 test_AP=0.6205
Epoch  51/500 [46.4s] | task=0.0693 distill=1.0124 | train_AP=0.9247 val_AP=0.6497 test_AP=0.6214
Epoch  52/500 [50.9s] | task=0.0690 distill=1.0149 | train_AP=0.9244 val_AP=0.6462 test_AP=0.6191
Epoch  53/500 [46.8s] | task=0.0691 distill=1.0137 | train_AP=0.9246 val_AP=0.6442 test_AP=0.6227
Epoch  54/500 [46.7s] | task=0.0682 distill=1.0122 | train_AP=0.9257 val_AP=0.6436 test_AP=0.6193
Epoch  55/500 [48.0s] | task=0.0680 distill=1.0127 | train_AP=0.9272 val_AP=0.6504 test_AP=0.6180
Epoch  56/500 [50.9s] | task=0.0674 distill=1.0137 | train_AP=0.9275 val_AP=0.6480 test_AP=0.6183
Epoch  57/500 [50.8s] | task=0.0680 distill=1.0109 | train_AP=0.9256 val_AP=0.6521 test_AP=0.6201
  -> New best val_AP=0.6521 (test=0.6201)
Epoch  58/500 [49.7s] | task=0.0673 distill=1.0140 | train_AP=0.9289 val_AP=0.6483 test_AP=0.6193
Epoch  59/500 [46.2s] | task=0.0670 distill=1.0138 | train_AP=0.9294 val_AP=0.6490 test_AP=0.6220
Epoch  60/500 [50.9s] | task=0.0670 distill=1.0139 | train_AP=0.9252 val_AP=0.6442 test_AP=0.6177
Epoch  61/500 [51.6s] | task=0.0666 distill=1.0174 | train_AP=0.9264 val_AP=0.6453 test_AP=0.6200
Epoch  62/500 [47.7s] | task=0.0668 distill=1.0107 | train_AP=0.9285 val_AP=0.6471 test_AP=0.6171
Epoch  63/500 [50.5s] | task=0.0663 distill=1.0140 | train_AP=0.9281 val_AP=0.6494 test_AP=0.6215
Epoch  64/500 [47.4s] | task=0.0658 distill=1.0121 | train_AP=0.9296 val_AP=0.6516 test_AP=0.6125
Epoch  65/500 [48.8s] | task=0.0663 distill=1.0157 | train_AP=0.9301 val_AP=0.6485 test_AP=0.6207
Epoch  66/500 [48.2s] | task=0.0655 distill=1.0133 | train_AP=0.9310 val_AP=0.6472 test_AP=0.6201
Epoch  67/500 [47.4s] | task=0.0653 distill=1.0124 | train_AP=0.9333 val_AP=0.6472 test_AP=0.6168
Epoch  68/500 [46.7s] | task=0.0652 distill=1.0150 | train_AP=0.9289 val_AP=0.6460 test_AP=0.6175
Epoch  69/500 [48.8s] | task=0.0651 distill=1.0083 | train_AP=0.9318 val_AP=0.6447 test_AP=0.6169
Epoch  70/500 [47.3s] | task=0.0647 distill=1.0153 | train_AP=0.9322 val_AP=0.6458 test_AP=0.6145
Epoch  71/500 [48.5s] | task=0.0646 distill=1.0185 | train_AP=0.9304 val_AP=0.6485 test_AP=0.6174
Epoch  72/500 [49.0s] | task=0.0649 distill=1.0106 | train_AP=0.9326 val_AP=0.6453 test_AP=0.6211
Epoch  73/500 [49.3s] | task=0.0646 distill=1.0155 | train_AP=0.9312 val_AP=0.6484 test_AP=0.6229
Epoch  74/500 [48.2s] | task=0.0637 distill=1.0142 | train_AP=0.9356 val_AP=0.6503 test_AP=0.6173
Epoch  75/500 [47.8s] | task=0.0633 distill=1.0175 | train_AP=0.9347 val_AP=0.6450 test_AP=0.6184
Epoch  76/500 [47.2s] | task=0.0635 distill=1.0119 | train_AP=0.9340 val_AP=0.6503 test_AP=0.6206
Epoch  77/500 [51.0s] | task=0.0638 distill=1.0144 | train_AP=0.9335 val_AP=0.6423 test_AP=0.6160
Epoch  78/500 [47.7s] | task=0.0630 distill=1.0197 | train_AP=0.9362 val_AP=0.6456 test_AP=0.6201
Epoch  79/500 [51.9s] | task=0.0630 distill=1.0223 | train_AP=0.9355 val_AP=0.6431 test_AP=0.6199
Epoch  80/500 [46.5s] | task=0.0622 distill=1.0141 | train_AP=0.9354 val_AP=0.6469 test_AP=0.6202
Epoch  81/500 [48.7s] | task=0.0627 distill=1.0195 | train_AP=0.9369 val_AP=0.6452 test_AP=0.6186
Epoch  82/500 [47.2s] | task=0.0624 distill=1.0141 | train_AP=0.9367 val_AP=0.6480 test_AP=0.6215
Epoch  83/500 [49.0s] | task=0.0619 distill=1.0185 | train_AP=0.9383 val_AP=0.6480 test_AP=0.6189
Epoch  84/500 [48.0s] | task=0.0621 distill=1.0212 | train_AP=0.9378 val_AP=0.6474 test_AP=0.6167
Epoch  85/500 [48.2s] | task=0.0616 distill=1.0172 | train_AP=0.9377 val_AP=0.6455 test_AP=0.6176
Epoch  86/500 [49.6s] | task=0.0611 distill=1.0167 | train_AP=0.9391 val_AP=0.6430 test_AP=0.6211
Epoch  87/500 [46.8s] | task=0.0615 distill=1.0137 | train_AP=0.9380 val_AP=0.6384 test_AP=0.6149
Epoch  88/500 [50.7s] | task=0.0611 distill=1.0187 | train_AP=0.9400 val_AP=0.6472 test_AP=0.6179
Epoch  89/500 [46.5s] | task=0.0607 distill=1.0141 | train_AP=0.9381 val_AP=0.6430 test_AP=0.6169
Epoch  90/500 [47.2s] | task=0.0609 distill=1.0161 | train_AP=0.9386 val_AP=0.6480 test_AP=0.6191
Epoch  91/500 [48.2s] | task=0.0605 distill=1.0174 | train_AP=0.9401 val_AP=0.6436 test_AP=0.6201
Epoch  92/500 [50.0s] | task=0.0603 distill=1.0107 | train_AP=0.9409 val_AP=0.6431 test_AP=0.6198
Epoch  93/500 [47.8s] | task=0.0600 distill=1.0148 | train_AP=0.9402 val_AP=0.6414 test_AP=0.6167
Epoch  94/500 [49.6s] | task=0.0598 distill=1.0168 | train_AP=0.9399 val_AP=0.6418 test_AP=0.6189
Epoch  95/500 [49.2s] | task=0.0598 distill=1.0158 | train_AP=0.9408 val_AP=0.6468 test_AP=0.6224
Epoch  96/500 [49.6s] | task=0.0593 distill=1.0207 | train_AP=0.9411 val_AP=0.6445 test_AP=0.6193
Epoch  97/500 [46.9s] | task=0.0595 distill=1.0137 | train_AP=0.9413 val_AP=0.6409 test_AP=0.6165
Epoch  98/500 [49.2s] | task=0.0589 distill=1.0147 | train_AP=0.9418 val_AP=0.6463 test_AP=0.6194
Epoch  99/500 [46.5s] | task=0.0585 distill=1.0153 | train_AP=0.9413 val_AP=0.6411 test_AP=0.6179
Epoch 100/500 [50.3s] | task=0.0583 distill=1.0109 | train_AP=0.9430 val_AP=0.6449 test_AP=0.6206
Epoch 101/500 [52.1s] | task=0.0585 distill=1.0133 | train_AP=0.9438 val_AP=0.6457 test_AP=0.6207
Epoch 102/500 [49.8s] | task=0.0588 distill=1.0140 | train_AP=0.9424 val_AP=0.6449 test_AP=0.6207
Epoch 103/500 [52.5s] | task=0.0581 distill=1.0180 | train_AP=0.9433 val_AP=0.6453 test_AP=0.6173
Epoch 104/500 [50.4s] | task=0.0580 distill=1.0134 | train_AP=0.9418 val_AP=0.6456 test_AP=0.6179
Epoch 105/500 [46.2s] | task=0.0582 distill=1.0123 | train_AP=0.9444 val_AP=0.6432 test_AP=0.6179
Epoch 106/500 [46.2s] | task=0.0581 distill=1.0189 | train_AP=0.9440 val_AP=0.6447 test_AP=0.6217
Epoch 107/500 [47.8s] | task=0.0577 distill=1.0138 | train_AP=0.9435 val_AP=0.6438 test_AP=0.6201
Early stopping at epoch 107.

Done. Baseline val_AP=0.6505 | Best distilled val_AP=0.6521 at epoch 57
