{'dataset': 'Peptides-func', 'max_hops': 40, 'use_lap_pe': False, 'lap_pe_dim': 8, 'hidden_dim': 320, 'num_heads': 40, 'ffn_ratio': 4, 'num_layers': 1, 'dropout': 0.2, 'graph_pool': 'sum', 'top_k': 0, 'gate_noise': 0.1, 'balance_coeff': 0.01, 'entropy_coeff': 0.01, 'lr': 0.001, 'lr_min': 1e-06, 'weight_decay': 0.0003, 'batch_size': 128, 'max_epochs': 200, 'patience': 40, 'reduce_lr_patience': 10, 'warmup_ratio': 0.05, 'grad_clip': 1.0, 'num_workers': 4, 'dist_mask_workers': 8, 'device': None, 'save_dir': 'checkpoints_moe_hop_masked_func_best', 'seed': 0, 'checkpoint': None}
Unknown args =  ['--hop_mode', 'single', '--hop_window', '0', '--num_global_heads', '1']
[Peptides-func] task=multi_label level=graph metric=macro_ap (higher_is_better=True)
  Loading cached distance masks from ./data/Peptides-func/dist_masks/train.pkl
  Loading cached distance masks from ./data/Peptides-func/dist_masks/val.pkl
  Loading cached distance masks from ./data/Peptides-func/dist_masks/test.pkl
MoE gating config: top_k=0, gate_noise=0.1, balance_coeff=0.01, entropy_coeff=0.01
trainable params: 2.114M
ReduceLROnPlateau: mode=max, patience=10, factor=0.5, min_lr=1e-06
epoch 000 | 168.1s | train loss 0.4603 AP 0.1646 | val loss 0.3581 AP 0.2250 | test loss 0.3583 AP 0.2174 | best val 0.2250 (epoch 0, test 0.21738367535756792)
epoch 001 | 162.2s | train loss 0.3589 AP 0.1809 | val loss 0.3399 AP 0.2641 | test loss 0.3423 AP 0.2567 | best val 0.2641 (epoch 1, test 0.2567399040970161)
epoch 002 | 165.6s | train loss 0.3304 AP 0.2742 | val loss 0.2964 AP 0.3713 | test loss 0.2984 AP 0.3641 | best val 0.3713 (epoch 2, test 0.36411863043933845)
epoch 003 | 166.9s | train loss 0.2934 AP 0.3623 | val loss 0.2775 AP 0.4182 | test loss 0.2776 AP 0.4068 | best val 0.4182 (epoch 3, test 0.40682246932405)
epoch 004 | 162.3s | train loss 0.2742 AP 0.4079 | val loss 0.2603 AP 0.4520 | test loss 0.2632 AP 0.4500 | best val 0.4520 (epoch 4, test 0.45002963056301004)
epoch 005 | 164.1s | train loss 0.2655 AP 0.4291 | val loss 0.2540 AP 0.4803 | test loss 0.2584 AP 0.4649 | best val 0.4803 (epoch 5, test 0.46485893918450555)
epoch 006 | 164.6s | train loss 0.2570 AP 0.4563 | val loss 0.2473 AP 0.5040 | test loss 0.2544 AP 0.4857 | best val 0.5040 (epoch 6, test 0.4856744956136766)
epoch 007 | 165.1s | train loss 0.2546 AP 0.4648 | val loss 0.2451 AP 0.5182 | test loss 0.2516 AP 0.4899 | best val 0.5182 (epoch 7, test 0.48986397227068423)
epoch 008 | 164.0s | train loss 0.2467 AP 0.4858 | val loss 0.2406 AP 0.5260 | test loss 0.2493 AP 0.5066 | best val 0.5260 (epoch 8, test 0.5065768831817676)
epoch 009 | 163.6s | train loss 0.2459 AP 0.4898 | val loss 0.2363 AP 0.5252 | test loss 0.2440 AP 0.5090 | best val 0.5260 (epoch 8, test 0.5065768831817676)
epoch 010 | 166.0s | train loss 0.2378 AP 0.5174 | val loss 0.2299 AP 0.5554 | test loss 0.2379 AP 0.5282 | best val 0.5554 (epoch 10, test 0.5282191807471698)
epoch 011 | 165.1s | train loss 0.2328 AP 0.5286 | val loss 0.2315 AP 0.5599 | test loss 0.2390 AP 0.5345 | best val 0.5599 (epoch 11, test 0.534520615342778)
epoch 012 | 164.1s | train loss 0.2274 AP 0.5425 | val loss 0.2343 AP 0.5543 | test loss 0.2401 AP 0.5344 | best val 0.5599 (epoch 11, test 0.534520615342778)
epoch 013 | 165.2s | train loss 0.2233 AP 0.5554 | val loss 0.2189 AP 0.5842 | test loss 0.2299 AP 0.5481 | best val 0.5842 (epoch 13, test 0.5481372262096628)
epoch 014 | 164.6s | train loss 0.2193 AP 0.5653 | val loss 0.2252 AP 0.5822 | test loss 0.2324 AP 0.5468 | best val 0.5842 (epoch 13, test 0.5481372262096628)
epoch 015 | 166.1s | train loss 0.2166 AP 0.5759 | val loss 0.2178 AP 0.5973 | test loss 0.2327 AP 0.5638 | best val 0.5973 (epoch 15, test 0.5638027647393482)
epoch 016 | 164.7s | train loss 0.2120 AP 0.5884 | val loss 0.2230 AP 0.5828 | test loss 0.2349 AP 0.5506 | best val 0.5973 (epoch 15, test 0.5638027647393482)
epoch 017 | 163.6s | train loss 0.2098 AP 0.6043 | val loss 0.2233 AP 0.5995 | test loss 0.2430 AP 0.5562 | best val 0.5995 (epoch 17, test 0.5561610092188214)
epoch 018 | 165.4s | train loss 0.2033 AP 0.6137 | val loss 0.2173 AP 0.5983 | test loss 0.2264 AP 0.5735 | best val 0.5995 (epoch 17, test 0.5561610092188214)
epoch 019 | 164.0s | train loss 0.2026 AP 0.6150 | val loss 0.2185 AP 0.6024 | test loss 0.2268 AP 0.5804 | best val 0.6024 (epoch 19, test 0.5804221832299985)
epoch 020 | 165.7s | train loss 0.1993 AP 0.6271 | val loss 0.2195 AP 0.6096 | test loss 0.2277 AP 0.5729 | best val 0.6096 (epoch 20, test 0.5728553181210728)
epoch 021 | 164.8s | train loss 0.1961 AP 0.6361 | val loss 0.2144 AP 0.6193 | test loss 0.2232 AP 0.5864 | best val 0.6193 (epoch 21, test 0.586364953602075)
epoch 022 | 164.6s | train loss 0.1919 AP 0.6462 | val loss 0.2202 AP 0.6077 | test loss 0.2282 AP 0.5865 | best val 0.6193 (epoch 21, test 0.586364953602075)
epoch 023 | 166.9s | train loss 0.1891 AP 0.6529 | val loss 0.2108 AP 0.6281 | test loss 0.2221 AP 0.5964 | best val 0.6281 (epoch 23, test 0.5963961485206202)
epoch 024 | 164.2s | train loss 0.1877 AP 0.6588 | val loss 0.2098 AP 0.6308 | test loss 0.2233 AP 0.6033 | best val 0.6308 (epoch 24, test 0.603281326819047)
epoch 025 | 162.1s | train loss 0.1826 AP 0.6710 | val loss 0.2083 AP 0.6232 | test loss 0.2232 AP 0.5927 | best val 0.6308 (epoch 24, test 0.603281326819047)
epoch 026 | 163.5s | train loss 0.1814 AP 0.6763 | val loss 0.2124 AP 0.6167 | test loss 0.2242 AP 0.5949 | best val 0.6308 (epoch 24, test 0.603281326819047)
epoch 027 | 162.4s | train loss 0.1769 AP 0.6891 | val loss 0.2069 AP 0.6497 | test loss 0.2251 AP 0.6077 | best val 0.6497 (epoch 27, test 0.6076996482648656)
epoch 028 | 163.0s | train loss 0.1744 AP 0.6932 | val loss 0.2119 AP 0.6420 | test loss 0.2263 AP 0.6128 | best val 0.6497 (epoch 27, test 0.6076996482648656)
epoch 029 | 163.2s | train loss 0.1713 AP 0.6994 | val loss 0.2162 AP 0.6306 | test loss 0.2359 AP 0.5929 | best val 0.6497 (epoch 27, test 0.6076996482648656)
epoch 030 | 164.8s | train loss 0.1652 AP 0.7169 | val loss 0.2089 AP 0.6437 | test loss 0.2262 AP 0.6063 | best val 0.6497 (epoch 27, test 0.6076996482648656)
epoch 031 | 161.2s | train loss 0.1645 AP 0.7198 | val loss 0.2083 AP 0.6364 | test loss 0.2199 AP 0.6222 | best val 0.6497 (epoch 27, test 0.6076996482648656)
epoch 032 | 163.9s | train loss 0.1608 AP 0.7304 | val loss 0.2069 AP 0.6408 | test loss 0.2222 AP 0.6219 | best val 0.6497 (epoch 27, test 0.6076996482648656)
epoch 033 | 161.2s | train loss 0.1571 AP 0.7412 | val loss 0.2097 AP 0.6358 | test loss 0.2207 AP 0.6110 | best val 0.6497 (epoch 27, test 0.6076996482648656)
epoch 034 | 163.4s | train loss 0.1564 AP 0.7372 | val loss 0.2142 AP 0.6466 | test loss 0.2313 AP 0.6077 | best val 0.6497 (epoch 27, test 0.6076996482648656)
epoch 035 | 162.7s | train loss 0.1513 AP 0.7507 | val loss 0.2235 AP 0.6404 | test loss 0.2435 AP 0.6267 | best val 0.6497 (epoch 27, test 0.6076996482648656)
epoch 036 | 163.4s | train loss 0.1508 AP 0.7563 | val loss 0.2110 AP 0.6498 | test loss 0.2252 AP 0.6229 | best val 0.6498 (epoch 36, test 0.6228852819869501)
epoch 037 | 163.6s | train loss 0.1474 AP 0.7602 | val loss 0.2101 AP 0.6489 | test loss 0.2247 AP 0.6261 | best val 0.6498 (epoch 36, test 0.6228852819869501)
epoch 038 | 162.6s | train loss 0.1412 AP 0.7765 | val loss 0.2258 AP 0.6352 | test loss 0.2387 AP 0.6156 | best val 0.6498 (epoch 36, test 0.6228852819869501)
epoch 039 | 163.3s | train loss 0.1390 AP 0.7818 | val loss 0.2147 AP 0.6584 | test loss 0.2313 AP 0.6281 | best val 0.6584 (epoch 39, test 0.6281084658035248)
epoch 040 | 165.8s | train loss 0.1342 AP 0.7914 | val loss 0.2237 AP 0.6449 | test loss 0.2409 AP 0.6290 | best val 0.6584 (epoch 39, test 0.6281084658035248)
epoch 041 | 164.4s | train loss 0.1321 AP 0.7979 | val loss 0.2159 AP 0.6499 | test loss 0.2366 AP 0.6204 | best val 0.6584 (epoch 39, test 0.6281084658035248)
epoch 042 | 163.9s | train loss 0.1318 AP 0.8004 | val loss 0.2171 AP 0.6626 | test loss 0.2431 AP 0.6233 | best val 0.6626 (epoch 42, test 0.6232583450068934)
epoch 043 | 163.6s | train loss 0.1290 AP 0.8022 | val loss 0.2307 AP 0.6599 | test loss 0.2513 AP 0.6264 | best val 0.6626 (epoch 42, test 0.6232583450068934)
epoch 044 | 163.2s | train loss 0.1258 AP 0.8091 | val loss 0.2304 AP 0.6504 | test loss 0.2546 AP 0.6237 | best val 0.6626 (epoch 42, test 0.6232583450068934)
epoch 045 | 163.7s | train loss 0.1237 AP 0.8134 | val loss 0.2228 AP 0.6564 | test loss 0.2497 AP 0.6214 | best val 0.6626 (epoch 42, test 0.6232583450068934)
epoch 046 | 163.6s | train loss 0.1206 AP 0.8255 | val loss 0.2258 AP 0.6695 | test loss 0.2493 AP 0.6250 | best val 0.6695 (epoch 46, test 0.6249836273358489)
epoch 047 | 164.9s | train loss 0.1157 AP 0.8339 | val loss 0.2331 AP 0.6561 | test loss 0.2566 AP 0.6295 | best val 0.6695 (epoch 46, test 0.6249836273358489)
epoch 048 | 162.5s | train loss 0.1162 AP 0.8293 | val loss 0.2397 AP 0.6574 | test loss 0.2644 AP 0.6257 | best val 0.6695 (epoch 46, test 0.6249836273358489)
epoch 049 | 165.0s | train loss 0.1123 AP 0.8416 | val loss 0.2450 AP 0.6596 | test loss 0.2573 AP 0.6389 | best val 0.6695 (epoch 46, test 0.6249836273358489)
epoch 050 | 162.9s | train loss 0.1058 AP 0.8529 | val loss 0.2398 AP 0.6589 | test loss 0.2647 AP 0.6396 | best val 0.6695 (epoch 46, test 0.6249836273358489)
epoch 051 | 162.6s | train loss 0.1101 AP 0.8458 | val loss 0.2577 AP 0.6551 | test loss 0.2798 AP 0.6263 | best val 0.6695 (epoch 46, test 0.6249836273358489)
epoch 052 | 163.7s | train loss 0.1053 AP 0.8544 | val loss 0.2503 AP 0.6648 | test loss 0.2798 AP 0.6302 | best val 0.6695 (epoch 46, test 0.6249836273358489)
epoch 053 | 165.2s | train loss 0.1051 AP 0.8502 | val loss 0.2384 AP 0.6614 | test loss 0.2746 AP 0.6367 | best val 0.6695 (epoch 46, test 0.6249836273358489)
epoch 054 | 163.4s | train loss 0.0990 AP 0.8690 | val loss 0.2611 AP 0.6611 | test loss 0.2861 AP 0.6464 | best val 0.6695 (epoch 46, test 0.6249836273358489)
epoch 055 | 162.4s | train loss 0.0976 AP 0.8694 | val loss 0.2556 AP 0.6722 | test loss 0.2877 AP 0.6417 | best val 0.6722 (epoch 55, test 0.6416611248751158)
epoch 056 | 164.2s | train loss 0.0959 AP 0.8708 | val loss 0.2398 AP 0.6667 | test loss 0.2666 AP 0.6456 | best val 0.6722 (epoch 55, test 0.6416611248751158)
epoch 057 | 163.1s | train loss 0.0940 AP 0.8761 | val loss 0.2534 AP 0.6675 | test loss 0.2895 AP 0.6422 | best val 0.6722 (epoch 55, test 0.6416611248751158)
epoch 058 | 163.2s | train loss 0.0939 AP 0.8777 | val loss 0.2672 AP 0.6628 | test loss 0.2864 AP 0.6557 | best val 0.6722 (epoch 55, test 0.6416611248751158)
epoch 059 | 164.9s | train loss 0.0893 AP 0.8849 | val loss 0.2599 AP 0.6593 | test loss 0.2988 AP 0.6409 | best val 0.6722 (epoch 55, test 0.6416611248751158)
epoch 060 | 162.5s | train loss 0.0924 AP 0.8813 | val loss 0.2732 AP 0.6663 | test loss 0.3102 AP 0.6570 | best val 0.6722 (epoch 55, test 0.6416611248751158)
epoch 061 | 164.9s | train loss 0.0855 AP 0.8976 | val loss 0.2589 AP 0.6733 | test loss 0.2922 AP 0.6577 | best val 0.6733 (epoch 61, test 0.6577104206644103)
epoch 062 | 163.6s | train loss 0.0841 AP 0.8965 | val loss 0.2782 AP 0.6676 | test loss 0.3166 AP 0.6526 | best val 0.6733 (epoch 61, test 0.6577104206644103)
epoch 063 | 164.2s | train loss 0.0845 AP 0.8953 | val loss 0.2618 AP 0.6623 | test loss 0.2965 AP 0.6349 | best val 0.6733 (epoch 61, test 0.6577104206644103)
epoch 064 | 164.3s | train loss 0.0848 AP 0.8962 | val loss 0.2623 AP 0.6793 | test loss 0.2908 AP 0.6586 | best val 0.6793 (epoch 64, test 0.6585658799682266)
epoch 065 | 161.1s | train loss 0.0789 AP 0.9041 | val loss 0.2843 AP 0.6731 | test loss 0.3234 AP 0.6561 | best val 0.6793 (epoch 64, test 0.6585658799682266)
epoch 066 | 164.3s | train loss 0.0773 AP 0.9101 | val loss 0.2968 AP 0.6651 | test loss 0.3289 AP 0.6504 | best val 0.6793 (epoch 64, test 0.6585658799682266)
epoch 067 | 165.1s | train loss 0.0764 AP 0.9101 | val loss 0.2877 AP 0.6666 | test loss 0.3152 AP 0.6583 | best val 0.6793 (epoch 64, test 0.6585658799682266)
epoch 068 | 162.5s | train loss 0.0741 AP 0.9149 | val loss 0.2783 AP 0.6817 | test loss 0.3153 AP 0.6698 | best val 0.6817 (epoch 68, test 0.6697917404518542)
epoch 069 | 162.4s | train loss 0.0733 AP 0.9173 | val loss 0.2954 AP 0.6642 | test loss 0.3281 AP 0.6504 | best val 0.6817 (epoch 68, test 0.6697917404518542)
epoch 070 | 164.1s | train loss 0.0694 AP 0.9234 | val loss 0.2915 AP 0.6700 | test loss 0.3441 AP 0.6491 | best val 0.6817 (epoch 68, test 0.6697917404518542)
epoch 071 | 163.1s | train loss 0.0694 AP 0.9209 | val loss 0.2855 AP 0.6687 | test loss 0.3255 AP 0.6497 | best val 0.6817 (epoch 68, test 0.6697917404518542)
epoch 072 | 162.5s | train loss 0.0674 AP 0.9251 | val loss 0.3090 AP 0.6689 | test loss 0.3621 AP 0.6510 | best val 0.6817 (epoch 68, test 0.6697917404518542)
epoch 073 | 163.4s | train loss 0.0654 AP 0.9298 | val loss 0.2946 AP 0.6712 | test loss 0.3273 AP 0.6500 | best val 0.6817 (epoch 68, test 0.6697917404518542)
epoch 074 | 162.8s | train loss 0.0652 AP 0.9323 | val loss 0.3081 AP 0.6703 | test loss 0.3522 AP 0.6510 | best val 0.6817 (epoch 68, test 0.6697917404518542)
epoch 075 | 163.9s | train loss 0.0630 AP 0.9362 | val loss 0.3056 AP 0.6609 | test loss 0.3299 AP 0.6568 | best val 0.6817 (epoch 68, test 0.6697917404518542)
epoch 076 | 161.4s | train loss 0.0647 AP 0.9284 | val loss 0.3102 AP 0.6742 | test loss 0.3449 AP 0.6601 | best val 0.6817 (epoch 68, test 0.6697917404518542)
epoch 077 | 163.6s | train loss 0.0634 AP 0.9359 | val loss 0.3343 AP 0.6663 | test loss 0.3706 AP 0.6534 | best val 0.6817 (epoch 68, test 0.6697917404518542)
epoch 078 | 165.7s | train loss 0.0615 AP 0.9381 | val loss 0.3274 AP 0.6787 | test loss 0.3676 AP 0.6590 | best val 0.6817 (epoch 68, test 0.6697917404518542)
epoch 079 | 163.8s | train loss 0.0593 AP 0.9424 | val loss 0.3222 AP 0.6691 | test loss 0.3668 AP 0.6520 | best val 0.6817 (epoch 68, test 0.6697917404518542)
epoch 080 | 162.9s | train loss 0.0580 AP 0.9444 | val loss 0.3315 AP 0.6778 | test loss 0.3808 AP 0.6585 | best val 0.6817 (epoch 68, test 0.6697917404518542)
epoch 081 | 163.2s | train loss 0.0574 AP 0.9421 | val loss 0.3290 AP 0.6743 | test loss 0.3661 AP 0.6661 | best val 0.6817 (epoch 68, test 0.6697917404518542)
epoch 082 | 165.4s | train loss 0.0584 AP 0.9428 | val loss 0.3233 AP 0.6758 | test loss 0.3655 AP 0.6652 | best val 0.6817 (epoch 68, test 0.6697917404518542)
epoch 083 | 165.5s | train loss 0.0544 AP 0.9474 | val loss 0.3216 AP 0.6726 | test loss 0.3689 AP 0.6614 | best val 0.6817 (epoch 68, test 0.6697917404518542)
epoch 084 | 163.3s | train loss 0.0520 AP 0.9524 | val loss 0.3500 AP 0.6729 | test loss 0.3980 AP 0.6535 | best val 0.6817 (epoch 68, test 0.6697917404518542)
epoch 085 | 163.8s | train loss 0.0514 AP 0.9535 | val loss 0.3502 AP 0.6765 | test loss 0.3993 AP 0.6568 | best val 0.6817 (epoch 68, test 0.6697917404518542)
epoch 086 | 162.0s | train loss 0.0524 AP 0.9509 | val loss 0.3628 AP 0.6649 | test loss 0.3872 AP 0.6416 | best val 0.6817 (epoch 68, test 0.6697917404518542)
epoch 087 | 163.1s | train loss 0.0525 AP 0.9522 | val loss 0.3446 AP 0.6633 | test loss 0.3963 AP 0.6532 | best val 0.6817 (epoch 68, test 0.6697917404518542)
epoch 088 | 162.8s | train loss 0.0508 AP 0.9545 | val loss 0.3606 AP 0.6734 | test loss 0.4016 AP 0.6632 | best val 0.6817 (epoch 68, test 0.6697917404518542)
epoch 089 | 162.4s | train loss 0.0511 AP 0.9541 | val loss 0.3577 AP 0.6773 | test loss 0.4033 AP 0.6701 | best val 0.6817 (epoch 68, test 0.6697917404518542)
epoch 090 | 162.9s | train loss 0.0476 AP 0.9582 | val loss 0.3527 AP 0.6792 | test loss 0.4104 AP 0.6575 | best val 0.6817 (epoch 68, test 0.6697917404518542)
epoch 091 | 163.8s | train loss 0.0464 AP 0.9579 | val loss 0.3738 AP 0.6798 | test loss 0.4217 AP 0.6581 | best val 0.6817 (epoch 68, test 0.6697917404518542)
epoch 092 | 162.5s | train loss 0.0458 AP 0.9608 | val loss 0.3569 AP 0.6708 | test loss 0.3972 AP 0.6600 | best val 0.6817 (epoch 68, test 0.6697917404518542)
epoch 093 | 162.2s | train loss 0.0437 AP 0.9619 | val loss 0.3654 AP 0.6753 | test loss 0.4014 AP 0.6601 | best val 0.6817 (epoch 68, test 0.6697917404518542)
epoch 094 | 164.5s | train loss 0.0447 AP 0.9628 | val loss 0.3723 AP 0.6760 | test loss 0.4245 AP 0.6560 | best val 0.6817 (epoch 68, test 0.6697917404518542)
epoch 095 | 164.0s | train loss 0.0450 AP 0.9631 | val loss 0.3668 AP 0.6752 | test loss 0.4065 AP 0.6643 | best val 0.6817 (epoch 68, test 0.6697917404518542)
epoch 096 | 163.2s | train loss 0.0441 AP 0.9651 | val loss 0.3652 AP 0.6746 | test loss 0.4071 AP 0.6630 | best val 0.6817 (epoch 68, test 0.6697917404518542)
epoch 097 | 162.9s | train loss 0.0424 AP 0.9687 | val loss 0.3898 AP 0.6823 | test loss 0.4456 AP 0.6638 | best val 0.6823 (epoch 97, test 0.6637525890469043)
epoch 098 | 163.1s | train loss 0.0422 AP 0.9675 | val loss 0.3769 AP 0.6776 | test loss 0.4163 AP 0.6707 | best val 0.6823 (epoch 97, test 0.6637525890469043)
epoch 099 | 163.9s | train loss 0.0420 AP 0.9676 | val loss 0.3953 AP 0.6718 | test loss 0.4452 AP 0.6563 | best val 0.6823 (epoch 97, test 0.6637525890469043)
epoch 100 | 163.6s | train loss 0.0411 AP 0.9671 | val loss 0.3732 AP 0.6750 | test loss 0.4291 AP 0.6560 | best val 0.6823 (epoch 97, test 0.6637525890469043)
epoch 101 | 164.8s | train loss 0.0413 AP 0.9689 | val loss 0.3886 AP 0.6790 | test loss 0.4357 AP 0.6575 | best val 0.6823 (epoch 97, test 0.6637525890469043)
epoch 102 | 163.1s | train loss 0.0396 AP 0.9705 | val loss 0.3769 AP 0.6873 | test loss 0.4322 AP 0.6600 | best val 0.6873 (epoch 102, test 0.6599548497091104)
epoch 103 | 165.6s | train loss 0.0392 AP 0.9702 | val loss 0.3974 AP 0.6757 | test loss 0.4515 AP 0.6611 | best val 0.6873 (epoch 102, test 0.6599548497091104)
epoch 104 | 162.1s | train loss 0.0372 AP 0.9734 | val loss 0.4131 AP 0.6765 | test loss 0.4715 AP 0.6630 | best val 0.6873 (epoch 102, test 0.6599548497091104)
epoch 105 | 163.1s | train loss 0.0375 AP 0.9729 | val loss 0.4078 AP 0.6797 | test loss 0.4618 AP 0.6609 | best val 0.6873 (epoch 102, test 0.6599548497091104)
epoch 106 | 162.9s | train loss 0.0365 AP 0.9740 | val loss 0.4088 AP 0.6767 | test loss 0.4678 AP 0.6667 | best val 0.6873 (epoch 102, test 0.6599548497091104)
epoch 107 | 162.6s | train loss 0.0350 AP 0.9762 | val loss 0.4095 AP 0.6717 | test loss 0.4576 AP 0.6607 | best val 0.6873 (epoch 102, test 0.6599548497091104)
epoch 108 | 163.1s | train loss 0.0341 AP 0.9769 | val loss 0.4156 AP 0.6791 | test loss 0.4661 AP 0.6687 | best val 0.6873 (epoch 102, test 0.6599548497091104)
epoch 109 | 162.8s | train loss 0.0365 AP 0.9745 | val loss 0.3970 AP 0.6713 | test loss 0.4516 AP 0.6629 | best val 0.6873 (epoch 102, test 0.6599548497091104)
epoch 110 | 162.1s | train loss 0.0329 AP 0.9788 | val loss 0.4284 AP 0.6733 | test loss 0.4829 AP 0.6638 | best val 0.6873 (epoch 102, test 0.6599548497091104)
epoch 111 | 162.7s | train loss 0.0330 AP 0.9779 | val loss 0.4327 AP 0.6748 | test loss 0.4961 AP 0.6628 | best val 0.6873 (epoch 102, test 0.6599548497091104)
epoch 112 | 164.2s | train loss 0.0310 AP 0.9798 | val loss 0.4201 AP 0.6816 | test loss 0.4762 AP 0.6629 | best val 0.6873 (epoch 102, test 0.6599548497091104)
epoch 113 | 165.5s | train loss 0.0319 AP 0.9801 | val loss 0.4263 AP 0.6753 | test loss 0.4811 AP 0.6607 | best val 0.6873 (epoch 102, test 0.6599548497091104)
epoch 114 | 160.5s | train loss 0.0303 AP 0.9807 | val loss 0.4340 AP 0.6785 | test loss 0.4827 AP 0.6604 | best val 0.6873 (epoch 102, test 0.6599548497091104)
epoch 115 | 163.4s | train loss 0.0315 AP 0.9800 | val loss 0.4326 AP 0.6761 | test loss 0.4844 AP 0.6642 | best val 0.6873 (epoch 102, test 0.6599548497091104)
epoch 116 | 164.5s | train loss 0.0321 AP 0.9809 | val loss 0.4413 AP 0.6729 | test loss 0.4967 AP 0.6610 | best val 0.6873 (epoch 102, test 0.6599548497091104)
epoch 117 | 163.8s | train loss 0.0307 AP 0.9792 | val loss 0.4276 AP 0.6733 | test loss 0.4851 AP 0.6583 | best val 0.6873 (epoch 102, test 0.6599548497091104)
epoch 118 | 162.4s | train loss 0.0313 AP 0.9804 | val loss 0.4302 AP 0.6673 | test loss 0.4898 AP 0.6543 | best val 0.6873 (epoch 102, test 0.6599548497091104)
epoch 119 | 166.3s | train loss 0.0290 AP 0.9831 | val loss 0.4380 AP 0.6761 | test loss 0.5113 AP 0.6595 | best val 0.6873 (epoch 102, test 0.6599548497091104)
epoch 120 | 167.8s | train loss 0.0286 AP 0.9826 | val loss 0.4580 AP 0.6738 | test loss 0.5218 AP 0.6605 | best val 0.6873 (epoch 102, test 0.6599548497091104)
epoch 121 | 185.8s | train loss 0.0275 AP 0.9841 | val loss 0.4800 AP 0.6673 | test loss 0.5294 AP 0.6588 | best val 0.6873 (epoch 102, test 0.6599548497091104)
epoch 122 | 211.6s | train loss 0.0269 AP 0.9840 | val loss 0.4585 AP 0.6721 | test loss 0.5339 AP 0.6580 | best val 0.6873 (epoch 102, test 0.6599548497091104)
epoch 123 | 208.8s | train loss 0.0281 AP 0.9830 | val loss 0.4575 AP 0.6673 | test loss 0.5191 AP 0.6563 | best val 0.6873 (epoch 102, test 0.6599548497091104)
epoch 124 | 208.0s | train loss 0.0273 AP 0.9852 | val loss 0.4650 AP 0.6749 | test loss 0.5288 AP 0.6634 | best val 0.6873 (epoch 102, test 0.6599548497091104)
epoch 125 | 208.0s | train loss 0.0264 AP 0.9846 | val loss 0.4752 AP 0.6737 | test loss 0.5336 AP 0.6575 | best val 0.6873 (epoch 102, test 0.6599548497091104)
epoch 126 | 181.7s | train loss 0.0254 AP 0.9863 | val loss 0.4536 AP 0.6744 | test loss 0.5238 AP 0.6562 | best val 0.6873 (epoch 102, test 0.6599548497091104)
epoch 127 | 183.3s | train loss 0.0257 AP 0.9854 | val loss 0.4655 AP 0.6699 | test loss 0.5223 AP 0.6601 | best val 0.6873 (epoch 102, test 0.6599548497091104)
epoch 128 | 178.7s | train loss 0.0248 AP 0.9875 | val loss 0.4684 AP 0.6760 | test loss 0.5339 AP 0.6608 | best val 0.6873 (epoch 102, test 0.6599548497091104)
epoch 129 | 206.0s | train loss 0.0241 AP 0.9878 | val loss 0.5014 AP 0.6722 | test loss 0.5622 AP 0.6686 | best val 0.6873 (epoch 102, test 0.6599548497091104)
epoch 130 | 207.8s | train loss 0.0238 AP 0.9878 | val loss 0.4873 AP 0.6743 | test loss 0.5396 AP 0.6673 | best val 0.6873 (epoch 102, test 0.6599548497091104)
epoch 131 | 207.7s | train loss 0.0230 AP 0.9878 | val loss 0.4954 AP 0.6760 | test loss 0.5602 AP 0.6635 | best val 0.6873 (epoch 102, test 0.6599548497091104)
epoch 132 | 206.9s | train loss 0.0243 AP 0.9874 | val loss 0.4999 AP 0.6687 | test loss 0.5632 AP 0.6579 | best val 0.6873 (epoch 102, test 0.6599548497091104)
epoch 133 | 201.5s | train loss 0.0233 AP 0.9886 | val loss 0.5040 AP 0.6699 | test loss 0.5666 AP 0.6604 | best val 0.6873 (epoch 102, test 0.6599548497091104)
epoch 134 | 163.3s | train loss 0.0223 AP 0.9892 | val loss 0.5025 AP 0.6704 | test loss 0.5678 AP 0.6569 | best val 0.6873 (epoch 102, test 0.6599548497091104)
epoch 135 | 163.6s | train loss 0.0225 AP 0.9891 | val loss 0.5094 AP 0.6704 | test loss 0.5801 AP 0.6609 | best val 0.6873 (epoch 102, test 0.6599548497091104)
epoch 136 | 164.6s | train loss 0.0223 AP 0.9883 | val loss 0.5049 AP 0.6774 | test loss 0.5848 AP 0.6644 | best val 0.6873 (epoch 102, test 0.6599548497091104)
epoch 137 | 162.8s | train loss 0.0220 AP 0.9886 | val loss 0.5138 AP 0.6750 | test loss 0.5793 AP 0.6714 | best val 0.6873 (epoch 102, test 0.6599548497091104)
epoch 138 | 163.4s | train loss 0.0210 AP 0.9903 | val loss 0.5130 AP 0.6721 | test loss 0.5768 AP 0.6594 | best val 0.6873 (epoch 102, test 0.6599548497091104)
epoch 139 | 162.8s | train loss 0.0217 AP 0.9888 | val loss 0.5014 AP 0.6741 | test loss 0.5749 AP 0.6583 | best val 0.6873 (epoch 102, test 0.6599548497091104)
epoch 140 | 162.8s | train loss 0.0205 AP 0.9906 | val loss 0.5084 AP 0.6722 | test loss 0.5766 AP 0.6642 | best val 0.6873 (epoch 102, test 0.6599548497091104)
epoch 141 | 163.2s | train loss 0.0201 AP 0.9914 | val loss 0.5303 AP 0.6783 | test loss 0.5995 AP 0.6675 | best val 0.6873 (epoch 102, test 0.6599548497091104)
epoch 142 | 168.0s | train loss 0.0202 AP 0.9905 | val loss 0.5060 AP 0.6717 | test loss 0.5700 AP 0.6630 | best val 0.6873 (epoch 102, test 0.6599548497091104)
early stopping at epoch 142 (no val improvement in 40 epochs)
BEST: val AP 0.6873 | test AP 0.6600 (epoch 102)
