[Peptides-func] task=multi_label  metric=macro_ap (higher_is_better=True)
  Loading cached distance masks from ./data/Peptides-func/dist_masks/train.pkl
  Loading cached distance masks from ./data/Peptides-func/dist_masks/val.pkl
  Loading cached distance masks from ./data/Peptides-func/dist_masks/test.pkl
Subsampled train: 10873 → 5436 (50%)
Train batches: 170  Val batches: 73
Max epochs/trial: 10  Patience: 10
Optuna trials: 100  Pruning: True
========================================================================
Resuming study 'khop_hparam_search' — 4 existing trials found.
Will run 96 new trials (target total: 100, existing: 4).
  [trial 4] epoch 00 179.6s (bs=32) | train AP 0.2165 loss 0.3838 | val AP 0.2801 | best 0.2801
  [trial 4] epoch 01 167.2s (bs=32) | train AP 0.2602 loss 0.3312 | val AP 0.2861 | best 0.2861
  [trial 4] epoch 02 167.5s (bs=32) | train AP 0.2612 loss 0.3296 | val AP 0.2805 | best 0.2861
  [trial 4] epoch 03 167.0s (bs=32) | train AP 0.2687 loss 0.3266 | val AP 0.2827 | best 0.2861
  [trial 4] epoch 04 166.5s (bs=32) | train AP 0.2690 loss 0.3251 | val AP 0.2845 | best 0.2861
  [trial 4] epoch 05 165.7s (bs=32) | train AP 0.2685 loss 0.3251 | val AP 0.2823 | best 0.2861
  [trial 4] epoch 06 167.2s (bs=32) | train AP 0.2713 loss 0.3232 | val AP 0.2886 | best 0.2886
  [trial 4] epoch 07 168.0s (bs=32) | train AP 0.2713 loss 0.3233 | val AP 0.2887 | best 0.2887
  [trial 4] epoch 08 167.9s (bs=32) | train AP 0.2756 loss 0.3230 | val AP 0.2884 | best 0.2887
  [trial 4] epoch 09 167.1s (bs=32) | train AP 0.2779 loss 0.3220 | val AP 0.2893 | best 0.2893
[I 2026-05-12 14:12:48,014] Trial 4 finished with value: 0.28933003618002423 and parameters: {'hidden_dim': 128, 'num_layers': 2, 'num_heads': 4, 'num_cross_layers': 1, 'generator': 'score_based', 'num_proxies': 64, 'score_layers': 1, 'score_heads': 4, 'gnn_layers': 15, 'decode_hidden': 128, 'decode_layers': 3, 'coarsen_reg_weight': 0.05, 'hop_dim': 16, 'fuse_mode': 'concat_proj', 'khop_per_block': True, 'khop_num_heads': 8, 'share_blocks': False, 'use_proxy_self_attn': False, 'final_sa_layers': 1, 'dropout': 0.25, 'aux_loss_weight': 1.5, 'lr': 0.000452996831941414, 'weight_decay': 0.00013388357662108641}. Best is trial 2 with value: 0.3290995120739183.
  [trial 5] epoch 00 174.2s (bs=32) | train AP 0.2188 loss 0.3810 | val AP 0.2805 | best 0.2805
  [trial 5] epoch 01 162.0s (bs=32) | train AP 0.2586 loss 0.3305 | val AP 0.2905 | best 0.2905
  [trial 5] epoch 02 159.5s (bs=32) | train AP 0.2651 loss 0.3266 | val AP 0.2879 | best 0.2905
  [trial 5] epoch 03 160.2s (bs=32) | train AP 0.2680 loss 0.3254 | val AP 0.2894 | best 0.2905
  [trial 5] epoch 04 160.0s (bs=32) | train AP 0.2715 loss 0.3241 | val AP 0.2942 | best 0.2942
  [trial 5] epoch 05 161.6s (bs=32) | train AP 0.2741 loss 0.3220 | val AP 0.3112 | best 0.3112
  [trial 5] epoch 06 161.4s (bs=32) | train AP 0.2987 loss 0.3152 | val AP 0.3194 | best 0.3194
  [trial 5] epoch 07 176.5s (bs=32) | train AP 0.3093 loss 0.3089 | val AP 0.3298 | best 0.3298
  [trial 5] epoch 08 159.8s (bs=32) | train AP 0.3210 loss 0.3043 | val AP 0.3308 | best 0.3308
  [trial 5] epoch 09 159.8s (bs=32) | train AP 0.3255 loss 0.3025 | val AP 0.3317 | best 0.3317
[I 2026-05-12 14:40:06,150] Trial 5 finished with value: 0.3316641418886808 and parameters: {'hidden_dim': 96, 'num_layers': 6, 'num_heads': 8, 'num_cross_layers': 1, 'generator': 'graph_coarsening', 'num_proxies': 256, 'score_layers': 2, 'score_heads': 8, 'gnn_layers': 15, 'decode_hidden': 64, 'decode_layers': 2, 'coarsen_reg_weight': 0.1, 'hop_dim': 16, 'fuse_mode': 'concat_proj', 'khop_per_block': False, 'khop_num_heads': 4, 'share_blocks': False, 'use_proxy_self_attn': False, 'final_sa_layers': 2, 'dropout': 0.2, 'aux_loss_weight': 1.75, 'lr': 0.0009713257095416607, 'weight_decay': 0.006027845046946914}. Best is trial 5 with value: 0.3316641418886808.
  [trial 6] epoch 00 310.5s (bs=32) | train AP 0.2240 loss 0.3893 | val AP 0.2872 | best 0.2872
  [trial 6] epoch 01 314.1s (bs=32) | train AP 0.2577 loss 0.3312 | val AP 0.2877 | best 0.2877
  [trial 6] epoch 02 305.7s (bs=32) | train AP 0.2617 loss 0.3281 | val AP 0.2846 | best 0.2877
  [trial 6] epoch 03 304.4s (bs=32) | train AP 0.2645 loss 0.3262 | val AP 0.2816 | best 0.2877
  [trial 6] epoch 04 305.9s (bs=32) | train AP 0.2658 loss 0.3256 | val AP 0.2868 | best 0.2877
  [trial 6] epoch 05 303.1s (bs=32) | train AP 0.2708 loss 0.3238 | val AP 0.2903 | best 0.2903
  [trial 6] epoch 06 303.3s (bs=32) | train AP 0.2717 loss 0.3229 | val AP 0.2916 | best 0.2916
  [trial 6] epoch 07 310.4s (bs=32) | train AP 0.2744 loss 0.3224 | val AP 0.2948 | best 0.2948
  [trial 6] epoch 08 305.7s (bs=32) | train AP 0.2763 loss 0.3215 | val AP 0.2943 | best 0.2948
  [trial 6] epoch 09 307.5s (bs=32) | train AP 0.2775 loss 0.3208 | val AP 0.2947 | best 0.2948
[I 2026-05-12 15:31:19,807] Trial 6 finished with value: 0.29475829067707227 and parameters: {'hidden_dim': 192, 'num_layers': 2, 'num_heads': 4, 'num_cross_layers': 2, 'generator': 'pma', 'num_proxies': 128, 'score_layers': 1, 'score_heads': 4, 'gnn_layers': 15, 'decode_hidden': 256, 'decode_layers': 1, 'coarsen_reg_weight': 0.4, 'hop_dim': 32, 'fuse_mode': 'sum_proj', 'khop_per_block': True, 'khop_num_heads': 2, 'share_blocks': False, 'use_proxy_self_attn': False, 'final_sa_layers': 1, 'dropout': 0.3, 'aux_loss_weight': 0.75, 'lr': 0.0005618142019833217, 'weight_decay': 0.007063286458453469}. Best is trial 5 with value: 0.3316641418886808.
  [trial 7] OOM at bs=32 → retrying with bs=16
  [trial 7] epoch 00 515.1s (bs=16) | train AP 0.2133 loss 0.3949 | val AP 0.2790 | best 0.2790
  [trial 7] epoch 01 533.8s (bs=16) | train AP 0.2611 loss 0.3286 | val AP 0.2850 | best 0.2850
  [trial 7] epoch 02 513.5s (bs=16) | train AP 0.2624 loss 0.3268 | val AP 0.2897 | best 0.2897
  [trial 7] epoch 03 520.4s (bs=16) | train AP 0.2681 loss 0.3251 | val AP 0.2826 | best 0.2897
  [trial 7] epoch 04 533.8s (bs=16) | train AP 0.2664 loss 0.3247 | val AP 0.2914 | best 0.2914
  [trial 7] epoch 05 558.9s (bs=16) | train AP 0.2672 loss 0.3238 | val AP 0.2853 | best 0.2914
  [trial 7] epoch 06 512.1s (bs=16) | train AP 0.2704 loss 0.3225 | val AP 0.2917 | best 0.2917
  [trial 7] epoch 07 520.3s (bs=16) | train AP 0.2731 loss 0.3222 | val AP 0.2927 | best 0.2927
  [trial 7] PRUNED at epoch 7
[I 2026-05-12 16:43:04,400] Trial 7 pruned. 
  [trial 8] epoch 00 109.9s (bs=32) | train AP 0.2342 loss 0.3561 | val AP 0.2918 | best 0.2918
  [trial 8] epoch 01 109.6s (bs=32) | train AP 0.2599 loss 0.3318 | val AP 0.2815 | best 0.2918
  [trial 8] epoch 02 108.5s (bs=32) | train AP 0.2589 loss 0.3290 | val AP 0.2800 | best 0.2918
  [trial 8] epoch 03 108.6s (bs=32) | train AP 0.2596 loss 0.3297 | val AP 0.2845 | best 0.2918
  [trial 8] epoch 04 110.4s (bs=32) | train AP 0.2620 loss 0.3267 | val AP 0.2915 | best 0.2918
  [trial 8] epoch 05 108.1s (bs=32) | train AP 0.2638 loss 0.3266 | val AP 0.2862 | best 0.2918
  [trial 8] epoch 06 108.3s (bs=32) | train AP 0.2700 loss 0.3236 | val AP 0.2952 | best 0.2952
  [trial 8] epoch 07 109.4s (bs=32) | train AP 0.2750 loss 0.3223 | val AP 0.2823 | best 0.2952
  [trial 8] epoch 08 110.1s (bs=32) | train AP 0.2777 loss 0.3201 | val AP 0.2853 | best 0.2952
  [trial 8] epoch 09 108.9s (bs=32) | train AP 0.2795 loss 0.3204 | val AP 0.2870 | best 0.2952
[I 2026-05-12 17:01:18,772] Trial 8 finished with value: 0.29515910510238375 and parameters: {'hidden_dim': 256, 'num_layers': 3, 'num_heads': 4, 'num_cross_layers': 3, 'generator': 'score_based', 'num_proxies': 32, 'score_layers': 2, 'score_heads': 4, 'gnn_layers': 3, 'decode_hidden': 256, 'decode_layers': 2, 'coarsen_reg_weight': 0.2, 'hop_dim': 32, 'fuse_mode': 'sum_proj', 'khop_per_block': False, 'khop_num_heads': 4, 'share_blocks': False, 'use_proxy_self_attn': True, 'final_sa_layers': 1, 'dropout': 0.35000000000000003, 'aux_loss_weight': 2.0, 'lr': 0.0016353906810534322, 'weight_decay': 0.007275585049585748}. Best is trial 5 with value: 0.3316641418886808.
  [trial 9] epoch 00 215.0s (bs=32) | train AP 0.2050 loss 0.4040 | val AP 0.2786 | best 0.2786
  [trial 9] epoch 01 221.1s (bs=32) | train AP 0.2562 loss 0.3346 | val AP 0.2802 | best 0.2802
  [trial 9] epoch 02 238.6s (bs=32) | train AP 0.2622 loss 0.3305 | val AP 0.2833 | best 0.2833
  [trial 9] epoch 03 229.3s (bs=32) | train AP 0.2602 loss 0.3299 | val AP 0.2820 | best 0.2833
  [trial 9] epoch 04 228.3s (bs=32) | train AP 0.2671 loss 0.3279 | val AP 0.2823 | best 0.2833
  [trial 9] epoch 05 215.2s (bs=32) | train AP 0.2648 loss 0.3276 | val AP 0.2875 | best 0.2875
  [trial 9] PRUNED at epoch 5
[I 2026-05-12 17:23:48,624] Trial 9 pruned. 
  [trial 10] epoch 00 307.9s (bs=32) | train AP 0.2199 loss 0.3678 | val AP 0.2778 | best 0.2778
  [trial 10] epoch 01 309.8s (bs=32) | train AP 0.2542 loss 0.3287 | val AP 0.2891 | best 0.2891
  [trial 10] epoch 02 304.3s (bs=32) | train AP 0.2650 loss 0.3253 | val AP 0.2830 | best 0.2891
  [trial 10] epoch 03 307.4s (bs=32) | train AP 0.2714 loss 0.3233 | val AP 0.2923 | best 0.2923
  [trial 10] epoch 04 303.7s (bs=32) | train AP 0.2721 loss 0.3224 | val AP 0.2999 | best 0.2999
  [trial 10] epoch 05 303.8s (bs=32) | train AP 0.2751 loss 0.3207 | val AP 0.2953 | best 0.2999
  [trial 10] epoch 06 305.3s (bs=32) | train AP 0.2725 loss 0.3208 | val AP 0.2980 | best 0.2999
  [trial 10] epoch 07 305.6s (bs=32) | train AP 0.2833 loss 0.3179 | val AP 0.3020 | best 0.3020
  [trial 10] epoch 08 311.0s (bs=32) | train AP 0.2864 loss 0.3165 | val AP 0.3013 | best 0.3020
  [trial 10] epoch 09 313.1s (bs=32) | train AP 0.2927 loss 0.3158 | val AP 0.3007 | best 0.3020
[I 2026-05-12 18:15:03,926] Trial 10 finished with value: 0.30203996139265443 and parameters: {'hidden_dim': 128, 'num_layers': 4, 'num_heads': 8, 'num_cross_layers': 3, 'generator': 'pma', 'num_proxies': 256, 'score_layers': 3, 'score_heads': 4, 'gnn_layers': 15, 'decode_hidden': 256, 'decode_layers': 2, 'coarsen_reg_weight': 0.30000000000000004, 'hop_dim': 8, 'fuse_mode': 'mean_proj', 'khop_per_block': False, 'khop_num_heads': 2, 'share_blocks': False, 'use_proxy_self_attn': False, 'final_sa_layers': 0, 'dropout': 0.05, 'aux_loss_weight': 1.5, 'lr': 0.0009818146154842193, 'weight_decay': 1.2058719772229762e-05}. Best is trial 5 with value: 0.3316641418886808.
  [trial 11] epoch 00 168.8s (bs=32) | train AP 0.1686 loss 0.3891 | val AP 0.2539 | best 0.2539
  [trial 11] epoch 01 169.6s (bs=32) | train AP 0.1652 loss 0.3634 | val AP 0.2100 | best 0.2539
  [trial 11] epoch 02 170.7s (bs=32) | train AP 0.1716 loss 0.3616 | val AP 0.2767 | best 0.2767
  [trial 11] epoch 03 173.8s (bs=32) | train AP 0.1654 loss 0.3612 | val AP 0.2775 | best 0.2775
  [trial 11] epoch 04 170.8s (bs=32) | train AP 0.1786 loss 0.3593 | val AP 0.2216 | best 0.2775
  [trial 11] epoch 05 170.0s (bs=32) | train AP 0.2284 loss 0.3376 | val AP 0.2659 | best 0.2775
  [trial 11] PRUNED at epoch 5
[I 2026-05-12 18:32:10,159] Trial 11 pruned. 
  [trial 12] epoch 00 109.3s (bs=32) | train AP 0.2294 loss 0.3627 | val AP 0.2777 | best 0.2777
  [trial 12] epoch 01 104.6s (bs=32) | train AP 0.2638 loss 0.3280 | val AP 0.2870 | best 0.2870
  [trial 12] epoch 02 102.8s (bs=32) | train AP 0.2698 loss 0.3256 | val AP 0.2906 | best 0.2906
  [trial 12] epoch 03 105.0s (bs=32) | train AP 0.2699 loss 0.3242 | val AP 0.2867 | best 0.2906
  [trial 12] epoch 04 103.4s (bs=32) | train AP 0.2741 loss 0.3222 | val AP 0.2957 | best 0.2957
  [trial 12] epoch 05 103.5s (bs=32) | train AP 0.2772 loss 0.3211 | val AP 0.2968 | best 0.2968
  [trial 12] epoch 06 104.5s (bs=32) | train AP 0.2817 loss 0.3198 | val AP 0.2924 | best 0.2968
  [trial 12] epoch 07 104.0s (bs=32) | train AP 0.2934 loss 0.3158 | val AP 0.3072 | best 0.3072
  [trial 12] epoch 08 104.1s (bs=32) | train AP 0.3033 loss 0.3116 | val AP 0.3087 | best 0.3087
  [trial 12] epoch 09 103.7s (bs=32) | train AP 0.3062 loss 0.3092 | val AP 0.3107 | best 0.3107
[I 2026-05-12 18:49:38,862] Trial 12 finished with value: 0.31069850957833756 and parameters: {'hidden_dim': 192, 'num_layers': 1, 'num_heads': 8, 'num_cross_layers': 2, 'generator': 'score_based', 'num_proxies': 256, 'score_layers': 2, 'score_heads': 8, 'gnn_layers': 12, 'decode_hidden': 128, 'decode_layers': 1, 'coarsen_reg_weight': 0.35000000000000003, 'hop_dim': 16, 'fuse_mode': 'concat_proj', 'khop_per_block': False, 'khop_num_heads': 4, 'share_blocks': False, 'use_proxy_self_attn': True, 'final_sa_layers': 2, 'dropout': 0.15000000000000002, 'aux_loss_weight': 1.0, 'lr': 0.0007729012002700056, 'weight_decay': 0.000254923797200433}. Best is trial 5 with value: 0.3316641418886808.
  [trial 13] epoch 00 149.3s (bs=32) | train AP 0.2170 loss 0.3700 | val AP 0.2762 | best 0.2762
  [trial 13] epoch 01 134.9s (bs=32) | train AP 0.2557 loss 0.3311 | val AP 0.2809 | best 0.2809
  [trial 13] epoch 02 137.9s (bs=32) | train AP 0.2648 loss 0.3272 | val AP 0.2937 | best 0.2937
  [trial 13] epoch 03 136.9s (bs=32) | train AP 0.2678 loss 0.3241 | val AP 0.2969 | best 0.2969
  [trial 13] epoch 04 137.3s (bs=32) | train AP 0.2749 loss 0.3211 | val AP 0.3017 | best 0.3017
  [trial 13] epoch 05 136.6s (bs=32) | train AP 0.2796 loss 0.3198 | val AP 0.3037 | best 0.3037
  [trial 13] epoch 06 135.6s (bs=32) | train AP 0.2789 loss 0.3186 | val AP 0.3058 | best 0.3058
  [trial 13] epoch 07 137.1s (bs=32) | train AP 0.2897 loss 0.3161 | val AP 0.3099 | best 0.3099
  [trial 13] epoch 08 136.6s (bs=32) | train AP 0.2946 loss 0.3145 | val AP 0.3117 | best 0.3117
  [trial 13] epoch 09 137.5s (bs=32) | train AP 0.2973 loss 0.3132 | val AP 0.3121 | best 0.3121
[I 2026-05-12 19:12:41,964] Trial 13 finished with value: 0.31213422581790856 and parameters: {'hidden_dim': 96, 'num_layers': 5, 'num_heads': 4, 'num_cross_layers': 2, 'generator': 'graph_coarsening', 'num_proxies': 32, 'score_layers': 2, 'score_heads': 8, 'gnn_layers': 12, 'decode_hidden': 64, 'decode_layers': 1, 'coarsen_reg_weight': 0.5, 'hop_dim': 16, 'fuse_mode': 'concat_proj', 'khop_per_block': False, 'khop_num_heads': 2, 'share_blocks': False, 'use_proxy_self_attn': True, 'final_sa_layers': 2, 'dropout': 0.2, 'aux_loss_weight': 1.0, 'lr': 0.0014613778664468123, 'weight_decay': 3.264634336769891e-05}. Best is trial 5 with value: 0.3316641418886808.
  [trial 14] epoch 00 105.1s (bs=32) | train AP 0.2269 loss 0.3663 | val AP 0.2890 | best 0.2890
  [trial 14] epoch 01 99.6s (bs=32) | train AP 0.2573 loss 0.3298 | val AP 0.2937 | best 0.2937
  [trial 14] epoch 02 100.5s (bs=32) | train AP 0.2664 loss 0.3253 | val AP 0.2821 | best 0.2937
  [trial 14] epoch 03 100.0s (bs=32) | train AP 0.2707 loss 0.3245 | val AP 0.2939 | best 0.2939
  [trial 14] epoch 04 99.9s (bs=32) | train AP 0.2697 loss 0.3232 | val AP 0.2927 | best 0.2939
  [trial 14] epoch 05 99.9s (bs=32) | train AP 0.2760 loss 0.3209 | val AP 0.3024 | best 0.3024
  [trial 14] epoch 06 99.7s (bs=32) | train AP 0.2847 loss 0.3182 | val AP 0.3074 | best 0.3074
  [trial 14] epoch 07 99.0s (bs=32) | train AP 0.2952 loss 0.3145 | val AP 0.3168 | best 0.3168
  [trial 14] epoch 08 99.8s (bs=32) | train AP 0.3088 loss 0.3099 | val AP 0.3241 | best 0.3241
  [trial 14] epoch 09 99.2s (bs=32) | train AP 0.3185 loss 0.3070 | val AP 0.3250 | best 0.3250
[I 2026-05-12 19:29:27,906] Trial 14 finished with value: 0.3250022994808607 and parameters: {'hidden_dim': 192, 'num_layers': 1, 'num_heads': 8, 'num_cross_layers': 1, 'generator': 'score_based', 'num_proxies': 64, 'score_layers': 2, 'score_heads': 8, 'gnn_layers': 12, 'decode_hidden': 128, 'decode_layers': 1, 'coarsen_reg_weight': 0.15000000000000002, 'hop_dim': 16, 'fuse_mode': 'concat_proj', 'khop_per_block': False, 'khop_num_heads': 4, 'share_blocks': False, 'use_proxy_self_attn': True, 'final_sa_layers': 2, 'dropout': 0.15000000000000002, 'aux_loss_weight': 0.0, 'lr': 0.0006721434537464837, 'weight_decay': 0.0007177203655670608}. Best is trial 5 with value: 0.3316641418886808.
  [trial 15] epoch 00 128.1s (bs=32) | train AP 0.2252 loss 0.3664 | val AP 0.2893 | best 0.2893
  [trial 15] epoch 01 124.2s (bs=32) | train AP 0.2569 loss 0.3315 | val AP 0.2892 | best 0.2893
  [trial 15] epoch 02 124.5s (bs=32) | train AP 0.2654 loss 0.3273 | val AP 0.2918 | best 0.2918
  [trial 15] epoch 03 125.6s (bs=32) | train AP 0.2715 loss 0.3244 | val AP 0.3072 | best 0.3072
  [trial 15] epoch 04 125.6s (bs=32) | train AP 0.2723 loss 0.3229 | val AP 0.3094 | best 0.3094
  [trial 15] epoch 05 123.8s (bs=32) | train AP 0.2828 loss 0.3185 | val AP 0.3237 | best 0.3237
  [trial 15] epoch 06 123.5s (bs=32) | train AP 0.3007 loss 0.3130 | val AP 0.3364 | best 0.3364
  [trial 15] epoch 07 125.0s (bs=32) | train AP 0.3194 loss 0.3049 | val AP 0.3472 | best 0.3472
  [trial 15] epoch 08 123.4s (bs=32) | train AP 0.3293 loss 0.2998 | val AP 0.3584 | best 0.3584
  [trial 15] epoch 09 124.0s (bs=32) | train AP 0.3425 loss 0.2966 | val AP 0.3621 | best 0.3621
[I 2026-05-12 19:50:19,028] Trial 15 finished with value: 0.36207288276635347 and parameters: {'hidden_dim': 256, 'num_layers': 2, 'num_heads': 4, 'num_cross_layers': 2, 'generator': 'graph_coarsening', 'num_proxies': 256, 'score_layers': 3, 'score_heads': 8, 'gnn_layers': 9, 'decode_hidden': 64, 'decode_layers': 2, 'coarsen_reg_weight': 0.30000000000000004, 'hop_dim': 16, 'fuse_mode': 'concat_proj', 'khop_per_block': False, 'khop_num_heads': 4, 'share_blocks': True, 'use_proxy_self_attn': False, 'final_sa_layers': 2, 'dropout': 0.3, 'aux_loss_weight': 1.25, 'lr': 0.00033376400602340336, 'weight_decay': 0.0024982018911381756}. Best is trial 15 with value: 0.36207288276635347.
  [trial 16] epoch 00 165.1s (bs=32) | train AP 0.2183 loss 0.3758 | val AP 0.2807 | best 0.2807
  [trial 16] epoch 01 155.7s (bs=32) | train AP 0.2566 loss 0.3340 | val AP 0.2813 | best 0.2813
  [trial 16] epoch 02 154.3s (bs=32) | train AP 0.2579 loss 0.3308 | val AP 0.2880 | best 0.2880
  [trial 16] epoch 03 152.8s (bs=32) | train AP 0.2624 loss 0.3277 | val AP 0.2907 | best 0.2907
  [trial 16] epoch 04 155.0s (bs=32) | train AP 0.2699 loss 0.3246 | val AP 0.2991 | best 0.2991
  [trial 16] epoch 05 154.5s (bs=32) | train AP 0.2768 loss 0.3227 | val AP 0.3002 | best 0.3002
  [trial 16] epoch 06 155.2s (bs=32) | train AP 0.2855 loss 0.3185 | val AP 0.3048 | best 0.3048
  [trial 16] epoch 07 154.9s (bs=32) | train AP 0.2911 loss 0.3150 | val AP 0.3123 | best 0.3123
  [trial 16] epoch 08 155.2s (bs=32) | train AP 0.2988 loss 0.3117 | val AP 0.3133 | best 0.3133
  [trial 16] epoch 09 155.5s (bs=32) | train AP 0.3055 loss 0.3098 | val AP 0.3147 | best 0.3147
[I 2026-05-12 20:16:20,484] Trial 16 finished with value: 0.31467430865532153 and parameters: {'hidden_dim': 256, 'num_layers': 5, 'num_heads': 8, 'num_cross_layers': 1, 'generator': 'graph_coarsening', 'num_proxies': 256, 'score_layers': 3, 'score_heads': 8, 'gnn_layers': 6, 'decode_hidden': 64, 'decode_layers': 2, 'coarsen_reg_weight': 0.25, 'hop_dim': 16, 'fuse_mode': 'concat_proj', 'khop_per_block': False, 'khop_num_heads': 4, 'share_blocks': True, 'use_proxy_self_attn': False, 'final_sa_layers': 2, 'dropout': 0.4, 'aux_loss_weight': 1.75, 'lr': 0.000323068551502676, 'weight_decay': 0.0026512759150576727}. Best is trial 15 with value: 0.36207288276635347.
  [trial 17] epoch 00 155.1s (bs=32) | train AP 0.2115 loss 0.3656 | val AP 0.2696 | best 0.2696
  [trial 17] epoch 01 145.5s (bs=32) | train AP 0.2348 loss 0.3403 | val AP 0.2455 | best 0.2696
  [trial 17] epoch 02 146.1s (bs=32) | train AP 0.2323 loss 0.3388 | val AP 0.2859 | best 0.2859
  [trial 17] epoch 03 156.7s (bs=32) | train AP 0.2445 loss 0.3326 | val AP 0.2216 | best 0.2859
  [trial 17] epoch 04 145.7s (bs=32) | train AP 0.2325 loss 0.3337 | val AP 0.2616 | best 0.2859
  [trial 17] epoch 05 145.8s (bs=32) | train AP 0.2560 loss 0.3279 | val AP 0.2809 | best 0.2859
  [trial 17] PRUNED at epoch 5
[I 2026-05-12 20:31:17,684] Trial 17 pruned. 
  [trial 18] epoch 00 118.1s (bs=32) | train AP 0.2092 loss 0.3797 | val AP 0.2724 | best 0.2724
  [trial 18] epoch 01 112.7s (bs=32) | train AP 0.2580 loss 0.3321 | val AP 0.2887 | best 0.2887
  [trial 18] epoch 02 113.0s (bs=32) | train AP 0.2655 loss 0.3277 | val AP 0.2980 | best 0.2980
  [trial 18] epoch 03 109.3s (bs=32) | train AP 0.2647 loss 0.3270 | val AP 0.2889 | best 0.2980
  [trial 18] epoch 04 109.7s (bs=32) | train AP 0.2680 loss 0.3253 | val AP 0.2956 | best 0.2980
  [trial 18] epoch 05 110.9s (bs=32) | train AP 0.2731 loss 0.3241 | val AP 0.2935 | best 0.2980
  [trial 18] epoch 06 110.3s (bs=32) | train AP 0.2763 loss 0.3232 | val AP 0.2979 | best 0.2980
  [trial 18] epoch 07 111.3s (bs=32) | train AP 0.2775 loss 0.3219 | val AP 0.2983 | best 0.2983
  [trial 18] PRUNED at epoch 7
[I 2026-05-12 20:46:15,527] Trial 18 pruned. 
  [trial 19] epoch 00 113.4s (bs=32) | train AP 0.2304 loss 0.3650 | val AP 0.2861 | best 0.2861
  [trial 19] epoch 01 110.2s (bs=32) | train AP 0.2580 loss 0.3321 | val AP 0.2840 | best 0.2861
  [trial 19] epoch 02 109.2s (bs=32) | train AP 0.2660 loss 0.3293 | val AP 0.2819 | best 0.2861
  [trial 19] epoch 03 111.0s (bs=32) | train AP 0.2678 loss 0.3265 | val AP 0.2859 | best 0.2861
  [trial 19] epoch 04 110.1s (bs=32) | train AP 0.2681 loss 0.3258 | val AP 0.2935 | best 0.2935
  [trial 19] epoch 05 109.7s (bs=32) | train AP 0.2759 loss 0.3230 | val AP 0.2976 | best 0.2976
  [trial 19] epoch 06 109.6s (bs=32) | train AP 0.2829 loss 0.3210 | val AP 0.3020 | best 0.3020
  [trial 19] epoch 07 109.4s (bs=32) | train AP 0.2875 loss 0.3177 | val AP 0.3081 | best 0.3081
  [trial 19] epoch 08 109.6s (bs=32) | train AP 0.2921 loss 0.3156 | val AP 0.3098 | best 0.3098
  [trial 19] epoch 09 109.6s (bs=32) | train AP 0.2991 loss 0.3133 | val AP 0.3085 | best 0.3098
  [trial 19] PRUNED at epoch 9
[I 2026-05-12 21:04:39,751] Trial 19 pruned. 
  [trial 20] epoch 00 139.6s (bs=32) | train AP 0.2021 loss 0.3880 | val AP 0.2706 | best 0.2706
  [trial 20] epoch 01 139.5s (bs=32) | train AP 0.2272 loss 0.3420 | val AP 0.2796 | best 0.2796
  [trial 20] epoch 02 140.6s (bs=32) | train AP 0.2573 loss 0.3304 | val AP 0.2799 | best 0.2799
  [trial 20] epoch 03 140.0s (bs=32) | train AP 0.2575 loss 0.3286 | val AP 0.2873 | best 0.2873
  [trial 20] epoch 04 140.3s (bs=32) | train AP 0.2624 loss 0.3266 | val AP 0.2839 | best 0.2873
  [trial 20] epoch 05 139.4s (bs=32) | train AP 0.2632 loss 0.3257 | val AP 0.2871 | best 0.2873
  [trial 20] PRUNED at epoch 5
[I 2026-05-12 21:18:41,497] Trial 20 pruned. 
  [trial 21] epoch 00 97.6s (bs=32) | train AP 0.2206 loss 0.3588 | val AP 0.2723 | best 0.2723
  [trial 21] epoch 01 93.8s (bs=32) | train AP 0.2542 loss 0.3331 | val AP 0.2702 | best 0.2723
  [trial 21] epoch 02 92.9s (bs=32) | train AP 0.2554 loss 0.3312 | val AP 0.2718 | best 0.2723
  [trial 21] epoch 03 94.0s (bs=32) | train AP 0.2538 loss 0.3295 | val AP 0.2773 | best 0.2773
  [trial 21] epoch 04 93.4s (bs=32) | train AP 0.2650 loss 0.3270 | val AP 0.2804 | best 0.2804
  [trial 21] epoch 05 94.9s (bs=32) | train AP 0.2665 loss 0.3250 | val AP 0.2819 | best 0.2819
  [trial 21] PRUNED at epoch 5
[I 2026-05-12 21:28:10,677] Trial 21 pruned. 
  [trial 22] epoch 00 84.3s (bs=32) | train AP 0.2171 loss 0.3680 | val AP 0.2902 | best 0.2902
  [trial 22] epoch 01 79.2s (bs=32) | train AP 0.2619 loss 0.3287 | val AP 0.2877 | best 0.2902
  [trial 22] epoch 02 79.2s (bs=32) | train AP 0.2631 loss 0.3282 | val AP 0.2927 | best 0.2927
  [trial 22] epoch 03 79.7s (bs=32) | train AP 0.2675 loss 0.3250 | val AP 0.2980 | best 0.2980
  [trial 22] epoch 04 79.2s (bs=32) | train AP 0.2713 loss 0.3241 | val AP 0.2937 | best 0.2980
  [trial 22] epoch 05 80.6s (bs=32) | train AP 0.2753 loss 0.3216 | val AP 0.2880 | best 0.2980
  [trial 22] epoch 06 79.8s (bs=32) | train AP 0.2734 loss 0.3214 | val AP 0.2965 | best 0.2980
  [trial 22] PRUNED at epoch 6
[I 2026-05-12 21:37:36,473] Trial 22 pruned. 
  [trial 23] epoch 00 80.3s (bs=32) | train AP 0.2253 loss 0.3636 | val AP 0.2781 | best 0.2781
  [trial 23] epoch 01 79.3s (bs=32) | train AP 0.2595 loss 0.3278 | val AP 0.2874 | best 0.2874
  [trial 23] epoch 02 79.9s (bs=32) | train AP 0.2651 loss 0.3259 | val AP 0.2865 | best 0.2874
  [trial 23] epoch 03 79.7s (bs=32) | train AP 0.2729 loss 0.3233 | val AP 0.2927 | best 0.2927
  [trial 23] epoch 04 80.7s (bs=32) | train AP 0.2763 loss 0.3215 | val AP 0.3058 | best 0.3058
  [trial 23] epoch 05 80.5s (bs=32) | train AP 0.2888 loss 0.3159 | val AP 0.3137 | best 0.3137
  [trial 23] epoch 06 80.1s (bs=32) | train AP 0.3013 loss 0.3108 | val AP 0.3215 | best 0.3215
  [trial 23] epoch 07 80.9s (bs=32) | train AP 0.3155 loss 0.3059 | val AP 0.3198 | best 0.3215
  [trial 23] epoch 08 80.9s (bs=32) | train AP 0.3249 loss 0.3020 | val AP 0.3237 | best 0.3237
  [trial 23] epoch 09 82.5s (bs=32) | train AP 0.3307 loss 0.2999 | val AP 0.3247 | best 0.3247
[I 2026-05-12 21:51:04,045] Trial 23 finished with value: 0.3246716383629743 and parameters: {'hidden_dim': 192, 'num_layers': 2, 'num_heads': 4, 'num_cross_layers': 3, 'generator': 'score_based', 'num_proxies': 64, 'score_layers': 2, 'score_heads': 8, 'gnn_layers': 12, 'decode_hidden': 128, 'decode_layers': 2, 'coarsen_reg_weight': 0.35000000000000003, 'hop_dim': 16, 'fuse_mode': 'concat_proj', 'khop_per_block': False, 'khop_num_heads': 2, 'share_blocks': False, 'use_proxy_self_attn': True, 'final_sa_layers': 1, 'dropout': 0.1, 'aux_loss_weight': 0.5, 'lr': 0.0004537821514918095, 'weight_decay': 0.00023552387308541905}. Best is trial 15 with value: 0.36207288276635347.
  [trial 24] epoch 00 229.3s (bs=32) | train AP 0.2214 loss 0.3755 | val AP 0.2829 | best 0.2829
  [trial 24] epoch 01 228.4s (bs=32) | train AP 0.2572 loss 0.3313 | val AP 0.2852 | best 0.2852
  [trial 24] epoch 02 235.2s (bs=32) | train AP 0.2667 loss 0.3264 | val AP 0.2876 | best 0.2876
  [trial 24] epoch 03 230.9s (bs=32) | train AP 0.2711 loss 0.3254 | val AP 0.2905 | best 0.2905
  [trial 24] epoch 04 228.8s (bs=32) | train AP 0.2725 loss 0.3243 | val AP 0.2868 | best 0.2905
  [trial 24] epoch 05 233.9s (bs=32) | train AP 0.2745 loss 0.3226 | val AP 0.2977 | best 0.2977
  [trial 24] PRUNED at epoch 5
[I 2026-05-12 22:14:13,224] Trial 24 pruned. 
  [trial 25] epoch 00 105.3s (bs=32) | train AP 0.2315 loss 0.3605 | val AP 0.2891 | best 0.2891
  [trial 25] epoch 01 98.8s (bs=32) | train AP 0.2616 loss 0.3291 | val AP 0.2934 | best 0.2934
  [trial 25] epoch 02 98.0s (bs=32) | train AP 0.2664 loss 0.3274 | val AP 0.2859 | best 0.2934
  [trial 25] epoch 03 98.4s (bs=32) | train AP 0.2698 loss 0.3245 | val AP 0.2912 | best 0.2934
  [trial 25] epoch 04 97.3s (bs=32) | train AP 0.2745 loss 0.3225 | val AP 0.2984 | best 0.2984
  [trial 25] epoch 05 96.4s (bs=32) | train AP 0.2822 loss 0.3191 | val AP 0.3063 | best 0.3063
  [trial 25] epoch 06 97.0s (bs=32) | train AP 0.3037 loss 0.3109 | val AP 0.3172 | best 0.3172
  [trial 25] epoch 07 96.2s (bs=32) | train AP 0.3108 loss 0.3079 | val AP 0.3242 | best 0.3242
  [trial 25] epoch 08 98.3s (bs=32) | train AP 0.3177 loss 0.3046 | val AP 0.3341 | best 0.3341
  [trial 25] epoch 09 95.9s (bs=32) | train AP 0.3240 loss 0.3034 | val AP 0.3319 | best 0.3341
[I 2026-05-12 22:30:38,375] Trial 25 finished with value: 0.3340504590615706 and parameters: {'hidden_dim': 192, 'num_layers': 1, 'num_heads': 4, 'num_cross_layers': 3, 'generator': 'graph_coarsening', 'num_proxies': 256, 'score_layers': 2, 'score_heads': 8, 'gnn_layers': 12, 'decode_hidden': 64, 'decode_layers': 1, 'coarsen_reg_weight': 0.35000000000000003, 'hop_dim': 16, 'fuse_mode': 'concat_proj', 'khop_per_block': False, 'khop_num_heads': 4, 'share_blocks': False, 'use_proxy_self_attn': False, 'final_sa_layers': 1, 'dropout': 0.2, 'aux_loss_weight': 0.25, 'lr': 0.0006843130741777493, 'weight_decay': 0.00047506611329729186}. Best is trial 15 with value: 0.36207288276635347.
  [trial 26] epoch 00 96.4s (bs=32) | train AP 0.2309 loss 0.3551 | val AP 0.2734 | best 0.2734
  [trial 26] epoch 01 95.6s (bs=32) | train AP 0.2633 loss 0.3296 | val AP 0.2921 | best 0.2921
  [trial 26] epoch 02 97.5s (bs=32) | train AP 0.2671 loss 0.3260 | val AP 0.2880 | best 0.2921
  [trial 26] epoch 03 97.1s (bs=32) | train AP 0.2650 loss 0.3254 | val AP 0.2939 | best 0.2939
  [trial 26] epoch 04 95.9s (bs=32) | train AP 0.2735 loss 0.3230 | val AP 0.3019 | best 0.3019
  [trial 26] epoch 05 96.3s (bs=32) | train AP 0.2715 loss 0.3233 | val AP 0.2976 | best 0.3019
  [trial 26] epoch 06 96.4s (bs=32) | train AP 0.2809 loss 0.3194 | val AP 0.3072 | best 0.3072
  [trial 26] epoch 07 97.3s (bs=32) | train AP 0.2941 loss 0.3151 | val AP 0.3085 | best 0.3085
  [trial 26] PRUNED at epoch 7
[I 2026-05-12 22:43:32,920] Trial 26 pruned. 
  [trial 27] epoch 00 97.0s (bs=32) | train AP 0.2209 loss 0.3774 | val AP 0.2753 | best 0.2753
  [trial 27] epoch 01 97.7s (bs=32) | train AP 0.2593 loss 0.3293 | val AP 0.2890 | best 0.2890
  [trial 27] epoch 02 98.3s (bs=32) | train AP 0.2634 loss 0.3267 | val AP 0.2937 | best 0.2937
  [trial 27] epoch 03 98.6s (bs=32) | train AP 0.2673 loss 0.3240 | val AP 0.2859 | best 0.2937
  [trial 27] epoch 04 97.8s (bs=32) | train AP 0.2755 loss 0.3220 | val AP 0.2878 | best 0.2937
  [trial 27] epoch 05 97.7s (bs=32) | train AP 0.2784 loss 0.3201 | val AP 0.3140 | best 0.3140
  [trial 27] epoch 06 97.4s (bs=32) | train AP 0.3046 loss 0.3109 | val AP 0.3331 | best 0.3331
  [trial 27] epoch 07 98.0s (bs=32) | train AP 0.3211 loss 0.3031 | val AP 0.3392 | best 0.3392
  [trial 27] epoch 08 95.9s (bs=32) | train AP 0.3351 loss 0.2967 | val AP 0.3467 | best 0.3467
  [trial 27] epoch 09 97.0s (bs=32) | train AP 0.3442 loss 0.2931 | val AP 0.3489 | best 0.3489
[I 2026-05-12 22:59:51,181] Trial 27 finished with value: 0.3489113055364609 and parameters: {'hidden_dim': 96, 'num_layers': 1, 'num_heads': 8, 'num_cross_layers': 2, 'generator': 'graph_coarsening', 'num_proxies': 256, 'score_layers': 3, 'score_heads': 8, 'gnn_layers': 12, 'decode_hidden': 64, 'decode_layers': 3, 'coarsen_reg_weight': 0.35000000000000003, 'hop_dim': 16, 'fuse_mode': 'concat_proj', 'khop_per_block': False, 'khop_num_heads': 4, 'share_blocks': True, 'use_proxy_self_attn': False, 'final_sa_layers': 2, 'dropout': 0.15000000000000002, 'aux_loss_weight': 1.5, 'lr': 0.0010529622967746012, 'weight_decay': 6.386108838783999e-05}. Best is trial 15 with value: 0.36207288276635347.
  [trial 28] epoch 00 95.2s (bs=32) | train AP 0.2113 loss 0.4143 | val AP 0.2876 | best 0.2876
  [trial 28] epoch 01 95.1s (bs=32) | train AP 0.2577 loss 0.3299 | val AP 0.2960 | best 0.2960
  [trial 28] epoch 02 95.9s (bs=32) | train AP 0.2633 loss 0.3262 | val AP 0.2972 | best 0.2972
  [trial 28] epoch 03 95.5s (bs=32) | train AP 0.2759 loss 0.3226 | val AP 0.3041 | best 0.3041
  [trial 28] epoch 04 95.6s (bs=32) | train AP 0.2865 loss 0.3170 | val AP 0.3177 | best 0.3177
  [trial 28] epoch 05 93.9s (bs=32) | train AP 0.3103 loss 0.3090 | val AP 0.3355 | best 0.3355
  [trial 28] epoch 06 95.7s (bs=32) | train AP 0.3276 loss 0.3012 | val AP 0.3584 | best 0.3584
  [trial 28] epoch 07 95.0s (bs=32) | train AP 0.3641 loss 0.2899 | val AP 0.3796 | best 0.3796
  [trial 28] epoch 08 94.9s (bs=32) | train AP 0.3753 loss 0.2836 | val AP 0.3897 | best 0.3897
  [trial 28] epoch 09 95.2s (bs=32) | train AP 0.3826 loss 0.2808 | val AP 0.3926 | best 0.3926
[I 2026-05-12 23:15:46,315] Trial 28 finished with value: 0.3926341547056777 and parameters: {'hidden_dim': 96, 'num_layers': 1, 'num_heads': 4, 'num_cross_layers': 2, 'generator': 'graph_coarsening', 'num_proxies': 256, 'score_layers': 3, 'score_heads': 8, 'gnn_layers': 12, 'decode_hidden': 64, 'decode_layers': 3, 'coarsen_reg_weight': 0.35000000000000003, 'hop_dim': 16, 'fuse_mode': 'concat_proj', 'khop_per_block': False, 'khop_num_heads': 4, 'share_blocks': True, 'use_proxy_self_attn': False, 'final_sa_layers': 1, 'dropout': 0.1, 'aux_loss_weight': 1.0, 'lr': 0.0003000726460231544, 'weight_decay': 6.0617153069397285e-05}. Best is trial 28 with value: 0.3926341547056777.
  [trial 29] epoch 00 94.2s (bs=32) | train AP 0.1967 loss 0.4374 | val AP 0.2752 | best 0.2752
  [trial 29] epoch 01 96.5s (bs=32) | train AP 0.2548 loss 0.3290 | val AP 0.2886 | best 0.2886
  [trial 29] epoch 02 96.1s (bs=32) | train AP 0.2644 loss 0.3252 | val AP 0.3041 | best 0.3041
  [trial 29] epoch 03 96.5s (bs=32) | train AP 0.2874 loss 0.3181 | val AP 0.3116 | best 0.3116
  [trial 29] epoch 04 97.0s (bs=32) | train AP 0.3017 loss 0.3136 | val AP 0.3273 | best 0.3273
  [trial 29] epoch 05 97.0s (bs=32) | train AP 0.3121 loss 0.3099 | val AP 0.3337 | best 0.3337
  [trial 29] epoch 06 97.6s (bs=32) | train AP 0.3247 loss 0.3050 | val AP 0.3476 | best 0.3476
  [trial 29] epoch 07 98.6s (bs=32) | train AP 0.3392 loss 0.3001 | val AP 0.3588 | best 0.3588
  [trial 29] epoch 08 98.4s (bs=32) | train AP 0.3521 loss 0.2964 | val AP 0.3612 | best 0.3612
  [trial 29] epoch 09 100.1s (bs=32) | train AP 0.3574 loss 0.2945 | val AP 0.3643 | best 0.3643
[I 2026-05-12 23:32:01,465] Trial 29 finished with value: 0.36425773836059355 and parameters: {'hidden_dim': 96, 'num_layers': 1, 'num_heads': 8, 'num_cross_layers': 2, 'generator': 'graph_coarsening', 'num_proxies': 256, 'score_layers': 3, 'score_heads': 8, 'gnn_layers': 9, 'decode_hidden': 64, 'decode_layers': 3, 'coarsen_reg_weight': 0.25, 'hop_dim': 8, 'fuse_mode': 'sum_proj', 'khop_per_block': False, 'khop_num_heads': 4, 'share_blocks': True, 'use_proxy_self_attn': False, 'final_sa_layers': 2, 'dropout': 0.05, 'aux_loss_weight': 1.0, 'lr': 0.00036195539532591216, 'weight_decay': 4.523972469693041e-05}. Best is trial 28 with value: 0.3926341547056777.
  [trial 30] epoch 00 129.6s (bs=32) | train AP 0.1824 loss 0.4342 | val AP 0.2808 | best 0.2808
  [trial 30] epoch 01 121.5s (bs=32) | train AP 0.2562 loss 0.3299 | val AP 0.2943 | best 0.2943
  [trial 30] epoch 02 122.2s (bs=32) | train AP 0.2680 loss 0.3255 | val AP 0.3066 | best 0.3066
  [trial 30] epoch 03 127.9s (bs=32) | train AP 0.2742 loss 0.3229 | val AP 0.3077 | best 0.3077
  [trial 30] epoch 04 130.5s (bs=32) | train AP 0.3018 loss 0.3143 | val AP 0.3221 | best 0.3221
  [trial 30] epoch 05 128.3s (bs=32) | train AP 0.3142 loss 0.3099 | val AP 0.3309 | best 0.3309
  [trial 30] epoch 06 127.0s (bs=32) | train AP 0.3208 loss 0.3077 | val AP 0.3339 | best 0.3339
  [trial 30] epoch 07 129.5s (bs=32) | train AP 0.3256 loss 0.3055 | val AP 0.3339 | best 0.3339
  [trial 30] epoch 08 128.3s (bs=32) | train AP 0.3281 loss 0.3043 | val AP 0.3337 | best 0.3339
  [trial 30] epoch 09 127.6s (bs=32) | train AP 0.3292 loss 0.3034 | val AP 0.3363 | best 0.3363
[I 2026-05-12 23:53:16,854] Trial 30 finished with value: 0.33632702686191546 and parameters: {'hidden_dim': 96, 'num_layers': 1, 'num_heads': 8, 'num_cross_layers': 2, 'generator': 'graph_coarsening', 'num_proxies': 256, 'score_layers': 3, 'score_heads': 8, 'gnn_layers': 6, 'decode_hidden': 64, 'decode_layers': 3, 'coarsen_reg_weight': 0.2, 'hop_dim': 8, 'fuse_mode': 'sum_proj', 'khop_per_block': True, 'khop_num_heads': 8, 'share_blocks': True, 'use_proxy_self_attn': False, 'final_sa_layers': 1, 'dropout': 0.05, 'aux_loss_weight': 1.0, 'lr': 0.00030426484955622317, 'weight_decay': 2.25032510510805e-05}. Best is trial 28 with value: 0.3926341547056777.
  [trial 31] epoch 00 111.9s (bs=32) | train AP 0.2003 loss 0.4082 | val AP 0.2656 | best 0.2656
  [trial 31] epoch 01 110.5s (bs=32) | train AP 0.2548 loss 0.3305 | val AP 0.2944 | best 0.2944
  [trial 31] epoch 02 110.9s (bs=32) | train AP 0.2683 loss 0.3258 | val AP 0.2982 | best 0.2982
  [trial 31] epoch 03 110.7s (bs=32) | train AP 0.2773 loss 0.3223 | val AP 0.3032 | best 0.3032
  [trial 31] epoch 04 110.0s (bs=32) | train AP 0.2979 loss 0.3155 | val AP 0.3267 | best 0.3267
  [trial 31] epoch 05 110.5s (bs=32) | train AP 0.3084 loss 0.3119 | val AP 0.3349 | best 0.3349
  [trial 31] epoch 06 111.4s (bs=32) | train AP 0.3161 loss 0.3092 | val AP 0.3389 | best 0.3389
  [trial 31] epoch 07 111.2s (bs=32) | train AP 0.3209 loss 0.3068 | val AP 0.3414 | best 0.3414
  [trial 31] epoch 08 111.5s (bs=32) | train AP 0.3284 loss 0.3042 | val AP 0.3439 | best 0.3439
  [trial 31] epoch 09 110.7s (bs=32) | train AP 0.3327 loss 0.3031 | val AP 0.3445 | best 0.3445
[I 2026-05-13 00:11:49,030] Trial 31 finished with value: 0.34446577647959453 and parameters: {'hidden_dim': 96, 'num_layers': 2, 'num_heads': 4, 'num_cross_layers': 2, 'generator': 'graph_coarsening', 'num_proxies': 32, 'score_layers': 3, 'score_heads': 8, 'gnn_layers': 9, 'decode_hidden': 64, 'decode_layers': 3, 'coarsen_reg_weight': 0.25, 'hop_dim': 8, 'fuse_mode': 'sum_proj', 'khop_per_block': False, 'khop_num_heads': 4, 'share_blocks': True, 'use_proxy_self_attn': False, 'final_sa_layers': 2, 'dropout': 0.1, 'aux_loss_weight': 0.75, 'lr': 0.00036978882374238704, 'weight_decay': 7.079792483976256e-05}. Best is trial 28 with value: 0.3926341547056777.
  [trial 32] epoch 00 107.8s (bs=32) | train AP 0.2058 loss 0.4217 | val AP 0.2750 | best 0.2750
  [trial 32] epoch 01 104.6s (bs=32) | train AP 0.2618 loss 0.3279 | val AP 0.2916 | best 0.2916
  [trial 32] epoch 02 107.3s (bs=32) | train AP 0.2663 loss 0.3251 | val AP 0.2976 | best 0.2976
  [trial 32] epoch 03 107.8s (bs=32) | train AP 0.2695 loss 0.3235 | val AP 0.3025 | best 0.3025
  [trial 32] epoch 04 107.6s (bs=32) | train AP 0.2761 loss 0.3215 | val AP 0.3031 | best 0.3031
  [trial 32] epoch 05 106.6s (bs=32) | train AP 0.2868 loss 0.3191 | val AP 0.3202 | best 0.3202
  [trial 32] epoch 06 107.8s (bs=32) | train AP 0.3052 loss 0.3121 | val AP 0.3295 | best 0.3295
  [trial 32] epoch 07 105.7s (bs=32) | train AP 0.3169 loss 0.3070 | val AP 0.3403 | best 0.3403
  [trial 32] epoch 08 105.9s (bs=32) | train AP 0.3285 loss 0.3025 | val AP 0.3469 | best 0.3469
  [trial 32] epoch 09 104.8s (bs=32) | train AP 0.3332 loss 0.3008 | val AP 0.3481 | best 0.3481
[I 2026-05-13 00:29:38,085] Trial 32 finished with value: 0.34806028914821335 and parameters: {'hidden_dim': 96, 'num_layers': 1, 'num_heads': 8, 'num_cross_layers': 2, 'generator': 'graph_coarsening', 'num_proxies': 256, 'score_layers': 3, 'score_heads': 8, 'gnn_layers': 9, 'decode_hidden': 64, 'decode_layers': 3, 'coarsen_reg_weight': 0.30000000000000004, 'hop_dim': 8, 'fuse_mode': 'sum_proj', 'khop_per_block': False, 'khop_num_heads': 4, 'share_blocks': True, 'use_proxy_self_attn': False, 'final_sa_layers': 2, 'dropout': 0.05, 'aux_loss_weight': 1.0, 'lr': 0.000379354114238942, 'weight_decay': 5.012047010290528e-05}. Best is trial 28 with value: 0.3926341547056777.
  [trial 33] epoch 00 116.0s (bs=32) | train AP 0.2029 loss 0.4091 | val AP 0.2683 | best 0.2683
  [trial 33] epoch 01 107.3s (bs=32) | train AP 0.2600 loss 0.3289 | val AP 0.2935 | best 0.2935
  [trial 33] epoch 02 106.4s (bs=32) | train AP 0.2691 loss 0.3255 | val AP 0.3041 | best 0.3041
  [trial 33] epoch 03 107.2s (bs=32) | train AP 0.2775 loss 0.3231 | val AP 0.3109 | best 0.3109
  [trial 33] epoch 04 106.4s (bs=32) | train AP 0.2935 loss 0.3168 | val AP 0.3234 | best 0.3234
  [trial 33] epoch 05 106.9s (bs=32) | train AP 0.3105 loss 0.3121 | val AP 0.3280 | best 0.3280
  [trial 33] epoch 06 102.7s (bs=32) | train AP 0.3183 loss 0.3082 | val AP 0.3406 | best 0.3406
  [trial 33] epoch 07 103.2s (bs=32) | train AP 0.3267 loss 0.3052 | val AP 0.3391 | best 0.3406
  [trial 33] epoch 08 101.8s (bs=32) | train AP 0.3303 loss 0.3034 | val AP 0.3425 | best 0.3425
  [trial 33] epoch 09 102.5s (bs=32) | train AP 0.3348 loss 0.3023 | val AP 0.3435 | best 0.3435
[I 2026-05-13 00:47:21,628] Trial 33 finished with value: 0.34350078306199006 and parameters: {'hidden_dim': 96, 'num_layers': 1, 'num_heads': 8, 'num_cross_layers': 2, 'generator': 'graph_coarsening', 'num_proxies': 256, 'score_layers': 3, 'score_heads': 8, 'gnn_layers': 12, 'decode_hidden': 64, 'decode_layers': 3, 'coarsen_reg_weight': 0.35000000000000003, 'hop_dim': 8, 'fuse_mode': 'sum_proj', 'khop_per_block': False, 'khop_num_heads': 4, 'share_blocks': True, 'use_proxy_self_attn': False, 'final_sa_layers': 2, 'dropout': 0.1, 'aux_loss_weight': 1.5, 'lr': 0.00046089157508434197, 'weight_decay': 0.00014578844665860517}. Best is trial 28 with value: 0.3926341547056777.
  [trial 34] epoch 00 103.0s (bs=32) | train AP 0.2058 loss 0.4193 | val AP 0.2780 | best 0.2780
  [trial 34] epoch 01 101.7s (bs=32) | train AP 0.2561 loss 0.3311 | val AP 0.2866 | best 0.2866
  [trial 34] epoch 02 102.1s (bs=32) | train AP 0.2624 loss 0.3285 | val AP 0.3004 | best 0.3004
  [trial 34] epoch 03 104.8s (bs=32) | train AP 0.2743 loss 0.3239 | val AP 0.3103 | best 0.3103
  [trial 34] epoch 04 105.2s (bs=32) | train AP 0.2877 loss 0.3196 | val AP 0.3191 | best 0.3191
  [trial 34] epoch 05 105.0s (bs=32) | train AP 0.3049 loss 0.3137 | val AP 0.3275 | best 0.3275
  [trial 34] epoch 06 104.6s (bs=32) | train AP 0.3131 loss 0.3092 | val AP 0.3419 | best 0.3419
  [trial 34] epoch 07 105.8s (bs=32) | train AP 0.3203 loss 0.3070 | val AP 0.3401 | best 0.3419
  [trial 34] epoch 08 105.7s (bs=32) | train AP 0.3272 loss 0.3049 | val AP 0.3446 | best 0.3446
  [trial 34] epoch 09 105.8s (bs=32) | train AP 0.3303 loss 0.3037 | val AP 0.3450 | best 0.3450
[I 2026-05-13 01:04:48,597] Trial 34 finished with value: 0.345005367081259 and parameters: {'hidden_dim': 96, 'num_layers': 1, 'num_heads': 8, 'num_cross_layers': 2, 'generator': 'graph_coarsening', 'num_proxies': 256, 'score_layers': 3, 'score_heads': 8, 'gnn_layers': 9, 'decode_hidden': 64, 'decode_layers': 3, 'coarsen_reg_weight': 0.45, 'hop_dim': 32, 'fuse_mode': 'sum_proj', 'khop_per_block': False, 'khop_num_heads': 4, 'share_blocks': True, 'use_proxy_self_attn': False, 'final_sa_layers': 2, 'dropout': 0.15000000000000002, 'aux_loss_weight': 1.25, 'lr': 0.00030100588028934155, 'weight_decay': 2.750241794665673e-05}. Best is trial 28 with value: 0.3926341547056777.
  [trial 35] epoch 00 198.2s (bs=32) | train AP 0.2178 loss 0.4124 | val AP 0.2833 | best 0.2833
  [trial 35] epoch 01 194.7s (bs=32) | train AP 0.2614 loss 0.3286 | val AP 0.2872 | best 0.2872
  [trial 35] epoch 02 194.1s (bs=32) | train AP 0.2637 loss 0.3263 | val AP 0.2910 | best 0.2910
  [trial 35] epoch 03 188.2s (bs=32) | train AP 0.2675 loss 0.3243 | val AP 0.2861 | best 0.2910
  [trial 35] epoch 04 192.3s (bs=32) | train AP 0.2713 loss 0.3231 | val AP 0.2884 | best 0.2910
  [trial 35] epoch 05 187.9s (bs=32) | train AP 0.2736 loss 0.3226 | val AP 0.2866 | best 0.2910
  [trial 35] PRUNED at epoch 5
[I 2026-05-13 01:24:06,359] Trial 35 pruned. 
  [trial 36] epoch 00 106.4s (bs=32) | train AP 0.2016 loss 0.4157 | val AP 0.2650 | best 0.2650
  [trial 36] epoch 01 102.9s (bs=32) | train AP 0.2516 loss 0.3331 | val AP 0.2751 | best 0.2751
  [trial 36] epoch 02 102.4s (bs=32) | train AP 0.2611 loss 0.3292 | val AP 0.2821 | best 0.2821
  [trial 36] epoch 03 102.3s (bs=32) | train AP 0.2637 loss 0.3277 | val AP 0.2942 | best 0.2942
  [trial 36] epoch 04 102.7s (bs=32) | train AP 0.2687 loss 0.3251 | val AP 0.2920 | best 0.2942
  [trial 36] epoch 05 102.7s (bs=32) | train AP 0.2658 loss 0.3246 | val AP 0.2909 | best 0.2942
  [trial 36] PRUNED at epoch 5
[I 2026-05-13 01:34:28,059] Trial 36 pruned. 
  [trial 37] epoch 00 97.6s (bs=32) | train AP 0.2112 loss 0.4060 | val AP 0.2801 | best 0.2801
  [trial 37] epoch 01 93.7s (bs=32) | train AP 0.2581 loss 0.3311 | val AP 0.2908 | best 0.2908
  [trial 37] epoch 02 93.4s (bs=32) | train AP 0.2647 loss 0.3275 | val AP 0.2931 | best 0.2931
  [trial 37] epoch 03 92.4s (bs=32) | train AP 0.2684 loss 0.3258 | val AP 0.2966 | best 0.2966
  [trial 37] epoch 04 93.0s (bs=32) | train AP 0.2820 loss 0.3205 | val AP 0.3170 | best 0.3170
  [trial 37] epoch 05 93.9s (bs=32) | train AP 0.3045 loss 0.3127 | val AP 0.3298 | best 0.3298
  [trial 37] epoch 06 93.3s (bs=32) | train AP 0.3165 loss 0.3072 | val AP 0.3395 | best 0.3395
  [trial 37] epoch 07 94.0s (bs=32) | train AP 0.3319 loss 0.3027 | val AP 0.3558 | best 0.3558
  [trial 37] epoch 08 94.3s (bs=32) | train AP 0.3411 loss 0.2986 | val AP 0.3575 | best 0.3575
  [trial 37] epoch 09 93.5s (bs=32) | train AP 0.3471 loss 0.2957 | val AP 0.3601 | best 0.3601
[I 2026-05-13 01:50:10,506] Trial 37 finished with value: 0.36008829198007813 and parameters: {'hidden_dim': 96, 'num_layers': 1, 'num_heads': 8, 'num_cross_layers': 2, 'generator': 'graph_coarsening', 'num_proxies': 256, 'score_layers': 3, 'score_heads': 8, 'gnn_layers': 9, 'decode_hidden': 64, 'decode_layers': 3, 'coarsen_reg_weight': 0.30000000000000004, 'hop_dim': 8, 'fuse_mode': 'concat_proj', 'khop_per_block': False, 'khop_num_heads': 4, 'share_blocks': True, 'use_proxy_self_attn': False, 'final_sa_layers': 0, 'dropout': 0.15000000000000002, 'aux_loss_weight': 1.0, 'lr': 0.00042051873411194586, 'weight_decay': 9.283907617294637e-05}. Best is trial 28 with value: 0.3926341547056777.
  [trial 38] epoch 00 158.8s (bs=32) | train AP 0.2109 loss 0.4091 | val AP 0.2727 | best 0.2727
  [trial 38] epoch 01 180.5s (bs=32) | train AP 0.2683 loss 0.3273 | val AP 0.2873 | best 0.2873
  [trial 38] epoch 02 173.4s (bs=32) | train AP 0.2717 loss 0.3248 | val AP 0.2975 | best 0.2975
  [trial 38] epoch 03 175.9s (bs=32) | train AP 0.2840 loss 0.3210 | val AP 0.3174 | best 0.3174
  [trial 38] epoch 04 158.4s (bs=32) | train AP 0.3033 loss 0.3143 | val AP 0.3302 | best 0.3302
  [trial 38] epoch 05 157.0s (bs=32) | train AP 0.3080 loss 0.3117 | val AP 0.3363 | best 0.3363
  [trial 38] epoch 06 157.4s (bs=32) | train AP 0.3216 loss 0.3068 | val AP 0.3369 | best 0.3369
  [trial 38] epoch 07 162.5s (bs=32) | train AP 0.3295 loss 0.3040 | val AP 0.3450 | best 0.3450
  [trial 38] epoch 08 162.6s (bs=32) | train AP 0.3365 loss 0.3014 | val AP 0.3464 | best 0.3464
  [trial 38] epoch 09 182.6s (bs=32) | train AP 0.3350 loss 0.3012 | val AP 0.3464 | best 0.3464
[I 2026-05-13 02:18:02,624] Trial 38 finished with value: 0.34641549250487796 and parameters: {'hidden_dim': 128, 'num_layers': 1, 'num_heads': 4, 'num_cross_layers': 2, 'generator': 'pma', 'num_proxies': 256, 'score_layers': 3, 'score_heads': 8, 'gnn_layers': 9, 'decode_hidden': 256, 'decode_layers': 3, 'coarsen_reg_weight': 0.30000000000000004, 'hop_dim': 8, 'fuse_mode': 'sum_proj', 'khop_per_block': True, 'khop_num_heads': 8, 'share_blocks': True, 'use_proxy_self_attn': False, 'final_sa_layers': 0, 'dropout': 0.1, 'aux_loss_weight': 0.5, 'lr': 0.0004220809765946087, 'weight_decay': 0.0001385542839414785}. Best is trial 28 with value: 0.3926341547056777.
  [trial 39] epoch 00 106.1s (bs=32) | train AP 0.2018 loss 0.4205 | val AP 0.2759 | best 0.2759
  [trial 39] epoch 01 101.7s (bs=32) | train AP 0.2538 loss 0.3299 | val AP 0.2777 | best 0.2777
  [trial 39] epoch 02 101.2s (bs=32) | train AP 0.2643 loss 0.3251 | val AP 0.2910 | best 0.2910
  [trial 39] epoch 03 101.6s (bs=32) | train AP 0.2681 loss 0.3241 | val AP 0.2925 | best 0.2925
  [trial 39] epoch 04 101.3s (bs=32) | train AP 0.2752 loss 0.3228 | val AP 0.3007 | best 0.3007
  [trial 39] epoch 05 101.5s (bs=32) | train AP 0.2835 loss 0.3190 | val AP 0.3120 | best 0.3120
  [trial 39] PRUNED at epoch 5
[I 2026-05-13 02:28:18,296] Trial 39 pruned. 
  [trial 40] epoch 00 177.6s (bs=32) | train AP 0.2255 loss 0.3753 | val AP 0.2863 | best 0.2863
  [trial 40] epoch 01 185.1s (bs=32) | train AP 0.2619 loss 0.3297 | val AP 0.2896 | best 0.2896
  [trial 40] epoch 02 179.7s (bs=32) | train AP 0.2643 loss 0.3279 | val AP 0.2863 | best 0.2896
  [trial 40] epoch 03 187.0s (bs=32) | train AP 0.2655 loss 0.3261 | val AP 0.2868 | best 0.2896
  [trial 40] epoch 04 184.5s (bs=32) | train AP 0.2704 loss 0.3245 | val AP 0.2940 | best 0.2940
  [trial 40] epoch 05 175.2s (bs=32) | train AP 0.2744 loss 0.3238 | val AP 0.3115 | best 0.3115
  [trial 40] PRUNED at epoch 5
[I 2026-05-13 02:46:29,803] Trial 40 pruned. 
  [trial 41] epoch 00 394.0s (bs=32) | train AP 0.1998 loss 0.4362 | val AP 0.2604 | best 0.2604
  [trial 41] epoch 01 393.6s (bs=32) | train AP 0.2519 loss 0.3338 | val AP 0.2817 | best 0.2817
  [trial 41] epoch 02 393.6s (bs=32) | train AP 0.2626 loss 0.3279 | val AP 0.2872 | best 0.2872
  [trial 41] epoch 03 396.2s (bs=32) | train AP 0.2682 loss 0.3253 | val AP 0.3064 | best 0.3064
  [trial 41] epoch 04 394.9s (bs=32) | train AP 0.2816 loss 0.3209 | val AP 0.3173 | best 0.3173
  [trial 41] epoch 05 396.6s (bs=32) | train AP 0.3016 loss 0.3119 | val AP 0.3331 | best 0.3331
  [trial 41] epoch 06 396.0s (bs=32) | train AP 0.3203 loss 0.3052 | val AP 0.3520 | best 0.3520
  [trial 41] epoch 07 397.5s (bs=32) | train AP 0.3455 loss 0.2965 | val AP 0.3626 | best 0.3626
  [trial 41] epoch 08 396.8s (bs=32) | train AP 0.3601 loss 0.2901 | val AP 0.3665 | best 0.3665
  [trial 41] epoch 09 395.9s (bs=32) | train AP 0.3715 loss 0.2866 | val AP 0.3678 | best 0.3678
[I 2026-05-13 03:52:27,857] Trial 41 finished with value: 0.3678380134114305 and parameters: {'hidden_dim': 64, 'num_layers': 4, 'num_heads': 4, 'num_cross_layers': 2, 'generator': 'pma', 'num_proxies': 64, 'score_layers': 3, 'score_heads': 4, 'gnn_layers': 6, 'decode_hidden': 256, 'decode_layers': 3, 'coarsen_reg_weight': 0.4, 'hop_dim': 32, 'fuse_mode': 'concat_proj', 'khop_per_block': False, 'khop_num_heads': 8, 'share_blocks': True, 'use_proxy_self_attn': False, 'final_sa_layers': 0, 'dropout': 0.1, 'aux_loss_weight': 1.0, 'lr': 0.0004063257254144834, 'weight_decay': 1.8612874983806093e-05}. Best is trial 28 with value: 0.3926341547056777.
  [trial 42] epoch 00 396.3s (bs=32) | train AP 0.2001 loss 0.4435 | val AP 0.2632 | best 0.2632
  [trial 42] epoch 01 394.1s (bs=32) | train AP 0.2499 loss 0.3329 | val AP 0.2783 | best 0.2783
  [trial 42] epoch 02 394.8s (bs=32) | train AP 0.2630 loss 0.3275 | val AP 0.2996 | best 0.2996
  [trial 42] epoch 03 392.8s (bs=32) | train AP 0.2692 loss 0.3254 | val AP 0.3040 | best 0.3040
  [trial 42] epoch 04 394.3s (bs=32) | train AP 0.2796 loss 0.3214 | val AP 0.3152 | best 0.3152
  [trial 42] epoch 05 394.0s (bs=32) | train AP 0.2993 loss 0.3136 | val AP 0.3346 | best 0.3346
  [trial 42] epoch 06 397.8s (bs=32) | train AP 0.3122 loss 0.3070 | val AP 0.3447 | best 0.3447
  [trial 42] epoch 07 399.1s (bs=32) | train AP 0.3365 loss 0.2989 | val AP 0.3590 | best 0.3590
  [trial 42] epoch 08 398.1s (bs=32) | train AP 0.3562 loss 0.2928 | val AP 0.3831 | best 0.3831
  [trial 42] epoch 09 398.6s (bs=32) | train AP 0.3652 loss 0.2882 | val AP 0.3840 | best 0.3840
[I 2026-05-13 04:58:30,685] Trial 42 finished with value: 0.38399645743424954 and parameters: {'hidden_dim': 64, 'num_layers': 4, 'num_heads': 4, 'num_cross_layers': 2, 'generator': 'pma', 'num_proxies': 64, 'score_layers': 3, 'score_heads': 4, 'gnn_layers': 6, 'decode_hidden': 256, 'decode_layers': 3, 'coarsen_reg_weight': 0.4, 'hop_dim': 32, 'fuse_mode': 'concat_proj', 'khop_per_block': False, 'khop_num_heads': 8, 'share_blocks': True, 'use_proxy_self_attn': False, 'final_sa_layers': 0, 'dropout': 0.1, 'aux_loss_weight': 1.0, 'lr': 0.00040037181555094953, 'weight_decay': 1.9317153642586336e-05}. Best is trial 28 with value: 0.3926341547056777.
  [trial 43] epoch 00 395.0s (bs=32) | train AP 0.2022 loss 0.4390 | val AP 0.2601 | best 0.2601
  [trial 43] epoch 01 395.8s (bs=32) | train AP 0.2507 loss 0.3335 | val AP 0.2825 | best 0.2825
  [trial 43] epoch 02 394.0s (bs=32) | train AP 0.2679 loss 0.3271 | val AP 0.2867 | best 0.2867
  [trial 43] epoch 03 400.3s (bs=32) | train AP 0.2653 loss 0.3255 | val AP 0.3032 | best 0.3032
  [trial 43] epoch 04 395.1s (bs=32) | train AP 0.2777 loss 0.3221 | val AP 0.3073 | best 0.3073
  [trial 43] epoch 05 394.1s (bs=32) | train AP 0.2883 loss 0.3174 | val AP 0.3218 | best 0.3218
  [trial 43] epoch 06 397.4s (bs=32) | train AP 0.3044 loss 0.3108 | val AP 0.3337 | best 0.3337
  [trial 43] epoch 07 394.1s (bs=32) | train AP 0.3184 loss 0.3064 | val AP 0.3417 | best 0.3417
  [trial 43] epoch 08 393.4s (bs=32) | train AP 0.3247 loss 0.3034 | val AP 0.3450 | best 0.3450
  [trial 43] epoch 09 392.6s (bs=32) | train AP 0.3310 loss 0.3015 | val AP 0.3455 | best 0.3455
[I 2026-05-13 06:04:25,359] Trial 43 finished with value: 0.34545207578466375 and parameters: {'hidden_dim': 64, 'num_layers': 4, 'num_heads': 4, 'num_cross_layers': 2, 'generator': 'pma', 'num_proxies': 64, 'score_layers': 3, 'score_heads': 4, 'gnn_layers': 6, 'decode_hidden': 256, 'decode_layers': 3, 'coarsen_reg_weight': 0.45, 'hop_dim': 32, 'fuse_mode': 'concat_proj', 'khop_per_block': False, 'khop_num_heads': 8, 'share_blocks': True, 'use_proxy_self_attn': False, 'final_sa_layers': 0, 'dropout': 0.1, 'aux_loss_weight': 0.75, 'lr': 0.0003337955320050492, 'weight_decay': 1.0202859106557637e-05}. Best is trial 28 with value: 0.3926341547056777.
  [trial 44] epoch 00 399.3s (bs=32) | train AP 0.1829 loss 0.4366 | val AP 0.2726 | best 0.2726
  [trial 44] epoch 01 398.6s (bs=32) | train AP 0.2562 loss 0.3308 | val AP 0.2863 | best 0.2863
  [trial 44] epoch 02 397.7s (bs=32) | train AP 0.2670 loss 0.3254 | val AP 0.2906 | best 0.2906
  [trial 44] epoch 03 392.2s (bs=32) | train AP 0.2669 loss 0.3241 | val AP 0.2972 | best 0.2972
  [trial 44] epoch 04 391.5s (bs=32) | train AP 0.2718 loss 0.3221 | val AP 0.3056 | best 0.3056
  [trial 44] epoch 05 392.5s (bs=32) | train AP 0.2877 loss 0.3167 | val AP 0.3119 | best 0.3119
  [trial 44] PRUNED at epoch 5
[I 2026-05-13 06:43:59,526] Trial 44 pruned. 
  [trial 45] epoch 00 389.8s (bs=32) | train AP 0.1864 loss 0.4012 | val AP 0.2628 | best 0.2628
  [trial 45] epoch 01 396.6s (bs=32) | train AP 0.2559 loss 0.3312 | val AP 0.2927 | best 0.2927
  [trial 45] epoch 02 389.4s (bs=32) | train AP 0.2603 loss 0.3276 | val AP 0.2832 | best 0.2927
  [trial 45] epoch 03 393.4s (bs=32) | train AP 0.2726 loss 0.3241 | val AP 0.3048 | best 0.3048
  [trial 45] epoch 04 397.5s (bs=32) | train AP 0.2867 loss 0.3185 | val AP 0.3165 | best 0.3165
  [trial 45] epoch 05 394.5s (bs=32) | train AP 0.3012 loss 0.3128 | val AP 0.3352 | best 0.3352
  [trial 45] epoch 06 390.6s (bs=32) | train AP 0.3243 loss 0.3051 | val AP 0.3523 | best 0.3523
  [trial 45] epoch 07 389.7s (bs=32) | train AP 0.3383 loss 0.2994 | val AP 0.3627 | best 0.3627
  [trial 45] epoch 08 393.6s (bs=32) | train AP 0.3527 loss 0.2941 | val AP 0.3768 | best 0.3768
  [trial 45] epoch 09 395.7s (bs=32) | train AP 0.3602 loss 0.2914 | val AP 0.3758 | best 0.3768
[I 2026-05-13 07:49:33,301] Trial 45 finished with value: 0.3767601740615813 and parameters: {'hidden_dim': 64, 'num_layers': 4, 'num_heads': 4, 'num_cross_layers': 2, 'generator': 'pma', 'num_proxies': 64, 'score_layers': 3, 'score_heads': 4, 'gnn_layers': 6, 'decode_hidden': 256, 'decode_layers': 3, 'coarsen_reg_weight': 0.4, 'hop_dim': 32, 'fuse_mode': 'concat_proj', 'khop_per_block': False, 'khop_num_heads': 8, 'share_blocks': True, 'use_proxy_self_attn': False, 'final_sa_layers': 0, 'dropout': 0.1, 'aux_loss_weight': 1.0, 'lr': 0.0004768407321818466, 'weight_decay': 1.3735117330012601e-05}. Best is trial 28 with value: 0.3926341547056777.
  [trial 46] epoch 00 398.2s (bs=32) | train AP 0.1969 loss 0.4177 | val AP 0.2727 | best 0.2727
  [trial 46] epoch 01 402.9s (bs=32) | train AP 0.2557 loss 0.3310 | val AP 0.2923 | best 0.2923
  [trial 46] epoch 02 403.2s (bs=32) | train AP 0.2642 loss 0.3272 | val AP 0.2919 | best 0.2923
  [trial 46] epoch 03 403.6s (bs=32) | train AP 0.2688 loss 0.3258 | val AP 0.2917 | best 0.2923
  [trial 46] epoch 04 410.3s (bs=32) | train AP 0.2712 loss 0.3230 | val AP 0.2981 | best 0.2981
  [trial 46] epoch 05 423.9s (bs=32) | train AP 0.2832 loss 0.3195 | val AP 0.3108 | best 0.3108
  [trial 46] PRUNED at epoch 5
[I 2026-05-13 08:30:17,514] Trial 46 pruned. 
