+ python main_self_novelty.py --stage all --backbone hybrid --generator graph_coarsening --num_proxies 32 --hidden_dim 256 --num_heads 8 --num_gred_layers 8 --num_transformer_layers 2 --state_dim 88 --use_lap_pe --lap_pe_dim 8 --batch_size 16 --num_workers 4 --s1_lr 1e-4 --s1_max_epochs 300 --s1_patience 50 --s2_lr 1e-4 --s2_max_epochs 500 --s2_patience 50 --s3_lr_gen 5e-4 --s3_lr_transformer 1e-4 --s3_max_epochs 500 --s3_patience 50 --novelty_temperature 1.0 --novelty_alpha 1.0 --novelty_alpha_node 1.0 --save_dir checkpoints_self_novelty
{'config': None, 'stage': 'all', 'generator': 'graph_coarsening', 'backbone': 'hybrid', 'model_path': None, 'generator_path': None, 'hidden_dim': 256, 'num_layers': 5, 'num_heads': 8, 'output_dim': 10, 'dropout': 0.1, 'num_proxies': 32, 'use_lap_pe': True, 'lap_pe_dim': 8, 'state_dim': 88, 'num_gred_layers': 8, 'num_transformer_layers': 2, 'gred_expand': 1, 'r_min': 0.0, 'r_max': 1.0, 'max_phase': 6.28, 'gred_act': 'full-glu', 'max_hops': 40, 'dist_mask_workers': 8, 's1_lr': 0.0001, 's1_weight_decay': 0.0003, 's1_max_epochs': 300, 's1_patience': 50, 's1_grad_clip': 1.0, 's2_lr': 0.0001, 's2_weight_decay': 0.0003, 's2_max_epochs': 500, 's2_patience': 50, 's2_eval_every': 1, 's2_grad_clip': 1.0, 's3_lr_gen': 0.0005, 's3_lr_transformer': 0.0001, 's3_max_epochs': 500, 's3_patience': 50, 's3_grad_clip': 1.0, 's3_weight_decay': 0.0001, 'novelty_temperature': 1.0, 'novelty_alpha': 1.0, 'novelty_alpha_node': 1.0, 'gen_hidden_dim': 256, 'gen_num_layers': 4, 'gen_num_heads': 8, 'gen_dropout': 0.2, 'pma_query_mode': 'farthest_point', 'coarsen_gnn_type': 'GIN', 'coarsen_reg_weight': 0.1, 'coarsen_reg_type': 'mincut', 'gnn_layers': 4, 'gnn_type': 'GINE', 'pool_types': ['max'], 'decode_hidden': 128, 'decode_layers': 3, 'idx_emb_dim': 128, 'decode_mode': 'shared', 'denoiser_dim': 256, 'denoiser_layers': 4, 'denoiser_heads': 8, 'euler_steps': 1, 'use_cross_attn_routing': False, 'num_cross_layers': 2, 'cross_attn_proxy_self_attn': True, 'proxy_insertion_layers': '-1', 'separate_proxy_generators': False, 'separate_proxy_routers': False, 'proxy_aux_loss_decay': 1.0, 'batch_size': 16, 'num_workers': 4, 'lr_min': 1e-07, 'warmup_ratio': 0.05, 'recurrent_lr_factor': 1.0, 'save_dir': 'checkpoints_self_novelty', 'device': 'cuda'}
Saved code snapshot to checkpoints_self_novelty/code_snapshot.zip

============================================================
STAGE 1: Pretrain backbone (hybrid)
============================================================
  Loading cached distance masks from ./data/Peptides-func/dist_masks/train.pkl
  Loading cached distance masks from ./data/Peptides-func/dist_masks/val.pkl
  Loading cached distance masks from ./data/Peptides-func/dist_masks/test.pkl
  Parameters: 4,595,530
Epoch   1/300 [519.6s mem=20511MB] | train_loss=1.8907 train_AP=0.1877 | val_loss=0.6860 val_AP=0.2460
  -> New best val AP=0.2460, saved
Epoch   2/300 [517.0s mem=20510MB] | train_loss=0.3887 train_AP=0.2369 | val_loss=0.6953 val_AP=0.2013
Epoch   3/300 [518.2s mem=20510MB] | train_loss=0.3804 train_AP=0.2423 | val_loss=0.7689 val_AP=0.1759
Epoch   4/300 [519.1s mem=20510MB] | train_loss=0.3711 train_AP=0.2465 | val_loss=0.7762 val_AP=0.1755
Epoch   5/300 [519.3s mem=20510MB] | train_loss=0.3642 train_AP=0.2438 | val_loss=0.3517 val_AP=0.2571
  -> New best val AP=0.2571, saved
Epoch   6/300 [520.6s mem=20511MB] | train_loss=0.3514 train_AP=0.2491 | val_loss=0.3383 val_AP=0.2624
  -> New best val AP=0.2624, saved
Epoch   7/300 [515.2s mem=20510MB] | train_loss=0.3491 train_AP=0.2460 | val_loss=0.3416 val_AP=0.2665
  -> New best val AP=0.2665, saved
Epoch   8/300 [517.1s mem=20511MB] | train_loss=0.3462 train_AP=0.2527 | val_loss=0.3314 val_AP=0.2702
  -> New best val AP=0.2702, saved
Epoch   9/300 [516.7s mem=20511MB] | train_loss=0.3427 train_AP=0.2550 | val_loss=0.3201 val_AP=0.2844
  -> New best val AP=0.2844, saved
Epoch  10/300 [521.6s mem=20510MB] | train_loss=0.3411 train_AP=0.2555 | val_loss=0.3359 val_AP=0.2885
  -> New best val AP=0.2885, saved
Epoch  11/300 [518.8s mem=20509MB] | train_loss=0.3376 train_AP=0.2620 | val_loss=0.3305 val_AP=0.2895
  -> New best val AP=0.2895, saved
Epoch  12/300 [518.1s mem=20509MB] | train_loss=0.3347 train_AP=0.2665 | val_loss=0.3201 val_AP=0.2956
  -> New best val AP=0.2956, saved
Epoch  13/300 [476.0s mem=20510MB] | train_loss=0.3331 train_AP=0.2714 | val_loss=0.3238 val_AP=0.3121
  -> New best val AP=0.3121, saved
Epoch  14/300 [444.7s mem=20510MB] | train_loss=0.3264 train_AP=0.2855 | val_loss=0.3031 val_AP=0.3307
  -> New best val AP=0.3307, saved
Epoch  15/300 [440.4s mem=20512MB] | train_loss=0.3226 train_AP=0.2935 | val_loss=0.2943 val_AP=0.3556
  -> New best val AP=0.3556, saved
Epoch  16/300 [442.2s mem=20511MB] | train_loss=0.3087 train_AP=0.3205 | val_loss=0.3002 val_AP=0.3839
  -> New best val AP=0.3839, saved
Epoch  17/300 [442.3s mem=20510MB] | train_loss=0.3005 train_AP=0.3397 | val_loss=0.2814 val_AP=0.3956
  -> New best val AP=0.3956, saved
Epoch  18/300 [442.0s mem=20512MB] | train_loss=0.2927 train_AP=0.3567 | val_loss=0.2778 val_AP=0.3993
  -> New best val AP=0.3993, saved
Epoch  19/300 [442.5s mem=20511MB] | train_loss=0.2861 train_AP=0.3696 | val_loss=0.2664 val_AP=0.4230
  -> New best val AP=0.4230, saved
Epoch  20/300 [439.3s mem=20511MB] | train_loss=0.2789 train_AP=0.3834 | val_loss=0.2894 val_AP=0.3794
Epoch  21/300 [442.1s mem=20511MB] | train_loss=0.2709 train_AP=0.4006 | val_loss=0.2700 val_AP=0.4348
  -> New best val AP=0.4348, saved
Epoch  22/300 [443.3s mem=20511MB] | train_loss=0.2655 train_AP=0.4094 | val_loss=0.2689 val_AP=0.4659
  -> New best val AP=0.4659, saved
Epoch  23/300 [443.5s mem=20511MB] | train_loss=0.2591 train_AP=0.4235 | val_loss=0.2479 val_AP=0.4680
  -> New best val AP=0.4680, saved
Epoch  24/300 [442.3s mem=20509MB] | train_loss=0.2549 train_AP=0.4344 | val_loss=0.2558 val_AP=0.4828
  -> New best val AP=0.4828, saved
Epoch  25/300 [440.6s mem=20512MB] | train_loss=0.2464 train_AP=0.4469 | val_loss=0.2589 val_AP=0.4885
  -> New best val AP=0.4885, saved
Epoch  26/300 [443.1s mem=20509MB] | train_loss=0.2404 train_AP=0.4610 | val_loss=0.2521 val_AP=0.4851
Epoch  27/300 [444.7s mem=20511MB] | train_loss=0.2339 train_AP=0.4775 | val_loss=0.2598 val_AP=0.4996
  -> New best val AP=0.4996, saved
Epoch  28/300 [441.3s mem=20511MB] | train_loss=0.2228 train_AP=0.4996 | val_loss=0.2469 val_AP=0.5203
  -> New best val AP=0.5203, saved
Epoch  29/300 [442.8s mem=20511MB] | train_loss=0.2168 train_AP=0.5142 | val_loss=0.2559 val_AP=0.4989
Epoch  30/300 [440.6s mem=20511MB] | train_loss=0.2122 train_AP=0.5255 | val_loss=0.2593 val_AP=0.5051
Epoch  31/300 [443.6s mem=20510MB] | train_loss=0.2023 train_AP=0.5417 | val_loss=0.2881 val_AP=0.5102
Epoch  32/300 [442.7s mem=20512MB] | train_loss=0.1979 train_AP=0.5553 | val_loss=0.3121 val_AP=0.5179
Epoch  33/300 [442.1s mem=20510MB] | train_loss=0.1894 train_AP=0.5748 | val_loss=0.2753 val_AP=0.5201
Epoch  34/300 [442.0s mem=20511MB] | train_loss=0.1853 train_AP=0.5845 | val_loss=0.2680 val_AP=0.5208
  -> New best val AP=0.5208, saved
Epoch  35/300 [440.2s mem=20510MB] | train_loss=0.1784 train_AP=0.6001 | val_loss=0.3217 val_AP=0.5354
  -> New best val AP=0.5354, saved
Epoch  36/300 [444.4s mem=20511MB] | train_loss=0.1750 train_AP=0.6182 | val_loss=0.3148 val_AP=0.5322
Epoch  37/300 [443.4s mem=20511MB] | train_loss=0.1673 train_AP=0.6354 | val_loss=0.2702 val_AP=0.5464
  -> New best val AP=0.5464, saved
Epoch  38/300 [444.6s mem=20510MB] | train_loss=0.1620 train_AP=0.6497 | val_loss=0.3039 val_AP=0.5482
  -> New best val AP=0.5482, saved
Epoch  39/300 [441.5s mem=20509MB] | train_loss=0.1549 train_AP=0.6645 | val_loss=0.3087 val_AP=0.5602
  -> New best val AP=0.5602, saved
Epoch  40/300 [442.1s mem=20511MB] | train_loss=0.1518 train_AP=0.6768 | val_loss=0.3042 val_AP=0.5489
Epoch  41/300 [442.5s mem=20510MB] | train_loss=0.1460 train_AP=0.6949 | val_loss=0.3139 val_AP=0.5760
  -> New best val AP=0.5760, saved
Epoch  42/300 [441.5s mem=20511MB] | train_loss=0.1421 train_AP=0.6992 | val_loss=0.3119 val_AP=0.5475
Epoch  43/300 [443.4s mem=20511MB] | train_loss=0.1394 train_AP=0.7045 | val_loss=0.3431 val_AP=0.5654
Epoch  44/300 [442.1s mem=20511MB] | train_loss=0.1338 train_AP=0.7233 | val_loss=0.3581 val_AP=0.5633
Epoch  45/300 [443.1s mem=20511MB] | train_loss=0.1335 train_AP=0.7255 | val_loss=0.3357 val_AP=0.5493
Epoch  46/300 [444.7s mem=20512MB] | train_loss=0.1288 train_AP=0.7357 | val_loss=0.3543 val_AP=0.5725
Epoch  47/300 [442.8s mem=20515MB] | train_loss=0.1231 train_AP=0.7483 | val_loss=0.3674 val_AP=0.5585
Epoch  48/300 [444.0s mem=20511MB] | train_loss=0.1243 train_AP=0.7492 | val_loss=0.3600 val_AP=0.5699
Epoch  49/300 [442.4s mem=20512MB] | train_loss=0.1197 train_AP=0.7576 | val_loss=0.4017 val_AP=0.5703
Epoch  50/300 [444.1s mem=20511MB] | train_loss=0.1172 train_AP=0.7625 | val_loss=0.4548 val_AP=0.5531
Epoch  51/300 [443.1s mem=20509MB] | train_loss=0.1135 train_AP=0.7710 | val_loss=0.4016 val_AP=0.5759
Epoch  52/300 [443.0s mem=20514MB] | train_loss=0.1111 train_AP=0.7731 | val_loss=0.3905 val_AP=0.5793
  -> New best val AP=0.5793, saved
Epoch  53/300 [443.1s mem=20511MB] | train_loss=0.1090 train_AP=0.7878 | val_loss=0.4599 val_AP=0.5778
Epoch  54/300 [446.4s mem=20509MB] | train_loss=0.1079 train_AP=0.7906 | val_loss=0.4722 val_AP=0.5784
Epoch  55/300 [444.7s mem=20509MB] | train_loss=0.1040 train_AP=0.8019 | val_loss=0.4521 val_AP=0.5711
Epoch  56/300 [443.2s mem=20509MB] | train_loss=0.1022 train_AP=0.8087 | val_loss=0.4072 val_AP=0.5749
Epoch  57/300 [443.5s mem=20511MB] | train_loss=0.0959 train_AP=0.8124 | val_loss=0.4658 val_AP=0.5915
  -> New best val AP=0.5915, saved
Epoch  58/300 [444.0s mem=20511MB] | train_loss=0.0958 train_AP=0.8203 | val_loss=0.4629 val_AP=0.5792
Epoch  59/300 [441.8s mem=20509MB] | train_loss=0.0949 train_AP=0.8217 | val_loss=0.4120 val_AP=0.5784
Epoch  60/300 [440.5s mem=20512MB] | train_loss=0.0907 train_AP=0.8312 | val_loss=0.5832 val_AP=0.5750
Epoch  61/300 [445.6s mem=20511MB] | train_loss=0.0872 train_AP=0.8349 | val_loss=0.5582 val_AP=0.5853
Epoch  62/300 [444.4s mem=20510MB] | train_loss=0.0876 train_AP=0.8426 | val_loss=0.4757 val_AP=0.5914
Epoch  63/300 [445.1s mem=20511MB] | train_loss=0.0870 train_AP=0.8457 | val_loss=0.4403 val_AP=0.5906
Epoch  64/300 [445.5s mem=20509MB] | train_loss=0.0824 train_AP=0.8515 | val_loss=0.5955 val_AP=0.5795
Epoch  65/300 [442.8s mem=20511MB] | train_loss=0.0810 train_AP=0.8538 | val_loss=0.5141 val_AP=0.5779
Epoch  66/300 [443.5s mem=20511MB] | train_loss=0.0802 train_AP=0.8648 | val_loss=0.5867 val_AP=0.5910
Epoch  67/300 [442.1s mem=20512MB] | train_loss=0.0765 train_AP=0.8685 | val_loss=0.5677 val_AP=0.5869
Epoch  68/300 [441.8s mem=20511MB] | train_loss=0.0769 train_AP=0.8679 | val_loss=0.6177 val_AP=0.5887
Epoch  69/300 [442.5s mem=20511MB] | train_loss=0.0754 train_AP=0.8738 | val_loss=0.5811 val_AP=0.5824
Epoch  70/300 [443.7s mem=20510MB] | train_loss=0.0731 train_AP=0.8803 | val_loss=0.5769 val_AP=0.5874
Epoch  71/300 [440.9s mem=20511MB] | train_loss=0.0707 train_AP=0.8811 | val_loss=0.6091 val_AP=0.6028
  -> New best val AP=0.6028, saved
Epoch  72/300 [443.6s mem=20509MB] | train_loss=0.0731 train_AP=0.8831 | val_loss=0.5727 val_AP=0.5845
Epoch  73/300 [443.7s mem=20510MB] | train_loss=0.0694 train_AP=0.8829 | val_loss=0.6632 val_AP=0.5937
Epoch  74/300 [293.5s mem=20510MB] | train_loss=0.0662 train_AP=0.8941 | val_loss=0.6290 val_AP=0.6035
  -> New best val AP=0.6035, saved
Epoch  75/300 [268.6s mem=20511MB] | train_loss=0.0649 train_AP=0.8981 | val_loss=0.6826 val_AP=0.5895
Epoch  76/300 [268.3s mem=20509MB] | train_loss=0.0636 train_AP=0.9003 | val_loss=0.6405 val_AP=0.5976
Epoch  77/300 [268.8s mem=20510MB] | train_loss=0.0623 train_AP=0.9002 | val_loss=0.6773 val_AP=0.6029
Epoch  78/300 [266.6s mem=20510MB] | train_loss=0.0618 train_AP=0.9057 | val_loss=0.5375 val_AP=0.6041
  -> New best val AP=0.6041, saved
Epoch  79/300 [267.2s mem=20511MB] | train_loss=0.0589 train_AP=0.9076 | val_loss=0.5968 val_AP=0.6073
  -> New best val AP=0.6073, saved
Epoch  80/300 [270.0s mem=20510MB] | train_loss=0.0584 train_AP=0.9126 | val_loss=0.7456 val_AP=0.5837
Epoch  81/300 [266.9s mem=20510MB] | train_loss=0.0567 train_AP=0.9190 | val_loss=0.6527 val_AP=0.5939
Epoch  82/300 [258.3s mem=20509MB] | train_loss=0.0554 train_AP=0.9192 | val_loss=0.6610 val_AP=0.5952
Epoch  83/300 [328.3s mem=20510MB] | train_loss=0.0540 train_AP=0.9200 | val_loss=0.6430 val_AP=0.5994
Epoch  84/300 [377.6s mem=20510MB] | train_loss=0.0546 train_AP=0.9247 | val_loss=0.6233 val_AP=0.6046
Epoch  85/300 [376.5s mem=20509MB] | train_loss=0.0517 train_AP=0.9299 | val_loss=0.7668 val_AP=0.6084
  -> New best val AP=0.6084, saved
Epoch  86/300 [378.5s mem=20509MB] | train_loss=0.0504 train_AP=0.9308 | val_loss=0.7570 val_AP=0.6054
Epoch  87/300 [380.1s mem=20513MB] | train_loss=0.0488 train_AP=0.9357 | val_loss=0.6983 val_AP=0.6017
Epoch  88/300 [382.2s mem=20511MB] | train_loss=0.0481 train_AP=0.9401 | val_loss=0.7299 val_AP=0.5982
Epoch  89/300 [379.9s mem=20511MB] | train_loss=0.0468 train_AP=0.9382 | val_loss=0.7443 val_AP=0.6117
  -> New best val AP=0.6117, saved
Epoch  90/300 [379.9s mem=20512MB] | train_loss=0.0462 train_AP=0.9391 | val_loss=0.8590 val_AP=0.5953
Epoch  91/300 [380.0s mem=20512MB] | train_loss=0.0443 train_AP=0.9455 | val_loss=0.8412 val_AP=0.5999
Epoch  92/300 [379.5s mem=20508MB] | train_loss=0.0440 train_AP=0.9411 | val_loss=0.7932 val_AP=0.6051
Epoch  93/300 [381.2s mem=20510MB] | train_loss=0.0437 train_AP=0.9479 | val_loss=0.8965 val_AP=0.5917
Epoch  94/300 [381.5s mem=20511MB] | train_loss=0.0425 train_AP=0.9458 | val_loss=0.7954 val_AP=0.6025
Epoch  95/300 [379.8s mem=20512MB] | train_loss=0.0402 train_AP=0.9504 | val_loss=0.8842 val_AP=0.5946
Epoch  96/300 [286.3s mem=20510MB] | train_loss=0.0410 train_AP=0.9502 | val_loss=0.8982 val_AP=0.6009
Epoch  97/300 [279.4s mem=20510MB] | train_loss=0.0399 train_AP=0.9558 | val_loss=0.7860 val_AP=0.5914
Epoch  98/300 [281.4s mem=20515MB] | train_loss=0.0398 train_AP=0.9503 | val_loss=0.7233 val_AP=0.6004
Epoch  99/300 [280.4s mem=20510MB] | train_loss=0.0370 train_AP=0.9646 | val_loss=0.8985 val_AP=0.6005
Epoch 100/300 [285.3s mem=20509MB] | train_loss=0.0374 train_AP=0.9585 | val_loss=0.8501 val_AP=0.5988
Epoch 101/300 [284.1s mem=20512MB] | train_loss=0.0368 train_AP=0.9607 | val_loss=0.8269 val_AP=0.5961
Epoch 102/300 [287.2s mem=20509MB] | train_loss=0.0362 train_AP=0.9625 | val_loss=0.8848 val_AP=0.6040
Epoch 103/300 [286.2s mem=20509MB] | train_loss=0.0365 train_AP=0.9598 | val_loss=0.8847 val_AP=0.6006
Epoch 104/300 [283.8s mem=20509MB] | train_loss=0.0348 train_AP=0.9639 | val_loss=0.9098 val_AP=0.5968
Epoch 105/300 [280.8s mem=20509MB] | train_loss=0.0334 train_AP=0.9669 | val_loss=0.8839 val_AP=0.6011
Epoch 106/300 [282.5s mem=20512MB] | train_loss=0.0321 train_AP=0.9672 | val_loss=0.9143 val_AP=0.6010
Epoch 107/300 [282.1s mem=20512MB] | train_loss=0.0332 train_AP=0.9675 | val_loss=1.0264 val_AP=0.5958
Epoch 108/300 [284.4s mem=20510MB] | train_loss=0.0338 train_AP=0.9677 | val_loss=0.9260 val_AP=0.6059
Epoch 109/300 [282.3s mem=20513MB] | train_loss=0.0317 train_AP=0.9724 | val_loss=0.9559 val_AP=0.6014
Epoch 110/300 [283.8s mem=20511MB] | train_loss=0.0311 train_AP=0.9720 | val_loss=0.8901 val_AP=0.6106
Epoch 111/300 [282.7s mem=20510MB] | train_loss=0.0311 train_AP=0.9714 | val_loss=0.9456 val_AP=0.6124
  -> New best val AP=0.6124, saved
Epoch 112/300 [281.8s mem=20510MB] | train_loss=0.0307 train_AP=0.9731 | val_loss=1.0920 val_AP=0.6120
Epoch 113/300 [283.7s mem=20511MB] | train_loss=0.0296 train_AP=0.9719 | val_loss=1.0076 val_AP=0.6016
Epoch 114/300 [283.9s mem=20511MB] | train_loss=0.0293 train_AP=0.9752 | val_loss=0.8446 val_AP=0.6103
Epoch 115/300 [280.1s mem=20511MB] | train_loss=0.0296 train_AP=0.9741 | val_loss=1.0385 val_AP=0.6033
Epoch 116/300 [285.7s mem=20511MB] | train_loss=0.0284 train_AP=0.9744 | val_loss=0.9850 val_AP=0.5988
Epoch 117/300 [285.2s mem=20509MB] | train_loss=0.0273 train_AP=0.9780 | val_loss=1.0733 val_AP=0.6049
Epoch 118/300 [284.8s mem=20509MB] | train_loss=0.0298 train_AP=0.9770 | val_loss=1.0112 val_AP=0.6053
Epoch 119/300 [283.1s mem=20511MB] | train_loss=0.0268 train_AP=0.9794 | val_loss=1.0804 val_AP=0.6020
Epoch 120/300 [283.6s mem=20512MB] | train_loss=0.0268 train_AP=0.9803 | val_loss=1.0552 val_AP=0.5984
Epoch 121/300 [285.9s mem=20509MB] | train_loss=0.0272 train_AP=0.9769 | val_loss=1.0543 val_AP=0.6136
  -> New best val AP=0.6136, saved
Epoch 122/300 [285.8s mem=20511MB] | train_loss=0.0260 train_AP=0.9809 | val_loss=0.9666 val_AP=0.6186
  -> New best val AP=0.6186, saved
Epoch 123/300 [286.6s mem=20511MB] | train_loss=0.0270 train_AP=0.9750 | val_loss=1.0375 val_AP=0.6096
Epoch 124/300 [286.1s mem=20512MB] | train_loss=0.0253 train_AP=0.9792 | val_loss=0.9378 val_AP=0.6172
Epoch 125/300 [286.2s mem=20511MB] | train_loss=0.0250 train_AP=0.9828 | val_loss=0.9612 val_AP=0.6091
Epoch 126/300 [284.4s mem=20511MB] | train_loss=0.0241 train_AP=0.9825 | val_loss=1.1258 val_AP=0.6092
Epoch 127/300 [284.1s mem=20511MB] | train_loss=0.0246 train_AP=0.9823 | val_loss=1.1769 val_AP=0.6027
Epoch 128/300 [284.4s mem=20511MB] | train_loss=0.0242 train_AP=0.9843 | val_loss=1.1691 val_AP=0.6034
Epoch 129/300 [284.1s mem=20512MB] | train_loss=0.0230 train_AP=0.9837 | val_loss=1.0642 val_AP=0.6141
Epoch 130/300 [286.8s mem=20511MB] | train_loss=0.0231 train_AP=0.9848 | val_loss=1.1329 val_AP=0.5994
Epoch 131/300 [282.7s mem=20511MB] | train_loss=0.0234 train_AP=0.9845 | val_loss=1.1477 val_AP=0.6025
Epoch 132/300 [285.1s mem=20512MB] | train_loss=0.0217 train_AP=0.9860 | val_loss=1.2602 val_AP=0.6014
Epoch 133/300 [286.6s mem=20510MB] | train_loss=0.0227 train_AP=0.9834 | val_loss=1.1187 val_AP=0.5968
Epoch 134/300 [284.9s mem=20509MB] | train_loss=0.0234 train_AP=0.9861 | val_loss=1.1492 val_AP=0.6050
Epoch 135/300 [285.1s mem=20509MB] | train_loss=0.0230 train_AP=0.9848 | val_loss=1.0599 val_AP=0.6059
Epoch 136/300 [286.3s mem=20511MB] | train_loss=0.0222 train_AP=0.9862 | val_loss=1.1027 val_AP=0.5979
Epoch 137/300 [286.3s mem=20509MB] | train_loss=0.0197 train_AP=0.9860 | val_loss=1.1473 val_AP=0.6012
Epoch 138/300 [286.4s mem=20512MB] | train_loss=0.0203 train_AP=0.9876 | val_loss=1.2358 val_AP=0.6041
Epoch 139/300 [282.0s mem=20509MB] | train_loss=0.0196 train_AP=0.9883 | val_loss=1.2107 val_AP=0.6010
Epoch 140/300 [285.3s mem=20513MB] | train_loss=0.0210 train_AP=0.9868 | val_loss=1.2411 val_AP=0.6000
Epoch 141/300 [284.7s mem=20511MB] | train_loss=0.0202 train_AP=0.9876 | val_loss=1.1911 val_AP=0.6010
Epoch 142/300 [285.8s mem=20511MB] | train_loss=0.0191 train_AP=0.9892 | val_loss=1.2144 val_AP=0.6079
Epoch 143/300 [284.7s mem=20509MB] | train_loss=0.0203 train_AP=0.9885 | val_loss=1.0117 val_AP=0.6095
Epoch 144/300 [287.2s mem=20512MB] | train_loss=0.0184 train_AP=0.9908 | val_loss=1.2756 val_AP=0.5989
Epoch 145/300 [284.8s mem=20515MB] | train_loss=0.0191 train_AP=0.9893 | val_loss=1.4947 val_AP=0.6017
Epoch 146/300 [286.3s mem=20511MB] | train_loss=0.0189 train_AP=0.9883 | val_loss=1.3664 val_AP=0.6113
Epoch 147/300 [285.6s mem=20514MB] | train_loss=0.0183 train_AP=0.9908 | val_loss=1.4614 val_AP=0.6019
Epoch 148/300 [284.4s mem=20512MB] | train_loss=0.0193 train_AP=0.9887 | val_loss=1.4107 val_AP=0.6032
Epoch 149/300 [283.4s mem=20511MB] | train_loss=0.0161 train_AP=0.9929 | val_loss=1.4371 val_AP=0.5987
Epoch 150/300 [283.9s mem=20510MB] | train_loss=0.0181 train_AP=0.9910 | val_loss=1.3194 val_AP=0.6016
Epoch 151/300 [282.9s mem=20510MB] | train_loss=0.0166 train_AP=0.9896 | val_loss=1.2644 val_AP=0.6075
Epoch 152/300 [281.9s mem=20510MB] | train_loss=0.0164 train_AP=0.9904 | val_loss=1.3354 val_AP=0.6087
Epoch 153/300 [286.4s mem=20511MB] | train_loss=0.0170 train_AP=0.9913 | val_loss=1.2701 val_AP=0.6039
Epoch 154/300 [284.8s mem=20511MB] | train_loss=0.0151 train_AP=0.9914 | val_loss=1.4002 val_AP=0.5981
Epoch 155/300 [248.8s mem=20511MB] | train_loss=0.0165 train_AP=0.9893 | val_loss=1.3134 val_AP=0.6113
Epoch 156/300 [249.4s mem=20510MB] | train_loss=0.0170 train_AP=0.9929 | val_loss=1.3190 val_AP=0.6062
Epoch 157/300 [252.0s mem=20511MB] | train_loss=0.0155 train_AP=0.9919 | val_loss=1.3340 val_AP=0.6046
Epoch 158/300 [249.1s mem=20511MB] | train_loss=0.0152 train_AP=0.9931 | val_loss=1.5242 val_AP=0.5954
Epoch 159/300 [249.6s mem=20508MB] | train_loss=0.0164 train_AP=0.9912 | val_loss=1.5228 val_AP=0.6016
Epoch 160/300 [251.6s mem=20511MB] | train_loss=0.0148 train_AP=0.9918 | val_loss=1.3891 val_AP=0.6035
Epoch 161/300 [249.1s mem=20509MB] | train_loss=0.0142 train_AP=0.9928 | val_loss=1.4281 val_AP=0.6038
Epoch 162/300 [248.5s mem=20511MB] | train_loss=0.0150 train_AP=0.9919 | val_loss=1.4554 val_AP=0.6037
Epoch 163/300 [251.2s mem=20510MB] | train_loss=0.0136 train_AP=0.9929 | val_loss=1.4299 val_AP=0.6096
Epoch 164/300 [250.8s mem=20509MB] | train_loss=0.0150 train_AP=0.9918 | val_loss=1.6512 val_AP=0.5972
Epoch 165/300 [248.9s mem=20511MB] | train_loss=0.0136 train_AP=0.9921 | val_loss=1.5924 val_AP=0.6107
Epoch 166/300 [249.4s mem=20511MB] | train_loss=0.0129 train_AP=0.9941 | val_loss=1.5350 val_AP=0.6036
Epoch 167/300 [250.9s mem=20511MB] | train_loss=0.0138 train_AP=0.9927 | val_loss=1.4771 val_AP=0.6038
Epoch 168/300 [249.8s mem=20511MB] | train_loss=0.0135 train_AP=0.9944 | val_loss=1.5220 val_AP=0.6020
Epoch 169/300 [250.0s mem=20512MB] | train_loss=0.0121 train_AP=0.9932 | val_loss=1.5190 val_AP=0.6087
Epoch 170/300 [251.3s mem=20511MB] | train_loss=0.0134 train_AP=0.9932 | val_loss=1.5632 val_AP=0.6033
Epoch 171/300 [250.3s mem=20509MB] | train_loss=0.0121 train_AP=0.9941 | val_loss=1.6859 val_AP=0.5901
Epoch 172/300 [247.6s mem=20511MB] | train_loss=0.0132 train_AP=0.9943 | val_loss=1.5829 val_AP=0.6016
Early stopping at epoch 172. Best val AP=0.6186 at epoch 122.
Stage 1 done. Best val AP=0.6186 at epoch 122.

============================================================
STAGE 2: Train generator (graph_coarsening) with self-novelty
  Backbone: hybrid (frozen)
  alpha=1.0 alpha_node=1.0 T=1.0
============================================================
  Loading cached distance masks from ./data/Peptides-func/dist_masks/train.pkl
  Loading cached distance masks from ./data/Peptides-func/dist_masks/val.pkl
  Loading cached distance masks from ./data/Peptides-func/dist_masks/test.pkl
  Generator parameters: 1,326,368
Epoch   1/500 [136.8s mem=3066MB] | total=3.0285 task=0.0134 | out_nov=0.0013 out_pen=0.9987 | node_nov=0.0008 node_pen=1.9992 | ip_mean=0.9067 ip_std=0.0494 | val_AP=0.6166 test_AP=0.6024
  -> New best val AP=0.6166
Epoch   2/500 [153.1s mem=3126MB] | total=3.0043 task=0.0241 | out_nov=0.0166 out_pen=0.9834 | node_nov=0.0203 node_pen=1.9797 | ip_mean=0.9277 ip_std=0.0410 | val_AP=0.6094 test_AP=0.5882
Epoch   3/500 [154.9s mem=3101MB] | total=2.9858 task=0.0330 | out_nov=0.0282 out_pen=0.9718 | node_nov=0.0363 node_pen=1.9637 | ip_mean=0.9502 ip_std=0.0344 | val_AP=0.6006 test_AP=0.5845
Epoch   4/500 [156.1s mem=3041MB] | total=2.9353 task=0.0944 | out_nov=0.0973 out_pen=0.9027 | node_nov=0.0790 node_pen=1.9210 | ip_mean=0.9261 ip_std=0.0743 | val_AP=0.5412 test_AP=0.5435
Epoch   5/500 [155.3s mem=3071MB] | total=2.8712 task=0.1711 | out_nov=0.1720 out_pen=0.8280 | node_nov=0.1449 node_pen=1.8551 | ip_mean=0.8106 ip_std=0.2623 | val_AP=0.5034 test_AP=0.5009
Epoch   6/500 [154.5s mem=3062MB] | total=2.8239 task=0.1965 | out_nov=0.1951 out_pen=0.8049 | node_nov=0.1944 node_pen=1.8056 | ip_mean=0.7140 ip_std=0.3835 | val_AP=0.4828 test_AP=0.4785
Epoch   7/500 [159.1s mem=2986MB] | total=2.7626 task=0.2146 | out_nov=0.2123 out_pen=0.7877 | node_nov=0.2563 node_pen=1.7437 | ip_mean=0.6160 ip_std=0.4023 | val_AP=0.4349 test_AP=0.4344
Epoch   8/500 [158.7s mem=3050MB] | total=2.6857 task=0.2327 | out_nov=0.2288 out_pen=0.7712 | node_nov=0.3347 node_pen=1.6653 | ip_mean=0.4660 ip_std=0.4037 | val_AP=0.4375 test_AP=0.4317
Epoch   9/500 [154.5s mem=3098MB] | total=2.6424 task=0.2346 | out_nov=0.2341 out_pen=0.7659 | node_nov=0.3745 node_pen=1.6255 | ip_mean=0.3903 ip_std=0.4139 | val_AP=0.4345 test_AP=0.4274
Epoch  10/500 [157.5s mem=3060MB] | total=2.6093 task=0.2375 | out_nov=0.2399 out_pen=0.7601 | node_nov=0.4046 node_pen=1.5954 | ip_mean=0.3531 ip_std=0.4103 | val_AP=0.4329 test_AP=0.4309
Epoch  11/500 [156.7s mem=3070MB] | total=2.5805 task=0.2368 | out_nov=0.2423 out_pen=0.7577 | node_nov=0.4304 node_pen=1.5696 | ip_mean=0.3212 ip_std=0.3901 | val_AP=0.4341 test_AP=0.4339
Epoch  12/500 [154.0s mem=3032MB] | total=2.5573 task=0.2356 | out_nov=0.2443 out_pen=0.7557 | node_nov=0.4503 node_pen=1.5497 | ip_mean=0.2937 ip_std=0.3778 | val_AP=0.4302 test_AP=0.4244
Epoch  13/500 [151.5s mem=3090MB] | total=2.5396 task=0.2385 | out_nov=0.2479 out_pen=0.7521 | node_nov=0.4674 node_pen=1.5326 | ip_mean=0.2762 ip_std=0.3671 | val_AP=0.4400 test_AP=0.4330
Epoch  14/500 [148.2s mem=3082MB] | total=2.5217 task=0.2380 | out_nov=0.2513 out_pen=0.7487 | node_nov=0.4812 node_pen=1.5188 | ip_mean=0.2613 ip_std=0.3609 | val_AP=0.4276 test_AP=0.4202
Epoch  15/500 [156.7s mem=3022MB] | total=2.5081 task=0.2346 | out_nov=0.2504 out_pen=0.7496 | node_nov=0.4923 node_pen=1.5077 | ip_mean=0.2454 ip_std=0.3546 | val_AP=0.4344 test_AP=0.4393
Epoch  16/500 [157.4s mem=3025MB] | total=2.4960 task=0.2300 | out_nov=0.2490 out_pen=0.7510 | node_nov=0.5012 node_pen=1.4988 | ip_mean=0.2313 ip_std=0.3488 | val_AP=0.4478 test_AP=0.4376
Epoch  17/500 [154.4s mem=3026MB] | total=2.4862 task=0.2278 | out_nov=0.2485 out_pen=0.7515 | node_nov=0.5093 node_pen=1.4907 | ip_mean=0.2184 ip_std=0.3428 | val_AP=0.4489 test_AP=0.4391
Epoch  18/500 [151.6s mem=3140MB] | total=2.4760 task=0.2244 | out_nov=0.2463 out_pen=0.7537 | node_nov=0.5184 node_pen=1.4816 | ip_mean=0.2085 ip_std=0.3351 | val_AP=0.4611 test_AP=0.4480
Epoch  19/500 [155.5s mem=3101MB] | total=2.4669 task=0.2245 | out_nov=0.2466 out_pen=0.7534 | node_nov=0.5272 node_pen=1.4728 | ip_mean=0.2014 ip_std=0.3276 | val_AP=0.4581 test_AP=0.4449
Epoch  20/500 [158.6s mem=3093MB] | total=2.4565 task=0.2232 | out_nov=0.2462 out_pen=0.7538 | node_nov=0.5366 node_pen=1.4634 | ip_mean=0.1917 ip_std=0.3198 | val_AP=0.4531 test_AP=0.4472
Epoch  21/500 [157.4s mem=3101MB] | total=2.4468 task=0.2210 | out_nov=0.2451 out_pen=0.7549 | node_nov=0.5453 node_pen=1.4547 | ip_mean=0.1863 ip_std=0.3126 | val_AP=0.4517 test_AP=0.4418
Epoch  22/500 [153.8s mem=3160MB] | total=2.4378 task=0.2188 | out_nov=0.2445 out_pen=0.7555 | node_nov=0.5527 node_pen=1.4473 | ip_mean=0.1794 ip_std=0.3065 | val_AP=0.4573 test_AP=0.4449
Epoch  23/500 [156.3s mem=3062MB] | total=2.4295 task=0.2149 | out_nov=0.2420 out_pen=0.7580 | node_nov=0.5596 node_pen=1.4404 | ip_mean=0.1726 ip_std=0.3003 | val_AP=0.4532 test_AP=0.4463
Epoch  24/500 [156.1s mem=3067MB] | total=2.4209 task=0.2126 | out_nov=0.2417 out_pen=0.7583 | node_nov=0.5661 node_pen=1.4339 | ip_mean=0.1652 ip_std=0.2944 | val_AP=0.4525 test_AP=0.4439
Epoch  25/500 [156.9s mem=3088MB] | total=2.4158 task=0.2112 | out_nov=0.2401 out_pen=0.7599 | node_nov=0.5715 node_pen=1.4285 | ip_mean=0.1588 ip_std=0.2900 | val_AP=0.4632 test_AP=0.4486
Epoch  26/500 [156.7s mem=3096MB] | total=2.4116 task=0.2114 | out_nov=0.2405 out_pen=0.7595 | node_nov=0.5754 node_pen=1.4246 | ip_mean=0.1537 ip_std=0.2858 | val_AP=0.4560 test_AP=0.4392
Epoch  27/500 [155.4s mem=3051MB] | total=2.4032 task=0.2062 | out_nov=0.2388 out_pen=0.7612 | node_nov=0.5803 node_pen=1.4197 | ip_mean=0.1502 ip_std=0.2831 | val_AP=0.4397 test_AP=0.4290
Epoch  28/500 [125.8s mem=3047MB] | total=2.4001 task=0.2045 | out_nov=0.2371 out_pen=0.7629 | node_nov=0.5834 node_pen=1.4166 | ip_mean=0.1462 ip_std=0.2788 | val_AP=0.4454 test_AP=0.4324
Epoch  29/500 [126.3s mem=3053MB] | total=2.3941 task=0.2020 | out_nov=0.2365 out_pen=0.7635 | node_nov=0.5874 node_pen=1.4126 | ip_mean=0.1409 ip_std=0.2765 | val_AP=0.4493 test_AP=0.4391
Epoch  30/500 [116.5s mem=3001MB] | total=2.3891 task=0.2002 | out_nov=0.2360 out_pen=0.7640 | node_nov=0.5911 node_pen=1.4089 | ip_mean=0.1377 ip_std=0.2739 | val_AP=0.4641 test_AP=0.4490
Epoch  31/500 [124.3s mem=3069MB] | total=2.3855 task=0.1980 | out_nov=0.2350 out_pen=0.7650 | node_nov=0.5934 node_pen=1.4066 | ip_mean=0.1327 ip_std=0.2700 | val_AP=0.4635 test_AP=0.4536
Epoch  32/500 [122.7s mem=3140MB] | total=2.3816 task=0.1958 | out_nov=0.2340 out_pen=0.7660 | node_nov=0.5962 node_pen=1.4038 | ip_mean=0.1272 ip_std=0.2681 | val_AP=0.4496 test_AP=0.4382
Epoch  33/500 [118.5s mem=3008MB] | total=2.3782 task=0.1945 | out_nov=0.2338 out_pen=0.7662 | node_nov=0.5984 node_pen=1.4016 | ip_mean=0.1270 ip_std=0.2657 | val_AP=0.4425 test_AP=0.4226
Epoch  34/500 [123.5s mem=3034MB] | total=2.3749 task=0.1931 | out_nov=0.2335 out_pen=0.7665 | node_nov=0.6006 node_pen=1.3994 | ip_mean=0.1252 ip_std=0.2657 | val_AP=0.4595 test_AP=0.4487
Epoch  35/500 [126.8s mem=3031MB] | total=2.3716 task=0.1900 | out_nov=0.2320 out_pen=0.7680 | node_nov=0.6022 node_pen=1.3978 | ip_mean=0.1222 ip_std=0.2630 | val_AP=0.4620 test_AP=0.4494
Epoch  36/500 [124.5s mem=3100MB] | total=2.3694 task=0.1883 | out_nov=0.2310 out_pen=0.7690 | node_nov=0.6037 node_pen=1.3963 | ip_mean=0.1201 ip_std=0.2620 | val_AP=0.4678 test_AP=0.4691
Epoch  37/500 [125.0s mem=3129MB] | total=2.3672 task=0.1875 | out_nov=0.2306 out_pen=0.7694 | node_nov=0.6055 node_pen=1.3945 | ip_mean=0.1170 ip_std=0.2607 | val_AP=0.4564 test_AP=0.4476
Epoch  38/500 [122.4s mem=3061MB] | total=2.3638 task=0.1848 | out_nov=0.2296 out_pen=0.7704 | node_nov=0.6072 node_pen=1.3928 | ip_mean=0.1144 ip_std=0.2598 | val_AP=0.4627 test_AP=0.4528
Epoch  39/500 [119.7s mem=3046MB] | total=2.3630 task=0.1854 | out_nov=0.2298 out_pen=0.7702 | node_nov=0.6083 node_pen=1.3917 | ip_mean=0.1149 ip_std=0.2590 | val_AP=0.4538 test_AP=0.4399
Epoch  40/500 [119.0s mem=3042MB] | total=2.3611 task=0.1845 | out_nov=0.2297 out_pen=0.7703 | node_nov=0.6094 node_pen=1.3906 | ip_mean=0.1122 ip_std=0.2587 | val_AP=0.4714 test_AP=0.4569
Epoch  41/500 [125.7s mem=2986MB] | total=2.3589 task=0.1829 | out_nov=0.2292 out_pen=0.7708 | node_nov=0.6107 node_pen=1.3893 | ip_mean=0.1116 ip_std=0.2575 | val_AP=0.4694 test_AP=0.4514
Epoch  42/500 [118.7s mem=2991MB] | total=2.3559 task=0.1796 | out_nov=0.2273 out_pen=0.7727 | node_nov=0.6121 node_pen=1.3879 | ip_mean=0.1101 ip_std=0.2570 | val_AP=0.4634 test_AP=0.4547
Epoch  43/500 [120.3s mem=2986MB] | total=2.3554 task=0.1802 | out_nov=0.2277 out_pen=0.7723 | node_nov=0.6128 node_pen=1.3872 | ip_mean=0.1089 ip_std=0.2565 | val_AP=0.4614 test_AP=0.4526
Epoch  44/500 [116.8s mem=3017MB] | total=2.3534 task=0.1786 | out_nov=0.2267 out_pen=0.7733 | node_nov=0.6141 node_pen=1.3859 | ip_mean=0.1065 ip_std=0.2556 | val_AP=0.4483 test_AP=0.4345
Epoch  45/500 [116.3s mem=3056MB] | total=2.3525 task=0.1784 | out_nov=0.2267 out_pen=0.7733 | node_nov=0.6148 node_pen=1.3852 | ip_mean=0.1068 ip_std=0.2547 | val_AP=0.4602 test_AP=0.4523
Epoch  46/500 [126.4s mem=3103MB] | total=2.3501 task=0.1786 | out_nov=0.2283 out_pen=0.7717 | node_nov=0.6158 node_pen=1.3842 | ip_mean=0.1058 ip_std=0.2543 | val_AP=0.4642 test_AP=0.4518
Epoch  47/500 [112.7s mem=3164MB] | total=2.3481 task=0.1763 | out_nov=0.2268 out_pen=0.7732 | node_nov=0.6170 node_pen=1.3830 | ip_mean=0.1038 ip_std=0.2538 | val_AP=0.4657 test_AP=0.4631
Epoch  48/500 [117.4s mem=3109MB] | total=2.3472 task=0.1764 | out_nov=0.2271 out_pen=0.7729 | node_nov=0.6176 node_pen=1.3824 | ip_mean=0.1028 ip_std=0.2528 | val_AP=0.4532 test_AP=0.4497
Epoch  49/500 [121.7s mem=3057MB] | total=2.3438 task=0.1724 | out_nov=0.2249 out_pen=0.7751 | node_nov=0.6192 node_pen=1.3808 | ip_mean=0.1030 ip_std=0.2524 | val_AP=0.4672 test_AP=0.4517
Epoch  50/500 [123.6s mem=3031MB] | total=2.3441 task=0.1760 | out_nov=0.2275 out_pen=0.7725 | node_nov=0.6199 node_pen=1.3801 | ip_mean=0.1014 ip_std=0.2523 | val_AP=0.4674 test_AP=0.4642
Epoch  51/500 [123.4s mem=3034MB] | total=2.3429 task=0.1735 | out_nov=0.2251 out_pen=0.7749 | node_nov=0.6211 node_pen=1.3789 | ip_mean=0.0999 ip_std=0.2518 | val_AP=0.4534 test_AP=0.4515
Early stopping at epoch 51. Best val AP=0.6166 at epoch 1.
Stage 2 done. Best val AP=0.6166 at epoch 1. Diagnostics saved to checkpoints_self_novelty/stage2_diagnostics.pkl

============================================================
STAGE 3: Joint finetune (backbone + generator)
  Backbone: hybrid
  lr_gen=0.0005 lr_backbone=0.0001
  alpha=1.0 alpha_node=1.0 T=1.0
============================================================
  Loading cached distance masks from ./data/Peptides-func/dist_masks/train.pkl
  Loading cached distance masks from ./data/Peptides-func/dist_masks/val.pkl
  Loading cached distance masks from ./data/Peptides-func/dist_masks/test.pkl
Epoch   1/500 [244.5s mem=20574MB] | total=2.9557 task=0.0624 train_AP=0.9473 | out_nov=0.0532 out_pen=0.9468 | node_nov=0.0707 node_pen=1.9293 | ip_mean=0.9258 ip_std=0.0407 | val_AP=0.5824 test_AP=0.5687
  -> New best val AP=0.5824 (test=0.5687)
Epoch   2/500 [242.7s mem=20576MB] | total=2.8278 task=0.2052 train_AP=0.6958 | out_nov=0.1861 out_pen=0.8139 | node_nov=0.2086 node_pen=1.7914 | ip_mean=0.9638 ip_std=0.0252 | val_AP=0.4325 test_AP=0.4245
Epoch   3/500 [249.5s mem=20575MB] | total=2.7210 task=0.2585 train_AP=0.5402 | out_nov=0.2580 out_pen=0.7420 | node_nov=0.2967 node_pen=1.7033 | ip_mean=0.9761 ip_std=0.0197 | val_AP=0.4804 test_AP=0.4663
Epoch   4/500 [245.2s mem=20575MB] | total=2.6920 task=0.2206 train_AP=0.6064 | out_nov=0.2631 out_pen=0.7369 | node_nov=0.2827 node_pen=1.7173 | ip_mean=0.9770 ip_std=0.0261 | val_AP=0.4974 test_AP=0.4825
Epoch   5/500 [245.2s mem=20576MB] | total=2.6571 task=0.1694 train_AP=0.7008 | out_nov=0.2607 out_pen=0.7393 | node_nov=0.2686 node_pen=1.7314 | ip_mean=0.9771 ip_std=0.0251 | val_AP=0.5587 test_AP=0.5455
Epoch   6/500 [245.4s mem=20576MB] | total=2.6417 task=0.1391 train_AP=0.7818 | out_nov=0.2696 out_pen=0.7304 | node_nov=0.2444 node_pen=1.7556 | ip_mean=0.9784 ip_std=0.0218 | val_AP=0.5629 test_AP=0.5522
Epoch   7/500 [246.3s mem=20574MB] | total=2.6398 task=0.1190 train_AP=0.8211 | out_nov=0.2702 out_pen=0.7298 | node_nov=0.2252 node_pen=1.7748 | ip_mean=0.9775 ip_std=0.0207 | val_AP=0.5897 test_AP=0.5796
  -> New best val AP=0.5897 (test=0.5796)
Epoch   8/500 [245.7s mem=20576MB] | total=2.6217 task=0.0974 train_AP=0.8676 | out_nov=0.2765 out_pen=0.7235 | node_nov=0.2148 node_pen=1.7852 | ip_mean=0.9727 ip_std=0.0273 | val_AP=0.5760 test_AP=0.5849
Epoch   9/500 [245.7s mem=20575MB] | total=2.6116 task=0.0957 train_AP=0.8776 | out_nov=0.2956 out_pen=0.7044 | node_nov=0.2037 node_pen=1.7963 | ip_mean=0.9692 ip_std=0.0342 | val_AP=0.5950 test_AP=0.5802
  -> New best val AP=0.5950 (test=0.5802)
Epoch  10/500 [243.5s mem=20576MB] | total=2.5928 task=0.0967 train_AP=0.8886 | out_nov=0.3077 out_pen=0.6923 | node_nov=0.2107 node_pen=1.7893 | ip_mean=0.9721 ip_std=0.0281 | val_AP=0.5935 test_AP=0.5907
Epoch  11/500 [244.7s mem=20574MB] | total=2.4450 task=0.1603 train_AP=0.7864 | out_nov=0.2844 out_pen=0.7156 | node_nov=0.4461 node_pen=1.5539 | ip_mean=0.9502 ip_std=0.0636 | val_AP=0.4101 test_AP=0.3965
Epoch  12/500 [244.7s mem=20571MB] | total=2.4168 task=0.2841 train_AP=0.4617 | out_nov=0.2593 out_pen=0.7407 | node_nov=0.6225 node_pen=1.3775 | ip_mean=0.9901 ip_std=0.0180 | val_AP=0.4697 test_AP=0.4648
Epoch  13/500 [249.6s mem=20576MB] | total=2.4627 task=0.2854 train_AP=0.4757 | out_nov=0.2558 out_pen=0.7442 | node_nov=0.5812 node_pen=1.4188 | ip_mean=0.9885 ip_std=0.0181 | val_AP=0.5234 test_AP=0.5182
Epoch  14/500 [248.6s mem=20574MB] | total=2.5775 task=0.1714 train_AP=0.6963 | out_nov=0.1863 out_pen=0.8137 | node_nov=0.4207 node_pen=1.5793 | ip_mean=0.9892 ip_std=0.0113 | val_AP=0.5372 test_AP=0.5417
Epoch  15/500 [248.3s mem=20576MB] | total=2.3691 task=0.1808 train_AP=0.6735 | out_nov=0.2090 out_pen=0.7910 | node_nov=0.6161 node_pen=1.3839 | ip_mean=0.9902 ip_std=0.0088 | val_AP=0.4858 test_AP=0.4967
Epoch  16/500 [245.5s mem=20576MB] | total=2.1604 task=0.2202 train_AP=0.5911 | out_nov=0.2158 out_pen=0.7842 | node_nov=0.8581 node_pen=1.1419 | ip_mean=0.9928 ip_std=0.0048 | val_AP=0.5229 test_AP=0.5225
Epoch  17/500 [251.9s mem=20576MB] | total=2.5550 task=0.1588 train_AP=0.7079 | out_nov=0.1626 out_pen=0.8374 | node_nov=0.4540 node_pen=1.5460 | ip_mean=0.9904 ip_std=0.0145 | val_AP=0.5560 test_AP=0.5574
Epoch  18/500 [278.9s mem=20573MB] | total=2.6935 task=0.1506 train_AP=0.7276 | out_nov=0.1611 out_pen=0.8389 | node_nov=0.3074 node_pen=1.6926 | ip_mean=0.9919 ip_std=0.0091 | val_AP=0.5412 test_AP=0.5376
Epoch  19/500 [248.6s mem=20577MB] | total=2.1668 task=0.1834 train_AP=0.6677 | out_nov=0.1814 out_pen=0.8186 | node_nov=0.8506 node_pen=1.1494 | ip_mean=0.9917 ip_std=0.0170 | val_AP=0.4758 test_AP=0.4696
Epoch  20/500 [247.7s mem=20574MB] | total=1.7642 task=0.2011 train_AP=0.5986 | out_nov=0.2060 out_pen=0.7940 | node_nov=1.2452 node_pen=0.7548 | ip_mean=0.9978 ip_std=0.0011 | val_AP=0.4990 test_AP=0.4893
Epoch  21/500 [249.5s mem=20573MB] | total=1.8253 task=0.2049 train_AP=0.5915 | out_nov=0.2094 out_pen=0.7906 | node_nov=1.1866 node_pen=0.8134 | ip_mean=0.9974 ip_std=0.0022 | val_AP=0.4669 test_AP=0.4730
Epoch  22/500 [247.1s mem=20574MB] | total=1.5861 task=0.1930 train_AP=0.6226 | out_nov=0.1912 out_pen=0.8088 | node_nov=1.4335 node_pen=0.5665 | ip_mean=0.9951 ip_std=0.0159 | val_AP=0.4622 test_AP=0.4538
Epoch  23/500 [250.4s mem=20571MB] | total=1.5252 task=0.1926 train_AP=0.6273 | out_nov=0.1864 out_pen=0.8136 | node_nov=1.4980 node_pen=0.5020 | ip_mean=0.9984 ip_std=0.0012 | val_AP=0.5077 test_AP=0.5018
Epoch  24/500 [248.6s mem=20576MB] | total=1.5531 task=0.1965 train_AP=0.6449 | out_nov=0.1806 out_pen=0.8194 | node_nov=1.4795 node_pen=0.5205 | ip_mean=0.9979 ip_std=0.0050 | val_AP=0.5267 test_AP=0.5211
Epoch  25/500 [248.5s mem=20574MB] | total=1.4347 task=0.1952 train_AP=0.6354 | out_nov=0.1827 out_pen=0.8173 | node_nov=1.5921 node_pen=0.4079 | ip_mean=0.9987 ip_std=0.0011 | val_AP=0.5041 test_AP=0.5014
Epoch  26/500 [254.5s mem=20576MB] | total=1.4784 task=0.1965 train_AP=0.6594 | out_nov=0.2048 out_pen=0.7952 | node_nov=1.5272 node_pen=0.4728 | ip_mean=0.9983 ip_std=0.0047 | val_AP=0.5296 test_AP=0.5204
Epoch  27/500 [250.4s mem=20575MB] | total=1.4679 task=0.1880 train_AP=0.6778 | out_nov=0.2048 out_pen=0.7952 | node_nov=1.5283 node_pen=0.4717 | ip_mean=0.9988 ip_std=0.0012 | val_AP=0.5266 test_AP=0.5112
Epoch  28/500 [252.2s mem=20574MB] | total=1.4945 task=0.1775 train_AP=0.7182 | out_nov=0.2146 out_pen=0.7854 | node_nov=1.4798 node_pen=0.5202 | ip_mean=0.9986 ip_std=0.0025 | val_AP=0.5408 test_AP=0.5316
Epoch  29/500 [248.4s mem=20575MB] | total=1.5116 task=0.1788 train_AP=0.7157 | out_nov=0.2146 out_pen=0.7854 | node_nov=1.4631 node_pen=0.5369 | ip_mean=0.9989 ip_std=0.0013 | val_AP=0.5395 test_AP=0.5358
Epoch  30/500 [250.8s mem=20573MB] | total=1.6664 task=0.1859 train_AP=0.7256 | out_nov=0.2162 out_pen=0.7838 | node_nov=1.3140 node_pen=0.6860 | ip_mean=0.9984 ip_std=0.0049 | val_AP=0.5416 test_AP=0.5458
Epoch  31/500 [251.8s mem=20579MB] | total=1.8093 task=0.1714 train_AP=0.7088 | out_nov=0.1804 out_pen=0.8196 | node_nov=1.1989 node_pen=0.8011 | ip_mean=0.9987 ip_std=0.0044 | val_AP=0.5003 test_AP=0.4983
Epoch  32/500 [249.2s mem=20574MB] | total=2.1586 task=0.1703 train_AP=0.7175 | out_nov=0.1893 out_pen=0.8107 | node_nov=0.8386 node_pen=1.1614 | ip_mean=0.9989 ip_std=0.0028 | val_AP=0.5343 test_AP=0.5307
Epoch  33/500 [247.0s mem=20576MB] | total=2.3289 task=0.1791 train_AP=0.7031 | out_nov=0.1898 out_pen=0.8102 | node_nov=0.6747 node_pen=1.3253 | ip_mean=0.9989 ip_std=0.0019 | val_AP=0.5322 test_AP=0.5339
Epoch  34/500 [248.6s mem=20574MB] | total=2.2290 task=0.1792 train_AP=0.6841 | out_nov=0.1882 out_pen=0.8118 | node_nov=0.7758 node_pen=1.2242 | ip_mean=0.9947 ip_std=0.0163 | val_AP=0.5356 test_AP=0.5380
Epoch  35/500 [250.9s mem=20575MB] | total=1.6597 task=0.1685 train_AP=0.7376 | out_nov=0.1924 out_pen=0.8076 | node_nov=1.3339 node_pen=0.6661 | ip_mean=0.8674 ip_std=0.2636 | val_AP=0.5381 test_AP=0.5254
Epoch  36/500 [246.7s mem=20573MB] | total=1.8405 task=0.2070 train_AP=0.6415 | out_nov=0.1955 out_pen=0.8045 | node_nov=1.1888 node_pen=0.8112 | ip_mean=0.5945 ip_std=0.6272 | val_AP=0.4677 test_AP=0.4619
Epoch  37/500 [250.3s mem=20574MB] | total=1.9254 task=0.2553 train_AP=0.5540 | out_nov=0.2102 out_pen=0.7898 | node_nov=1.1409 node_pen=0.8591 | ip_mean=0.5693 ip_std=0.6977 | val_AP=0.4272 test_AP=0.4409
Epoch  38/500 [251.2s mem=20573MB] | total=1.7365 task=0.2312 train_AP=0.5884 | out_nov=0.2125 out_pen=0.7875 | node_nov=1.3009 node_pen=0.6991 | ip_mean=0.5434 ip_std=0.7242 | val_AP=0.5143 test_AP=0.5120
Epoch  39/500 [249.7s mem=20575MB] | total=1.6920 task=0.1889 train_AP=0.6748 | out_nov=0.2053 out_pen=0.7947 | node_nov=1.3093 node_pen=0.6907 | ip_mean=0.5261 ip_std=0.7415 | val_AP=0.4562 test_AP=0.4740
Epoch  40/500 [248.4s mem=20574MB] | total=1.7916 task=0.2058 train_AP=0.6240 | out_nov=0.1944 out_pen=0.8056 | node_nov=1.2375 node_pen=0.7625 | ip_mean=0.4424 ip_std=0.8061 | val_AP=0.5289 test_AP=0.5324
Epoch  41/500 [250.3s mem=20572MB] | total=1.5277 task=0.1899 train_AP=0.6432 | out_nov=0.1864 out_pen=0.8136 | node_nov=1.4934 node_pen=0.5066 | ip_mean=0.4757 ip_std=0.7916 | val_AP=0.4710 test_AP=0.4786
Epoch  42/500 [265.4s mem=20576MB] | total=1.3561 task=0.1756 train_AP=0.6624 | out_nov=0.1858 out_pen=0.8142 | node_nov=1.6512 node_pen=0.3488 | ip_mean=0.4903 ip_std=0.7898 | val_AP=0.5067 test_AP=0.5054
Epoch  43/500 [469.8s mem=20576MB] | total=1.4959 task=0.1636 train_AP=0.6794 | out_nov=0.1836 out_pen=0.8164 | node_nov=1.5015 node_pen=0.4985 | ip_mean=0.4861 ip_std=0.7906 | val_AP=0.5064 test_AP=0.5053
Epoch  44/500 [472.3s mem=20577MB] | total=1.8591 task=0.1838 train_AP=0.6756 | out_nov=0.1869 out_pen=0.8131 | node_nov=1.1552 node_pen=0.8448 | ip_mean=0.6794 ip_std=0.4773 | val_AP=0.5422 test_AP=0.5377
Epoch  45/500 [472.2s mem=20577MB] | total=2.3864 task=0.1669 train_AP=0.7237 | out_nov=0.1399 out_pen=0.8601 | node_nov=0.6580 node_pen=1.3420 | ip_mean=0.9946 ip_std=0.0068 | val_AP=0.5424 test_AP=0.5373
Epoch  46/500 [476.2s mem=20572MB] | total=2.4305 task=0.1411 train_AP=0.7490 | out_nov=0.1423 out_pen=0.8577 | node_nov=0.5856 node_pen=1.4144 | ip_mean=0.9963 ip_std=0.0039 | val_AP=0.5454 test_AP=0.5538
Epoch  47/500 [472.9s mem=20573MB] | total=2.4761 task=0.1426 train_AP=0.7553 | out_nov=0.1470 out_pen=0.8530 | node_nov=0.5368 node_pen=1.4632 | ip_mean=0.9967 ip_std=0.0041 | val_AP=0.5369 test_AP=0.5305
Epoch  48/500 [471.5s mem=20576MB] | total=1.9695 task=0.2187 train_AP=0.6511 | out_nov=0.1756 out_pen=0.8244 | node_nov=1.0911 node_pen=0.9089 | ip_mean=0.7604 ip_std=0.3698 | val_AP=0.5559 test_AP=0.5386
Epoch  49/500 [470.2s mem=20572MB] | total=1.2818 task=0.1928 train_AP=0.6418 | out_nov=0.1912 out_pen=0.8088 | node_nov=1.7372 node_pen=0.2628 | ip_mean=0.4754 ip_std=0.7805 | val_AP=0.5418 test_AP=0.5449
Epoch  50/500 [468.3s mem=20574MB] | total=1.3071 task=0.2077 train_AP=0.6165 | out_nov=0.2047 out_pen=0.7953 | node_nov=1.7132 node_pen=0.2868 | ip_mean=0.4396 ip_std=0.8079 | val_AP=0.5631 test_AP=0.5538
Epoch  51/500 [474.0s mem=20572MB] | total=1.3552 task=0.1951 train_AP=0.6463 | out_nov=0.2062 out_pen=0.7938 | node_nov=1.6510 node_pen=0.3490 | ip_mean=0.4347 ip_std=0.8174 | val_AP=0.3616 test_AP=0.3556
Epoch  52/500 [473.7s mem=20575MB] | total=1.5022 task=0.1804 train_AP=0.6947 | out_nov=0.1987 out_pen=0.8013 | node_nov=1.4968 node_pen=0.5032 | ip_mean=0.4419 ip_std=0.8105 | val_AP=0.5195 test_AP=0.5209
Epoch  53/500 [474.7s mem=20576MB] | total=1.8331 task=0.1722 train_AP=0.6963 | out_nov=0.1887 out_pen=0.8113 | node_nov=1.1677 node_pen=0.8323 | ip_mean=0.4584 ip_std=0.7890 | val_AP=0.4893 test_AP=0.4814
Epoch  54/500 [419.0s mem=20576MB] | total=2.1764 task=0.2118 train_AP=0.6063 | out_nov=0.2115 out_pen=0.7885 | node_nov=0.8414 node_pen=1.1586 | ip_mean=0.5711 ip_std=0.7085 | val_AP=0.4788 test_AP=0.4733
Epoch  55/500 [358.7s mem=20574MB] | total=1.8285 task=0.1740 train_AP=0.6433 | out_nov=0.1689 out_pen=0.8311 | node_nov=1.1946 node_pen=0.8054 | ip_mean=0.5685 ip_std=0.7212 | val_AP=0.5276 test_AP=0.5314
Epoch  56/500 [360.0s mem=20575MB] | total=1.4499 task=0.1704 train_AP=0.6999 | out_nov=0.1805 out_pen=0.8195 | node_nov=1.5576 node_pen=0.4424 | ip_mean=0.4448 ip_std=0.8180 | val_AP=0.5594 test_AP=0.5520
Epoch  57/500 [363.6s mem=20574MB] | total=1.8702 task=0.1735 train_AP=0.6332 | out_nov=0.1601 out_pen=0.8399 | node_nov=1.1607 node_pen=0.8393 | ip_mean=0.4781 ip_std=0.7670 | val_AP=0.5646 test_AP=0.5537
Epoch  58/500 [362.0s mem=20574MB] | total=1.8998 task=0.1395 train_AP=0.7445 | out_nov=0.1452 out_pen=0.8548 | node_nov=1.1123 node_pen=0.8877 | ip_mean=0.5569 ip_std=0.7506 | val_AP=0.5468 test_AP=0.5570
Epoch  59/500 [363.7s mem=20571MB] | total=1.7956 task=0.1535 train_AP=0.7161 | out_nov=0.1534 out_pen=0.8466 | node_nov=1.2218 node_pen=0.7782 | ip_mean=0.4807 ip_std=0.7971 | val_AP=0.5379 test_AP=0.5275
Early stopping at epoch 59. Best val AP=0.5950 at epoch 9.
Stage 3 done. Best val AP=0.5950 at epoch 9. Diagnostics saved to checkpoints_self_novelty/stage3_diagnostics.pkl
