+ python main_self_novelty.py --stage all --backbone vanilla_gt --generator graph_coarsening --num_proxies 32 --hidden_dim 256 --num_heads 8 --num_gred_layers 8 --num_transformer_layers 2 --state_dim 88 --use_lap_pe --lap_pe_dim 8 --batch_size 64 --num_workers 4 --s1_lr 1e-4 --s1_max_epochs 300 --s1_patience 50 --s2_lr 1e-4 --s2_max_epochs 500 --s2_patience 50 --s3_lr_gen 5e-4 --s3_lr_transformer 1e-4 --s3_max_epochs 500 --s3_patience 50 --novelty_temperature 1.0 --novelty_alpha 1.0 --novelty_alpha_node 1.0 --save_dir checkpoints_self_novelty_vanilla
{'config': None, 'stage': 'all', 'generator': 'graph_coarsening', 'backbone': 'vanilla_gt', 'model_path': None, 'generator_path': None, 'hidden_dim': 256, 'num_layers': 5, 'num_heads': 8, 'output_dim': 10, 'dropout': 0.1, 'num_proxies': 32, 'use_lap_pe': True, 'lap_pe_dim': 8, 'state_dim': 88, 'num_gred_layers': 8, 'num_transformer_layers': 2, 'gred_expand': 1, 'r_min': 0.0, 'r_max': 1.0, 'max_phase': 6.28, 'gred_act': 'full-glu', 'max_hops': 40, 'dist_mask_workers': 8, 's1_lr': 0.0001, 's1_weight_decay': 0.0003, 's1_max_epochs': 300, 's1_patience': 50, 's1_grad_clip': 1.0, 's2_lr': 0.0001, 's2_weight_decay': 0.0003, 's2_max_epochs': 500, 's2_patience': 50, 's2_eval_every': 1, 's2_grad_clip': 1.0, 's3_lr_gen': 0.0005, 's3_lr_transformer': 0.0001, 's3_max_epochs': 500, 's3_patience': 50, 's3_grad_clip': 1.0, 's3_weight_decay': 0.0001, 'novelty_temperature': 1.0, 'novelty_alpha': 1.0, 'novelty_alpha_node': 1.0, 'gen_hidden_dim': 256, 'gen_num_layers': 4, 'gen_num_heads': 8, 'gen_dropout': 0.2, 'pma_query_mode': 'farthest_point', 'coarsen_gnn_type': 'GIN', 'coarsen_reg_weight': 0.1, 'coarsen_reg_type': 'mincut', 'gnn_layers': 4, 'gnn_type': 'GINE', 'pool_types': ['max'], 'decode_hidden': 128, 'decode_layers': 3, 'idx_emb_dim': 128, 'decode_mode': 'shared', 'denoiser_dim': 256, 'denoiser_layers': 4, 'denoiser_heads': 8, 'euler_steps': 1, 'use_cross_attn_routing': False, 'num_cross_layers': 2, 'cross_attn_proxy_self_attn': True, 'proxy_insertion_layers': '-1', 'separate_proxy_generators': False, 'separate_proxy_routers': False, 'proxy_aux_loss_decay': 1.0, 'batch_size': 64, 'num_workers': 4, 'lr_min': 1e-07, 'warmup_ratio': 0.05, 'recurrent_lr_factor': 1.0, 'save_dir': 'checkpoints_self_novelty_vanilla', 'device': 'cuda'}
Saved code snapshot to checkpoints_self_novelty_vanilla/code_snapshot.zip

============================================================
STAGE 1: Pretrain backbone (vanilla_gt)
============================================================
  Parameters: 4,125,962
Epoch   1/300 [30.5s mem=7444MB] | train_loss=1.2451 train_AP=0.1901 | val_loss=0.6498 val_AP=0.2334
  -> New best val AP=0.2334, saved
Epoch   2/300 [29.4s mem=7445MB] | train_loss=0.4573 train_AP=0.2155 | val_loss=0.4143 val_AP=0.2336
  -> New best val AP=0.2336, saved
Epoch   3/300 [30.1s mem=7447MB] | train_loss=0.3827 train_AP=0.2341 | val_loss=0.3862 val_AP=0.2579
  -> New best val AP=0.2579, saved
Epoch   4/300 [29.8s mem=7446MB] | train_loss=0.3735 train_AP=0.2421 | val_loss=0.3424 val_AP=0.2727
  -> New best val AP=0.2727, saved
Epoch   5/300 [30.5s mem=7449MB] | train_loss=0.3721 train_AP=0.2422 | val_loss=0.3432 val_AP=0.2724
Epoch   6/300 [30.3s mem=7449MB] | train_loss=0.3594 train_AP=0.2430 | val_loss=0.3240 val_AP=0.2727
  -> New best val AP=0.2727, saved
Epoch   7/300 [30.6s mem=7445MB] | train_loss=0.3578 train_AP=0.2459 | val_loss=0.3293 val_AP=0.2763
  -> New best val AP=0.2763, saved
Epoch   8/300 [25.0s mem=7447MB] | train_loss=0.3506 train_AP=0.2493 | val_loss=0.3214 val_AP=0.2746
Epoch   9/300 [30.9s mem=7447MB] | train_loss=0.3519 train_AP=0.2489 | val_loss=0.3318 val_AP=0.2792
  -> New best val AP=0.2792, saved
Epoch  10/300 [30.2s mem=7446MB] | train_loss=0.3597 train_AP=0.2452 | val_loss=0.3248 val_AP=0.2733
Epoch  11/300 [30.4s mem=7448MB] | train_loss=0.3480 train_AP=0.2462 | val_loss=0.3209 val_AP=0.2779
Epoch  12/300 [29.1s mem=7448MB] | train_loss=0.3444 train_AP=0.2508 | val_loss=0.3361 val_AP=0.2799
  -> New best val AP=0.2799, saved
Epoch  13/300 [29.4s mem=7450MB] | train_loss=0.3427 train_AP=0.2540 | val_loss=0.3381 val_AP=0.2587
Epoch  14/300 [29.7s mem=7449MB] | train_loss=0.3495 train_AP=0.2520 | val_loss=0.3276 val_AP=0.2807
  -> New best val AP=0.2807, saved
Epoch  15/300 [30.7s mem=7449MB] | train_loss=0.3428 train_AP=0.2548 | val_loss=0.3258 val_AP=0.2739
Epoch  16/300 [30.2s mem=7448MB] | train_loss=0.3410 train_AP=0.2563 | val_loss=0.3242 val_AP=0.2735
Epoch  17/300 [30.1s mem=7449MB] | train_loss=0.3383 train_AP=0.2573 | val_loss=0.3202 val_AP=0.2884
  -> New best val AP=0.2884, saved
Epoch  18/300 [30.5s mem=7445MB] | train_loss=0.3368 train_AP=0.2582 | val_loss=0.3194 val_AP=0.2736
Epoch  19/300 [30.1s mem=7448MB] | train_loss=0.3314 train_AP=0.2629 | val_loss=0.3222 val_AP=0.2906
  -> New best val AP=0.2906, saved
Epoch  20/300 [28.5s mem=7449MB] | train_loss=0.3336 train_AP=0.2643 | val_loss=0.3174 val_AP=0.2862
Epoch  21/300 [25.1s mem=7446MB] | train_loss=0.3343 train_AP=0.2673 | val_loss=0.3226 val_AP=0.2911
  -> New best val AP=0.2911, saved
Epoch  22/300 [30.6s mem=7447MB] | train_loss=0.3319 train_AP=0.2669 | val_loss=0.3168 val_AP=0.2842
Epoch  23/300 [29.6s mem=7449MB] | train_loss=0.3280 train_AP=0.2696 | val_loss=0.3158 val_AP=0.2976
  -> New best val AP=0.2976, saved
Epoch  24/300 [29.8s mem=7448MB] | train_loss=0.3282 train_AP=0.2705 | val_loss=0.3141 val_AP=0.2988
  -> New best val AP=0.2988, saved
Epoch  25/300 [30.5s mem=7448MB] | train_loss=0.3260 train_AP=0.2764 | val_loss=0.3222 val_AP=0.3130
  -> New best val AP=0.3130, saved
Epoch  26/300 [30.3s mem=7448MB] | train_loss=0.3232 train_AP=0.2855 | val_loss=0.3091 val_AP=0.3284
  -> New best val AP=0.3284, saved
Epoch  27/300 [30.0s mem=7449MB] | train_loss=0.3200 train_AP=0.2947 | val_loss=0.3109 val_AP=0.3197
Epoch  28/300 [30.3s mem=7447MB] | train_loss=0.3163 train_AP=0.3032 | val_loss=0.3032 val_AP=0.3433
  -> New best val AP=0.3433, saved
Epoch  29/300 [30.0s mem=7447MB] | train_loss=0.3160 train_AP=0.3083 | val_loss=0.2996 val_AP=0.3397
Epoch  30/300 [30.5s mem=7449MB] | train_loss=0.3102 train_AP=0.3199 | val_loss=0.2987 val_AP=0.3607
  -> New best val AP=0.3607, saved
Epoch  31/300 [30.3s mem=7447MB] | train_loss=0.3052 train_AP=0.3306 | val_loss=0.2974 val_AP=0.3784
  -> New best val AP=0.3784, saved
Epoch  32/300 [29.8s mem=7448MB] | train_loss=0.3037 train_AP=0.3345 | val_loss=0.2870 val_AP=0.3945
  -> New best val AP=0.3945, saved
Epoch  33/300 [25.5s mem=7446MB] | train_loss=0.2995 train_AP=0.3416 | val_loss=0.2900 val_AP=0.3812
Epoch  34/300 [26.7s mem=7447MB] | train_loss=0.2947 train_AP=0.3508 | val_loss=0.2862 val_AP=0.3962
  -> New best val AP=0.3962, saved
Epoch  35/300 [29.3s mem=7444MB] | train_loss=0.2950 train_AP=0.3506 | val_loss=0.2743 val_AP=0.4131
  -> New best val AP=0.4131, saved
Epoch  36/300 [30.1s mem=7448MB] | train_loss=0.2903 train_AP=0.3623 | val_loss=0.2767 val_AP=0.4112
Epoch  37/300 [30.0s mem=7448MB] | train_loss=0.2869 train_AP=0.3663 | val_loss=0.2817 val_AP=0.4073
Epoch  38/300 [30.7s mem=7445MB] | train_loss=0.2857 train_AP=0.3724 | val_loss=0.2951 val_AP=0.3992
Epoch  39/300 [30.1s mem=7445MB] | train_loss=0.2846 train_AP=0.3763 | val_loss=0.2854 val_AP=0.4070
Epoch  40/300 [30.3s mem=7447MB] | train_loss=0.2801 train_AP=0.3824 | val_loss=0.2791 val_AP=0.4037
Epoch  41/300 [30.1s mem=7445MB] | train_loss=0.2773 train_AP=0.3869 | val_loss=0.2851 val_AP=0.4245
  -> New best val AP=0.4245, saved
Epoch  42/300 [30.4s mem=7447MB] | train_loss=0.2760 train_AP=0.3949 | val_loss=0.2673 val_AP=0.4354
  -> New best val AP=0.4354, saved
Epoch  43/300 [29.9s mem=7448MB] | train_loss=0.2726 train_AP=0.3998 | val_loss=0.2664 val_AP=0.4442
  -> New best val AP=0.4442, saved
Epoch  44/300 [30.5s mem=7447MB] | train_loss=0.2698 train_AP=0.4069 | val_loss=0.2810 val_AP=0.4453
  -> New best val AP=0.4453, saved
Epoch  45/300 [30.5s mem=7449MB] | train_loss=0.2693 train_AP=0.4037 | val_loss=0.2735 val_AP=0.4302
Epoch  46/300 [23.9s mem=7448MB] | train_loss=0.2672 train_AP=0.4055 | val_loss=0.2769 val_AP=0.4026
Epoch  47/300 [28.4s mem=7445MB] | train_loss=0.2644 train_AP=0.4119 | val_loss=0.2705 val_AP=0.4494
  -> New best val AP=0.4494, saved
Epoch  48/300 [30.7s mem=7447MB] | train_loss=0.2602 train_AP=0.4242 | val_loss=0.2780 val_AP=0.4392
Epoch  49/300 [30.6s mem=7447MB] | train_loss=0.2587 train_AP=0.4278 | val_loss=0.2712 val_AP=0.4483
Epoch  50/300 [30.0s mem=7448MB] | train_loss=0.2546 train_AP=0.4365 | val_loss=0.2903 val_AP=0.4532
  -> New best val AP=0.4532, saved
Epoch  51/300 [30.9s mem=7447MB] | train_loss=0.2497 train_AP=0.4461 | val_loss=0.2743 val_AP=0.4585
  -> New best val AP=0.4585, saved
Epoch  52/300 [30.5s mem=7445MB] | train_loss=0.2495 train_AP=0.4482 | val_loss=0.2965 val_AP=0.4348
Epoch  53/300 [30.4s mem=7447MB] | train_loss=0.2435 train_AP=0.4621 | val_loss=0.3045 val_AP=0.4556
Epoch  54/300 [30.3s mem=7449MB] | train_loss=0.2401 train_AP=0.4702 | val_loss=0.2837 val_AP=0.4457
Epoch  55/300 [29.9s mem=7446MB] | train_loss=0.2341 train_AP=0.4814 | val_loss=0.2910 val_AP=0.4606
  -> New best val AP=0.4606, saved
Epoch  56/300 [29.5s mem=7449MB] | train_loss=0.2326 train_AP=0.4848 | val_loss=0.2816 val_AP=0.4716
  -> New best val AP=0.4716, saved
Epoch  57/300 [28.7s mem=7446MB] | train_loss=0.2257 train_AP=0.5023 | val_loss=0.2963 val_AP=0.4385
Epoch  58/300 [29.5s mem=7448MB] | train_loss=0.2248 train_AP=0.5060 | val_loss=0.3009 val_AP=0.4621
Epoch  59/300 [23.8s mem=7448MB] | train_loss=0.2249 train_AP=0.5071 | val_loss=0.3109 val_AP=0.4592
Epoch  60/300 [30.0s mem=7448MB] | train_loss=0.2146 train_AP=0.5280 | val_loss=0.3030 val_AP=0.4466
Epoch  61/300 [29.7s mem=7448MB] | train_loss=0.2121 train_AP=0.5360 | val_loss=0.3566 val_AP=0.4605
Epoch  62/300 [30.0s mem=7448MB] | train_loss=0.2102 train_AP=0.5396 | val_loss=0.3170 val_AP=0.4580
Epoch  63/300 [29.9s mem=7447MB] | train_loss=0.2066 train_AP=0.5532 | val_loss=0.2820 val_AP=0.4758
  -> New best val AP=0.4758, saved
Epoch  64/300 [29.9s mem=7447MB] | train_loss=0.1987 train_AP=0.5672 | val_loss=0.2958 val_AP=0.4757
Epoch  65/300 [30.3s mem=7446MB] | train_loss=0.1923 train_AP=0.5786 | val_loss=0.3272 val_AP=0.4602
Epoch  66/300 [29.9s mem=7448MB] | train_loss=0.1904 train_AP=0.5944 | val_loss=0.3415 val_AP=0.4632
Epoch  67/300 [30.2s mem=7446MB] | train_loss=0.1868 train_AP=0.5997 | val_loss=0.3586 val_AP=0.4625
Epoch  68/300 [29.2s mem=7448MB] | train_loss=0.1813 train_AP=0.6121 | val_loss=0.3593 val_AP=0.4718
Epoch  69/300 [30.0s mem=7448MB] | train_loss=0.1776 train_AP=0.6223 | val_loss=0.3651 val_AP=0.4725
Epoch  70/300 [30.1s mem=7448MB] | train_loss=0.1728 train_AP=0.6322 | val_loss=0.4203 val_AP=0.4538
Epoch  71/300 [29.9s mem=7449MB] | train_loss=0.1740 train_AP=0.6315 | val_loss=0.4004 val_AP=0.4758
  -> New best val AP=0.4758, saved
Epoch  72/300 [24.7s mem=7448MB] | train_loss=0.1660 train_AP=0.6527 | val_loss=0.4148 val_AP=0.4698
Epoch  73/300 [30.0s mem=7447MB] | train_loss=0.1618 train_AP=0.6547 | val_loss=0.3956 val_AP=0.4719
Epoch  74/300 [29.9s mem=7450MB] | train_loss=0.1602 train_AP=0.6692 | val_loss=0.3871 val_AP=0.4711
Epoch  75/300 [30.1s mem=7448MB] | train_loss=0.1543 train_AP=0.6790 | val_loss=0.3831 val_AP=0.4845
  -> New best val AP=0.4845, saved
Epoch  76/300 [30.0s mem=7450MB] | train_loss=0.1489 train_AP=0.6978 | val_loss=0.4587 val_AP=0.4627
Epoch  77/300 [29.5s mem=7447MB] | train_loss=0.1478 train_AP=0.6992 | val_loss=0.4842 val_AP=0.4776
Epoch  78/300 [30.1s mem=7448MB] | train_loss=0.1432 train_AP=0.7167 | val_loss=0.5221 val_AP=0.4813
Epoch  79/300 [30.0s mem=7446MB] | train_loss=0.1393 train_AP=0.7245 | val_loss=0.5286 val_AP=0.4825
Epoch  80/300 [29.9s mem=7450MB] | train_loss=0.1383 train_AP=0.7257 | val_loss=0.4566 val_AP=0.4750
Epoch  81/300 [29.7s mem=7448MB] | train_loss=0.1352 train_AP=0.7398 | val_loss=0.4316 val_AP=0.4764
Epoch  82/300 [30.2s mem=7449MB] | train_loss=0.1303 train_AP=0.7464 | val_loss=0.4840 val_AP=0.4767
Epoch  83/300 [30.3s mem=7451MB] | train_loss=0.1256 train_AP=0.7626 | val_loss=0.4529 val_AP=0.4801
Epoch  84/300 [28.5s mem=7445MB] | train_loss=0.1211 train_AP=0.7667 | val_loss=0.4513 val_AP=0.4637
Epoch  85/300 [23.6s mem=7448MB] | train_loss=0.1254 train_AP=0.7609 | val_loss=0.6184 val_AP=0.4689
Epoch  86/300 [30.3s mem=7449MB] | train_loss=0.1197 train_AP=0.7737 | val_loss=0.4818 val_AP=0.4821
Epoch  87/300 [30.3s mem=7447MB] | train_loss=0.1134 train_AP=0.7883 | val_loss=0.4991 val_AP=0.4840
Epoch  88/300 [30.2s mem=7449MB] | train_loss=0.1124 train_AP=0.7930 | val_loss=0.5479 val_AP=0.4843
Epoch  89/300 [29.9s mem=7450MB] | train_loss=0.1088 train_AP=0.8072 | val_loss=0.4974 val_AP=0.4761
Epoch  90/300 [29.3s mem=7445MB] | train_loss=0.1075 train_AP=0.8034 | val_loss=0.6183 val_AP=0.4841
Epoch  91/300 [29.7s mem=7448MB] | train_loss=0.1052 train_AP=0.8109 | val_loss=0.5914 val_AP=0.4909
  -> New best val AP=0.4909, saved
Epoch  92/300 [30.0s mem=7449MB] | train_loss=0.1035 train_AP=0.8188 | val_loss=0.5673 val_AP=0.4901
Epoch  93/300 [30.3s mem=7447MB] | train_loss=0.1001 train_AP=0.8195 | val_loss=0.5019 val_AP=0.4877
Epoch  94/300 [30.4s mem=7440MB] | train_loss=0.1015 train_AP=0.8240 | val_loss=0.6162 val_AP=0.4906
Epoch  95/300 [29.9s mem=7449MB] | train_loss=0.0956 train_AP=0.8339 | val_loss=0.5963 val_AP=0.4935
  -> New best val AP=0.4935, saved
Epoch  96/300 [30.7s mem=7448MB] | train_loss=0.0905 train_AP=0.8436 | val_loss=0.6213 val_AP=0.4955
  -> New best val AP=0.4955, saved
Epoch  97/300 [28.7s mem=7449MB] | train_loss=0.0901 train_AP=0.8456 | val_loss=0.7079 val_AP=0.4982
  -> New best val AP=0.4982, saved
Epoch  98/300 [24.4s mem=7449MB] | train_loss=0.0886 train_AP=0.8501 | val_loss=0.5874 val_AP=0.4707
Epoch  99/300 [29.8s mem=7448MB] | train_loss=0.0841 train_AP=0.8561 | val_loss=0.7134 val_AP=0.4960
Epoch 100/300 [29.5s mem=7445MB] | train_loss=0.0847 train_AP=0.8597 | val_loss=0.6807 val_AP=0.4986
  -> New best val AP=0.4986, saved
Epoch 101/300 [29.8s mem=7446MB] | train_loss=0.0795 train_AP=0.8718 | val_loss=0.7328 val_AP=0.4722
Epoch 102/300 [29.7s mem=7446MB] | train_loss=0.0815 train_AP=0.8641 | val_loss=0.7420 val_AP=0.4852
Epoch 103/300 [29.9s mem=7447MB] | train_loss=0.0794 train_AP=0.8722 | val_loss=0.6671 val_AP=0.5056
  -> New best val AP=0.5056, saved
Epoch 104/300 [29.8s mem=7448MB] | train_loss=0.0764 train_AP=0.8790 | val_loss=0.6910 val_AP=0.4787
Epoch 105/300 [30.0s mem=7448MB] | train_loss=0.0758 train_AP=0.8836 | val_loss=0.6411 val_AP=0.4914
Epoch 106/300 [29.6s mem=7448MB] | train_loss=0.0746 train_AP=0.8833 | val_loss=0.8295 val_AP=0.4876
Epoch 107/300 [30.7s mem=7449MB] | train_loss=0.0743 train_AP=0.8863 | val_loss=0.7638 val_AP=0.4781
Epoch 108/300 [31.1s mem=7447MB] | train_loss=0.0718 train_AP=0.8908 | val_loss=0.6828 val_AP=0.4804
Epoch 109/300 [30.2s mem=7446MB] | train_loss=0.0686 train_AP=0.8926 | val_loss=0.7042 val_AP=0.4998
Epoch 110/300 [28.5s mem=7448MB] | train_loss=0.0682 train_AP=0.8932 | val_loss=0.6693 val_AP=0.4975
Epoch 111/300 [24.8s mem=7446MB] | train_loss=0.0662 train_AP=0.9015 | val_loss=0.7229 val_AP=0.5018
Epoch 112/300 [28.6s mem=7447MB] | train_loss=0.0622 train_AP=0.9032 | val_loss=0.7890 val_AP=0.4848
Epoch 113/300 [29.1s mem=7450MB] | train_loss=0.0635 train_AP=0.9022 | val_loss=0.8066 val_AP=0.5145
  -> New best val AP=0.5145, saved
Epoch 114/300 [30.5s mem=7448MB] | train_loss=0.0616 train_AP=0.9077 | val_loss=0.8780 val_AP=0.4894
Epoch 115/300 [30.3s mem=7449MB] | train_loss=0.0577 train_AP=0.9125 | val_loss=0.8149 val_AP=0.4867
Epoch 116/300 [29.9s mem=7448MB] | train_loss=0.0575 train_AP=0.9160 | val_loss=0.8173 val_AP=0.4891
Epoch 117/300 [30.2s mem=7448MB] | train_loss=0.0557 train_AP=0.9218 | val_loss=0.8255 val_AP=0.4921
Epoch 118/300 [30.7s mem=7450MB] | train_loss=0.0580 train_AP=0.9200 | val_loss=0.8586 val_AP=0.4916
Epoch 119/300 [30.1s mem=7448MB] | train_loss=0.0556 train_AP=0.9252 | val_loss=0.7953 val_AP=0.5038
Epoch 120/300 [29.6s mem=7447MB] | train_loss=0.0528 train_AP=0.9255 | val_loss=0.8606 val_AP=0.4925
Epoch 121/300 [30.4s mem=7448MB] | train_loss=0.0509 train_AP=0.9276 | val_loss=0.7833 val_AP=0.4899
Epoch 122/300 [29.9s mem=7445MB] | train_loss=0.0499 train_AP=0.9325 | val_loss=0.9132 val_AP=0.4851
Epoch 123/300 [26.2s mem=7450MB] | train_loss=0.0512 train_AP=0.9317 | val_loss=0.8284 val_AP=0.4828
Epoch 124/300 [25.2s mem=7446MB] | train_loss=0.0490 train_AP=0.9310 | val_loss=0.8871 val_AP=0.4952
Epoch 125/300 [29.5s mem=7452MB] | train_loss=0.0475 train_AP=0.9382 | val_loss=0.8069 val_AP=0.4962
Epoch 126/300 [29.5s mem=7444MB] | train_loss=0.0479 train_AP=0.9374 | val_loss=0.8668 val_AP=0.4925
Epoch 127/300 [30.2s mem=7444MB] | train_loss=0.0465 train_AP=0.9400 | val_loss=0.9785 val_AP=0.4883
Epoch 128/300 [30.3s mem=7446MB] | train_loss=0.0455 train_AP=0.9444 | val_loss=0.9365 val_AP=0.4949
Epoch 129/300 [30.1s mem=7443MB] | train_loss=0.0440 train_AP=0.9496 | val_loss=0.8287 val_AP=0.4976
Epoch 130/300 [30.3s mem=7445MB] | train_loss=0.0426 train_AP=0.9491 | val_loss=0.8920 val_AP=0.4891
Epoch 131/300 [30.2s mem=7449MB] | train_loss=0.0452 train_AP=0.9503 | val_loss=0.9010 val_AP=0.4906
Epoch 132/300 [29.6s mem=7447MB] | train_loss=0.0407 train_AP=0.9502 | val_loss=0.8692 val_AP=0.4990
Epoch 133/300 [30.2s mem=7451MB] | train_loss=0.0401 train_AP=0.9554 | val_loss=0.9504 val_AP=0.5005
Epoch 134/300 [29.5s mem=7449MB] | train_loss=0.0410 train_AP=0.9565 | val_loss=0.8278 val_AP=0.5063
Epoch 135/300 [29.4s mem=7449MB] | train_loss=0.0376 train_AP=0.9589 | val_loss=0.9255 val_AP=0.4965
Epoch 136/300 [26.4s mem=7447MB] | train_loss=0.0385 train_AP=0.9605 | val_loss=1.0180 val_AP=0.4994
Epoch 137/300 [25.6s mem=7447MB] | train_loss=0.0364 train_AP=0.9628 | val_loss=0.9634 val_AP=0.5047
Epoch 138/300 [30.6s mem=7444MB] | train_loss=0.0366 train_AP=0.9631 | val_loss=0.9630 val_AP=0.5115
Epoch 139/300 [29.8s mem=7448MB] | train_loss=0.0350 train_AP=0.9634 | val_loss=1.0226 val_AP=0.4971
Epoch 140/300 [29.8s mem=7447MB] | train_loss=0.0355 train_AP=0.9641 | val_loss=1.0618 val_AP=0.5058
Epoch 141/300 [30.5s mem=7447MB] | train_loss=0.0352 train_AP=0.9674 | val_loss=1.1427 val_AP=0.4971
Epoch 142/300 [30.0s mem=7444MB] | train_loss=0.0350 train_AP=0.9649 | val_loss=1.0765 val_AP=0.5053
Epoch 143/300 [30.4s mem=7447MB] | train_loss=0.0348 train_AP=0.9690 | val_loss=1.0583 val_AP=0.4978
Epoch 144/300 [30.3s mem=7447MB] | train_loss=0.0331 train_AP=0.9672 | val_loss=1.1168 val_AP=0.4943
Epoch 145/300 [29.3s mem=7445MB] | train_loss=0.0321 train_AP=0.9703 | val_loss=1.0048 val_AP=0.4990
Epoch 146/300 [29.6s mem=7449MB] | train_loss=0.0324 train_AP=0.9710 | val_loss=0.9944 val_AP=0.5073
Epoch 147/300 [29.7s mem=7448MB] | train_loss=0.0296 train_AP=0.9744 | val_loss=1.1375 val_AP=0.4953
Epoch 148/300 [29.6s mem=7447MB] | train_loss=0.0319 train_AP=0.9718 | val_loss=1.1614 val_AP=0.5071
Epoch 149/300 [26.5s mem=7447MB] | train_loss=0.0295 train_AP=0.9748 | val_loss=1.0379 val_AP=0.5109
Epoch 150/300 [25.6s mem=7449MB] | train_loss=0.0296 train_AP=0.9757 | val_loss=1.0903 val_AP=0.5075
Epoch 151/300 [29.7s mem=7446MB] | train_loss=0.0282 train_AP=0.9773 | val_loss=1.0918 val_AP=0.4996
Epoch 152/300 [30.1s mem=7449MB] | train_loss=0.0289 train_AP=0.9784 | val_loss=1.1134 val_AP=0.4981
Epoch 153/300 [30.6s mem=7449MB] | train_loss=0.0272 train_AP=0.9766 | val_loss=1.2159 val_AP=0.4916
Epoch 154/300 [30.0s mem=7446MB] | train_loss=0.0273 train_AP=0.9771 | val_loss=1.1523 val_AP=0.4850
Epoch 155/300 [29.7s mem=7448MB] | train_loss=0.0253 train_AP=0.9793 | val_loss=1.2301 val_AP=0.4975
Epoch 156/300 [29.6s mem=7448MB] | train_loss=0.0255 train_AP=0.9813 | val_loss=1.1503 val_AP=0.5045
Epoch 157/300 [29.7s mem=7446MB] | train_loss=0.0263 train_AP=0.9799 | val_loss=1.1835 val_AP=0.4971
Epoch 158/300 [29.3s mem=7446MB] | train_loss=0.0260 train_AP=0.9812 | val_loss=1.1639 val_AP=0.4959
Epoch 159/300 [30.0s mem=7448MB] | train_loss=0.0251 train_AP=0.9811 | val_loss=1.2339 val_AP=0.4997
Epoch 160/300 [30.2s mem=7447MB] | train_loss=0.0252 train_AP=0.9825 | val_loss=1.1876 val_AP=0.4940
Epoch 161/300 [29.8s mem=7445MB] | train_loss=0.0248 train_AP=0.9824 | val_loss=1.3817 val_AP=0.4923
Epoch 162/300 [28.0s mem=7448MB] | train_loss=0.0240 train_AP=0.9821 | val_loss=1.2349 val_AP=0.5025
Epoch 163/300 [26.5s mem=7447MB] | train_loss=0.0233 train_AP=0.9833 | val_loss=1.4791 val_AP=0.4933
Early stopping at epoch 163. Best val AP=0.5145 at epoch 113.
Stage 1 done. Best val AP=0.5145 at epoch 113.

============================================================
STAGE 2: Train generator (graph_coarsening) with self-novelty
  Backbone: vanilla_gt (frozen)
  alpha=1.0 alpha_node=1.0 T=1.0
============================================================
  Generator parameters: 1,326,368
Epoch   1/500 [119.6s mem=7409MB] | total=2.9842 task=0.0883 | out_nov=0.0501 out_pen=0.9499 | node_nov=0.0715 node_pen=1.9285 | ip_mean=0.9582 ip_std=0.0067 | val_AP=0.4720 test_AP=0.4595
  -> New best val AP=0.4720
Epoch   2/500 [121.5s mem=7421MB] | total=2.7665 task=0.2460 | out_nov=0.1890 out_pen=0.8110 | node_nov=0.3080 node_pen=1.6920 | ip_mean=0.9559 ip_std=0.0070 | val_AP=0.3136 test_AP=0.3158
Epoch   3/500 [93.8s mem=7395MB] | total=2.5307 task=0.3566 | out_nov=0.2861 out_pen=0.7139 | node_nov=0.5571 node_pen=1.4429 | ip_mean=0.9572 ip_std=0.0067 | val_AP=0.3079 test_AP=0.3020
Epoch   4/500 [119.4s mem=7415MB] | total=2.4472 task=0.3701 | out_nov=0.2990 out_pen=0.7010 | node_nov=0.6411 node_pen=1.3589 | ip_mean=0.9626 ip_std=0.0058 | val_AP=0.2859 test_AP=0.2835
Epoch   5/500 [102.3s mem=7414MB] | total=2.3820 task=0.3927 | out_nov=0.3148 out_pen=0.6852 | node_nov=0.7130 node_pen=1.2870 | ip_mean=0.9675 ip_std=0.0051 | val_AP=0.2631 test_AP=0.2646
Epoch   6/500 [118.3s mem=7398MB] | total=2.3499 task=0.3910 | out_nov=0.3142 out_pen=0.6858 | node_nov=0.7440 node_pen=1.2560 | ip_mean=0.9709 ip_std=0.0049 | val_AP=0.2797 test_AP=0.2789
Epoch   7/500 [123.4s mem=7418MB] | total=2.3361 task=0.3819 | out_nov=0.3074 out_pen=0.6926 | node_nov=0.7553 node_pen=1.2447 | ip_mean=0.9731 ip_std=0.0050 | val_AP=0.2816 test_AP=0.2816
Epoch   8/500 [95.5s mem=7400MB] | total=2.3241 task=0.3752 | out_nov=0.3044 out_pen=0.6956 | node_nov=0.7635 node_pen=1.2365 | ip_mean=0.9745 ip_std=0.0051 | val_AP=0.2874 test_AP=0.2822
Epoch   9/500 [123.2s mem=7397MB] | total=2.3140 task=0.3701 | out_nov=0.3013 out_pen=0.6987 | node_nov=0.7716 node_pen=1.2284 | ip_mean=0.9751 ip_std=0.0054 | val_AP=0.2968 test_AP=0.2855
Epoch  10/500 [93.2s mem=7379MB] | total=2.3022 task=0.3661 | out_nov=0.2992 out_pen=0.7008 | node_nov=0.7812 node_pen=1.2188 | ip_mean=0.9747 ip_std=0.0062 | val_AP=0.2951 test_AP=0.2846
Epoch  11/500 [122.7s mem=7413MB] | total=2.2912 task=0.3636 | out_nov=0.2979 out_pen=0.7021 | node_nov=0.7910 node_pen=1.2090 | ip_mean=0.9731 ip_std=0.0079 | val_AP=0.2929 test_AP=0.2825
Epoch  12/500 [108.6s mem=7394MB] | total=2.2778 task=0.3591 | out_nov=0.2959 out_pen=0.7041 | node_nov=0.8018 node_pen=1.1982 | ip_mean=0.9711 ip_std=0.0104 | val_AP=0.3139 test_AP=0.3001
Epoch  13/500 [100.3s mem=7416MB] | total=2.2644 task=0.3573 | out_nov=0.2937 out_pen=0.7063 | node_nov=0.8154 node_pen=1.1846 | ip_mean=0.9630 ip_std=0.0234 | val_AP=0.3024 test_AP=0.2931
Epoch  14/500 [108.4s mem=7394MB] | total=2.2394 task=0.3486 | out_nov=0.2902 out_pen=0.7098 | node_nov=0.8350 node_pen=1.1650 | ip_mean=0.9386 ip_std=0.0657 | val_AP=0.3107 test_AP=0.2979
Epoch  15/500 [116.6s mem=7423MB] | total=2.2165 task=0.3489 | out_nov=0.2901 out_pen=0.7099 | node_nov=0.8582 node_pen=1.1418 | ip_mean=0.8880 ip_std=0.1389 | val_AP=0.3189 test_AP=0.3115
Epoch  16/500 [93.2s mem=7391MB] | total=2.1970 task=0.3448 | out_nov=0.2891 out_pen=0.7109 | node_nov=0.8746 node_pen=1.1254 | ip_mean=0.8347 ip_std=0.2035 | val_AP=0.3235 test_AP=0.3166
Epoch  17/500 [122.5s mem=7430MB] | total=2.1824 task=0.3475 | out_nov=0.2894 out_pen=0.7106 | node_nov=0.8916 node_pen=1.1084 | ip_mean=0.7970 ip_std=0.2436 | val_AP=0.3228 test_AP=0.3103
Epoch  18/500 [88.1s mem=7410MB] | total=2.1687 task=0.3456 | out_nov=0.2889 out_pen=0.7111 | node_nov=0.9037 node_pen=1.0963 | ip_mean=0.7691 ip_std=0.2681 | val_AP=0.3364 test_AP=0.3217
Epoch  19/500 [121.8s mem=7423MB] | total=2.1541 task=0.3413 | out_nov=0.2876 out_pen=0.7124 | node_nov=0.9153 node_pen=1.0847 | ip_mean=0.7516 ip_std=0.2827 | val_AP=0.3464 test_AP=0.3334
Epoch  20/500 [108.4s mem=7417MB] | total=2.1414 task=0.3385 | out_nov=0.2863 out_pen=0.7137 | node_nov=0.9265 node_pen=1.0735 | ip_mean=0.7305 ip_std=0.2981 | val_AP=0.3356 test_AP=0.3182
Epoch  21/500 [100.5s mem=7410MB] | total=2.1334 task=0.3380 | out_nov=0.2847 out_pen=0.7153 | node_nov=0.9355 node_pen=1.0645 | ip_mean=0.7103 ip_std=0.3063 | val_AP=0.3408 test_AP=0.3353
Epoch  22/500 [110.0s mem=7392MB] | total=2.1205 task=0.3343 | out_nov=0.2828 out_pen=0.7172 | node_nov=0.9466 node_pen=1.0534 | ip_mean=0.6942 ip_std=0.3148 | val_AP=0.3438 test_AP=0.3313
Epoch  23/500 [113.3s mem=7413MB] | total=2.1124 task=0.3326 | out_nov=0.2819 out_pen=0.7181 | node_nov=0.9539 node_pen=1.0461 | ip_mean=0.6825 ip_std=0.3193 | val_AP=0.3252 test_AP=0.3252
Epoch  24/500 [101.8s mem=7397MB] | total=2.1022 task=0.3306 | out_nov=0.2807 out_pen=0.7193 | node_nov=0.9632 node_pen=1.0368 | ip_mean=0.6699 ip_std=0.3231 | val_AP=0.3627 test_AP=0.3541
Epoch  25/500 [123.0s mem=7410MB] | total=2.0910 task=0.3253 | out_nov=0.2787 out_pen=0.7213 | node_nov=0.9711 node_pen=1.0289 | ip_mean=0.6623 ip_std=0.3229 | val_AP=0.3422 test_AP=0.3319
Epoch  26/500 [95.6s mem=7410MB] | total=2.0845 task=0.3261 | out_nov=0.2787 out_pen=0.7213 | node_nov=0.9783 node_pen=1.0217 | ip_mean=0.6528 ip_std=0.3255 | val_AP=0.3585 test_AP=0.3479
Epoch  27/500 [120.7s mem=7429MB] | total=2.0742 task=0.3204 | out_nov=0.2761 out_pen=0.7239 | node_nov=0.9855 node_pen=1.0145 | ip_mean=0.6407 ip_std=0.3319 | val_AP=0.3641 test_AP=0.3553
Epoch  28/500 [115.6s mem=7398MB] | total=2.0665 task=0.3190 | out_nov=0.2764 out_pen=0.7236 | node_nov=0.9915 node_pen=1.0085 | ip_mean=0.6282 ip_std=0.3341 | val_AP=0.3815 test_AP=0.3632
Epoch  29/500 [103.0s mem=7403MB] | total=2.0573 task=0.3125 | out_nov=0.2739 out_pen=0.7261 | node_nov=0.9968 node_pen=1.0032 | ip_mean=0.6168 ip_std=0.3376 | val_AP=0.3644 test_AP=0.3466
Epoch  30/500 [117.5s mem=7412MB] | total=2.0537 task=0.3124 | out_nov=0.2735 out_pen=0.7265 | node_nov=1.0007 node_pen=0.9993 | ip_mean=0.6093 ip_std=0.3388 | val_AP=0.3625 test_AP=0.3567
Epoch  31/500 [94.8s mem=7410MB] | total=2.0458 task=0.3070 | out_nov=0.2706 out_pen=0.7294 | node_nov=1.0060 node_pen=0.9940 | ip_mean=0.6006 ip_std=0.3412 | val_AP=0.3764 test_AP=0.3710
Epoch  32/500 [120.8s mem=7411MB] | total=2.0416 task=0.3077 | out_nov=0.2715 out_pen=0.7285 | node_nov=1.0100 node_pen=0.9900 | ip_mean=0.5956 ip_std=0.3438 | val_AP=0.3840 test_AP=0.3674
Epoch  33/500 [113.3s mem=7403MB] | total=2.0341 task=0.3027 | out_nov=0.2697 out_pen=0.7303 | node_nov=1.0143 node_pen=0.9857 | ip_mean=0.5920 ip_std=0.3440 | val_AP=0.3745 test_AP=0.3579
Epoch  34/500 [99.7s mem=7394MB] | total=2.0289 task=0.3023 | out_nov=0.2689 out_pen=0.7311 | node_nov=1.0198 node_pen=0.9802 | ip_mean=0.5883 ip_std=0.3455 | val_AP=0.3695 test_AP=0.3528
Epoch  35/500 [107.3s mem=7434MB] | total=2.0229 task=0.2973 | out_nov=0.2668 out_pen=0.7332 | node_nov=1.0230 node_pen=0.9770 | ip_mean=0.5776 ip_std=0.3480 | val_AP=0.3521 test_AP=0.3520
Epoch  36/500 [107.9s mem=7412MB] | total=2.0159 task=0.2931 | out_nov=0.2654 out_pen=0.7346 | node_nov=1.0271 node_pen=0.9729 | ip_mean=0.5679 ip_std=0.3518 | val_AP=0.3922 test_AP=0.3830
Epoch  37/500 [102.5s mem=7397MB] | total=2.0134 task=0.2927 | out_nov=0.2642 out_pen=0.7358 | node_nov=1.0304 node_pen=0.9696 | ip_mean=0.5706 ip_std=0.3507 | val_AP=0.4024 test_AP=0.3824
Epoch  38/500 [124.4s mem=7415MB] | total=2.0100 task=0.2920 | out_nov=0.2635 out_pen=0.7365 | node_nov=1.0338 node_pen=0.9662 | ip_mean=0.5640 ip_std=0.3523 | val_AP=0.3774 test_AP=0.3785
Epoch  39/500 [92.7s mem=7413MB] | total=2.0044 task=0.2885 | out_nov=0.2629 out_pen=0.7371 | node_nov=1.0365 node_pen=0.9635 | ip_mean=0.5618 ip_std=0.3526 | val_AP=0.3989 test_AP=0.3941
Epoch  40/500 [124.0s mem=7415MB] | total=2.0004 task=0.2876 | out_nov=0.2621 out_pen=0.7379 | node_nov=1.0404 node_pen=0.9596 | ip_mean=0.5586 ip_std=0.3555 | val_AP=0.4017 test_AP=0.3954
Epoch  41/500 [105.5s mem=7413MB] | total=1.9933 task=0.2831 | out_nov=0.2608 out_pen=0.7392 | node_nov=1.0443 node_pen=0.9557 | ip_mean=0.5526 ip_std=0.3566 | val_AP=0.3860 test_AP=0.3803
Epoch  42/500 [102.6s mem=7437MB] | total=1.9888 task=0.2811 | out_nov=0.2592 out_pen=0.7408 | node_nov=1.0485 node_pen=0.9515 | ip_mean=0.5495 ip_std=0.3570 | val_AP=0.3857 test_AP=0.3825
Epoch  43/500 [106.9s mem=7417MB] | total=1.9855 task=0.2778 | out_nov=0.2578 out_pen=0.7422 | node_nov=1.0497 node_pen=0.9503 | ip_mean=0.5493 ip_std=0.3584 | val_AP=0.4001 test_AP=0.3927
Epoch  44/500 [103.7s mem=7372MB] | total=1.9855 task=0.2809 | out_nov=0.2595 out_pen=0.7405 | node_nov=1.0513 node_pen=0.9487 | ip_mean=0.5506 ip_std=0.3569 | val_AP=0.4075 test_AP=0.4055
Epoch  45/500 [112.4s mem=7408MB] | total=1.9799 task=0.2754 | out_nov=0.2555 out_pen=0.7445 | node_nov=1.0554 node_pen=0.9446 | ip_mean=0.5476 ip_std=0.3601 | val_AP=0.4125 test_AP=0.4077
Epoch  46/500 [123.0s mem=7423MB] | total=1.9734 task=0.2707 | out_nov=0.2541 out_pen=0.7459 | node_nov=1.0585 node_pen=0.9415 | ip_mean=0.5436 ip_std=0.3601 | val_AP=0.4053 test_AP=0.3986
Epoch  47/500 [88.2s mem=7389MB] | total=1.9698 task=0.2696 | out_nov=0.2538 out_pen=0.7462 | node_nov=1.0612 node_pen=0.9388 | ip_mean=0.5365 ip_std=0.3650 | val_AP=0.4132 test_AP=0.4115
Epoch  48/500 [123.5s mem=7411MB] | total=1.9662 task=0.2669 | out_nov=0.2522 out_pen=0.7478 | node_nov=1.0638 node_pen=0.9362 | ip_mean=0.5362 ip_std=0.3639 | val_AP=0.4022 test_AP=0.3977
Epoch  49/500 [103.5s mem=7430MB] | total=1.9625 task=0.2648 | out_nov=0.2516 out_pen=0.7484 | node_nov=1.0660 node_pen=0.9340 | ip_mean=0.5342 ip_std=0.3646 | val_AP=0.4032 test_AP=0.4069
Epoch  50/500 [116.8s mem=7398MB] | total=1.9593 task=0.2649 | out_nov=0.2514 out_pen=0.7486 | node_nov=1.0694 node_pen=0.9306 | ip_mean=0.5387 ip_std=0.3629 | val_AP=0.4071 test_AP=0.4089
Epoch  51/500 [116.8s mem=7447MB] | total=1.9535 task=0.2591 | out_nov=0.2484 out_pen=0.7516 | node_nov=1.0725 node_pen=0.9275 | ip_mean=0.5353 ip_std=0.3645 | val_AP=0.4299 test_AP=0.4313
Early stopping at epoch 51. Best val AP=0.4720 at epoch 1.
Stage 2 done. Best val AP=0.4720 at epoch 1. Diagnostics saved to checkpoints_self_novelty_vanilla/stage2_diagnostics.pkl

============================================================
STAGE 3: Joint finetune (backbone + generator)
  Backbone: vanilla_gt
  lr_gen=0.0005 lr_backbone=0.0001
  alpha=1.0 alpha_node=1.0 T=1.0
============================================================
Epoch   1/500 [111.4s mem=9382MB] | total=2.6650 task=0.2673 train_AP=0.5714 | out_nov=0.2102 out_pen=0.7898 | node_nov=0.4095 node_pen=1.5905 | ip_mean=0.9581 ip_std=0.0067 | val_AP=0.2990 test_AP=0.2959
  -> New best val AP=0.2990 (test=0.2959)
Epoch   2/500 [133.4s mem=9384MB] | total=2.3228 task=0.3644 train_AP=0.2963 | out_nov=0.2913 out_pen=0.7087 | node_nov=0.7676 node_pen=1.2324 | ip_mean=0.9625 ip_std=0.0059 | val_AP=0.2887 test_AP=0.2813
Epoch   3/500 [115.4s mem=9369MB] | total=2.2103 task=0.3589 train_AP=0.2993 | out_nov=0.2898 out_pen=0.7102 | node_nov=0.8756 node_pen=1.1244 | ip_mean=0.9674 ip_std=0.0051 | val_AP=0.3347 test_AP=0.3289
  -> New best val AP=0.3347 (test=0.3289)
Epoch   4/500 [128.6s mem=9374MB] | total=2.1431 task=0.3513 train_AP=0.3057 | out_nov=0.2879 out_pen=0.7121 | node_nov=0.9369 node_pen=1.0631 | ip_mean=0.9722 ip_std=0.0046 | val_AP=0.3495 test_AP=0.3344
  -> New best val AP=0.3495 (test=0.3344)
Epoch   5/500 [127.4s mem=9411MB] | total=2.0898 task=0.3485 train_AP=0.3114 | out_nov=0.2883 out_pen=0.7117 | node_nov=0.9865 node_pen=1.0135 | ip_mean=0.9755 ip_std=0.0046 | val_AP=0.3382 test_AP=0.3287
Epoch   6/500 [122.1s mem=9369MB] | total=2.0588 task=0.3520 train_AP=0.3114 | out_nov=0.2873 out_pen=0.7127 | node_nov=1.0214 node_pen=0.9786 | ip_mean=0.9778 ip_std=0.0056 | val_AP=0.3703 test_AP=0.3507
  -> New best val AP=0.3703 (test=0.3507)
Epoch   7/500 [137.7s mem=9414MB] | total=2.0339 task=0.3514 train_AP=0.3107 | out_nov=0.2853 out_pen=0.7147 | node_nov=1.0472 node_pen=0.9528 | ip_mean=0.9791 ip_std=0.0073 | val_AP=0.3406 test_AP=0.3305
Epoch   8/500 [111.7s mem=9400MB] | total=2.0017 task=0.3420 train_AP=0.3280 | out_nov=0.2847 out_pen=0.7153 | node_nov=1.0704 node_pen=0.9296 | ip_mean=0.9793 ip_std=0.0089 | val_AP=0.3539 test_AP=0.3366
Epoch   9/500 [137.5s mem=9365MB] | total=1.9816 task=0.3433 train_AP=0.3257 | out_nov=0.2786 out_pen=0.7214 | node_nov=1.0976 node_pen=0.9024 | ip_mean=0.9809 ip_std=0.0078 | val_AP=0.3602 test_AP=0.3470
Epoch  10/500 [111.6s mem=9384MB] | total=1.9651 task=0.3412 train_AP=0.3317 | out_nov=0.2756 out_pen=0.7244 | node_nov=1.1148 node_pen=0.8852 | ip_mean=0.9809 ip_std=0.0085 | val_AP=0.3783 test_AP=0.3660
  -> New best val AP=0.3783 (test=0.3660)
Epoch  11/500 [134.7s mem=9391MB] | total=1.9550 task=0.3330 train_AP=0.3379 | out_nov=0.2705 out_pen=0.7295 | node_nov=1.1216 node_pen=0.8784 | ip_mean=0.9825 ip_std=0.0074 | val_AP=0.3621 test_AP=0.3466
Epoch  12/500 [115.0s mem=9405MB] | total=1.9559 task=0.3362 train_AP=0.3336 | out_nov=0.2644 out_pen=0.7356 | node_nov=1.1294 node_pen=0.8706 | ip_mean=0.9831 ip_std=0.0073 | val_AP=0.3909 test_AP=0.3765
  -> New best val AP=0.3909 (test=0.3765)
Epoch  13/500 [133.4s mem=9405MB] | total=1.9112 task=0.3297 train_AP=0.3407 | out_nov=0.2607 out_pen=0.7393 | node_nov=1.1713 node_pen=0.8287 | ip_mean=0.9827 ip_std=0.0084 | val_AP=0.3762 test_AP=0.3645
Epoch  14/500 [128.7s mem=9371MB] | total=1.9322 task=0.3267 train_AP=0.3476 | out_nov=0.2603 out_pen=0.7397 | node_nov=1.1477 node_pen=0.8523 | ip_mean=0.9839 ip_std=0.0077 | val_AP=0.3980 test_AP=0.3830
  -> New best val AP=0.3980 (test=0.3830)
Epoch  15/500 [118.2s mem=9384MB] | total=1.9308 task=0.3242 train_AP=0.3514 | out_nov=0.2582 out_pen=0.7418 | node_nov=1.1482 node_pen=0.8518 | ip_mean=0.9843 ip_std=0.0078 | val_AP=0.3898 test_AP=0.3764
Epoch  16/500 [138.4s mem=9389MB] | total=1.9542 task=0.3243 train_AP=0.3401 | out_nov=0.2576 out_pen=0.7424 | node_nov=1.1254 node_pen=0.8746 | ip_mean=0.9840 ip_std=0.0083 | val_AP=0.3626 test_AP=0.3451
Epoch  17/500 [112.0s mem=9391MB] | total=1.9615 task=0.3256 train_AP=0.3378 | out_nov=0.2563 out_pen=0.7437 | node_nov=1.1205 node_pen=0.8795 | ip_mean=0.9848 ip_std=0.0081 | val_AP=0.4150 test_AP=0.3820
  -> New best val AP=0.4150 (test=0.3820)
Epoch  18/500 [139.2s mem=9405MB] | total=1.9449 task=0.3142 train_AP=0.3602 | out_nov=0.2534 out_pen=0.7466 | node_nov=1.1286 node_pen=0.8714 | ip_mean=0.9848 ip_std=0.0083 | val_AP=0.4042 test_AP=0.3915
Epoch  19/500 [105.7s mem=9350MB] | total=1.9604 task=0.3109 train_AP=0.3695 | out_nov=0.2534 out_pen=0.7466 | node_nov=1.1099 node_pen=0.8901 | ip_mean=0.9847 ip_std=0.0092 | val_AP=0.3745 test_AP=0.3604
Epoch  20/500 [136.4s mem=9404MB] | total=1.9571 task=0.3068 train_AP=0.3725 | out_nov=0.2542 out_pen=0.7458 | node_nov=1.1087 node_pen=0.8913 | ip_mean=0.9865 ip_std=0.0081 | val_AP=0.4281 test_AP=0.3967
  -> New best val AP=0.4281 (test=0.3967)
Epoch  21/500 [116.0s mem=9370MB] | total=2.0357 task=0.2989 train_AP=0.3995 | out_nov=0.2516 out_pen=0.7484 | node_nov=1.0245 node_pen=0.9755 | ip_mean=0.9836 ip_std=0.0123 | val_AP=0.3887 test_AP=0.3690
Epoch  22/500 [128.0s mem=9415MB] | total=2.0977 task=0.2966 train_AP=0.3999 | out_nov=0.2463 out_pen=0.7537 | node_nov=0.9654 node_pen=1.0346 | ip_mean=0.9831 ip_std=0.0138 | val_AP=0.3815 test_AP=0.3576
Epoch  23/500 [135.7s mem=9390MB] | total=1.8078 task=0.2966 train_AP=0.4145 | out_nov=0.2429 out_pen=0.7571 | node_nov=1.2606 node_pen=0.7394 | ip_mean=0.9815 ip_std=0.0237 | val_AP=0.4048 test_AP=0.3851
Epoch  24/500 [109.0s mem=9386MB] | total=1.7222 task=0.3055 train_AP=0.3983 | out_nov=0.2610 out_pen=0.7390 | node_nov=1.3391 node_pen=0.6609 | ip_mean=0.9806 ip_std=0.0312 | val_AP=0.3988 test_AP=0.3796
Epoch  25/500 [139.5s mem=9369MB] | total=1.9761 task=0.2918 train_AP=0.4067 | out_nov=0.2372 out_pen=0.7628 | node_nov=1.0965 node_pen=0.9035 | ip_mean=0.9888 ip_std=0.0188 | val_AP=0.3270 test_AP=0.3124
Epoch  26/500 [111.8s mem=9395MB] | total=2.2181 task=0.3219 train_AP=0.3579 | out_nov=0.2361 out_pen=0.7639 | node_nov=0.8853 node_pen=1.1147 | ip_mean=0.9964 ip_std=0.0021 | val_AP=0.3918 test_AP=0.3906
Epoch  27/500 [141.4s mem=9383MB] | total=1.9989 task=0.3053 train_AP=0.3812 | out_nov=0.2298 out_pen=0.7702 | node_nov=1.0940 node_pen=0.9060 | ip_mean=0.9963 ip_std=0.0026 | val_AP=0.3895 test_AP=0.3689
Epoch  28/500 [108.7s mem=9385MB] | total=1.4443 task=0.2819 train_AP=0.4242 | out_nov=0.2145 out_pen=0.7855 | node_nov=1.6406 node_pen=0.3594 | ip_mean=0.9971 ip_std=0.0021 | val_AP=0.4337 test_AP=0.4200
  -> New best val AP=0.4337 (test=0.4200)
Epoch  29/500 [138.1s mem=9411MB] | total=1.7225 task=0.2440 train_AP=0.5017 | out_nov=0.2019 out_pen=0.7981 | node_nov=1.3371 node_pen=0.6629 | ip_mean=0.9972 ip_std=0.0020 | val_AP=0.4376 test_AP=0.4066
  -> New best val AP=0.4376 (test=0.4066)
Epoch  30/500 [122.7s mem=9373MB] | total=1.6807 task=0.2312 train_AP=0.5485 | out_nov=0.2128 out_pen=0.7872 | node_nov=1.3552 node_pen=0.6448 | ip_mean=0.9973 ip_std=0.0018 | val_AP=0.4412 test_AP=0.4206
  -> New best val AP=0.4412 (test=0.4206)
Epoch  31/500 [127.3s mem=9373MB] | total=1.9327 task=0.2128 train_AP=0.5640 | out_nov=0.1936 out_pen=0.8064 | node_nov=1.1040 node_pen=0.8960 | ip_mean=0.9974 ip_std=0.0018 | val_AP=0.4402 test_AP=0.4311
Epoch  32/500 [135.4s mem=9364MB] | total=2.1361 task=0.1982 train_AP=0.5913 | out_nov=0.1737 out_pen=0.8263 | node_nov=0.9058 node_pen=1.0942 | ip_mean=0.9975 ip_std=0.0017 | val_AP=0.4322 test_AP=0.4164
Epoch  33/500 [108.8s mem=9370MB] | total=2.3064 task=0.1939 train_AP=0.5939 | out_nov=0.1723 out_pen=0.8277 | node_nov=0.7326 node_pen=1.2674 | ip_mean=0.9976 ip_std=0.0016 | val_AP=0.3898 test_AP=0.3770
Epoch  34/500 [138.1s mem=9411MB] | total=2.5896 task=0.2465 train_AP=0.4955 | out_nov=0.1805 out_pen=0.8195 | node_nov=0.4939 node_pen=1.5061 | ip_mean=0.9978 ip_std=0.0015 | val_AP=0.4109 test_AP=0.4082
Epoch  35/500 [109.9s mem=9376MB] | total=2.1361 task=0.2316 train_AP=0.5461 | out_nov=0.1969 out_pen=0.8031 | node_nov=0.9160 node_pen=1.0840 | ip_mean=0.9984 ip_std=0.0008 | val_AP=0.4558 test_AP=0.4230
  -> New best val AP=0.4558 (test=0.4230)
Epoch  36/500 [138.4s mem=9382MB] | total=1.8142 task=0.1926 train_AP=0.6342 | out_nov=0.1769 out_pen=0.8231 | node_nov=1.2189 node_pen=0.7811 | ip_mean=0.9983 ip_std=0.0007 | val_AP=0.4520 test_AP=0.4440
Epoch  37/500 [109.8s mem=9405MB] | total=1.7311 task=0.1846 train_AP=0.6518 | out_nov=0.1711 out_pen=0.8289 | node_nov=1.2997 node_pen=0.7003 | ip_mean=0.9982 ip_std=0.0007 | val_AP=0.4723 test_AP=0.4639
  -> New best val AP=0.4723 (test=0.4639)
Epoch  38/500 [139.0s mem=9390MB] | total=1.7569 task=0.1716 train_AP=0.6657 | out_nov=0.1628 out_pen=0.8372 | node_nov=1.2681 node_pen=0.7319 | ip_mean=0.9969 ip_std=0.0048 | val_AP=0.4663 test_AP=0.4521
Epoch  39/500 [125.5s mem=9384MB] | total=1.6920 task=0.1605 train_AP=0.6792 | out_nov=0.1689 out_pen=0.8311 | node_nov=1.3138 node_pen=0.6862 | ip_mean=0.9976 ip_std=0.0018 | val_AP=0.4899 test_AP=0.4729
  -> New best val AP=0.4899 (test=0.4729)
Epoch  40/500 [126.4s mem=9389MB] | total=1.7350 task=0.1511 train_AP=0.7166 | out_nov=0.1720 out_pen=0.8280 | node_nov=1.2565 node_pen=0.7435 | ip_mean=0.9974 ip_std=0.0045 | val_AP=0.4666 test_AP=0.4646
Epoch  41/500 [132.6s mem=9386MB] | total=1.6716 task=0.1553 train_AP=0.7260 | out_nov=0.1783 out_pen=0.8217 | node_nov=1.3166 node_pen=0.6834 | ip_mean=0.9978 ip_std=0.0019 | val_AP=0.4744 test_AP=0.4485
Epoch  42/500 [113.1s mem=9406MB] | total=1.6236 task=0.1586 train_AP=0.7221 | out_nov=0.1687 out_pen=0.8313 | node_nov=1.3766 node_pen=0.6234 | ip_mean=0.9979 ip_std=0.0019 | val_AP=0.4577 test_AP=0.4577
Epoch  43/500 [136.9s mem=9407MB] | total=1.5697 task=0.1550 train_AP=0.7381 | out_nov=0.1905 out_pen=0.8095 | node_nov=1.4045 node_pen=0.5955 | ip_mean=0.9979 ip_std=0.0023 | val_AP=0.4530 test_AP=0.4698
Epoch  44/500 [112.7s mem=9364MB] | total=1.5905 task=0.1520 train_AP=0.7607 | out_nov=0.2046 out_pen=0.7954 | node_nov=1.3663 node_pen=0.6337 | ip_mean=0.9978 ip_std=0.0037 | val_AP=0.4674 test_AP=0.4641
Epoch  45/500 [141.0s mem=9388MB] | total=1.5773 task=0.1520 train_AP=0.7568 | out_nov=0.1992 out_pen=0.8008 | node_nov=1.3846 node_pen=0.6154 | ip_mean=0.9981 ip_std=0.0015 | val_AP=0.4673 test_AP=0.4642
Epoch  46/500 [110.2s mem=9384MB] | total=1.6007 task=0.1528 train_AP=0.7465 | out_nov=0.1941 out_pen=0.8059 | node_nov=1.3668 node_pen=0.6332 | ip_mean=0.9981 ip_std=0.0016 | val_AP=0.4713 test_AP=0.4776
Epoch  47/500 [141.7s mem=9381MB] | total=1.5946 task=0.1433 train_AP=0.7684 | out_nov=0.1895 out_pen=0.8105 | node_nov=1.3680 node_pen=0.6320 | ip_mean=0.9982 ip_std=0.0014 | val_AP=0.4423 test_AP=0.4478
Epoch  48/500 [127.1s mem=9349MB] | total=1.7425 task=0.1308 train_AP=0.7909 | out_nov=0.1959 out_pen=0.8041 | node_nov=1.2009 node_pen=0.7991 | ip_mean=0.9982 ip_std=0.0015 | val_AP=0.4671 test_AP=0.4666
Epoch  49/500 [123.1s mem=9352MB] | total=1.8301 task=0.1312 train_AP=0.7874 | out_nov=0.2075 out_pen=0.7925 | node_nov=1.1020 node_pen=0.8980 | ip_mean=0.9983 ip_std=0.0009 | val_AP=0.4654 test_AP=0.4511
Epoch  50/500 [130.2s mem=9382MB] | total=1.7664 task=0.1285 train_AP=0.7929 | out_nov=0.2064 out_pen=0.7936 | node_nov=1.1638 node_pen=0.8362 | ip_mean=0.9984 ip_std=0.0007 | val_AP=0.4639 test_AP=0.4526
Epoch  51/500 [113.4s mem=9410MB] | total=1.7268 task=0.1312 train_AP=0.7987 | out_nov=0.2160 out_pen=0.7840 | node_nov=1.1964 node_pen=0.8036 | ip_mean=0.9985 ip_std=0.0008 | val_AP=0.4684 test_AP=0.4652
Epoch  52/500 [134.2s mem=9362MB] | total=1.7881 task=0.1255 train_AP=0.8025 | out_nov=0.2175 out_pen=0.7825 | node_nov=1.1277 node_pen=0.8723 | ip_mean=0.9985 ip_std=0.0007 | val_AP=0.4674 test_AP=0.4520
Epoch  53/500 [110.8s mem=9387MB] | total=1.8063 task=0.1275 train_AP=0.8008 | out_nov=0.2045 out_pen=0.7955 | node_nov=1.1245 node_pen=0.8755 | ip_mean=0.9985 ip_std=0.0008 | val_AP=0.4755 test_AP=0.4626
Epoch  54/500 [134.2s mem=9388MB] | total=1.7097 task=0.1314 train_AP=0.8005 | out_nov=0.2073 out_pen=0.7927 | node_nov=1.2222 node_pen=0.7778 | ip_mean=0.9986 ip_std=0.0008 | val_AP=0.4677 test_AP=0.4465
Epoch  55/500 [118.6s mem=9383MB] | total=1.7843 task=0.1322 train_AP=0.8082 | out_nov=0.1975 out_pen=0.8025 | node_nov=1.1580 node_pen=0.8420 | ip_mean=0.9986 ip_std=0.0008 | val_AP=0.4715 test_AP=0.4597
Epoch  56/500 [132.6s mem=9389MB] | total=1.8595 task=0.1249 train_AP=0.8083 | out_nov=0.2023 out_pen=0.7977 | node_nov=1.0707 node_pen=0.9293 | ip_mean=0.9987 ip_std=0.0007 | val_AP=0.4783 test_AP=0.4620
Epoch  57/500 [133.3s mem=9395MB] | total=1.8459 task=0.1228 train_AP=0.8151 | out_nov=0.2147 out_pen=0.7853 | node_nov=1.0699 node_pen=0.9301 | ip_mean=0.9987 ip_std=0.0007 | val_AP=0.4663 test_AP=0.4647
Epoch  58/500 [115.0s mem=9387MB] | total=1.7466 task=0.1235 train_AP=0.8125 | out_nov=0.2222 out_pen=0.7778 | node_nov=1.1621 node_pen=0.8379 | ip_mean=0.9988 ip_std=0.0006 | val_AP=0.4710 test_AP=0.4647
Epoch  59/500 [132.1s mem=9370MB] | total=1.8460 task=0.1148 train_AP=0.8240 | out_nov=0.2117 out_pen=0.7883 | node_nov=1.0645 node_pen=0.9355 | ip_mean=0.9989 ip_std=0.0006 | val_AP=0.4838 test_AP=0.4645
Epoch  60/500 [115.0s mem=9405MB] | total=1.9125 task=0.1078 train_AP=0.8310 | out_nov=0.2093 out_pen=0.7907 | node_nov=0.9934 node_pen=1.0066 | ip_mean=0.9989 ip_std=0.0009 | val_AP=0.4656 test_AP=0.4554
Epoch  61/500 [129.9s mem=9404MB] | total=1.9226 task=0.1140 train_AP=0.8169 | out_nov=0.2004 out_pen=0.7996 | node_nov=0.9984 node_pen=1.0016 | ip_mean=0.9989 ip_std=0.0008 | val_AP=0.4789 test_AP=0.4580
Epoch  62/500 [116.3s mem=9393MB] | total=1.7613 task=0.1267 train_AP=0.7976 | out_nov=0.2164 out_pen=0.7836 | node_nov=1.1566 node_pen=0.8434 | ip_mean=0.9986 ip_std=0.0040 | val_AP=0.4875 test_AP=0.4828
Epoch  63/500 [131.6s mem=9406MB] | total=1.4746 task=0.1182 train_AP=0.8237 | out_nov=0.2264 out_pen=0.7736 | node_nov=1.4246 node_pen=0.5754 | ip_mean=0.9990 ip_std=0.0005 | val_AP=0.4628 test_AP=0.4633
Epoch  64/500 [128.6s mem=9360MB] | total=1.3679 task=0.1862 train_AP=0.6924 | out_nov=0.2458 out_pen=0.7542 | node_nov=1.5796 node_pen=0.4204 | ip_mean=0.9991 ip_std=0.0005 | val_AP=0.4541 test_AP=0.4202
Epoch  65/500 [124.3s mem=9381MB] | total=1.1603 task=0.1868 train_AP=0.6638 | out_nov=0.3208 out_pen=0.6792 | node_nov=1.7125 node_pen=0.2875 | ip_mean=0.9992 ip_std=0.0004 | val_AP=0.4380 test_AP=0.4258
Epoch  66/500 [131.6s mem=9415MB] | total=1.0428 task=0.1506 train_AP=0.7418 | out_nov=0.3204 out_pen=0.6796 | node_nov=1.7940 node_pen=0.2060 | ip_mean=0.9993 ip_std=0.0003 | val_AP=0.4617 test_AP=0.4546
Epoch  67/500 [115.1s mem=9409MB] | total=0.9549 task=0.1076 train_AP=0.8300 | out_nov=0.3257 out_pen=0.6743 | node_nov=1.8334 node_pen=0.1666 | ip_mean=0.9993 ip_std=0.0004 | val_AP=0.3714 test_AP=0.3681
Epoch  68/500 [131.9s mem=9383MB] | total=0.9122 task=0.1348 train_AP=0.7850 | out_nov=0.3668 out_pen=0.6332 | node_nov=1.8623 node_pen=0.1377 | ip_mean=0.9993 ip_std=0.0003 | val_AP=0.4239 test_AP=0.4213
Epoch  69/500 [116.1s mem=9405MB] | total=0.9913 task=0.1262 train_AP=0.8039 | out_nov=0.2536 out_pen=0.7464 | node_nov=1.8877 node_pen=0.1123 | ip_mean=0.9993 ip_std=0.0003 | val_AP=0.4865 test_AP=0.4762
Epoch  70/500 [131.9s mem=9365MB] | total=1.0583 task=0.1473 train_AP=0.7655 | out_nov=0.2262 out_pen=0.7738 | node_nov=1.8691 node_pen=0.1309 | ip_mean=0.9993 ip_std=0.0004 | val_AP=0.4697 test_AP=0.4565
Epoch  71/500 [118.0s mem=9409MB] | total=1.0261 task=0.1101 train_AP=0.8366 | out_nov=0.2113 out_pen=0.7887 | node_nov=1.8788 node_pen=0.1212 | ip_mean=0.9993 ip_std=0.0004 | val_AP=0.4797 test_AP=0.4741
Epoch  72/500 [128.7s mem=9416MB] | total=1.0927 task=0.1648 train_AP=0.7447 | out_nov=0.2161 out_pen=0.7839 | node_nov=1.8621 node_pen=0.1379 | ip_mean=0.9993 ip_std=0.0004 | val_AP=0.4613 test_AP=0.4558
Epoch  73/500 [137.8s mem=9392MB] | total=1.0350 task=0.1104 train_AP=0.8251 | out_nov=0.1938 out_pen=0.8062 | node_nov=1.8878 node_pen=0.1122 | ip_mean=0.9993 ip_std=0.0004 | val_AP=0.4834 test_AP=0.4584
Epoch  74/500 [114.1s mem=9386MB] | total=1.0222 task=0.0966 train_AP=0.8575 | out_nov=0.2058 out_pen=0.7942 | node_nov=1.8764 node_pen=0.1236 | ip_mean=0.9954 ip_std=0.0164 | val_AP=0.4690 test_AP=0.4581
Epoch  75/500 [137.3s mem=9366MB] | total=0.9690 task=0.1038 train_AP=0.8731 | out_nov=0.2331 out_pen=0.7669 | node_nov=1.9090 node_pen=0.0910 | ip_mean=0.9990 ip_std=0.0014 | val_AP=0.4854 test_AP=0.4642
Epoch  76/500 [112.2s mem=9388MB] | total=1.0237 task=0.1177 train_AP=0.8517 | out_nov=0.2098 out_pen=0.7902 | node_nov=1.8909 node_pen=0.1091 | ip_mean=0.9991 ip_std=0.0007 | val_AP=0.4489 test_AP=0.4393
Epoch  77/500 [135.1s mem=9405MB] | total=0.9889 task=0.1260 train_AP=0.8553 | out_nov=0.2290 out_pen=0.7710 | node_nov=1.9143 node_pen=0.0857 | ip_mean=0.9992 ip_std=0.0005 | val_AP=0.4777 test_AP=0.4645
Epoch  78/500 [113.8s mem=9399MB] | total=0.9697 task=0.1089 train_AP=0.8882 | out_nov=0.2357 out_pen=0.7643 | node_nov=1.9094 node_pen=0.0906 | ip_mean=0.9992 ip_std=0.0006 | val_AP=0.4726 test_AP=0.4573
Epoch  79/500 [132.9s mem=9385MB] | total=0.9706 task=0.1204 train_AP=0.8986 | out_nov=0.2599 out_pen=0.7401 | node_nov=1.8958 node_pen=0.1042 | ip_mean=0.9993 ip_std=0.0004 | val_AP=0.4720 test_AP=0.4694
Epoch  80/500 [123.6s mem=9371MB] | total=0.9596 task=0.1276 train_AP=0.9083 | out_nov=0.2802 out_pen=0.7198 | node_nov=1.8936 node_pen=0.1064 | ip_mean=0.9993 ip_std=0.0004 | val_AP=0.4749 test_AP=0.4564
Epoch  81/500 [129.4s mem=9379MB] | total=0.9729 task=0.1377 train_AP=0.8752 | out_nov=0.2685 out_pen=0.7315 | node_nov=1.9020 node_pen=0.0980 | ip_mean=0.9993 ip_std=0.0006 | val_AP=0.4833 test_AP=0.4753
Epoch  82/500 [137.8s mem=9366MB] | total=0.9487 task=0.0992 train_AP=0.9094 | out_nov=0.2381 out_pen=0.7619 | node_nov=1.9181 node_pen=0.0819 | ip_mean=0.9993 ip_std=0.0008 | val_AP=0.4802 test_AP=0.4762
Epoch  83/500 [116.5s mem=9394MB] | total=0.9290 task=0.1092 train_AP=0.9121 | out_nov=0.2627 out_pen=0.7373 | node_nov=1.9232 node_pen=0.0768 | ip_mean=0.9994 ip_std=0.0004 | val_AP=0.4757 test_AP=0.4767
Epoch  84/500 [138.9s mem=9407MB] | total=0.9563 task=0.1177 train_AP=0.9011 | out_nov=0.2458 out_pen=0.7542 | node_nov=1.9213 node_pen=0.0787 | ip_mean=0.9994 ip_std=0.0005 | val_AP=0.4712 test_AP=0.4587
Epoch  85/500 [111.6s mem=9386MB] | total=0.9564 task=0.1119 train_AP=0.9081 | out_nov=0.2438 out_pen=0.7562 | node_nov=1.9172 node_pen=0.0828 | ip_mean=0.9994 ip_std=0.0004 | val_AP=0.4813 test_AP=0.4716
Epoch  86/500 [135.1s mem=9409MB] | total=0.9895 task=0.1280 train_AP=0.9082 | out_nov=0.2554 out_pen=0.7446 | node_nov=1.8886 node_pen=0.1114 | ip_mean=0.9994 ip_std=0.0004 | val_AP=0.4442 test_AP=0.4475
Epoch  87/500 [111.6s mem=9387MB] | total=0.9387 task=0.1128 train_AP=0.9164 | out_nov=0.2579 out_pen=0.7421 | node_nov=1.9218 node_pen=0.0782 | ip_mean=0.9993 ip_std=0.0005 | val_AP=0.4720 test_AP=0.4701
Epoch  88/500 [132.5s mem=9388MB] | total=0.9787 task=0.1188 train_AP=0.9041 | out_nov=0.2408 out_pen=0.7592 | node_nov=1.9048 node_pen=0.0952 | ip_mean=0.9994 ip_std=0.0004 | val_AP=0.4727 test_AP=0.4720
Epoch  89/500 [122.0s mem=9366MB] | total=0.9505 task=0.1250 train_AP=0.8994 | out_nov=0.2785 out_pen=0.7215 | node_nov=1.9015 node_pen=0.0985 | ip_mean=0.9994 ip_std=0.0004 | val_AP=0.4853 test_AP=0.4676
Early stopping at epoch 89. Best val AP=0.4899 at epoch 39.
Stage 3 done. Best val AP=0.4899 at epoch 39. Diagnostics saved to checkpoints_self_novelty_vanilla/stage3_diagnostics.pkl
