+ python main_self_novelty.py --stage all --backbone vanilla_gt --generator graph_coarsening --num_proxies 32 --hidden_dim 256 --num_heads 8 --num_gred_layers 8 --num_transformer_layers 2 --state_dim 88 --use_lap_pe --lap_pe_dim 8 --batch_size 128 --num_workers 4 --s1_lr 5e-4 --s1_max_epochs 500 --s1_patience 50 --s2_lr 5e-4 --s2_max_epochs 500 --s2_patience 50 --s3_lr_gen 5e-4 --s3_lr_transformer 5e-4 --s3_max_epochs 500 --s3_patience 50 --novelty_temperature 1.0 --novelty_alpha 1.0 --novelty_alpha_node 1.0 --save_dir checkpoints_self_novelty_vanilla_2
{'config': None, 'stage': 'all', 'generator': 'graph_coarsening', 'backbone': 'vanilla_gt', 'model_path': None, 'generator_path': None, 'hidden_dim': 256, 'num_layers': 5, 'num_heads': 8, 'output_dim': 10, 'dropout': 0.1, 'num_proxies': 32, 'use_lap_pe': True, 'lap_pe_dim': 8, 'state_dim': 88, 'num_gred_layers': 8, 'num_transformer_layers': 2, 'gred_expand': 1, 'r_min': 0.0, 'r_max': 1.0, 'max_phase': 6.28, 'gred_act': 'full-glu', 'max_hops': 40, 'dist_mask_workers': 8, 's1_lr': 0.0005, 's1_weight_decay': 0.0003, 's1_max_epochs': 500, 's1_patience': 50, 's1_grad_clip': 1.0, 's2_lr': 0.0005, 's2_weight_decay': 0.0003, 's2_max_epochs': 500, 's2_patience': 50, 's2_eval_every': 1, 's2_grad_clip': 1.0, 's3_lr_gen': 0.0005, 's3_lr_transformer': 0.0005, 's3_max_epochs': 500, 's3_patience': 50, 's3_grad_clip': 1.0, 's3_weight_decay': 0.0001, 'novelty_temperature': 1.0, 'novelty_alpha': 1.0, 'novelty_alpha_node': 1.0, 'diversity_weight': 1.0, 'gen_hidden_dim': 256, 'gen_num_layers': 4, 'gen_num_heads': 8, 'gen_dropout': 0.2, 'pma_query_mode': 'farthest_point', 'coarsen_gnn_type': 'GIN', 'coarsen_reg_weight': 0.1, 'coarsen_reg_type': 'mincut', 'gnn_layers': 4, 'gnn_type': 'GINE', 'pool_types': ['max'], 'decode_hidden': 128, 'decode_layers': 3, 'idx_emb_dim': 128, 'decode_mode': 'shared', 'denoiser_dim': 256, 'denoiser_layers': 4, 'denoiser_heads': 8, 'euler_steps': 1, 'use_cross_attn_routing': False, 'num_cross_layers': 2, 'cross_attn_proxy_self_attn': True, 'proxy_insertion_layers': '-1', 'separate_proxy_generators': False, 'separate_proxy_routers': False, 'proxy_aux_loss_decay': 1.0, 'readout_scope': 'all_tokens', 'batch_size': 128, 'num_workers': 4, 'lr_min': 1e-07, 'warmup_ratio': 0.05, 'recurrent_lr_factor': 1.0, 'save_dir': 'checkpoints_self_novelty_vanilla_2', 'device': 'cuda'}
Saved code snapshot to checkpoints_self_novelty_vanilla_2/code_snapshot.zip

============================================================
STAGE 1: Pretrain backbone (vanilla_gt)
============================================================
  Parameters: 4,125,962
Epoch   1/500 [22.3s mem=14795MB] | train_loss=1.9871 train_AP=0.1883 | val_loss=0.5807 val_AP=0.2340
  -> New best val AP=0.2340, saved
Epoch   2/500 [21.9s mem=14793MB] | train_loss=0.4880 train_AP=0.2121 | val_loss=0.3973 val_AP=0.2403
  -> New best val AP=0.2403, saved
Epoch   3/500 [21.9s mem=14800MB] | train_loss=0.4386 train_AP=0.2115 | val_loss=0.3474 val_AP=0.2629
  -> New best val AP=0.2629, saved
Epoch   4/500 [24.8s mem=14794MB] | train_loss=0.4098 train_AP=0.2248 | val_loss=0.4286 val_AP=0.2518
Epoch   5/500 [26.2s mem=14798MB] | train_loss=0.4059 train_AP=0.2281 | val_loss=0.3758 val_AP=0.2526
Epoch   6/500 [25.4s mem=14796MB] | train_loss=0.4181 train_AP=0.2235 | val_loss=0.4051 val_AP=0.2449
Epoch   7/500 [24.6s mem=14799MB] | train_loss=0.3921 train_AP=0.2287 | val_loss=0.5272 val_AP=0.2542
Epoch   8/500 [25.3s mem=14798MB] | train_loss=0.3860 train_AP=0.2307 | val_loss=0.3487 val_AP=0.2595
Epoch   9/500 [25.6s mem=14795MB] | train_loss=0.3738 train_AP=0.2366 | val_loss=0.3225 val_AP=0.2722
  -> New best val AP=0.2722, saved
Epoch  10/500 [25.9s mem=14794MB] | train_loss=0.3854 train_AP=0.2396 | val_loss=0.3522 val_AP=0.2790
  -> New best val AP=0.2790, saved
Epoch  11/500 [25.4s mem=14802MB] | train_loss=0.3743 train_AP=0.2454 | val_loss=0.3259 val_AP=0.2834
  -> New best val AP=0.2834, saved
Epoch  12/500 [25.0s mem=14798MB] | train_loss=0.3482 train_AP=0.2492 | val_loss=0.3270 val_AP=0.2723
Epoch  13/500 [25.2s mem=14800MB] | train_loss=0.3435 train_AP=0.2516 | val_loss=0.3332 val_AP=0.2749
Epoch  14/500 [25.3s mem=14799MB] | train_loss=0.3784 train_AP=0.2483 | val_loss=0.3491 val_AP=0.2867
  -> New best val AP=0.2867, saved
Epoch  15/500 [24.7s mem=14801MB] | train_loss=0.3475 train_AP=0.2515 | val_loss=0.3250 val_AP=0.2708
Epoch  16/500 [25.7s mem=14796MB] | train_loss=0.3380 train_AP=0.2609 | val_loss=0.3183 val_AP=0.2785
Epoch  17/500 [25.4s mem=14797MB] | train_loss=0.3515 train_AP=0.2568 | val_loss=0.3259 val_AP=0.2849
Epoch  18/500 [24.7s mem=14797MB] | train_loss=0.3342 train_AP=0.2592 | val_loss=0.3548 val_AP=0.2965
  -> New best val AP=0.2965, saved
Epoch  19/500 [25.2s mem=14794MB] | train_loss=0.3355 train_AP=0.2616 | val_loss=0.3217 val_AP=0.2760
Epoch  20/500 [21.2s mem=14798MB] | train_loss=0.3301 train_AP=0.2692 | val_loss=0.3129 val_AP=0.3032
  -> New best val AP=0.3032, saved
Epoch  21/500 [19.9s mem=14798MB] | train_loss=0.3330 train_AP=0.2767 | val_loss=0.3224 val_AP=0.2845
Epoch  22/500 [21.1s mem=14795MB] | train_loss=0.3540 train_AP=0.2709 | val_loss=0.3166 val_AP=0.3180
  -> New best val AP=0.3180, saved
Epoch  23/500 [24.7s mem=14795MB] | train_loss=0.3281 train_AP=0.2789 | val_loss=0.3087 val_AP=0.3123
Epoch  24/500 [25.4s mem=14794MB] | train_loss=0.3238 train_AP=0.2896 | val_loss=0.6758 val_AP=0.2413
Epoch  25/500 [25.4s mem=14796MB] | train_loss=0.3342 train_AP=0.2876 | val_loss=0.3029 val_AP=0.3495
  -> New best val AP=0.3495, saved
Epoch  26/500 [24.4s mem=14799MB] | train_loss=0.3231 train_AP=0.3010 | val_loss=0.3058 val_AP=0.3593
  -> New best val AP=0.3593, saved
Epoch  27/500 [24.8s mem=14794MB] | train_loss=0.3171 train_AP=0.3149 | val_loss=0.2918 val_AP=0.3639
  -> New best val AP=0.3639, saved
Epoch  28/500 [24.7s mem=14797MB] | train_loss=0.3134 train_AP=0.3173 | val_loss=0.3020 val_AP=0.3440
Epoch  29/500 [25.5s mem=14797MB] | train_loss=0.3090 train_AP=0.3270 | val_loss=0.2927 val_AP=0.3677
  -> New best val AP=0.3677, saved
Epoch  30/500 [25.5s mem=14795MB] | train_loss=0.3078 train_AP=0.3297 | val_loss=0.2853 val_AP=0.3826
  -> New best val AP=0.3826, saved
Epoch  31/500 [25.3s mem=14799MB] | train_loss=0.3010 train_AP=0.3404 | val_loss=0.2923 val_AP=0.3781
Epoch  32/500 [26.5s mem=14796MB] | train_loss=0.3023 train_AP=0.3382 | val_loss=0.2828 val_AP=0.3886
  -> New best val AP=0.3886, saved
Epoch  33/500 [24.6s mem=14800MB] | train_loss=0.2971 train_AP=0.3486 | val_loss=0.2865 val_AP=0.3829
Epoch  34/500 [25.1s mem=14796MB] | train_loss=0.2943 train_AP=0.3566 | val_loss=0.2808 val_AP=0.3987
  -> New best val AP=0.3987, saved
Epoch  35/500 [25.9s mem=14794MB] | train_loss=0.2924 train_AP=0.3601 | val_loss=0.2908 val_AP=0.3838
Epoch  36/500 [25.9s mem=14783MB] | train_loss=0.2955 train_AP=0.3546 | val_loss=0.2820 val_AP=0.3964
Epoch  37/500 [25.8s mem=14794MB] | train_loss=0.2866 train_AP=0.3710 | val_loss=0.2731 val_AP=0.4097
  -> New best val AP=0.4097, saved
Epoch  38/500 [25.3s mem=14796MB] | train_loss=0.2907 train_AP=0.3653 | val_loss=0.2892 val_AP=0.4012
Epoch  39/500 [20.5s mem=14797MB] | train_loss=0.2872 train_AP=0.3681 | val_loss=0.2767 val_AP=0.4114
  -> New best val AP=0.4114, saved
Epoch  40/500 [20.1s mem=14797MB] | train_loss=0.2858 train_AP=0.3769 | val_loss=0.2749 val_AP=0.4279
  -> New best val AP=0.4279, saved
Epoch  41/500 [20.8s mem=14798MB] | train_loss=0.2806 train_AP=0.3825 | val_loss=0.2764 val_AP=0.4273
Epoch  42/500 [24.6s mem=14799MB] | train_loss=0.2783 train_AP=0.3876 | val_loss=0.2742 val_AP=0.4326
  -> New best val AP=0.4326, saved
Epoch  43/500 [25.6s mem=14794MB] | train_loss=0.2780 train_AP=0.3917 | val_loss=0.3585 val_AP=0.3766
Epoch  44/500 [24.8s mem=14794MB] | train_loss=0.2794 train_AP=0.3923 | val_loss=0.2723 val_AP=0.4298
Epoch  45/500 [26.6s mem=14797MB] | train_loss=0.2803 train_AP=0.3848 | val_loss=0.2878 val_AP=0.4324
Epoch  46/500 [24.8s mem=14798MB] | train_loss=0.2709 train_AP=0.4057 | val_loss=0.2707 val_AP=0.4273
Epoch  47/500 [25.3s mem=14792MB] | train_loss=0.2694 train_AP=0.4064 | val_loss=0.2685 val_AP=0.4356
  -> New best val AP=0.4356, saved
Epoch  48/500 [25.4s mem=14794MB] | train_loss=0.2773 train_AP=0.4039 | val_loss=0.3967 val_AP=0.3821
Epoch  49/500 [25.0s mem=14794MB] | train_loss=0.2668 train_AP=0.4106 | val_loss=0.2705 val_AP=0.4161
Epoch  50/500 [25.7s mem=14799MB] | train_loss=0.2626 train_AP=0.4157 | val_loss=0.2631 val_AP=0.4374
  -> New best val AP=0.4374, saved
Epoch  51/500 [25.0s mem=14800MB] | train_loss=0.2670 train_AP=0.4114 | val_loss=0.2621 val_AP=0.4489
  -> New best val AP=0.4489, saved
Epoch  52/500 [24.5s mem=14800MB] | train_loss=0.2577 train_AP=0.4277 | val_loss=0.2709 val_AP=0.4280
Epoch  53/500 [25.1s mem=14798MB] | train_loss=0.2574 train_AP=0.4296 | val_loss=0.2641 val_AP=0.4607
  -> New best val AP=0.4607, saved
Epoch  54/500 [24.9s mem=14796MB] | train_loss=0.2540 train_AP=0.4330 | val_loss=0.2615 val_AP=0.4652
  -> New best val AP=0.4652, saved
Epoch  55/500 [25.1s mem=14798MB] | train_loss=0.2573 train_AP=0.4294 | val_loss=0.2666 val_AP=0.4498
Epoch  56/500 [25.8s mem=14795MB] | train_loss=0.2505 train_AP=0.4421 | val_loss=0.2600 val_AP=0.4524
Epoch  57/500 [25.8s mem=14801MB] | train_loss=0.2471 train_AP=0.4505 | val_loss=0.2783 val_AP=0.4473
Epoch  58/500 [21.6s mem=14798MB] | train_loss=0.2451 train_AP=0.4507 | val_loss=0.2764 val_AP=0.4587
Epoch  59/500 [20.9s mem=14794MB] | train_loss=0.2415 train_AP=0.4605 | val_loss=0.2722 val_AP=0.4605
Epoch  60/500 [21.0s mem=14798MB] | train_loss=0.2437 train_AP=0.4583 | val_loss=0.2609 val_AP=0.4482
Epoch  61/500 [24.7s mem=14798MB] | train_loss=0.2392 train_AP=0.4661 | val_loss=0.2651 val_AP=0.4542
Epoch  62/500 [24.9s mem=14797MB] | train_loss=0.2374 train_AP=0.4663 | val_loss=0.2659 val_AP=0.4609
Epoch  63/500 [25.2s mem=14799MB] | train_loss=0.2316 train_AP=0.4776 | val_loss=0.2681 val_AP=0.4436
Epoch  64/500 [24.4s mem=14796MB] | train_loss=0.2374 train_AP=0.4771 | val_loss=0.2627 val_AP=0.4611
Epoch  65/500 [25.0s mem=14799MB] | train_loss=0.2273 train_AP=0.4854 | val_loss=0.2597 val_AP=0.4740
  -> New best val AP=0.4740, saved
Epoch  66/500 [25.5s mem=14797MB] | train_loss=0.2249 train_AP=0.4944 | val_loss=0.2683 val_AP=0.4524
Epoch  67/500 [25.2s mem=14800MB] | train_loss=0.2243 train_AP=0.4947 | val_loss=0.2663 val_AP=0.4619
Epoch  68/500 [26.0s mem=14796MB] | train_loss=0.2261 train_AP=0.4872 | val_loss=0.2889 val_AP=0.4476
Epoch  69/500 [24.5s mem=14797MB] | train_loss=0.2179 train_AP=0.5045 | val_loss=0.2714 val_AP=0.4557
Epoch  70/500 [26.3s mem=14798MB] | train_loss=0.2182 train_AP=0.5097 | val_loss=0.2907 val_AP=0.4420
Epoch  71/500 [24.8s mem=14798MB] | train_loss=0.2160 train_AP=0.5122 | val_loss=0.2745 val_AP=0.4508
Epoch  72/500 [25.3s mem=14796MB] | train_loss=0.2129 train_AP=0.5171 | val_loss=0.2732 val_AP=0.4770
  -> New best val AP=0.4770, saved
Epoch  73/500 [24.8s mem=14798MB] | train_loss=0.2061 train_AP=0.5313 | val_loss=0.2967 val_AP=0.4772
  -> New best val AP=0.4772, saved
Epoch  74/500 [24.3s mem=14798MB] | train_loss=0.2075 train_AP=0.5303 | val_loss=0.2729 val_AP=0.4682
Epoch  75/500 [25.0s mem=14796MB] | train_loss=0.1979 train_AP=0.5449 | val_loss=0.2840 val_AP=0.4525
Epoch  76/500 [26.3s mem=14803MB] | train_loss=0.1972 train_AP=0.5486 | val_loss=0.2918 val_AP=0.4637
Epoch  77/500 [24.1s mem=14794MB] | train_loss=0.1988 train_AP=0.5508 | val_loss=0.2810 val_AP=0.4687
Epoch  78/500 [20.5s mem=14799MB] | train_loss=0.1882 train_AP=0.5598 | val_loss=0.3177 val_AP=0.4517
Epoch  79/500 [22.0s mem=14798MB] | train_loss=0.1855 train_AP=0.5739 | val_loss=0.2920 val_AP=0.4508
Epoch  80/500 [22.6s mem=14800MB] | train_loss=0.1885 train_AP=0.5656 | val_loss=0.3256 val_AP=0.4548
Epoch  81/500 [24.8s mem=14795MB] | train_loss=0.1892 train_AP=0.5738 | val_loss=0.2925 val_AP=0.4686
Epoch  82/500 [25.9s mem=14794MB] | train_loss=0.1816 train_AP=0.5906 | val_loss=0.3300 val_AP=0.4489
Epoch  83/500 [26.2s mem=14794MB] | train_loss=0.1856 train_AP=0.5793 | val_loss=0.3115 val_AP=0.4731
Epoch  84/500 [25.1s mem=14798MB] | train_loss=0.1724 train_AP=0.6049 | val_loss=0.3388 val_AP=0.4571
Epoch  85/500 [25.0s mem=14798MB] | train_loss=0.1731 train_AP=0.6068 | val_loss=0.3525 val_AP=0.4663
Epoch  86/500 [25.5s mem=14798MB] | train_loss=0.1670 train_AP=0.6222 | val_loss=0.3499 val_AP=0.4835
  -> New best val AP=0.4835, saved
Epoch  87/500 [24.7s mem=14795MB] | train_loss=0.1689 train_AP=0.6164 | val_loss=0.3424 val_AP=0.4660
Epoch  88/500 [24.5s mem=14800MB] | train_loss=0.1670 train_AP=0.6254 | val_loss=0.3382 val_AP=0.4718
Epoch  89/500 [25.4s mem=14797MB] | train_loss=0.1574 train_AP=0.6424 | val_loss=0.3714 val_AP=0.4651
Epoch  90/500 [24.8s mem=14799MB] | train_loss=0.1610 train_AP=0.6426 | val_loss=0.3586 val_AP=0.4707
Epoch  91/500 [26.4s mem=14795MB] | train_loss=0.1556 train_AP=0.6590 | val_loss=0.3776 val_AP=0.4874
  -> New best val AP=0.4874, saved
Epoch  92/500 [24.8s mem=14799MB] | train_loss=0.1543 train_AP=0.6649 | val_loss=0.3508 val_AP=0.4657
Epoch  93/500 [24.9s mem=14794MB] | train_loss=0.1552 train_AP=0.6652 | val_loss=0.4054 val_AP=0.4862
Epoch  94/500 [25.3s mem=14792MB] | train_loss=0.1510 train_AP=0.6714 | val_loss=0.3451 val_AP=0.4912
  -> New best val AP=0.4912, saved
Epoch  95/500 [25.5s mem=14798MB] | train_loss=0.1440 train_AP=0.6849 | val_loss=0.3929 val_AP=0.4987
  -> New best val AP=0.4987, saved
Epoch  96/500 [25.1s mem=14797MB] | train_loss=0.1381 train_AP=0.7062 | val_loss=0.3249 val_AP=0.4916
Epoch  97/500 [20.6s mem=14794MB] | train_loss=0.1385 train_AP=0.7110 | val_loss=0.3869 val_AP=0.4815
Epoch  98/500 [20.1s mem=14796MB] | train_loss=0.1384 train_AP=0.7079 | val_loss=0.4487 val_AP=0.4929
Epoch  99/500 [21.1s mem=14798MB] | train_loss=0.1344 train_AP=0.7208 | val_loss=0.3991 val_AP=0.4818
Epoch 100/500 [24.9s mem=14798MB] | train_loss=0.1387 train_AP=0.7181 | val_loss=0.4247 val_AP=0.4884
Epoch 101/500 [24.8s mem=14799MB] | train_loss=0.1399 train_AP=0.7274 | val_loss=0.3638 val_AP=0.4954
Epoch 102/500 [26.1s mem=14797MB] | train_loss=0.1293 train_AP=0.7301 | val_loss=0.4458 val_AP=0.4872
Epoch 103/500 [25.7s mem=14798MB] | train_loss=0.1217 train_AP=0.7553 | val_loss=0.4626 val_AP=0.4855
Epoch 104/500 [24.8s mem=14799MB] | train_loss=0.1176 train_AP=0.7594 | val_loss=0.4805 val_AP=0.4829
Epoch 105/500 [25.3s mem=14800MB] | train_loss=0.1217 train_AP=0.7575 | val_loss=0.4566 val_AP=0.5026
  -> New best val AP=0.5026, saved
Epoch 106/500 [24.4s mem=14801MB] | train_loss=0.1256 train_AP=0.7541 | val_loss=0.4425 val_AP=0.4772
Epoch 107/500 [25.3s mem=14794MB] | train_loss=0.1230 train_AP=0.7581 | val_loss=0.4179 val_AP=0.4481
Epoch 108/500 [25.5s mem=14802MB] | train_loss=0.1241 train_AP=0.7516 | val_loss=0.4353 val_AP=0.4926
Epoch 109/500 [24.4s mem=14798MB] | train_loss=0.1124 train_AP=0.7789 | val_loss=0.4839 val_AP=0.4966
Epoch 110/500 [25.3s mem=14798MB] | train_loss=0.1112 train_AP=0.7818 | val_loss=0.4736 val_AP=0.4900
Epoch 111/500 [24.6s mem=14799MB] | train_loss=0.1050 train_AP=0.7970 | val_loss=0.4621 val_AP=0.4783
Epoch 112/500 [24.7s mem=14799MB] | train_loss=0.1060 train_AP=0.7911 | val_loss=0.5684 val_AP=0.4943
Epoch 113/500 [25.0s mem=14795MB] | train_loss=0.1114 train_AP=0.7830 | val_loss=0.4868 val_AP=0.4620
Epoch 114/500 [25.7s mem=14801MB] | train_loss=0.1000 train_AP=0.8074 | val_loss=0.4967 val_AP=0.4942
Epoch 115/500 [25.1s mem=14797MB] | train_loss=0.1035 train_AP=0.8011 | val_loss=0.4461 val_AP=0.4748
Epoch 116/500 [22.9s mem=14794MB] | train_loss=0.1030 train_AP=0.8026 | val_loss=0.4775 val_AP=0.4899
Epoch 117/500 [20.9s mem=14796MB] | train_loss=0.0960 train_AP=0.8114 | val_loss=0.4596 val_AP=0.4787
Epoch 118/500 [20.7s mem=14794MB] | train_loss=0.0985 train_AP=0.8092 | val_loss=0.4400 val_AP=0.4833
Epoch 119/500 [25.2s mem=14799MB] | train_loss=0.0916 train_AP=0.8215 | val_loss=0.4665 val_AP=0.4703
Epoch 120/500 [25.1s mem=14794MB] | train_loss=0.0923 train_AP=0.8231 | val_loss=0.4947 val_AP=0.4850
Epoch 121/500 [25.6s mem=14797MB] | train_loss=0.0886 train_AP=0.8295 | val_loss=0.5340 val_AP=0.4936
Epoch 122/500 [25.5s mem=14798MB] | train_loss=0.0905 train_AP=0.8345 | val_loss=0.5302 val_AP=0.4860
Epoch 123/500 [24.4s mem=14797MB] | train_loss=0.0844 train_AP=0.8410 | val_loss=0.4987 val_AP=0.4836
Epoch 124/500 [25.8s mem=14799MB] | train_loss=0.0859 train_AP=0.8397 | val_loss=0.4897 val_AP=0.5004
Epoch 125/500 [25.3s mem=14798MB] | train_loss=0.0842 train_AP=0.8492 | val_loss=0.5597 val_AP=0.4986
Epoch 126/500 [25.6s mem=14798MB] | train_loss=0.0817 train_AP=0.8518 | val_loss=0.6133 val_AP=0.4887
Epoch 127/500 [24.6s mem=14797MB] | train_loss=0.0828 train_AP=0.8459 | val_loss=0.5282 val_AP=0.4847
Epoch 128/500 [24.7s mem=14798MB] | train_loss=0.0796 train_AP=0.8595 | val_loss=0.6445 val_AP=0.4828
Epoch 129/500 [25.7s mem=14798MB] | train_loss=0.0816 train_AP=0.8565 | val_loss=0.5414 val_AP=0.4926
Epoch 130/500 [24.7s mem=14798MB] | train_loss=0.0798 train_AP=0.8584 | val_loss=0.5623 val_AP=0.5068
  -> New best val AP=0.5068, saved
Epoch 131/500 [24.8s mem=14798MB] | train_loss=0.0779 train_AP=0.8624 | val_loss=0.5769 val_AP=0.4974
Epoch 132/500 [25.6s mem=14793MB] | train_loss=0.0806 train_AP=0.8567 | val_loss=0.5972 val_AP=0.4943
Epoch 133/500 [25.6s mem=14793MB] | train_loss=0.0735 train_AP=0.8696 | val_loss=0.6987 val_AP=0.4778
Epoch 134/500 [24.6s mem=14799MB] | train_loss=0.0717 train_AP=0.8749 | val_loss=0.5797 val_AP=0.5089
  -> New best val AP=0.5089, saved
Epoch 135/500 [21.7s mem=14799MB] | train_loss=0.0703 train_AP=0.8735 | val_loss=0.5915 val_AP=0.4983
Epoch 136/500 [21.9s mem=14797MB] | train_loss=0.0743 train_AP=0.8766 | val_loss=0.6743 val_AP=0.4947
Epoch 137/500 [20.5s mem=14798MB] | train_loss=0.0685 train_AP=0.8830 | val_loss=0.6471 val_AP=0.4848
Epoch 138/500 [24.8s mem=14798MB] | train_loss=0.0675 train_AP=0.8859 | val_loss=0.6347 val_AP=0.4946
Epoch 139/500 [25.2s mem=14799MB] | train_loss=0.0646 train_AP=0.8862 | val_loss=0.6334 val_AP=0.4859
Epoch 140/500 [25.8s mem=14800MB] | train_loss=0.0662 train_AP=0.8908 | val_loss=0.5525 val_AP=0.4912
Epoch 141/500 [25.4s mem=14796MB] | train_loss=0.0648 train_AP=0.8852 | val_loss=0.7031 val_AP=0.4916
Epoch 142/500 [25.1s mem=14794MB] | train_loss=0.0677 train_AP=0.8867 | val_loss=0.6210 val_AP=0.4979
Epoch 143/500 [25.9s mem=14794MB] | train_loss=0.0625 train_AP=0.8948 | val_loss=0.7173 val_AP=0.4862
Epoch 144/500 [25.9s mem=14792MB] | train_loss=0.0677 train_AP=0.8932 | val_loss=0.6762 val_AP=0.4989
Epoch 145/500 [25.8s mem=14799MB] | train_loss=0.0610 train_AP=0.8968 | val_loss=0.6796 val_AP=0.5013
Epoch 146/500 [25.0s mem=14797MB] | train_loss=0.0630 train_AP=0.8981 | val_loss=0.8416 val_AP=0.4873
Epoch 147/500 [25.8s mem=14797MB] | train_loss=0.0637 train_AP=0.8997 | val_loss=0.5833 val_AP=0.4943
Epoch 148/500 [25.1s mem=14797MB] | train_loss=0.0579 train_AP=0.9086 | val_loss=0.9237 val_AP=0.5060
Epoch 149/500 [24.6s mem=14796MB] | train_loss=0.0602 train_AP=0.9011 | val_loss=0.7505 val_AP=0.4876
Epoch 150/500 [25.2s mem=14798MB] | train_loss=0.0558 train_AP=0.9165 | val_loss=0.7858 val_AP=0.5007
Epoch 151/500 [25.4s mem=14798MB] | train_loss=0.0545 train_AP=0.9176 | val_loss=0.8716 val_AP=0.4975
Epoch 152/500 [25.7s mem=14795MB] | train_loss=0.0544 train_AP=0.9167 | val_loss=0.8162 val_AP=0.4873
Epoch 153/500 [25.9s mem=14793MB] | train_loss=0.0559 train_AP=0.9147 | val_loss=0.9015 val_AP=0.4870
Epoch 154/500 [21.4s mem=14795MB] | train_loss=0.0614 train_AP=0.9077 | val_loss=0.7114 val_AP=0.4950
Epoch 155/500 [20.3s mem=14795MB] | train_loss=0.0539 train_AP=0.9161 | val_loss=0.7566 val_AP=0.4907
Epoch 156/500 [20.5s mem=14795MB] | train_loss=0.0526 train_AP=0.9238 | val_loss=0.8862 val_AP=0.5055
Epoch 157/500 [24.7s mem=14797MB] | train_loss=0.0509 train_AP=0.9280 | val_loss=0.8915 val_AP=0.5044
Epoch 158/500 [24.8s mem=14798MB] | train_loss=0.0487 train_AP=0.9299 | val_loss=0.8608 val_AP=0.4933
Epoch 159/500 [24.6s mem=14795MB] | train_loss=0.0512 train_AP=0.9303 | val_loss=0.7961 val_AP=0.5060
Epoch 160/500 [25.5s mem=14795MB] | train_loss=0.0478 train_AP=0.9336 | val_loss=0.9521 val_AP=0.5056
Epoch 161/500 [25.0s mem=14795MB] | train_loss=0.0520 train_AP=0.9322 | val_loss=0.7366 val_AP=0.5091
  -> New best val AP=0.5091, saved
Epoch 162/500 [25.2s mem=14797MB] | train_loss=0.0481 train_AP=0.9362 | val_loss=0.8338 val_AP=0.5061
Epoch 163/500 [25.2s mem=14796MB] | train_loss=0.0471 train_AP=0.9389 | val_loss=0.9379 val_AP=0.4944
Epoch 164/500 [25.3s mem=14795MB] | train_loss=0.0483 train_AP=0.9383 | val_loss=0.8560 val_AP=0.4957
Epoch 165/500 [24.8s mem=14797MB] | train_loss=0.0445 train_AP=0.9401 | val_loss=0.9115 val_AP=0.4998
Epoch 166/500 [25.4s mem=14800MB] | train_loss=0.0428 train_AP=0.9425 | val_loss=0.9638 val_AP=0.4966
Epoch 167/500 [24.9s mem=14797MB] | train_loss=0.0469 train_AP=0.9448 | val_loss=0.7890 val_AP=0.4927
Epoch 168/500 [24.7s mem=14800MB] | train_loss=0.0457 train_AP=0.9434 | val_loss=0.8520 val_AP=0.5073
Epoch 169/500 [25.3s mem=14800MB] | train_loss=0.0419 train_AP=0.9462 | val_loss=0.9174 val_AP=0.5006
Epoch 170/500 [25.5s mem=14795MB] | train_loss=0.0452 train_AP=0.9485 | val_loss=0.9259 val_AP=0.5121
  -> New best val AP=0.5121, saved
Epoch 171/500 [25.9s mem=14794MB] | train_loss=0.0446 train_AP=0.9429 | val_loss=0.9105 val_AP=0.5086
Epoch 172/500 [25.9s mem=14795MB] | train_loss=0.0408 train_AP=0.9470 | val_loss=0.8721 val_AP=0.5010
Epoch 173/500 [23.0s mem=14796MB] | train_loss=0.0414 train_AP=0.9512 | val_loss=0.9118 val_AP=0.5205
  -> New best val AP=0.5205, saved
Epoch 174/500 [20.9s mem=14797MB] | train_loss=0.0420 train_AP=0.9500 | val_loss=1.0804 val_AP=0.4957
Epoch 175/500 [20.5s mem=14796MB] | train_loss=0.0455 train_AP=0.9476 | val_loss=0.7434 val_AP=0.5152
Epoch 176/500 [22.7s mem=14796MB] | train_loss=0.0377 train_AP=0.9553 | val_loss=0.9880 val_AP=0.5159
Epoch 177/500 [24.6s mem=14794MB] | train_loss=0.0405 train_AP=0.9536 | val_loss=0.9235 val_AP=0.5029
Epoch 178/500 [25.1s mem=14799MB] | train_loss=0.0404 train_AP=0.9569 | val_loss=0.8848 val_AP=0.4954
Epoch 179/500 [24.7s mem=14797MB] | train_loss=0.0423 train_AP=0.9478 | val_loss=0.9820 val_AP=0.5147
Epoch 180/500 [25.5s mem=14798MB] | train_loss=0.0370 train_AP=0.9586 | val_loss=0.9664 val_AP=0.5054
Epoch 181/500 [25.1s mem=14795MB] | train_loss=0.0353 train_AP=0.9561 | val_loss=1.0073 val_AP=0.5096
Epoch 182/500 [25.1s mem=14796MB] | train_loss=0.0348 train_AP=0.9613 | val_loss=0.9645 val_AP=0.5115
Epoch 183/500 [25.1s mem=14796MB] | train_loss=0.0373 train_AP=0.9585 | val_loss=1.1533 val_AP=0.4963
Epoch 184/500 [25.3s mem=14796MB] | train_loss=0.0342 train_AP=0.9609 | val_loss=0.9953 val_AP=0.4900
Epoch 185/500 [24.9s mem=14796MB] | train_loss=0.0374 train_AP=0.9587 | val_loss=0.9498 val_AP=0.4914
Epoch 186/500 [24.7s mem=14797MB] | train_loss=0.0367 train_AP=0.9626 | val_loss=0.8283 val_AP=0.5081
Epoch 187/500 [25.3s mem=14796MB] | train_loss=0.0332 train_AP=0.9624 | val_loss=0.9833 val_AP=0.5007
Epoch 188/500 [25.2s mem=14797MB] | train_loss=0.0374 train_AP=0.9608 | val_loss=0.9788 val_AP=0.4987
Epoch 189/500 [26.2s mem=14797MB] | train_loss=0.0343 train_AP=0.9635 | val_loss=0.9415 val_AP=0.5050
Epoch 190/500 [25.0s mem=14793MB] | train_loss=0.0371 train_AP=0.9604 | val_loss=1.1014 val_AP=0.4981
Epoch 191/500 [25.5s mem=14795MB] | train_loss=0.0352 train_AP=0.9667 | val_loss=0.9040 val_AP=0.5141
Epoch 192/500 [25.0s mem=14797MB] | train_loss=0.0342 train_AP=0.9648 | val_loss=0.9835 val_AP=0.5052
Epoch 193/500 [20.4s mem=14798MB] | train_loss=0.0333 train_AP=0.9622 | val_loss=0.9917 val_AP=0.5091
Epoch 194/500 [20.3s mem=14802MB] | train_loss=0.0350 train_AP=0.9655 | val_loss=0.9190 val_AP=0.5063
Epoch 195/500 [20.5s mem=14800MB] | train_loss=0.0327 train_AP=0.9668 | val_loss=0.9784 val_AP=0.5166
Epoch 196/500 [24.6s mem=14799MB] | train_loss=0.0340 train_AP=0.9636 | val_loss=1.0685 val_AP=0.4978
Epoch 197/500 [24.7s mem=14799MB] | train_loss=0.0330 train_AP=0.9654 | val_loss=1.1119 val_AP=0.5078
Epoch 198/500 [24.6s mem=14801MB] | train_loss=0.0332 train_AP=0.9663 | val_loss=1.0818 val_AP=0.5191
Epoch 199/500 [24.6s mem=14800MB] | train_loss=0.0348 train_AP=0.9631 | val_loss=0.9244 val_AP=0.5035
Epoch 200/500 [24.8s mem=14799MB] | train_loss=0.0331 train_AP=0.9672 | val_loss=0.8885 val_AP=0.5177
Epoch 201/500 [25.5s mem=14797MB] | train_loss=0.0346 train_AP=0.9670 | val_loss=0.9440 val_AP=0.5130
Epoch 202/500 [25.5s mem=14797MB] | train_loss=0.0310 train_AP=0.9687 | val_loss=1.0337 val_AP=0.5188
Epoch 203/500 [25.1s mem=14793MB] | train_loss=0.0310 train_AP=0.9698 | val_loss=0.9746 val_AP=0.5195
Epoch 204/500 [25.7s mem=14797MB] | train_loss=0.0314 train_AP=0.9710 | val_loss=0.9972 val_AP=0.5146
Epoch 205/500 [25.2s mem=14799MB] | train_loss=0.0327 train_AP=0.9670 | val_loss=1.0188 val_AP=0.5063
Epoch 206/500 [25.1s mem=14796MB] | train_loss=0.0295 train_AP=0.9701 | val_loss=1.0671 val_AP=0.5000
Epoch 207/500 [24.9s mem=14798MB] | train_loss=0.0315 train_AP=0.9697 | val_loss=1.0012 val_AP=0.5122
Epoch 208/500 [25.0s mem=14793MB] | train_loss=0.0310 train_AP=0.9696 | val_loss=0.9236 val_AP=0.5142
Epoch 209/500 [25.4s mem=14796MB] | train_loss=0.0303 train_AP=0.9674 | val_loss=1.1466 val_AP=0.5113
Epoch 210/500 [24.6s mem=14795MB] | train_loss=0.0279 train_AP=0.9728 | val_loss=1.1900 val_AP=0.5103
Epoch 211/500 [24.2s mem=14799MB] | train_loss=0.0269 train_AP=0.9720 | val_loss=1.2232 val_AP=0.5144
Epoch 212/500 [22.7s mem=14794MB] | train_loss=0.0297 train_AP=0.9672 | val_loss=1.1007 val_AP=0.5125
Epoch 213/500 [21.4s mem=14798MB] | train_loss=0.0320 train_AP=0.9722 | val_loss=1.1372 val_AP=0.5118
Epoch 214/500 [21.2s mem=14795MB] | train_loss=0.0275 train_AP=0.9730 | val_loss=1.1586 val_AP=0.5119
Epoch 215/500 [24.2s mem=14800MB] | train_loss=0.0256 train_AP=0.9750 | val_loss=1.2514 val_AP=0.5161
Epoch 216/500 [26.0s mem=14794MB] | train_loss=0.0244 train_AP=0.9770 | val_loss=1.1938 val_AP=0.5098
Epoch 217/500 [25.4s mem=14798MB] | train_loss=0.0247 train_AP=0.9772 | val_loss=1.1752 val_AP=0.5200
Epoch 218/500 [24.2s mem=14794MB] | train_loss=0.0285 train_AP=0.9749 | val_loss=1.2900 val_AP=0.4994
Epoch 219/500 [25.4s mem=14799MB] | train_loss=0.0282 train_AP=0.9744 | val_loss=1.1952 val_AP=0.4955
Epoch 220/500 [24.9s mem=14799MB] | train_loss=0.0266 train_AP=0.9759 | val_loss=1.1782 val_AP=0.5033
Epoch 221/500 [25.4s mem=14794MB] | train_loss=0.0283 train_AP=0.9768 | val_loss=1.1203 val_AP=0.5107
Epoch 222/500 [25.2s mem=14798MB] | train_loss=0.0271 train_AP=0.9747 | val_loss=1.1198 val_AP=0.5179
Epoch 223/500 [25.2s mem=14798MB] | train_loss=0.0273 train_AP=0.9765 | val_loss=1.1469 val_AP=0.4979
Early stopping at epoch 223. Best val AP=0.5205 at epoch 173.
Stage 1 done. Best val AP=0.5205 at epoch 173.

============================================================
STAGE 2: Train generator (graph_coarsening) with self-novelty
  Backbone: vanilla_gt (frozen)
  alpha=1.0 alpha_node=1.0 T=1.0
============================================================
  Generator parameters: 1,326,368
Epoch   1/500 [61.0s mem=14798MB] | total=3.9142 task=0.1001 | out_nov=0.0445 out_pen=0.9555 | node_nov=0.1023 node_pen=1.8977 | div_loss=0.9436 | ip_mean=0.9436 ip_std=0.0125 | val_AP=0.4574 test_AP=0.4397
  -> New best val AP=0.4574
Epoch   2/500 [60.1s mem=14779MB] | total=3.4441 task=0.2971 | out_nov=0.1615 out_pen=0.8385 | node_nov=0.3657 node_pen=1.6343 | div_loss=0.6550 | ip_mean=0.6550 ip_std=0.1854 | val_AP=0.2910 test_AP=0.2883
Epoch   3/500 [48.0s mem=14756MB] | total=2.7147 task=0.4003 | out_nov=0.2645 out_pen=0.7355 | node_nov=0.5708 node_pen=1.4292 | div_loss=0.1304 | ip_mean=0.1304 ip_std=0.6769 | val_AP=0.2683 test_AP=0.2452
Epoch   4/500 [44.9s mem=14779MB] | total=2.4209 task=0.4343 | out_nov=0.3292 out_pen=0.6708 | node_nov=0.7034 node_pen=1.2966 | div_loss=0.0005 | ip_mean=0.0005 ip_std=0.8715 | val_AP=0.2347 test_AP=0.2217
Epoch   5/500 [60.3s mem=14745MB] | total=2.3448 task=0.4315 | out_nov=0.3349 out_pen=0.6651 | node_nov=0.7468 node_pen=1.2532 | div_loss=-0.0224 | ip_mean=-0.0224 ip_std=0.8918 | val_AP=0.2342 test_AP=0.2242
Epoch   6/500 [62.5s mem=14742MB] | total=2.3272 task=0.4329 | out_nov=0.3384 out_pen=0.6616 | node_nov=0.7608 node_pen=1.2392 | div_loss=-0.0237 | ip_mean=-0.0237 ip_std=0.8922 | val_AP=0.2341 test_AP=0.2126
Epoch   7/500 [61.5s mem=14751MB] | total=2.3053 task=0.4368 | out_nov=0.3402 out_pen=0.6598 | node_nov=0.7857 node_pen=1.2143 | div_loss=-0.0232 | ip_mean=-0.0232 ip_std=0.8804 | val_AP=0.2244 test_AP=0.2179
Epoch   8/500 [60.1s mem=14764MB] | total=2.2714 task=0.4367 | out_nov=0.3430 out_pen=0.6570 | node_nov=0.8148 node_pen=1.1852 | div_loss=-0.0245 | ip_mean=-0.0245 ip_std=0.8413 | val_AP=0.2236 test_AP=0.2174
Epoch   9/500 [55.5s mem=14754MB] | total=2.2476 task=0.4329 | out_nov=0.3429 out_pen=0.6571 | node_nov=0.8336 node_pen=1.1664 | div_loss=-0.0255 | ip_mean=-0.0255 ip_std=0.8229 | val_AP=0.2325 test_AP=0.2215
Epoch  10/500 [39.9s mem=14733MB] | total=2.2417 task=0.4310 | out_nov=0.3410 out_pen=0.6590 | node_nov=0.8397 node_pen=1.1603 | div_loss=-0.0255 | ip_mean=-0.0255 ip_std=0.8118 | val_AP=0.2305 test_AP=0.2230
Epoch  11/500 [60.1s mem=14719MB] | total=2.2292 task=0.4224 | out_nov=0.3382 out_pen=0.6618 | node_nov=0.8461 node_pen=1.1539 | div_loss=-0.0256 | ip_mean=-0.0256 ip_std=0.7485 | val_AP=0.2333 test_AP=0.2241
Epoch  12/500 [61.5s mem=14733MB] | total=2.2217 task=0.4170 | out_nov=0.3352 out_pen=0.6648 | node_nov=0.8498 node_pen=1.1502 | div_loss=-0.0269 | ip_mean=-0.0269 ip_std=0.7276 | val_AP=0.2455 test_AP=0.2358
Epoch  13/500 [61.2s mem=14777MB] | total=2.2147 task=0.4139 | out_nov=0.3343 out_pen=0.6657 | node_nov=0.8554 node_pen=1.1446 | div_loss=-0.0263 | ip_mean=-0.0263 ip_std=0.7145 | val_AP=0.2629 test_AP=0.2560
Epoch  14/500 [60.9s mem=14724MB] | total=2.2096 task=0.4169 | out_nov=0.3354 out_pen=0.6646 | node_nov=0.8624 node_pen=1.1376 | div_loss=-0.0261 | ip_mean=-0.0261 ip_std=0.7106 | val_AP=0.2583 test_AP=0.2546
Epoch  15/500 [61.3s mem=14749MB] | total=2.1971 task=0.4091 | out_nov=0.3315 out_pen=0.6685 | node_nov=0.8716 node_pen=1.1284 | div_loss=-0.0256 | ip_mean=-0.0256 ip_std=0.7072 | val_AP=0.2857 test_AP=0.2736
Epoch  16/500 [42.3s mem=14763MB] | total=2.1848 task=0.3989 | out_nov=0.3264 out_pen=0.6736 | node_nov=0.8788 node_pen=1.1212 | div_loss=-0.0254 | ip_mean=-0.0254 ip_std=0.7013 | val_AP=0.2788 test_AP=0.2704
Epoch  17/500 [53.3s mem=14765MB] | total=2.1834 task=0.4029 | out_nov=0.3285 out_pen=0.6715 | node_nov=0.8829 node_pen=1.1171 | div_loss=-0.0246 | ip_mean=-0.0246 ip_std=0.7039 | val_AP=0.2970 test_AP=0.2841
Epoch  18/500 [62.1s mem=14738MB] | total=2.1765 task=0.3983 | out_nov=0.3264 out_pen=0.6736 | node_nov=0.8865 node_pen=1.1135 | div_loss=-0.0252 | ip_mean=-0.0252 ip_std=0.7044 | val_AP=0.2740 test_AP=0.2629
Epoch  19/500 [62.5s mem=14746MB] | total=2.1656 task=0.3908 | out_nov=0.3232 out_pen=0.6768 | node_nov=0.8930 node_pen=1.1070 | div_loss=-0.0252 | ip_mean=-0.0252 ip_std=0.7012 | val_AP=0.3102 test_AP=0.2986
Epoch  20/500 [60.1s mem=14761MB] | total=2.1599 task=0.3855 | out_nov=0.3197 out_pen=0.6803 | node_nov=0.8970 node_pen=1.1030 | div_loss=-0.0249 | ip_mean=-0.0249 ip_std=0.7021 | val_AP=0.2977 test_AP=0.2874
Epoch  21/500 [59.0s mem=14777MB] | total=2.1530 task=0.3815 | out_nov=0.3185 out_pen=0.6815 | node_nov=0.9010 node_pen=1.0990 | div_loss=-0.0250 | ip_mean=-0.0250 ip_std=0.7027 | val_AP=0.3145 test_AP=0.2997
Epoch  22/500 [49.5s mem=14791MB] | total=2.1490 task=0.3796 | out_nov=0.3182 out_pen=0.6818 | node_nov=0.9035 node_pen=1.0965 | div_loss=-0.0247 | ip_mean=-0.0247 ip_std=0.7027 | val_AP=0.2962 test_AP=0.2894
Epoch  23/500 [45.0s mem=14765MB] | total=2.1462 task=0.3788 | out_nov=0.3173 out_pen=0.6827 | node_nov=0.9068 node_pen=1.0932 | div_loss=-0.0243 | ip_mean=-0.0243 ip_std=0.6993 | val_AP=0.3172 test_AP=0.2994
Epoch  24/500 [61.2s mem=14783MB] | total=2.1396 task=0.3713 | out_nov=0.3138 out_pen=0.6862 | node_nov=0.9093 node_pen=1.0907 | div_loss=-0.0243 | ip_mean=-0.0243 ip_std=0.6976 | val_AP=0.3102 test_AP=0.2988
Epoch  25/500 [61.1s mem=14778MB] | total=2.1367 task=0.3713 | out_nov=0.3134 out_pen=0.6866 | node_nov=0.9125 node_pen=1.0875 | div_loss=-0.0243 | ip_mean=-0.0243 ip_std=0.6984 | val_AP=0.3039 test_AP=0.2901
Epoch  26/500 [59.8s mem=14738MB] | total=2.1320 task=0.3691 | out_nov=0.3132 out_pen=0.6868 | node_nov=0.9153 node_pen=1.0847 | div_loss=-0.0242 | ip_mean=-0.0242 ip_std=0.6952 | val_AP=0.3177 test_AP=0.3147
Epoch  27/500 [60.8s mem=14799MB] | total=2.1204 task=0.3610 | out_nov=0.3098 out_pen=0.6902 | node_nov=0.9218 node_pen=1.0782 | div_loss=-0.0243 | ip_mean=-0.0243 ip_std=0.6960 | val_AP=0.3349 test_AP=0.3215
Epoch  28/500 [58.4s mem=14776MB] | total=2.1202 task=0.3614 | out_nov=0.3095 out_pen=0.6905 | node_nov=0.9236 node_pen=1.0764 | div_loss=-0.0235 | ip_mean=-0.0235 ip_std=0.6934 | val_AP=0.3075 test_AP=0.3020
Epoch  29/500 [38.7s mem=14740MB] | total=2.1168 task=0.3603 | out_nov=0.3087 out_pen=0.6913 | node_nov=0.9271 node_pen=1.0729 | div_loss=-0.0229 | ip_mean=-0.0229 ip_std=0.6928 | val_AP=0.3304 test_AP=0.3227
Epoch  30/500 [55.7s mem=14756MB] | total=2.1101 task=0.3590 | out_nov=0.3088 out_pen=0.6912 | node_nov=0.9321 node_pen=1.0679 | div_loss=-0.0232 | ip_mean=-0.0232 ip_std=0.6885 | val_AP=0.3113 test_AP=0.3003
Epoch  31/500 [60.5s mem=14793MB] | total=2.1070 task=0.3557 | out_nov=0.3065 out_pen=0.6935 | node_nov=0.9353 node_pen=1.0647 | div_loss=-0.0223 | ip_mean=-0.0223 ip_std=0.6889 | val_AP=0.3207 test_AP=0.3083
Epoch  32/500 [59.9s mem=14768MB] | total=2.0994 task=0.3528 | out_nov=0.3052 out_pen=0.6948 | node_nov=0.9407 node_pen=1.0593 | div_loss=-0.0226 | ip_mean=-0.0226 ip_std=0.6860 | val_AP=0.3183 test_AP=0.3063
Epoch  33/500 [60.9s mem=14768MB] | total=2.0999 task=0.3585 | out_nov=0.3084 out_pen=0.6916 | node_nov=0.9434 node_pen=1.0566 | div_loss=-0.0216 | ip_mean=-0.0216 ip_std=0.6863 | val_AP=0.3151 test_AP=0.3057
Epoch  34/500 [61.5s mem=14753MB] | total=2.0916 task=0.3505 | out_nov=0.3042 out_pen=0.6958 | node_nov=0.9474 node_pen=1.0526 | div_loss=-0.0221 | ip_mean=-0.0221 ip_std=0.6840 | val_AP=0.3113 test_AP=0.3031
Epoch  35/500 [47.1s mem=14787MB] | total=2.0871 task=0.3499 | out_nov=0.3042 out_pen=0.6958 | node_nov=0.9517 node_pen=1.0483 | div_loss=-0.0217 | ip_mean=-0.0217 ip_std=0.6828 | val_AP=0.3330 test_AP=0.3165
Epoch  36/500 [36.1s mem=14745MB] | total=2.0792 task=0.3481 | out_nov=0.3037 out_pen=0.6963 | node_nov=0.9585 node_pen=1.0415 | div_loss=-0.0214 | ip_mean=-0.0214 ip_std=0.6799 | val_AP=0.3403 test_AP=0.3284
Epoch  37/500 [28.7s mem=14792MB] | total=2.0745 task=0.3495 | out_nov=0.3040 out_pen=0.6960 | node_nov=0.9651 node_pen=1.0349 | div_loss=-0.0206 | ip_mean=-0.0206 ip_std=0.6774 | val_AP=0.3236 test_AP=0.3132
Epoch  38/500 [27.3s mem=14764MB] | total=2.0666 task=0.3434 | out_nov=0.3008 out_pen=0.6992 | node_nov=0.9694 node_pen=1.0306 | div_loss=-0.0212 | ip_mean=-0.0212 ip_std=0.6769 | val_AP=0.3186 test_AP=0.3096
Epoch  39/500 [27.2s mem=14771MB] | total=2.0609 task=0.3458 | out_nov=0.3019 out_pen=0.6981 | node_nov=0.9773 node_pen=1.0227 | div_loss=-0.0204 | ip_mean=-0.0204 ip_std=0.6739 | val_AP=0.3428 test_AP=0.3352
Epoch  40/500 [27.2s mem=14763MB] | total=2.0553 task=0.3437 | out_nov=0.3003 out_pen=0.6997 | node_nov=0.9826 node_pen=1.0174 | div_loss=-0.0203 | ip_mean=-0.0203 ip_std=0.6720 | val_AP=0.3226 test_AP=0.3181
Epoch  41/500 [27.2s mem=14783MB] | total=2.0468 task=0.3425 | out_nov=0.3004 out_pen=0.6996 | node_nov=0.9898 node_pen=1.0102 | div_loss=-0.0201 | ip_mean=-0.0201 ip_std=0.6690 | val_AP=0.3284 test_AP=0.3297
Epoch  42/500 [28.6s mem=14762MB] | total=2.0457 task=0.3430 | out_nov=0.3004 out_pen=0.6996 | node_nov=0.9916 node_pen=1.0084 | div_loss=-0.0200 | ip_mean=-0.0200 ip_std=0.6702 | val_AP=0.3237 test_AP=0.3153
Epoch  43/500 [28.7s mem=14763MB] | total=2.0323 task=0.3339 | out_nov=0.2963 out_pen=0.7037 | node_nov=1.0004 node_pen=0.9996 | div_loss=-0.0194 | ip_mean=-0.0194 ip_std=0.6647 | val_AP=0.3419 test_AP=0.3318
Epoch  44/500 [27.3s mem=14736MB] | total=2.0376 task=0.3559 | out_nov=0.3099 out_pen=0.6901 | node_nov=1.0032 node_pen=0.9968 | div_loss=-0.0199 | ip_mean=-0.0199 ip_std=0.6654 | val_AP=0.3270 test_AP=0.3205
Epoch  45/500 [27.3s mem=14785MB] | total=2.0194 task=0.3296 | out_nov=0.2947 out_pen=0.7053 | node_nov=1.0106 node_pen=0.9894 | div_loss=-0.0194 | ip_mean=-0.0194 ip_std=0.6627 | val_AP=0.3331 test_AP=0.3199
Epoch  46/500 [27.0s mem=14774MB] | total=2.0119 task=0.3258 | out_nov=0.2934 out_pen=0.7066 | node_nov=1.0153 node_pen=0.9847 | div_loss=-0.0197 | ip_mean=-0.0197 ip_std=0.6625 | val_AP=0.3115 test_AP=0.3024
Epoch  47/500 [27.2s mem=14784MB] | total=2.0105 task=0.3294 | out_nov=0.2949 out_pen=0.7051 | node_nov=1.0186 node_pen=0.9814 | div_loss=-0.0198 | ip_mean=-0.0198 ip_std=0.6631 | val_AP=0.3382 test_AP=0.3242
Epoch  48/500 [28.4s mem=14731MB] | total=2.0075 task=0.3318 | out_nov=0.2962 out_pen=0.7038 | node_nov=1.0224 node_pen=0.9776 | div_loss=-0.0201 | ip_mean=-0.0201 ip_std=0.6648 | val_AP=0.3416 test_AP=0.3296
Epoch  49/500 [27.0s mem=14763MB] | total=1.9987 task=0.3278 | out_nov=0.2951 out_pen=0.7049 | node_nov=1.0270 node_pen=0.9730 | div_loss=-0.0214 | ip_mean=-0.0214 ip_std=0.6684 | val_AP=0.3367 test_AP=0.3269
Epoch  50/500 [27.1s mem=14764MB] | total=1.9937 task=0.3259 | out_nov=0.2939 out_pen=0.7061 | node_nov=1.0320 node_pen=0.9680 | div_loss=-0.0207 | ip_mean=-0.0207 ip_std=0.6675 | val_AP=0.3576 test_AP=0.3412
Epoch  51/500 [27.4s mem=14734MB] | total=1.9856 task=0.3168 | out_nov=0.2889 out_pen=0.7111 | node_nov=1.0355 node_pen=0.9645 | div_loss=-0.0211 | ip_mean=-0.0211 ip_std=0.6670 | val_AP=0.3562 test_AP=0.3408
Early stopping at epoch 51. Best val AP=0.4574 at epoch 1.
Stage 2 done. Best val AP=0.4574 at epoch 1. Diagnostics saved to checkpoints_self_novelty_vanilla_2/stage2_diagnostics.pkl

============================================================
STAGE 3: Joint finetune (backbone + generator)
  Backbone: vanilla_gt
  lr_gen=0.0005 lr_backbone=0.0005
  alpha=1.0 alpha_node=1.0 T=1.0
============================================================
Epoch   1/500 [30.9s mem=18647MB] | total=3.5160 task=0.2294 train_AP=0.7002 | out_nov=0.1586 out_pen=0.8414 | node_nov=0.4461 node_pen=1.5539 | div_loss=0.8741 | ip_mean=0.8741 ip_std=0.0424 | val_AP=0.2629 test_AP=0.2621
  -> New best val AP=0.2629 (test=0.2621)
Epoch   2/500 [31.7s mem=18627MB] | total=2.6115 task=0.3135 train_AP=0.4577 | out_nov=0.2479 out_pen=0.7521 | node_nov=0.6230 node_pen=1.3770 | div_loss=0.1512 | ip_mean=0.1512 ip_std=0.4835 | val_AP=0.2620 test_AP=0.2598
Epoch   3/500 [31.4s mem=18637MB] | total=2.2938 task=0.3395 train_AP=0.3028 | out_nov=0.2708 out_pen=0.7292 | node_nov=0.7824 node_pen=1.2176 | div_loss=-0.0097 | ip_mean=-0.0097 ip_std=0.8017 | val_AP=0.2603 test_AP=0.2557
Epoch   4/500 [31.7s mem=18684MB] | total=2.1672 task=0.3338 train_AP=0.2852 | out_nov=0.2599 out_pen=0.7401 | node_nov=0.9014 node_pen=1.0986 | div_loss=-0.0224 | ip_mean=-0.0224 ip_std=0.9042 | val_AP=0.3045 test_AP=0.2974
  -> New best val AP=0.3045 (test=0.2974)
Epoch   5/500 [33.1s mem=18693MB] | total=2.0778 task=0.3388 train_AP=0.2829 | out_nov=0.2550 out_pen=0.7450 | node_nov=0.9982 node_pen=1.0018 | div_loss=-0.0248 | ip_mean=-0.0248 ip_std=0.9289 | val_AP=0.3086 test_AP=0.3054
  -> New best val AP=0.3086 (test=0.3054)
Epoch   6/500 [32.2s mem=18626MB] | total=2.0002 task=0.3459 train_AP=0.2810 | out_nov=0.2542 out_pen=0.7458 | node_nov=1.0826 node_pen=0.9174 | div_loss=-0.0259 | ip_mean=-0.0259 ip_std=0.9403 | val_AP=0.3143 test_AP=0.3109
  -> New best val AP=0.3143 (test=0.3109)
Epoch   7/500 [32.9s mem=18633MB] | total=1.9287 task=0.3546 train_AP=0.2804 | out_nov=0.2587 out_pen=0.7413 | node_nov=1.1578 node_pen=0.8422 | div_loss=-0.0264 | ip_mean=-0.0264 ip_std=0.9424 | val_AP=0.3189 test_AP=0.3158
  -> New best val AP=0.3189 (test=0.3158)
Epoch   8/500 [31.8s mem=18678MB] | total=1.8495 task=0.3600 train_AP=0.2933 | out_nov=0.2596 out_pen=0.7404 | node_nov=1.2391 node_pen=0.7609 | div_loss=-0.0288 | ip_mean=-0.0288 ip_std=0.9507 | val_AP=0.3111 test_AP=0.3209
Epoch   9/500 [32.2s mem=18676MB] | total=1.7481 task=0.3653 train_AP=0.3106 | out_nov=0.2579 out_pen=0.7421 | node_nov=1.3468 node_pen=0.6532 | div_loss=-0.0293 | ip_mean=-0.0293 ip_std=0.9646 | val_AP=0.3521 test_AP=0.3566
  -> New best val AP=0.3521 (test=0.3566)
Epoch  10/500 [31.4s mem=18676MB] | total=1.6447 task=0.3541 train_AP=0.3332 | out_nov=0.2501 out_pen=0.7499 | node_nov=1.4466 node_pen=0.5534 | div_loss=-0.0294 | ip_mean=-0.0294 ip_std=0.9700 | val_AP=0.3789 test_AP=0.3743
  -> New best val AP=0.3789 (test=0.3743)
Epoch  11/500 [31.0s mem=18636MB] | total=1.5575 task=0.3422 train_AP=0.3530 | out_nov=0.2490 out_pen=0.7510 | node_nov=1.5223 node_pen=0.4777 | div_loss=-0.0301 | ip_mean=-0.0301 ip_std=0.9742 | val_AP=0.3505 test_AP=0.3393
Epoch  12/500 [32.7s mem=18657MB] | total=1.5325 task=0.3402 train_AP=0.3579 | out_nov=0.2508 out_pen=0.7492 | node_nov=1.5439 node_pen=0.4561 | div_loss=-0.0294 | ip_mean=-0.0294 ip_std=0.9759 | val_AP=0.3932 test_AP=0.3847
  -> New best val AP=0.3932 (test=0.3847)
Epoch  13/500 [32.9s mem=18639MB] | total=1.4806 task=0.3297 train_AP=0.3696 | out_nov=0.2540 out_pen=0.7460 | node_nov=1.5815 node_pen=0.4185 | div_loss=-0.0299 | ip_mean=-0.0299 ip_std=0.9803 | val_AP=0.3851 test_AP=0.3825
Epoch  14/500 [32.4s mem=18696MB] | total=1.4357 task=0.3265 train_AP=0.3791 | out_nov=0.2724 out_pen=0.7276 | node_nov=1.6038 node_pen=0.3962 | div_loss=-0.0304 | ip_mean=-0.0304 ip_std=0.9812 | val_AP=0.4125 test_AP=0.4070
  -> New best val AP=0.4125 (test=0.4070)
Epoch  15/500 [32.3s mem=18668MB] | total=1.7701 task=0.6741 train_AP=0.3767 | out_nov=0.2777 out_pen=0.7223 | node_nov=1.6121 node_pen=0.3879 | div_loss=-0.0300 | ip_mean=-0.0300 ip_std=0.9812 | val_AP=0.3782 test_AP=0.3762
Epoch  16/500 [31.1s mem=18732MB] | total=1.3907 task=0.3225 train_AP=0.3743 | out_nov=0.2683 out_pen=0.7317 | node_nov=1.6501 node_pen=0.3499 | div_loss=-0.0298 | ip_mean=-0.0298 ip_std=0.9845 | val_AP=0.4094 test_AP=0.3961
Epoch  17/500 [32.6s mem=18657MB] | total=1.3195 task=0.3105 train_AP=0.3963 | out_nov=0.2784 out_pen=0.7216 | node_nov=1.6973 node_pen=0.3027 | div_loss=-0.0310 | ip_mean=-0.0310 ip_std=0.9863 | val_AP=0.4360 test_AP=0.4276
  -> New best val AP=0.4360 (test=0.4276)
Epoch  18/500 [33.2s mem=18662MB] | total=1.3557 task=0.3379 train_AP=0.3749 | out_nov=0.2668 out_pen=0.7332 | node_nov=1.7020 node_pen=0.2980 | div_loss=-0.0294 | ip_mean=-0.0294 ip_std=0.9860 | val_AP=0.4255 test_AP=0.4088
Epoch  19/500 [34.0s mem=18661MB] | total=1.3738 task=0.4081 train_AP=0.3889 | out_nov=0.2821 out_pen=0.7179 | node_nov=1.7371 node_pen=0.2629 | div_loss=-0.0304 | ip_mean=-0.0304 ip_std=0.9870 | val_AP=0.4373 test_AP=0.4167
  -> New best val AP=0.4373 (test=0.4167)
Epoch  20/500 [33.9s mem=18700MB] | total=1.2149 task=0.3128 train_AP=0.3915 | out_nov=0.3062 out_pen=0.6938 | node_nov=1.7760 node_pen=0.2240 | div_loss=-0.0305 | ip_mean=-0.0305 ip_std=0.9877 | val_AP=0.4351 test_AP=0.4185
Epoch  21/500 [32.4s mem=18672MB] | total=1.2067 task=0.3082 train_AP=0.4114 | out_nov=0.3053 out_pen=0.6947 | node_nov=1.7796 node_pen=0.2204 | div_loss=-0.0310 | ip_mean=-0.0310 ip_std=0.9881 | val_AP=0.4381 test_AP=0.4165
  -> New best val AP=0.4381 (test=0.4165)
Epoch  22/500 [31.7s mem=18694MB] | total=1.2247 task=0.3036 train_AP=0.4216 | out_nov=0.2915 out_pen=0.7085 | node_nov=1.7709 node_pen=0.2291 | div_loss=-0.0306 | ip_mean=-0.0306 ip_std=0.9879 | val_AP=0.4179 test_AP=0.4020
Epoch  23/500 [31.9s mem=18689MB] | total=1.2092 task=0.2961 train_AP=0.4308 | out_nov=0.2879 out_pen=0.7121 | node_nov=1.7824 node_pen=0.2176 | div_loss=-0.0306 | ip_mean=-0.0306 ip_std=0.9883 | val_AP=0.4292 test_AP=0.4091
Epoch  24/500 [30.9s mem=18653MB] | total=1.2433 task=0.3034 train_AP=0.4347 | out_nov=0.2894 out_pen=0.7106 | node_nov=1.7544 node_pen=0.2456 | div_loss=-0.0302 | ip_mean=-0.0302 ip_std=0.9878 | val_AP=0.4473 test_AP=0.4216
  -> New best val AP=0.4473 (test=0.4216)
Epoch  25/500 [31.8s mem=18648MB] | total=1.1754 task=0.2899 train_AP=0.4428 | out_nov=0.3090 out_pen=0.6910 | node_nov=1.7923 node_pen=0.2077 | div_loss=-0.0304 | ip_mean=-0.0304 ip_std=0.9907 | val_AP=0.4235 test_AP=0.4089
Epoch  26/500 [33.1s mem=18691MB] | total=1.2432 task=0.3040 train_AP=0.4435 | out_nov=0.3015 out_pen=0.6985 | node_nov=1.7438 node_pen=0.2562 | div_loss=-0.0307 | ip_mean=-0.0307 ip_std=0.9912 | val_AP=0.4207 test_AP=0.4035
Epoch  27/500 [32.7s mem=18665MB] | total=1.1945 task=0.2819 train_AP=0.4554 | out_nov=0.3293 out_pen=0.6707 | node_nov=1.7419 node_pen=0.2581 | div_loss=-0.0305 | ip_mean=-0.0305 ip_std=0.9910 | val_AP=0.4044 test_AP=0.3934
Epoch  28/500 [33.1s mem=18628MB] | total=1.2283 task=0.2756 train_AP=0.4641 | out_nov=0.3101 out_pen=0.6899 | node_nov=1.7259 node_pen=0.2741 | div_loss=-0.0272 | ip_mean=-0.0272 ip_std=0.9919 | val_AP=0.4387 test_AP=0.4215
Epoch  29/500 [32.6s mem=18664MB] | total=1.2113 task=0.2808 train_AP=0.4884 | out_nov=0.3131 out_pen=0.6869 | node_nov=1.7456 node_pen=0.2544 | div_loss=-0.0278 | ip_mean=-0.0278 ip_std=0.9909 | val_AP=0.4333 test_AP=0.4101
Epoch  30/500 [30.9s mem=18629MB] | total=1.1857 task=0.2694 train_AP=0.4860 | out_nov=0.3032 out_pen=0.6968 | node_nov=1.7658 node_pen=0.2342 | div_loss=-0.0310 | ip_mean=-0.0310 ip_std=0.9928 | val_AP=0.4333 test_AP=0.4316
Epoch  31/500 [31.0s mem=18648MB] | total=1.1955 task=0.2515 train_AP=0.5071 | out_nov=0.2872 out_pen=0.7128 | node_nov=1.7535 node_pen=0.2465 | div_loss=-0.0307 | ip_mean=-0.0307 ip_std=0.9920 | val_AP=0.4234 test_AP=0.4205
Epoch  32/500 [31.3s mem=18669MB] | total=1.2083 task=0.2382 train_AP=0.5136 | out_nov=0.2724 out_pen=0.7276 | node_nov=1.7438 node_pen=0.2562 | div_loss=-0.0300 | ip_mean=-0.0300 ip_std=0.9903 | val_AP=0.4332 test_AP=0.4202
Epoch  33/500 [32.4s mem=18682MB] | total=1.2209 task=0.2261 train_AP=0.5240 | out_nov=0.2499 out_pen=0.7501 | node_nov=1.7415 node_pen=0.2585 | div_loss=-0.0307 | ip_mean=-0.0307 ip_std=0.9920 | val_AP=0.4352 test_AP=0.4184
Epoch  34/500 [34.0s mem=18672MB] | total=1.2515 task=0.2243 train_AP=0.5355 | out_nov=0.2512 out_pen=0.7488 | node_nov=1.7072 node_pen=0.2928 | div_loss=-0.0309 | ip_mean=-0.0309 ip_std=0.9921 | val_AP=0.4184 test_AP=0.3958
Epoch  35/500 [32.0s mem=18669MB] | total=1.1903 task=0.2606 train_AP=0.4802 | out_nov=0.2617 out_pen=0.7383 | node_nov=1.7952 node_pen=0.2048 | div_loss=-0.0297 | ip_mean=-0.0297 ip_std=0.9915 | val_AP=0.4291 test_AP=0.4134
Epoch  36/500 [31.9s mem=18649MB] | total=1.2121 task=0.2166 train_AP=0.5347 | out_nov=0.2513 out_pen=0.7487 | node_nov=1.7385 node_pen=0.2615 | div_loss=-0.0307 | ip_mean=-0.0307 ip_std=0.9919 | val_AP=0.4367 test_AP=0.4100
Epoch  37/500 [31.0s mem=18671MB] | total=1.2567 task=0.2115 train_AP=0.5533 | out_nov=0.2497 out_pen=0.7503 | node_nov=1.6900 node_pen=0.3100 | div_loss=-0.0305 | ip_mean=-0.0305 ip_std=0.9914 | val_AP=0.4426 test_AP=0.4190
Epoch  38/500 [31.7s mem=18642MB] | total=1.3097 task=0.2022 train_AP=0.5854 | out_nov=0.2548 out_pen=0.7452 | node_nov=1.6221 node_pen=0.3779 | div_loss=-0.0307 | ip_mean=-0.0307 ip_std=0.9920 | val_AP=0.4450 test_AP=0.4283
Epoch  39/500 [31.6s mem=18657MB] | total=1.3061 task=0.2015 train_AP=0.5838 | out_nov=0.2391 out_pen=0.7609 | node_nov=1.6414 node_pen=0.3586 | div_loss=-0.0301 | ip_mean=-0.0301 ip_std=0.9916 | val_AP=0.4501 test_AP=0.4339
  -> New best val AP=0.4501 (test=0.4339)
Epoch  40/500 [31.1s mem=18671MB] | total=1.2530 task=0.1915 train_AP=0.6036 | out_nov=0.2373 out_pen=0.7627 | node_nov=1.6882 node_pen=0.3118 | div_loss=-0.0304 | ip_mean=-0.0304 ip_std=0.9931 | val_AP=0.4415 test_AP=0.4206
Epoch  41/500 [30.8s mem=18676MB] | total=1.2353 task=0.1885 train_AP=0.6110 | out_nov=0.2421 out_pen=0.7579 | node_nov=1.6974 node_pen=0.3026 | div_loss=-0.0305 | ip_mean=-0.0305 ip_std=0.9937 | val_AP=0.4470 test_AP=0.4255
Epoch  42/500 [33.6s mem=18658MB] | total=1.2775 task=0.1898 train_AP=0.6068 | out_nov=0.2337 out_pen=0.7663 | node_nov=1.6649 node_pen=0.3351 | div_loss=-0.0302 | ip_mean=-0.0302 ip_std=0.9936 | val_AP=0.4339 test_AP=0.4078
Epoch  43/500 [30.9s mem=18651MB] | total=1.2271 task=0.1875 train_AP=0.6128 | out_nov=0.2310 out_pen=0.7690 | node_nov=1.7191 node_pen=0.2809 | div_loss=-0.0267 | ip_mean=-0.0267 ip_std=0.9938 | val_AP=0.4179 test_AP=0.3996
Epoch  44/500 [32.0s mem=18698MB] | total=1.2124 task=0.1815 train_AP=0.6356 | out_nov=0.2368 out_pen=0.7632 | node_nov=1.7281 node_pen=0.2719 | div_loss=-0.0253 | ip_mean=-0.0253 ip_std=0.9915 | val_AP=0.4509 test_AP=0.4283
  -> New best val AP=0.4509 (test=0.4283)
Epoch  45/500 [32.4s mem=18662MB] | total=1.1922 task=0.1697 train_AP=0.6437 | out_nov=0.2341 out_pen=0.7659 | node_nov=1.7344 node_pen=0.2656 | div_loss=-0.0266 | ip_mean=-0.0266 ip_std=0.9941 | val_AP=0.4458 test_AP=0.4165
Epoch  46/500 [32.8s mem=18664MB] | total=1.1745 task=0.1835 train_AP=0.6364 | out_nov=0.2483 out_pen=0.7517 | node_nov=1.7520 node_pen=0.2480 | div_loss=-0.0259 | ip_mean=-0.0259 ip_std=0.9931 | val_AP=0.4541 test_AP=0.4372
  -> New best val AP=0.4541 (test=0.4372)
Epoch  47/500 [33.2s mem=18658MB] | total=1.1959 task=0.1682 train_AP=0.6567 | out_nov=0.2394 out_pen=0.7606 | node_nov=1.7229 node_pen=0.2771 | div_loss=-0.0270 | ip_mean=-0.0270 ip_std=0.9937 | val_AP=0.4585 test_AP=0.4465
  -> New best val AP=0.4585 (test=0.4465)
Epoch  48/500 [32.4s mem=18666MB] | total=1.2177 task=0.1667 train_AP=0.6673 | out_nov=0.2329 out_pen=0.7671 | node_nov=1.7059 node_pen=0.2941 | div_loss=-0.0271 | ip_mean=-0.0271 ip_std=0.9924 | val_AP=0.4464 test_AP=0.4400
Epoch  49/500 [31.4s mem=18655MB] | total=1.2599 task=0.2202 train_AP=0.5739 | out_nov=0.2556 out_pen=0.7444 | node_nov=1.7012 node_pen=0.2988 | div_loss=-0.0223 | ip_mean=-0.0223 ip_std=0.9875 | val_AP=0.4291 test_AP=0.4058
Epoch  50/500 [32.0s mem=18683MB] | total=1.2493 task=0.1704 train_AP=0.6469 | out_nov=0.2489 out_pen=0.7511 | node_nov=1.6603 node_pen=0.3397 | div_loss=-0.0294 | ip_mean=-0.0294 ip_std=0.9927 | val_AP=0.4226 test_AP=0.4246
Epoch  51/500 [31.5s mem=18637MB] | total=1.2799 task=0.1722 train_AP=0.6612 | out_nov=0.2366 out_pen=0.7634 | node_nov=1.6432 node_pen=0.3568 | div_loss=-0.0298 | ip_mean=-0.0298 ip_std=0.9942 | val_AP=0.4594 test_AP=0.4442
  -> New best val AP=0.4594 (test=0.4442)
Epoch  52/500 [32.1s mem=18677MB] | total=1.1994 task=0.1574 train_AP=0.6859 | out_nov=0.2408 out_pen=0.7592 | node_nov=1.7034 node_pen=0.2966 | div_loss=-0.0308 | ip_mean=-0.0308 ip_std=0.9955 | val_AP=0.4300 test_AP=0.4362
Epoch  53/500 [31.1s mem=18654MB] | total=1.2234 task=0.1662 train_AP=0.6772 | out_nov=0.2351 out_pen=0.7649 | node_nov=1.6943 node_pen=0.3057 | div_loss=-0.0302 | ip_mean=-0.0302 ip_std=0.9949 | val_AP=0.4592 test_AP=0.4397
Epoch  54/500 [31.3s mem=18692MB] | total=1.2837 task=0.1680 train_AP=0.6979 | out_nov=0.2293 out_pen=0.7707 | node_nov=1.6408 node_pen=0.3592 | div_loss=-0.0307 | ip_mean=-0.0307 ip_std=0.9957 | val_AP=0.4053 test_AP=0.4121
Epoch  55/500 [32.8s mem=18689MB] | total=1.2737 task=0.1759 train_AP=0.6586 | out_nov=0.2481 out_pen=0.7519 | node_nov=1.6403 node_pen=0.3597 | div_loss=-0.0303 | ip_mean=-0.0303 ip_std=0.9955 | val_AP=0.4429 test_AP=0.4334
Epoch  56/500 [31.1s mem=18645MB] | total=1.2794 task=0.1553 train_AP=0.7014 | out_nov=0.2487 out_pen=0.7513 | node_nov=1.6123 node_pen=0.3877 | div_loss=-0.0310 | ip_mean=-0.0310 ip_std=0.9961 | val_AP=0.4473 test_AP=0.4393
Epoch  57/500 [31.4s mem=18699MB] | total=1.2973 task=0.1562 train_AP=0.6950 | out_nov=0.2440 out_pen=0.7560 | node_nov=1.5997 node_pen=0.4003 | div_loss=-0.0307 | ip_mean=-0.0307 ip_std=0.9957 | val_AP=0.4404 test_AP=0.4438
Epoch  58/500 [31.9s mem=18696MB] | total=1.2909 task=0.1781 train_AP=0.6738 | out_nov=0.2516 out_pen=0.7484 | node_nov=1.6216 node_pen=0.3784 | div_loss=-0.0291 | ip_mean=-0.0291 ip_std=0.9937 | val_AP=0.4433 test_AP=0.4382
Epoch  59/500 [31.6s mem=18704MB] | total=1.2288 task=0.1578 train_AP=0.6940 | out_nov=0.2457 out_pen=0.7543 | node_nov=1.6675 node_pen=0.3325 | div_loss=-0.0305 | ip_mean=-0.0305 ip_std=0.9947 | val_AP=0.4552 test_AP=0.4431
Epoch  60/500 [31.1s mem=18637MB] | total=1.2770 task=0.1481 train_AP=0.7071 | out_nov=0.2584 out_pen=0.7416 | node_nov=1.6050 node_pen=0.3950 | div_loss=-0.0256 | ip_mean=-0.0256 ip_std=0.9922 | val_AP=0.4541 test_AP=0.4376
Epoch  61/500 [30.5s mem=18664MB] | total=1.3134 task=0.1368 train_AP=0.7318 | out_nov=0.2562 out_pen=0.7438 | node_nov=1.5554 node_pen=0.4446 | div_loss=-0.0299 | ip_mean=-0.0299 ip_std=0.9949 | val_AP=0.4720 test_AP=0.4493
  -> New best val AP=0.4720 (test=0.4493)
Epoch  62/500 [31.1s mem=18681MB] | total=1.3281 task=0.1376 train_AP=0.7221 | out_nov=0.2472 out_pen=0.7528 | node_nov=1.5491 node_pen=0.4509 | div_loss=-0.0308 | ip_mean=-0.0308 ip_std=0.9961 | val_AP=0.4418 test_AP=0.4185
Epoch  63/500 [31.3s mem=18665MB] | total=1.2999 task=0.1494 train_AP=0.7061 | out_nov=0.2465 out_pen=0.7535 | node_nov=1.5899 node_pen=0.4101 | div_loss=-0.0305 | ip_mean=-0.0305 ip_std=0.9960 | val_AP=0.4690 test_AP=0.4403
Epoch  64/500 [31.3s mem=18639MB] | total=1.4075 task=0.1395 train_AP=0.7176 | out_nov=0.2253 out_pen=0.7747 | node_nov=1.4932 node_pen=0.5068 | div_loss=-0.0310 | ip_mean=-0.0310 ip_std=0.9966 | val_AP=0.4332 test_AP=0.4247
Epoch  65/500 [31.0s mem=18681MB] | total=1.3560 task=0.1497 train_AP=0.7151 | out_nov=0.2346 out_pen=0.7654 | node_nov=1.5462 node_pen=0.4538 | div_loss=-0.0305 | ip_mean=-0.0305 ip_std=0.9960 | val_AP=0.4373 test_AP=0.4311
Epoch  66/500 [31.4s mem=18677MB] | total=1.2643 task=0.1410 train_AP=0.7207 | out_nov=0.2507 out_pen=0.7493 | node_nov=1.6145 node_pen=0.3855 | div_loss=-0.0296 | ip_mean=-0.0296 ip_std=0.9946 | val_AP=0.4562 test_AP=0.4474
Epoch  67/500 [31.9s mem=18031MB] | total=1.3631 task=0.2002 train_AP=0.7015 | out_nov=0.2608 out_pen=0.7392 | node_nov=1.5640 node_pen=0.4360 | div_loss=-0.0299 | ip_mean=-0.0299 ip_std=0.9955 | val_AP=0.4692 test_AP=0.4497
Epoch  68/500 [33.0s mem=18664MB] | total=1.3061 task=0.1397 train_AP=0.7249 | out_nov=0.2841 out_pen=0.7159 | node_nov=1.5358 node_pen=0.4642 | div_loss=-0.0311 | ip_mean=-0.0311 ip_std=0.9971 | val_AP=0.4474 test_AP=0.4314
Epoch  69/500 [31.7s mem=18628MB] | total=1.3350 task=0.1377 train_AP=0.7207 | out_nov=0.2269 out_pen=0.7731 | node_nov=1.5623 node_pen=0.4377 | div_loss=-0.0310 | ip_mean=-0.0310 ip_std=0.9969 | val_AP=0.4511 test_AP=0.4395
Epoch  70/500 [32.4s mem=18675MB] | total=1.3311 task=0.1354 train_AP=0.7309 | out_nov=0.2425 out_pen=0.7575 | node_nov=1.5484 node_pen=0.4516 | div_loss=-0.0308 | ip_mean=-0.0308 ip_std=0.9968 | val_AP=0.4553 test_AP=0.4332
Epoch  71/500 [33.2s mem=18701MB] | total=1.3200 task=0.1322 train_AP=0.7328 | out_nov=0.2487 out_pen=0.7513 | node_nov=1.5497 node_pen=0.4503 | div_loss=-0.0312 | ip_mean=-0.0312 ip_std=0.9971 | val_AP=0.4549 test_AP=0.4382
Epoch  72/500 [31.0s mem=18633MB] | total=1.2722 task=0.1376 train_AP=0.7362 | out_nov=0.2493 out_pen=0.7507 | node_nov=1.6028 node_pen=0.3972 | div_loss=-0.0307 | ip_mean=-0.0307 ip_std=0.9967 | val_AP=0.4480 test_AP=0.4328
Epoch  73/500 [31.0s mem=18636MB] | total=1.2207 task=0.1332 train_AP=0.7340 | out_nov=0.2358 out_pen=0.7642 | node_nov=1.6630 node_pen=0.3370 | div_loss=-0.0311 | ip_mean=-0.0311 ip_std=0.9970 | val_AP=0.4662 test_AP=0.4445
Epoch  74/500 [30.9s mem=18678MB] | total=1.2729 task=0.1294 train_AP=0.7378 | out_nov=0.2465 out_pen=0.7535 | node_nov=1.5960 node_pen=0.4040 | div_loss=-0.0313 | ip_mean=-0.0313 ip_std=0.9973 | val_AP=0.4643 test_AP=0.4384
Epoch  75/500 [31.7s mem=18637MB] | total=1.2228 task=0.1303 train_AP=0.7421 | out_nov=0.2478 out_pen=0.7522 | node_nov=1.6457 node_pen=0.3543 | div_loss=-0.0313 | ip_mean=-0.0313 ip_std=0.9971 | val_AP=0.4475 test_AP=0.4267
Epoch  76/500 [33.7s mem=18661MB] | total=1.2393 task=0.1363 train_AP=0.7375 | out_nov=0.2463 out_pen=0.7537 | node_nov=1.6369 node_pen=0.3631 | div_loss=-0.0310 | ip_mean=-0.0310 ip_std=0.9969 | val_AP=0.4459 test_AP=0.4292
Epoch  77/500 [32.6s mem=18691MB] | total=1.2770 task=0.1310 train_AP=0.7390 | out_nov=0.2508 out_pen=0.7492 | node_nov=1.5902 node_pen=0.4098 | div_loss=-0.0307 | ip_mean=-0.0307 ip_std=0.9968 | val_AP=0.4336 test_AP=0.4141
Epoch  78/500 [33.6s mem=18671MB] | total=1.1549 task=0.1519 train_AP=0.7109 | out_nov=0.2795 out_pen=0.7205 | node_nov=1.7046 node_pen=0.2954 | div_loss=-0.0302 | ip_mean=-0.0302 ip_std=0.9964 | val_AP=0.4673 test_AP=0.4396
Epoch  79/500 [31.0s mem=18681MB] | total=1.1327 task=0.1585 train_AP=0.6899 | out_nov=0.2289 out_pen=0.7711 | node_nov=1.7843 node_pen=0.2157 | div_loss=-0.0298 | ip_mean=-0.0298 ip_std=0.9960 | val_AP=0.4650 test_AP=0.4293
Epoch  80/500 [32.4s mem=18681MB] | total=1.1373 task=0.1277 train_AP=0.7515 | out_nov=0.2526 out_pen=0.7474 | node_nov=1.7234 node_pen=0.2766 | div_loss=-0.0315 | ip_mean=-0.0315 ip_std=0.9978 | val_AP=0.4527 test_AP=0.4538
Epoch  81/500 [32.2s mem=18685MB] | total=1.1704 task=0.1923 train_AP=0.7496 | out_nov=0.2628 out_pen=0.7372 | node_nov=1.7451 node_pen=0.2549 | div_loss=-0.0313 | ip_mean=-0.0313 ip_std=0.9975 | val_AP=0.4396 test_AP=0.4312
Epoch  82/500 [30.8s mem=18700MB] | total=1.2734 task=0.1349 train_AP=0.7360 | out_nov=0.2432 out_pen=0.7568 | node_nov=1.6048 node_pen=0.3952 | div_loss=-0.0305 | ip_mean=-0.0305 ip_std=0.9968 | val_AP=0.4465 test_AP=0.4299
Epoch  83/500 [31.8s mem=18674MB] | total=1.2387 task=0.1347 train_AP=0.7437 | out_nov=0.2455 out_pen=0.7545 | node_nov=1.6362 node_pen=0.3638 | div_loss=-0.0312 | ip_mean=-0.0312 ip_std=0.9975 | val_AP=0.4608 test_AP=0.4358
Epoch  84/500 [32.0s mem=18656MB] | total=1.2054 task=0.1238 train_AP=0.7584 | out_nov=0.2404 out_pen=0.7596 | node_nov=1.6634 node_pen=0.3366 | div_loss=-0.0315 | ip_mean=-0.0315 ip_std=0.9978 | val_AP=0.4519 test_AP=0.4365
Epoch  85/500 [31.5s mem=18645MB] | total=1.1914 task=0.1287 train_AP=0.7585 | out_nov=0.2476 out_pen=0.7524 | node_nov=1.6755 node_pen=0.3245 | div_loss=-0.0312 | ip_mean=-0.0312 ip_std=0.9973 | val_AP=0.4427 test_AP=0.4317
Epoch  86/500 [31.0s mem=18663MB] | total=1.2466 task=0.1234 train_AP=0.7659 | out_nov=0.2402 out_pen=0.7598 | node_nov=1.6218 node_pen=0.3782 | div_loss=-0.0314 | ip_mean=-0.0314 ip_std=0.9976 | val_AP=0.4393 test_AP=0.4276
Epoch  87/500 [32.8s mem=18654MB] | total=1.2460 task=0.1313 train_AP=0.7454 | out_nov=0.2411 out_pen=0.7589 | node_nov=1.6294 node_pen=0.3706 | div_loss=-0.0310 | ip_mean=-0.0310 ip_std=0.9972 | val_AP=0.4468 test_AP=0.4284
Epoch  88/500 [31.2s mem=18643MB] | total=1.2311 task=0.1246 train_AP=0.7544 | out_nov=0.2306 out_pen=0.7694 | node_nov=1.6474 node_pen=0.3526 | div_loss=-0.0313 | ip_mean=-0.0313 ip_std=0.9975 | val_AP=0.4249 test_AP=0.4266
Epoch  89/500 [30.9s mem=18683MB] | total=1.1688 task=0.1362 train_AP=0.7459 | out_nov=0.2534 out_pen=0.7466 | node_nov=1.6984 node_pen=0.3016 | div_loss=-0.0310 | ip_mean=-0.0310 ip_std=0.9973 | val_AP=0.4290 test_AP=0.4336
Epoch  90/500 [30.9s mem=18684MB] | total=1.1406 task=0.1256 train_AP=0.7640 | out_nov=0.2644 out_pen=0.7356 | node_nov=1.7064 node_pen=0.2936 | div_loss=-0.0303 | ip_mean=-0.0303 ip_std=0.9968 | val_AP=0.4413 test_AP=0.4249
Epoch  91/500 [31.8s mem=18662MB] | total=1.1739 task=0.1192 train_AP=0.7689 | out_nov=0.2716 out_pen=0.7284 | node_nov=1.6604 node_pen=0.3396 | div_loss=-0.0312 | ip_mean=-0.0312 ip_std=0.9975 | val_AP=0.4480 test_AP=0.4268
Epoch  92/500 [31.6s mem=18706MB] | total=1.1653 task=0.1338 train_AP=0.7470 | out_nov=0.2783 out_pen=0.7217 | node_nov=1.6774 node_pen=0.3226 | div_loss=-0.0301 | ip_mean=-0.0301 ip_std=0.9964 | val_AP=0.4635 test_AP=0.4413
Epoch  93/500 [31.1s mem=18627MB] | total=1.1540 task=0.1255 train_AP=0.7602 | out_nov=0.2581 out_pen=0.7419 | node_nov=1.6990 node_pen=0.3010 | div_loss=-0.0314 | ip_mean=-0.0314 ip_std=0.9978 | val_AP=0.4491 test_AP=0.4419
Epoch  94/500 [31.0s mem=18650MB] | total=1.1272 task=0.1205 train_AP=0.7630 | out_nov=0.2572 out_pen=0.7428 | node_nov=1.7212 node_pen=0.2788 | div_loss=-0.0315 | ip_mean=-0.0315 ip_std=0.9979 | val_AP=0.4401 test_AP=0.4320
Epoch  95/500 [31.8s mem=18648MB] | total=1.1248 task=0.1283 train_AP=0.7620 | out_nov=0.2731 out_pen=0.7269 | node_nov=1.7153 node_pen=0.2847 | div_loss=-0.0312 | ip_mean=-0.0312 ip_std=0.9976 | val_AP=0.4372 test_AP=0.4199
Epoch  96/500 [33.8s mem=18641MB] | total=1.1396 task=0.1537 train_AP=0.7344 | out_nov=0.2878 out_pen=0.7122 | node_nov=1.7198 node_pen=0.2802 | div_loss=-0.0233 | ip_mean=-0.0233 ip_std=0.9968 | val_AP=0.4728 test_AP=0.4572
  -> New best val AP=0.4728 (test=0.4572)
Epoch  97/500 [32.5s mem=18673MB] | total=1.2438 task=0.2269 train_AP=0.7288 | out_nov=0.2809 out_pen=0.7191 | node_nov=1.7127 node_pen=0.2873 | div_loss=-0.0102 | ip_mean=-0.0102 ip_std=0.9926 | val_AP=0.4452 test_AP=0.4389
Epoch  98/500 [31.5s mem=18665MB] | total=1.1182 task=0.1241 train_AP=0.7667 | out_nov=0.2676 out_pen=0.7324 | node_nov=1.7298 node_pen=0.2702 | div_loss=-0.0257 | ip_mean=-0.0257 ip_std=0.9959 | val_AP=0.4341 test_AP=0.4338
Epoch  99/500 [32.5s mem=18657MB] | total=1.0997 task=0.1212 train_AP=0.7851 | out_nov=0.2767 out_pen=0.7233 | node_nov=1.7342 node_pen=0.2658 | div_loss=-0.0274 | ip_mean=-0.0274 ip_std=0.9974 | val_AP=0.4476 test_AP=0.4445
Epoch 100/500 [31.7s mem=18687MB] | total=1.1153 task=0.1248 train_AP=0.7717 | out_nov=0.2774 out_pen=0.7226 | node_nov=1.7216 node_pen=0.2784 | div_loss=-0.0272 | ip_mean=-0.0272 ip_std=0.9971 | val_AP=0.4423 test_AP=0.4279
Epoch 101/500 [31.8s mem=18661MB] | total=1.1284 task=0.1204 train_AP=0.7846 | out_nov=0.2810 out_pen=0.7190 | node_nov=1.6982 node_pen=0.3018 | div_loss=-0.0293 | ip_mean=-0.0293 ip_std=0.9968 | val_AP=0.4480 test_AP=0.4490
Epoch 102/500 [31.0s mem=18673MB] | total=1.0884 task=0.1215 train_AP=0.7840 | out_nov=0.2922 out_pen=0.7078 | node_nov=1.7259 node_pen=0.2741 | div_loss=-0.0314 | ip_mean=-0.0314 ip_std=0.9974 | val_AP=0.4442 test_AP=0.4300
Epoch 103/500 [31.1s mem=18687MB] | total=1.1176 task=0.1285 train_AP=0.7732 | out_nov=0.3068 out_pen=0.6932 | node_nov=1.7031 node_pen=0.2969 | div_loss=-0.0191 | ip_mean=-0.0191 ip_std=0.9950 | val_AP=0.4341 test_AP=0.4397
Epoch 104/500 [31.2s mem=18704MB] | total=1.1620 task=0.1427 train_AP=0.7415 | out_nov=0.2988 out_pen=0.7012 | node_nov=1.6855 node_pen=0.3145 | div_loss=-0.0138 | ip_mean=-0.0138 ip_std=0.9919 | val_AP=0.4546 test_AP=0.4473
Epoch 105/500 [30.9s mem=18035MB] | total=1.1089 task=0.1206 train_AP=0.7663 | out_nov=0.3060 out_pen=0.6940 | node_nov=1.7015 node_pen=0.2985 | div_loss=-0.0223 | ip_mean=-0.0223 ip_std=0.9932 | val_AP=0.4799 test_AP=0.4609
  -> New best val AP=0.4799 (test=0.4609)
Epoch 106/500 [30.8s mem=18664MB] | total=1.0819 task=0.1133 train_AP=0.7859 | out_nov=0.3114 out_pen=0.6886 | node_nov=1.7060 node_pen=0.2940 | div_loss=-0.0312 | ip_mean=-0.0312 ip_std=0.9964 | val_AP=0.4552 test_AP=0.4470
Epoch 107/500 [31.0s mem=18661MB] | total=1.0288 task=0.1092 train_AP=0.7858 | out_nov=0.3506 out_pen=0.6494 | node_nov=1.7156 node_pen=0.2844 | div_loss=-0.0312 | ip_mean=-0.0312 ip_std=0.9968 | val_AP=0.4770 test_AP=0.4477
Epoch 108/500 [31.0s mem=18663MB] | total=1.0385 task=0.1191 train_AP=0.7718 | out_nov=0.3547 out_pen=0.6453 | node_nov=1.7116 node_pen=0.2884 | div_loss=-0.0311 | ip_mean=-0.0311 ip_std=0.9965 | val_AP=0.4789 test_AP=0.4540
Epoch 109/500 [31.2s mem=18692MB] | total=1.1681 task=0.1099 train_AP=0.7835 | out_nov=0.3073 out_pen=0.6927 | node_nov=1.6198 node_pen=0.3802 | div_loss=-0.0313 | ip_mean=-0.0313 ip_std=0.9967 | val_AP=0.4386 test_AP=0.4153
Epoch 110/500 [32.8s mem=18674MB] | total=1.2053 task=0.1149 train_AP=0.7846 | out_nov=0.3047 out_pen=0.6953 | node_nov=1.5905 node_pen=0.4095 | div_loss=-0.0309 | ip_mean=-0.0309 ip_std=0.9961 | val_AP=0.4648 test_AP=0.4429
Epoch 111/500 [31.6s mem=18688MB] | total=1.1240 task=0.1029 train_AP=0.8008 | out_nov=0.3177 out_pen=0.6823 | node_nov=1.6460 node_pen=0.3540 | div_loss=-0.0315 | ip_mean=-0.0315 ip_std=0.9965 | val_AP=0.4627 test_AP=0.4453
Epoch 112/500 [31.0s mem=18647MB] | total=1.1310 task=0.1026 train_AP=0.8017 | out_nov=0.3173 out_pen=0.6827 | node_nov=1.6393 node_pen=0.3607 | div_loss=-0.0315 | ip_mean=-0.0315 ip_std=0.9964 | val_AP=0.4659 test_AP=0.4426
Epoch 113/500 [31.7s mem=18705MB] | total=1.1788 task=0.1130 train_AP=0.7937 | out_nov=0.3073 out_pen=0.6927 | node_nov=1.6121 node_pen=0.3879 | div_loss=-0.0311 | ip_mean=-0.0311 ip_std=0.9958 | val_AP=0.4537 test_AP=0.4340
Epoch 114/500 [31.4s mem=18700MB] | total=1.1751 task=0.1106 train_AP=0.7949 | out_nov=0.2967 out_pen=0.7033 | node_nov=1.6234 node_pen=0.3766 | div_loss=-0.0314 | ip_mean=-0.0314 ip_std=0.9963 | val_AP=0.4695 test_AP=0.4453
Epoch 115/500 [30.8s mem=18660MB] | total=1.1539 task=0.1043 train_AP=0.7907 | out_nov=0.3060 out_pen=0.6940 | node_nov=1.6289 node_pen=0.3711 | div_loss=-0.0314 | ip_mean=-0.0314 ip_std=0.9965 | val_AP=0.4651 test_AP=0.4401
Epoch 116/500 [31.5s mem=18671MB] | total=1.1470 task=0.1051 train_AP=0.7996 | out_nov=0.2994 out_pen=0.7006 | node_nov=1.6430 node_pen=0.3570 | div_loss=-0.0315 | ip_mean=-0.0315 ip_std=0.9966 | val_AP=0.4553 test_AP=0.4457
Epoch 117/500 [32.7s mem=18647MB] | total=1.1375 task=0.1147 train_AP=0.7901 | out_nov=0.3228 out_pen=0.6772 | node_nov=1.6395 node_pen=0.3605 | div_loss=-0.0311 | ip_mean=-0.0311 ip_std=0.9966 | val_AP=0.4372 test_AP=0.4180
Epoch 118/500 [31.0s mem=18690MB] | total=1.2013 task=0.1095 train_AP=0.7927 | out_nov=0.3091 out_pen=0.6909 | node_nov=1.5841 node_pen=0.4159 | div_loss=-0.0308 | ip_mean=-0.0308 ip_std=0.9962 | val_AP=0.4535 test_AP=0.4386
Epoch 119/500 [31.0s mem=18656MB] | total=1.1886 task=0.0971 train_AP=0.8137 | out_nov=0.3265 out_pen=0.6735 | node_nov=1.5661 node_pen=0.4339 | div_loss=-0.0317 | ip_mean=-0.0317 ip_std=0.9969 | val_AP=0.4507 test_AP=0.4327
Epoch 120/500 [30.6s mem=18668MB] | total=1.3095 task=0.1051 train_AP=0.7964 | out_nov=0.3248 out_pen=0.6752 | node_nov=1.4550 node_pen=0.5450 | div_loss=-0.0314 | ip_mean=-0.0314 ip_std=0.9967 | val_AP=0.4345 test_AP=0.4329
Epoch 121/500 [30.9s mem=18705MB] | total=1.3849 task=0.1217 train_AP=0.7705 | out_nov=0.2828 out_pen=0.7172 | node_nov=1.4388 node_pen=0.5612 | div_loss=-0.0308 | ip_mean=-0.0308 ip_std=0.9964 | val_AP=0.4417 test_AP=0.4347
Epoch 122/500 [30.8s mem=18696MB] | total=1.3700 task=0.1105 train_AP=0.7912 | out_nov=0.2616 out_pen=0.7384 | node_nov=1.4633 node_pen=0.5367 | div_loss=-0.0310 | ip_mean=-0.0310 ip_std=0.9967 | val_AP=0.4667 test_AP=0.4430
Epoch 123/500 [30.8s mem=18658MB] | total=1.4546 task=0.1012 train_AP=0.8020 | out_nov=0.2480 out_pen=0.7520 | node_nov=1.3824 node_pen=0.6176 | div_loss=-0.0316 | ip_mean=-0.0316 ip_std=0.9974 | val_AP=0.4485 test_AP=0.4292
Epoch 124/500 [30.8s mem=18678MB] | total=1.4976 task=0.1490 train_AP=0.7703 | out_nov=0.2340 out_pen=0.7660 | node_nov=1.4027 node_pen=0.5973 | div_loss=-0.0300 | ip_mean=-0.0300 ip_std=0.9956 | val_AP=0.4618 test_AP=0.4420
Epoch 125/500 [31.6s mem=18630MB] | total=1.4859 task=0.0987 train_AP=0.8090 | out_nov=0.2293 out_pen=0.7707 | node_nov=1.3726 node_pen=0.6274 | div_loss=-0.0283 | ip_mean=-0.0283 ip_std=0.9964 | val_AP=0.4708 test_AP=0.4386
Epoch 126/500 [31.0s mem=18683MB] | total=1.4409 task=0.0971 train_AP=0.8137 | out_nov=0.2638 out_pen=0.7362 | node_nov=1.3807 node_pen=0.6193 | div_loss=-0.0278 | ip_mean=-0.0278 ip_std=0.9978 | val_AP=0.4667 test_AP=0.4446
Epoch 127/500 [31.6s mem=18665MB] | total=1.4657 task=0.0986 train_AP=0.8156 | out_nov=0.2821 out_pen=0.7179 | node_nov=1.3356 node_pen=0.6644 | div_loss=-0.0311 | ip_mean=-0.0311 ip_std=0.9976 | val_AP=0.4625 test_AP=0.4421
Epoch 128/500 [32.6s mem=18703MB] | total=1.7116 task=0.1033 train_AP=0.8111 | out_nov=0.2278 out_pen=0.7722 | node_nov=1.1512 node_pen=0.8488 | div_loss=-0.0283 | ip_mean=-0.0283 ip_std=0.9975 | val_AP=0.4481 test_AP=0.4384
Epoch 129/500 [32.0s mem=18702MB] | total=1.6750 task=0.1115 train_AP=0.7969 | out_nov=0.2595 out_pen=0.7405 | node_nov=1.1636 node_pen=0.8364 | div_loss=-0.0303 | ip_mean=-0.0303 ip_std=0.9968 | val_AP=0.4478 test_AP=0.4351
Epoch 130/500 [31.5s mem=18652MB] | total=1.6019 task=0.1056 train_AP=0.8052 | out_nov=0.2456 out_pen=0.7544 | node_nov=1.2432 node_pen=0.7568 | div_loss=-0.0310 | ip_mean=-0.0310 ip_std=0.9971 | val_AP=0.4539 test_AP=0.4418
Epoch 131/500 [31.0s mem=18684MB] | total=1.7643 task=0.1036 train_AP=0.8151 | out_nov=0.2520 out_pen=0.7480 | node_nov=1.0771 node_pen=0.9229 | div_loss=-0.0273 | ip_mean=-0.0273 ip_std=0.9972 | val_AP=0.4537 test_AP=0.4425
Epoch 132/500 [32.0s mem=18644MB] | total=1.7104 task=0.1159 train_AP=0.8019 | out_nov=0.2438 out_pen=0.7562 | node_nov=1.1495 node_pen=0.8505 | div_loss=-0.0290 | ip_mean=-0.0290 ip_std=0.9971 | val_AP=0.4277 test_AP=0.4226
Epoch 133/500 [31.2s mem=18689MB] | total=1.6335 task=0.1032 train_AP=0.8132 | out_nov=0.2651 out_pen=0.7349 | node_nov=1.1895 node_pen=0.8105 | div_loss=-0.0310 | ip_mean=-0.0310 ip_std=0.9970 | val_AP=0.4516 test_AP=0.4460
Epoch 134/500 [31.3s mem=18658MB] | total=1.7510 task=0.1108 train_AP=0.8020 | out_nov=0.2729 out_pen=0.7271 | node_nov=1.0727 node_pen=0.9273 | div_loss=-0.0308 | ip_mean=-0.0308 ip_std=0.9969 | val_AP=0.4324 test_AP=0.4313
Epoch 135/500 [31.2s mem=18657MB] | total=1.6610 task=0.1077 train_AP=0.8054 | out_nov=0.2746 out_pen=0.7254 | node_nov=1.1618 node_pen=0.8382 | div_loss=-0.0266 | ip_mean=-0.0266 ip_std=0.9967 | val_AP=0.4340 test_AP=0.4464
Epoch 136/500 [33.5s mem=18683MB] | total=1.5934 task=0.0984 train_AP=0.8155 | out_nov=0.2668 out_pen=0.7332 | node_nov=1.2272 node_pen=0.7728 | div_loss=-0.0272 | ip_mean=-0.0272 ip_std=0.9969 | val_AP=0.4440 test_AP=0.4436
Epoch 137/500 [31.9s mem=18633MB] | total=1.6260 task=0.1012 train_AP=0.8139 | out_nov=0.2737 out_pen=0.7263 | node_nov=1.1920 node_pen=0.8080 | div_loss=-0.0269 | ip_mean=-0.0269 ip_std=0.9973 | val_AP=0.4593 test_AP=0.4554
Epoch 138/500 [33.0s mem=18674MB] | total=1.6882 task=0.1021 train_AP=0.8179 | out_nov=0.2703 out_pen=0.7297 | node_nov=1.1331 node_pen=0.8669 | div_loss=-0.0270 | ip_mean=-0.0270 ip_std=0.9977 | val_AP=0.4569 test_AP=0.4454
Epoch 139/500 [34.2s mem=18690MB] | total=1.6240 task=0.1064 train_AP=0.8122 | out_nov=0.2829 out_pen=0.7171 | node_nov=1.1885 node_pen=0.8115 | div_loss=-0.0273 | ip_mean=-0.0273 ip_std=0.9979 | val_AP=0.4453 test_AP=0.4383
Epoch 140/500 [32.3s mem=18678MB] | total=1.5053 task=0.1033 train_AP=0.8225 | out_nov=0.3036 out_pen=0.6964 | node_nov=1.2826 node_pen=0.7174 | div_loss=-0.0283 | ip_mean=-0.0283 ip_std=0.9976 | val_AP=0.4710 test_AP=0.4542
Epoch 141/500 [31.6s mem=18656MB] | total=1.5386 task=0.1004 train_AP=0.8207 | out_nov=0.3445 out_pen=0.6555 | node_nov=1.2018 node_pen=0.7982 | div_loss=-0.0316 | ip_mean=-0.0316 ip_std=0.9980 | val_AP=0.4632 test_AP=0.4547
Epoch 142/500 [32.9s mem=18653MB] | total=1.6935 task=0.1174 train_AP=0.8049 | out_nov=0.2840 out_pen=0.7160 | node_nov=1.1318 node_pen=0.8682 | div_loss=-0.0247 | ip_mean=-0.0247 ip_std=0.9957 | val_AP=0.4248 test_AP=0.4205
Epoch 143/500 [31.8s mem=18699MB] | total=1.5210 task=0.1136 train_AP=0.8009 | out_nov=0.2895 out_pen=0.7105 | node_nov=1.2910 node_pen=0.7090 | div_loss=-0.0298 | ip_mean=-0.0298 ip_std=0.9958 | val_AP=0.4513 test_AP=0.4359
Epoch 144/500 [31.3s mem=18653MB] | total=1.6484 task=0.1215 train_AP=0.7976 | out_nov=0.2866 out_pen=0.7134 | node_nov=1.1743 node_pen=0.8257 | div_loss=-0.0291 | ip_mean=-0.0291 ip_std=0.9973 | val_AP=0.4587 test_AP=0.4446
Epoch 145/500 [31.2s mem=18663MB] | total=1.6770 task=0.1091 train_AP=0.8183 | out_nov=0.3003 out_pen=0.6997 | node_nov=1.1209 node_pen=0.8791 | div_loss=-0.0274 | ip_mean=-0.0274 ip_std=0.9980 | val_AP=0.4532 test_AP=0.4431
Epoch 146/500 [31.3s mem=18668MB] | total=1.6227 task=0.1000 train_AP=0.8275 | out_nov=0.2797 out_pen=0.7203 | node_nov=1.1865 node_pen=0.8135 | div_loss=-0.0274 | ip_mean=-0.0274 ip_std=0.9981 | val_AP=0.4527 test_AP=0.4366
Epoch 147/500 [31.2s mem=18649MB] | total=1.7073 task=0.1023 train_AP=0.8190 | out_nov=0.3061 out_pen=0.6939 | node_nov=1.0777 node_pen=0.9223 | div_loss=-0.0275 | ip_mean=-0.0275 ip_std=0.9983 | val_AP=0.4480 test_AP=0.4418
Epoch 148/500 [30.9s mem=18664MB] | total=1.7239 task=0.0975 train_AP=0.8292 | out_nov=0.2927 out_pen=0.7073 | node_nov=1.0694 node_pen=0.9306 | div_loss=-0.0277 | ip_mean=-0.0277 ip_std=0.9985 | val_AP=0.4661 test_AP=0.4447
Epoch 149/500 [31.3s mem=18657MB] | total=1.5908 task=0.0898 train_AP=0.8368 | out_nov=0.3018 out_pen=0.6982 | node_nov=1.1857 node_pen=0.8143 | div_loss=-0.0276 | ip_mean=-0.0276 ip_std=0.9984 | val_AP=0.4490 test_AP=0.4573
Epoch 150/500 [31.9s mem=18657MB] | total=1.6380 task=0.1033 train_AP=0.8172 | out_nov=0.3053 out_pen=0.6947 | node_nov=1.1485 node_pen=0.8515 | div_loss=-0.0275 | ip_mean=-0.0275 ip_std=0.9982 | val_AP=0.4637 test_AP=0.4510
Epoch 151/500 [30.8s mem=18659MB] | total=1.7369 task=0.1085 train_AP=0.8230 | out_nov=0.2975 out_pen=0.7025 | node_nov=1.0623 node_pen=0.9377 | div_loss=-0.0286 | ip_mean=-0.0286 ip_std=0.9979 | val_AP=0.4397 test_AP=0.4329
Epoch 152/500 [32.1s mem=18673MB] | total=1.5896 task=0.1108 train_AP=0.8054 | out_nov=0.3205 out_pen=0.6795 | node_nov=1.1867 node_pen=0.8133 | div_loss=-0.0307 | ip_mean=-0.0307 ip_std=0.9974 | val_AP=0.4618 test_AP=0.4471
Epoch 153/500 [31.7s mem=18682MB] | total=1.5934 task=0.0945 train_AP=0.8360 | out_nov=0.3227 out_pen=0.6773 | node_nov=1.1638 node_pen=0.8362 | div_loss=-0.0313 | ip_mean=-0.0313 ip_std=0.9980 | val_AP=0.4576 test_AP=0.4533
Epoch 154/500 [32.5s mem=18700MB] | total=1.5557 task=0.0957 train_AP=0.8264 | out_nov=0.3353 out_pen=0.6647 | node_nov=1.1900 node_pen=0.8100 | div_loss=-0.0313 | ip_mean=-0.0313 ip_std=0.9979 | val_AP=0.4576 test_AP=0.4448
Epoch 155/500 [31.7s mem=18657MB] | total=1.4611 task=0.0909 train_AP=0.8301 | out_nov=0.3675 out_pen=0.6325 | node_nov=1.2472 node_pen=0.7528 | div_loss=-0.0315 | ip_mean=-0.0315 ip_std=0.9982 | val_AP=0.4647 test_AP=0.4640
Early stopping at epoch 155. Best val AP=0.4799 at epoch 105.
Stage 3 done. Best val AP=0.4799 at epoch 105. Diagnostics saved to checkpoints_self_novelty_vanilla_2/stage3_diagnostics.pkl
