+ python main_self_novelty.py --stage all --backbone hybrid --generator graph_coarsening --num_proxies 32 --hidden_dim 128 --num_heads 8 --num_gred_layers 6 --num_transformer_layers 2 --state_dim 88 --batch_size 16 --num_workers 4 --s1_lr 5e-4 --s1_max_epochs 500 --s1_patience 20 --s2_lr 5e-4 --s2_max_epochs 500 --s2_patience 50 --s3_lr_gen 5e-4 --s3_lr_transformer 5e-4 --s3_max_epochs 500 --s3_patience 50 --novelty_temperature 1.0 --novelty_alpha 1.0 --novelty_alpha_node 1.0 --diversity_weight 1 --readout_scope all_tokens --save_dir checkpoints_self_novelty_hybrid_graph_coarsening
{'config': None, 'stage': 'all', 'generator': 'graph_coarsening', 'backbone': 'hybrid', 'model_path': None, 'generator_path': None, 'hidden_dim': 128, 'num_layers': 5, 'num_heads': 8, 'output_dim': 10, 'dropout': 0.1, 'num_proxies': 32, 'use_lap_pe': True, 'lap_pe_dim': 8, 'state_dim': 88, 'num_gred_layers': 6, 'num_transformer_layers': 2, 'gred_expand': 1, 'r_min': 0.0, 'r_max': 1.0, 'max_phase': 6.28, 'gred_act': 'full-glu', 'max_hops': 40, 'dist_mask_workers': 8, 's1_lr': 0.0005, 's1_weight_decay': 0.0003, 's1_max_epochs': 500, 's1_patience': 20, 's1_grad_clip': 1.0, 's2_lr': 0.0005, 's2_weight_decay': 0.0003, 's2_max_epochs': 500, 's2_patience': 50, 's2_eval_every': 1, 's2_grad_clip': 1.0, 's3_lr_gen': 0.0005, 's3_lr_transformer': 0.0005, 's3_max_epochs': 500, 's3_patience': 50, 's3_grad_clip': 1.0, 's3_weight_decay': 0.0001, 'novelty_temperature': 1.0, 'novelty_alpha': 1.0, 'novelty_alpha_node': 1.0, 'diversity_weight': 1.0, 'gen_hidden_dim': 256, 'gen_num_layers': 4, 'gen_num_heads': 8, 'gen_dropout': 0.2, 'pma_query_mode': 'farthest_point', 'coarsen_gnn_type': 'GIN', 'coarsen_reg_weight': 0.1, 'coarsen_reg_type': 'mincut', 'gnn_layers': 4, 'gnn_type': 'GINE', 'pool_types': ['max'], 'decode_hidden': 128, 'decode_layers': 3, 'idx_emb_dim': 128, 'decode_mode': 'shared', 'denoiser_dim': 256, 'denoiser_layers': 4, 'denoiser_heads': 8, 'euler_steps': 1, 'use_cross_attn_routing': False, 'num_cross_layers': 2, 'cross_attn_proxy_self_attn': True, 'proxy_insertion_layers': '-1', 'separate_proxy_generators': False, 'separate_proxy_routers': False, 'proxy_aux_loss_decay': 1.0, 'readout_scope': 'all_tokens', 'batch_size': 16, 'num_workers': 4, 'lr_min': 1e-07, 'warmup_ratio': 0.05, 'recurrent_lr_factor': 1.0, 'save_dir': 'checkpoints_self_novelty_hybrid_graph_coarsening', 'device': 'cuda'}
Saved code snapshot to checkpoints_self_novelty_hybrid_graph_coarsening/code_snapshot.zip

============================================================
STAGE 1: Pretrain backbone (hybrid)
============================================================
  Loading cached distance masks from ./data/Peptides-func/dist_masks/train.pkl
  Loading cached distance masks from ./data/Peptides-func/dist_masks/val.pkl
  Loading cached distance masks from ./data/Peptides-func/dist_masks/test.pkl
  Parameters: 1,124,794
Epoch   1/500 [220.8s mem=8951MB] | train_loss=1.6454 train_AP=0.1805 | val_loss=0.4066 val_AP=0.2596
  -> New best val AP=0.2596, saved
Epoch   2/500 [236.3s mem=8957MB] | train_loss=0.3933 train_AP=0.2371 | val_loss=0.4030 val_AP=0.2519
Epoch   3/500 [225.5s mem=8898MB] | train_loss=0.3802 train_AP=0.2420 | val_loss=0.3575 val_AP=0.2587
Epoch   4/500 [235.3s mem=8895MB] | train_loss=0.3709 train_AP=0.2416 | val_loss=0.4271 val_AP=0.2416
Epoch   5/500 [223.6s mem=8955MB] | train_loss=0.3624 train_AP=0.2406 | val_loss=0.3290 val_AP=0.2673
  -> New best val AP=0.2673, saved
Epoch   6/500 [234.9s mem=8956MB] | train_loss=0.3569 train_AP=0.2451 | val_loss=0.3370 val_AP=0.2627
Epoch   7/500 [218.6s mem=8953MB] | train_loss=0.3493 train_AP=0.2527 | val_loss=0.3245 val_AP=0.2863
  -> New best val AP=0.2863, saved
Epoch   8/500 [236.2s mem=8955MB] | train_loss=0.3392 train_AP=0.2567 | val_loss=0.3193 val_AP=0.2801
Epoch   9/500 [225.8s mem=8896MB] | train_loss=0.3338 train_AP=0.2642 | val_loss=0.3431 val_AP=0.2865
  -> New best val AP=0.2865, saved
Epoch  10/500 [231.3s mem=8955MB] | train_loss=0.3292 train_AP=0.2749 | val_loss=0.3096 val_AP=0.3137
  -> New best val AP=0.3137, saved
Epoch  11/500 [233.9s mem=8956MB] | train_loss=0.3209 train_AP=0.2873 | val_loss=0.3023 val_AP=0.3265
  -> New best val AP=0.3265, saved
Epoch  12/500 [223.5s mem=8896MB] | train_loss=0.3138 train_AP=0.3024 | val_loss=0.2937 val_AP=0.3448
  -> New best val AP=0.3448, saved
Epoch  13/500 [238.1s mem=8898MB] | train_loss=0.3065 train_AP=0.3195 | val_loss=0.2893 val_AP=0.3696
  -> New best val AP=0.3696, saved
Epoch  14/500 [223.3s mem=8954MB] | train_loss=0.2985 train_AP=0.3421 | val_loss=0.2788 val_AP=0.4064
  -> New best val AP=0.4064, saved
Epoch  15/500 [233.9s mem=8898MB] | train_loss=0.2891 train_AP=0.3625 | val_loss=0.2728 val_AP=0.4136
  -> New best val AP=0.4136, saved
Epoch  16/500 [221.5s mem=8956MB] | train_loss=0.2815 train_AP=0.3756 | val_loss=0.2867 val_AP=0.3937
Epoch  17/500 [232.9s mem=8956MB] | train_loss=0.2759 train_AP=0.3844 | val_loss=0.2534 val_AP=0.4479
  -> New best val AP=0.4479, saved
Epoch  18/500 [225.1s mem=8956MB] | train_loss=0.2697 train_AP=0.3955 | val_loss=0.2517 val_AP=0.4514
  -> New best val AP=0.4514, saved
Epoch  19/500 [236.5s mem=8953MB] | train_loss=0.2662 train_AP=0.4046 | val_loss=0.2477 val_AP=0.4740
  -> New best val AP=0.4740, saved
Epoch  20/500 [225.8s mem=8897MB] | train_loss=0.2584 train_AP=0.4210 | val_loss=0.2758 val_AP=0.4633
Epoch  21/500 [235.2s mem=8895MB] | train_loss=0.2493 train_AP=0.4401 | val_loss=0.2695 val_AP=0.4583
Epoch  22/500 [231.3s mem=8895MB] | train_loss=0.2473 train_AP=0.4441 | val_loss=0.2906 val_AP=0.4641
Epoch  23/500 [226.5s mem=8955MB] | train_loss=0.2441 train_AP=0.4489 | val_loss=0.2345 val_AP=0.4978
  -> New best val AP=0.4978, saved
Epoch  24/500 [237.9s mem=8896MB] | train_loss=0.2390 train_AP=0.4639 | val_loss=0.2459 val_AP=0.4788
Epoch  25/500 [225.5s mem=8898MB] | train_loss=0.2339 train_AP=0.4776 | val_loss=0.2339 val_AP=0.5232
  -> New best val AP=0.5232, saved
Epoch  26/500 [235.9s mem=8955MB] | train_loss=0.2295 train_AP=0.4887 | val_loss=0.2444 val_AP=0.5260
  -> New best val AP=0.5260, saved
Epoch  27/500 [221.4s mem=8896MB] | train_loss=0.2242 train_AP=0.5021 | val_loss=0.2356 val_AP=0.5165
Epoch  28/500 [234.5s mem=8897MB] | train_loss=0.2219 train_AP=0.5019 | val_loss=0.2435 val_AP=0.5395
  -> New best val AP=0.5395, saved
Epoch  29/500 [227.2s mem=8897MB] | train_loss=0.2161 train_AP=0.5238 | val_loss=0.2354 val_AP=0.5282
Epoch  30/500 [236.1s mem=8956MB] | train_loss=0.2128 train_AP=0.5218 | val_loss=0.2573 val_AP=0.5211
Epoch  31/500 [226.5s mem=8955MB] | train_loss=0.2073 train_AP=0.5428 | val_loss=0.2535 val_AP=0.5282
Epoch  32/500 [233.5s mem=8956MB] | train_loss=0.2023 train_AP=0.5499 | val_loss=0.2468 val_AP=0.5446
  -> New best val AP=0.5446, saved
Epoch  33/500 [225.0s mem=8896MB] | train_loss=0.1998 train_AP=0.5582 | val_loss=0.2350 val_AP=0.5304
Epoch  34/500 [236.8s mem=8955MB] | train_loss=0.1954 train_AP=0.5656 | val_loss=0.2671 val_AP=0.5439
Epoch  35/500 [234.2s mem=8953MB] | train_loss=0.1864 train_AP=0.5829 | val_loss=0.2633 val_AP=0.5480
  -> New best val AP=0.5480, saved
Epoch  36/500 [230.6s mem=8898MB] | train_loss=0.1872 train_AP=0.5885 | val_loss=0.2854 val_AP=0.5715
  -> New best val AP=0.5715, saved
Epoch  37/500 [232.7s mem=8954MB] | train_loss=0.1837 train_AP=0.5997 | val_loss=0.2703 val_AP=0.5805
  -> New best val AP=0.5805, saved
Epoch  38/500 [219.2s mem=8898MB] | train_loss=0.1781 train_AP=0.6103 | val_loss=0.2991 val_AP=0.5787
Epoch  39/500 [235.3s mem=8897MB] | train_loss=0.1776 train_AP=0.6075 | val_loss=0.2945 val_AP=0.5753
Epoch  40/500 [219.8s mem=8898MB] | train_loss=0.1732 train_AP=0.6237 | val_loss=0.2658 val_AP=0.5663
Epoch  41/500 [235.6s mem=8956MB] | train_loss=0.1726 train_AP=0.6286 | val_loss=0.2804 val_AP=0.5863
  -> New best val AP=0.5863, saved
Epoch  42/500 [219.9s mem=8953MB] | train_loss=0.1691 train_AP=0.6314 | val_loss=0.3293 val_AP=0.5803
Epoch  43/500 [232.6s mem=8897MB] | train_loss=0.1665 train_AP=0.6398 | val_loss=0.3156 val_AP=0.5830
Epoch  44/500 [222.2s mem=8955MB] | train_loss=0.1625 train_AP=0.6466 | val_loss=0.3136 val_AP=0.5757
Epoch  45/500 [233.7s mem=8955MB] | train_loss=0.1617 train_AP=0.6519 | val_loss=0.3600 val_AP=0.5679
Epoch  46/500 [231.3s mem=8955MB] | train_loss=0.1577 train_AP=0.6645 | val_loss=0.3237 val_AP=0.6012
  -> New best val AP=0.6012, saved
Epoch  47/500 [229.0s mem=8895MB] | train_loss=0.1585 train_AP=0.6685 | val_loss=0.3514 val_AP=0.5704
Epoch  48/500 [235.5s mem=8897MB] | train_loss=0.1559 train_AP=0.6709 | val_loss=0.2871 val_AP=0.6006
Epoch  49/500 [221.5s mem=8955MB] | train_loss=0.1544 train_AP=0.6656 | val_loss=0.3500 val_AP=0.6057
  -> New best val AP=0.6057, saved
Epoch  50/500 [232.3s mem=8898MB] | train_loss=0.1516 train_AP=0.6814 | val_loss=0.2904 val_AP=0.6073
  -> New best val AP=0.6073, saved
Epoch  51/500 [222.8s mem=8898MB] | train_loss=0.1501 train_AP=0.6856 | val_loss=0.2993 val_AP=0.5990
Epoch  52/500 [234.9s mem=8953MB] | train_loss=0.1510 train_AP=0.6873 | val_loss=0.3019 val_AP=0.6046
Epoch  53/500 [222.0s mem=8956MB] | train_loss=0.1473 train_AP=0.6870 | val_loss=0.3742 val_AP=0.6021
Epoch  54/500 [233.6s mem=8897MB] | train_loss=0.1469 train_AP=0.6926 | val_loss=0.3203 val_AP=0.5999
Epoch  55/500 [219.4s mem=8897MB] | train_loss=0.1462 train_AP=0.6950 | val_loss=0.3376 val_AP=0.5876
Epoch  56/500 [233.3s mem=8957MB] | train_loss=0.1433 train_AP=0.6951 | val_loss=0.3318 val_AP=0.6077
  -> New best val AP=0.6077, saved
Epoch  57/500 [228.9s mem=8955MB] | train_loss=0.1386 train_AP=0.7046 | val_loss=0.3609 val_AP=0.6120
  -> New best val AP=0.6120, saved
Epoch  58/500 [229.1s mem=8955MB] | train_loss=0.1438 train_AP=0.6987 | val_loss=0.4036 val_AP=0.6059
Epoch  59/500 [233.7s mem=8956MB] | train_loss=0.1394 train_AP=0.7070 | val_loss=0.4081 val_AP=0.5955
Epoch  60/500 [223.6s mem=8956MB] | train_loss=0.1384 train_AP=0.7122 | val_loss=0.4167 val_AP=0.6165
  -> New best val AP=0.6165, saved
Epoch  61/500 [234.6s mem=8955MB] | train_loss=0.1347 train_AP=0.7188 | val_loss=0.3394 val_AP=0.6177
  -> New best val AP=0.6177, saved
Epoch  62/500 [220.0s mem=8955MB] | train_loss=0.1376 train_AP=0.7188 | val_loss=0.3065 val_AP=0.6106
Epoch  63/500 [234.5s mem=8955MB] | train_loss=0.1320 train_AP=0.7227 | val_loss=0.3591 val_AP=0.6193
  -> New best val AP=0.6193, saved
Epoch  64/500 [220.4s mem=8897MB] | train_loss=0.1358 train_AP=0.7263 | val_loss=0.3889 val_AP=0.6099
Epoch  65/500 [234.2s mem=8954MB] | train_loss=0.1306 train_AP=0.7322 | val_loss=0.3931 val_AP=0.6060
Epoch  66/500 [222.5s mem=8955MB] | train_loss=0.1325 train_AP=0.7319 | val_loss=0.4248 val_AP=0.5951
Epoch  67/500 [233.2s mem=8955MB] | train_loss=0.1253 train_AP=0.7394 | val_loss=0.4331 val_AP=0.6048
Epoch  68/500 [224.0s mem=8955MB] | train_loss=0.1289 train_AP=0.7302 | val_loss=0.4319 val_AP=0.6025
Epoch  69/500 [230.9s mem=8898MB] | train_loss=0.1323 train_AP=0.7316 | val_loss=0.4545 val_AP=0.5952
Epoch  70/500 [235.4s mem=8955MB] | train_loss=0.1263 train_AP=0.7425 | val_loss=0.3892 val_AP=0.6095
Epoch  71/500 [224.3s mem=8955MB] | train_loss=0.1253 train_AP=0.7430 | val_loss=0.4242 val_AP=0.6131
Epoch  72/500 [233.8s mem=8895MB] | train_loss=0.1220 train_AP=0.7502 | val_loss=0.4777 val_AP=0.6168
Epoch  73/500 [221.4s mem=8898MB] | train_loss=0.1237 train_AP=0.7524 | val_loss=0.4954 val_AP=0.6134
Epoch  74/500 [234.2s mem=8897MB] | train_loss=0.1249 train_AP=0.7536 | val_loss=0.4116 val_AP=0.6172
Epoch  75/500 [221.1s mem=8956MB] | train_loss=0.1200 train_AP=0.7588 | val_loss=0.5093 val_AP=0.6134
Epoch  76/500 [233.1s mem=8955MB] | train_loss=0.1162 train_AP=0.7604 | val_loss=0.4540 val_AP=0.6078
Epoch  77/500 [220.7s mem=8897MB] | train_loss=0.1195 train_AP=0.7565 | val_loss=0.5085 val_AP=0.6172
Epoch  78/500 [232.6s mem=8897MB] | train_loss=0.1183 train_AP=0.7616 | val_loss=0.4178 val_AP=0.6028
Epoch  79/500 [226.6s mem=8898MB] | train_loss=0.1193 train_AP=0.7629 | val_loss=0.4878 val_AP=0.6100
Epoch  80/500 [234.4s mem=8956MB] | train_loss=0.1154 train_AP=0.7709 | val_loss=0.6103 val_AP=0.6018
Epoch  81/500 [233.9s mem=8895MB] | train_loss=0.1153 train_AP=0.7727 | val_loss=0.4707 val_AP=0.6110
Epoch  82/500 [227.0s mem=8689MB] | train_loss=0.1157 train_AP=0.7718 | val_loss=0.5225 val_AP=0.6076
Epoch  83/500 [232.9s mem=8956MB] | train_loss=0.1140 train_AP=0.7822 | val_loss=0.5130 val_AP=0.6177
Early stopping at epoch 83. Best val AP=0.6193 at epoch 63.
Stage 1 done. Best val AP=0.6193 at epoch 63.

============================================================
STAGE 2: Train generator (graph_coarsening) with self-novelty
  Backbone: hybrid (frozen)
  alpha=1.0 alpha_node=1.0 T=1.0
============================================================
  Loading cached distance masks from ./data/Peptides-func/dist_masks/train.pkl
  Loading cached distance masks from ./data/Peptides-func/dist_masks/val.pkl
  Loading cached distance masks from ./data/Peptides-func/dist_masks/test.pkl
  Generator parameters: 335,520
Epoch   1/500 [170.0s mem=2002MB] | total=3.7468 task=0.1154 | out_nov=0.0157 out_pen=0.9843 | node_nov=0.0009 node_pen=1.9991 | ip_mean=0.6309 ip_std=0.2612 | val_loss=0.5591 val_AP=0.6134 | test_loss=0.6008 test_AP=0.5795
  -> New best val AP=0.6134
Epoch   2/500 [186.4s mem=1939MB] | total=3.1564 task=0.1131 | out_nov=0.0312 out_pen=0.9688 | node_nov=0.0133 node_pen=1.9867 | ip_mean=0.0709 ip_std=0.7791 | val_loss=0.5374 val_AP=0.5946 | test_loss=0.6096 test_AP=0.5495
Epoch   3/500 [162.6s mem=1907MB] | total=3.0205 task=0.1271 | out_nov=0.0672 out_pen=0.9328 | node_nov=0.0537 node_pen=1.9463 | ip_mean=-0.0025 ip_std=0.9016 | val_loss=0.4200 val_AP=0.5959 | test_loss=0.5052 test_AP=0.5378
Epoch   4/500 [187.5s mem=1928MB] | total=2.9612 task=0.1359 | out_nov=0.0772 out_pen=0.9228 | node_nov=0.0959 node_pen=1.9041 | ip_mean=-0.0182 ip_std=0.9285 | val_loss=0.3114 val_AP=0.5621 | test_loss=0.3884 test_AP=0.5182
Epoch   5/500 [171.2s mem=1960MB] | total=2.9309 task=0.1505 | out_nov=0.0944 out_pen=0.9056 | node_nov=0.1186 node_pen=1.8814 | ip_mean=-0.0233 ip_std=0.9399 | val_loss=0.2827 val_AP=0.5452 | test_loss=0.3212 test_AP=0.5154
Epoch   6/500 [190.1s mem=1951MB] | total=2.9138 task=0.1608 | out_nov=0.1057 out_pen=0.8943 | node_nov=0.1333 node_pen=1.8667 | ip_mean=-0.0248 ip_std=0.9463 | val_loss=0.2630 val_AP=0.5457 | test_loss=0.2961 test_AP=0.5128
Epoch   7/500 [170.1s mem=1920MB] | total=2.9000 task=0.1622 | out_nov=0.1081 out_pen=0.8919 | node_nov=0.1458 node_pen=1.8542 | ip_mean=-0.0249 ip_std=0.9462 | val_loss=0.2731 val_AP=0.5468 | test_loss=0.3045 test_AP=0.5173
Epoch   8/500 [185.0s mem=1964MB] | total=2.8912 task=0.1635 | out_nov=0.1107 out_pen=0.8893 | node_nov=0.1534 node_pen=1.8466 | ip_mean=-0.0249 ip_std=0.9465 | val_loss=0.2633 val_AP=0.5576 | test_loss=0.2947 test_AP=0.5222
Epoch   9/500 [170.2s mem=1867MB] | total=2.8824 task=0.1630 | out_nov=0.1099 out_pen=0.8901 | node_nov=0.1628 node_pen=1.8372 | ip_mean=-0.0244 ip_std=0.9450 | val_loss=0.2579 val_AP=0.5408 | test_loss=0.2885 test_AP=0.5009
Epoch  10/500 [182.9s mem=1876MB] | total=2.8737 task=0.1640 | out_nov=0.1118 out_pen=0.8882 | node_nov=0.1707 node_pen=1.8293 | ip_mean=-0.0243 ip_std=0.9426 | val_loss=0.2808 val_AP=0.5452 | test_loss=0.3189 test_AP=0.5027
Epoch  11/500 [177.4s mem=1883MB] | total=2.8665 task=0.1638 | out_nov=0.1150 out_pen=0.8850 | node_nov=0.1744 node_pen=1.8256 | ip_mean=-0.0243 ip_std=0.9415 | val_loss=0.2968 val_AP=0.5343 | test_loss=0.3291 test_AP=0.4976
Epoch  12/500 [178.6s mem=2011MB] | total=2.8584 task=0.1684 | out_nov=0.1211 out_pen=0.8789 | node_nov=0.1817 node_pen=1.8183 | ip_mean=-0.0236 ip_std=0.9361 | val_loss=0.2700 val_AP=0.5370 | test_loss=0.3072 test_AP=0.4979
Epoch  13/500 [171.5s mem=1879MB] | total=2.8502 task=0.1699 | out_nov=0.1232 out_pen=0.8768 | node_nov=0.1895 node_pen=1.8105 | ip_mean=-0.0233 ip_std=0.9317 | val_loss=0.2622 val_AP=0.5356 | test_loss=0.2993 test_AP=0.4974
Epoch  14/500 [181.2s mem=1832MB] | total=2.8446 task=0.1727 | out_nov=0.1280 out_pen=0.8720 | node_nov=0.1933 node_pen=1.8067 | ip_mean=-0.0231 ip_std=0.9305 | val_loss=0.2752 val_AP=0.5194 | test_loss=0.3137 test_AP=0.4856
Epoch  15/500 [175.2s mem=1961MB] | total=2.8395 task=0.1767 | out_nov=0.1327 out_pen=0.8673 | node_nov=0.1995 node_pen=1.8005 | ip_mean=-0.0214 ip_std=0.9041 | val_loss=0.2873 val_AP=0.5264 | test_loss=0.3261 test_AP=0.4906
Epoch  16/500 [181.1s mem=1897MB] | total=2.8315 task=0.1765 | out_nov=0.1351 out_pen=0.8649 | node_nov=0.2044 node_pen=1.7956 | ip_mean=-0.0218 ip_std=0.8812 | val_loss=0.2718 val_AP=0.5190 | test_loss=0.3103 test_AP=0.4705
Epoch  17/500 [175.6s mem=2014MB] | total=2.8203 task=0.1800 | out_nov=0.1391 out_pen=0.8609 | node_nov=0.2153 node_pen=1.7847 | ip_mean=-0.0214 ip_std=0.8625 | val_loss=0.2678 val_AP=0.5207 | test_loss=0.2992 test_AP=0.4778
Epoch  18/500 [177.9s mem=1974MB] | total=2.8018 task=0.1824 | out_nov=0.1398 out_pen=0.8602 | node_nov=0.2358 node_pen=1.7642 | ip_mean=-0.0212 ip_std=0.8249 | val_loss=0.2788 val_AP=0.5276 | test_loss=0.3089 test_AP=0.4810
Epoch  19/500 [179.8s mem=1886MB] | total=2.7847 task=0.1804 | out_nov=0.1383 out_pen=0.8617 | node_nov=0.2515 node_pen=1.7485 | ip_mean=-0.0219 ip_std=0.7946 | val_loss=0.2992 val_AP=0.5102 | test_loss=0.3241 test_AP=0.4685
Epoch  20/500 [254.3s mem=1886MB] | total=2.7654 task=0.1845 | out_nov=0.1421 out_pen=0.8579 | node_nov=0.2713 node_pen=1.7287 | ip_mean=-0.0215 ip_std=0.7506 | val_loss=0.2848 val_AP=0.4896 | test_loss=0.2951 test_AP=0.4608
Epoch  21/500 [263.3s mem=1865MB] | total=2.7497 task=0.1866 | out_nov=0.1452 out_pen=0.8548 | node_nov=0.2855 node_pen=1.7145 | ip_mean=-0.0220 ip_std=0.7136 | val_loss=0.2877 val_AP=0.5097 | test_loss=0.3154 test_AP=0.4719
Epoch  22/500 [264.6s mem=2024MB] | total=2.7385 task=0.1869 | out_nov=0.1469 out_pen=0.8531 | node_nov=0.2951 node_pen=1.7049 | ip_mean=-0.0222 ip_std=0.6890 | val_loss=0.3132 val_AP=0.4763 | test_loss=0.3406 test_AP=0.4446
Epoch  23/500 [260.1s mem=2011MB] | total=2.7306 task=0.1871 | out_nov=0.1468 out_pen=0.8532 | node_nov=0.3034 node_pen=1.6966 | ip_mean=-0.0220 ip_std=0.6668 | val_loss=0.2949 val_AP=0.4904 | test_loss=0.3089 test_AP=0.4633
Epoch  24/500 [264.8s mem=2000MB] | total=2.7161 task=0.1901 | out_nov=0.1500 out_pen=0.8500 | node_nov=0.3172 node_pen=1.6828 | ip_mean=-0.0224 ip_std=0.6390 | val_loss=0.2852 val_AP=0.4860 | test_loss=0.3062 test_AP=0.4607
Epoch  25/500 [259.0s mem=2011MB] | total=2.7034 task=0.1903 | out_nov=0.1543 out_pen=0.8457 | node_nov=0.3255 node_pen=1.6745 | ip_mean=-0.0227 ip_std=0.6212 | val_loss=0.2864 val_AP=0.5060 | test_loss=0.3119 test_AP=0.4714
Epoch  26/500 [267.9s mem=1905MB] | total=2.6951 task=0.1909 | out_nov=0.1572 out_pen=0.8428 | node_nov=0.3308 node_pen=1.6692 | ip_mean=-0.0234 ip_std=0.6116 | val_loss=0.2897 val_AP=0.4888 | test_loss=0.3147 test_AP=0.4607
Epoch  27/500 [256.5s mem=1878MB] | total=2.6908 task=0.1966 | out_nov=0.1619 out_pen=0.8381 | node_nov=0.3358 node_pen=1.6642 | ip_mean=-0.0234 ip_std=0.6015 | val_loss=0.3047 val_AP=0.4702 | test_loss=0.3230 test_AP=0.4475
Epoch  28/500 [269.6s mem=1861MB] | total=2.6836 task=0.1998 | out_nov=0.1666 out_pen=0.8334 | node_nov=0.3414 node_pen=1.6586 | ip_mean=-0.0235 ip_std=0.5939 | val_loss=0.2983 val_AP=0.4935 | test_loss=0.3227 test_AP=0.4602
Epoch  29/500 [254.8s mem=2051MB] | total=2.6764 task=0.2017 | out_nov=0.1695 out_pen=0.8305 | node_nov=0.3469 node_pen=1.6531 | ip_mean=-0.0241 ip_std=0.5897 | val_loss=0.2991 val_AP=0.4894 | test_loss=0.3247 test_AP=0.4595
Epoch  30/500 [271.1s mem=1853MB] | total=2.6663 task=0.2030 | out_nov=0.1733 out_pen=0.8267 | node_nov=0.3545 node_pen=1.6455 | ip_mean=-0.0240 ip_std=0.5843 | val_loss=0.2863 val_AP=0.4839 | test_loss=0.3023 test_AP=0.4556
Epoch  31/500 [250.1s mem=1875MB] | total=2.6521 task=0.2038 | out_nov=0.1772 out_pen=0.8228 | node_nov=0.3660 node_pen=1.6340 | ip_mean=-0.0235 ip_std=0.5770 | val_loss=0.3032 val_AP=0.4596 | test_loss=0.3173 test_AP=0.4410
Epoch  32/500 [272.4s mem=1877MB] | total=2.6406 task=0.2126 | out_nov=0.1823 out_pen=0.8177 | node_nov=0.3815 node_pen=1.6185 | ip_mean=-0.0233 ip_std=0.5705 | val_loss=0.2877 val_AP=0.4879 | test_loss=0.3090 test_AP=0.4600
Epoch  33/500 [250.7s mem=1861MB] | total=2.6299 task=0.2077 | out_nov=0.1806 out_pen=0.8194 | node_nov=0.3885 node_pen=1.6115 | ip_mean=-0.0236 ip_std=0.5685 | val_loss=0.3068 val_AP=0.4975 | test_loss=0.3319 test_AP=0.4486
Epoch  34/500 [272.5s mem=1861MB] | total=2.6199 task=0.2066 | out_nov=0.1845 out_pen=0.8155 | node_nov=0.3933 node_pen=1.6067 | ip_mean=-0.0239 ip_std=0.5637 | val_loss=0.3118 val_AP=0.4956 | test_loss=0.3441 test_AP=0.4544
Epoch  35/500 [249.4s mem=1870MB] | total=2.6146 task=0.2007 | out_nov=0.1808 out_pen=0.8192 | node_nov=0.3964 node_pen=1.6036 | ip_mean=-0.0239 ip_std=0.5639 | val_loss=0.3085 val_AP=0.4953 | test_loss=0.3345 test_AP=0.4582
Epoch  36/500 [271.0s mem=1870MB] | total=2.6086 task=0.1988 | out_nov=0.1818 out_pen=0.8182 | node_nov=0.3990 node_pen=1.6010 | ip_mean=-0.0242 ip_std=0.5605 | val_loss=0.2966 val_AP=0.4911 | test_loss=0.3099 test_AP=0.4586
Epoch  37/500 [246.9s mem=1878MB] | total=2.6060 task=0.1968 | out_nov=0.1806 out_pen=0.8194 | node_nov=0.4009 node_pen=1.5991 | ip_mean=-0.0242 ip_std=0.5604 | val_loss=0.3106 val_AP=0.4874 | test_loss=0.3323 test_AP=0.4608
Epoch  38/500 [272.1s mem=1932MB] | total=2.6012 task=0.1944 | out_nov=0.1809 out_pen=0.8191 | node_nov=0.4028 node_pen=1.5972 | ip_mean=-0.0244 ip_std=0.5589 | val_loss=0.3063 val_AP=0.4870 | test_loss=0.3251 test_AP=0.4566
Epoch  39/500 [247.1s mem=1915MB] | total=2.5982 task=0.1932 | out_nov=0.1813 out_pen=0.8187 | node_nov=0.4043 node_pen=1.5957 | ip_mean=-0.0243 ip_std=0.5560 | val_loss=0.3259 val_AP=0.5004 | test_loss=0.3519 test_AP=0.4641
Epoch  40/500 [270.5s mem=1888MB] | total=2.5925 task=0.1899 | out_nov=0.1816 out_pen=0.8184 | node_nov=0.4062 node_pen=1.5938 | ip_mean=-0.0244 ip_std=0.5560 | val_loss=0.3255 val_AP=0.4820 | test_loss=0.3434 test_AP=0.4541
Epoch  41/500 [252.8s mem=1863MB] | total=2.5898 task=0.1884 | out_nov=0.1814 out_pen=0.8186 | node_nov=0.4074 node_pen=1.5926 | ip_mean=-0.0245 ip_std=0.5530 | val_loss=0.3341 val_AP=0.4904 | test_loss=0.3584 test_AP=0.4593
Epoch  42/500 [270.1s mem=1859MB] | total=2.5887 task=0.1899 | out_nov=0.1825 out_pen=0.8175 | node_nov=0.4090 node_pen=1.5910 | ip_mean=-0.0242 ip_std=0.5532 | val_loss=0.3214 val_AP=0.4964 | test_loss=0.3401 test_AP=0.4642
Epoch  43/500 [251.1s mem=1902MB] | total=2.5815 task=0.1849 | out_nov=0.1816 out_pen=0.8184 | node_nov=0.4122 node_pen=1.5878 | ip_mean=-0.0243 ip_std=0.5506 | val_loss=0.3291 val_AP=0.4938 | test_loss=0.3482 test_AP=0.4684
Epoch  44/500 [270.4s mem=1875MB] | total=2.5775 task=0.1850 | out_nov=0.1818 out_pen=0.8182 | node_nov=0.4161 node_pen=1.5839 | ip_mean=-0.0243 ip_std=0.5477 | val_loss=0.3307 val_AP=0.5032 | test_loss=0.3586 test_AP=0.4728
Epoch  45/500 [254.0s mem=1974MB] | total=2.5733 task=0.1832 | out_nov=0.1812 out_pen=0.8188 | node_nov=0.4192 node_pen=1.5808 | ip_mean=-0.0241 ip_std=0.5431 | val_loss=0.3176 val_AP=0.4851 | test_loss=0.3347 test_AP=0.4560
Epoch  46/500 [273.2s mem=1914MB] | total=2.5676 task=0.1804 | out_nov=0.1818 out_pen=0.8182 | node_nov=0.4215 node_pen=1.5785 | ip_mean=-0.0241 ip_std=0.5416 | val_loss=0.3341 val_AP=0.5170 | test_loss=0.3565 test_AP=0.4834
Epoch  47/500 [244.7s mem=1854MB] | total=2.5648 task=0.1794 | out_nov=0.1820 out_pen=0.8180 | node_nov=0.4231 node_pen=1.5769 | ip_mean=-0.0241 ip_std=0.5408 | val_loss=0.3525 val_AP=0.4940 | test_loss=0.3636 test_AP=0.4746
Epoch  48/500 [272.3s mem=1936MB] | total=2.5610 task=0.1779 | out_nov=0.1824 out_pen=0.8176 | node_nov=0.4249 node_pen=1.5751 | ip_mean=-0.0243 ip_std=0.5377 | val_loss=0.3071 val_AP=0.5018 | test_loss=0.3134 test_AP=0.4807
Epoch  49/500 [249.1s mem=1868MB] | total=2.5569 task=0.1761 | out_nov=0.1833 out_pen=0.8167 | node_nov=0.4264 node_pen=1.5736 | ip_mean=-0.0241 ip_std=0.5357 | val_loss=0.3371 val_AP=0.5007 | test_loss=0.3466 test_AP=0.4799
Epoch  50/500 [273.3s mem=1918MB] | total=2.5539 task=0.1746 | out_nov=0.1836 out_pen=0.8164 | node_nov=0.4276 node_pen=1.5724 | ip_mean=-0.0240 ip_std=0.5351 | val_loss=0.3395 val_AP=0.4968 | test_loss=0.3496 test_AP=0.4765
Epoch  51/500 [248.0s mem=1919MB] | total=2.5492 task=0.1708 | out_nov=0.1829 out_pen=0.8171 | node_nov=0.4289 node_pen=1.5711 | ip_mean=-0.0242 ip_std=0.5342 | val_loss=0.3459 val_AP=0.5041 | test_loss=0.3419 test_AP=0.4843
Early stopping at epoch 51. Best val AP=0.6134 at epoch 1.
Stage 2 done. Best val AP=0.6134 at epoch 1. Diagnostics saved to checkpoints_self_novelty_hybrid_graph_coarsening/stage2_diagnostics.pkl

============================================================
STAGE 3: Joint finetune (backbone + generator)
  Backbone: hybrid
  lr_gen=0.0005 lr_backbone=0.0005
  alpha=1.0 alpha_node=1.0 T=1.0
============================================================
  Loading cached distance masks from ./data/Peptides-func/dist_masks/train.pkl
  Loading cached distance masks from ./data/Peptides-func/dist_masks/val.pkl
  Loading cached distance masks from ./data/Peptides-func/dist_masks/test.pkl
Epoch   1/500 [459.1s mem=9141MB] | total=3.1937 task=0.1327 train_AP=0.7398 | out_nov=0.0420 out_pen=0.9580 | node_nov=0.0314 node_pen=1.9686 | ip_mean=0.1176 ip_std=0.7038 | val_loss=0.4556 val_AP=0.6175 | test_loss=0.4666 test_AP=0.5774
  -> New best val AP=0.6175 (test=0.5774)
Epoch   2/500 [443.5s mem=9150MB] | total=3.0061 task=0.2220 train_AP=0.5756 | out_nov=0.1123 out_pen=0.8877 | node_nov=0.1241 node_pen=1.8759 | ip_mean=0.0037 ip_std=0.8871 | val_loss=0.3762 val_AP=0.3315 | test_loss=0.3763 test_AP=0.3295
Epoch   3/500 [440.9s mem=9150MB] | total=2.3804 task=0.3693 train_AP=0.2974 | out_nov=0.2966 out_pen=0.7034 | node_nov=0.6901 node_pen=1.3099 | ip_mean=-0.0192 ip_std=0.9473 | val_loss=0.3521 val_AP=0.3307 | test_loss=0.3519 test_AP=0.3265
Epoch   4/500 [445.0s mem=9151MB] | total=1.6169 task=0.3626 train_AP=0.2962 | out_nov=0.3382 out_pen=0.6618 | node_nov=1.3979 node_pen=0.6021 | ip_mean=-0.0265 ip_std=0.9682 | val_loss=0.3613 val_AP=0.3277 | test_loss=0.3681 test_AP=0.3239
Epoch   5/500 [465.9s mem=9142MB] | total=1.4958 task=0.3712 train_AP=0.2955 | out_nov=0.3594 out_pen=0.6406 | node_nov=1.5043 node_pen=0.4957 | ip_mean=-0.0286 ip_std=0.9726 | val_loss=0.3493 val_AP=0.3268 | test_loss=0.3473 test_AP=0.3275
Epoch   6/500 [441.7s mem=9149MB] | total=1.4677 task=0.3639 train_AP=0.3090 | out_nov=0.3653 out_pen=0.6347 | node_nov=1.5186 node_pen=0.4814 | ip_mean=-0.0292 ip_std=0.9767 | val_loss=0.3640 val_AP=0.3506 | test_loss=0.3772 test_AP=0.3528
Epoch   7/500 [441.9s mem=9148MB] | total=1.4419 task=0.3553 train_AP=0.3259 | out_nov=0.3710 out_pen=0.6290 | node_nov=1.5300 node_pen=0.4700 | ip_mean=-0.0294 ip_std=0.9791 | val_loss=0.3442 val_AP=0.3610 | test_loss=0.3526 test_AP=0.3570
Epoch   8/500 [462.6s mem=9155MB] | total=1.4875 task=0.3470 train_AP=0.3332 | out_nov=0.3545 out_pen=0.6455 | node_nov=1.4929 node_pen=0.5071 | ip_mean=-0.0291 ip_std=0.9819 | val_loss=0.4523 val_AP=0.3176 | test_loss=0.5056 test_AP=0.3125
Epoch   9/500 [441.9s mem=9142MB] | total=1.4788 task=0.3463 train_AP=0.3483 | out_nov=0.3615 out_pen=0.6385 | node_nov=1.4937 node_pen=0.5063 | ip_mean=-0.0293 ip_std=0.9828 | val_loss=0.3499 val_AP=0.3855 | test_loss=0.3434 test_AP=0.3880
Epoch  10/500 [439.7s mem=9144MB] | total=1.4351 task=0.3429 train_AP=0.3470 | out_nov=0.3771 out_pen=0.6229 | node_nov=1.5198 node_pen=0.4802 | ip_mean=-0.0279 ip_std=0.9800 | val_loss=0.3040 val_AP=0.3818 | test_loss=0.3138 test_AP=0.3723
Epoch  11/500 [444.5s mem=9153MB] | total=1.3567 task=0.3467 train_AP=0.3483 | out_nov=0.3832 out_pen=0.6168 | node_nov=1.5956 node_pen=0.4044 | ip_mean=-0.0281 ip_std=0.9803 | val_loss=0.2894 val_AP=0.3914 | test_loss=0.2988 test_AP=0.3847
Epoch  12/500 [464.1s mem=9146MB] | total=1.3646 task=0.3545 train_AP=0.3434 | out_nov=0.3667 out_pen=0.6333 | node_nov=1.6148 node_pen=0.3852 | ip_mean=-0.0254 ip_std=0.9809 | val_loss=0.3168 val_AP=0.3935 | test_loss=0.3802 test_AP=0.3755
Epoch  13/500 [440.4s mem=9144MB] | total=1.4297 task=0.3359 train_AP=0.3492 | out_nov=0.3415 out_pen=0.6585 | node_nov=1.5527 node_pen=0.4473 | ip_mean=-0.0289 ip_std=0.9804 | val_loss=0.3268 val_AP=0.3965 | test_loss=0.3714 test_AP=0.3818
Epoch  14/500 [443.1s mem=9148MB] | total=1.4731 task=0.3454 train_AP=0.3514 | out_nov=0.2985 out_pen=0.7015 | node_nov=1.5618 node_pen=0.4382 | ip_mean=-0.0288 ip_std=0.9825 | val_loss=0.3253 val_AP=0.3883 | test_loss=0.3379 test_AP=0.3799
Epoch  15/500 [462.4s mem=9142MB] | total=1.4133 task=0.3365 train_AP=0.3525 | out_nov=0.3293 out_pen=0.6707 | node_nov=1.5820 node_pen=0.4180 | ip_mean=-0.0287 ip_std=0.9822 | val_loss=0.3294 val_AP=0.3804 | test_loss=0.3332 test_AP=0.3702
Epoch  16/500 [445.0s mem=9152MB] | total=1.3766 task=0.3601 train_AP=0.3446 | out_nov=0.3385 out_pen=0.6615 | node_nov=1.6329 node_pen=0.3671 | ip_mean=-0.0290 ip_std=0.9849 | val_loss=0.3443 val_AP=0.3901 | test_loss=0.3697 test_AP=0.3670
Epoch  17/500 [442.7s mem=9152MB] | total=1.4419 task=0.3363 train_AP=0.3566 | out_nov=0.3082 out_pen=0.6918 | node_nov=1.5739 node_pen=0.4261 | ip_mean=-0.0291 ip_std=0.9828 | val_loss=0.3249 val_AP=0.3831 | test_loss=0.3301 test_AP=0.3737
Epoch  18/500 [442.9s mem=9151MB] | total=1.2809 task=0.3473 train_AP=0.3362 | out_nov=0.3405 out_pen=0.6595 | node_nov=1.7140 node_pen=0.2860 | ip_mean=-0.0288 ip_std=0.9800 | val_loss=0.3100 val_AP=0.3939 | test_loss=0.3147 test_AP=0.3802
Epoch  19/500 [463.1s mem=9136MB] | total=1.1203 task=0.3235 train_AP=0.3665 | out_nov=0.3758 out_pen=0.6242 | node_nov=1.8144 node_pen=0.1856 | ip_mean=-0.0299 ip_std=0.9889 | val_loss=0.3290 val_AP=0.4107 | test_loss=0.3353 test_AP=0.3890
Epoch  20/500 [441.8s mem=9155MB] | total=1.4086 task=0.3508 train_AP=0.3212 | out_nov=0.2877 out_pen=0.7123 | node_nov=1.6444 node_pen=0.3556 | ip_mean=-0.0268 ip_std=0.9754 | val_loss=0.3673 val_AP=0.2531 | test_loss=0.3683 test_AP=0.2456
Epoch  21/500 [442.6s mem=9147MB] | total=1.2415 task=0.3511 train_AP=0.3232 | out_nov=0.3309 out_pen=0.6691 | node_nov=1.7672 node_pen=0.2328 | ip_mean=-0.0282 ip_std=0.9699 | val_loss=0.3635 val_AP=0.3672 | test_loss=0.3654 test_AP=0.3565
Epoch  22/500 [462.5s mem=9149MB] | total=1.1041 task=0.3426 train_AP=0.3607 | out_nov=0.3522 out_pen=0.6478 | node_nov=1.8739 node_pen=0.1261 | ip_mean=-0.0289 ip_std=0.9364 | val_loss=0.3632 val_AP=0.3742 | test_loss=0.3927 test_AP=0.3568
Epoch  23/500 [444.6s mem=9144MB] | total=1.1064 task=0.3393 train_AP=0.3510 | out_nov=0.3817 out_pen=0.6183 | node_nov=1.8410 node_pen=0.1590 | ip_mean=-0.0269 ip_std=0.9648 | val_loss=0.3646 val_AP=0.3681 | test_loss=0.3719 test_AP=0.3626
Epoch  24/500 [441.8s mem=9144MB] | total=1.1200 task=0.3517 train_AP=0.3552 | out_nov=0.3375 out_pen=0.6625 | node_nov=1.8832 node_pen=0.1168 | ip_mean=-0.0280 ip_std=0.9555 | val_loss=0.3107 val_AP=0.4047 | test_loss=0.3160 test_AP=0.3860
Epoch  25/500 [444.9s mem=9150MB] | total=1.1481 task=0.3432 train_AP=0.3644 | out_nov=0.3349 out_pen=0.6651 | node_nov=1.8467 node_pen=0.1533 | ip_mean=-0.0299 ip_std=0.9682 | val_loss=0.3752 val_AP=0.3511 | test_loss=0.3780 test_AP=0.3454
Epoch  26/500 [462.0s mem=9153MB] | total=1.0019 task=0.3295 train_AP=0.3744 | out_nov=0.4051 out_pen=0.5949 | node_nov=1.9098 node_pen=0.0902 | ip_mean=-0.0296 ip_std=0.9855 | val_loss=0.3253 val_AP=0.4148 | test_loss=0.3438 test_AP=0.3874
Epoch  27/500 [441.9s mem=9150MB] | total=1.0429 task=0.3145 train_AP=0.3955 | out_nov=0.3742 out_pen=0.6258 | node_nov=1.8841 node_pen=0.1159 | ip_mean=-0.0300 ip_std=0.9864 | val_loss=0.3155 val_AP=0.4244 | test_loss=0.3206 test_AP=0.4066
Epoch  28/500 [438.9s mem=9142MB] | total=1.1836 task=0.3442 train_AP=0.3596 | out_nov=0.3205 out_pen=0.6795 | node_nov=1.8274 node_pen=0.1726 | ip_mean=-0.0295 ip_std=0.9859 | val_loss=0.3272 val_AP=0.3658 | test_loss=0.3294 test_AP=0.3581
Epoch  29/500 [463.7s mem=9147MB] | total=1.0773 task=0.3275 train_AP=0.3609 | out_nov=0.3277 out_pen=0.6723 | node_nov=1.9086 node_pen=0.0914 | ip_mean=-0.0307 ip_std=0.9923 | val_loss=0.3145 val_AP=0.4155 | test_loss=0.3214 test_AP=0.3968
Epoch  30/500 [444.3s mem=9152MB] | total=1.0745 task=0.3173 train_AP=0.3915 | out_nov=0.3535 out_pen=0.6465 | node_nov=1.8756 node_pen=0.1244 | ip_mean=-0.0305 ip_std=0.9849 | val_loss=0.3125 val_AP=0.3917 | test_loss=0.3186 test_AP=0.3788
Epoch  31/500 [440.5s mem=9152MB] | total=1.1139 task=0.3115 train_AP=0.3928 | out_nov=0.3439 out_pen=0.6561 | node_nov=1.8406 node_pen=0.1594 | ip_mean=-0.0297 ip_std=0.9779 | val_loss=0.3457 val_AP=0.4217 | test_loss=0.3628 test_AP=0.4005
Epoch  32/500 [442.5s mem=9151MB] | total=1.1140 task=0.3101 train_AP=0.3907 | out_nov=0.3356 out_pen=0.6644 | node_nov=1.8465 node_pen=0.1535 | ip_mean=-0.0304 ip_std=0.9806 | val_loss=0.2779 val_AP=0.4268 | test_loss=0.2876 test_AP=0.4142
Epoch  33/500 [345.1s mem=9149MB] | total=1.1243 task=0.3064 train_AP=0.3906 | out_nov=0.3503 out_pen=0.6497 | node_nov=1.8178 node_pen=0.1822 | ip_mean=-0.0303 ip_std=0.9775 | val_loss=0.2784 val_AP=0.4308 | test_loss=0.2855 test_AP=0.4163
Epoch  34/500 [318.8s mem=9143MB] | total=1.1048 task=0.3100 train_AP=0.4020 | out_nov=0.3419 out_pen=0.6581 | node_nov=1.8503 node_pen=0.1497 | ip_mean=-0.0292 ip_std=0.9810 | val_loss=0.3075 val_AP=0.4240 | test_loss=0.3280 test_AP=0.4073
Epoch  35/500 [320.4s mem=9156MB] | total=1.1328 task=0.3218 train_AP=0.3880 | out_nov=0.3329 out_pen=0.6671 | node_nov=1.8451 node_pen=0.1549 | ip_mean=-0.0276 ip_std=0.9848 | val_loss=0.3414 val_AP=0.3754 | test_loss=0.3505 test_AP=0.3622
Epoch  36/500 [320.2s mem=9151MB] | total=1.1804 task=0.3417 train_AP=0.3823 | out_nov=0.3511 out_pen=0.6489 | node_nov=1.7981 node_pen=0.2019 | ip_mean=-0.0289 ip_std=0.9817 | val_loss=0.3080 val_AP=0.4072 | test_loss=0.3100 test_AP=0.3954
Epoch  37/500 [340.8s mem=9141MB] | total=1.1500 task=0.3242 train_AP=0.3993 | out_nov=0.3855 out_pen=0.6145 | node_nov=1.7763 node_pen=0.2237 | ip_mean=-0.0289 ip_std=0.9831 | val_loss=0.3090 val_AP=0.4401 | test_loss=0.3164 test_AP=0.4243
Epoch  38/500 [319.3s mem=9148MB] | total=1.1584 task=0.3348 train_AP=0.4085 | out_nov=0.3596 out_pen=0.6404 | node_nov=1.8040 node_pen=0.1960 | ip_mean=-0.0290 ip_std=0.9725 | val_loss=0.3372 val_AP=0.4508 | test_loss=0.3649 test_AP=0.4285
Epoch  39/500 [317.5s mem=9151MB] | total=0.9850 task=0.3029 train_AP=0.4323 | out_nov=0.3918 out_pen=0.6082 | node_nov=1.9114 node_pen=0.0886 | ip_mean=-0.0310 ip_std=0.9918 | val_loss=0.3215 val_AP=0.4502 | test_loss=0.3358 test_AP=0.4286
Epoch  40/500 [319.1s mem=9152MB] | total=0.9979 task=0.2950 train_AP=0.4427 | out_nov=0.3906 out_pen=0.6094 | node_nov=1.8917 node_pen=0.1083 | ip_mean=-0.0309 ip_std=0.9914 | val_loss=0.4976 val_AP=0.4478 | test_loss=0.4804 test_AP=0.4225
Epoch  41/500 [336.2s mem=9153MB] | total=1.0089 task=0.2975 train_AP=0.4410 | out_nov=0.3916 out_pen=0.6084 | node_nov=1.8824 node_pen=0.1176 | ip_mean=-0.0309 ip_std=0.9933 | val_loss=0.4270 val_AP=0.4530 | test_loss=0.4406 test_AP=0.4304
Epoch  42/500 [322.7s mem=9155MB] | total=1.0550 task=0.2934 train_AP=0.4384 | out_nov=0.4019 out_pen=0.5981 | node_nov=1.8216 node_pen=0.1784 | ip_mean=-0.0311 ip_std=0.9943 | val_loss=0.3136 val_AP=0.4356 | test_loss=0.3178 test_AP=0.4173
Epoch  43/500 [316.3s mem=9152MB] | total=1.0590 task=0.2889 train_AP=0.4497 | out_nov=0.3870 out_pen=0.6130 | node_nov=1.8280 node_pen=0.1720 | ip_mean=-0.0310 ip_std=0.9930 | val_loss=0.3429 val_AP=0.4543 | test_loss=0.3639 test_AP=0.4367
Epoch  44/500 [319.8s mem=9151MB] | total=1.1293 task=0.2877 train_AP=0.4579 | out_nov=0.3765 out_pen=0.6235 | node_nov=1.7670 node_pen=0.2330 | ip_mean=-0.0308 ip_std=0.9911 | val_loss=0.3474 val_AP=0.4403 | test_loss=0.3580 test_AP=0.4161
Epoch  45/500 [333.9s mem=9149MB] | total=1.1963 task=0.3039 train_AP=0.4389 | out_nov=0.3641 out_pen=0.6359 | node_nov=1.7308 node_pen=0.2692 | ip_mean=-0.0288 ip_std=0.9745 | val_loss=0.2948 val_AP=0.4484 | test_loss=0.3175 test_AP=0.4300
Epoch  46/500 [331.3s mem=9150MB] | total=1.0842 task=0.2949 train_AP=0.4423 | out_nov=0.3868 out_pen=0.6132 | node_nov=1.8105 node_pen=0.1895 | ip_mean=-0.0293 ip_std=0.9779 | val_loss=0.2975 val_AP=0.4555 | test_loss=0.3049 test_AP=0.4387
Epoch  47/500 [315.1s mem=9147MB] | total=1.1075 task=0.2898 train_AP=0.4440 | out_nov=0.3452 out_pen=0.6548 | node_nov=1.8231 node_pen=0.1769 | ip_mean=-0.0301 ip_std=0.9804 | val_loss=0.3416 val_AP=0.4365 | test_loss=0.3510 test_AP=0.4252
Epoch  48/500 [318.9s mem=9148MB] | total=1.0982 task=0.2843 train_AP=0.4535 | out_nov=0.3631 out_pen=0.6369 | node_nov=1.8084 node_pen=0.1916 | ip_mean=-0.0305 ip_std=0.9857 | val_loss=0.3134 val_AP=0.4455 | test_loss=0.3329 test_AP=0.4245
Epoch  49/500 [330.3s mem=9146MB] | total=1.0587 task=0.2826 train_AP=0.4596 | out_nov=0.3822 out_pen=0.6178 | node_nov=1.8271 node_pen=0.1729 | ip_mean=-0.0305 ip_std=0.9916 | val_loss=0.3823 val_AP=0.4723 | test_loss=0.4484 test_AP=0.4479
Epoch  50/500 [335.4s mem=9151MB] | total=1.0930 task=0.2883 train_AP=0.4569 | out_nov=0.3550 out_pen=0.6450 | node_nov=1.8257 node_pen=0.1743 | ip_mean=-0.0303 ip_std=0.9761 | val_loss=0.3598 val_AP=0.4678 | test_loss=0.3834 test_AP=0.4395
Epoch  51/500 [318.6s mem=9146MB] | total=1.0994 task=0.2841 train_AP=0.4682 | out_nov=0.3645 out_pen=0.6355 | node_nov=1.8054 node_pen=0.1946 | ip_mean=-0.0301 ip_std=0.9735 | val_loss=0.3212 val_AP=0.4685 | test_loss=0.3440 test_AP=0.4477
Early stopping at epoch 51. Best val AP=0.6175 at epoch 1.
Stage 3 done. Best val AP=0.6175 at epoch 1. Diagnostics saved to checkpoints_self_novelty_hybrid_graph_coarsening/stage3_diagnostics.pkl
