Saved code snapshot to checkpoints_staged_novelty/code_snapshot.zip

============================================================
STAGE 1: Pretrain Model
  Backbone: hybrid
============================================================
  Loading cached distance masks from ./data/Peptides-func/dist_masks/train.pkl
  Loading cached distance masks from ./data/Peptides-func/dist_masks/val.pkl
  Loading cached distance masks from ./data/Peptides-func/dist_masks/test.pkl
  Parameters: 16,786,506
Epoch   1/200 [538.4s mem=38742MB] | train_loss=1.6630 train_AP=0.2046 | val_loss=0.7766 val_AP=0.2567
  -> New best val AP=0.2567, saved
Epoch   2/200 [545.8s mem=38744MB] | train_loss=0.4304 train_AP=0.2455 | val_loss=0.5716 val_AP=0.2780
  -> New best val AP=0.2780, saved
Epoch   3/200 [550.7s mem=38744MB] | train_loss=0.3802 train_AP=0.2514 | val_loss=0.4714 val_AP=0.2819
  -> New best val AP=0.2819, saved
Epoch   4/200 [546.9s mem=38744MB] | train_loss=0.3782 train_AP=0.2553 | val_loss=0.3501 val_AP=0.3111
  -> New best val AP=0.3111, saved
Epoch   5/200 [546.5s mem=38744MB] | train_loss=0.3728 train_AP=0.2547 | val_loss=0.3513 val_AP=0.3002
Epoch   6/200 [545.3s mem=38742MB] | train_loss=0.3647 train_AP=0.2598 | val_loss=0.4082 val_AP=0.3191
  -> New best val AP=0.3191, saved
Epoch   7/200 [548.2s mem=38744MB] | train_loss=0.3495 train_AP=0.2671 | val_loss=0.3427 val_AP=0.3402
  -> New best val AP=0.3402, saved
Epoch   8/200 [541.0s mem=38742MB] | train_loss=0.3411 train_AP=0.2826 | val_loss=0.3106 val_AP=0.3294
Epoch   9/200 [548.7s mem=38741MB] | train_loss=0.3343 train_AP=0.2881 | val_loss=0.3092 val_AP=0.3552
  -> New best val AP=0.3552, saved
Epoch  10/200 [546.0s mem=38742MB] | train_loss=0.3317 train_AP=0.2939 | val_loss=0.2910 val_AP=0.3730 | test_AP=0.3638
  -> New best val AP=0.3730, saved
Epoch  11/200 [548.0s mem=38743MB] | train_loss=0.3198 train_AP=0.3151 | val_loss=0.2840 val_AP=0.3934
  -> New best val AP=0.3934, saved
Epoch  12/200 [548.0s mem=38741MB] | train_loss=0.3105 train_AP=0.3290 | val_loss=0.3043 val_AP=0.3919
Epoch  13/200 [546.3s mem=38741MB] | train_loss=0.3009 train_AP=0.3489 | val_loss=0.2719 val_AP=0.4169
  -> New best val AP=0.4169, saved
Epoch  14/200 [541.0s mem=38744MB] | train_loss=0.2901 train_AP=0.3663 | val_loss=0.2892 val_AP=0.4292
  -> New best val AP=0.4292, saved
Epoch  15/200 [541.5s mem=38740MB] | train_loss=0.2819 train_AP=0.3868 | val_loss=0.2626 val_AP=0.4462
  -> New best val AP=0.4462, saved
Epoch  16/200 [544.2s mem=38743MB] | train_loss=0.2711 train_AP=0.4041 | val_loss=0.2463 val_AP=0.4738
  -> New best val AP=0.4738, saved
Epoch  17/200 [649.1s mem=38741MB] | train_loss=0.2607 train_AP=0.4304 | val_loss=0.2632 val_AP=0.4876
  -> New best val AP=0.4876, saved
Epoch  18/200 [774.5s mem=38743MB] | train_loss=0.2545 train_AP=0.4456 | val_loss=0.2348 val_AP=0.5095
  -> New best val AP=0.5095, saved
Epoch  19/200 [783.1s mem=38740MB] | train_loss=0.2453 train_AP=0.4664 | val_loss=0.2359 val_AP=0.4903
Epoch  20/200 [777.6s mem=38743MB] | train_loss=0.2395 train_AP=0.4799 | val_loss=0.2617 val_AP=0.5041 | test_AP=0.4936
Epoch  21/200 [770.1s mem=38744MB] | train_loss=0.2318 train_AP=0.4949 | val_loss=0.2291 val_AP=0.5324
  -> New best val AP=0.5324, saved
Epoch  22/200 [774.9s mem=38742MB] | train_loss=0.2255 train_AP=0.5094 | val_loss=0.2325 val_AP=0.5421
  -> New best val AP=0.5421, saved
Epoch  23/200 [771.9s mem=38740MB] | train_loss=0.2207 train_AP=0.5264 | val_loss=0.2317 val_AP=0.5600
  -> New best val AP=0.5600, saved
Epoch  24/200 [780.1s mem=38744MB] | train_loss=0.2122 train_AP=0.5420 | val_loss=0.2425 val_AP=0.5577
Epoch  25/200 [778.1s mem=38741MB] | train_loss=0.2042 train_AP=0.5730 | val_loss=0.2420 val_AP=0.5819
  -> New best val AP=0.5819, saved
Epoch  26/200 [788.6s mem=38744MB] | train_loss=0.2009 train_AP=0.5852 | val_loss=0.2451 val_AP=0.5840
  -> New best val AP=0.5840, saved
Epoch  27/200 [777.5s mem=38741MB] | train_loss=0.1898 train_AP=0.6113 | val_loss=0.2407 val_AP=0.5872
  -> New best val AP=0.5872, saved
Epoch  28/200 [769.8s mem=38745MB] | train_loss=0.1861 train_AP=0.6160 | val_loss=0.2322 val_AP=0.5978
  -> New best val AP=0.5978, saved
Epoch  29/200 [776.2s mem=38741MB] | train_loss=0.1794 train_AP=0.6340 | val_loss=0.2163 val_AP=0.6175
  -> New best val AP=0.6175, saved
Epoch  30/200 [769.3s mem=38742MB] | train_loss=0.1728 train_AP=0.6470 | val_loss=0.2465 val_AP=0.6016 | test_AP=0.5891
Epoch  31/200 [597.0s mem=38739MB] | train_loss=0.1669 train_AP=0.6598 | val_loss=0.2421 val_AP=0.6179
  -> New best val AP=0.6179, saved
Epoch  32/200 [595.4s mem=38742MB] | train_loss=0.1602 train_AP=0.6751 | val_loss=0.2860 val_AP=0.6076
Epoch  33/200 [591.8s mem=38741MB] | train_loss=0.1581 train_AP=0.6871 | val_loss=0.2562 val_AP=0.6045
Epoch  34/200 [592.7s mem=38742MB] | train_loss=0.1528 train_AP=0.6940 | val_loss=0.2764 val_AP=0.6123
Epoch  35/200 [591.3s mem=38744MB] | train_loss=0.1467 train_AP=0.7103 | val_loss=0.2604 val_AP=0.6224
  -> New best val AP=0.6224, saved
Epoch  36/200 [601.1s mem=38742MB] | train_loss=0.1421 train_AP=0.7186 | val_loss=0.2895 val_AP=0.6281
  -> New best val AP=0.6281, saved
Epoch  37/200 [601.8s mem=38740MB] | train_loss=0.1389 train_AP=0.7266 | val_loss=0.2749 val_AP=0.6448
  -> New best val AP=0.6448, saved
Epoch  38/200 [596.7s mem=38743MB] | train_loss=0.1350 train_AP=0.7354 | val_loss=0.3095 val_AP=0.6304
Epoch  39/200 [594.4s mem=38743MB] | train_loss=0.1305 train_AP=0.7488 | val_loss=0.3104 val_AP=0.6256
Epoch  40/200 [599.3s mem=38741MB] | train_loss=0.1251 train_AP=0.7583 | val_loss=0.2927 val_AP=0.6423 | test_AP=0.6238
Epoch  41/200 [597.1s mem=38741MB] | train_loss=0.1213 train_AP=0.7678 | val_loss=0.3147 val_AP=0.6403
Epoch  42/200 [602.4s mem=38745MB] | train_loss=0.1194 train_AP=0.7710 | val_loss=0.3220 val_AP=0.6492
  -> New best val AP=0.6492, saved
Epoch  43/200 [596.3s mem=38739MB] | train_loss=0.1153 train_AP=0.7794 | val_loss=0.3157 val_AP=0.6454
Epoch  44/200 [580.7s mem=38740MB] | train_loss=0.1099 train_AP=0.7939 | val_loss=0.3170 val_AP=0.6669
  -> New best val AP=0.6669, saved
Epoch  45/200 [599.9s mem=38740MB] | train_loss=0.1068 train_AP=0.7991 | val_loss=0.3275 val_AP=0.6545
Epoch  46/200 [601.9s mem=38742MB] | train_loss=0.1057 train_AP=0.8008 | val_loss=0.3261 val_AP=0.6537
Epoch  47/200 [596.8s mem=38742MB] | train_loss=0.1043 train_AP=0.8076 | val_loss=0.3453 val_AP=0.6562
Epoch  48/200 [605.3s mem=38742MB] | train_loss=0.0976 train_AP=0.8237 | val_loss=0.3556 val_AP=0.6668
Epoch  49/200 [598.0s mem=38745MB] | train_loss=0.0984 train_AP=0.8249 | val_loss=0.4069 val_AP=0.6592
Epoch  50/200 [599.2s mem=38742MB] | train_loss=0.0953 train_AP=0.8290 | val_loss=0.3283 val_AP=0.6768 | test_AP=0.6701
  -> New best val AP=0.6768, saved
Epoch  51/200 [606.7s mem=38739MB] | train_loss=0.0934 train_AP=0.8379 | val_loss=0.4169 val_AP=0.6622
Epoch  52/200 [594.1s mem=38741MB] | train_loss=0.0900 train_AP=0.8429 | val_loss=0.4195 val_AP=0.6594
Epoch  53/200 [596.1s mem=38744MB] | train_loss=0.0883 train_AP=0.8461 | val_loss=0.4169 val_AP=0.6732
Epoch  54/200 [595.7s mem=38746MB] | train_loss=0.0858 train_AP=0.8530 | val_loss=0.4085 val_AP=0.6726
Epoch  55/200 [598.2s mem=38743MB] | train_loss=0.0849 train_AP=0.8558 | val_loss=0.3637 val_AP=0.6710
Epoch  56/200 [601.0s mem=38744MB] | train_loss=0.0817 train_AP=0.8657 | val_loss=0.4309 val_AP=0.6747
Epoch  57/200 [599.0s mem=38742MB] | train_loss=0.0765 train_AP=0.8787 | val_loss=0.4232 val_AP=0.6668
Epoch  58/200 [601.7s mem=38742MB] | train_loss=0.0760 train_AP=0.8764 | val_loss=0.4381 val_AP=0.6750
Epoch  59/200 [603.8s mem=38743MB] | train_loss=0.0755 train_AP=0.8761 | val_loss=0.4626 val_AP=0.6816
  -> New best val AP=0.6816, saved
Epoch  60/200 [597.2s mem=38741MB] | train_loss=0.0728 train_AP=0.8867 | val_loss=0.4227 val_AP=0.6782 | test_AP=0.6827
Epoch  61/200 [598.3s mem=38741MB] | train_loss=0.0719 train_AP=0.8879 | val_loss=0.4793 val_AP=0.6754
Epoch  62/200 [597.3s mem=38741MB] | train_loss=0.0689 train_AP=0.8923 | val_loss=0.4945 val_AP=0.6781
Epoch  63/200 [600.4s mem=38740MB] | train_loss=0.0668 train_AP=0.8976 | val_loss=0.4762 val_AP=0.6698
Epoch  64/200 [600.8s mem=38741MB] | train_loss=0.0664 train_AP=0.8985 | val_loss=0.5771 val_AP=0.6660
Epoch  65/200 [599.0s mem=38742MB] | train_loss=0.0638 train_AP=0.9035 | val_loss=0.4810 val_AP=0.6805
Epoch  66/200 [596.6s mem=38743MB] | train_loss=0.0611 train_AP=0.9057 | val_loss=0.5164 val_AP=0.6722
Epoch  67/200 [598.2s mem=38744MB] | train_loss=0.0612 train_AP=0.9072 | val_loss=0.4510 val_AP=0.6716
Epoch  68/200 [601.6s mem=38741MB] | train_loss=0.0604 train_AP=0.9128 | val_loss=0.5225 val_AP=0.6801
Epoch  69/200 [597.1s mem=38738MB] | train_loss=0.0575 train_AP=0.9131 | val_loss=0.5330 val_AP=0.6711
Epoch  70/200 [600.1s mem=38741MB] | train_loss=0.0571 train_AP=0.9185 | val_loss=0.5668 val_AP=0.6767 | test_AP=0.6869
Epoch  71/200 [598.4s mem=38741MB] | train_loss=0.0558 train_AP=0.9227 | val_loss=0.5718 val_AP=0.6715
Epoch  72/200 [599.7s mem=38742MB] | train_loss=0.0536 train_AP=0.9273 | val_loss=0.5282 val_AP=0.6876
  -> New best val AP=0.6876, saved
Epoch  73/200 [583.6s mem=38740MB] | train_loss=0.0531 train_AP=0.9266 | val_loss=0.5671 val_AP=0.6917
  -> New best val AP=0.6917, saved
Epoch  74/200 [600.4s mem=38743MB] | train_loss=0.0497 train_AP=0.9296 | val_loss=0.6230 val_AP=0.6755
Epoch  75/200 [594.1s mem=38740MB] | train_loss=0.0497 train_AP=0.9329 | val_loss=0.6000 val_AP=0.6887
Epoch  76/200 [599.1s mem=38744MB] | train_loss=0.0482 train_AP=0.9333 | val_loss=0.6583 val_AP=0.6785
Epoch  77/200 [594.3s mem=38743MB] | train_loss=0.0484 train_AP=0.9369 | val_loss=0.5882 val_AP=0.6824
Epoch  78/200 [594.6s mem=38739MB] | train_loss=0.0463 train_AP=0.9415 | val_loss=0.6410 val_AP=0.6815
Epoch  79/200 [603.2s mem=38747MB] | train_loss=0.0456 train_AP=0.9394 | val_loss=0.5442 val_AP=0.6870
Epoch  80/200 [597.2s mem=38746MB] | train_loss=0.0437 train_AP=0.9421 | val_loss=0.6809 val_AP=0.6819 | test_AP=0.6955
Epoch  81/200 [598.3s mem=38741MB] | train_loss=0.0439 train_AP=0.9442 | val_loss=0.6590 val_AP=0.6809
Epoch  82/200 [680.3s mem=38745MB] | train_loss=0.0416 train_AP=0.9510 | val_loss=0.5743 val_AP=0.6966
  -> New best val AP=0.6966, saved
Epoch  83/200 [746.8s mem=38742MB] | train_loss=0.0413 train_AP=0.9499 | val_loss=0.6176 val_AP=0.6922
Epoch  84/200 [607.5s mem=38746MB] | train_loss=0.0410 train_AP=0.9499 | val_loss=0.6972 val_AP=0.6749
Epoch  85/200 [638.2s mem=38744MB] | train_loss=0.0403 train_AP=0.9503 | val_loss=0.6375 val_AP=0.6852
Epoch  86/200 [792.7s mem=38744MB] | train_loss=0.0382 train_AP=0.9540 | val_loss=0.6958 val_AP=0.6756
Epoch  87/200 [619.1s mem=38744MB] | train_loss=0.0367 train_AP=0.9548 | val_loss=0.6438 val_AP=0.6919
Epoch  88/200 [594.9s mem=38741MB] | train_loss=0.0368 train_AP=0.9552 | val_loss=0.7674 val_AP=0.6844
Epoch  89/200 [594.6s mem=38744MB] | train_loss=0.0371 train_AP=0.9582 | val_loss=0.7043 val_AP=0.6835
Epoch  90/200 [597.6s mem=38741MB] | train_loss=0.0347 train_AP=0.9572 | val_loss=0.7091 val_AP=0.6869 | test_AP=0.6927
Epoch  91/200 [598.9s mem=38746MB] | train_loss=0.0350 train_AP=0.9575 | val_loss=0.7662 val_AP=0.6858
Epoch  92/200 [597.1s mem=38742MB] | train_loss=0.0328 train_AP=0.9607 | val_loss=0.7364 val_AP=0.6821
Epoch  93/200 [602.9s mem=38745MB] | train_loss=0.0324 train_AP=0.9622 | val_loss=0.8532 val_AP=0.6744
Epoch  94/200 [598.8s mem=38741MB] | train_loss=0.0323 train_AP=0.9638 | val_loss=0.7431 val_AP=0.6898
Epoch  95/200 [602.9s mem=38744MB] | train_loss=0.0315 train_AP=0.9625 | val_loss=0.7968 val_AP=0.6816
Epoch  96/200 [597.0s mem=38744MB] | train_loss=0.0311 train_AP=0.9661 | val_loss=0.8847 val_AP=0.6797
Epoch  97/200 [597.5s mem=38740MB] | train_loss=0.0301 train_AP=0.9669 | val_loss=0.8178 val_AP=0.6857
Epoch  98/200 [596.8s mem=38742MB] | train_loss=0.0312 train_AP=0.9678 | val_loss=0.8663 val_AP=0.6725
Epoch  99/200 [598.4s mem=38744MB] | train_loss=0.0286 train_AP=0.9746 | val_loss=0.8269 val_AP=0.6767
Epoch 100/200 [600.1s mem=38743MB] | train_loss=0.0284 train_AP=0.9703 | val_loss=0.8845 val_AP=0.6708 | test_AP=0.6933
Epoch 101/200 [497.0s mem=38743MB] | train_loss=0.0283 train_AP=0.9710 | val_loss=0.8318 val_AP=0.6843
Epoch 102/200 [429.7s mem=38741MB] | train_loss=0.0264 train_AP=0.9733 | val_loss=0.8934 val_AP=0.6851
Epoch 103/200 [450.9s mem=38741MB] | train_loss=0.0278 train_AP=0.9743 | val_loss=0.7668 val_AP=0.6898
Epoch 104/200 [443.7s mem=38739MB] | train_loss=0.0255 train_AP=0.9754 | val_loss=0.8221 val_AP=0.6878
Epoch 105/200 [447.7s mem=38740MB] | train_loss=0.0240 train_AP=0.9750 | val_loss=0.9072 val_AP=0.6832
Epoch 106/200 [445.9s mem=38743MB] | train_loss=0.0234 train_AP=0.9777 | val_loss=0.9154 val_AP=0.6889
Epoch 107/200 [452.4s mem=38744MB] | train_loss=0.0238 train_AP=0.9780 | val_loss=0.8792 val_AP=0.6772
Early stopping at epoch 107. Best val AP=0.6966 at epoch 82.
Stage 1 done. Best val AP=0.6966 at epoch 82.

============================================================
STAGE 2: Per-Graph Proxy Optimization
  Backbone: hybrid
  Restarts: 5, Steps: 150, MMD lambda: 0.0
  Cross moment lambda: 0.75, Prior moment lambda: 0.5
  Novelty alpha (stage 2): 0.6
  Saving criterion: lowest avg(task_loss, novelty_penalty, prior_loss)
============================================================
  Loading cached distance masks from ./data/Peptides-func/dist_masks/train.pkl
  Loading cached distance masks from ./data/Peptides-func/dist_masks/val.pkl
  Loading cached distance masks from ./data/Peptides-func/dist_masks/test.pkl
Traceback (most recent call last):
  File "/home1/sajan_rg/graphormer_eval/new_experiments/graph_exp_new/main_staged.py", line 1580, in <module>
    proxy_pairs_path = run_stage2(args, model_path)
  File "/home1/sajan_rg/graphormer_eval/new_experiments/graph_exp_new/main_staged.py", line 864, in run_stage2
    args.s2_prior_target_var = _estimate_empirical_proxy_prior_var(
                               ~~~~~~~~~~~~~~~~~~~~~~~~~~~~~~~~~~~^
        model, train_loader, args.device)
        ^^^^^^^^^^^^^^^^^^^^^^^^^^^^^^^^^
  File "/home1/sajan_rg/.local/lib/python3.13/site-packages/torch/utils/_contextlib.py", line 124, in decorate_context
    return func(*args, **kwargs)
  File "/home1/sajan_rg/graphormer_eval/new_experiments/graph_exp_new/main_staged.py", line 366, in _estimate_empirical_proxy_prior_var
    batch = batch.to(device)
            ^^^^^^^^
AttributeError: 'tuple' object has no attribute 'to'
Saved code snapshot to checkpoints_staged_novelty/code_snapshot.zip

============================================================
STAGE 2: Per-Graph Proxy Optimization
  Backbone: hybrid
  Restarts: 5, Steps: 150, MMD lambda: 0.0
  Cross moment lambda: 0.75, Prior moment lambda: 0.5
  Novelty alpha (stage 2): 0.6
  Saving criterion: lowest avg(task_loss, novelty_penalty, prior_loss)
============================================================
  Loading cached distance masks from ./data/Peptides-func/dist_masks/train.pkl
  Loading cached distance masks from ./data/Peptides-func/dist_masks/val.pkl
  Loading cached distance masks from ./data/Peptides-func/dist_masks/test.pkl
  Estimated prior target variance from train embeddings: 0.000521

--- Restart 1/5 ---
Traceback (most recent call last):
  File "/home1/sajan_rg/graphormer_eval/new_experiments/graph_exp_new/main_staged.py", line 1587, in <module>
    proxy_pairs_path = run_stage2(args, model_path)
  File "/home1/sajan_rg/graphormer_eval/new_experiments/graph_exp_new/main_staged.py", line 887, in run_stage2
    if isinstance(batch_data, (tuple, list)):
                  ^^^^^^^^^^
NameError: name 'batch_data' is not defined
Saved code snapshot to checkpoints_staged_novelty/code_snapshot.zip

============================================================
STAGE 2: Per-Graph Proxy Optimization
  Backbone: hybrid
  Restarts: 5, Steps: 150, MMD lambda: 0.0
  Cross moment lambda: 0.75, Prior moment lambda: 0.5
  Novelty alpha (stage 2): 0.6
  Saving criterion: lowest avg(task_loss, novelty_penalty, prior_loss)
============================================================
  Loading cached distance masks from ./data/Peptides-func/dist_masks/train.pkl
  Loading cached distance masks from ./data/Peptides-func/dist_masks/val.pkl
  Loading cached distance masks from ./data/Peptides-func/dist_masks/test.pkl
  Estimated prior target variance from train embeddings: 0.000521

--- Restart 1/5 ---
Traceback (most recent call last):
  File "/home1/sajan_rg/graphormer_eval/new_experiments/graph_exp_new/main_staged.py", line 1587, in <module>
    proxy_pairs_path = run_stage2(args, model_path)
  File "/home1/sajan_rg/graphormer_eval/new_experiments/graph_exp_new/main_staged.py", line 888, in run_stage2
    batch = batch[0].to(device)
                        ^^^^^^
NameError: name 'device' is not defined
Saved code snapshot to checkpoints_staged_novelty/code_snapshot.zip

============================================================
STAGE 2: Per-Graph Proxy Optimization
  Backbone: hybrid
  Restarts: 5, Steps: 150, MMD lambda: 0.0
  Cross moment lambda: 0.75, Prior moment lambda: 0.5
  Novelty alpha (stage 2): 0.6
  Saving criterion: lowest avg(task_loss, novelty_penalty, prior_loss)
============================================================
  Loading cached distance masks from ./data/Peptides-func/dist_masks/train.pkl
  Loading cached distance masks from ./data/Peptides-func/dist_masks/val.pkl
  Loading cached distance masks from ./data/Peptides-func/dist_masks/test.pkl
  Estimated prior target variance from train embeddings: 0.000521

--- Restart 1/5 ---
Traceback (most recent call last):
  File "/home1/sajan_rg/graphormer_eval/new_experiments/graph_exp_new/main_staged.py", line 1587, in <module>
    proxy_pairs_path = run_stage2(args, model_path)
  File "/home1/sajan_rg/graphormer_eval/new_experiments/graph_exp_new/main_staged.py", line 900, in run_stage2
    best_novelty, best_composite) = _optimize_batch(
                                    ~~~~~~~~~~~~~~~^
       model, batch, dense_x, dense_mask, args)
       ^^^^^^^^^^^^^^^^^^^^^^^^^^^^^^^^^^^^^^^^
  File "/home1/sajan_rg/graphormer_eval/new_experiments/graph_exp_new/main_staged.py", line 758, in _optimize_batch
    base_logits, _ = model(batch, precomputed_dense=(dense_x, dense_mask), readout_scope=args.readout_scope)
                     ~~~~~^^^^^^^^^^^^^^^^^^^^^^^^^^^^^^^^^^^^^^^^^^^^^^^^^^^^^^^^^^^^^^^^^^^^^^^^^^^^^^^^^^
  File "/home1/sajan_rg/.local/lib/python3.13/site-packages/torch/nn/modules/module.py", line 1779, in _wrapped_call_impl
    return self._call_impl(*args, **kwargs)
           ~~~~~~~~~~~~~~~^^^^^^^^^^^^^^^^^
  File "/home1/sajan_rg/.local/lib/python3.13/site-packages/torch/nn/modules/module.py", line 1790, in _call_impl
    return forward_call(*args, **kwargs)
TypeError: GREDHybridTransformer.forward() missing 2 required positional arguments: 'dist_masks' and 'node_masks'
Saved code snapshot to checkpoints_staged_novelty/code_snapshot.zip

============================================================
STAGE 2: Per-Graph Proxy Optimization
  Backbone: hybrid
  Restarts: 5, Steps: 150, MMD lambda: 0.0
  Cross moment lambda: 0.75, Prior moment lambda: 0.5
  Novelty alpha (stage 2): 0.6
  Saving criterion: lowest avg(task_loss, novelty_penalty, prior_loss)
============================================================
  Loading cached distance masks from ./data/Peptides-func/dist_masks/train.pkl
  Loading cached distance masks from ./data/Peptides-func/dist_masks/val.pkl
  Loading cached distance masks from ./data/Peptides-func/dist_masks/test.pkl
  Estimated prior target variance from train embeddings: 0.000521

--- Restart 1/5 ---
  [restart 1 | 1008 samples] AP (w/ proxies, last 1008 samples)=0.9785 | Pairs saved: 786 | Unique improved: 780/10873
