+ python3 main_three_staged.py --backbone hybrid --stage 1,2,3 --generator gred_layers --hidden_dim 96 --num_layers 1 --no-use_lap_pe --s1_lr 3e-5 --s1_patience 20 --s1_max_epochs 1000 --s1_grad_clip 2 --num_proxies 64 --s2_lr 3e-5 --s2_max_epochs 1500 --s2_patience 100 --s2_grad_clip 2 --s3_lr_transformer 1e-5 --s3_lr_gen 1e-4 --s3_weight_decay 5e-4 --s3_grad_clip 2 --s3_max_epochs 1000 --s3_patience 100 --novelty_alpha 0.1 --diversity_weight 0.05 --gen_hidden_dim 128 --gen_num_layers 4 --gen_dropout 0.0 --save_dir checkpoints_three_staged_cros_gred_gred_2/ --batch_size 16 --use_cross_attn_routing --num_cross_layers 1 --no-cross_attn_proxy_self_attn
{'config': None, 'stage': '1,2,3', 'generator': 'gred_layers', 'backbone': 'hybrid', 'model_path': None, 'generator_path': None, 'hidden_dim': 96, 'num_layers': 1, 'num_heads': 8, 'output_dim': 10, 'dropout': 0.1, 'num_proxies': 64, 'use_lap_pe': False, 'lap_pe_dim': 8, 'state_dim': 88, 'num_gred_layers': 8, 'num_transformer_layers': 2, 'gred_expand': 1, 'r_min': 0.0, 'r_max': 1.0, 'max_phase': 6.28, 'gred_act': 'full-glu', 'max_hops': 40, 'dist_mask_workers': 8, 's1_lr': 3e-05, 's1_weight_decay': 0.0003, 's1_max_epochs': 1000, 's1_patience': 20, 's1_grad_clip': 2.0, 's2_lr': 3e-05, 's2_weight_decay': 0.0003, 's2_max_epochs': 1500, 's2_patience': 100, 's2_eval_every': 1, 's2_grad_clip': 2.0, 's3_phase_a_epochs': 5, 's3_lr_gen': 0.0001, 's3_lr_transformer': 1e-05, 's3_proxy_dropout': 0.1, 's3_max_epochs': 1000, 's3_patience': 100, 's3_grad_clip': 2.0, 's3_weight_decay': 0.0005, 'novelty_alpha': 0.1, 'diversity_weight': 0.05, 'gen_hidden_dim': 128, 'gen_num_layers': 4, 'gen_num_heads': 8, 'gen_dropout': 0.0, 'denoiser_dim': 256, 'denoiser_layers': 4, 'denoiser_heads': 8, 'euler_steps': 1, 'guidance_scale': 3.0, 'flow_uncond_train_prob': 0.1, 'pma_query_mode': 'farthest_point', 'coarsen_gnn_type': 'GIN', 'coarsen_reg_weight': 0.1, 'coarsen_reg_type': 'mincut', 'gnn_layers': 4, 'gnn_type': 'GINE', 'pool_types': ['max'], 'decode_hidden': 128, 'decode_layers': 3, 'idx_emb_dim': 128, 'decode_mode': 'shared', 'use_cross_attn_routing': True, 'num_cross_layers': 1, 'cross_attn_proxy_self_attn': False, 'proxy_insertion_layers': '-1', 'separate_proxy_generators': False, 'separate_proxy_routers': False, 'proxy_aux_loss_decay': 1.0, 'readout_scope': 'all_tokens', 'batch_size': 16, 'num_workers': 4, 'lr_min': 1e-07, 'warmup_ratio': 0.05, 'plateau_patience': 15, 'recurrent_lr_factor': 1.0, 'save_dir': 'checkpoints_three_staged_cros_gred_gred_2/', 'device': 'cuda'}
Saved code snapshot to checkpoints_three_staged_cros_gred_gred_2/code_snapshot.zip

============================================================
STAGE 1: Pretrain Model
  Backbone: hybrid
============================================================
  Loading cached distance masks from ./data/Peptides-func/dist_masks/train.pkl
  Loading cached distance masks from ./data/Peptides-func/dist_masks/val.pkl
  Loading cached distance masks from ./data/Peptides-func/dist_masks/test.pkl
  Parameters: 1,056,970
Epoch   1/1000 [173.9s mem=9274MB] | train_loss=8.6002 train_AP=0.1700 | val_loss=1.6655 val_AP=0.2287
  -> New best metrics: val_loss=1.6655 val_AP=0.2287, saved
Epoch   2/1000 [169.0s mem=9274MB] | train_loss=1.2103 train_AP=0.1918 | val_loss=1.5501 val_AP=0.2337
  -> New best metrics: val_loss=1.5501 val_AP=0.2337, saved
Epoch   3/1000 [168.4s mem=9274MB] | train_loss=0.6476 train_AP=0.2118 | val_loss=1.6264 val_AP=0.2565
  -> New best metrics: val_loss=1.5501 val_AP=0.2565, saved
Epoch   4/1000 [167.2s mem=9275MB] | train_loss=0.4666 train_AP=0.2216 | val_loss=0.9633 val_AP=0.2389
  -> New best metrics: val_loss=0.9633 val_AP=0.2565, saved
Epoch   5/1000 [175.3s mem=9275MB] | train_loss=0.4141 train_AP=0.2303 | val_loss=0.7212 val_AP=0.2393
  -> New best metrics: val_loss=0.7212 val_AP=0.2565, saved
Epoch   6/1000 [180.8s mem=9274MB] | train_loss=0.3951 train_AP=0.2334 | val_loss=0.8845 val_AP=0.2291
Epoch   7/1000 [171.6s mem=9276MB] | train_loss=0.3831 train_AP=0.2414 | val_loss=0.6659 val_AP=0.2366
  -> New best metrics: val_loss=0.6659 val_AP=0.2565, saved
Epoch   8/1000 [171.1s mem=9275MB] | train_loss=0.3746 train_AP=0.2423 | val_loss=0.7345 val_AP=0.2333
Epoch   9/1000 [166.5s mem=9276MB] | train_loss=0.3676 train_AP=0.2508 | val_loss=0.5798 val_AP=0.2401
  -> New best metrics: val_loss=0.5798 val_AP=0.2565, saved
Epoch  10/1000 [173.6s mem=9274MB] | train_loss=0.3633 train_AP=0.2536 | val_loss=0.7417 val_AP=0.2603 | test_AP=0.2626
  -> New best metrics: val_loss=0.5798 val_AP=0.2603, saved
Epoch  11/1000 [172.7s mem=9275MB] | train_loss=0.3578 train_AP=0.2584 | val_loss=0.6876 val_AP=0.2617
  -> New best metrics: val_loss=0.5798 val_AP=0.2617, saved
Epoch  12/1000 [172.7s mem=9276MB] | train_loss=0.3573 train_AP=0.2611 | val_loss=0.6182 val_AP=0.2834
  -> New best metrics: val_loss=0.5798 val_AP=0.2834, saved
Epoch  13/1000 [177.4s mem=9275MB] | train_loss=0.3549 train_AP=0.2603 | val_loss=0.5160 val_AP=0.2792
  -> New best metrics: val_loss=0.5160 val_AP=0.2834, saved
Epoch  14/1000 [168.2s mem=9275MB] | train_loss=0.3479 train_AP=0.2687 | val_loss=0.4521 val_AP=0.3034
  -> New best metrics: val_loss=0.4521 val_AP=0.3034, saved
Epoch  15/1000 [168.4s mem=9274MB] | train_loss=0.3465 train_AP=0.2710 | val_loss=0.4215 val_AP=0.2912
  -> New best metrics: val_loss=0.4215 val_AP=0.3034, saved
Epoch  16/1000 [167.7s mem=9274MB] | train_loss=0.3412 train_AP=0.2779 | val_loss=0.4082 val_AP=0.3087
  -> New best metrics: val_loss=0.4082 val_AP=0.3087, saved
Epoch  17/1000 [169.0s mem=9276MB] | train_loss=0.3388 train_AP=0.2796 | val_loss=0.3630 val_AP=0.3057
  -> New best metrics: val_loss=0.3630 val_AP=0.3087, saved
Epoch  18/1000 [169.2s mem=9276MB] | train_loss=0.3351 train_AP=0.2884 | val_loss=0.3424 val_AP=0.3263
  -> New best metrics: val_loss=0.3424 val_AP=0.3263, saved
Epoch  19/1000 [167.4s mem=9276MB] | train_loss=0.3329 train_AP=0.2928 | val_loss=0.3445 val_AP=0.3386
  -> New best metrics: val_loss=0.3424 val_AP=0.3386, saved
Epoch  20/1000 [167.9s mem=9276MB] | train_loss=0.3311 train_AP=0.2958 | val_loss=0.3445 val_AP=0.3039 | test_AP=0.2963
Epoch  21/1000 [167.8s mem=9275MB] | train_loss=0.3269 train_AP=0.3061 | val_loss=0.3531 val_AP=0.3152
Epoch  22/1000 [169.4s mem=9276MB] | train_loss=0.3246 train_AP=0.3072 | val_loss=0.3157 val_AP=0.3519
  -> New best metrics: val_loss=0.3157 val_AP=0.3519, saved
Epoch  23/1000 [168.0s mem=9275MB] | train_loss=0.3187 train_AP=0.3177 | val_loss=0.3232 val_AP=0.3344
Epoch  24/1000 [168.0s mem=9274MB] | train_loss=0.3172 train_AP=0.3233 | val_loss=0.3006 val_AP=0.3886
  -> New best metrics: val_loss=0.3006 val_AP=0.3886, saved
Epoch  25/1000 [168.0s mem=9274MB] | train_loss=0.3154 train_AP=0.3276 | val_loss=0.3135 val_AP=0.3785
Epoch  26/1000 [168.3s mem=9274MB] | train_loss=0.3138 train_AP=0.3260 | val_loss=0.2972 val_AP=0.3975
  -> New best metrics: val_loss=0.2972 val_AP=0.3975, saved
Epoch  27/1000 [170.3s mem=9276MB] | train_loss=0.3089 train_AP=0.3405 | val_loss=0.3175 val_AP=0.3769
Epoch  28/1000 [170.4s mem=9276MB] | train_loss=0.3066 train_AP=0.3425 | val_loss=0.2830 val_AP=0.4142
  -> New best metrics: val_loss=0.2830 val_AP=0.4142, saved
Epoch  29/1000 [174.0s mem=9274MB] | train_loss=0.3018 train_AP=0.3539 | val_loss=0.3004 val_AP=0.4060
Epoch  30/1000 [168.5s mem=9274MB] | train_loss=0.2999 train_AP=0.3573 | val_loss=0.2917 val_AP=0.4008 | test_AP=0.3854
Epoch  31/1000 [167.5s mem=9276MB] | train_loss=0.2989 train_AP=0.3585 | val_loss=0.2842 val_AP=0.4209
  -> New best metrics: val_loss=0.2830 val_AP=0.4209, saved
Epoch  32/1000 [169.0s mem=9275MB] | train_loss=0.2958 train_AP=0.3645 | val_loss=0.2914 val_AP=0.4170
Epoch  33/1000 [170.5s mem=9274MB] | train_loss=0.2939 train_AP=0.3695 | val_loss=0.2814 val_AP=0.4376
  -> New best metrics: val_loss=0.2814 val_AP=0.4376, saved
Epoch  34/1000 [170.6s mem=9274MB] | train_loss=0.2924 train_AP=0.3751 | val_loss=0.2797 val_AP=0.4296
  -> New best metrics: val_loss=0.2797 val_AP=0.4376, saved
Epoch  35/1000 [168.3s mem=9275MB] | train_loss=0.2908 train_AP=0.3767 | val_loss=0.2729 val_AP=0.4444
  -> New best metrics: val_loss=0.2729 val_AP=0.4444, saved
Epoch  36/1000 [170.3s mem=9275MB] | train_loss=0.2867 train_AP=0.3847 | val_loss=0.2747 val_AP=0.4551
  -> New best metrics: val_loss=0.2729 val_AP=0.4551, saved
Epoch  37/1000 [169.5s mem=9274MB] | train_loss=0.2845 train_AP=0.3876 | val_loss=0.2706 val_AP=0.4587
  -> New best metrics: val_loss=0.2706 val_AP=0.4587, saved
Epoch  38/1000 [168.3s mem=9276MB] | train_loss=0.2813 train_AP=0.3919 | val_loss=0.2780 val_AP=0.4642
  -> New best metrics: val_loss=0.2706 val_AP=0.4642, saved
Epoch  39/1000 [173.1s mem=9274MB] | train_loss=0.2809 train_AP=0.3992 | val_loss=0.2802 val_AP=0.4536
Epoch  40/1000 [170.4s mem=9274MB] | train_loss=0.2777 train_AP=0.4068 | val_loss=0.2783 val_AP=0.4416 | test_AP=0.4282
Epoch  41/1000 [179.5s mem=9274MB] | train_loss=0.2768 train_AP=0.4079 | val_loss=0.2613 val_AP=0.4722
  -> New best metrics: val_loss=0.2613 val_AP=0.4722, saved
Epoch  42/1000 [169.7s mem=9276MB] | train_loss=0.2746 train_AP=0.4176 | val_loss=0.2754 val_AP=0.4677
Epoch  43/1000 [180.2s mem=9276MB] | train_loss=0.2715 train_AP=0.4267 | val_loss=0.2621 val_AP=0.4838
  -> New best metrics: val_loss=0.2613 val_AP=0.4838, saved
Epoch  44/1000 [181.5s mem=9274MB] | train_loss=0.2691 train_AP=0.4322 | val_loss=0.2801 val_AP=0.4773
Epoch  45/1000 [175.5s mem=9275MB] | train_loss=0.2666 train_AP=0.4341 | val_loss=0.2870 val_AP=0.4825
Epoch  46/1000 [180.2s mem=9274MB] | train_loss=0.2656 train_AP=0.4407 | val_loss=0.2521 val_AP=0.5033
  -> New best metrics: val_loss=0.2521 val_AP=0.5033, saved
Epoch  47/1000 [197.3s mem=9274MB] | train_loss=0.2642 train_AP=0.4482 | val_loss=0.2726 val_AP=0.5003
Epoch  48/1000 [204.7s mem=9275MB] | train_loss=0.2616 train_AP=0.4515 | val_loss=0.2628 val_AP=0.4904
Epoch  49/1000 [178.0s mem=9276MB] | train_loss=0.2589 train_AP=0.4585 | val_loss=0.2889 val_AP=0.4807
Epoch  50/1000 [172.5s mem=9274MB] | train_loss=0.2568 train_AP=0.4631 | val_loss=0.2451 val_AP=0.5228 | test_AP=0.5035
  -> New best metrics: val_loss=0.2451 val_AP=0.5228, saved
Epoch  51/1000 [302.4s mem=9277MB] | train_loss=0.2544 train_AP=0.4694 | val_loss=0.2510 val_AP=0.5191
Epoch  52/1000 [306.0s mem=9274MB] | train_loss=0.2529 train_AP=0.4759 | val_loss=0.2433 val_AP=0.5274
  -> New best metrics: val_loss=0.2433 val_AP=0.5274, saved
Epoch  53/1000 [270.6s mem=9273MB] | train_loss=0.2526 train_AP=0.4726 | val_loss=0.2797 val_AP=0.5043
Epoch  54/1000 [333.9s mem=9274MB] | train_loss=0.2509 train_AP=0.4791 | val_loss=0.2663 val_AP=0.5165
Epoch  55/1000 [332.5s mem=9278MB] | train_loss=0.2494 train_AP=0.4842 | val_loss=0.2476 val_AP=0.5189
Epoch  56/1000 [334.3s mem=9275MB] | train_loss=0.2469 train_AP=0.4880 | val_loss=0.2523 val_AP=0.5105
Epoch  57/1000 [333.5s mem=9275MB] | train_loss=0.2431 train_AP=0.4970 | val_loss=0.2405 val_AP=0.5282
  -> New best metrics: val_loss=0.2405 val_AP=0.5282, saved
Epoch  58/1000 [332.9s mem=9275MB] | train_loss=0.2422 train_AP=0.5015 | val_loss=0.2471 val_AP=0.5228
Epoch  59/1000 [332.4s mem=9274MB] | train_loss=0.2404 train_AP=0.5072 | val_loss=0.2395 val_AP=0.5393
  -> New best metrics: val_loss=0.2395 val_AP=0.5393, saved
Epoch  60/1000 [330.0s mem=9275MB] | train_loss=0.2405 train_AP=0.5025 | val_loss=0.2479 val_AP=0.5247 | test_AP=0.5141
Epoch  61/1000 [331.6s mem=9274MB] | train_loss=0.2389 train_AP=0.5090 | val_loss=0.2661 val_AP=0.5230
Epoch  62/1000 [332.7s mem=9276MB] | train_loss=0.2377 train_AP=0.5162 | val_loss=0.2341 val_AP=0.5461
  -> New best metrics: val_loss=0.2341 val_AP=0.5461, saved
Epoch  63/1000 [331.5s mem=9274MB] | train_loss=0.2354 train_AP=0.5193 | val_loss=0.2675 val_AP=0.5356
Epoch  64/1000 [329.9s mem=9274MB] | train_loss=0.2347 train_AP=0.5199 | val_loss=0.2323 val_AP=0.5430
  -> New best metrics: val_loss=0.2323 val_AP=0.5461, saved
Epoch  65/1000 [331.5s mem=9274MB] | train_loss=0.2321 train_AP=0.5229 | val_loss=0.2506 val_AP=0.5336
Epoch  66/1000 [329.0s mem=9276MB] | train_loss=0.2305 train_AP=0.5269 | val_loss=0.2511 val_AP=0.5401
Epoch  67/1000 [369.0s mem=9275MB] | train_loss=0.2287 train_AP=0.5359 | val_loss=0.2229 val_AP=0.5650
  -> New best metrics: val_loss=0.2229 val_AP=0.5650, saved
Epoch  68/1000 [389.2s mem=9274MB] | train_loss=0.2274 train_AP=0.5378 | val_loss=0.2362 val_AP=0.5684
  -> New best metrics: val_loss=0.2229 val_AP=0.5684, saved
Epoch  69/1000 [392.3s mem=9275MB] | train_loss=0.2252 train_AP=0.5431 | val_loss=0.2422 val_AP=0.5510
Epoch  70/1000 [306.3s mem=9276MB] | train_loss=0.2244 train_AP=0.5424 | val_loss=0.2387 val_AP=0.5638 | test_AP=0.5512
Epoch  71/1000 [218.5s mem=9274MB] | train_loss=0.2235 train_AP=0.5479 | val_loss=0.2579 val_AP=0.5448
Epoch  72/1000 [231.2s mem=9274MB] | train_loss=0.2211 train_AP=0.5544 | val_loss=0.2368 val_AP=0.5562
Epoch  73/1000 [178.2s mem=9274MB] | train_loss=0.2219 train_AP=0.5489 | val_loss=0.2417 val_AP=0.5663
Epoch  74/1000 [227.8s mem=9276MB] | train_loss=0.2184 train_AP=0.5594 | val_loss=0.2284 val_AP=0.5676
Epoch  75/1000 [179.7s mem=9275MB] | train_loss=0.2170 train_AP=0.5585 | val_loss=0.2248 val_AP=0.5721
  -> New best metrics: val_loss=0.2229 val_AP=0.5721, saved
Epoch  76/1000 [222.4s mem=9274MB] | train_loss=0.2163 train_AP=0.5626 | val_loss=0.2256 val_AP=0.5714
Epoch  77/1000 [231.1s mem=9274MB] | train_loss=0.2147 train_AP=0.5662 | val_loss=0.2459 val_AP=0.5650
Epoch  78/1000 [228.9s mem=9275MB] | train_loss=0.2126 train_AP=0.5743 | val_loss=0.2450 val_AP=0.5736
  -> New best metrics: val_loss=0.2229 val_AP=0.5736, saved
Epoch  79/1000 [231.0s mem=9276MB] | train_loss=0.2111 train_AP=0.5739 | val_loss=0.2737 val_AP=0.5503
Epoch  80/1000 [214.0s mem=9274MB] | train_loss=0.2112 train_AP=0.5742 | val_loss=0.2413 val_AP=0.5754 | test_AP=0.5638
  -> New best metrics: val_loss=0.2229 val_AP=0.5754, saved
Epoch  81/1000 [174.8s mem=9276MB] | train_loss=0.2102 train_AP=0.5746 | val_loss=0.2306 val_AP=0.5708
Epoch  82/1000 [183.4s mem=9276MB] | train_loss=0.2084 train_AP=0.5833 | val_loss=0.2322 val_AP=0.5810
  -> New best metrics: val_loss=0.2229 val_AP=0.5810, saved
Epoch  83/1000 [174.8s mem=9276MB] | train_loss=0.2063 train_AP=0.5878 | val_loss=0.2260 val_AP=0.5773
Epoch  84/1000 [184.1s mem=9274MB] | train_loss=0.2057 train_AP=0.5907 | val_loss=0.2324 val_AP=0.5791
Epoch  85/1000 [207.8s mem=9276MB] | train_loss=0.2045 train_AP=0.5901 | val_loss=0.2512 val_AP=0.5914
  -> New best metrics: val_loss=0.2229 val_AP=0.5914, saved
Epoch  86/1000 [280.1s mem=9275MB] | train_loss=0.2031 train_AP=0.5954 | val_loss=0.2313 val_AP=0.5762
Epoch  87/1000 [358.0s mem=9274MB] | train_loss=0.2018 train_AP=0.6000 | val_loss=0.2290 val_AP=0.5961
  -> New best metrics: val_loss=0.2229 val_AP=0.5961, saved
Epoch  88/1000 [274.3s mem=9275MB] | train_loss=0.2005 train_AP=0.6065 | val_loss=0.2366 val_AP=0.5842
Epoch  89/1000 [207.8s mem=9276MB] | train_loss=0.2004 train_AP=0.6097 | val_loss=0.2313 val_AP=0.6025
  -> New best metrics: val_loss=0.2229 val_AP=0.6025, saved
Epoch  90/1000 [291.0s mem=9276MB] | train_loss=0.1995 train_AP=0.6059 | val_loss=0.2255 val_AP=0.5984 | test_AP=0.5831
Epoch  91/1000 [371.3s mem=9276MB] | train_loss=0.1959 train_AP=0.6140 | val_loss=0.2517 val_AP=0.5867
Epoch  92/1000 [339.4s mem=9276MB] | train_loss=0.1966 train_AP=0.6118 | val_loss=0.2334 val_AP=0.5930
Epoch  93/1000 [335.2s mem=9275MB] | train_loss=0.1944 train_AP=0.6141 | val_loss=0.2317 val_AP=0.5891
Epoch  94/1000 [337.4s mem=9274MB] | train_loss=0.1930 train_AP=0.6204 | val_loss=0.2314 val_AP=0.6058
  -> New best metrics: val_loss=0.2229 val_AP=0.6058, saved
Epoch  95/1000 [359.1s mem=9275MB] | train_loss=0.1925 train_AP=0.6238 | val_loss=0.2452 val_AP=0.5854
Epoch  96/1000 [366.7s mem=9275MB] | train_loss=0.1910 train_AP=0.6216 | val_loss=0.2481 val_AP=0.5869
Epoch  97/1000 [363.6s mem=9277MB] | train_loss=0.1900 train_AP=0.6332 | val_loss=0.2489 val_AP=0.5828
Epoch  98/1000 [364.2s mem=9274MB] | train_loss=0.1895 train_AP=0.6352 | val_loss=0.2231 val_AP=0.6141
  -> New best metrics: val_loss=0.2229 val_AP=0.6141, saved
Epoch  99/1000 [374.0s mem=9274MB] | train_loss=0.1867 train_AP=0.6389 | val_loss=0.2265 val_AP=0.6132
Epoch 100/1000 [372.9s mem=9274MB] | train_loss=0.1869 train_AP=0.6362 | val_loss=0.2277 val_AP=0.6149 | test_AP=0.6010
  -> New best metrics: val_loss=0.2229 val_AP=0.6149, saved
Epoch 101/1000 [355.3s mem=9273MB] | train_loss=0.1854 train_AP=0.6399 | val_loss=0.2381 val_AP=0.6161
  -> New best metrics: val_loss=0.2229 val_AP=0.6161, saved
Epoch 102/1000 [332.9s mem=9275MB] | train_loss=0.1854 train_AP=0.6440 | val_loss=0.2435 val_AP=0.6133
Epoch 103/1000 [335.1s mem=9277MB] | train_loss=0.1844 train_AP=0.6431 | val_loss=0.2177 val_AP=0.6118
  -> New best metrics: val_loss=0.2177 val_AP=0.6161, saved
Epoch 104/1000 [333.8s mem=9275MB] | train_loss=0.1827 train_AP=0.6444 | val_loss=0.2237 val_AP=0.6115
Epoch 105/1000 [332.8s mem=9275MB] | train_loss=0.1810 train_AP=0.6527 | val_loss=0.2406 val_AP=0.6093
Epoch 106/1000 [334.3s mem=9274MB] | train_loss=0.1813 train_AP=0.6510 | val_loss=0.2436 val_AP=0.6083
Epoch 107/1000 [320.1s mem=9274MB] | train_loss=0.1797 train_AP=0.6539 | val_loss=0.2438 val_AP=0.6105
Epoch 108/1000 [320.6s mem=9274MB] | train_loss=0.1789 train_AP=0.6603 | val_loss=0.2310 val_AP=0.6319
  -> New best metrics: val_loss=0.2177 val_AP=0.6319, saved
Epoch 109/1000 [328.8s mem=9276MB] | train_loss=0.1759 train_AP=0.6625 | val_loss=0.2437 val_AP=0.6187
Epoch 110/1000 [358.0s mem=9277MB] | train_loss=0.1770 train_AP=0.6619 | val_loss=0.2410 val_AP=0.6214 | test_AP=0.6028
Epoch 111/1000 [363.4s mem=9275MB] | train_loss=0.1757 train_AP=0.6670 | val_loss=0.2453 val_AP=0.6194
Epoch 112/1000 [335.1s mem=9276MB] | train_loss=0.1757 train_AP=0.6657 | val_loss=0.2310 val_AP=0.6333
  -> New best metrics: val_loss=0.2177 val_AP=0.6333, saved
Epoch 113/1000 [365.4s mem=9274MB] | train_loss=0.1748 train_AP=0.6650 | val_loss=0.2424 val_AP=0.6196
Epoch 114/1000 [372.8s mem=9275MB] | train_loss=0.1724 train_AP=0.6701 | val_loss=0.2371 val_AP=0.6342
  -> New best metrics: val_loss=0.2177 val_AP=0.6342, saved
Epoch 115/1000 [381.1s mem=9274MB] | train_loss=0.1711 train_AP=0.6730 | val_loss=0.2253 val_AP=0.6268
Epoch 116/1000 [375.7s mem=9274MB] | train_loss=0.1689 train_AP=0.6783 | val_loss=0.2338 val_AP=0.6340
Epoch 117/1000 [362.5s mem=9276MB] | train_loss=0.1688 train_AP=0.6812 | val_loss=0.2370 val_AP=0.6311
Epoch 118/1000 [382.2s mem=9275MB] | train_loss=0.1694 train_AP=0.6781 | val_loss=0.2316 val_AP=0.6366
  -> New best metrics: val_loss=0.2177 val_AP=0.6366, saved
Epoch 119/1000 [379.4s mem=9274MB] | train_loss=0.1677 train_AP=0.6820 | val_loss=0.2173 val_AP=0.6393
  -> New best metrics: val_loss=0.2173 val_AP=0.6393, saved
Epoch 120/1000 [343.3s mem=9274MB] | train_loss=0.1660 train_AP=0.6866 | val_loss=0.2537 val_AP=0.6414 | test_AP=0.6219
  -> New best metrics: val_loss=0.2173 val_AP=0.6414, saved
Epoch 121/1000 [335.1s mem=9276MB] | train_loss=0.1659 train_AP=0.6878 | val_loss=0.2310 val_AP=0.6429
  -> New best metrics: val_loss=0.2173 val_AP=0.6429, saved
Epoch 122/1000 [326.1s mem=9275MB] | train_loss=0.1668 train_AP=0.6894 | val_loss=0.2654 val_AP=0.6141
Epoch 123/1000 [354.4s mem=9275MB] | train_loss=0.1624 train_AP=0.6928 | val_loss=0.2530 val_AP=0.6279
Epoch 124/1000 [365.2s mem=9274MB] | train_loss=0.1619 train_AP=0.6967 | val_loss=0.2305 val_AP=0.6428
Epoch 125/1000 [379.2s mem=9274MB] | train_loss=0.1616 train_AP=0.7039 | val_loss=0.2286 val_AP=0.6454
  -> New best metrics: val_loss=0.2173 val_AP=0.6454, saved
Epoch 126/1000 [340.5s mem=9276MB] | train_loss=0.1597 train_AP=0.7036 | val_loss=0.2329 val_AP=0.6481
  -> New best metrics: val_loss=0.2173 val_AP=0.6481, saved
Epoch 127/1000 [362.2s mem=9274MB] | train_loss=0.1608 train_AP=0.7026 | val_loss=0.2413 val_AP=0.6434
Epoch 128/1000 [359.3s mem=9273MB] | train_loss=0.1597 train_AP=0.7038 | val_loss=0.2355 val_AP=0.6502
  -> New best metrics: val_loss=0.2173 val_AP=0.6502, saved
Epoch 129/1000 [255.1s mem=9276MB] | train_loss=0.1591 train_AP=0.7059 | val_loss=0.2380 val_AP=0.6480
Epoch 130/1000 [203.9s mem=9274MB] | train_loss=0.1571 train_AP=0.7118 | val_loss=0.2459 val_AP=0.6547 | test_AP=0.6345
  -> New best metrics: val_loss=0.2173 val_AP=0.6547, saved
Epoch 131/1000 [197.9s mem=9274MB] | train_loss=0.1573 train_AP=0.7106 | val_loss=0.2362 val_AP=0.6402
Epoch 132/1000 [196.7s mem=9274MB] | train_loss=0.1569 train_AP=0.7139 | val_loss=0.2337 val_AP=0.6527
Epoch 133/1000 [196.9s mem=9274MB] | train_loss=0.1558 train_AP=0.7133 | val_loss=0.2278 val_AP=0.6559
  -> New best metrics: val_loss=0.2173 val_AP=0.6559, saved
Epoch 134/1000 [202.0s mem=9276MB] | train_loss=0.1538 train_AP=0.7209 | val_loss=0.2533 val_AP=0.6541
Epoch 135/1000 [183.3s mem=9273MB] | train_loss=0.1553 train_AP=0.7156 | val_loss=0.2370 val_AP=0.6569
  -> New best metrics: val_loss=0.2173 val_AP=0.6569, saved
Epoch 136/1000 [287.1s mem=9274MB] | train_loss=0.1523 train_AP=0.7227 | val_loss=0.2407 val_AP=0.6505
Epoch 137/1000 [346.3s mem=9273MB] | train_loss=0.1524 train_AP=0.7238 | val_loss=0.2473 val_AP=0.6587
  -> New best metrics: val_loss=0.2173 val_AP=0.6587, saved
Epoch 138/1000 [360.4s mem=9274MB] | train_loss=0.1502 train_AP=0.7249 | val_loss=0.2517 val_AP=0.6548
Epoch 139/1000 [371.2s mem=9274MB] | train_loss=0.1491 train_AP=0.7303 | val_loss=0.2420 val_AP=0.6557
Epoch 140/1000 [352.8s mem=9275MB] | train_loss=0.1494 train_AP=0.7305 | val_loss=0.2535 val_AP=0.6592 | test_AP=0.6434
  -> New best metrics: val_loss=0.2173 val_AP=0.6592, saved
Epoch 141/1000 [355.2s mem=9274MB] | train_loss=0.1481 train_AP=0.7326 | val_loss=0.2443 val_AP=0.6654
  -> New best metrics: val_loss=0.2173 val_AP=0.6654, saved
Epoch 142/1000 [353.7s mem=9276MB] | train_loss=0.1480 train_AP=0.7343 | val_loss=0.2650 val_AP=0.6585
Epoch 143/1000 [342.9s mem=9275MB] | train_loss=0.1467 train_AP=0.7377 | val_loss=0.2435 val_AP=0.6595
Epoch 144/1000 [359.2s mem=9274MB] | train_loss=0.1453 train_AP=0.7401 | val_loss=0.2445 val_AP=0.6564
Epoch 145/1000 [346.5s mem=9275MB] | train_loss=0.1453 train_AP=0.7334 | val_loss=0.2307 val_AP=0.6765
  -> New best metrics: val_loss=0.2173 val_AP=0.6765, saved
Epoch 146/1000 [351.3s mem=9274MB] | train_loss=0.1446 train_AP=0.7387 | val_loss=0.2786 val_AP=0.6624
Epoch 147/1000 [352.2s mem=9274MB] | train_loss=0.1423 train_AP=0.7456 | val_loss=0.2380 val_AP=0.6702
Epoch 148/1000 [349.1s mem=9273MB] | train_loss=0.1417 train_AP=0.7482 | val_loss=0.2554 val_AP=0.6605
Epoch 149/1000 [361.5s mem=9276MB] | train_loss=0.1419 train_AP=0.7396 | val_loss=0.2381 val_AP=0.6697
Epoch 150/1000 [350.7s mem=9275MB] | train_loss=0.1405 train_AP=0.7501 | val_loss=0.2419 val_AP=0.6656 | test_AP=0.6559
Epoch 151/1000 [354.1s mem=9276MB] | train_loss=0.1390 train_AP=0.7512 | val_loss=0.2452 val_AP=0.6669
Epoch 152/1000 [364.9s mem=9274MB] | train_loss=0.1394 train_AP=0.7518 | val_loss=0.2474 val_AP=0.6772
  -> New best metrics: val_loss=0.2173 val_AP=0.6772, saved
Epoch 153/1000 [342.3s mem=9274MB] | train_loss=0.1401 train_AP=0.7460 | val_loss=0.2666 val_AP=0.6612
Epoch 154/1000 [369.7s mem=9274MB] | train_loss=0.1374 train_AP=0.7564 | val_loss=0.2514 val_AP=0.6696
Epoch 155/1000 [375.0s mem=9001MB] | train_loss=0.1369 train_AP=0.7542 | val_loss=0.2726 val_AP=0.6680
Epoch 156/1000 [330.9s mem=9276MB] | train_loss=0.1368 train_AP=0.7560 | val_loss=0.2618 val_AP=0.6630
Epoch 157/1000 [327.0s mem=9274MB] | train_loss=0.1360 train_AP=0.7579 | val_loss=0.2427 val_AP=0.6793
  -> New best metrics: val_loss=0.2173 val_AP=0.6793, saved
Epoch 158/1000 [326.1s mem=9274MB] | train_loss=0.1356 train_AP=0.7643 | val_loss=0.2645 val_AP=0.6682
Epoch 159/1000 [326.0s mem=9274MB] | train_loss=0.1351 train_AP=0.7614 | val_loss=0.2613 val_AP=0.6680
Epoch 160/1000 [326.5s mem=9275MB] | train_loss=0.1337 train_AP=0.7717 | val_loss=0.2666 val_AP=0.6658 | test_AP=0.6570
Epoch 161/1000 [329.7s mem=9276MB] | train_loss=0.1325 train_AP=0.7632 | val_loss=0.2391 val_AP=0.6758
Epoch 162/1000 [357.5s mem=9274MB] | train_loss=0.1304 train_AP=0.7657 | val_loss=0.2736 val_AP=0.6619
Epoch 163/1000 [357.9s mem=9274MB] | train_loss=0.1309 train_AP=0.7683 | val_loss=0.2547 val_AP=0.6745
Epoch 164/1000 [325.9s mem=9275MB] | train_loss=0.1309 train_AP=0.7707 | val_loss=0.2558 val_AP=0.6812
  -> New best metrics: val_loss=0.2173 val_AP=0.6812, saved
Epoch 165/1000 [323.1s mem=9276MB] | train_loss=0.1311 train_AP=0.7716 | val_loss=0.2511 val_AP=0.6826
  -> New best metrics: val_loss=0.2173 val_AP=0.6826, saved
Epoch 166/1000 [354.6s mem=9275MB] | train_loss=0.1285 train_AP=0.7784 | val_loss=0.2612 val_AP=0.6758
Epoch 167/1000 [367.4s mem=9276MB] | train_loss=0.1282 train_AP=0.7781 | val_loss=0.2603 val_AP=0.6765
Epoch 168/1000 [362.0s mem=9277MB] | train_loss=0.1275 train_AP=0.7815 | val_loss=0.2629 val_AP=0.6764
Epoch 169/1000 [354.8s mem=9274MB] | train_loss=0.1270 train_AP=0.7799 | val_loss=0.2881 val_AP=0.6730
Epoch 170/1000 [272.1s mem=9276MB] | train_loss=0.1255 train_AP=0.7821 | val_loss=0.2786 val_AP=0.6629 | test_AP=0.6502
Epoch 171/1000 [264.2s mem=9276MB] | train_loss=0.1257 train_AP=0.7815 | val_loss=0.2796 val_AP=0.6761
Epoch 172/1000 [267.6s mem=9275MB] | train_loss=0.1243 train_AP=0.7828 | val_loss=0.2999 val_AP=0.6652
Epoch 173/1000 [265.9s mem=9275MB] | train_loss=0.1247 train_AP=0.7878 | val_loss=0.2940 val_AP=0.6773
Epoch 174/1000 [266.0s mem=9274MB] | train_loss=0.1239 train_AP=0.7820 | val_loss=0.2943 val_AP=0.6797
Epoch 175/1000 [267.0s mem=9274MB] | train_loss=0.1233 train_AP=0.7828 | val_loss=0.2765 val_AP=0.6805
Epoch 176/1000 [266.3s mem=9275MB] | train_loss=0.1213 train_AP=0.7923 | val_loss=0.2806 val_AP=0.6773
Epoch 177/1000 [268.9s mem=9276MB] | train_loss=0.1202 train_AP=0.7916 | val_loss=0.2703 val_AP=0.6733
Epoch 178/1000 [267.4s mem=9275MB] | train_loss=0.1231 train_AP=0.7896 | val_loss=0.2674 val_AP=0.6861
  -> New best metrics: val_loss=0.2173 val_AP=0.6861, saved
Epoch 179/1000 [266.6s mem=9277MB] | train_loss=0.1213 train_AP=0.7945 | val_loss=0.3137 val_AP=0.6857
Epoch 180/1000 [267.0s mem=9274MB] | train_loss=0.1217 train_AP=0.7917 | val_loss=0.2812 val_AP=0.6813 | test_AP=0.6562
Epoch 181/1000 [266.1s mem=9274MB] | train_loss=0.1201 train_AP=0.7933 | val_loss=0.3068 val_AP=0.6750
Epoch 182/1000 [266.4s mem=9276MB] | train_loss=0.1187 train_AP=0.7958 | val_loss=0.3081 val_AP=0.6726
Epoch 183/1000 [269.5s mem=9274MB] | train_loss=0.1175 train_AP=0.7976 | val_loss=0.2791 val_AP=0.6848
Epoch 184/1000 [267.1s mem=9274MB] | train_loss=0.1187 train_AP=0.7982 | val_loss=0.2772 val_AP=0.6803
Epoch 185/1000 [289.2s mem=9275MB] | train_loss=0.1177 train_AP=0.7950 | val_loss=0.2976 val_AP=0.6728
Epoch 186/1000 [318.6s mem=9274MB] | train_loss=0.1165 train_AP=0.8011 | val_loss=0.2728 val_AP=0.6892
  -> New best metrics: val_loss=0.2173 val_AP=0.6892, saved
Epoch 187/1000 [326.2s mem=9274MB] | train_loss=0.1155 train_AP=0.8030 | val_loss=0.2724 val_AP=0.6857
Epoch 188/1000 [296.4s mem=9274MB] | train_loss=0.1163 train_AP=0.7996 | val_loss=0.3311 val_AP=0.6778
Epoch 189/1000 [267.1s mem=9274MB] | train_loss=0.1153 train_AP=0.8049 | val_loss=0.2822 val_AP=0.6869
Epoch 190/1000 [267.7s mem=9275MB] | train_loss=0.1133 train_AP=0.8072 | val_loss=0.2922 val_AP=0.6848 | test_AP=0.6620
Epoch 191/1000 [267.9s mem=9276MB] | train_loss=0.1136 train_AP=0.8092 | val_loss=0.2945 val_AP=0.6865
Epoch 192/1000 [290.7s mem=9276MB] | train_loss=0.1124 train_AP=0.8088 | val_loss=0.2764 val_AP=0.6934
  -> New best metrics: val_loss=0.2173 val_AP=0.6934, saved
Epoch 193/1000 [318.1s mem=9275MB] | train_loss=0.1127 train_AP=0.8100 | val_loss=0.3251 val_AP=0.6818
Epoch 194/1000 [325.2s mem=9276MB] | train_loss=0.1111 train_AP=0.8167 | val_loss=0.3245 val_AP=0.6751
Epoch 195/1000 [298.8s mem=9274MB] | train_loss=0.1116 train_AP=0.8122 | val_loss=0.3104 val_AP=0.6884
Epoch 196/1000 [268.9s mem=9274MB] | train_loss=0.1110 train_AP=0.8124 | val_loss=0.3086 val_AP=0.6865
Epoch 197/1000 [267.6s mem=9275MB] | train_loss=0.1111 train_AP=0.8125 | val_loss=0.3139 val_AP=0.6916
Epoch 198/1000 [265.3s mem=9275MB] | train_loss=0.1105 train_AP=0.8133 | val_loss=0.3014 val_AP=0.6812
Epoch 199/1000 [269.8s mem=9277MB] | train_loss=0.1081 train_AP=0.8236 | val_loss=0.2926 val_AP=0.6837
Epoch 200/1000 [307.7s mem=9274MB] | train_loss=0.1086 train_AP=0.8224 | val_loss=0.3336 val_AP=0.6811 | test_AP=0.6774
Epoch 201/1000 [325.5s mem=9276MB] | train_loss=0.1085 train_AP=0.8206 | val_loss=0.3128 val_AP=0.6906
Epoch 202/1000 [317.2s mem=9274MB] | train_loss=0.1059 train_AP=0.8233 | val_loss=0.3027 val_AP=0.6861
Epoch 203/1000 [379.0s mem=9275MB] | train_loss=0.1057 train_AP=0.8233 | val_loss=0.3139 val_AP=0.6925
Epoch 204/1000 [374.7s mem=9273MB] | train_loss=0.1071 train_AP=0.8234 | val_loss=0.3040 val_AP=0.6952
  -> New best metrics: val_loss=0.2173 val_AP=0.6952, saved
Epoch 205/1000 [382.5s mem=9275MB] | train_loss=0.1048 train_AP=0.8289 | val_loss=0.3410 val_AP=0.6747
Epoch 206/1000 [383.3s mem=9274MB] | train_loss=0.1064 train_AP=0.8241 | val_loss=0.3247 val_AP=0.6899
Epoch 207/1000 [375.6s mem=9275MB] | train_loss=0.1044 train_AP=0.8262 | val_loss=0.2979 val_AP=0.6955
  -> New best metrics: val_loss=0.2173 val_AP=0.6955, saved
Epoch 208/1000 [383.0s mem=9275MB] | train_loss=0.1039 train_AP=0.8280 | val_loss=0.3201 val_AP=0.6964
  -> New best metrics: val_loss=0.2173 val_AP=0.6964, saved
Epoch 209/1000 [366.9s mem=9274MB] | train_loss=0.1028 train_AP=0.8297 | val_loss=0.3014 val_AP=0.7036
  -> New best metrics: val_loss=0.2173 val_AP=0.7036, saved
Epoch 210/1000 [377.0s mem=9274MB] | train_loss=0.1028 train_AP=0.8311 | val_loss=0.3347 val_AP=0.6931 | test_AP=0.6807
Epoch 211/1000 [381.7s mem=9277MB] | train_loss=0.1025 train_AP=0.8292 | val_loss=0.3090 val_AP=0.6950
Epoch 212/1000 [372.4s mem=9277MB] | train_loss=0.1027 train_AP=0.8316 | val_loss=0.3390 val_AP=0.6900
Epoch 213/1000 [380.6s mem=9276MB] | train_loss=0.1021 train_AP=0.8345 | val_loss=0.3235 val_AP=0.6850
Epoch 214/1000 [374.1s mem=9275MB] | train_loss=0.1008 train_AP=0.8299 | val_loss=0.3422 val_AP=0.6912
Epoch 215/1000 [380.6s mem=9274MB] | train_loss=0.0994 train_AP=0.8425 | val_loss=0.3218 val_AP=0.6900
Epoch 216/1000 [381.4s mem=9275MB] | train_loss=0.0997 train_AP=0.8374 | val_loss=0.3110 val_AP=0.6993
Epoch 217/1000 [367.4s mem=9274MB] | train_loss=0.1003 train_AP=0.8365 | val_loss=0.3522 val_AP=0.6897
Epoch 218/1000 [384.2s mem=9276MB] | train_loss=0.1000 train_AP=0.8345 | val_loss=0.3629 val_AP=0.6897
Epoch 219/1000 [380.0s mem=9275MB] | train_loss=0.1013 train_AP=0.8331 | val_loss=0.3407 val_AP=0.6817
Epoch 220/1000 [380.1s mem=9274MB] | train_loss=0.0986 train_AP=0.8399 | val_loss=0.3202 val_AP=0.6914 | test_AP=0.6904
Epoch 221/1000 [381.5s mem=9275MB] | train_loss=0.1003 train_AP=0.8364 | val_loss=0.3254 val_AP=0.6901
Epoch 222/1000 [376.3s mem=9276MB] | train_loss=0.0978 train_AP=0.8441 | val_loss=0.3629 val_AP=0.6935
Epoch 223/1000 [384.7s mem=9276MB] | train_loss=0.0967 train_AP=0.8450 | val_loss=0.3550 val_AP=0.6888
Epoch 224/1000 [370.4s mem=9276MB] | train_loss=0.0970 train_AP=0.8410 | val_loss=0.3232 val_AP=0.6958
Epoch 225/1000 [380.9s mem=9276MB] | train_loss=0.0966 train_AP=0.8473 | val_loss=0.3697 val_AP=0.6889
Epoch 226/1000 [382.7s mem=9275MB] | train_loss=0.0975 train_AP=0.8440 | val_loss=0.3536 val_AP=0.6894
Epoch 227/1000 [379.4s mem=9274MB] | train_loss=0.0945 train_AP=0.8508 | val_loss=0.3472 val_AP=0.7036
Epoch 228/1000 [378.9s mem=9276MB] | train_loss=0.0952 train_AP=0.8538 | val_loss=0.3473 val_AP=0.6908
Epoch 229/1000 [339.7s mem=9274MB] | train_loss=0.0935 train_AP=0.8493 | val_loss=0.3639 val_AP=0.6950
Early stopping at epoch 229. Best val loss=0.2173 at epoch 209.
Stage 1 done. Best val loss=0.2173 at epoch 209.

============================================================
STAGE 2: Train Generator (gred_layers) on Task Loss
  Backbone: hybrid
  LR=3e-05, patience=100, max_epochs=1500
============================================================
  Loading cached distance masks from ./data/Peptides-func/dist_masks/train.pkl
  Loading cached distance masks from ./data/Peptides-func/dist_masks/val.pkl
  Loading cached distance masks from ./data/Peptides-func/dist_masks/test.pkl
  Generator parameters: 428,576
Epoch   1/1500 [399.8s mem=5013MB] | task_loss=0.6415 | val_AP=0.5278 mean_AP=0.5265 delta=+0.0013 | test_AP=0.5130 | cos_sim=0.9909 grad_norm=14.1722 attn_entr=nan | novelty_loss=-0.0081 diversity_loss=0.0495
  -> New best metrics: gen_loss=0.6415 val_loss=0.7330 val_AP=0.5278
Epoch   2/1500 [415.8s mem=5015MB] | task_loss=0.4292 | val_AP=0.5715 mean_AP=0.5708 delta=+0.0007 | test_AP=0.5555 | cos_sim=0.9910 grad_norm=9.8822 attn_entr=nan | novelty_loss=-0.0080 diversity_loss=0.0496
  -> New best metrics: gen_loss=0.4292 val_loss=0.5373 val_AP=0.5715
Epoch   3/1500 [400.0s mem=5014MB] | task_loss=0.2786 | val_AP=0.5998 mean_AP=0.5990 delta=+0.0008 | test_AP=0.5887 | cos_sim=0.9914 grad_norm=6.4891 attn_entr=nan | novelty_loss=-0.0085 diversity_loss=0.0496
  -> New best metrics: gen_loss=0.2786 val_loss=0.4069 val_AP=0.5998
Epoch   4/1500 [397.6s mem=5013MB] | task_loss=0.1955 | val_AP=0.6191 mean_AP=0.6186 delta=+0.0005 | test_AP=0.6106 | cos_sim=0.9921 grad_norm=4.2560 attn_entr=nan | novelty_loss=-0.0102 diversity_loss=0.0496
  -> New best metrics: gen_loss=0.1955 val_loss=0.3367 val_AP=0.6191
Epoch   5/1500 [405.8s mem=5012MB] | task_loss=0.1543 | val_AP=0.6367 mean_AP=0.6362 delta=+0.0005 | test_AP=0.6280 | cos_sim=0.9927 grad_norm=2.9055 attn_entr=nan | novelty_loss=-0.0135 diversity_loss=0.0496
  -> New best metrics: gen_loss=0.1543 val_loss=0.3017 val_AP=0.6367
Epoch   6/1500 [411.5s mem=5014MB] | task_loss=0.1330 | val_AP=0.6443 mean_AP=0.6440 delta=+0.0003 | test_AP=0.6380 | cos_sim=0.9932 grad_norm=2.2158 attn_entr=nan | novelty_loss=-0.0181 diversity_loss=0.0497
  -> New best metrics: gen_loss=0.1330 val_loss=0.2920 val_AP=0.6443
Epoch   7/1500 [385.7s mem=5013MB] | task_loss=0.1187 | val_AP=0.6526 mean_AP=0.6523 delta=+0.0003 | test_AP=0.6463 | cos_sim=0.9934 grad_norm=1.9064 attn_entr=nan | novelty_loss=-0.0235 diversity_loss=0.0497
  -> New best metrics: gen_loss=0.1187 val_loss=0.2870 val_AP=0.6526
Epoch   8/1500 [400.0s mem=5015MB] | task_loss=0.1076 | val_AP=0.6607 mean_AP=0.6606 delta=+0.0001 | test_AP=0.6528 | cos_sim=0.9935 grad_norm=1.6794 attn_entr=nan | novelty_loss=-0.0293 diversity_loss=0.0497
  -> New best metrics: gen_loss=0.1076 val_loss=0.2844 val_AP=0.6607
Epoch   9/1500 [409.3s mem=5014MB] | task_loss=0.0979 | val_AP=0.6671 mean_AP=0.6670 delta=+0.0002 | test_AP=0.6559 | cos_sim=0.9935 grad_norm=1.5564 attn_entr=nan | novelty_loss=-0.0355 diversity_loss=0.0497
  -> New best metrics: gen_loss=0.0979 val_loss=0.2781 val_AP=0.6671
Epoch  10/1500 [416.6s mem=5014MB] | task_loss=0.0892 | val_AP=0.6710 mean_AP=0.6708 delta=+0.0003 | test_AP=0.6612 | cos_sim=0.9933 grad_norm=1.4892 attn_entr=nan | novelty_loss=-0.0416 diversity_loss=0.0497
  -> New best metrics: gen_loss=0.0892 val_loss=0.2781 val_AP=0.6710
Epoch  11/1500 [396.0s mem=5015MB] | task_loss=0.0812 | val_AP=0.6752 mean_AP=0.6753 delta=-0.0002 | test_AP=0.6650 | cos_sim=0.9929 grad_norm=1.4076 attn_entr=nan | novelty_loss=-0.0473 diversity_loss=0.0496
  -> New best metrics: gen_loss=0.0812 val_loss=0.2759 val_AP=0.6752
Epoch  12/1500 [397.6s mem=5012MB] | task_loss=0.0740 | val_AP=0.6809 mean_AP=0.6807 delta=+0.0002 | test_AP=0.6701 | cos_sim=0.9924 grad_norm=1.3981 attn_entr=nan | novelty_loss=-0.0525 diversity_loss=0.0496
  -> New best metrics: gen_loss=0.0740 val_loss=0.2759 val_AP=0.6809
Epoch  13/1500 [393.5s mem=5014MB] | task_loss=0.0681 | val_AP=0.6853 mean_AP=0.6851 delta=+0.0001 | test_AP=0.6734 | cos_sim=0.9917 grad_norm=1.3544 attn_entr=nan | novelty_loss=-0.0568 diversity_loss=0.0496
  -> New best metrics: gen_loss=0.0681 val_loss=0.2738 val_AP=0.6853
Epoch  14/1500 [412.6s mem=5014MB] | task_loss=0.0637 | val_AP=0.6871 mean_AP=0.6869 delta=+0.0002 | test_AP=0.6734 | cos_sim=0.9908 grad_norm=1.3368 attn_entr=nan | novelty_loss=-0.0601 diversity_loss=0.0495
  -> New best metrics: gen_loss=0.0637 val_loss=0.2738 val_AP=0.6871
Epoch  15/1500 [394.8s mem=5014MB] | task_loss=0.0601 | val_AP=0.6900 mean_AP=0.6895 delta=+0.0005 | test_AP=0.6748 | cos_sim=0.9898 grad_norm=1.2827 attn_entr=nan | novelty_loss=-0.0627 diversity_loss=0.0495
  -> New best metrics: gen_loss=0.0601 val_loss=0.2726 val_AP=0.6900
Epoch  16/1500 [397.1s mem=5012MB] | task_loss=0.0575 | val_AP=0.6895 mean_AP=0.6893 delta=+0.0003 | test_AP=0.6751 | cos_sim=0.9887 grad_norm=1.2511 attn_entr=nan | novelty_loss=-0.0647 diversity_loss=0.0494
  -> New best metrics: gen_loss=0.0575 val_loss=0.2713 val_AP=0.6900
Epoch  17/1500 [408.8s mem=5014MB] | task_loss=0.0553 | val_AP=0.6920 mean_AP=0.6916 delta=+0.0003 | test_AP=0.6758 | cos_sim=0.9874 grad_norm=1.2125 attn_entr=nan | novelty_loss=-0.0661 diversity_loss=0.0494
  -> New best metrics: gen_loss=0.0553 val_loss=0.2713 val_AP=0.6920
Epoch  18/1500 [413.8s mem=5013MB] | task_loss=0.0536 | val_AP=0.6896 mean_AP=0.6892 delta=+0.0003 | test_AP=0.6773 | cos_sim=0.9861 grad_norm=1.2135 attn_entr=nan | novelty_loss=-0.0672 diversity_loss=0.0493
Epoch  19/1500 [387.2s mem=5014MB] | task_loss=0.0524 | val_AP=0.6928 mean_AP=0.6922 delta=+0.0006 | test_AP=0.6766 | cos_sim=0.9845 grad_norm=1.1999 attn_entr=nan | novelty_loss=-0.0681 diversity_loss=0.0492
  -> New best metrics: gen_loss=0.0524 val_loss=0.2713 val_AP=0.6928
Epoch  20/1500 [399.9s mem=5015MB] | task_loss=0.0514 | val_AP=0.6908 mean_AP=0.6899 delta=+0.0009 | test_AP=0.6792 | cos_sim=0.9827 grad_norm=1.1637 attn_entr=nan | novelty_loss=-0.0686 diversity_loss=0.0491
  -> New best metrics: gen_loss=0.0514 val_loss=0.2664 val_AP=0.6928
Epoch  21/1500 [405.5s mem=5014MB] | task_loss=0.0505 | val_AP=0.6928 mean_AP=0.6927 delta=+0.0001 | test_AP=0.6794 | cos_sim=0.9805 grad_norm=1.1469 attn_entr=nan | novelty_loss=-0.0690 diversity_loss=0.0490
Epoch  22/1500 [414.5s mem=5013MB] | task_loss=0.0496 | val_AP=0.6938 mean_AP=0.6931 delta=+0.0006 | test_AP=0.6797 | cos_sim=0.9778 grad_norm=1.1260 attn_entr=nan | novelty_loss=-0.0693 diversity_loss=0.0489
  -> New best metrics: gen_loss=0.0496 val_loss=0.2664 val_AP=0.6938
Epoch  23/1500 [401.1s mem=5014MB] | task_loss=0.0490 | val_AP=0.6922 mean_AP=0.6924 delta=-0.0002 | test_AP=0.6793 | cos_sim=0.9748 grad_norm=1.1005 attn_entr=nan | novelty_loss=-0.0695 diversity_loss=0.0487
Epoch  24/1500 [384.8s mem=5014MB] | task_loss=0.0484 | val_AP=0.6931 mean_AP=0.6932 delta=-0.0001 | test_AP=0.6788 | cos_sim=0.9706 grad_norm=1.0878 attn_entr=nan | novelty_loss=-0.0696 diversity_loss=0.0485
Epoch  25/1500 [412.6s mem=5014MB] | task_loss=0.0478 | val_AP=0.6920 mean_AP=0.6916 delta=+0.0003 | test_AP=0.6765 | cos_sim=0.9645 grad_norm=1.0486 attn_entr=nan | novelty_loss=-0.0696 diversity_loss=0.0482
Epoch  26/1500 [411.8s mem=5014MB] | task_loss=0.0473 | val_AP=0.6922 mean_AP=0.6920 delta=+0.0002 | test_AP=0.6808 | cos_sim=0.9565 grad_norm=1.0486 attn_entr=nan | novelty_loss=-0.0694 diversity_loss=0.0478
Epoch  27/1500 [399.0s mem=5013MB] | task_loss=0.0468 | val_AP=0.6945 mean_AP=0.6926 delta=+0.0019 | test_AP=0.6799 | cos_sim=0.9443 grad_norm=1.0241 attn_entr=nan | novelty_loss=-0.0691 diversity_loss=0.0472
  -> New best metrics: gen_loss=0.0468 val_loss=0.2664 val_AP=0.6945
Epoch  28/1500 [394.2s mem=5013MB] | task_loss=0.0463 | val_AP=0.6929 mean_AP=0.6914 delta=+0.0015 | test_AP=0.6801 | cos_sim=0.9271 grad_norm=1.0276 attn_entr=nan | novelty_loss=-0.0686 diversity_loss=0.0464
Epoch  29/1500 [404.6s mem=5014MB] | task_loss=0.0454 | val_AP=0.6939 mean_AP=0.6929 delta=+0.0010 | test_AP=0.6794 | cos_sim=0.8981 grad_norm=0.9914 attn_entr=nan | novelty_loss=-0.0676 diversity_loss=0.0449
Epoch  30/1500 [390.3s mem=5014MB] | task_loss=0.0447 | val_AP=0.6956 mean_AP=0.6914 delta=+0.0041 | test_AP=0.6796 | cos_sim=0.8533 grad_norm=0.9527 attn_entr=nan | novelty_loss=-0.0660 diversity_loss=0.0427
  -> New best metrics: gen_loss=0.0447 val_loss=0.2664 val_AP=0.6956
Epoch  31/1500 [400.6s mem=5014MB] | task_loss=0.0436 | val_AP=0.6946 mean_AP=0.6884 delta=+0.0063 | test_AP=0.6800 | cos_sim=0.7893 grad_norm=0.9546 attn_entr=nan | novelty_loss=-0.0636 diversity_loss=0.0395
Epoch  32/1500 [396.9s mem=5014MB] | task_loss=0.0426 | val_AP=0.6944 mean_AP=0.6863 delta=+0.0081 | test_AP=0.6810 | cos_sim=0.7125 grad_norm=0.9039 attn_entr=nan | novelty_loss=-0.0605 diversity_loss=0.0356
Epoch  33/1500 [406.8s mem=5014MB] | task_loss=0.0417 | val_AP=0.6942 mean_AP=0.6817 delta=+0.0125 | test_AP=0.6817 | cos_sim=0.6422 grad_norm=0.8508 attn_entr=nan | novelty_loss=-0.0577 diversity_loss=0.0321
Epoch  34/1500 [410.9s mem=5015MB] | task_loss=0.0410 | val_AP=0.6920 mean_AP=0.6790 delta=+0.0130 | test_AP=0.6803 | cos_sim=0.5890 grad_norm=0.8156 attn_entr=nan | novelty_loss=-0.0554 diversity_loss=0.0294
Epoch  35/1500 [392.5s mem=5014MB] | task_loss=0.0404 | val_AP=0.6961 mean_AP=0.6810 delta=+0.0152 | test_AP=0.6815 | cos_sim=0.5533 grad_norm=0.7990 attn_entr=nan | novelty_loss=-0.0541 diversity_loss=0.0277
  -> New best metrics: gen_loss=0.0404 val_loss=0.2664 val_AP=0.6961
Epoch  36/1500 [390.6s mem=5013MB] | task_loss=0.0396 | val_AP=0.6933 mean_AP=0.6751 delta=+0.0182 | test_AP=0.6802 | cos_sim=0.5342 grad_norm=0.7778 attn_entr=nan | novelty_loss=-0.0536 diversity_loss=0.0267
Epoch  37/1500 [405.9s mem=5015MB] | task_loss=0.0392 | val_AP=0.6956 mean_AP=0.6778 delta=+0.0178 | test_AP=0.6814 | cos_sim=0.5136 grad_norm=0.7665 attn_entr=nan | novelty_loss=-0.0529 diversity_loss=0.0257
Epoch  38/1500 [417.1s mem=5015MB] | task_loss=0.0384 | val_AP=0.6961 mean_AP=0.6736 delta=+0.0225 | test_AP=0.6822 | cos_sim=0.5025 grad_norm=0.7574 attn_entr=nan | novelty_loss=-0.0529 diversity_loss=0.0251
  -> New best metrics: gen_loss=0.0384 val_loss=0.2664 val_AP=0.6961
Epoch  39/1500 [395.8s mem=5011MB] | task_loss=0.0377 | val_AP=0.6978 mean_AP=0.6763 delta=+0.0215 | test_AP=0.6821 | cos_sim=0.4889 grad_norm=0.7484 attn_entr=nan | novelty_loss=-0.0526 diversity_loss=0.0244
  -> New best metrics: gen_loss=0.0377 val_loss=0.2664 val_AP=0.6978
Epoch  40/1500 [398.7s mem=5014MB] | task_loss=0.0373 | val_AP=0.6964 mean_AP=0.6720 delta=+0.0243 | test_AP=0.6821 | cos_sim=0.4882 grad_norm=0.7605 attn_entr=nan | novelty_loss=-0.0532 diversity_loss=0.0244
Epoch  41/1500 [403.6s mem=5015MB] | task_loss=0.0366 | val_AP=0.6970 mean_AP=0.6714 delta=+0.0256 | test_AP=0.6847 | cos_sim=0.4884 grad_norm=0.7377 attn_entr=nan | novelty_loss=-0.0536 diversity_loss=0.0244
Epoch  42/1500 [410.7s mem=5014MB] | task_loss=0.0360 | val_AP=0.6959 mean_AP=0.6677 delta=+0.0281 | test_AP=0.6821 | cos_sim=0.4845 grad_norm=0.7444 attn_entr=nan | novelty_loss=-0.0537 diversity_loss=0.0242
Epoch  43/1500 [393.9s mem=5015MB] | task_loss=0.0355 | val_AP=0.6943 mean_AP=0.6676 delta=+0.0267 | test_AP=0.6826 | cos_sim=0.4888 grad_norm=0.7508 attn_entr=nan | novelty_loss=-0.0543 diversity_loss=0.0244
Epoch  44/1500 [399.2s mem=5014MB] | task_loss=0.0352 | val_AP=0.6938 mean_AP=0.6645 delta=+0.0293 | test_AP=0.6833 | cos_sim=0.4938 grad_norm=0.7374 attn_entr=nan | novelty_loss=-0.0547 diversity_loss=0.0247
Epoch  45/1500 [409.5s mem=5013MB] | task_loss=0.0349 | val_AP=0.6980 mean_AP=0.6685 delta=+0.0295 | test_AP=0.6836 | cos_sim=0.4909 grad_norm=0.7415 attn_entr=nan | novelty_loss=-0.0549 diversity_loss=0.0245
  -> New best metrics: gen_loss=0.0349 val_loss=0.2664 val_AP=0.6980
Epoch  46/1500 [411.5s mem=5014MB] | task_loss=0.0345 | val_AP=0.6937 mean_AP=0.6621 delta=+0.0315 | test_AP=0.6839 | cos_sim=0.4945 grad_norm=0.7387 attn_entr=nan | novelty_loss=-0.0553 diversity_loss=0.0247
Epoch  47/1500 [386.8s mem=5014MB] | task_loss=0.0343 | val_AP=0.6943 mean_AP=0.6619 delta=+0.0325 | test_AP=0.6827 | cos_sim=0.4931 grad_norm=0.7371 attn_entr=nan | novelty_loss=-0.0553 diversity_loss=0.0247
Epoch  48/1500 [400.8s mem=5013MB] | task_loss=0.0339 | val_AP=0.6938 mean_AP=0.6558 delta=+0.0380 | test_AP=0.6817 | cos_sim=0.4937 grad_norm=0.7358 attn_entr=nan | novelty_loss=-0.0556 diversity_loss=0.0247
Epoch  49/1500 [402.0s mem=5014MB] | task_loss=0.0337 | val_AP=0.6977 mean_AP=0.6641 delta=+0.0336 | test_AP=0.6849 | cos_sim=0.4930 grad_norm=0.7323 attn_entr=nan | novelty_loss=-0.0556 diversity_loss=0.0246
Epoch  50/1500 [406.3s mem=5014MB] | task_loss=0.0333 | val_AP=0.6947 mean_AP=0.6540 delta=+0.0407 | test_AP=0.6816 | cos_sim=0.4961 grad_norm=0.7285 attn_entr=nan | novelty_loss=-0.0559 diversity_loss=0.0248
Epoch  51/1500 [392.1s mem=5012MB] | task_loss=0.0332 | val_AP=0.6966 mean_AP=0.6601 delta=+0.0365 | test_AP=0.6833 | cos_sim=0.4956 grad_norm=0.7418 attn_entr=nan | novelty_loss=-0.0560 diversity_loss=0.0248
Epoch  52/1500 [400.0s mem=5014MB] | task_loss=0.0328 | val_AP=0.6967 mean_AP=0.6638 delta=+0.0329 | test_AP=0.6852 | cos_sim=0.4964 grad_norm=0.7300 attn_entr=nan | novelty_loss=-0.0561 diversity_loss=0.0248
Epoch  53/1500 [397.8s mem=5013MB] | task_loss=0.0324 | val_AP=0.6994 mean_AP=0.6666 delta=+0.0328 | test_AP=0.6845 | cos_sim=0.4955 grad_norm=0.7083 attn_entr=nan | novelty_loss=-0.0561 diversity_loss=0.0248
  -> New best metrics: gen_loss=0.0324 val_loss=0.2664 val_AP=0.6994
Epoch  54/1500 [405.1s mem=5014MB] | task_loss=0.0324 | val_AP=0.6974 mean_AP=0.6596 delta=+0.0378 | test_AP=0.6852 | cos_sim=0.4986 grad_norm=0.7271 attn_entr=nan | novelty_loss=-0.0564 diversity_loss=0.0249
Epoch  55/1500 [399.1s mem=5013MB] | task_loss=0.0322 | val_AP=0.6934 mean_AP=0.6568 delta=+0.0366 | test_AP=0.6865 | cos_sim=0.4975 grad_norm=0.7289 attn_entr=nan | novelty_loss=-0.0564 diversity_loss=0.0249
Epoch  56/1500 [390.0s mem=5015MB] | task_loss=0.0318 | val_AP=0.6969 mean_AP=0.6585 delta=+0.0384 | test_AP=0.6853 | cos_sim=0.4997 grad_norm=0.7117 attn_entr=nan | novelty_loss=-0.0566 diversity_loss=0.0250
Epoch  57/1500 [259.8s mem=5013MB] | task_loss=0.0315 | val_AP=0.6972 mean_AP=0.6650 delta=+0.0323 | test_AP=0.6851 | cos_sim=0.4981 grad_norm=0.7241 attn_entr=nan | novelty_loss=-0.0565 diversity_loss=0.0249
Epoch  58/1500 [511.0s mem=5014MB] | task_loss=0.0314 | val_AP=0.6981 mean_AP=0.6616 delta=+0.0364 | test_AP=0.6856 | cos_sim=0.4955 grad_norm=0.7194 attn_entr=nan | novelty_loss=-0.0565 diversity_loss=0.0248
Epoch  59/1500 [497.1s mem=5013MB] | task_loss=0.0311 | val_AP=0.6977 mean_AP=0.6657 delta=+0.0320 | test_AP=0.6858 | cos_sim=0.4966 grad_norm=0.7105 attn_entr=nan | novelty_loss=-0.0566 diversity_loss=0.0248
Epoch  60/1500 [510.2s mem=5015MB] | task_loss=0.0310 | val_AP=0.6980 mean_AP=0.6621 delta=+0.0359 | test_AP=0.6837 | cos_sim=0.4971 grad_norm=0.7192 attn_entr=nan | novelty_loss=-0.0567 diversity_loss=0.0249
Epoch  61/1500 [505.8s mem=5014MB] | task_loss=0.0307 | val_AP=0.6994 mean_AP=0.6678 delta=+0.0316 | test_AP=0.6868 | cos_sim=0.4947 grad_norm=0.7169 attn_entr=nan | novelty_loss=-0.0566 diversity_loss=0.0247
  -> New best metrics: gen_loss=0.0307 val_loss=0.2664 val_AP=0.6994
Epoch  62/1500 [509.3s mem=5014MB] | task_loss=0.0305 | val_AP=0.6970 mean_AP=0.6652 delta=+0.0318 | test_AP=0.6868 | cos_sim=0.5003 grad_norm=0.7249 attn_entr=nan | novelty_loss=-0.0570 diversity_loss=0.0250
Epoch  63/1500 [510.5s mem=5014MB] | task_loss=0.0301 | val_AP=0.6959 mean_AP=0.6559 delta=+0.0401 | test_AP=0.6848 | cos_sim=0.5024 grad_norm=0.7046 attn_entr=nan | novelty_loss=-0.0571 diversity_loss=0.0251
Epoch  64/1500 [499.2s mem=5014MB] | task_loss=0.0301 | val_AP=0.6969 mean_AP=0.6596 delta=+0.0373 | test_AP=0.6866 | cos_sim=0.4966 grad_norm=0.7157 attn_entr=nan | novelty_loss=-0.0569 diversity_loss=0.0248
Epoch  65/1500 [509.3s mem=5011MB] | task_loss=0.0298 | val_AP=0.6985 mean_AP=0.6598 delta=+0.0387 | test_AP=0.6868 | cos_sim=0.5000 grad_norm=0.7181 attn_entr=nan | novelty_loss=-0.0571 diversity_loss=0.0250
Epoch  66/1500 [512.0s mem=5015MB] | task_loss=0.0297 | val_AP=0.6997 mean_AP=0.6633 delta=+0.0364 | test_AP=0.6900 | cos_sim=0.4992 grad_norm=0.7212 attn_entr=nan | novelty_loss=-0.0570 diversity_loss=0.0250
  -> New best metrics: gen_loss=0.0297 val_loss=0.2664 val_AP=0.6997
Epoch  67/1500 [511.4s mem=5014MB] | task_loss=0.0294 | val_AP=0.7014 mean_AP=0.6697 delta=+0.0317 | test_AP=0.6875 | cos_sim=0.4973 grad_norm=0.7047 attn_entr=nan | novelty_loss=-0.0569 diversity_loss=0.0249
  -> New best metrics: gen_loss=0.0294 val_loss=0.2664 val_AP=0.7014
Epoch  68/1500 [512.7s mem=5013MB] | task_loss=0.0290 | val_AP=0.6952 mean_AP=0.6576 delta=+0.0376 | test_AP=0.6867 | cos_sim=0.4992 grad_norm=0.7113 attn_entr=nan | novelty_loss=-0.0571 diversity_loss=0.0250
Epoch  69/1500 [507.3s mem=5015MB] | task_loss=0.0289 | val_AP=0.7000 mean_AP=0.6665 delta=+0.0335 | test_AP=0.6868 | cos_sim=0.4995 grad_norm=0.7032 attn_entr=nan | novelty_loss=-0.0571 diversity_loss=0.0250
Epoch  70/1500 [515.0s mem=5014MB] | task_loss=0.0288 | val_AP=0.7009 mean_AP=0.6685 delta=+0.0325 | test_AP=0.6876 | cos_sim=0.5000 grad_norm=0.6988 attn_entr=nan | novelty_loss=-0.0572 diversity_loss=0.0250
Epoch  71/1500 [518.9s mem=5014MB] | task_loss=0.0286 | val_AP=0.7030 mean_AP=0.6684 delta=+0.0347 | test_AP=0.6885 | cos_sim=0.4994 grad_norm=0.7116 attn_entr=nan | novelty_loss=-0.0572 diversity_loss=0.0250
  -> New best metrics: gen_loss=0.0286 val_loss=0.2664 val_AP=0.7030
Epoch  72/1500 [518.3s mem=5013MB] | task_loss=0.0283 | val_AP=0.7004 mean_AP=0.6645 delta=+0.0359 | test_AP=0.6868 | cos_sim=0.4978 grad_norm=0.6960 attn_entr=nan | novelty_loss=-0.0571 diversity_loss=0.0249
Epoch  73/1500 [467.3s mem=5012MB] | task_loss=0.0280 | val_AP=0.7026 mean_AP=0.6682 delta=+0.0345 | test_AP=0.6886 | cos_sim=0.5050 grad_norm=0.6896 attn_entr=nan | novelty_loss=-0.0575 diversity_loss=0.0253
Epoch  74/1500 [500.2s mem=5015MB] | task_loss=0.0278 | val_AP=0.7002 mean_AP=0.6667 delta=+0.0335 | test_AP=0.6881 | cos_sim=0.4974 grad_norm=0.6936 attn_entr=nan | novelty_loss=-0.0572 diversity_loss=0.0249
Epoch  75/1500 [515.9s mem=5014MB] | task_loss=0.0273 | val_AP=0.7022 mean_AP=0.6679 delta=+0.0343 | test_AP=0.6909 | cos_sim=0.5024 grad_norm=0.6986 attn_entr=nan | novelty_loss=-0.0574 diversity_loss=0.0251
Epoch  76/1500 [518.7s mem=5015MB] | task_loss=0.0272 | val_AP=0.7010 mean_AP=0.6651 delta=+0.0359 | test_AP=0.6895 | cos_sim=0.5014 grad_norm=0.7023 attn_entr=nan | novelty_loss=-0.0574 diversity_loss=0.0251
Epoch  77/1500 [515.9s mem=5014MB] | task_loss=0.0269 | val_AP=0.7018 mean_AP=0.6680 delta=+0.0338 | test_AP=0.6921 | cos_sim=0.5024 grad_norm=0.7067 attn_entr=nan | novelty_loss=-0.0575 diversity_loss=0.0251
Epoch  78/1500 [514.7s mem=5012MB] | task_loss=0.0266 | val_AP=0.6969 mean_AP=0.6612 delta=+0.0357 | test_AP=0.6903 | cos_sim=0.5039 grad_norm=0.6991 attn_entr=nan | novelty_loss=-0.0575 diversity_loss=0.0252
Epoch  79/1500 [501.7s mem=5014MB] | task_loss=0.0266 | val_AP=0.6996 mean_AP=0.6736 delta=+0.0260 | test_AP=0.6881 | cos_sim=0.5016 grad_norm=0.7039 attn_entr=nan | novelty_loss=-0.0574 diversity_loss=0.0251
Epoch  80/1500 [514.9s mem=5013MB] | task_loss=0.0261 | val_AP=0.6996 mean_AP=0.6659 delta=+0.0336 | test_AP=0.6908 | cos_sim=0.5059 grad_norm=0.7033 attn_entr=nan | novelty_loss=-0.0577 diversity_loss=0.0253
Epoch  81/1500 [514.4s mem=5014MB] | task_loss=0.0257 | val_AP=0.7029 mean_AP=0.6686 delta=+0.0343 | test_AP=0.6901 | cos_sim=0.5036 grad_norm=0.7046 attn_entr=nan | novelty_loss=-0.0576 diversity_loss=0.0252
Epoch  82/1500 [512.1s mem=5014MB] | task_loss=0.0258 | val_AP=0.6988 mean_AP=0.6602 delta=+0.0386 | test_AP=0.6880 | cos_sim=0.5064 grad_norm=0.7218 attn_entr=nan | novelty_loss=-0.0578 diversity_loss=0.0253
Epoch  83/1500 [519.3s mem=5013MB] | task_loss=0.0251 | val_AP=0.7007 mean_AP=0.6637 delta=+0.0370 | test_AP=0.6866 | cos_sim=0.5023 grad_norm=0.7169 attn_entr=nan | novelty_loss=-0.0575 diversity_loss=0.0251
Epoch  84/1500 [504.7s mem=5014MB] | task_loss=0.0250 | val_AP=0.7002 mean_AP=0.6641 delta=+0.0361 | test_AP=0.6880 | cos_sim=0.5026 grad_norm=0.7204 attn_entr=nan | novelty_loss=-0.0576 diversity_loss=0.0251
Epoch  85/1500 [509.1s mem=5014MB] | task_loss=0.0245 | val_AP=0.7060 mean_AP=0.6713 delta=+0.0347 | test_AP=0.6920 | cos_sim=0.5017 grad_norm=0.7195 attn_entr=nan | novelty_loss=-0.0575 diversity_loss=0.0251
  -> New best metrics: gen_loss=0.0245 val_loss=0.2664 val_AP=0.7060
Epoch  86/1500 [511.3s mem=5013MB] | task_loss=0.0240 | val_AP=0.7029 mean_AP=0.6701 delta=+0.0327 | test_AP=0.6885 | cos_sim=0.5040 grad_norm=0.7242 attn_entr=nan | novelty_loss=-0.0576 diversity_loss=0.0252
Epoch  87/1500 [509.9s mem=5015MB] | task_loss=0.0239 | val_AP=0.6996 mean_AP=0.6685 delta=+0.0312 | test_AP=0.6928 | cos_sim=0.5038 grad_norm=0.7320 attn_entr=nan | novelty_loss=-0.0576 diversity_loss=0.0252
Epoch  88/1500 [495.0s mem=5014MB] | task_loss=0.0235 | val_AP=0.7028 mean_AP=0.6701 delta=+0.0328 | test_AP=0.6911 | cos_sim=0.5051 grad_norm=0.7287 attn_entr=nan | novelty_loss=-0.0577 diversity_loss=0.0253
Epoch  89/1500 [497.6s mem=5014MB] | task_loss=0.0233 | val_AP=0.7026 mean_AP=0.6718 delta=+0.0308 | test_AP=0.6922 | cos_sim=0.5040 grad_norm=0.7602 attn_entr=nan | novelty_loss=-0.0576 diversity_loss=0.0252
Epoch  90/1500 [506.3s mem=5015MB] | task_loss=0.0229 | val_AP=0.7029 mean_AP=0.6683 delta=+0.0346 | test_AP=0.6893 | cos_sim=0.5047 grad_norm=0.7479 attn_entr=nan | novelty_loss=-0.0576 diversity_loss=0.0252
Epoch  91/1500 [508.8s mem=5015MB] | task_loss=0.0225 | val_AP=0.7041 mean_AP=0.6723 delta=+0.0318 | test_AP=0.6892 | cos_sim=0.5095 grad_norm=0.7472 attn_entr=nan | novelty_loss=-0.0579 diversity_loss=0.0255
Epoch  92/1500 [507.5s mem=5015MB] | task_loss=0.0221 | val_AP=0.7064 mean_AP=0.6738 delta=+0.0326 | test_AP=0.6917 | cos_sim=0.5067 grad_norm=0.7564 attn_entr=nan | novelty_loss=-0.0577 diversity_loss=0.0253
  -> New best metrics: gen_loss=0.0221 val_loss=0.2664 val_AP=0.7064
Epoch  93/1500 [508.5s mem=5013MB] | task_loss=0.0218 | val_AP=0.7037 mean_AP=0.6647 delta=+0.0390 | test_AP=0.6925 | cos_sim=0.5124 grad_norm=0.7635 attn_entr=nan | novelty_loss=-0.0580 diversity_loss=0.0256
Epoch  94/1500 [493.2s mem=5013MB] | task_loss=0.0214 | val_AP=0.7063 mean_AP=0.6762 delta=+0.0301 | test_AP=0.6921 | cos_sim=0.5124 grad_norm=0.7749 attn_entr=nan | novelty_loss=-0.0581 diversity_loss=0.0256
Epoch  95/1500 [508.6s mem=5014MB] | task_loss=0.0210 | val_AP=0.7031 mean_AP=0.6684 delta=+0.0347 | test_AP=0.6896 | cos_sim=0.5117 grad_norm=0.7739 attn_entr=nan | novelty_loss=-0.0581 diversity_loss=0.0256
Epoch  96/1500 [505.9s mem=5014MB] | task_loss=0.0207 | val_AP=0.7017 mean_AP=0.6703 delta=+0.0314 | test_AP=0.6902 | cos_sim=0.5087 grad_norm=0.7923 attn_entr=nan | novelty_loss=-0.0578 diversity_loss=0.0254
Epoch  97/1500 [507.7s mem=5014MB] | task_loss=0.0204 | val_AP=0.7028 mean_AP=0.6728 delta=+0.0300 | test_AP=0.6872 | cos_sim=0.5135 grad_norm=0.8195 attn_entr=nan | novelty_loss=-0.0582 diversity_loss=0.0257
Epoch  98/1500 [506.1s mem=5014MB] | task_loss=0.0202 | val_AP=0.6984 mean_AP=0.6659 delta=+0.0326 | test_AP=0.6849 | cos_sim=0.5165 grad_norm=0.8095 attn_entr=nan | novelty_loss=-0.0582 diversity_loss=0.0258
Epoch  99/1500 [502.8s mem=5014MB] | task_loss=0.0198 | val_AP=0.7019 mean_AP=0.6675 delta=+0.0344 | test_AP=0.6914 | cos_sim=0.5129 grad_norm=0.8276 attn_entr=nan | novelty_loss=-0.0581 diversity_loss=0.0256
Epoch 100/1500 [510.2s mem=5015MB] | task_loss=0.0192 | val_AP=0.7066 mean_AP=0.6700 delta=+0.0366 | test_AP=0.6896 | cos_sim=0.5143 grad_norm=0.8239 attn_entr=nan | novelty_loss=-0.0581 diversity_loss=0.0257
  -> New best metrics: gen_loss=0.0192 val_loss=0.2664 val_AP=0.7066
Epoch 101/1500 [510.7s mem=5015MB] | task_loss=0.0190 | val_AP=0.7077 mean_AP=0.6722 delta=+0.0355 | test_AP=0.6905 | cos_sim=0.5162 grad_norm=0.8180 attn_entr=nan | novelty_loss=-0.0582 diversity_loss=0.0258
  -> New best metrics: gen_loss=0.0190 val_loss=0.2664 val_AP=0.7077
Epoch 102/1500 [515.3s mem=5014MB] | task_loss=0.0184 | val_AP=0.7060 mean_AP=0.6700 delta=+0.0360 | test_AP=0.6927 | cos_sim=0.5140 grad_norm=0.8406 attn_entr=nan | novelty_loss=-0.0582 diversity_loss=0.0257
Epoch 103/1500 [262.8s mem=5014MB] | task_loss=0.0179 | val_AP=0.7059 mean_AP=0.6703 delta=+0.0356 | test_AP=0.6906 | cos_sim=0.5169 grad_norm=0.8409 attn_entr=nan | novelty_loss=-0.0582 diversity_loss=0.0258
Epoch 104/1500 [249.6s mem=5013MB] | task_loss=0.0179 | val_AP=0.7075 mean_AP=0.6718 delta=+0.0357 | test_AP=0.6955 | cos_sim=0.5171 grad_norm=0.8531 attn_entr=nan | novelty_loss=-0.0582 diversity_loss=0.0259
Epoch 105/1500 [247.6s mem=5014MB] | task_loss=0.0176 | val_AP=0.7041 mean_AP=0.6676 delta=+0.0365 | test_AP=0.6949 | cos_sim=0.5161 grad_norm=0.8730 attn_entr=nan | novelty_loss=-0.0582 diversity_loss=0.0258
Epoch 106/1500 [254.2s mem=5015MB] | task_loss=0.0167 | val_AP=0.7077 mean_AP=0.6709 delta=+0.0368 | test_AP=0.6913 | cos_sim=0.5194 grad_norm=0.8607 attn_entr=nan | novelty_loss=-0.0583 diversity_loss=0.0260
  -> New best metrics: gen_loss=0.0167 val_loss=0.2664 val_AP=0.7077
Epoch 107/1500 [252.6s mem=5014MB] | task_loss=0.0167 | val_AP=0.6994 mean_AP=0.6660 delta=+0.0335 | test_AP=0.6923 | cos_sim=0.5172 grad_norm=0.8925 attn_entr=nan | novelty_loss=-0.0582 diversity_loss=0.0259
Epoch 108/1500 [254.6s mem=5015MB] | task_loss=0.0162 | val_AP=0.7010 mean_AP=0.6700 delta=+0.0309 | test_AP=0.6915 | cos_sim=0.5174 + python3 main_three_staged.py --backbone hybrid --stage 3 --generator gred_layers --hidden_dim 96 --num_layers 1 --no-use_lap_pe --s1_lr 3e-5 --s1_patience 20 --s1_max_epochs 1000 --s1_grad_clip 2 --num_proxies 64 --s2_lr 3e-5 --s2_max_epochs 1500 --s2_patience 100 --s2_grad_clip 2 --s3_lr_transformer 1e-5 --s3_lr_gen 1e-4 --s3_weight_decay 5e-4 --s3_grad_clip 2 --s3_max_epochs 1000 --s3_patience 100 --novelty_alpha 0.1 --diversity_weight 0.05 --gen_hidden_dim 128 --gen_num_layers 4 --gen_dropout 0.0 --save_dir checkpoints_three_staged_cros_gred_gred_2/ --batch_size 16 --use_cross_attn_routing --num_cross_layers 1 --no-cross_attn_proxy_self_attn
{'config': None, 'stage': '3', 'generator': 'gred_layers', 'backbone': 'hybrid', 'model_path': None, 'generator_path': None, 'hidden_dim': 96, 'num_layers': 1, 'num_heads': 8, 'output_dim': 10, 'dropout': 0.1, 'num_proxies': 64, 'use_lap_pe': False, 'lap_pe_dim': 8, 'state_dim': 88, 'num_gred_layers': 8, 'num_transformer_layers': 2, 'gred_expand': 1, 'r_min': 0.0, 'r_max': 1.0, 'max_phase': 6.28, 'gred_act': 'full-glu', 'max_hops': 40, 'dist_mask_workers': 8, 's1_lr': 3e-05, 's1_weight_decay': 0.0003, 's1_max_epochs': 1000, 's1_patience': 20, 's1_grad_clip': 2.0, 's2_lr': 3e-05, 's2_weight_decay': 0.0003, 's2_max_epochs': 1500, 's2_patience': 100, 's2_eval_every': 1, 's2_grad_clip': 2.0, 's3_phase_a_epochs': 5, 's3_lr_gen': 0.0001, 's3_lr_transformer': 1e-05, 's3_proxy_dropout': 0.1, 's3_max_epochs': 1000, 's3_patience': 100, 's3_grad_clip': 2.0, 's3_weight_decay': 0.0005, 'novelty_alpha': 0.1, 'diversity_weight': 0.05, 'gen_hidden_dim': 128, 'gen_num_layers': 4, 'gen_num_heads': 8, 'gen_dropout': 0.0, 'denoiser_dim': 256, 'denoiser_layers': 4, 'denoiser_heads': 8, 'euler_steps': 1, 'guidance_scale': 3.0, 'flow_uncond_train_prob': 0.1, 'pma_query_mode': 'farthest_point', 'coarsen_gnn_type': 'GIN', 'coarsen_reg_weight': 0.1, 'coarsen_reg_type': 'mincut', 'gnn_layers': 4, 'gnn_type': 'GINE', 'pool_types': ['max'], 'decode_hidden': 128, 'decode_layers': 3, 'idx_emb_dim': 128, 'decode_mode': 'shared', 'use_cross_attn_routing': True, 'num_cross_layers': 1, 'cross_attn_proxy_self_attn': False, 'proxy_insertion_layers': '-1', 'separate_proxy_generators': False, 'separate_proxy_routers': False, 'proxy_aux_loss_decay': 1.0, 'readout_scope': 'all_tokens', 'batch_size': 16, 'num_workers': 4, 'lr_min': 1e-07, 'warmup_ratio': 0.05, 'plateau_patience': 15, 'recurrent_lr_factor': 1.0, 'save_dir': 'checkpoints_three_staged_cros_gred_gred_2/', 'device': 'cuda'}
Saved code snapshot to checkpoints_three_staged_cros_gred_gred_2/code_snapshot.zip

============================================================
STAGE 3: End-to-End Finetune
  Backbone: hybrid
  Phase A: 5 epochs (frozen model, gen_lr=1.00e-04)
  Phase B: unfreeze model at lr=1.00e-05, gen_lr=1.00e-04
  Proxy dropout: 0.1
============================================================
  Loading cached distance masks from ./data/Peptides-func/dist_masks/train.pkl
  Loading cached distance masks from ./data/Peptides-func/dist_masks/val.pkl
  Loading cached distance masks from ./data/Peptides-func/dist_masks/test.pkl
Epoch   1/1000 [A][235.8s mem=5130MB] | train_loss=0.0706 train_AP=0.8343 | val_loss=0.2943 val_AP=0.6993 | test_AP=0.6867 | novelty_loss=-0.0552 diversity_loss=0.0234
  -> New best metrics: gen_loss=0.0706 val_loss=0.2943 val_AP=0.6993 (test=0.6867)
Epoch   2/1000 [A][238.3s mem=5130MB] | train_loss=0.0663 train_AP=0.8397 | val_loss=0.3090 val_AP=0.7009 | test_AP=0.6883 | novelty_loss=-0.0548 diversity_loss=0.0229
  -> New best metrics: gen_loss=0.0663 val_loss=0.2943 val_AP=0.7009 (test=0.6883)
Epoch   3/1000 [A][237.6s mem=5130MB] | train_loss=0.0647 train_AP=0.8428 | val_loss=0.3099 val_AP=0.7016 | test_AP=0.6853 | novelty_loss=-0.0554 diversity_loss=0.0234
  -> New best metrics: gen_loss=0.0647 val_loss=0.2943 val_AP=0.7016 (test=0.6853)
Epoch   4/1000 [A][238.5s mem=5127MB] | train_loss=0.0629 train_AP=0.8496 | val_loss=0.3037 val_AP=0.7032 | test_AP=0.6896 | novelty_loss=-0.0566 diversity_loss=0.0244
  -> New best metrics: gen_loss=0.0629 val_loss=0.2943 val_AP=0.7032 (test=0.6896)
Epoch   5/1000 [A][236.0s mem=5127MB] | train_loss=0.0603 train_AP=0.8534 | val_loss=0.3074 val_AP=0.7017 | test_AP=0.6877 | novelty_loss=-0.0568 diversity_loss=0.0245
  [Epoch 6] Switching to Phase B — model unfrozen.
Epoch   6/1000 [B][436.8s mem=13170MB] | train_loss=0.0644 train_AP=0.8513 | val_loss=0.3129 val_AP=0.7027 | test_AP=0.6886 | novelty_loss=-0.0510 diversity_loss=0.0219
Epoch   7/1000 [B][436.2s mem=13175MB] | train_loss=0.0633 train_AP=0.8559 | val_loss=0.3183 val_AP=0.7019 | test_AP=0.6885 | novelty_loss=-0.0507 diversity_loss=0.0219
Epoch   8/1000 [B][431.4s mem=13177MB] | train_loss=0.0641 train_AP=0.8526 | val_loss=0.3250 val_AP=0.7009 | test_AP=0.6878 | novelty_loss=-0.0512 diversity_loss=0.0220
Epoch   9/1000 [B][438.3s mem=13176MB] | train_loss=0.0617 train_AP=0.8540 | val_loss=0.3295 val_AP=0.7021 | test_AP=0.6890 | novelty_loss=-0.0530 diversity_loss=0.0227
Epoch  10/1000 [B][437.9s mem=13176MB] | train_loss=0.0614 train_AP=0.8551 | val_loss=0.3167 val_AP=0.6982 | test_AP=0.6866 | novelty_loss=-0.0537 diversity_loss=0.0229
Epoch  11/1000 [B][427.2s mem=13177MB] | train_loss=0.0625 train_AP=0.8516 | val_loss=0.3215 val_AP=0.7016 | test_AP=0.6915 | novelty_loss=-0.0514 diversity_loss=0.0216
Epoch  12/1000 [B][440.2s mem=13181MB] | train_loss=0.0608 train_AP=0.8576 | val_loss=0.3298 val_AP=0.6978 | test_AP=0.6874 | novelty_loss=-0.0535 diversity_loss=0.0227
Epoch  13/1000 [B][441.4s mem=13178MB] | train_loss=0.0616 train_AP=0.8564 | val_loss=0.3221 val_AP=0.7016 | test_AP=0.6895 | novelty_loss=-0.0544 diversity_loss=0.0232
Epoch  14/1000 [B][441.9s mem=13177MB] | train_loss=0.0609 train_AP=0.8526 | val_loss=0.3270 val_AP=0.7008 | test_AP=0.6871 | novelty_loss=-0.0549 diversity_loss=0.0231
Epoch  15/1000 [B][441.2s mem=13178MB] | train_loss=0.0594 train_AP=0.8523 | val_loss=0.3204 val_AP=0.7004 | test_AP=0.6897 | novelty_loss=-0.0553 diversity_loss=0.0233
Epoch  16/1000 [B][442.2s mem=13178MB] | train_loss=0.0596 train_AP=0.8539 | val_loss=0.3214 val_AP=0.7027 | test_AP=0.6900 | novelty_loss=-0.0562 diversity_loss=0.0235
Epoch  17/1000 [B][503.8s mem=13179MB] | train_loss=0.0603 train_AP=0.8533 | val_loss=0.3264 val_AP=0.7003 | test_AP=0.6852 | novelty_loss=-0.0558 diversity_loss=0.0234
Epoch  18/1000 [B][517.1s mem=13183MB] | train_loss=0.0603 train_AP=0.8492 | val_loss=0.3296 val_AP=0.7010 | test_AP=0.6916 | novelty_loss=-0.0559 diversity_loss=0.0237
Epoch  19/1000 [B][518.6s mem=13179MB] | train_loss=0.0607 train_AP=0.8532 | val_loss=0.3252 val_AP=0.7040 | test_AP=0.6897 | novelty_loss=-0.0558 diversity_loss=0.0235
  -> New best metrics: gen_loss=0.0607 val_loss=0.2943 val_AP=0.7040 (test=0.6897)
Epoch  20/1000 [B][510.4s mem=12723MB] | train_loss=0.0574 train_AP=0.8538 | val_loss=0.3248 val_AP=0.7021 | test_AP=0.6882 | novelty_loss=-0.0579 diversity_loss=0.0242
Epoch  21/1000 [B][524.9s mem=13177MB] | train_loss=0.0582 train_AP=0.8510 | val_loss=0.3269 val_AP=0.7039 | test_AP=0.6871 | novelty_loss=-0.0584 diversity_loss=0.0242
Epoch  22/1000 [B][525.9s mem=13176MB] | train_loss=0.0579 train_AP=0.8581 | val_loss=0.3387 val_AP=0.7000 | test_AP=0.6851 | novelty_loss=-0.0593 diversity_loss=0.0246
Epoch  23/1000 [B][525.5s mem=13182MB] | train_loss=0.0564 train_AP=0.8522 | val_loss=0.3249 val_AP=0.7014 | test_AP=0.6862 | novelty_loss=-0.0592 diversity_loss=0.0243
Epoch  24/1000 [B][523.0s mem=13183MB] | train_loss=0.0590 train_AP=0.8529 | val_loss=0.3355 val_AP=0.6968 | test_AP=0.6877 | novelty_loss=-0.0594 diversity_loss=0.0246
Epoch  25/1000 [B][524.6s mem=13177MB] | train_loss=0.0578 train_AP=0.8504 | val_loss=0.3372 val_AP=0.7029 | test_AP=0.6863 | novelty_loss=-0.0603 diversity_loss=0.0250
Epoch  26/1000 [B][527.8s mem=13180MB] | train_loss=0.0569 train_AP=0.8540 | val_loss=0.3137 val_AP=0.6951 | test_AP=0.6846 | novelty_loss=-0.0624 diversity_loss=0.0259
Epoch  27/1000 [B][525.1s mem=13176MB] | train_loss=0.0564 train_AP=0.8505 | val_loss=0.3292 val_AP=0.6993 | test_AP=0.6899 | novelty_loss=-0.0621 diversity_loss=0.0254
Epoch  28/1000 [B][528.8s mem=13183MB] | train_loss=0.0562 train_AP=0.8516 | val_loss=0.3365 val_AP=0.6981 | test_AP=0.6868 | novelty_loss=-0.0630 diversity_loss=0.0259
Epoch  29/1000 [B][526.5s mem=13177MB] | train_loss=0.0564 train_AP=0.8494 | val_loss=0.3161 val_AP=0.7040 | test_AP=0.6910 | novelty_loss=-0.0644 diversity_loss=0.0267
  -> New best metrics: gen_loss=0.0564 val_loss=0.2943 val_AP=0.7040 (test=0.6910)
Epoch  30/1000 [B][522.1s mem=13182MB] | train_loss=0.0568 train_AP=0.8480 | val_loss=0.3456 val_AP=0.7041 | test_AP=0.6875 | novelty_loss=-0.0626 diversity_loss=0.0256
  -> New best metrics: gen_loss=0.0564 val_loss=0.2943 val_AP=0.7041 (test=0.6875)
Epoch  31/1000 [B][523.5s mem=13182MB] | train_loss=0.0568 train_AP=0.8533 | val_loss=0.3430 val_AP=0.6961 | test_AP=0.6843 | novelty_loss=-0.0627 diversity_loss=0.0257
Epoch  32/1000 [B][526.6s mem=13176MB] | train_loss=0.0546 train_AP=0.8514 | val_loss=0.3330 val_AP=0.6983 | test_AP=0.6829 | novelty_loss=-0.0645 diversity_loss=0.0265
Epoch  33/1000 [B][526.2s mem=13177MB] | train_loss=0.0522 train_AP=0.8556 | val_loss=0.3304 val_AP=0.6976 | test_AP=0.6851 | novelty_loss=-0.0662 diversity_loss=0.0270
Epoch  34/1000 [B][525.0s mem=13183MB] | train_loss=0.0558 train_AP=0.8480 | val_loss=0.3364 val_AP=0.7027 | test_AP=0.6872 | novelty_loss=-0.0651 diversity_loss=0.0266
Epoch  35/1000 [B][490.6s mem=13182MB] | train_loss=0.0546 train_AP=0.8529 | val_loss=0.3385 val_AP=0.7005 | test_AP=0.6874 | novelty_loss=-0.0656 diversity_loss=0.0269
Epoch  36/1000 [B][520.2s mem=13177MB] | train_loss=0.0553 train_AP=0.8488 | val_loss=0.3180 val_AP=0.6976 | test_AP=0.6829 | novelty_loss=-0.0652 diversity_loss=0.0265
Epoch  37/1000 [B][520.9s mem=13181MB] | train_loss=0.0537 train_AP=0.8493 | val_loss=0.3365 val_AP=0.7015 | test_AP=0.6889 | novelty_loss=-0.0663 diversity_loss=0.0269
Epoch  38/1000 [B][528.9s mem=13181MB] | train_loss=0.0524 train_AP=0.8533 | val_loss=0.3274 val_AP=0.6931 | test_AP=0.6863 | novelty_loss=-0.0671 diversity_loss=0.0269
Epoch  39/1000 [B][528.8s mem=13176MB] | train_loss=0.0525 train_AP=0.8498 | val_loss=0.3290 val_AP=0.6930 | test_AP=0.6812 | novelty_loss=-0.0674 diversity_loss=0.0273
Epoch  40/1000 [B][525.4s mem=13180MB] | train_loss=0.0514 train_AP=0.8567 | val_loss=0.3230 val_AP=0.6911 | test_AP=0.6866 | novelty_loss=-0.0669 diversity_loss=0.0269
Epoch  41/1000 [B][525.4s mem=13176MB] | train_loss=0.0514 train_AP=0.8532 | val_loss=0.3158 val_AP=0.7019 | test_AP=0.6898 | novelty_loss=-0.0701 diversity_loss=0.0283
Epoch  42/1000 [B][525.5s mem=13176MB] | train_loss=0.0512 train_AP=0.8497 | val_loss=0.3035 val_AP=0.6988 | test_AP=0.6919 | novelty_loss=-0.0704 diversity_loss=0.0286
Epoch  43/1000 [B][516.1s mem=13183MB] | train_loss=0.0538 train_AP=0.8525 | val_loss=0.3382 val_AP=0.6991 | test_AP=0.6843 | novelty_loss=-0.0663 diversity_loss=0.0268
Epoch  44/1000 [B][520.9s mem=13179MB] | train_loss=0.0524 train_AP=0.8500 | val_loss=0.3464 val_AP=0.6964 | test_AP=0.6853 | novelty_loss=-0.0694 diversity_loss=0.0279
Epoch  45/1000 [B][516.5s mem=13177MB] | train_loss=0.0508 train_AP=0.8550 | val_loss=0.3432 val_AP=0.6995 | test_AP=0.6890 | novelty_loss=-0.0680 diversity_loss=0.0272
Epoch  46/1000 [B][523.2s mem=13175MB] | train_loss=0.0517 train_AP=0.8495 | val_loss=0.3250 val_AP=0.7003 | test_AP=0.6863 | novelty_loss=-0.0705 diversity_loss=0.0283
Epoch  47/1000 [B][525.2s mem=13176MB] | train_loss=0.0531 train_AP=0.8501 | val_loss=0.3385 val_AP=0.6975 | test_AP=0.6843 | novelty_loss=-0.0702 diversity_loss=0.0282
Epoch  48/1000 [B][525.5s mem=13175MB] | train_loss=0.0497 train_AP=0.8526 | val_loss=0.3256 val_AP=0.6990 | test_AP=0.6911 | novelty_loss=-0.0699 diversity_loss=0.0277
Epoch  49/1000 [B][527.6s mem=13182MB] | train_loss=0.0493 train_AP=0.8515 | val_loss=0.3319 val_AP=0.7003 | test_AP=0.6875 | novelty_loss=-0.0725 diversity_loss=0.0291
Epoch  50/1000 [B][505.1s mem=13177MB] | train_loss=0.0511 train_AP=0.8557 | val_loss=0.3437 val_AP=0.6991 | test_AP=0.6852 | novelty_loss=-0.0702 diversity_loss=0.0282
Epoch  51/1000 [B][523.5s mem=13175MB] | train_loss=0.0486 train_AP=0.8550 | val_loss=0.3517 val_AP=0.6923 | test_AP=0.6876 | novelty_loss=-0.0715 diversity_loss=0.0287
Epoch  52/1000 [B][521.6s mem=13177MB] | train_loss=0.0511 train_AP=0.8499 | val_loss=0.3220 val_AP=0.7014 | test_AP=0.6869 | novelty_loss=-0.0718 diversity_loss=0.0289
Epoch  53/1000 [B][523.7s mem=13181MB] | train_loss=0.0487 train_AP=0.8563 | val_loss=0.3892 val_AP=0.6996 | test_AP=0.6867 | novelty_loss=-0.0724 diversity_loss=0.0289
Epoch  54/1000 [B][522.9s mem=13176MB] | train_loss=0.0488 train_AP=0.8567 | val_loss=0.3279 val_AP=0.7001 | test_AP=0.6901 | novelty_loss=-0.0711 diversity_loss=0.0284
Epoch  55/1000 [B][519.8s mem=13176MB] | train_loss=0.0481 train_AP=0.8535 | val_loss=0.3417 val_AP=0.7028 | test_AP=0.6930 | novelty_loss=-0.0728 diversity_loss=0.0291
Epoch  56/1000 [B][520.3s mem=13180MB] | train_loss=0.0486 train_AP=0.8549 | val_loss=0.3370 val_AP=0.7065 | test_AP=0.6877 | novelty_loss=-0.0713 diversity_loss=0.0284
  -> New best metrics: gen_loss=0.0486 val_loss=0.2943 val_AP=0.7065 (test=0.6877)
Epoch  57/1000 [B][524.0s mem=13176MB] | train_loss=0.0472 train_AP=0.8553 | val_loss=0.3854 val_AP=0.6980 | test_AP=0.6870 | novelty_loss=-0.0733 diversity_loss=0.0292
Epoch  58/1000 [B][514.4s mem=13183MB] | train_loss=0.0494 train_AP=0.8534 | val_loss=0.3541 val_AP=0.6941 | test_AP=0.6898 | novelty_loss=-0.0708 diversity_loss=0.0282
Epoch  59/1000 [B][523.5s mem=13178MB] | train_loss=0.0463 train_AP=0.8578 | val_loss=0.3386 val_AP=0.7056 | test_AP=0.6855 | novelty_loss=-0.0733 diversity_loss=0.0294
Epoch  60/1000 [B][519.6s mem=13177MB] | train_loss=0.0474 train_AP=0.8606 | val_loss=0.3299 val_AP=0.7036 | test_AP=0.6916 | novelty_loss=-0.0724 diversity_loss=0.0287
Epoch  61/1000 [B][521.3s mem=13177MB] | train_loss=0.0457 train_AP=0.8574 | val_loss=0.3713 val_AP=0.7029 | test_AP=0.6969 | novelty_loss=-0.0724 diversity_loss=0.0286
Epoch  62/1000 [B][521.0s mem=13177MB] | train_loss=0.0452 train_AP=0.8568 | val_loss=0.3540 val_AP=0.6955 | test_AP=0.6852 | novelty_loss=-0.0743 diversity_loss=0.0298
Epoch  63/1000 [B][520.2s mem=12846MB] | train_loss=0.0453 train_AP=0.8588 | val_loss=0.3772 val_AP=0.6944 | test_AP=0.6835 | novelty_loss=-0.0726 diversity_loss=0.0290
Epoch  64/1000 [B][519.9s mem=13176MB] | train_loss=0.0457 train_AP=0.8608 | val_loss=0.3478 val_AP=0.7000 | test_AP=0.6914 | novelty_loss=-0.0710 diversity_loss=0.0281
Epoch  65/1000 [B][382.7s mem=13176MB] | train_loss=0.0445 train_AP=0.8627 | val_loss=0.3433 val_AP=0.7014 | test_AP=0.6971 | novelty_loss=-0.0715 diversity_loss=0.0283
Epoch  66/1000 [B][295.7s mem=12724MB] | train_loss=0.0440 train_AP=0.8657 | val_loss=0.3377 val_AP=0.7068 | test_AP=0.6934 | novelty_loss=-0.0743 diversity_loss=0.0297
  -> New best metrics: gen_loss=0.0440 val_loss=0.2943 val_AP=0.7068 (test=0.6934)
Epoch  67/1000 [B][294.4s mem=13176MB] | train_loss=0.0422 train_AP=0.8645 | val_loss=0.3447 val_AP=0.7069 | test_AP=0.6946 | novelty_loss=-0.0747 diversity_loss=0.0295
  -> New best metrics: gen_loss=0.0422 val_loss=0.2943 val_AP=0.7069 (test=0.6946)
Epoch  68/1000 [B][295.9s mem=13178MB] | train_loss=0.0432 train_AP=0.8695 | val_loss=0.3450 val_AP=0.7019 | test_AP=0.6961 | novelty_loss=-0.0736 diversity_loss=0.0292
Epoch  69/1000 [B][294.4s mem=13179MB] | train_loss=0.0439 train_AP=0.8649 | val_loss=0.3577 val_AP=0.7063 | test_AP=0.6890 | novelty_loss=-0.0739 diversity_loss=0.0295
Epoch  70/1000 [B][295.5s mem=13175MB] | train_loss=0.0408 train_AP=0.8682 | val_loss=0.3682 val_AP=0.7002 | test_AP=0.6893 | novelty_loss=-0.0744 diversity_loss=0.0294
Epoch  71/1000 [B][291.8s mem=13182MB] | train_loss=0.0417 train_AP=0.8695 | val_loss=0.3632 val_AP=0.7041 | test_AP=0.6879 | novelty_loss=-0.0728 diversity_loss=0.0290
Epoch  72/1000 [B][294.9s mem=13177MB] | train_loss=0.0414 train_AP=0.8667 | val_loss=0.3564 val_AP=0.7017 | test_AP=0.6898 | novelty_loss=-0.0745 diversity_loss=0.0295
Epoch  73/1000 [B][296.2s mem=12844MB] | train_loss=0.0400 train_AP=0.8735 | val_loss=0.3773 val_AP=0.6988 | test_AP=0.6930 | novelty_loss=-0.0732 diversity_loss=0.0291
Epoch  74/1000 [B]