[Peptides-func] task=multi_label level=graph metric=macro_ap (higher_is_better=True)
  Loading cached distance masks from ./data/Peptides-func/dist_masks/train.pkl
  Loading cached distance masks from ./data/Peptides-func/dist_masks/val.pkl
  Loading cached distance masks from ./data/Peptides-func/dist_masks/test.pkl
trainable params: 0.500M
epoch 000 | 539.6s | train loss 0.4801 AP 0.1702 | val loss 0.3457 AP 0.2666 | test loss 0.3458 AP 0.2614 | best val 0.2666 (epoch 0, test 0.2613618624640276)
epoch 001 | 525.0s | train loss 0.3380 AP 0.2465 | val loss 0.3219 AP 0.3125 | test loss 0.3215 AP 0.3123 | best val 0.3125 (epoch 1, test 0.3123133392868102)
epoch 002 | 522.2s | train loss 0.3195 AP 0.2919 | val loss 0.3021 AP 0.3503 | test loss 0.3005 AP 0.3553 | best val 0.3503 (epoch 2, test 0.3553226953304286)
epoch 003 | 496.7s | train loss 0.3003 AP 0.3416 | val loss 0.2906 AP 0.3931 | test loss 0.2897 AP 0.3942 | best val 0.3931 (epoch 3, test 0.3941939254096322)
epoch 004 | 533.5s | train loss 0.2842 AP 0.3786 | val loss 0.2689 AP 0.4318 | test loss 0.2715 AP 0.4261 | best val 0.4318 (epoch 4, test 0.4261215429775732)
epoch 005 | 519.6s | train loss 0.2754 AP 0.4036 | val loss 0.2651 AP 0.4440 | test loss 0.2688 AP 0.4314 | best val 0.4440 (epoch 5, test 0.4313784600889196)
epoch 006 | 534.5s | train loss 0.2660 AP 0.4282 | val loss 0.2563 AP 0.4659 | test loss 0.2613 AP 0.4450 | best val 0.4659 (epoch 6, test 0.444988883219699)
epoch 007 | 535.7s | train loss 0.2589 AP 0.4425 | val loss 0.2475 AP 0.4915 | test loss 0.2532 AP 0.4616 | best val 0.4915 (epoch 7, test 0.46158891512524686)
epoch 008 | 507.5s | train loss 0.2530 AP 0.4581 | val loss 0.2437 AP 0.5006 | test loss 0.2495 AP 0.4799 | best val 0.5006 (epoch 8, test 0.4798509174336335)
epoch 009 | 528.8s | train loss 0.2491 AP 0.4733 | val loss 0.2442 AP 0.5012 | test loss 0.2503 AP 0.4759 | best val 0.5012 (epoch 9, test 0.475948495795223)
epoch 010 | 542.4s | train loss 0.2457 AP 0.4791 | val loss 0.2363 AP 0.5204 | test loss 0.2452 AP 0.4867 | best val 0.5204 (epoch 10, test 0.4866595969395916)
epoch 011 | 524.7s | train loss 0.2400 AP 0.4943 | val loss 0.2325 AP 0.5317 | test loss 0.2400 AP 0.5112 | best val 0.5317 (epoch 11, test 0.5112098086249348)
epoch 012 | 537.3s | train loss 0.2345 AP 0.5075 | val loss 0.2281 AP 0.5376 | test loss 0.2365 AP 0.5127 | best val 0.5376 (epoch 12, test 0.5126893025440498)
epoch 013 | 521.5s | train loss 0.2307 AP 0.5196 | val loss 0.2276 AP 0.5439 | test loss 0.2377 AP 0.5117 | best val 0.5439 (epoch 13, test 0.5116577434745877)
epoch 014 | 511.4s | train loss 0.2297 AP 0.5177 | val loss 0.2383 AP 0.5361 | test loss 0.2501 AP 0.5077 | best val 0.5439 (epoch 13, test 0.5116577434745877)
epoch 015 | 521.2s | train loss 0.2262 AP 0.5316 | val loss 0.2259 AP 0.5561 | test loss 0.2366 AP 0.5246 | best val 0.5561 (epoch 15, test 0.5246401320251517)
epoch 016 | 519.3s | train loss 0.2205 AP 0.5436 | val loss 0.2189 AP 0.5580 | test loss 0.2286 AP 0.5400 | best val 0.5580 (epoch 16, test 0.539982886686735)
epoch 017 | 531.7s | train loss 0.2182 AP 0.5480 | val loss 0.2136 AP 0.5773 | test loss 0.2240 AP 0.5490 | best val 0.5773 (epoch 17, test 0.5489791601157075)
epoch 018 | 514.9s | train loss 0.2153 AP 0.5576 | val loss 0.2177 AP 0.5716 | test loss 0.2269 AP 0.5560 | best val 0.5773 (epoch 17, test 0.5489791601157075)
epoch 019 | 529.4s | train loss 0.2145 AP 0.5604 | val loss 0.2188 AP 0.5750 | test loss 0.2300 AP 0.5615 | best val 0.5773 (epoch 17, test 0.5489791601157075)
epoch 020 | 529.2s | train loss 0.2101 AP 0.5737 | val loss 0.2120 AP 0.5912 | test loss 0.2223 AP 0.5697 | best val 0.5912 (epoch 20, test 0.5697467323079835)
epoch 021 | 525.0s | train loss 0.2077 AP 0.5799 | val loss 0.2118 AP 0.5863 | test loss 0.2226 AP 0.5623 | best val 0.5912 (epoch 20, test 0.5697467323079835)
epoch 022 | 504.0s | train loss 0.2068 AP 0.5807 | val loss 0.2087 AP 0.5863 | test loss 0.2195 AP 0.5737 | best val 0.5912 (epoch 20, test 0.5697467323079835)
epoch 023 | 511.1s | train loss 0.2047 AP 0.5893 | val loss 0.2081 AP 0.5964 | test loss 0.2185 AP 0.5874 | best val 0.5964 (epoch 23, test 0.5874275414088134)
epoch 024 | 524.3s | train loss 0.2010 AP 0.5970 | val loss 0.2101 AP 0.5977 | test loss 0.2234 AP 0.5849 | best val 0.5977 (epoch 24, test 0.5849427120711679)
epoch 025 | 534.8s | train loss 0.1998 AP 0.6041 | val loss 0.2221 AP 0.5887 | test loss 0.2309 AP 0.5776 | best val 0.5977 (epoch 24, test 0.5849427120711679)
epoch 026 | 533.0s | train loss 0.1983 AP 0.6109 | val loss 0.2200 AP 0.5982 | test loss 0.2385 AP 0.5806 | best val 0.5982 (epoch 26, test 0.5805878749666448)
epoch 027 | 533.2s | train loss 0.1968 AP 0.6135 | val loss 0.2126 AP 0.6050 | test loss 0.2223 AP 0.5957 | best val 0.6050 (epoch 27, test 0.595654593806804)
epoch 028 | 525.6s | train loss 0.1951 AP 0.6129 | val loss 0.2042 AP 0.6179 | test loss 0.2197 AP 0.5889 | best val 0.6179 (epoch 28, test 0.5888735108353705)
epoch 029 | 526.3s | train loss 0.1933 AP 0.6213 | val loss 0.2127 AP 0.6096 | test loss 0.2255 AP 0.5913 | best val 0.6179 (epoch 28, test 0.5888735108353705)
epoch 030 | 527.8s | train loss 0.1930 AP 0.6248 | val loss 0.2060 AP 0.6164 | test loss 0.2178 AP 0.6069 | best val 0.6179 (epoch 28, test 0.5888735108353705)
epoch 031 | 507.7s | train loss 0.1886 AP 0.6354 | val loss 0.2088 AP 0.6148 | test loss 0.2223 AP 0.5968 | best val 0.6179 (epoch 28, test 0.5888735108353705)
epoch 032 | 533.7s | train loss 0.1897 AP 0.6333 | val loss 0.2045 AP 0.6287 | test loss 0.2194 AP 0.6019 | best val 0.6287 (epoch 32, test 0.6019346915556365)
epoch 033 | 530.1s | train loss 0.1865 AP 0.6443 | val loss 0.2126 AP 0.6130 | test loss 0.2266 AP 0.6081 | best val 0.6287 (epoch 32, test 0.6019346915556365)
epoch 034 | 510.6s | train loss 0.1840 AP 0.6502 | val loss 0.2072 AP 0.6136 | test loss 0.2190 AP 0.6040 | best val 0.6287 (epoch 32, test 0.6019346915556365)
epoch 035 | 512.2s | train loss 0.1846 AP 0.6455 | val loss 0.2089 AP 0.6211 | test loss 0.2204 AP 0.6085 | best val 0.6287 (epoch 32, test 0.6019346915556365)
epoch 036 | 525.3s | train loss 0.1816 AP 0.6570 | val loss 0.2074 AP 0.6220 | test loss 0.2202 AP 0.6067 | best val 0.6287 (epoch 32, test 0.6019346915556365)
epoch 037 | 513.4s | train loss 0.1788 AP 0.6598 | val loss 0.2020 AP 0.6344 | test loss 0.2155 AP 0.6120 | best val 0.6344 (epoch 37, test 0.6120120658238026)
epoch 038 | 510.5s | train loss 0.1803 AP 0.6620 | val loss 0.2092 AP 0.6181 | test loss 0.2187 AP 0.6013 | best val 0.6344 (epoch 37, test 0.6120120658238026)
epoch 039 | 529.2s | train loss 0.1791 AP 0.6607 | val loss 0.2111 AP 0.6145 | test loss 0.2220 AP 0.6005 | best val 0.6344 (epoch 37, test 0.6120120658238026)
epoch 040 | 524.8s | train loss 0.1787 AP 0.6627 | val loss 0.2075 AP 0.6295 | test loss 0.2214 AP 0.6070 | best val 0.6344 (epoch 37, test 0.6120120658238026)
epoch 041 | 526.2s | train loss 0.1786 AP 0.6658 | val loss 0.2056 AP 0.6277 | test loss 0.2199 AP 0.6100 | best val 0.6344 (epoch 37, test 0.6120120658238026)
epoch 042 | 525.0s | train loss 0.1763 AP 0.6700 | val loss 0.2063 AP 0.6361 | test loss 0.2227 AP 0.6162 | best val 0.6361 (epoch 42, test 0.6161738971538029)
epoch 043 | 519.4s | train loss 0.1745 AP 0.6774 | val loss 0.2165 AP 0.6151 | test loss 0.2269 AP 0.6143 | best val 0.6361 (epoch 42, test 0.6161738971538029)
epoch 044 | 514.6s | train loss 0.1738 AP 0.6766 | val loss 0.2053 AP 0.6452 | test loss 0.2198 AP 0.6259 | best val 0.6452 (epoch 44, test 0.6258555795474313)
epoch 045 | 533.4s | train loss 0.1723 AP 0.6795 | val loss 0.2046 AP 0.6331 | test loss 0.2184 AP 0.6206 | best val 0.6452 (epoch 44, test 0.6258555795474313)
epoch 046 | 526.6s | train loss 0.1711 AP 0.6837 | val loss 0.2000 AP 0.6477 | test loss 0.2133 AP 0.6306 | best val 0.6477 (epoch 46, test 0.6305692971514458)
epoch 047 | 533.6s | train loss 0.1693 AP 0.6906 | val loss 0.2075 AP 0.6461 | test loss 0.2295 AP 0.6260 | best val 0.6477 (epoch 46, test 0.6305692971514458)
epoch 048 | 526.0s | train loss 0.1698 AP 0.6843 | val loss 0.2071 AP 0.6449 | test loss 0.2240 AP 0.6313 | best val 0.6477 (epoch 46, test 0.6305692971514458)
epoch 049 | 540.8s | train loss 0.1678 AP 0.6937 | val loss 0.2021 AP 0.6453 | test loss 0.2158 AP 0.6295 | best val 0.6477 (epoch 46, test 0.6305692971514458)
epoch 050 | 532.7s | train loss 0.1669 AP 0.6965 | val loss 0.2088 AP 0.6445 | test loss 0.2242 AP 0.6366 | best val 0.6477 (epoch 46, test 0.6305692971514458)
epoch 051 | 518.9s | train loss 0.1672 AP 0.6896 | val loss 0.2065 AP 0.6361 | test loss 0.2167 AP 0.6229 | best val 0.6477 (epoch 46, test 0.6305692971514458)
epoch 052 | 509.4s | train loss 0.1683 AP 0.6862 | val loss 0.2059 AP 0.6427 | test loss 0.2194 AP 0.6292 | best val 0.6477 (epoch 46, test 0.6305692971514458)
epoch 053 | 512.5s | train loss 0.1639 AP 0.6991 | val loss 0.2165 AP 0.6378 | test loss 0.2299 AP 0.6220 | best val 0.6477 (epoch 46, test 0.6305692971514458)
epoch 054 | 517.4s | train loss 0.1636 AP 0.7019 | val loss 0.2086 AP 0.6437 | test loss 0.2195 AP 0.6410 | best val 0.6477 (epoch 46, test 0.6305692971514458)
epoch 055 | 517.8s | train loss 0.1609 AP 0.7075 | val loss 0.2076 AP 0.6501 | test loss 0.2250 AP 0.6324 | best val 0.6501 (epoch 55, test 0.6324236038540575)
epoch 056 | 501.2s | train loss 0.1609 AP 0.7075 | val loss 0.2163 AP 0.6406 | test loss 0.2303 AP 0.6238 | best val 0.6501 (epoch 55, test 0.6324236038540575)
epoch 057 | 503.1s | train loss 0.1612 AP 0.7064 | val loss 0.2103 AP 0.6481 | test loss 0.2228 AP 0.6334 | best val 0.6501 (epoch 55, test 0.6324236038540575)
epoch 058 | 534.8s | train loss 0.1592 AP 0.7165 | val loss 0.2065 AP 0.6590 | test loss 0.2188 AP 0.6399 | best val 0.6590 (epoch 58, test 0.6399122938967533)
epoch 059 | 532.9s | train loss 0.1604 AP 0.7110 | val loss 0.2089 AP 0.6563 | test loss 0.2174 AP 0.6414 | best val 0.6590 (epoch 58, test 0.6399122938967533)
epoch 060 | 530.0s | train loss 0.1573 AP 0.7188 | val loss 0.2016 AP 0.6564 | test loss 0.2105 AP 0.6478 | best val 0.6590 (epoch 58, test 0.6399122938967533)
epoch 061 | 520.8s | train loss 0.1569 AP 0.7182 | val loss 0.2030 AP 0.6631 | test loss 0.2233 AP 0.6394 | best val 0.6631 (epoch 61, test 0.6394095062722877)
epoch 062 | 503.9s | train loss 0.1553 AP 0.7238 | val loss 0.2090 AP 0.6589 | test loss 0.2279 AP 0.6426 | best val 0.6631 (epoch 61, test 0.6394095062722877)
epoch 063 | 502.9s | train loss 0.1539 AP 0.7224 | val loss 0.2113 AP 0.6560 | test loss 0.2228 AP 0.6403 | best val 0.6631 (epoch 61, test 0.6394095062722877)
epoch 064 | 522.7s | train loss 0.1526 AP 0.7320 | val loss 0.2133 AP 0.6617 | test loss 0.2268 AP 0.6467 | best val 0.6631 (epoch 61, test 0.6394095062722877)
epoch 065 | 528.9s | train loss 0.1523 AP 0.7333 | val loss 0.2000 AP 0.6688 | test loss 0.2158 AP 0.6543 | best val 0.6688 (epoch 65, test 0.6542797971017549)
epoch 066 | 521.4s | train loss 0.1514 AP 0.7330 | val loss 0.2122 AP 0.6648 | test loss 0.2267 AP 0.6433 | best val 0.6688 (epoch 65, test 0.6542797971017549)
epoch 067 | 517.9s | train loss 0.1507 AP 0.7344 | val loss 0.2189 AP 0.6484 | test loss 0.2312 AP 0.6323 | best val 0.6688 (epoch 65, test 0.6542797971017549)
epoch 068 | 528.9s | train loss 0.1495 AP 0.7377 | val loss 0.2003 AP 0.6667 | test loss 0.2133 AP 0.6505 | best val 0.6688 (epoch 65, test 0.6542797971017549)
epoch 069 | 513.0s | train loss 0.1490 AP 0.7355 | val loss 0.2110 AP 0.6560 | test loss 0.2218 AP 0.6454 | best val 0.6688 (epoch 65, test 0.6542797971017549)
epoch 070 | 536.0s | train loss 0.1482 AP 0.7399 | val loss 0.2247 AP 0.6592 | test loss 0.2424 AP 0.6395 | best val 0.6688 (epoch 65, test 0.6542797971017549)
epoch 071 | 531.1s | train loss 0.1462 AP 0.7450 | val loss 0.2166 AP 0.6628 | test loss 0.2349 AP 0.6396 | best val 0.6688 (epoch 65, test 0.6542797971017549)
epoch 072 | 510.9s | train loss 0.1478 AP 0.7419 | val loss 0.2068 AP 0.6673 | test loss 0.2272 AP 0.6427 | best val 0.6688 (epoch 65, test 0.6542797971017549)
epoch 073 | 535.0s | train loss 0.1464 AP 0.7432 | val loss 0.2233 AP 0.6594 | test loss 0.2363 AP 0.6356 | best val 0.6688 (epoch 65, test 0.6542797971017549)
epoch 074 | 538.0s | train loss 0.1449 AP 0.7490 | val loss 0.2094 AP 0.6681 | test loss 0.2279 AP 0.6497 | best val 0.6688 (epoch 65, test 0.6542797971017549)
epoch 075 | 530.7s | train loss 0.1452 AP 0.7466 | val loss 0.2062 AP 0.6691 | test loss 0.2224 AP 0.6393 | best val 0.6691 (epoch 75, test 0.6392723304534677)
epoch 076 | 530.4s | train loss 0.1451 AP 0.7487 | val loss 0.2096 AP 0.6680 | test loss 0.2272 AP 0.6482 | best val 0.6691 (epoch 75, test 0.6392723304534677)
epoch 077 | 522.2s | train loss 0.1422 AP 0.7566 | val loss 0.2063 AP 0.6728 | test loss 0.2260 AP 0.6511 | best val 0.6728 (epoch 77, test 0.6510907130927365)
epoch 078 | 527.3s | train loss 0.1417 AP 0.7535 | val loss 0.2222 AP 0.6703 | test loss 0.2370 AP 0.6511 | best val 0.6728 (epoch 77, test 0.6510907130927365)
epoch 079 | 529.8s | train loss 0.1416 AP 0.7540 | val loss 0.2106 AP 0.6750 | test loss 0.2261 AP 0.6478 | best val 0.6750 (epoch 79, test 0.6477725256898886)
epoch 080 | 520.6s | train loss 0.1390 AP 0.7597 | val loss 0.2224 AP 0.6690 | test loss 0.2453 AP 0.6466 | best val 0.6750 (epoch 79, test 0.6477725256898886)
epoch 081 | 517.5s | train loss 0.1392 AP 0.7617 | val loss 0.2112 AP 0.6719 | test loss 0.2274 AP 0.6494 | best val 0.6750 (epoch 79, test 0.6477725256898886)
epoch 082 | 510.5s | train loss 0.1383 AP 0.7671 | val loss 0.2113 AP 0.6705 | test loss 0.2273 AP 0.6439 | best val 0.6750 (epoch 79, test 0.6477725256898886)
epoch 083 | 520.6s | train loss 0.1385 AP 0.7621 | val loss 0.2194 AP 0.6628 | test loss 0.2359 AP 0.6374 | best val 0.6750 (epoch 79, test 0.6477725256898886)
epoch 084 | 526.4s | train loss 0.1364 AP 0.7696 | val loss 0.2181 AP 0.6742 | test loss 0.2366 AP 0.6444 | best val 0.6750 (epoch 79, test 0.6477725256898886)
epoch 085 | 527.8s | train loss 0.1355 AP 0.7703 | val loss 0.2094 AP 0.6708 | test loss 0.2257 AP 0.6499 | best val 0.6750 (epoch 79, test 0.6477725256898886)
epoch 086 | 531.6s | train loss 0.1387 AP 0.7656 | val loss 0.2130 AP 0.6679 | test loss 0.2282 AP 0.6553 | best val 0.6750 (epoch 79, test 0.6477725256898886)
epoch 087 | 527.5s | train loss 0.1344 AP 0.7667 | val loss 0.2219 AP 0.6680 | test loss 0.2389 AP 0.6451 | best val 0.6750 (epoch 79, test 0.6477725256898886)
epoch 088 | 512.1s | train loss 0.1341 AP 0.7692 | val loss 0.2185 AP 0.6662 | test loss 0.2324 AP 0.6506 | best val 0.6750 (epoch 79, test 0.6477725256898886)
epoch 089 | 522.0s | train loss 0.1333 AP 0.7802 | val loss 0.2218 AP 0.6726 | test loss 0.2395 AP 0.6544 | best val 0.6750 (epoch 79, test 0.6477725256898886)
epoch 090 | 527.5s | train loss 0.1343 AP 0.7777 | val loss 0.2199 AP 0.6749 | test loss 0.2338 AP 0.6555 | best val 0.6750 (epoch 79, test 0.6477725256898886)
epoch 091 | 525.6s | train loss 0.1304 AP 0.7817 | val loss 0.2123 AP 0.6867 | test loss 0.2381 AP 0.6560 | best val 0.6867 (epoch 91, test 0.6560470963379357)
epoch 092 | 529.5s | train loss 0.1326 AP 0.7767 | val loss 0.2101 AP 0.6821 | test loss 0.2282 AP 0.6579 | best val 0.6867 (epoch 91, test 0.6560470963379357)
epoch 093 | 519.8s | train loss 0.1279 AP 0.7867 | val loss 0.2144 AP 0.6873 | test loss 0.2333 AP 0.6603 | best val 0.6873 (epoch 93, test 0.6602877515553508)
epoch 094 | 529.1s | train loss 0.1290 AP 0.7838 | val loss 0.2181 AP 0.6784 | test loss 0.2410 AP 0.6466 | best val 0.6873 (epoch 93, test 0.6602877515553508)
epoch 095 | 533.4s | train loss 0.1294 AP 0.7877 | val loss 0.2305 AP 0.6766 | test loss 0.2416 AP 0.6606 | best val 0.6873 (epoch 93, test 0.6602877515553508)
epoch 096 | 509.6s | train loss 0.1279 AP 0.7866 | val loss 0.2131 AP 0.6815 | test loss 0.2313 AP 0.6589 | best val 0.6873 (epoch 93, test 0.6602877515553508)
epoch 097 | 533.4s | train loss 0.1275 AP 0.7849 | val loss 0.2184 AP 0.6697 | test loss 0.2342 AP 0.6514 | best val 0.6873 (epoch 93, test 0.6602877515553508)
epoch 098 | 523.4s | train loss 0.1246 AP 0.7950 | val loss 0.2298 AP 0.6782 | test loss 0.2440 AP 0.6576 | best val 0.6873 (epoch 93, test 0.6602877515553508)
epoch 099 | 532.2s | train loss 0.1248 AP 0.7900 | val loss 0.2204 AP 0.6835 | test loss 0.2385 AP 0.6515 | best val 0.6873 (epoch 93, test 0.6602877515553508)
epoch 100 | 524.0s | train loss 0.1259 AP 0.7926 | val loss 0.2280 AP 0.6800 | test loss 0.2396 AP 0.6539 | best val 0.6873 (epoch 93, test 0.6602877515553508)
epoch 101 | 539.0s | train loss 0.1227 AP 0.7961 | val loss 0.2208 AP 0.6832 | test loss 0.2362 AP 0.6591 | best val 0.6873 (epoch 93, test 0.6602877515553508)
epoch 102 | 538.6s | train loss 0.1219 AP 0.8022 | val loss 0.2200 AP 0.6902 | test loss 0.2446 AP 0.6576 | best val 0.6902 (epoch 102, test 0.657610377543077)
epoch 103 | 539.1s | train loss 0.1225 AP 0.8016 | val loss 0.2275 AP 0.6829 | test loss 0.2572 AP 0.6557 | best val 0.6902 (epoch 102, test 0.657610377543077)
epoch 104 | 521.7s | train loss 0.1217 AP 0.8028 | val loss 0.2303 AP 0.6770 | test loss 0.2486 AP 0.6468 | best val 0.6902 (epoch 102, test 0.657610377543077)
epoch 105 | 536.6s | train loss 0.1215 AP 0.8050 | val loss 0.2139 AP 0.6887 | test loss 0.2387 AP 0.6570 | best val 0.6902 (epoch 102, test 0.657610377543077)
epoch 106 | 525.2s | train loss 0.1190 AP 0.8049 | val loss 0.2246 AP 0.6869 | test loss 0.2497 AP 0.6549 | best val 0.6902 (epoch 102, test 0.657610377543077)
epoch 107 | 539.8s | train loss 0.1195 AP 0.8037 | val loss 0.2419 AP 0.6766 | test loss 0.2586 AP 0.6577 | best val 0.6902 (epoch 102, test 0.657610377543077)
epoch 108 | 531.2s | train loss 0.1188 AP 0.8099 | val loss 0.2238 AP 0.6853 | test loss 0.2470 AP 0.6624 | best val 0.6902 (epoch 102, test 0.657610377543077)
epoch 109 | 540.9s | train loss 0.1178 AP 0.8104 | val loss 0.2287 AP 0.6920 | test loss 0.2496 AP 0.6640 | best val 0.6920 (epoch 109, test 0.6639556274593155)
epoch 110 | 534.8s | train loss 0.1183 AP 0.8099 | val loss 0.2199 AP 0.6938 | test loss 0.2442 AP 0.6680 | best val 0.6938 (epoch 110, test 0.6680355649248214)
epoch 111 | 521.0s | train loss 0.1171 AP 0.8117 | val loss 0.2407 AP 0.6831 | test loss 0.2631 AP 0.6552 | best val 0.6938 (epoch 110, test 0.6680355649248214)
epoch 112 | 535.5s | train loss 0.1151 AP 0.8178 | val loss 0.2279 AP 0.6836 | test loss 0.2480 AP 0.6576 | best val 0.6938 (epoch 110, test 0.6680355649248214)
epoch 113 | 538.5s | train loss 0.1139 AP 0.8161 | val loss 0.2282 AP 0.6888 | test loss 0.2467 AP 0.6633 | best val 0.6938 (epoch 110, test 0.6680355649248214)
epoch 114 | 532.3s | train loss 0.1151 AP 0.8145 | val loss 0.2259 AP 0.6863 | test loss 0.2465 AP 0.6612 | best val 0.6938 (epoch 110, test 0.6680355649248214)
epoch 115 | 521.2s | train loss 0.1153 AP 0.8130 | val loss 0.2309 AP 0.6826 | test loss 0.2579 AP 0.6575 | best val 0.6938 (epoch 110, test 0.6680355649248214)
epoch 116 | 535.4s | train loss 0.1129 AP 0.8198 | val loss 0.2348 AP 0.6932 | test loss 0.2560 AP 0.6689 | best val 0.6938 (epoch 110, test 0.6680355649248214)
epoch 117 | 524.2s | train loss 0.1134 AP 0.8195 | val loss 0.2306 AP 0.6942 | test loss 0.2538 AP 0.6684 | best val 0.6942 (epoch 117, test 0.6684126290906911)
epoch 118 | 541.0s | train loss 0.1118 AP 0.8240 | val loss 0.2391 AP 0.6867 | test loss 0.2620 AP 0.6695 | best val 0.6942 (epoch 117, test 0.6684126290906911)
epoch 119 | 531.6s | train loss 0.1101 AP 0.8243 | val loss 0.2243 AP 0.6902 | test loss 0.2426 AP 0.6645 | best val 0.6942 (epoch 117, test 0.6684126290906911)
epoch 120 | 525.7s | train loss 0.1118 AP 0.8219 | val loss 0.2498 AP 0.6858 | test loss 0.2698 AP 0.6617 | best val 0.6942 (epoch 117, test 0.6684126290906911)
epoch 121 | 538.7s | train loss 0.1099 AP 0.8264 | val loss 0.2433 AP 0.6872 | test loss 0.2625 AP 0.6638 | best val 0.6942 (epoch 117, test 0.6684126290906911)
epoch 122 | 528.8s | train loss 0.1089 AP 0.8282 | val loss 0.2450 AP 0.6913 | test loss 0.2685 AP 0.6651 | best val 0.6942 (epoch 117, test 0.6684126290906911)
epoch 123 | 528.4s | train loss 0.1093 AP 0.8268 | val loss 0.2304 AP 0.6940 | test loss 0.2504 AP 0.6735 | best val 0.6942 (epoch 117, test 0.6684126290906911)
epoch 124 | 521.3s | train loss 0.1083 AP 0.8305 | val loss 0.2337 AP 0.6906 | test loss 0.2542 AP 0.6673 | best val 0.6942 (epoch 117, test 0.6684126290906911)
epoch 125 | 528.6s | train loss 0.1070 AP 0.8321 | val loss 0.2497 AP 0.6885 | test loss 0.2762 AP 0.6646 | best val 0.6942 (epoch 117, test 0.6684126290906911)
epoch 126 | 528.8s | train loss 0.1067 AP 0.8315 | val loss 0.2339 AP 0.6922 | test loss 0.2568 AP 0.6683 | best val 0.6942 (epoch 117, test 0.6684126290906911)
epoch 127 | 525.0s | train loss 0.1061 AP 0.8358 | val loss 0.2438 AP 0.6955 | test loss 0.2739 AP 0.6657 | best val 0.6955 (epoch 127, test 0.6656763080117429)
epoch 128 | 525.7s | train loss 0.1057 AP 0.8331 | val loss 0.2409 AP 0.6862 | test loss 0.2611 AP 0.6707 | best val 0.6955 (epoch 127, test 0.6656763080117429)
epoch 129 | 525.1s | train loss 0.1049 AP 0.8358 | val loss 0.2396 AP 0.6878 | test loss 0.2590 AP 0.6614 | best val 0.6955 (epoch 127, test 0.6656763080117429)
epoch 130 | 525.2s | train loss 0.1044 AP 0.8375 | val loss 0.2445 AP 0.6866 | test loss 0.2667 AP 0.6643 | best val 0.6955 (epoch 127, test 0.6656763080117429)
epoch 131 | 512.4s | train loss 0.1044 AP 0.8344 | val loss 0.2390 AP 0.6894 | test loss 0.2625 AP 0.6644 | best val 0.6955 (epoch 127, test 0.6656763080117429)
epoch 132 | 527.4s | train loss 0.1032 AP 0.8415 | val loss 0.2523 AP 0.6909 | test loss 0.2727 AP 0.6690 | best val 0.6955 (epoch 127, test 0.6656763080117429)
epoch 133 | 519.5s | train loss 0.1026 AP 0.8418 | val loss 0.2453 AP 0.6871 | test loss 0.2712 AP 0.6640 | best val 0.6955 (epoch 127, test 0.6656763080117429)
epoch 134 | 514.9s | train loss 0.1010 AP 0.8432 | val loss 0.2430 AP 0.6860 | test loss 0.2656 AP 0.6648 | best val 0.6955 (epoch 127, test 0.6656763080117429)
epoch 135 | 507.1s | train loss 0.1025 AP 0.8406 | val loss 0.2532 AP 0.6858 | test loss 0.2730 AP 0.6671 | best val 0.6955 (epoch 127, test 0.6656763080117429)
epoch 136 | 536.2s | train loss 0.1019 AP 0.8448 | val loss 0.2413 AP 0.6848 | test loss 0.2623 AP 0.6700 | best val 0.6955 (epoch 127, test 0.6656763080117429)
epoch 137 | 524.0s | train loss 0.1016 AP 0.8446 | val loss 0.2521 AP 0.6913 | test loss 0.2761 AP 0.6693 | best val 0.6955 (epoch 127, test 0.6656763080117429)
epoch 138 | 525.2s | train loss 0.0997 AP 0.8509 | val loss 0.2499 AP 0.6920 | test loss 0.2712 AP 0.6719 | best val 0.6955 (epoch 127, test 0.6656763080117429)
epoch 139 | 516.9s | train loss 0.0995 AP 0.8470 | val loss 0.2565 AP 0.6911 | test loss 0.2802 AP 0.6669 | best val 0.6955 (epoch 127, test 0.6656763080117429)
epoch 140 | 531.5s | train loss 0.0977 AP 0.8498 | val loss 0.2482 AP 0.6937 | test loss 0.2766 AP 0.6678 | best val 0.6955 (epoch 127, test 0.6656763080117429)
epoch 141 | 519.9s | train loss 0.0971 AP 0.8532 | val loss 0.2535 AP 0.6900 | test loss 0.2711 AP 0.6720 | best val 0.6955 (epoch 127, test 0.6656763080117429)
epoch 142 | 508.1s | train loss 0.0983 AP 0.8464 | val loss 0.2491 AP 0.6976 | test loss 0.2728 AP 0.6741 | best val 0.6976 (epoch 142, test 0.6741410978254538)
epoch 143 | 507.4s | train loss 0.0983 AP 0.8520 | val loss 0.2464 AP 0.6940 | test loss 0.2695 AP 0.6714 | best val 0.6976 (epoch 142, test 0.6741410978254538)
epoch 144 | 525.7s | train loss 0.0967 AP 0.8525 | val loss 0.2544 AP 0.6971 | test loss 0.2796 AP 0.6693 | best val 0.6976 (epoch 142, test 0.6741410978254538)
epoch 145 | 510.6s | train loss 0.0974 AP 0.8525 | val loss 0.2494 AP 0.6944 | test loss 0.2754 AP 0.6698 | best val 0.6976 (epoch 142, test 0.6741410978254538)
epoch 146 | 527.6s | train loss 0.0957 AP 0.8516 | val loss 0.2522 AP 0.6961 | test loss 0.2786 AP 0.6680 | best val 0.6976 (epoch 142, test 0.6741410978254538)
epoch 147 | 530.5s | train loss 0.0964 AP 0.8512 | val loss 0.2494 AP 0.6948 | test loss 0.2752 AP 0.6723 | best val 0.6976 (epoch 142, test 0.6741410978254538)
epoch 148 | 525.5s | train loss 0.0947 AP 0.8580 | val loss 0.2598 AP 0.6906 | test loss 0.2865 AP 0.6684 | best val 0.6976 (epoch 142, test 0.6741410978254538)
epoch 149 | 514.0s | train loss 0.0950 AP 0.8538 | val loss 0.2543 AP 0.6939 | test loss 0.2793 AP 0.6707 | best val 0.6976 (epoch 142, test 0.6741410978254538)
epoch 150 | 524.8s | train loss 0.0944 AP 0.8567 | val loss 0.2528 AP 0.6923 | test loss 0.2775 AP 0.6721 | best val 0.6976 (epoch 142, test 0.6741410978254538)
epoch 151 | 513.1s | train loss 0.0942 AP 0.8557 | val loss 0.2607 AP 0.6941 | test loss 0.2780 AP 0.6713 | best val 0.6976 (epoch 142, test 0.6741410978254538)
epoch 152 | 532.5s | train loss 0.0941 AP 0.8609 | val loss 0.2605 AP 0.6900 | test loss 0.2792 AP 0.6727 | best val 0.6976 (epoch 142, test 0.6741410978254538)
epoch 153 | 514.0s | train loss 0.0933 AP 0.8579 | val loss 0.2586 AP 0.6940 | test loss 0.2821 AP 0.6705 | best val 0.6976 (epoch 142, test 0.6741410978254538)
epoch 154 | 532.9s | train loss 0.0922 AP 0.8573 | val loss 0.2600 AP 0.6972 | test loss 0.2870 AP 0.6717 | best val 0.6976 (epoch 142, test 0.6741410978254538)
epoch 155 | 542.7s | train loss 0.0930 AP 0.8637 | val loss 0.2608 AP 0.6956 | test loss 0.2831 AP 0.6711 | best val 0.6976 (epoch 142, test 0.6741410978254538)
epoch 156 | 517.2s | train loss 0.0918 AP 0.8581 | val loss 0.2639 AP 0.6961 | test loss 0.2914 AP 0.6737 | best val 0.6976 (epoch 142, test 0.6741410978254538)
epoch 157 | 524.6s | train loss 0.0909 AP 0.8661 | val loss 0.2744 AP 0.6923 | test loss 0.2956 AP 0.6742 | best val 0.6976 (epoch 142, test 0.6741410978254538)
epoch 158 | 526.1s | train loss 0.0912 AP 0.8665 | val loss 0.2664 AP 0.6941 | test loss 0.2898 AP 0.6731 | best val 0.6976 (epoch 142, test 0.6741410978254538)
epoch 159 | 537.9s | train loss 0.0914 AP 0.8649 | val loss 0.2621 AP 0.6978 | test loss 0.2852 AP 0.6742 | best val 0.6978 (epoch 159, test 0.6742062728828702)
epoch 160 | 541.2s | train loss 0.0910 AP 0.8613 | val loss 0.2641 AP 0.7001 | test loss 0.2859 AP 0.6750 | best val 0.7001 (epoch 160, test 0.6749778366827466)
epoch 161 | 528.0s | train loss 0.0889 AP 0.8709 | val loss 0.2626 AP 0.7008 | test loss 0.2887 AP 0.6748 | best val 0.7008 (epoch 161, test 0.6748332503393061)
epoch 162 | 520.0s | train loss 0.0896 AP 0.8683 | val loss 0.2655 AP 0.6955 | test loss 0.2901 AP 0.6738 | best val 0.7008 (epoch 161, test 0.6748332503393061)
epoch 163 | 519.8s | train loss 0.0897 AP 0.8629 | val loss 0.2686 AP 0.6958 | test loss 0.2920 AP 0.6713 | best val 0.7008 (epoch 161, test 0.6748332503393061)
epoch 164 | 520.8s | train loss 0.0889 AP 0.8694 | val loss 0.2704 AP 0.6944 | test loss 0.2995 AP 0.6702 | best val 0.7008 (epoch 161, test 0.6748332503393061)
epoch 165 | 522.8s | train loss 0.0880 AP 0.8719 | val loss 0.2624 AP 0.6966 | test loss 0.2855 AP 0.6719 | best val 0.7008 (epoch 161, test 0.6748332503393061)
epoch 166 | 530.8s | train loss 0.0886 AP 0.8709 | val loss 0.2672 AP 0.6972 | test loss 0.2907 AP 0.6727 | best val 0.7008 (epoch 161, test 0.6748332503393061)
epoch 167 | 535.0s | train loss 0.0876 AP 0.8683 | val loss 0.2625 AP 0.6977 | test loss 0.2851 AP 0.6744 | best val 0.7008 (epoch 161, test 0.6748332503393061)
epoch 168 | 518.2s | train loss 0.0891 AP 0.8706 | val loss 0.2734 AP 0.6958 | test loss 0.2956 AP 0.6743 | best val 0.7008 (epoch 161, test 0.6748332503393061)
epoch 169 | 534.8s | train loss 0.0889 AP 0.8674 | val loss 0.2698 AP 0.6969 | test loss 0.2943 AP 0.6732 | best val 0.7008 (epoch 161, test 0.6748332503393061)
epoch 170 | 528.9s | train loss 0.0872 AP 0.8723 | val loss 0.2686 AP 0.6963 | test loss 0.2925 AP 0.6756 | best val 0.7008 (epoch 161, test 0.6748332503393061)
epoch 171 | 534.6s | train loss 0.0881 AP 0.8727 | val loss 0.2701 AP 0.6940 | test loss 0.2926 AP 0.6741 | best val 0.7008 (epoch 161, test 0.6748332503393061)
epoch 172 | 529.6s | train loss 0.0878 AP 0.8706 | val loss 0.2692 AP 0.6958 | test loss 0.2904 AP 0.6742 | best val 0.7008 (epoch 161, test 0.6748332503393061)
epoch 173 | 537.6s | train loss 0.0866 AP 0.8718 | val loss 0.2669 AP 0.6987 | test loss 0.2908 AP 0.6749 | best val 0.7008 (epoch 161, test 0.6748332503393061)
epoch 174 | 531.5s | train loss 0.0870 AP 0.8752 | val loss 0.2690 AP 0.6963 | test loss 0.2918 AP 0.6738 | best val 0.7008 (epoch 161, test 0.6748332503393061)
epoch 175 | 526.8s | train loss 0.0864 AP 0.8718 | val loss 0.2697 AP 0.6976 | test loss 0.2942 AP 0.6741 | best val 0.7008 (epoch 161, test 0.6748332503393061)
epoch 176 | 518.9s | train loss 0.0861 AP 0.8739 | val loss 0.2694 AP 0.6971 | test loss 0.2932 AP 0.6737 | best val 0.7008 (epoch 161, test 0.6748332503393061)
epoch 177 | 520.0s | train loss 0.0868 AP 0.8754 | val loss 0.2700 AP 0.6963 | test loss 0.2950 AP 0.6740 | best val 0.7008 (epoch 161, test 0.6748332503393061)
epoch 178 | 525.0s | train loss 0.0873 AP 0.8756 | val loss 0.2660 AP 0.6965 | test loss 0.2889 AP 0.6761 | best val 0.7008 (epoch 161, test 0.6748332503393061)
epoch 179 | 514.8s | train loss 0.0873 AP 0.8715 | val loss 0.2700 AP 0.6968 | test loss 0.2924 AP 0.6753 | best val 0.7008 (epoch 161, test 0.6748332503393061)
epoch 180 | 524.5s | train loss 0.0866 AP 0.8768 | val loss 0.2666 AP 0.6960 | test loss 0.2900 AP 0.6762 | best val 0.7008 (epoch 161, test 0.6748332503393061)
epoch 181 | 511.7s | train loss 0.0855 AP 0.8805 | val loss 0.2707 AP 0.6962 | test loss 0.2952 AP 0.6763 | best val 0.7008 (epoch 161, test 0.6748332503393061)
epoch 182 | 513.9s | train loss 0.0865 AP 0.8746 | val loss 0.2664 AP 0.6973 | test loss 0.2908 AP 0.6765 | best val 0.7008 (epoch 161, test 0.6748332503393061)
epoch 183 | 524.6s | train loss 0.0849 AP 0.8751 | val loss 0.2702 AP 0.6959 | test loss 0.2933 AP 0.6748 | best val 0.7008 (epoch 161, test 0.6748332503393061)
epoch 184 | 519.6s | train loss 0.0856 AP 0.8768 | val loss 0.2690 AP 0.6963 | test loss 0.2924 AP 0.6747 | best val 0.7008 (epoch 161, test 0.6748332503393061)
epoch 185 | 512.6s | train loss 0.0866 AP 0.8741 | val loss 0.2698 AP 0.6975 | test loss 0.2931 AP 0.6750 | best val 0.7008 (epoch 161, test 0.6748332503393061)
epoch 186 | 511.2s | train loss 0.0852 AP 0.8755 | val loss 0.2695 AP 0.6974 | test loss 0.2924 AP 0.6755 | best val 0.7008 (epoch 161, test 0.6748332503393061)
